11-29 22:39:23.091 10458 10704 W ConnectivityManager.CallbackHandler: callback not found for CALLBACK_CAP_CHANGED message
11-29 22:39:23.092 10458 10458 D WM-SystemJobService: onStartJob for WorkGenerationalId(workSpecId=c25acda1-d468-4763-b4f7-685d608b273b, generation=0)
11-29 22:39:23.092  1407  1625 I NearbyMediums: [WifiNetworkV2] defaultNetworkCallback onCapabilitiesChanged network:448 [ CELLULAR VPN ] isNonBypassable:true
11-29 22:39:23.092 10846 11032 D WM-Processor: Work WorkGenerationalId(workSpecId=a1c7a01b-744e-478e-8b58-d33a35461b30, generation=0) is already enqueued for processing
11-29 22:39:23.093 10458 10808 D WM-Processor: Work WorkGenerationalId(workSpecId=c25acda1-d468-4763-b4f7-685d608b273b, generation=0) is already enqueued for processing
11-29 22:39:23.093 16014 16092 I BugleRcsEngine: Rcs is enabled from user settings: true [CONTEXT log_prefix="ProvisioningEngineDataRetriever" thread_id=24164 ]
11-29 22:39:23.093 10846 11481 W ConnectivityManager.CallbackHandler: callback not found for CALLBACK_CAP_CHANGED message
11-29 22:39:23.094  7573  8976 D EasyTetherCoreManager: Default network is available
11-29 22:39:23.095 13209  7191 I akzq    : #onAvailable()
11-29 22:39:23.096 10458 10704 D WM-NetworkStateTracker: Network capabilities changed: [ Transports: CELLULAR|VPN Capabilities: INTERNET&NOT_RESTRICTED&TRUSTED&VALIDATED&NOT_ROAMING&FOREGROUND&NOT_CONGESTED&NOT_SUSPENDED&NOT_VCN_MANAGED&NOT_BANDWIDTH_CONSTRAINED LinkUpBandwidth>=10227Kbps LinkDnBandwidth>=39833Kbps TransportInfo: <VpnTransportInfo{type=1, sessionId=null, bypassable=false longLivedTcpConnectionsExpensive=false}> UnderlyingNetworks: Null]
11-29 22:39:23.096  3688  4902 D UntrustedWifiNetworkFactory: got request NetworkRequest [ REQUEST id=19936, [ Capabilities: INTERNET&NOT_RESTRICTED&TRUSTED&NOT_VCN_MANAGED&NOT_BANDWIDTH_CONSTRAINED Uid: 10492 RequestorUid: 10492 RequestorPkg: com.Slack UnderlyingNetworks: Null] ]
11-29 22:39:23.096  3688  4902 D OemPaidWifiNetworkFactory: got request NetworkRequest [ REQUEST id=19936, [ Capabilities: INTERNET&NOT_RESTRICTED&TRUSTED&NOT_VCN_MANAGED&NOT_BANDWIDTH_CONSTRAINED Uid: 10492 RequestorUid: 10492 RequestorPkg: com.Slack UnderlyingNetworks: Null] ]
11-29 22:39:23.096  3688  4902 D MultiInternetWifiNetworkFactory: got request NetworkRequest [ REQUEST id=19936, [ Capabilities: INTERNET&NOT_RESTRICTED&TRUSTED&NOT_VCN_MANAGED&NOT_BANDWIDTH_CONSTRAINED Uid: 10492 RequestorUid: 10492 RequestorPkg: com.Slack UnderlyingNetworks: Null] ]
11-29 22:39:23.096  3688  4952 D ConnectivityService: NetReassign [19936 : null â†’ 448] [c 1] [a 0] [i 0]
11-29 22:39:23.096 10846 11481 D WM-NetworkStateTracker: Network capabilities changed: [ Transports: CELLULAR|VPN Capabilities: INTERNET&NOT_RESTRICTED&TRUSTED&VALIDATED&NOT_ROAMING&FOREGROUND&NOT_CONGESTED&NOT_SUSPENDED&NOT_VCN_MANAGED&NOT_BANDWIDTH_CONSTRAINED LinkUpBandwidth>=10227Kbps LinkDnBandwidth>=39833Kbps TransportInfo: <VpnTransportInfo{type=1, sessionId=null, bypassable=false longLivedTcpConnectionsExpensive=false}> UnderlyingNetworks: Null]
11-29 22:39:23.096  3688  4952 D ConnectivityService: NetReassign [19938 : null â†’ 448] [c 0] [a 0] [i 1]
11-29 22:39:23.097  1811  5030 I SDM     : NotifyCWBStatus: Notify the client about buffer (0x7b66b000) status 0 for display-0.
11-29 22:39:23.097  1811  5030 I SDM     : SDMConcurrentWriteBack::ProcessCWBStatus: CWB queue is empty. Display: 0
11-29 22:39:23.097 11554 11653 W chromium: [1129/223923.097611:WARNING:net/dns/dns_config_service_android.cc:69] Failed to read DnsConfig.
11-29 22:39:23.098 21103 21139 W chromium: [1129/223923.098067:WARNING:net/dns/dns_config_service_android.cc:69] Failed to read DnsConfig.
11-29 22:39:23.099  8334 27491 W chromium: [1129/223923.099407:WARNING:net/dns/dns_config_service_android.cc:69] Failed to read DnsConfig.
11-29 22:39:23.099 19572  7669 W chromium: [1129/223923.099806:WARNING:net/dns/dns_config_service_android.cc:69] Failed to read DnsConfig.
11-29 22:39:23.100 19037 29171 W chromium: [1129/223923.100704:WARNING:net/dns/dns_config_service_android.cc:69] Failed to read DnsConfig.
11-29 22:39:23.102  8334   652 W chromium: [1129/223923.102184:WARNING:external/cronet/stable/net/dns/dns_config_service_android.cc:69] Failed to read DnsConfig.
11-29 22:39:23.102 30552 17753 W chromium: [1129/223923.102269:WARNING:dns_config_service_android.cc(81)] Failed to read DnsConfig.
11-29 22:39:23.102  1407  7982 W chromium: [1129/223923.102266:WARNING:net/dns/dns_config_service_android.cc:69] Failed to read DnsConfig.
11-29 22:39:23.102 17848 17889 W chromium: [1129/223923.102801:WARNING:dns_config_service_android.cc(81)] Failed to read DnsConfig.
11-29 22:39:23.103 27327 29455 W chromium: [1129/223923.103404:WARNING:net/dns/dns_config_service_android.cc:69] Failed to read DnsConfig.
11-29 22:39:23.104 30552 30552 D MainViewModel: Service event received: LogUpdate(logData=[2025/11/29 22:39:22 [HyperVpnService] Telegram notification manager initialized, 2025/11/29 22:39:22 [HyperVpnService] AI optimizer initialized, 2025/11/29 22:39:22 [HyperVpnService] TLS SNI optimizer model loaded successfully, 2025/11/29 22:39:22 [HyperVpnService] WakeLock acquired to prevent system kill, 2025/11/29 22:39:22 [HyperVpnService] âœ… Both JNI wrapper and Go library loaded successfully, 2025/11/29 22:39:22 [HyperVpnService] Socket protector initialized successfully, 2025/11/29 22:39:22 [HyperVpnService] AiLogHelper callback set for native code, 2025/11/29 22:39:22 [HyperVpnService] HyperVpnService created, 2025/11/29 22:39:22 [HyperVpnService] onStartCommand: action=com.hyperxray.an.HYPER_VPN_START, 2025/11/29 22:39:22 [HyperVpnService] Foreground service started with placeholder notification])
11-29 22:39:23.104 30552 30552 D MainViewModel: Service event received: LogUpdate(logData=[2025/11/29 22:39:22 [HyperVpnService] ðŸ”§ VPN START: Initializing ConfigRepository...])
11-29 22:39:23.104 30552 30552 D MainViewModel: Service event received: LogUpdate(logData=[2025/11/29 22:39:22 [ConfigRepository] ðŸ”„ LOAD CONFIGS: Starting config files loading])
11-29 22:39:23.104 30552 30552 D ServiceEventObserver: Log update event received
11-29 22:39:23.105  1358  7822 W chromium: [1129/223923.105057:WARNING:net/dns/dns_config_service_android.cc:69] Failed to read DnsConfig.
11-29 22:39:23.106 27872  7229 W chromium: [1129/223923.106052:WARNING:net/dns/dns_config_service_android.cc:69] Failed to read DnsConfig.
11-29 22:39:23.106 30552 30552 D DnsCacheManager: DnsCacheManager already initialized, ensuring metrics job is running...
11-29 22:39:23.106 30552 30552 D DnsCacheManager: âœ… Metrics job is already running (isActive=true)
11-29 22:39:23.106 30552 30552 I MainViewModelDashboardAdapter: âœ… DNS cache stats StateFlow connected: entries=1, hits=0, misses=1, hitRate=0%
11-29 22:39:23.106 30552 30552 D ServiceEventObserver: Log update event received
11-29 22:39:23.106 30552 30552 D ServiceEventObserver: Log update event received
11-29 22:39:23.106 30552 30552 D ServiceEventObserver: Log update event received
11-29 22:39:23.106 30552 30552 D ServiceEventObserver: Log update event received
11-29 22:39:23.106 30552 30552 D ServiceEventObserver: Log update event received
11-29 22:39:23.106 30552 30552 D ServiceEventObserver: Log update event received
11-29 22:39:23.106 16802 16873 W chromium: [1129/223923.106469:WARNING:net/dns/dns_config_service_android.cc:69] Failed to read DnsConfig.
11-29 22:39:23.106 31707 14865 W chromium: [1129/223923.106469:WARNING:net/dns/dns_config_service_android.cc:69] Failed to read DnsConfig.
11-29 22:39:23.106 30552 30552 D ServiceEventObserver: Log update event received
11-29 22:39:23.106 30552 30552 D ServiceEventObserver: Log update event received
11-29 22:39:23.106 30552 30552 D ServiceEventObserver: Log update event received
11-29 22:39:23.106 30552 30552 D HyperVpnStateManager: State changed: Connecting(progress=0.3, statusMessage=Loading configurations...)
11-29 22:39:23.106 30552 17742 D DnsCacheManager: âœ… Metrics job is already running (isActive=true)
11-29 22:39:23.106  9741 31943 W chromium: [1129/223923.106663:WARNING:net/dns/dns_config_service_android.cc:69] Failed to read DnsConfig.
11-29 22:39:23.106 30552 30552 D ServiceEventObserver: Log update event received
11-29 22:39:23.106 21771 21856 W chromium: [1129/223923.106787:WARNING:net/dns/dns_config_service_android.cc:69] Failed to read DnsConfig.
11-29 22:39:23.108 30552 30552 D DnsCacheCard: âš ï¸ avgHitLatencyMs is invalid: 0.0
11-29 22:39:23.108 30552 30552 D DnsCacheCard: ðŸ“Š avgMissLatencyMs=0.062344, formatted=0,062 ms
11-29 22:39:23.115 30552 30552 D ServiceEventObserver: Log update event received
11-29 22:39:23.115 30552 30552 D ServiceEventObserver: Log update event received
11-29 22:39:23.115 30552 30552 D HyperVpnStateManager: State changed: Connecting(progress=0.35, statusMessage=Using saved WARP account...)
11-29 22:39:23.115 30552 30552 D ServiceEventObserver: Log update event received
11-29 22:39:23.115 30552 30552 D ServiceEventObserver: Log update event received
11-29 22:39:23.115 30552 30552 D ServiceEventObserver: Log update event received
11-29 22:39:23.115 30552 30552 D ServiceEventObserver: Log update event received
11-29 22:39:23.115 30552 30552 D ServiceEventObserver: Log update event received
11-29 22:39:23.115 30552 30552 D ServiceEventObserver: Log update event received
11-29 22:39:23.115 30552 30552 D HyperVpnStateManager: State changed: Connecting(progress=0.4, statusMessage=Loading Xray configuration from profile...)
11-29 22:39:23.115 30552 30552 D ServiceEventObserver: Log update event received
11-29 22:39:23.115 30552 30552 D ServiceEventObserver: Log update event received
11-29 22:39:23.115 30552 30552 D ServiceEventObserver: Log update event received
11-29 22:39:23.115 30552 30552 D ServiceEventObserver: Log update event received
11-29 22:39:23.115 30552 30552 D ServiceEventObserver: Log update event received
11-29 22:39:23.115 30552 30552 D ServiceEventObserver: Log update event received
11-29 22:39:23.115 30552 30552 D ServiceEventObserver: Log update event received
11-29 22:39:23.115 30552 30552 D ServiceEventObserver: Log update event received
11-29 22:39:23.115 30552 30552 D ServiceEventObserver: Log update event received
11-29 22:39:23.115 30552 30552 D ServiceEventObserver: Log update event received
11-29 22:39:23.115 30552 30552 D ServiceEventObserver: Log update event received
11-29 22:39:23.115 30552 30552 D ServiceEventObserver: Log update event received
11-29 22:39:23.116 30552 30552 D ServiceEventObserver: Log update event received
11-29 22:39:23.116 30552 30552 D ServiceEventObserver: Log update event received
11-29 22:39:23.116 30552 30552 D ServiceEventObserver: Log update event received
11-29 22:39:23.116 30552 30552 D ServiceEventObserver: Log update event received
11-29 22:39:23.116 30552 30552 D ServiceEventObserver: Log update event received
11-29 22:39:23.116 30552 30552 D ServiceEventObserver: Log update event received
11-29 22:39:23.116 30552 30552 D ServiceEventObserver: Log update event received
11-29 22:39:23.116 30552 30552 D ServiceEventObserver: Log update event received
11-29 22:39:23.116 30552 30552 D ServiceEventObserver: Log update event received
11-29 22:39:23.116 30552 30552 D ServiceEventObserver: Log update event received
11-29 22:39:23.116 30552 30552 D ServiceEventObserver: Log update event received
11-29 22:39:23.116 30552 30552 D ServiceEventObserver: Log update event received
11-29 22:39:23.116 30552 30552 D ServiceEventObserver: Log update event received
11-29 22:39:23.116 30552 30552 D ServiceEventObserver: Log update event received
11-29 22:39:23.116 30552 30552 D ServiceEventObserver: Log update event received
11-29 22:39:23.116 30552 30552 D ServiceEventObserver: Log update event received
11-29 22:39:23.116 30552 30552 D ServiceEventObserver: Log update event received
11-29 22:39:23.116 30552 30552 D HyperVpnStateManager: State changed: Connecting(progress=0.5, statusMessage=Validating configurations...)
11-29 22:39:23.116 30552 30552 D ServiceEventObserver: Log update event received
11-29 22:39:23.116 30552 30552 D ServiceEventObserver: Log update event received
11-29 22:39:23.116 30552 30552 D ServiceEventObserver: Log update event received
11-29 22:39:23.116 30552 30552 D ServiceEventObserver: Log update event received
11-29 22:39:23.116 30552 30552 D ServiceEventObserver: Log update event received
11-29 22:39:23.116 30552 30552 D HyperVpnStateManager: State changed: Connecting(progress=0.7, statusMessage=Creating TUN interface...)
11-29 22:39:23.116 30552 30552 D ServiceEventObserver: Log update event received
11-29 22:39:23.116 30552 30552 D ServiceEventObserver: Log update event received
11-29 22:39:23.116 30552 30552 D ServiceEventObserver: Log update event received
11-29 22:39:23.116 30552 30552 D ServiceEventObserver: Log update event received
11-29 22:39:23.116 30552 30552 D ServiceEventObserver: Log update event received
11-29 22:39:23.116 30552 30552 D ServiceEventObserver: Log update event received
11-29 22:39:23.116 30552 30552 D ServiceEventObserver: Log update event received
11-29 22:39:23.116 30552 30552 D ServiceEventObserver: Log update event received
11-29 22:39:23.116 30552 30552 D ServiceEventObserver: Log update event received
11-29 22:39:23.116 30552 30552 D ServiceEventObserver: Log update event received
11-29 22:39:23.116 30552 30552 D ServiceEventObserver: Log update event received
11-29 22:39:23.116 30552 30552 D ServiceEventObserver: Log update event received
11-29 22:39:23.116 30552 30552 D ServiceEventObserver: Log update event received
11-29 22:39:23.116 30552 30552 D ServiceEventObserver: Log update event received
11-29 22:39:23.117 30552 30552 D ServiceEventObserver: Log update event received
11-29 22:39:23.117 30552 30552 D MainViewModel: Service event received: LogUpdate(logData=[2025/11/29 22:39:22 [MainViewModel] isServiceEnabled updated to true based on hyperVpnState: Connecting])
11-29 22:39:23.117 30552 30552 D MainViewModel: Service event received: LogUpdate(logData=[2025/11/29 22:39:22 [ConfigRepository] ðŸ”„ LOAD CONFIGS: Loading from directory: /data/user/0/com.hyperxray.an/files])
11-29 22:39:23.117 30552 30552 D MainViewModel: Service event received: LogUpdate(logData=[2025/11/29 22:39:22 [ConfigRepository] ðŸ”„ LOAD CONFIGS: Found 2 config files: [warp-account.json, youtube tls-aoofyaak.json]])
11-29 22:39:23.117 30552 30552 D MainViewModel: Service event received: LogUpdate(logData=[2025/11/29 22:39:22 [ConfigRepository] ðŸ”„ LOAD CONFIGS: Saved order has 2 files: [warp-account.json, youtube tls-aoofyaak.json]])
11-29 22:39:23.117 30552 30552 D MainViewModel: Service event received: LogUpdate(logData=[2025/11/29 22:39:22 [ConfigRepository] ðŸ”„ LOAD CONFIGS: Final order has 2 files: [warp-account.json, youtube tls-aoofyaak.json]])
11-29 22:39:23.117 30552 30552 D MainViewModel: Service event received: LogUpdate(logData=[2025/11/29 22:39:22 [ConfigRepository] âœ… LOAD CONFIGS: StateFlow updated with 2 files])
11-29 22:39:23.117 30552 30552 D MainViewModel: Service event received: LogUpdate(logData=[2025/11/29 22:39:22 [ConfigRepository] ðŸ”„ LOAD CONFIGS: Looking for selected config: /data/user/0/com.hyperxray.an/files/youtube tls-aoofyaak.json])
11-29 22:39:23.117 30552 30552 D MainViewModel: Service event received: LogUpdate(logData=[2025/11/29 22:39:22 [ConfigRepository] âœ… LOAD CONFIGS: Found selected config: youtube tls-aoofyaak.json])
11-29 22:39:23.117 30552 30552 D MainViewModel: Service event received: LogUpdate(logData=[2025/11/29 22:39:22 [ConfigRepository] âœ… LOAD CONFIGS: Selected config set to: youtube tls-aoofyaak.json])
11-29 22:39:23.117 30552 30552 D MainViewModel: Service event received: LogUpdate(logData=[2025/11/29 22:39:22 [HyperVpnService] âœ… VPN START: ConfigRepository initialized - 2 config files, selected: youtube tls-aoofyaak.json])
11-29 22:39:23.117 30552 30552 D MainViewModel: Service event received: LogUpdate(logData=[2025/11/29 22:39:22 [HyperVpnService] ðŸ”§ VPN START: Getting WireGuard configuration...])
11-29 22:39:23.117 30552 30552 D MainViewModel: Service event received: LogUpdate(logData=[2025/11/29 22:39:22 [WarpManager] âœ… Loaded WARP account from file: /data/user/0/com.hyperxray.an/files/warp-account.json])
11-29 22:39:23.117 30552 30552 D MainViewModel: Service event received: LogUpdate(logData=[2025/11/29 22:39:22 [HyperVpnService] âœ… WARP CONFIG: Loaded from warp-account.json file])
11-29 22:39:23.117 30552 30552 D MainViewModel: Service event received: LogUpdate(logData=[2025/11/29 22:39:22 [HyperVpnService] âœ… WARP CONFIG: Account config validated, converting to JSON...])
11-29 22:39:23.117 30552 30552 D MainViewModel: Service event received: LogUpdate(logData=[2025/11/29 22:39:22 [HyperVpnService] âœ… WARP CONFIG: JSON validated, length: 358 bytes])
11-29 22:39:23.117 19712 19905 I Cello   : [19905:NonCelloThread] cello.cc:960:operator() got notified of network change to online
11-29 22:39:23.117 30552 30552 D MainViewModel: Service event received: LogUpdate(logData=[2025/11/29 22:39:22 [HyperVpnService] ðŸ“‹ WARP CONFIG: Using saved account (first 200 chars): {"privateKey":"qHyp4Zos\/+FL16cVHM2wwWJyEhGCjTCpu0o7dPToQFU=","publicKey":"ANikwX2gHELq+R4Gz3LSiMzNfxtdVex1AB4ywCDDhgM=","address":"172.16.0.2\/32","addressV6":"","dns":"1.1.1.1","mtu":1280,"peerPubli...])
11-29 22:39:23.117 30552 30552 D MainViewModel: Service event received: LogUpdate(logData=[2025/11/29 22:39:22 [HyperVpnService] âœ… VPN START: WireGuard config obtained, length: 358 bytes])
11-29 22:39:23.117 30552 30552 D MainViewModel: Service event received: LogUpdate(logData=[2025/11/29 22:39:22 [HyperVpnService] ðŸ”§ VPN START: Getting Xray configuration...])
11-29 22:39:23.117 30552 30552 D MainViewModel: Service event received: LogUpdate(logData=[2025/11/29 22:39:22 [HyperVpnService] ðŸ”§ VPN START: No Xray config provided, loading from profile...])
11-29 22:39:23.117 30552 30552 D MainViewModel: Service event received: LogUpdate(logData=[2025/11/29 22:39:22 [HyperVpnService] ðŸ” CONFIG LOAD: Initializing ConfigRepository...])
11-29 22:39:23.117 30552 30552 D MainViewModel: Service event received: LogUpdate(logData=[2025/11/29 22:39:22 [ConfigRepository] ðŸ§¹ CACHE CLEAR: ConfigRepository cache cleared])
11-29 22:39:23.117 30552 30552 D MainViewModel: Service event received: LogUpdate(logData=[2025/11/29 22:39:22 [HyperVpnService] ðŸ§¹ CONFIG LOAD: Cache cleared to prevent stale configs])
11-29 22:39:23.117 19712 20022 I Cello   : [20022:NonCelloThread] cello.cc:960:operator() got notified of network change to online
11-29 22:39:23.117 30552 30552 D MainViewModel: Service event received: LogUpdate(logData=[2025/11/29 22:39:22 [ConfigRepository] ðŸ”„ FORCE RELOAD: Clearing cache and reloading configs])
11-29 22:39:23.117 30552 30552 D MainViewModel: Service event received: LogUpdate(logData=[2025/11/29 22:39:22 [ConfigRepository] ðŸ§¹ CACHE CLEAR: ConfigRepository cache cleared])
11-29 22:39:23.117 30552 30552 D MainViewModel: Service event received: LogUpdate(logData=[2025/11/29 22:39:22 [ConfigRepository] ðŸ”„ LOAD CONFIGS: Starting config files loading])
11-29 22:39:23.117 30552 30552 D MainViewModel: Service event received: LogUpdate(logData=[2025/11/29 22:39:22 [ConfigRepository] ðŸ”„ LOAD CONFIGS: Loading from directory: /data/user/0/com.hyperxray.an/files])
11-29 22:39:23.117 30552 30552 D MainViewModel: Service event received: LogUpdate(logData=[2025/11/29 22:39:22 [ConfigRepository] ðŸ”„ LOAD CONFIGS: Found 2 config files: [warp-account.json, youtube tls-aoofyaak.json]])
11-29 22:39:23.117 30552 30552 D MainViewModel: Service event received: LogUpdate(logData=[2025/11/29 22:39:22 [ConfigRepository] ðŸ”„ LOAD CONFIGS: Saved order has 2 files: [warp-account.json, youtube tls-aoofyaak.json]])
11-29 22:39:23.117 30552 30552 D MainViewModel: Service event received: LogUpdate(logData=[2025/11/29 22:39:22 [ConfigRepository] ðŸ”„ LOAD CONFIGS: Final order has 2 files: [warp-account.json, youtube tls-aoofyaak.json]])
11-29 22:39:23.117 30552 30552 D MainViewModel: Service event received: LogUpdate(logData=[2025/11/29 22:39:22 [ConfigRepository] âœ… LOAD CONFIGS: StateFlow updated with 2 files])
11-29 22:39:23.117 30552 30552 D MainViewModel: Service event received: LogUpdate(logData=[2025/11/29 22:39:22 [ConfigRepository] ðŸ”„ LOAD CONFIGS: Looking for selected config: /data/user/0/com.hyperxray.an/files/youtube tls-aoofyaak.json])
11-29 22:39:23.117 30552 30552 D MainViewModel: Service event received: LogUpdate(logData=[2025/11/29 22:39:22 [ConfigRepository] âœ… LOAD CONFIGS: Found selected config: youtube tls-aoofyaak.json])
11-29 22:39:23.117 19712 20138 I Cello   : [20138:NonCelloThread] cello.cc:960:operator() got notified of network change to online
11-29 22:39:23.117 30552 30552 D MainViewModel: Service event received: LogUpdate(logData=[2025/11/29 22:39:22 [ConfigRepository] âœ… LOAD CONFIGS: Selected config set to: youtube tls-aoofyaak.json])
11-29 22:39:23.117 30552 30552 D MainViewModel: Service event received: LogUpdate(logData=[2025/11/29 22:39:22 [ConfigRepository] âœ… FORCE RELOAD: Configs reloaded from disk])
11-29 22:39:23.117 30552 30552 D MainViewModel: Service event received: LogUpdate(logData=[2025/11/29 22:39:22 [HyperVpnService] âœ… CONFIG LOAD: forceReloadConfigs() completed])
11-29 22:39:23.117 30552 30552 D MainViewModel: Service event received: LogUpdate(logData=[2025/11/29 22:39:22 [HyperVpnService] ðŸ” CONFIG LOAD: Selected config path from prefs: /data/user/0/com.hyperxray.an/files/youtube tls-aoofyaak.json])
11-29 22:39:23.117 30552 30552 D MainViewModel: Service event received: LogUpdate(logData=[2025/11/29 22:39:22 [HyperVpnService] âœ… CONFIG LOAD: Using config from StateFlow: youtube tls-aoofyaak.json, 2025/11/29 22:39:22 [HyperVpnService] ðŸ” CONFIG LOAD: Active config file: youtube tls-aoofyaak.json, 2025/11/29 22:39:22 [HyperVpnService] ðŸ” CONFIG LOAD: Config file path: /data/user/0/com.hyperxray.an/files/youtube tls-aoofyaak.json])
11-29 22:39:23.117 19712 19946 I Cello   : [19946:NonCelloThread] cello.cc:960:operator() got notified of network change to online
11-29 22:39:23.117 30552 30552 D MainViewModel: Service event received: LogUpdate(logData=[2025/11/29 22:39:22 [HyperVpnService] âœ… CONFIG LOAD: Config file exists, size: 823 bytes])
11-29 22:39:23.117 30552 30552 D MainViewModel: Service event received: LogUpdate(logData=[2025/11/29 22:39:22 [HyperVpnService] ðŸ”„ CONFIG LOAD: Reading config directly from disk (ensuring latest version, bypassing cache)])
11-29 22:39:23.117 30552 30552 D MainViewModel: Service event received: LogUpdate(logData=[2025/11/29 22:39:22 [HyperVpnService] âœ… CONFIG LOAD: Config loaded from disk - Hash: 91c081130c6add08..., Size: 823 bytes, LastModified: 1764437757324])
11-29 22:39:23.117 30552 30552 D MainViewModel: Service event received: LogUpdate(logData=[2025/11/29 22:39:22 [HyperVpnService] âœ… CONFIG LOAD: Config content read, length: 823 bytes])
11-29 22:39:23.117 30552 30552 D MainViewModel: Service event received: LogUpdate(logData=[2025/11/29 22:39:22 [HyperVpnService] âœ… CONFIG LOAD: JSON parsed successfully])
11-29 22:39:23.117 30552 30552 D MainViewModel: Service event received: LogUpdate(logData=[2025/11/29 22:39:22 [HyperVpnService] âœ… CONFIG LOAD: Found 1 outbound(s)])
11-29 22:39:23.117 30552 30552 D MainViewModel: Service event received: LogUpdate(logData=[2025/11/29 22:39:22 [HyperVpnService] ðŸ” CONFIG LOAD: First outbound protocol: vless])
11-29 22:39:23.117 30552 30552 D MainViewModel: Service event received: LogUpdate(logData=[2025/11/29 22:39:22 [HyperVpnService] ðŸ” CONFIG LOAD: Server address: stol.halibiram.online, port: 8443, 2025/11/29 22:39:22 [HyperVpnService] âœ… CONFIG LOAD: Successfully loaded vless config from profile: stol.halibiram.online:8443])
11-29 22:39:23.117 30552 30552 D MainViewModel: Service event received: LogUpdate(logData=[2025/11/29 22:39:22 [HyperVpnService] ðŸ“‹ CONFIG LOAD: Final config JSON length: 451 bytes])
11-29 22:39:23.117 30552 30552 D MainViewModel: Service event received: LogUpdate(logData=[2025/11/29 22:39:22 [HyperVpnService] ðŸ“‹ CONFIG LOAD: Final config preview (first 200 chars): {"log":{"loglevel":"warning"},"inbounds":[{"port":10808,"listen":"127.0.0.1","protocol":"socks","settings":{"udp":true}}],"outbounds":[{"protocol":"vless","settings":{"vnext":[{"address":"stol.halibir...])
11-29 22:39:23.117 30552 30552 D MainViewModel: Service event received: LogUpdate(logData=[2025/11/29 22:39:22 [HyperVpnService] ðŸ” VPN START: Profile config obtained, length: 451 bytes])
11-29 22:39:23.117 30552 30552 D MainViewModel: Service event received: LogUpdate(logData=[2025/11/29 22:39:22 [HyperVpnService] âœ… VPN START: Profile config JSON parsed successfully, 2025/11/29 22:39:23 [HyperVpnService] âœ… VPN START: Using profile config with 1 outbound(s), 2025/11/29 22:39:23 [HyperVpnService] ðŸ”§ VPN START: Validating Xray config format...])
11-29 22:39:23.117 30552 30552 D MainViewModel: Service event received: LogUpdate(logData=[2025/11/29 22:39:23 [HyperVpnService] ðŸš€ VPN START: Starting VPN tunnel (WireGuard over Xray-core)...])
11-29 22:39:23.117 30552 30552 D MainViewModel: Service event received: LogUpdate(logData=[2025/11/29 22:39:23 [HyperVpnService] ðŸ“‹ VPN START: WireGuard config type: WARP])
11-29 22:39:23.117 30552 30552 D MainViewModel: Service event received: LogUpdate(logData=[2025/11/29 22:39:23 [HyperVpnService] ðŸ“‹ VPN START: Xray config type: VLESS/VMESS profile (protocol: vless)])
11-29 22:39:23.117 19712 20236 I Cello   : [20236:NonCelloThread] cello.cc:960:operator() got notified of network change to online
11-29 22:39:23.117 30552 30552 D MainViewModel: Service event received: LogUpdate(logData=[2025/11/29 22:39:23 [HyperVpnService] ðŸ“‹ VPN START: Final configs - WG: 358 bytes, Xray: 451 bytes])
11-29 22:39:23.117 30552 30552 D MainViewModel: Service event received: LogUpdate(logData=[2025/11/29 22:39:23 [HyperVpnService] ðŸ”§ TUN ESTABLISH: Building VPN interface configuration...])
11-29 22:39:23.117 30552 30552 D MainViewModel: Service event received: LogUpdate(logData=[2025/11/29 22:39:23 [HyperVpnService] ðŸ”§ TUN ESTABLISH: Calling builder.establish() with 10s timeout protection...])
11-29 22:39:23.118 30552 30552 D MainViewModel: Service event received: LogUpdate(logData=[2025/11/29 22:39:23 [HyperVpnService] âœ… TUN ESTABLISH: VPN interface established successfully (fd=164, duration: 9ms), 2025/11/29 22:39:23 [HyperVpnService] ðŸ“‹ VPN START: WARP endpoint (original): engage.cloudflareclient.com:2408])
11-29 22:39:23.118 30552 30552 D MainViewModel: Service event received: LogUpdate(logData=[2025/11/29 22:39:23 [HyperVpnService] ðŸ” Resolving endpoint hostname: engage.cloudflareclient.com])
11-29 22:39:23.118 30552 30552 D MainViewModel: Service event received: LogUpdate(logData=[2025/11/29 22:39:23 [HyperVpnService] âœ… Resolved endpoint: engage.cloudflareclient.com:2408 -> 162.159.192.1:2408])
11-29 22:39:23.118 30552 30552 D MainViewModel: Service event received: LogUpdate(logData=[2025/11/29 22:39:23 [HyperVpnService] ðŸ“‹ VPN START: Updated WireGuard config with resolved endpoint])
11-29 22:39:23.118 30552 30552 D MainViewModel: Service event received: LogUpdate(logData=[2025/11/29 22:39:23 [HyperVpnService] ðŸ“‹ VPN START: WARP endpoint (resolved): 162.159.192.1:2408])
11-29 22:39:23.118 30552 30552 D MainViewModel: Service event received: LogUpdate(logData=[2025/11/29 22:39:23 [HyperVpnService] ðŸ“‹ VPN START: WARP private key length: 44])
11-29 22:39:23.118 30552 30552 D MainViewModel: Service event received: LogUpdate(logData=[2025/11/29 22:39:23 [HyperVpnService] âœ… VPN START: Configs validated - WG: 344 bytes, Xray: 451 bytes, 2025/11/29 22:39:23 [HyperVpnService] âœ… VPN START: TUN fd detached: 164, 2025/11/29 22:39:23 [HyperVpnService] ðŸš€ VPN START: Calling startHyperTunnel native function...])
11-29 22:39:23.118 30552 30552 D MainViewModel: Service event received: LogUpdate(logData=[2025/11/29 22:39:23 [HyperVpnService] ðŸ“‹ VPN START: Native call params - tunFd: 164, wgConfig: 344 bytes, xrayConfig: 451 bytes])
11-29 22:39:23.118 30552 30552 D MainViewModel: Service event received: LogUpdate(logData=[2025/11/29 22:39:23 [HyperVpnService] ðŸ“‹ VPN START: Native lib dir: /data/app/~~wuoKy6gtIgryreWPpRL5Gg==/com.hyperxray.an-da1S4GsD8P7HPVRwvzU-KQ==/lib/arm64, Files dir: /data/user/0/com.hyperxray.an/files])
11-29 22:39:23.118 30552 30552 D MainViewModel: Service event received: LogUpdate(logData=[2025/11/29 22:39:23 [ConfigInjector] âš ï¸ CONFIG API PORT: Invalid API port (0), using default: 65276])
11-29 22:39:23.118 30552 30552 D MainViewModel: Service event received: LogUpdate(logData=[2025/11/29 22:39:23 [ConfigInjector] ðŸ”§ CONFIG API PORT: Injecting API port: 65276])
11-29 22:39:23.118 30552 30552 D MainViewModel: Service event received: LogUpdate(logData=[2025/11/29 22:39:23 [ConfigInjector] âœ… CONFIG API PORT: API port injected (port: 65276, duration: 0ms)])
11-29 22:39:23.118 30552 30552 D MainViewModel: Service event received: LogUpdate(logData=[2025/11/29 22:39:23 [HyperVpnService] âœ… VPN START: gRPC StatsService injected (port: 65276) - libhyperxray.so iÃ§indeki Xray-core kullanÄ±lacak])
11-29 22:39:23.119 17848 17889 W chromium: [1129/223923.119860:WARNING:dns_config_service_android.cc(81)] Failed to read DnsConfig.
11-29 22:39:23.119  5685  6009 E Tethering: [api31.BpfCoordinatorShimImpl] ERROR Could not insert entry (iif: 260, dstMac: ea:d5:00:69:7d:df, l4proto: 6, src4: /172.17.41.197, dst4: /52.86.162.68, srcPort: 60864, dstPort: 443, oif: 19, ethDstMac: 00:00:00:00:00:00, ethSrcMac: 00:00:00:00:00:00, ethProto: 2048, pmtu: 1500, src46: /10.109.168.34, dst46: /52.86.162.68, srcPort: 60864, dstPort: 443, lastUsed: 0): android.system.ErrnoException: nativeWriteToMapEntry failed: E2BIG (Argument list too long)
11-29 22:39:23.119 30552 30552 D DnsCacheCard: âš ï¸ avgHitLatencyMs is invalid: 0.0
11-29 22:39:23.119  5685  6009 E Tethering: [api31.BpfCoordinatorShimImpl] ERROR Could not insert entry (iif: 19, dstMac: 00:00:00:00:00:00, l4proto: 6, src4: /52.86.162.68, dst4: /10.109.168.34, srcPort: 443, dstPort: 60864, oif: 260, ethDstMac: 18:47:3d:b2:fe:79, ethSrcMac: ea:d5:00:69:7d:df, ethProto: 2048, pmtu: 1500, src46: /52.86.162.68, dst46: /172.17.41.197, srcPort: 443, dstPort: 60864, lastUsed: 0): android.system.ErrnoException: nativeWriteToMapEntry failed: E2BIG (Argument list too long)
11-29 22:39:23.119 30552 30552 D DnsCacheCard: ðŸ“Š avgMissLatencyMs=0.062344, formatted=0,062 ms
11-29 22:39:23.120  1407  7982 W chromium: [1129/223923.120329:WARNING:net/dns/dns_config_service_android.cc:69] Failed to read DnsConfig.
11-29 22:39:23.120 30552 17753 W chromium: [1129/223923.120347:WARNING:dns_config_service_android.cc(81)] Failed to read DnsConfig.
11-29 22:39:23.125 19037 29171 W chromium: [1129/223923.125955:WARNING:net/dns/dns_config_service_android.cc:69] Failed to read DnsConfig.
11-29 22:39:23.126 21771 21857 W chromium: [1129/223923.126839:WARNING:net/dns/dns_config_service_android.cc:69] Failed to read DnsConfig.
11-29 22:39:23.127 27872  7229 W chromium: [1129/223923.127388:WARNING:net/dns/dns_config_service_android.cc:69] Failed to read DnsConfig.
11-29 22:39:23.127 11554 11653 W chromium: [1129/223923.127493:WARNING:net/dns/dns_config_service_android.cc:69] Failed to read DnsConfig.
11-29 22:39:23.129 16802 16873 W chromium: [1129/223923.129609:WARNING:net/dns/dns_config_service_android.cc:69] Failed to read DnsConfig.
11-29 22:39:23.130 19572  7669 W chromium: [1129/223923.130983:WARNING:net/dns/dns_config_service_android.cc:69] Failed to read DnsConfig.
11-29 22:39:23.131  1358  7822 W chromium: [1129/223923.131332:WARNING:net/dns/dns_config_service_android.cc:69] Failed to read DnsConfig.
11-29 22:39:23.132  9741 31943 W chromium: [1129/223923.132541:WARNING:net/dns/dns_config_service_android.cc:69] Failed to read DnsConfig.
11-29 22:39:23.137 27327 29455 W chromium: [1129/223923.137782:WARNING:net/dns/dns_config_service_android.cc:69] Failed to read DnsConfig.
11-29 22:39:23.142 19105 19981 W chromium: [1129/223923.142764:WARNING:net/dns/dns_config_service_android.cc:69] Failed to read DnsConfig.
11-29 22:39:23.144 10886 11818 W chromium: [1129/223923.144665:WARNING:net/dns/dns_config_service_android.cc:69] Failed to read DnsConfig.
11-29 22:39:23.145 19105 19981 W chromium: [1129/223923.145770:WARNING:net/dns/dns_config_service_android.cc:69] Failed to read DnsConfig.
11-29 22:39:23.214 29843 29896 D JavaheapMonitor: Java heap used=9M max=256M, proc: com.google.android.gms:snet
11-29 22:39:23.214 29843 29896 V JavaheapMonitor: Check java heap usage finished! Next check delay: 300000
11-29 22:39:23.236 30552 17742 D DnsCacheManager: ðŸ“Š Synced latency from SharedPreferences: avgHitLatency=0,000ms, avgMissLatency=0,062ms
11-29 22:39:23.236 30552 30552 D MainViewModelDashboardAdapter: ðŸ“Š toFeatureState: avgHitLatencyMs=0.0, avgMissLatencyMs=0.062344
11-29 22:39:23.253  5685  6009 E Tethering: [api31.BpfCoordinatorShimImpl] ERROR Could not insert entry (iif: 260, dstMac: ea:d5:00:69:7d:df, l4proto: 6, src4: /172.17.41.197, dst4: /35.169.152.110, srcPort: 60865, dstPort: 443, oif: 19, ethDstMac: 00:00:00:00:00:00, ethSrcMac: 00:00:00:00:00:00, ethProto: 2048, pmtu: 1500, src46: /10.109.168.34, dst46: /35.169.152.110, srcPort: 60865, dstPort: 443, lastUsed: 0): android.system.ErrnoException: nativeWriteToMapEntry failed: E2BIG (Argument list too long)
11-29 22:39:23.253  5685  6009 E Tethering: [api31.BpfCoordinatorShimImpl] ERROR Could not insert entry (iif: 19, dstMac: 00:00:00:00:00:00, l4proto: 6, src4: /35.169.152.110, dst4: /10.109.168.34, srcPort: 443, dstPort: 60865, oif: 260, ethDstMac: 18:47:3d:b2:fe:79, ethSrcMac: ea:d5:00:69:7d:df, ethProto: 2048, pmtu: 1500, src46: /35.169.152.110, dst46: /172.17.41.197, srcPort: 443, dstPort: 60865, lastUsed: 0): android.system.ErrnoException: nativeWriteToMapEntry failed: E2BIG (Argument list too long)
11-29 22:39:23.272  5685  6009 E Tethering: [api31.BpfCoordinatorShimImpl] ERROR Could not insert entry (iif: 260, dstMac: ea:d5:00:69:7d:df, l4proto: 6, src4: /172.17.41.197, dst4: /52.86.162.68, srcPort: 60864, dstPort: 443, oif: 19, ethDstMac: 00:00:00:00:00:00, ethSrcMac: 00:00:00:00:00:00, ethProto: 2048, pmtu: 1500, src46: /10.109.168.34, dst46: /52.86.162.68, srcPort: 60864, dstPort: 443, lastUsed: 0): android.system.ErrnoException: nativeWriteToMapEntry failed: E2BIG (Argument list too long)
11-29 22:39:23.272  5685  6009 E Tethering: [api31.BpfCoordinatorShimImpl] ERROR Could not insert entry (iif: 19, dstMac: 00:00:00:00:00:00, l4proto: 6, src4: /52.86.162.68, dst4: /10.109.168.34, srcPort: 443, dstPort: 60864, oif: 260, ethDstMac: 18:47:3d:b2:fe:79, ethSrcMac: ea:d5:00:69:7d:df, ethProto: 2048, pmtu: 1500, src46: /52.86.162.68, dst46: /172.17.41.197, srcPort: 443, dstPort: 60864, lastUsed: 0): android.system.ErrnoException: nativeWriteToMapEntry failed: E2BIG (Argument list too long)
11-29 22:39:23.279  1811  3037 I vendor.qti.hardware.display.composer-service: Sensor: notify citsensorservice to trigger cwb, misForced = 0
11-29 22:39:23.280  1811  3238 I SDM     : CWB config passed by cwb_client : tappoint 1  CWB_ROI : (480.000000 159.000000 721.000000 400.000000) for display-0
11-29 22:39:23.281  2743  4967 I libsensor-boledalgo: dbv:352,lux:84.7,cct:5211.6,hsv:-1.0,CWB R:14071.9,G:13747.9,B:12017.2Event C:3012.4,R:1646.7,G:1193.7,B:484.5Cali C:337.7,R:242.1,G:170.0,B:55.7 
11-29 22:39:23.288  5685  6009 E Tethering: [api31.BpfCoordinatorShimImpl] ERROR Could not insert entry (iif: 260, dstMac: ea:d5:00:69:7d:df, l4proto: 6, src4: /172.17.41.197, dst4: /52.86.162.68, srcPort: 60864, dstPort: 443, oif: 19, ethDstMac: 00:00:00:00:00:00, ethSrcMac: 00:00:00:00:00:00, ethProto: 2048, pmtu: 1500, src46: /10.109.168.34, dst46: /52.86.162.68, srcPort: 60864, dstPort: 443, lastUsed: 0): android.system.ErrnoException: nativeWriteToMapEntry failed: E2BIG (Argument list too long)
11-29 22:39:23.288  5685  6009 E Tethering: [api31.BpfCoordinatorShimImpl] ERROR Could not insert entry (iif: 19, dstMac: 00:00:00:00:00:00, l4proto: 6, src4: /52.86.162.68, dst4: /10.109.168.34, srcPort: 443, dstPort: 60864, oif: 260, ethDstMac: 18:47:3d:b2:fe:79, ethSrcMac: ea:d5:00:69:7d:df, ethProto: 2048, pmtu: 1500, src46: /52.86.162.68, dst46: /172.17.41.197, srcPort: 443, dstPort: 60864, lastUsed: 0): android.system.ErrnoException: nativeWriteToMapEntry failed: E2BIG (Argument list too long)
11-29 22:39:23.288  5685  6009 E Tethering: [api31.BpfCoordinatorShimImpl] ERROR Could not insert entry (iif: 260, dstMac: ea:d5:00:69:7d:df, l4proto: 6, src4: /172.17.41.197, dst4: /50.19.221.111, srcPort: 60866, dstPort: 443, oif: 19, ethDstMac: 00:00:00:00:00:00, ethSrcMac: 00:00:00:00:00:00, ethProto: 2048, pmtu: 1500, src46: /10.109.168.34, dst46: /50.19.221.111, srcPort: 60866, dstPort: 443, lastUsed: 0): android.system.ErrnoException: nativeWriteToMapEntry failed: E2BIG (Argument list too long)
11-29 22:39:23.288  5685  6009 E Tethering: [api31.BpfCoordinatorShimImpl] ERROR Could not insert entry (iif: 19, dstMac: 00:00:00:00:00:00, l4proto: 6, src4: /50.19.221.111, dst4: /10.109.168.34, srcPort: 443, dstPort: 60866, oif: 260, ethDstMac: 18:47:3d:b2:fe:79, ethSrcMac: ea:d5:00:69:7d:df, ethProto: 2048, pmtu: 1500, src46: /50.19.221.111, dst46: /172.17.41.197, srcPort: 443, dstPort: 60866, lastUsed: 0): android.system.ErrnoException: nativeWriteToMapEntry failed: E2BIG (Argument list too long)
11-29 22:39:23.294  5685  6009 E Tethering: [api31.BpfCoordinatorShimImpl] ERROR Could not insert entry (iif: 260, dstMac: ea:d5:00:69:7d:df, l4proto: 6, src4: /172.17.41.197, dst4: /52.21.172.206, srcPort: 60858, dstPort: 443, oif: 19, ethDstMac: 00:00:00:00:00:00, ethSrcMac: 00:00:00:00:00:00, ethProto: 2048, pmtu: 1500, src46: /10.109.168.34, dst46: /52.21.172.206, srcPort: 60858, dstPort: 443, lastUsed: 0): android.system.ErrnoException: nativeWriteToMapEntry failed: E2BIG (Argument list too long)
11-29 22:39:23.294  5685  6009 E Tethering: [api31.BpfCoordinatorShimImpl] ERROR Could not insert entry (iif: 19, dstMac: 00:00:00:00:00:00, l4proto: 6, src4: /52.21.172.206, dst4: /10.109.168.34, srcPort: 443, dstPort: 60858, oif: 260, ethDstMac: 18:47:3d:b2:fe:79, ethSrcMac: ea:d5:00:69:7d:df, ethProto: 2048, pmtu: 1500, src46: /52.21.172.206, dst46: /172.17.41.197, srcPort: 443, dstPort: 60858, lastUsed: 0): android.system.ErrnoException: nativeWriteToMapEntry failed: E2BIG (Argument list too long)
11-29 22:39:23.295  1811  2433 I SDM     : HWDeviceDRM::SetupConcurrentWriteback: Tear down the Concurrent Writeback topology
11-29 22:39:23.298  5685  6009 E Tethering: [api31.BpfCoordinatorShimImpl] ERROR Could not insert entry (iif: 260, dstMac: ea:d5:00:69:7d:df, l4proto: 6, src4: /172.17.41.197, dst4: /52.21.172.206, srcPort: 60858, dstPort: 443, oif: 19, ethDstMac: 00:00:00:00:00:00, ethSrcMac: 00:00:00:00:00:00, ethProto: 2048, pmtu: 1500, src46: /10.109.168.34, dst46: /52.21.172.206, srcPort: 60858, dstPort: 443, lastUsed: 0): android.system.ErrnoException: nativeWriteToMapEntry failed: E2BIG (Argument list too long)
11-29 22:39:23.298  5685  6009 E Tethering: [api31.BpfCoordinatorShimImpl] ERROR Could not insert entry (iif: 19, dstMac: 00:00:00:00:00:00, l4proto: 6, src4: /52.21.172.206, dst4: /10.109.168.34, srcPort: 443, dstPort: 60858, oif: 260, ethDstMac: 18:47:3d:b2:fe:79, ethSrcMac: ea:d5:00:69:7d:df, ethProto: 2048, pmtu: 1500, src46: /52.21.172.206, dst46: /172.17.41.197, srcPort: 443, dstPort: 60858, lastUsed: 0): android.system.ErrnoException: nativeWriteToMapEntry failed: E2BIG (Argument list too long)
11-29 22:39:23.304  1811  5030 I SDM     : NotifyCWBStatus: Notify the client about buffer (0x7b666460) status 0 for display-0.
11-29 22:39:23.304  1811  5030 I SDM     : SDMConcurrentWriteBack::ProcessCWBStatus: CWB queue is empty. Display: 0
11-29 22:39:23.309  3688  6454 D Aurogon :  packageName = com.google.android.gms isAllowWakeUpList 
11-29 22:39:23.313  3688  6454 D Aurogon :  packageName = com.google.android.gms isAllowWakeUpList 
11-29 22:39:23.313 19105 18993 I AlarmManager: setExactAndAllowWhileIdle [name: GCM_HB_ALARM type: 2 triggerAtMillis: 222992774]
11-29 22:39:23.314  3688  6454 E AlarmManager: not align this alarm: Alarm{f0e4222 type 2 origWhen 222992774 whenElapsed 222992774 com.google.android.gms}, reason=0
11-29 22:39:23.314  1823  1823 I vendor.qti.hardware.servicetrackeraidl-service: bindService is called for service : com.google.android.gms/.chimera.PersistentDirectBootAwareApiService and for client com.google.android.gms.persistent
11-29 22:39:23.314  1823  1823 I vendor.qti.hardware.servicetrackeraidl-service: total connections for service : com.google.android.gms/.chimera.PersistentDirectBootAwareApiServiceare :10
11-29 22:39:23.314  1823  1823 I vendor.qti.hardware.servicetrackeraidl-service: total connections for client : com.google.android.gms.persistentare :5
11-29 22:39:23.314  3688  6444 D ActivityManager: Logging bindService for com.google.android.gms, stopped=false, firstLaunch=false
11-29 22:39:23.374 23352 23652 D JavaheapMonitor: Java heap used=5M max=256M, proc: com.miui.msa.global
11-29 22:39:23.375 23352 23652 V JavaheapMonitor: Check java heap usage finished! Next check delay: 300000
11-29 22:39:23.379  5685  6009 E Tethering: [api31.BpfCoordinatorShimImpl] ERROR Could not insert entry (iif: 260, dstMac: ea:d5:00:69:7d:df, l4proto: 6, src4: /172.17.41.197, dst4: /50.19.221.111, srcPort: 60866, dstPort: 443, oif: 19, ethDstMac: 00:00:00:00:00:00, ethSrcMac: 00:00:00:00:00:00, ethProto: 2048, pmtu: 1500, src46: /10.109.168.34, dst46: /50.19.221.111, srcPort: 60866, dstPort: 443, lastUsed: 0): android.system.ErrnoException: nativeWriteToMapEntry failed: E2BIG (Argument list too long)
11-29 22:39:23.379  5685  6009 E Tethering: [api31.BpfCoordinatorShimImpl] ERROR Could not insert entry (iif: 19, dstMac: 00:00:00:00:00:00, l4proto: 6, src4: /50.19.221.111, dst4: /10.109.168.34, srcPort: 443, dstPort: 60866, oif: 260, ethDstMac: 18:47:3d:b2:fe:79, ethSrcMac: ea:d5:00:69:7d:df, ethProto: 2048, pmtu: 1500, src46: /50.19.221.111, dst46: /172.17.41.197, srcPort: 443, dstPort: 60866, lastUsed: 0): android.system.ErrnoException: nativeWriteToMapEntry failed: E2BIG (Argument list too long)
11-29 22:39:23.420 17848 21084 D DnsCacheManager: ðŸ“Š Synced latency from SharedPreferences: avgHitLatency=0,000ms, avgMissLatency=0,062ms
11-29 22:39:23.426  1820  8205 E PERFHAL-CLIENT: PERFHAL-CLIENT: perf_lock_acq_rel() 496: opcode=1149239296 isMvOpcode=0
11-29 22:39:23.427  5685  6009 E Tethering: [api31.BpfCoordinatorShimImpl] ERROR Could not insert entry (iif: 260, dstMac: ea:d5:00:69:7d:df, l4proto: 6, src4: /172.17.41.197, dst4: /52.21.172.206, srcPort: 60859, dstPort: 443, oif: 19, ethDstMac: 00:00:00:00:00:00, ethSrcMac: 00:00:00:00:00:00, ethProto: 2048, pmtu: 1500, src46: /10.109.168.34, dst46: /52.21.172.206, srcPort: 60859, dstPort: 443, lastUsed: 0): android.system.ErrnoException: nativeWriteToMapEntry failed: E2BIG (Argument list too long)
11-29 22:39:23.427  5685  6009 E Tethering: [api31.BpfCoordinatorShimImpl] ERROR Could not insert entry (iif: 19, dstMac: 00:00:00:00:00:00, l4proto: 6, src4: /52.21.172.206, dst4: /10.109.168.34, srcPort: 443, dstPort: 60859, oif: 260, ethDstMac: 18:47:3d:b2:fe:79, ethSrcMac: ea:d5:00:69:7d:df, ethProto: 2048, pmtu: 1500, src46: /52.21.172.206, dst46: /172.17.41.197, srcPort: 443, dstPort: 60859, lastUsed: 0): android.system.ErrnoException: nativeWriteToMapEntry failed: E2BIG (Argument list too long)
11-29 22:39:23.429  1861  2277 I [THP0]  : HAL_I: init_watch_dog_timer: frame 550
11-29 22:39:23.430  1861  2277 I [THP0]  : ALG_I: thp_set_doze_mode_func: enable doze mode
11-29 22:39:23.431  5685  6009 E Tethering: [api31.BpfCoordinatorShimImpl] ERROR Could not insert entry (iif: 260, dstMac: ea:d5:00:69:7d:df, l4proto: 6, src4: /172.17.41.197, dst4: /52.21.172.206, srcPort: 60859, dstPort: 443, oif: 19, ethDstMac: 00:00:00:00:00:00, ethSrcMac: 00:00:00:00:00:00, ethProto: 2048, pmtu: 1500, src46: /10.109.168.34, dst46: /52.21.172.206, srcPort: 60859, dstPort: 443, lastUsed: 0): android.system.ErrnoException: nativeWriteToMapEntry failed: E2BIG (Argument list too long)
11-29 22:39:23.431  5685  6009 E Tethering: [api31.BpfCoordinatorShimImpl] ERROR Could not insert entry (iif: 19, dstMac: 00:00:00:00:00:00, l4proto: 6, src4: /52.21.172.206, dst4: /10.109.168.34, srcPort: 443, dstPort: 60859, oif: 260, ethDstMac: 18:47:3d:b2:fe:79, ethSrcMac: ea:d5:00:69:7d:df, ethProto: 2048, pmtu: 1500, src46: /52.21.172.206, dst46: /172.17.41.197, srcPort: 443, dstPort: 60859, lastUsed: 0): android.system.ErrnoException: nativeWriteToMapEntry failed: E2BIG (Argument list too long)
11-29 22:39:23.432  1820  2083 E ANDR-PERF: ExtendedPerfBoost: trigger_rearm_timer() 179: setthermalbreak req empty boostparam=boost:0
11-29 22:39:23.450  5685  6009 E Tethering: [api31.BpfCoordinatorShimImpl] ERROR Could not insert entry (iif: 260, dstMac: ea:d5:00:69:7d:df, l4proto: 6, src4: /172.17.41.197, dst4: /52.21.172.206, srcPort: 60860, dstPort: 443, oif: 19, ethDstMac: 00:00:00:00:00:00, ethSrcMac: 00:00:00:00:00:00, ethProto: 2048, pmtu: 1500, src46: /10.109.168.34, dst46: /52.21.172.206, srcPort: 60860, dstPort: 443, lastUsed: 0): android.system.ErrnoException: nativeWriteToMapEntry failed: E2BIG (Argument list too long)
11-29 22:39:23.451  5685  6009 E Tethering: [api31.BpfCoordinatorShimImpl] ERROR Could not insert entry (iif: 19, dstMac: 00:00:00:00:00:00, l4proto: 6, src4: /52.21.172.206, dst4: /10.109.168.34, srcPort: 443, dstPort: 60860, oif: 260, ethDstMac: 18:47:3d:b2:fe:79, ethSrcMac: ea:d5:00:69:7d:df, ethProto: 2048, pmtu: 1500, src46: /52.21.172.206, dst46: /172.17.41.197, srcPort: 443, dstPort: 60860, lastUsed: 0): android.system.ErrnoException: nativeWriteToMapEntry failed: E2BIG (Argument list too long)
11-29 22:39:23.453  5685  6009 E Tethering: [api31.BpfCoordinatorShimImpl] ERROR Could not insert entry (iif: 260, dstMac: ea:d5:00:69:7d:df, l4proto: 6, src4: /172.17.41.197, dst4: /52.21.172.206, srcPort: 60860, dstPort: 443, oif: 19, ethDstMac: 00:00:00:00:00:00, ethSrcMac: 00:00:00:00:00:00, ethProto: 2048, pmtu: 1500, src46: /10.109.168.34, dst46: /52.21.172.206, srcPort: 60860, dstPort: 443, lastUsed: 0): android.system.ErrnoException: nativeWriteToMapEntry failed: E2BIG (Argument list too long)
11-29 22:39:23.454  5685  6009 E Tethering: [api31.BpfCoordinatorShimImpl] ERROR Could not insert entry (iif: 19, dstMac: 00:00:00:00:00:00, l4proto: 6, src4: /52.21.172.206, dst4: /10.109.168.34, srcPort: 443, dstPort: 60860, oif: 260, ethDstMac: 18:47:3d:b2:fe:79, ethSrcMac: ea:d5:00:69:7d:df, ethProto: 2048, pmtu: 1500, src46: /52.21.172.206, dst46: /172.17.41.197, srcPort: 443, dstPort: 60860, lastUsed: 0): android.system.ErrnoException: nativeWriteToMapEntry failed: E2BIG (Argument list too long)
11-29 22:39:23.485  1811  3037 I vendor.qti.hardware.display.composer-service: Sensor: notify citsensorservice to trigger cwb, misForced = 0
11-29 22:39:23.485  1811  3238 I SDM     : CWB config passed by cwb_client : tappoint 1  CWB_ROI : (480.000000 159.000000 721.000000 400.000000) for display-0
11-29 22:39:23.491  2743  4967 I libsensor-boledalgo: dbv:352,lux:84.2,cct:5319.7,hsv:-1.0,CWB R:14071.9,G:13747.9,B:12017.2Event C:3007.9,R:1633.0,G:1186.6,B:489.0Cali C:337.7,R:242.1,G:170.0,B:55.7 
11-29 22:39:23.501  1811  2433 I SDM     : HWDeviceDRM::SetupConcurrentWriteback: Tear down the Concurrent Writeback topology
11-29 22:39:23.509  1811  5030 I SDM     : NotifyCWBStatus: Notify the client about buffer (0x7b66b000) status 0 for display-0.
11-29 22:39:23.510  1811  5030 I SDM     : SDMConcurrentWriteBack::ProcessCWBStatus: CWB queue is empty. Display: 0
11-29 22:39:23.531  5685  6009 E Tethering: [api31.BpfCoordinatorShimImpl] ERROR Could not insert entry (iif: 260, dstMac: ea:d5:00:69:7d:df, l4proto: 6, src4: /172.17.41.197, dst4: /52.21.172.206, srcPort: 60858, dstPort: 443, oif: 19, ethDstMac: 00:00:00:00:00:00, ethSrcMac: 00:00:00:00:00:00, ethProto: 2048, pmtu: 1500, src46: /10.109.168.34, dst46: /52.21.172.206, srcPort: 60858, dstPort: 443, lastUsed: 0): android.system.ErrnoException: nativeWriteToMapEntry failed: E2BIG (Argument list too long)
11-29 22:39:23.532  5685  6009 E Tethering: [api31.BpfCoordinatorShimImpl] ERROR Could not insert entry (iif: 19, dstMac: 00:00:00:00:00:00, l4proto: 6, src4: /52.21.172.206, dst4: /10.109.168.34, srcPort: 443, dstPort: 60858, oif: 260, ethDstMac: 18:47:3d:b2:fe:79, ethSrcMac: ea:d5:00:69:7d:df, ethProto: 2048, pmtu: 1500, src46: /52.21.172.206, dst46: /172.17.41.197, srcPort: 443, dstPort: 60858, lastUsed: 0): android.system.ErrnoException: nativeWriteToMapEntry failed: E2BIG (Argument list too long)
11-29 22:39:23.532  5685  6009 E Tethering: [api31.BpfCoordinatorShimImpl] ERROR Could not insert entry (iif: 260, dstMac: ea:d5:00:69:7d:df, l4proto: 6, src4: /172.17.41.197, dst4: /52.21.172.206, srcPort: 60859, dstPort: 443, oif: 19, ethDstMac: 00:00:00:00:00:00, ethSrcMac: 00:00:00:00:00:00, ethProto: 2048, pmtu: 1500, src46: /10.109.168.34, dst46: /52.21.172.206, srcPort: 60859, dstPort: 443, lastUsed: 0): android.system.ErrnoException: nativeWriteToMapEntry failed: E2BIG (Argument list too long)
11-29 22:39:23.532  5685  6009 E Tethering: [api31.BpfCoordinatorShimImpl] ERROR Could not insert entry (iif: 19, dstMac: 00:00:00:00:00:00, l4proto: 6, src4: /52.21.172.206, dst4: /10.109.168.34, srcPort: 443, dstPort: 60859, oif: 260, ethDstMac: 18:47:3d:b2:fe:79, ethSrcMac: ea:d5:00:69:7d:df, ethProto: 2048, pmtu: 1500, src46: /52.21.172.206, dst46: /172.17.41.197, srcPort: 443, dstPort: 60859, lastUsed: 0): android.system.ErrnoException: nativeWriteToMapEntry failed: E2BIG (Argument list too long)
