11-29 22:39:22.861  6013  6221 D MiuiFreeformModeGestureHandler: handleMotionEvents mActiveMiuiFreeformTask null x: 353.0 y: 1676.0 current miuiFreeformModeTaskInfo: 
11-29 22:39:22.862  6013  6221 D MultiTaskingTaskRepository: getTopFullscreenTaskInfo: taskId=1354 windowingMode=1 isVisible=true isTopActivityTransparent=false
11-29 22:39:22.862  6013  6221 D MiuiDecorationRootViewHost: isTouchedInTopCaption: taskId = 1354, tempViewHost = null
11-29 22:39:22.862  6013  6221 D MiuiDecorationDot: isTouchedInTopCaption: taskId = 1354, mMulWinSwitchVIewHost is not ready for layout
11-29 22:39:22.862  6013  6221 D MulWinSwitchEventHandler: dispatchToFullOrSplitDecorationDot: touchedTaskId=-1
11-29 22:39:22.862  6013  6221 D MulWinSwitchEventHandler: handleReceivedMotionEvent: mTouchedBottomTaskId=-1
11-29 22:39:22.867  1811  3238 I SDM     : SDMDisplay::SetActiveConfigWithConstraints: display = 0, config: 1, WxH 1200x2670, fps 120@auto@120:1
11-29 22:39:22.868  1811  3238 W SDM     : HWDeviceDRM::GetSupportedBitClkRate: Requested rate not supported: 1150000000
11-29 22:39:22.868  1811  3238 I SDM     : HWDeviceDRM::UpdateMixerAttributes: Mixer WxH 1200x2670-1 for Peripheral
11-29 22:39:22.869  1811  2433 I SDM     : HWDeviceDRM::SetupConcurrentWriteback: Tear down the Concurrent Writeback topology
11-29 22:39:22.869  1811  3037 I vendor.qti.hardware.display.composer-service: Sensor: notify citsensorservice to trigger cwb, misForced = 0
11-29 22:39:22.869  1811  3238 I SDM     : CWB config passed by cwb_client : tappoint 1  CWB_ROI : (480.000000 159.000000 721.000000 400.000000) for display-0
11-29 22:39:22.872  1836  2379 D FPSMonitor: threadFuncFpsMonitor display 0, fps 1
11-29 22:39:22.872  2743  4942 D libsensor-D2SNotifier: DisplayId 0 Displayinfo2SlpiNotifier to type 8 displayFrequency = 1 
11-29 22:39:22.873  2743  4942 I sensors : qsh_qmi:41, qsh_qmi
11-29 22:39:22.875  2743  4942 I sensors : ~qsh_qmi:68, ~qsh_qmi
11-29 22:39:22.872  2003  2003 W binder:2003_5: type=1400 audit(0.0:2248051): avc:  denied  { search } for  name="mcd" dev="dm-56" ino=1400 scontext=u:r:surfaceflinger:s0 tcontext=u:object_r:mcd_data_file:s0 tclass=dir permissive=0
11-29 22:39:22.877  3688  3836 I DisplayDeviceRepository: Display device changed render timings: "YerleÅŸik Ekran", renderFrameRate=120.00001, presentationDeadlineNanos=11333333, appVsyncOffsetNanos=1000000, frameRateOverrides=[]
11-29 22:39:22.877  3688  3834 D WindowManager: DeferredDisplayUpdater: partially applying DisplayInfo(1200 x 2670) immediately
11-29 22:39:22.877  3688  3834 W DisplayContentStubImpl:  displayMetricsChanged=false physicalDisplayChanged=false displayId=0 newUniqueId=local:4630946682710401939 currentUnique=local:4630946682710401939
11-29 22:39:22.877  3688  3834 D DisplayContentStubImpl: Display{#0 state=ON size=1200x2670 ROTATION_0} isActivityEmbeddingSplitEnable false
11-29 22:39:22.878  3688  3834 D BarFollowAnimation: pairAppearanceRegionAndWin win=Window{2b3e88f u0 com.hyperxray.an/com.hyperxray.an.activity.MainActivity} 0
11-29 22:39:22.878  1945  1945 D AudioFlingerImpl: setGameParameters keyvalue: screen_state=on
11-29 22:39:22.878  1945  1945 D DeviceHalAidl: [default] setParameters: parameters: "screen_state=on"
11-29 22:39:22.878  3688  3834 D BarFollowAnimation: isAppTaskBarOnTop win:Window{2b3e88f u0 com.hyperxray.an/com.hyperxray.an.activity.MainActivity} (mCurrentTopTask:Task{bd2e93c #1354 type=standard I=com.hyperxray.an/.activity.MainActivity} : true); (mAssociatedTask:Task{bd2e93c #1354 type=standard I=com.hyperxray.an/.activity.MainActivity} : true); (mHomeTask:Task{c7eba92 #1 type=home} : false); mReparentToOriginParent:false mLastAppBarVisible:true mLastHomeBarVisible:false
11-29 22:39:22.878  1793  4678 D PAL: API: pal_set_param: 1497: Enter: param id 8 (PAL_PARAM_ID_SCREEN_STATE)
11-29 22:39:22.878  3688  3834 D MiuiRefreshRatePolicy: reset
11-29 22:39:22.878  1793  4678 D PAL: ResourceManager: setParameter: 11845: Enter param id: 8 (PAL_PARAM_ID_SCREEN_STATE)
11-29 22:39:22.878  1793  4678 I PAL: ResourceManager: setParameter: 11872: Screen State:1
11-29 22:39:22.878  1793  4678 D PAL: ResourceManager: setParameter: 13545: Exit status: 0
11-29 22:39:22.878  1793  4678 D PAL: API: pal_set_param: 1514: Exit, status 0
11-29 22:39:22.878  1945  1945 D DeviceHalAidl: [usb] setParameters: parameters: "screen_state=on"
11-29 22:39:22.878  1793  4678 D AHAL_Module: updateScreenState: usb: 1
11-29 22:39:22.879  1945  1945 D DeviceHalAidl: [r_submix] setParameters: parameters: "screen_state=on"
11-29 22:39:22.879  1793  1818 D AHAL_Module: updateScreenState: r_submix: 1
11-29 22:39:22.879  1945  1945 D DeviceHalAidl: [bluetooth] setParameters: parameters: "screen_state=on"
11-29 22:39:22.879  1793  1819 D AHAL_Module: updateScreenState: bluetooth: 1
11-29 22:39:22.880  5629  5629 D MiWallpaper-SaturnSuperWallpaper: refresh_rate120
11-29 22:39:22.880  1945  1945 D AudioFlingerImpl: setGameParameters keyvalue: musicCanStopFlag=false
11-29 22:39:22.880  6013  6013 V AutoDensityController: on display changed 0 context dpi:489 origin dpi:520 target dpi:489
11-29 22:39:22.880  5629  5629 D MiWallpaper-SaturnSuperWallpaper: sendUnityMessage real Refresh_120 time: 1764445162880
11-29 22:39:22.880  6013  6013 D ControlCenterWindowViewController: on display changed 0
11-29 22:39:22.880  1945  1945 D DeviceHalAidl: [default] setParameters: parameters: "musicCanStopFlag=false"
11-29 22:39:22.880  6013  6013 V AODAutoDensityController: on display changed 0 context dpi:489 origin dpi:520 target dpi:489
11-29 22:39:22.880  1793  1818 I AHAL_ModulePrimary_MI: setVendorParameters: parameter count 1, async: 0
11-29 22:39:22.880  1793  1818 D AHAL_ModulePrimary_MI: setVendorParameters parameters id = musicCanStopFlag val false
11-29 22:39:22.880  1793  1818 D AHAL_ModulePrimary_QTI: setVendorParameters: parameter count 1, async: 0
11-29 22:39:22.880  1793  1818 D AHAL_HFP_QTI: hfp_set_parameters enter
11-29 22:39:22.880  1793  1818 D AHAL_HFP_QTI: hfp_set_parameters Exit
11-29 22:39:22.880  1945  1945 D DeviceHalAidl: [usb] setParameters: parameters: "musicCanStopFlag=false"
11-29 22:39:22.880  1945  1945 E ConversionHelperAidl: Function: parseAndSetVendorParameters Line: 94 Failed 
11-29 22:39:22.880  1945  1945 D DeviceHalAidl: [r_submix] setParameters: parameters: "musicCanStopFlag=false"
11-29 22:39:22.880  1793  1819 D AHAL_ModuleRemoteSubmix: setVendorParameters: parameter count 1, async: 0
11-29 22:39:22.880  1793  1819 D AHAL_ModuleRemoteSubmix: setVendorParameters parameters id = musicCanStopFlag val false
11-29 22:39:22.880  1945  1945 E ConversionHelperAidl: Function: parseAndSetVendorParameters Line: 94 Failed 
11-29 22:39:22.880  1945  1945 D DeviceHalAidl: [bluetooth] setParameters: parameters: "musicCanStopFlag=false"
11-29 22:39:22.880  5385  6128 W GestureStubView_Left: onDisplayChanged
11-29 22:39:22.880  5385  6128 W GestureStubView_Left: adaptRotation   currentRotation=0   mRotation=0
11-29 22:39:22.880  5385  6128 W GestureStubView_Right: onDisplayChanged
11-29 22:39:22.880  5385  6128 W GestureStubView_Right: adaptRotation   currentRotation=0   mRotation=0
11-29 22:39:22.881  5385  5385 W Launcher: onDisplayChanged: newRotation=0, mCurrentRotation=0
11-29 22:39:22.881  1945  1945 E ConversionHelperAidl: Function: parseAndSetVendorParameters Line: 94 Failed 
11-29 22:39:22.881  6013  8135 D MiuiGxzwAnimView: onDisplayChanged: oldState = 2, newState = 2
11-29 22:39:22.894  1811  2433 I SDM     : HWDeviceDRM::SetupConcurrentWriteback: Tear down the Concurrent Writeback topology
11-29 22:39:22.900  1811  5030 I SDM     : NotifyCWBStatus: Notify the client about buffer (0x7b666460) status 0 for display-0.
11-29 22:39:22.900  1811  5030 I SDM     : SDMConcurrentWriteBack::ProcessCWBStatus: CWB queue is empty. Display: 0
11-29 22:39:22.918 17848 21082 D DnsCacheManager: ðŸ“Š Synced latency from SharedPreferences: avgHitLatency=0,000ms, avgMissLatency=0,062ms
11-29 22:39:22.929  1861  1909 I [THP0]  : HAL_I: hal_finger_event_report: release all
11-29 22:39:22.929  2003  3285 D MI-SF	 : TouchMonitorThread: BTN_TOUCH: 0x0
11-29 22:39:22.930  3688  4739 I MIUIInput: [MotionEvent] notifyMotion - eventTime=173442919138000, deviceId=8, source=0x1002, policyFlags=0x0, action=0x1, flags=0x0, downTime=173442846976000
11-29 22:39:22.930  3688  4738 I MIUIInput: [MotionEvent] publisher action=0x1, deviceId=8, 173442919, channel '2b3e88f com.hyperxray.an/com.hyperxray.an.activity.MainActivity'
11-29 22:39:22.930  3688  4738 I MIUIInput: [MotionEvent] publisher action=0x1, deviceId=8, 173442919, channel '[Gesture Monitor] WMShell'
11-29 22:39:22.930  3688  4738 I MIUIInput: [MotionEvent] publisher action=0x1, deviceId=8, 173442919, channel '[Gesture Monitor] miui-gesture'
11-29 22:39:22.930  3688  3834 D DPSImpl : boost for touch up begin
11-29 22:39:22.931 30552 30552 I MIUIInput: [MotionEvent] ViewRootImpl windowName 'com.hyperxray.an/com.hyperxray.an.activity.MainActivity', { action=ACTION_UP, id[0]=0, pointerCount=1, eventTime=173442919, downTime=173442846, phoneEventTime=22:39:22.930 } moveCount:0
11-29 22:39:22.932  3688  3834 I DPSImpl : boost for touch up, package:com.hyperxray.an
11-29 22:39:22.933 30552 30552 I HyperVpnHelper: ðŸ” Checking VPN permission...
11-29 22:39:22.935 30552 30552 D HyperVpnHelper: ðŸ” VpnService.prepare() returned: null (permission granted)
11-29 22:39:22.935 30552 30552 I HyperVpnHelper: âœ… VPN permission already granted, starting service...
11-29 22:39:22.935  3688  4598 I ActivityManager: Background started FGS: Allowed [callingPackage: com.hyperxray.an; callingUid: 10578; uidState: TOP ; uidBFSL: [BFSL]; intent: Intent { act=com.hyperxray.an.HYPER_VPN_START xflg=0x4 cmp=com.hyperxray.an/.vpn.HyperVpnService }; code:PROC_STATE_TOP; tempAllowListReason:<null>; allowWiu:12; targetSdkVersion:35; callerTargetSdkVersion:35; startForegroundCount:0; bindFromPackage:null: isBindService:false]
11-29 22:39:22.936  3688  3834 D MediaProjectionManagerServiceStubImpl: handleForegroundServicesChanged
11-29 22:39:22.937  3688  4598 D ActivityManager: Logging startService for com.hyperxray.an, stopped=false, firstLaunch=false, intent=Intent { act=com.hyperxray.an.HYPER_VPN_START xflg=0x4 cmp=com.hyperxray.an/.vpn.HyperVpnService }, r.app=ProcessRecord{7f030e9 17848:com.hyperxray.an:native/u0a578}
11-29 22:39:22.937  3688  5021 D ForegroundServiceState: onForegroundServicesChanged pid =17848 value=4 empty=19
11-29 22:39:22.937  3688  5021 D GreezeManager: onForegroundServicesChanged pid=17848 uid=10578 fg=true
11-29 22:39:22.937 30552 30552 D HyperVpnHelper: âœ… Started HyperVpnService with WARP
11-29 22:39:22.938 17848 17848 D LogFileManager: Log file path: /data/user/0/com.hyperxray.an/files/app_log.txt
11-29 22:39:22.938  3688  5021 D AurogonImmobulusMode: updateAppScore uid =10578 add=true type=2
11-29 22:39:22.939 17848 17848 D HyperVpnService: Telegram notification manager initialized
11-29 22:39:22.939 17848 17848 D HyperVpnService: AI optimizer initialized
11-29 22:39:22.939 17848 17848 D OnnxRuntimeManager: Initializing ONNX Runtime environment
11-29 22:39:22.939 17848 17848 D OnnxRuntimeManager: Loading TLS SNI optimizer model from assets: tls_sni_optimizer_v9.onnx
11-29 22:39:22.948  3688  3878 D BroadcastQueue: Logging broadcast for com.hyperxray.an, stopped=false, firstLaunch=false
11-29 22:39:22.948 30552 30552 D ServiceEventObserver: Log update event received
11-29 22:39:22.949 30552 30552 D MainViewModel: Service event received: LogUpdate(logData=[2025/11/29 22:39:22 [HyperVpnHelper] ðŸ” Checking VPN permission..., 2025/11/29 22:39:22 [HyperVpnHelper] ðŸ” VpnService.prepare() returned: null (permission granted), 2025/11/29 22:39:22 [HyperVpnHelper] âœ… VPN permission already granted, starting service..., 2025/11/29 22:39:22 [HyperVpnHelper] âœ… Started HyperVpnService with WARP])
11-29 22:39:22.954 17848 17848 D OnnxRuntimeManager: Model file size: 1931417 bytes
11-29 22:39:22.959  5685  6009 E Tethering: [api31.BpfCoordinatorShimImpl] ERROR Could not insert entry (iif: 260, dstMac: ea:d5:00:69:7d:df, l4proto: 6, src4: /172.17.41.197, dst4: /52.86.162.68, srcPort: 60864, dstPort: 443, oif: 19, ethDstMac: 00:00:00:00:00:00, ethSrcMac: 00:00:00:00:00:00, ethProto: 2048, pmtu: 1500, src46: /10.109.168.34, dst46: /52.86.162.68, srcPort: 60864, dstPort: 443, lastUsed: 0): android.system.ErrnoException: nativeWriteToMapEntry failed: E2BIG (Argument list too long)
11-29 22:39:22.959  5685  6009 E Tethering: [api31.BpfCoordinatorShimImpl] ERROR Could not insert entry (iif: 19, dstMac: 00:00:00:00:00:00, l4proto: 6, src4: /52.86.162.68, dst4: /10.109.168.34, srcPort: 443, dstPort: 60864, oif: 260, ethDstMac: 18:47:3d:b2:fe:79, ethSrcMac: ea:d5:00:69:7d:df, ethProto: 2048, pmtu: 1500, src46: /52.86.162.68, dst46: /172.17.41.197, srcPort: 443, dstPort: 60864, lastUsed: 0): android.system.ErrnoException: nativeWriteToMapEntry failed: E2BIG (Argument list too long)
11-29 22:39:22.963  5685  6009 E Tethering: [api31.BpfCoordinatorShimImpl] ERROR Could not insert entry (iif: 260, dstMac: ea:d5:00:69:7d:df, l4proto: 6, src4: /172.17.41.197, dst4: /52.21.172.206, srcPort: 60862, dstPort: 443, oif: 19, ethDstMac: 00:00:00:00:00:00, ethSrcMac: 00:00:00:00:00:00, ethProto: 2048, pmtu: 1500, src46: /10.109.168.34, dst46: /52.21.172.206, srcPort: 60862, dstPort: 443, lastUsed: 0): android.system.ErrnoException: nativeWriteToMapEntry failed: E2BIG (Argument list too long)
11-29 22:39:22.963  5685  6009 E Tethering: [api31.BpfCoordinatorShimImpl] ERROR Could not insert entry (iif: 19, dstMac: 00:00:00:00:00:00, l4proto: 6, src4: /52.21.172.206, dst4: /10.109.168.34, srcPort: 443, dstPort: 60862, oif: 260, ethDstMac: 18:47:3d:b2:fe:79, ethSrcMac: ea:d5:00:69:7d:df, ethProto: 2048, pmtu: 1500, src46: /52.21.172.206, dst46: /172.17.41.197, srcPort: 443, dstPort: 60862, lastUsed: 0): android.system.ErrnoException: nativeWriteToMapEntry failed: E2BIG (Argument list too long)
11-29 22:39:22.963 17848 17848 I OnnxRuntimeManager: TLS SNI optimizer model loaded successfully
11-29 22:39:22.963 17848 17848 D OnnxRuntimeManager: Model inputs: tls_features
11-29 22:39:22.963 17848 17848 D OnnxRuntimeManager: Model outputs: service_type, routing_decision
11-29 22:39:22.963 17848 17848 I HyperVpnService: TLS SNI optimizer model loaded successfully
11-29 22:39:22.964 17848 17848 D HyperVpnService: WakeLock acquired to prevent system kill
11-29 22:39:22.964 17848 17848 I HyperVpnService: âœ… Both JNI wrapper and Go library loaded successfully
11-29 22:39:22.964 17848 17848 D HyperVpnService: Initializing socket protector...
11-29 22:39:22.964 17848 17848 I HyperXray-JNI: Initializing socket protector...
11-29 22:39:22.964 17848 17848 D HyperXray-JNI: g_protector set to socket_protector_callback
11-29 22:39:22.964 17848 17848 I HyperXray-Bridge: [Protector] Socket protector set
11-29 22:39:22.964 17848 17848 I HyperXray-Go: [JNI] Socket protector registered
11-29 22:39:22.964 17848 17848 I HyperXray-JNI: Socket protector initialized successfully!
11-29 22:39:22.964 17848 17848 D HyperVpnService: Socket protector initialized
11-29 22:39:22.965 17848 17848 D HyperVpnService: Socket protector initialized successfully
11-29 22:39:22.965 17848 17848 D HyperXray-JNI: setAiLogHelperCallback called
11-29 22:39:22.965 17848 17848 I HyperXray-JNI: AiLogHelper callback set successfully
11-29 22:39:22.965 17848 17848 D HyperVpnService: AiLogHelper callback set for native code
11-29 22:39:22.965 17848 17848 D HyperVpnService: HyperVpnService created
11-29 22:39:22.965 17848 17848 D HyperVpnService: onStartCommand: action=com.hyperxray.an.HYPER_VPN_START
11-29 22:39:22.966  3688  5846 W ForegroundServiceTypeLoggerModule: Foreground service start for UID: 10578 does not have any types
11-29 22:39:22.966  3688  5232 D BackgroundInstallControlService: Package event received: 0
11-29 22:39:22.966  3688  3834 D MediaProjectionManagerServiceStubImpl: handleForegroundServicesChanged
11-29 22:39:22.966  3688  5021 D ForegroundServiceState: onForegroundServicesChanged pid =17848 value=4 empty=19
11-29 22:39:22.966 17848 17848 D HyperVpnService: Foreground service started with placeholder notification
11-29 22:39:22.966  3688  5021 D ForegroundServiceState: onForegroundServicesChanged pid =17848 as={17848}
11-29 22:39:22.966  3688  5021 D AurogonImmobulusMode: updateAppScore uid =10578 add=true type=2
11-29 22:39:22.967  5685  6009 E Tethering: [api31.BpfCoordinatorShimImpl] ERROR Could not insert entry (iif: 260, dstMac: ea:d5:00:69:7d:df, l4proto: 6, src4: /172.17.41.197, dst4: /52.21.172.206, srcPort: 60862, dstPort: 443, oif: 19, ethDstMac: 00:00:00:00:00:00, ethSrcMac: 00:00:00:00:00:00, ethProto: 2048, pmtu: 1500, src46: /10.109.168.34, dst46: /52.21.172.206, srcPort: 60862, dstPort: 443, lastUsed: 0): android.system.ErrnoException: nativeWriteToMapEntry failed: E2BIG (Argument list too long)
11-29 22:39:22.967 17848 18003 D HyperVpnService: ðŸ”§ VPN START: Initializing ConfigRepository...
11-29 22:39:22.967  5685  6009 E Tethering: [api31.BpfCoordinatorShimImpl] ERROR Could not insert entry (iif: 19, dstMac: 00:00:00:00:00:00, l4proto: 6, src4: /52.21.172.206, dst4: /10.109.168.34, srcPort: 443, dstPort: 60862, oif: 260, ethDstMac: 18:47:3d:b2:fe:79, ethSrcMac: ea:d5:00:69:7d:df, ethProto: 2048, pmtu: 1500, src46: /52.21.172.206, dst46: /172.17.41.197, srcPort: 443, dstPort: 60862, lastUsed: 0): android.system.ErrnoException: nativeWriteToMapEntry failed: E2BIG (Argument list too long)
11-29 22:39:22.967 17848 18003 D ConfigRepository: loadConfigs() called
11-29 22:39:22.967 17848 18003 D ConfigRepository: ðŸ”„ LOAD CONFIGS: Starting config files loading
11-29 22:39:22.967 17848 18003 D ConfigRepository: Loading configs from: /data/user/0/com.hyperxray.an/files
11-29 22:39:22.968  3688  3878 D BroadcastQueue: Logging broadcast for com.hyperxray.an, stopped=false, firstLaunch=false
11-29 22:39:22.968  3688  3878 D BroadcastQueue: Logging broadcast for com.hyperxray.an, stopped=false, firstLaunch=false
11-29 22:39:22.968 30552 30552 D MainViewModel: isServiceEnabled updated to true based on hyperVpnState: Connecting
11-29 22:39:22.968 30552 30552 D HyperVpnStateManager: State changed: Connecting(progress=0.1, statusMessage=Initializing...)
11-29 22:39:22.968  3688  3878 D BroadcastQueue: Logging broadcast for com.hyperxray.an, stopped=false, firstLaunch=false
11-29 22:39:22.968 17848 18003 D ConfigRepository: ðŸ”„ LOAD CONFIGS: Loading from directory: /data/user/0/com.hyperxray.an/files
11-29 22:39:22.969  3688  3878 D BroadcastQueue: Logging broadcast for com.hyperxray.an, stopped=false, firstLaunch=false
11-29 22:39:22.969 17848 18003 D ConfigRepository: Found 2 config files in directory
11-29 22:39:22.969 17848 18003 D ConfigRepository: ðŸ”„ LOAD CONFIGS: Found 2 config files: [warp-account.json, youtube tls-aoofyaak.json]
11-29 22:39:22.969 30552 30552 D ServiceEventObserver: Log update event received
11-29 22:39:22.969 30552 30552 D ServiceEventObserver: Log update event received
11-29 22:39:22.969 30552 30552 D ServiceEventObserver: Log update event received
11-29 22:39:22.969  3688  3878 D BroadcastQueue: Logging broadcast for com.hyperxray.an, stopped=false, firstLaunch=false
11-29 22:39:22.969  3688  3878 D BroadcastQueue: Logging broadcast for com.hyperxray.an, stopped=false, firstLaunch=false
11-29 22:39:22.970  3688  3878 D BroadcastQueue: Logging broadcast for com.hyperxray.an, stopped=false, firstLaunch=false
11-29 22:39:22.971 17848 18003 D ConfigRepository: Saved order has 2 files
11-29 22:39:22.971 17848 18003 D ConfigRepository: ðŸ”„ LOAD CONFIGS: Saved order has 2 files: [warp-account.json, youtube tls-aoofyaak.json]
11-29 22:39:22.971 17848 18003 D ConfigRepository: Final config order has 2 files: [warp-account.json, youtube tls-aoofyaak.json]
11-29 22:39:22.971 17848 18003 D ConfigRepository: ðŸ”„ LOAD CONFIGS: Final order has 2 files: [warp-account.json, youtube tls-aoofyaak.json]
11-29 22:39:22.972  3688  3878 D BroadcastQueue: Logging broadcast for com.hyperxray.an, stopped=false, firstLaunch=false
11-29 22:39:22.972  3688  3878 D BroadcastQueue: Logging broadcast for com.hyperxray.an, stopped=false, firstLaunch=false
11-29 22:39:22.972 17848 18003 D ConfigRepository: Config files StateFlow updated with 2 files
11-29 22:39:22.972 17848 18003 I ConfigRepository: âœ… LOAD CONFIGS: StateFlow updated with 2 files
11-29 22:39:22.973  3688  3878 D BroadcastQueue: Logging broadcast for com.hyperxray.an, stopped=false, firstLaunch=false
11-29 22:39:22.973 17848 18003 D ConfigRepository: Looking for selected config: /data/user/0/com.hyperxray.an/files/youtube tls-aoofyaak.json
11-29 22:39:22.973 17848 18003 D ConfigRepository: ðŸ”„ LOAD CONFIGS: Looking for selected config: /data/user/0/com.hyperxray.an/files/youtube tls-aoofyaak.json
11-29 22:39:22.973 17848 18003 D ConfigRepository: Found selected config: youtube tls-aoofyaak.json
11-29 22:39:22.973 17848 18003 D ConfigRepository: âœ… LOAD CONFIGS: Found selected config: youtube tls-aoofyaak.json
11-29 22:39:22.973  3688  3878 D BroadcastQueue: Logging broadcast for com.hyperxray.an, stopped=false, firstLaunch=false
11-29 22:39:22.974 17848 18003 D ConfigRepository: Selected config file set to: youtube tls-aoofyaak.json
11-29 22:39:22.974  3688  3878 D BroadcastQueue: Logging broadcast for com.hyperxray.an, stopped=false, firstLaunch=false
11-29 22:39:22.974 17848 18003 I ConfigRepository: âœ… LOAD CONFIGS: Selected config set to: youtube tls-aoofyaak.json
11-29 22:39:22.974 17848 18003 D HyperVpnService: âœ… VPN START: ConfigRepository initialized - 2 config files, selected: youtube tls-aoofyaak.json
11-29 22:39:22.974  3688  3878 D BroadcastQueue: Logging broadcast for com.hyperxray.an, stopped=false, firstLaunch=false
11-29 22:39:22.975 17848 18003 D HyperVpnService: ðŸ”§ VPN START: Getting WireGuard configuration...
11-29 22:39:22.975  3688  3878 D BroadcastQueue: Logging broadcast for com.hyperxray.an, stopped=false, firstLaunch=false
11-29 22:39:22.975 30552 30552 D DnsCacheCard: âš ï¸ avgHitLatencyMs is invalid: 0.0
11-29 22:39:22.975  3688  3878 D BroadcastQueue: Logging broadcast for com.hyperxray.an, stopped=false, firstLaunch=false
11-29 22:39:22.975 30552 30552 D DnsCacheCard: ðŸ“Š avgMissLatencyMs=0.062344, formatted=0,062 ms
11-29 22:39:22.975  3688  3878 D BroadcastQueue: Logging broadcast for com.hyperxray.an, stopped=false, firstLaunch=false
11-29 22:39:22.978 17848 18003 D WarpUtils: âœ… Derived public key from private key (length: 44)
11-29 22:39:22.978 17848 18003 D WarpManager: âœ… Loaded WARP account from file: /data/user/0/com.hyperxray.an/files/warp-account.json
11-29 22:39:22.978 17848 18003 D HyperVpnService: âœ… WARP CONFIG: Loaded from warp-account.json file
11-29 22:39:22.979  3688  3878 D BroadcastQueue: Logging broadcast for com.hyperxray.an, stopped=false, firstLaunch=false
11-29 22:39:22.979 17848 18003 D HyperVpnService: âœ… WARP CONFIG: Account config validated, converting to JSON...
11-29 22:39:22.979  3688  3878 D BroadcastQueue: Logging broadcast for com.hyperxray.an, stopped=false, firstLaunch=false
11-29 22:39:22.979  3688  3878 D BroadcastQueue: Logging broadcast for com.hyperxray.an, stopped=false, firstLaunch=false
11-29 22:39:22.980 17848 18003 D HyperVpnService: âœ… WARP CONFIG: JSON validated, length: 358 bytes
11-29 22:39:22.980  3688  3878 D BroadcastQueue: Logging broadcast for com.hyperxray.an, stopped=false, firstLaunch=false
11-29 22:39:22.980 17848 18003 D HyperVpnService: ðŸ“‹ WARP CONFIG: Using saved account (first 200 chars): {"privateKey":"qHyp4Zos\/+FL16cVHM2wwWJyEhGCjTCpu0o7dPToQFU=","publicKey":"ANikwX2gHELq+R4Gz3LSiMzNfxtdVex1AB4ywCDDhgM=","address":"172.16.0.2\/32","addressV6":"","dns":"1.1.1.1","mtu":1280,"peerPubli...
11-29 22:39:22.980  3688  3878 D BroadcastQueue: Logging broadcast for com.hyperxray.an, stopped=false, firstLaunch=false
11-29 22:39:22.980 17848 18003 D HyperVpnService: âœ… VPN START: WireGuard config obtained, length: 358 bytes
11-29 22:39:22.981  3688  3878 D BroadcastQueue: Logging broadcast for com.hyperxray.an, stopped=false, firstLaunch=false
11-29 22:39:22.981 17848 18003 D HyperVpnService: ðŸ”§ VPN START: Getting Xray configuration...
11-29 22:39:22.981  3688  3878 D BroadcastQueue: Logging broadcast for com.hyperxray.an, stopped=false, firstLaunch=false
11-29 22:39:22.981 17848 18003 D HyperVpnService: ðŸ”§ VPN START: No Xray config provided, loading from profile...
11-29 22:39:22.982  3688  3878 D BroadcastQueue: Logging broadcast for com.hyperxray.an, stopped=false, firstLaunch=false
11-29 22:39:22.982  3688  3878 D BroadcastQueue: Logging broadcast for com.hyperxray.an, stopped=false, firstLaunch=false
11-29 22:39:22.982 17848 18003 D HyperVpnService: ðŸ” CONFIG LOAD: Initializing ConfigRepository...
11-29 22:39:22.982 17848 18003 D ConfigRepository: Clearing ConfigRepository cache
11-29 22:39:22.983  3688  3878 D BroadcastQueue: Logging broadcast for com.hyperxray.an, stopped=false, firstLaunch=false
11-29 22:39:22.983 17848 18003 D ConfigRepository: ðŸ§¹ CACHE CLEAR: ConfigRepository cache cleared
11-29 22:39:22.983  3688  3878 D BroadcastQueue: Logging broadcast for com.hyperxray.an, stopped=false, firstLaunch=false
11-29 22:39:22.983 17848 18003 D HyperVpnService: ðŸ§¹ CONFIG LOAD: Cache cleared to prevent stale configs
11-29 22:39:22.983 17848 18003 D ConfigRepository: Force reloading configs from disk
11-29 22:39:22.984  3688  3878 D BroadcastQueue: Logging broadcast for com.hyperxray.an, stopped=false, firstLaunch=false
11-29 22:39:22.984 17848 18003 D ConfigRepository: ðŸ”„ FORCE RELOAD: Clearing cache and reloading configs
11-29 22:39:22.984 17848 18003 D ConfigRepository: Clearing ConfigRepository cache
11-29 22:39:22.984  3688  3878 D BroadcastQueue: Logging broadcast for com.hyperxray.an, stopped=false, firstLaunch=false
11-29 22:39:22.984 17848 18003 D ConfigRepository: ðŸ§¹ CACHE CLEAR: ConfigRepository cache cleared
11-29 22:39:22.984 17848 18003 D ConfigRepository: loadConfigs() called
11-29 22:39:22.985  3688  3878 D BroadcastQueue: Logging broadcast for com.hyperxray.an, stopped=false, firstLaunch=false
11-29 22:39:22.985 17848 18003 D ConfigRepository: ðŸ”„ LOAD CONFIGS: Starting config files loading
11-29 22:39:22.985 17848 18003 D ConfigRepository: Loading configs from: /data/user/0/com.hyperxray.an/files
11-29 22:39:22.985  3688  3878 D BroadcastQueue: Logging broadcast for com.hyperxray.an, stopped=false, firstLaunch=false
11-29 22:39:22.985 17848 18003 D ConfigRepository: ðŸ”„ LOAD CONFIGS: Loading from directory: /data/user/0/com.hyperxray.an/files
11-29 22:39:22.985 17848 18003 D ConfigRepository: Found 2 config files in directory
11-29 22:39:22.985  3688  3878 D BroadcastQueue: Logging broadcast for com.hyperxray.an, stopped=false, firstLaunch=false
11-29 22:39:22.986 17848 18003 D ConfigRepository: ðŸ”„ LOAD CONFIGS: Found 2 config files: [warp-account.json, youtube tls-aoofyaak.json]
11-29 22:39:22.986  3688  3878 D BroadcastQueue: Logging broadcast for com.hyperxray.an, stopped=false, firstLaunch=false
11-29 22:39:22.986  3688  3878 D BroadcastQueue: Logging broadcast for com.hyperxray.an, stopped=false, firstLaunch=false
11-29 22:39:22.987 17848 18003 D ConfigRepository: Saved order has 2 files
11-29 22:39:22.987 17848 18003 D ConfigRepository: ðŸ”„ LOAD CONFIGS: Saved order has 2 files: [warp-account.json, youtube tls-aoofyaak.json]
11-29 22:39:22.987 17848 18003 D ConfigRepository: Final config order has 2 files: [warp-account.json, youtube tls-aoofyaak.json]
11-29 22:39:22.987 17848 18003 D ConfigRepository: ðŸ”„ LOAD CONFIGS: Final order has 2 files: [warp-account.json, youtube tls-aoofyaak.json]
11-29 22:39:22.987  3688  3878 D BroadcastQueue: Logging broadcast for com.hyperxray.an, stopped=false, firstLaunch=false
11-29 22:39:22.988  3688  3878 D BroadcastQueue: Logging broadcast for com.hyperxray.an, stopped=false, firstLaunch=false
11-29 22:39:22.988 17848 18003 D ConfigRepository: Config files StateFlow updated with 2 files
11-29 22:39:22.988 17848 18003 I ConfigRepository: âœ… LOAD CONFIGS: StateFlow updated with 2 files
11-29 22:39:22.989  3688  3878 D BroadcastQueue: Logging broadcast for com.hyperxray.an, stopped=false, firstLaunch=false
11-29 22:39:22.989 17848 18003 D ConfigRepository: Looking for selected config: /data/user/0/com.hyperxray.an/files/youtube tls-aoofyaak.json
11-29 22:39:22.989 17848 18003 D ConfigRepository: ðŸ”„ LOAD CONFIGS: Looking for selected config: /data/user/0/com.hyperxray.an/files/youtube tls-aoofyaak.json
11-29 22:39:22.989 17848 18003 D ConfigRepository: Found selected config: youtube tls-aoofyaak.json
11-29 22:39:22.989 17848 18003 D ConfigRepository: âœ… LOAD CONFIGS: Found selected config: youtube tls-aoofyaak.json
11-29 22:39:22.989  3688  3878 D BroadcastQueue: Logging broadcast for com.hyperxray.an, stopped=false, firstLaunch=false
11-29 22:39:22.990 17848 18003 D ConfigRepository: Selected config file set to: youtube tls-aoofyaak.json
11-29 22:39:22.990 17848 18003 I ConfigRepository: âœ… LOAD CONFIGS: Selected config set to: youtube tls-aoofyaak.json
11-29 22:39:22.990  3688  3878 D BroadcastQueue: Logging broadcast for com.hyperxray.an, stopped=false, firstLaunch=false
11-29 22:39:22.990 17848 18003 I ConfigRepository: âœ… FORCE RELOAD: Configs reloaded from disk
11-29 22:39:22.990  3688  3878 D BroadcastQueue: Logging broadcast for com.hyperxray.an, stopped=false, firstLaunch=false
11-29 22:39:22.990 17848 18003 D HyperVpnService: âœ… CONFIG LOAD: forceReloadConfigs() completed
11-29 22:39:22.991  3688  3878 D BroadcastQueue: Logging broadcast for com.hyperxray.an, stopped=false, firstLaunch=false
11-29 22:39:22.991  3688  3878 D BroadcastQueue: Logging broadcast for com.hyperxray.an, stopped=false, firstLaunch=false
11-29 22:39:22.991 17848 18003 D HyperVpnService: ðŸ” CONFIG LOAD: Selected config path from prefs: /data/user/0/com.hyperxray.an/files/youtube tls-aoofyaak.json
11-29 22:39:22.992 17848 18003 D HyperVpnService: âœ… CONFIG LOAD: Using config from StateFlow: youtube tls-aoofyaak.json
11-29 22:39:22.992  3688  3878 D BroadcastQueue: Logging broadcast for com.hyperxray.an, stopped=false, firstLaunch=false
11-29 22:39:22.992 17848 18003 D HyperVpnService: ðŸ” CONFIG LOAD: Active config file: youtube tls-aoofyaak.json
11-29 22:39:22.992 17848 18003 D HyperVpnService: ðŸ” CONFIG LOAD: Config file path: /data/user/0/com.hyperxray.an/files/youtube tls-aoofyaak.json
11-29 22:39:22.992 17848 18003 D HyperVpnService: âœ… CONFIG LOAD: Config file exists, size: 823 bytes
11-29 22:39:22.992  3688  3878 D BroadcastQueue: Logging broadcast for com.hyperxray.an, stopped=false, firstLaunch=false
11-29 22:39:22.992 17848 18003 D HyperVpnService: ðŸ”„ CONFIG LOAD: Reading config directly from disk (ensuring latest version, bypassing cache)
11-29 22:39:22.993  3688  3878 D BroadcastQueue: Logging broadcast for com.hyperxray.an, stopped=false, firstLaunch=false
11-29 22:39:22.993  3688  3878 D BroadcastQueue: Logging broadcast for com.hyperxray.an, stopped=false, firstLaunch=false
11-29 22:39:22.993 17848 18003 I HyperVpnService: âœ… CONFIG LOAD: Config loaded from disk - Hash: 91c081130c6add08..., Size: 823 bytes, LastModified: 1764437757324
11-29 22:39:22.993 17848 18003 D HyperVpnService: âœ… CONFIG LOAD: Config content read, length: 823 bytes
11-29 22:39:22.994  3688  3878 D BroadcastQueue: Logging broadcast for com.hyperxray.an, stopped=false, firstLaunch=false
11-29 22:39:22.994 17848 18003 D HyperVpnService: âœ… CONFIG LOAD: JSON parsed successfully
11-29 22:39:22.994  3688  3878 D BroadcastQueue: Logging broadcast for com.hyperxray.an, stopped=false, firstLaunch=false
11-29 22:39:22.994 17848 18003 D HyperVpnService: âœ… CONFIG LOAD: Found 1 outbound(s)
11-29 22:39:22.994  3688  3878 D BroadcastQueue: Logging broadcast for com.hyperxray.an, stopped=false, firstLaunch=false
11-29 22:39:22.994 17848 18003 D HyperVpnService: ðŸ” CONFIG LOAD: First outbound protocol: vless
11-29 22:39:22.995  3688  3878 D BroadcastQueue: Logging broadcast for com.hyperxray.an, stopped=false, firstLaunch=false
11-29 22:39:22.995  1792 17150 I WifiHAL : event received NL80211_CMD_VENDOR, vendor_id = 0x1374, subcmd = 0xa
11-29 22:39:22.995  2686 17151 D LOWI-9.0.1.118: [LOWI-Scan] wait_event:Wait done with Cmd 103
11-29 22:39:22.995  2686 17151 D LOWI-9.0.1.118: [LOWI-Scan] do_listen_events: Rcvd valid Netlink Cmd 0 Err 0
11-29 22:39:22.995 17848 18003 D HyperVpnService: ðŸ” CONFIG LOAD: Server address: stol.halibiram.online, port: 8443
11-29 22:39:22.995 17848 18003 I HyperVpnService: âœ… CONFIG LOAD: Successfully loaded vless config from profile: stol.halibiram.online:8443
11-29 22:39:22.995  3688  3878 D BroadcastQueue: Logging broadcast for com.hyperxray.an, stopped=false, firstLaunch=false
11-29 22:39:22.995  2585  2585 I cnss-daemon: nl80211 response handler invoked
11-29 22:39:22.995  2585  2585 I cnss-daemon: nl80211_response_handler: cmd 103, vendorID 4980, subcmd 10  received
11-29 22:39:22.995 17848 18003 D HyperVpnService: ðŸ“‹ CONFIG LOAD: Final config JSON length: 451 bytes
11-29 22:39:22.996  3688  3878 D BroadcastQueue: Logging broadcast for com.hyperxray.an, stopped=false, firstLaunch=false
11-29 22:39:22.997 17848 18003 D HyperVpnService: ðŸ“‹ CONFIG LOAD: Final config preview (first 200 chars): {"log":{"loglevel":"warning"},"inbounds":[{"port":10808,"listen":"127.0.0.1","protocol":"socks","settings":{"udp":true}}],"outbounds":[{"protocol":"vless","settings":{"vnext":[{"address":"stol.halibir...
11-29 22:39:22.999 17848 18003 D HyperVpnService: ðŸ” VPN START: Profile config obtained, length: 451 bytes
11-29 22:39:22.999  3688  3878 D BroadcastQueue: Logging broadcast for com.hyperxray.an, stopped=false, firstLaunch=false
11-29 22:39:23.000  3688  3878 D BroadcastQueue: Logging broadcast for com.hyperxray.an, stopped=false, firstLaunch=false
11-29 22:39:23.000 17848 18003 D HyperVpnService: âœ… VPN START: Profile config JSON parsed successfully
11-29 22:39:23.000 17848 18003 D HyperVpnService: âœ… VPN START: Using profile config with 1 outbound(s)
11-29 22:39:23.000 17848 18003 D HyperVpnService: ðŸ”§ VPN START: Validating Xray config format...
11-29 22:39:23.000  3688  3878 D BroadcastQueue: Logging broadcast for com.hyperxray.an, stopped=false, firstLaunch=false
11-29 22:39:23.001 17848 18003 I HyperVpnService: ðŸš€ VPN START: Starting VPN tunnel (WireGuard over Xray-core)...
11-29 22:39:23.001  3688  3878 D BroadcastQueue: Logging broadcast for com.hyperxray.an, stopped=false, firstLaunch=false
11-29 22:39:23.001  3688  3878 D BroadcastQueue: Logging broadcast for com.hyperxray.an, stopped=false, firstLaunch=false
11-29 22:39:23.002 17848 18003 D HyperVpnService: ðŸ“‹ VPN START: WireGuard config type: WARP
11-29 22:39:23.002  3688  3878 D BroadcastQueue: Logging broadcast for com.hyperxray.an, stopped=false, firstLaunch=false
11-29 22:39:23.002 17848 18003 D HyperVpnService: ðŸ“‹ VPN START: Xray config type: VLESS/VMESS profile (protocol: vless)
11-29 22:39:23.002  3688  3878 D BroadcastQueue: Logging broadcast for com.hyperxray.an, stopped=false, firstLaunch=false
11-29 22:39:23.002 17848 18003 D HyperVpnService: ðŸ“‹ VPN START: Final configs - WG: 358 bytes, Xray: 451 bytes
11-29 22:39:23.002  3688  3878 D BroadcastQueue: Logging broadcast for com.hyperxray.an, stopped=false, firstLaunch=false
11-29 22:39:23.003 17848 18003 I HyperVpnService: ðŸ”§ TUN ESTABLISH: Building VPN interface configuration...
11-29 22:39:23.003  3688  3878 D BroadcastQueue: Logging broadcast for com.hyperxray.an, stopped=false, firstLaunch=false
11-29 22:39:23.003  3688  3878 D BroadcastQueue: Logging broadcast for com.hyperxray.an, stopped=false, firstLaunch=false
11-29 22:39:23.003 17848 18003 D HyperVpnService: ðŸ”§ TUN ESTABLISH: Calling builder.establish() with 10s timeout protection...
11-29 22:39:23.004  3688  3878 D BroadcastQueue: Logging broadcast for com.hyperxray.an, stopped=false, firstLaunch=false
11-29 22:39:23.004  3688  3878 D BroadcastQueue: Logging broadcast for com.hyperxray.an, stopped=false, firstLaunch=false
11-29 22:39:23.006 30552 17700 I om.hyperxray.an: Compiler allocated 10138KB to compile kotlin.Unit com.hyperxray.an.feature.dashboard.components.DnsCacheCardKt.DnsCacheCard$lambda$0(java.util.List, com.hyperxray.an.feature.dashboard.DnsCacheStats, androidx.compose.runtime.Composer, int)
11-29 22:39:23.007  3688  5846 D VpnJni  : Address added on tun0: 10.0.0.2/30
11-29 22:39:23.008  3688  5846 D ActivityManager: Logging bindService for com.hyperxray.an, stopped=false, firstLaunch=false
11-29 22:39:23.008  1823  1823 I vendor.qti.hardware.servicetrackeraidl-service: bindService is called for service : com.hyperxray.an/.vpn.HyperVpnService and for client system
11-29 22:39:23.008  1823  1823 I vendor.qti.hardware.servicetrackeraidl-service: total connections for service : com.hyperxray.an/.vpn.HyperVpnServiceare :1
11-29 22:39:23.008  1823  1823 I vendor.qti.hardware.servicetrackeraidl-service: total connections for client : systemare :32
11-29 22:39:23.008 11071 11795 D JavaheapMonitor: Java heap used=23M max=256M, proc: com.miui.daemon
11-29 22:39:23.008 11071 11795 V JavaheapMonitor: Check java heap usage finished! Next check delay: 300000
11-29 22:39:23.009  2686  2885 D LOWI-9.0.1.118: [LOWINetlinkSocketReceiver] unpackRTMLinkMessage: RTM_NEWLINK - ifname tun0, flags 0x1090 ()
11-29 22:39:23.009  2686  2885 D LOWI-9.0.1.118: [LOWINetlinkSocketReceiver] unpackRTMLinkMessage: RTM_NEWLINK - ifname tun0, flags 0x10051 ([UP][RUNNING])
11-29 22:39:23.009  2686  2885 D LOWI-9.0.1.118: [LOWINetlinkSocketReceiver] unpackRTMLinkMessage: RTM_NEWLINK - ifname tun0, flags 0x10051 ([UP][RUNNING])
11-29 22:39:23.009 12969 19819 D PowerKeeper.Vpn: added vpn iface: tun0
11-29 22:39:23.010  2686  2887 D wlc     : Interface change event received
11-29 22:39:23.010  2686  2887 D wlc     : Interface change event received
11-29 22:39:23.010  2686  2887 D wlc     : Interface change event received
11-29 22:39:23.010  3688  4902 D NetdWrapper: NetdWrapper interface add, iface= tun0
11-29 22:39:23.010  3688  5846 D Vpn     : setting state=CONNECTING, reason=establish
11-29 22:39:23.010  3688  5846 D Vpn     : setting state=CONNECTING, reason=agentConnect
11-29 22:39:23.010  3688  5846 I ConnectivityService: Update score for net 448 : +IS_VPN
11-29 22:39:23.011  3688  5846 D ConnectivityService: registerNetworkAgent NetworkAgentInfo{network{448}  handle{1927551045645}  ni{VPN CONNECTING extra: VPN:com.hyperxray.an} created=2025-11-29T19:39:23.011Z Score(Policies : IS_VPN ; KeepConnected : 0)   lp{{InterfaceName: tun0 LinkAddresses: [ 10.0.0.2/30 ] DnsAddresses: [ ] Domains:  MTU: 1280 Routes: [ 0.0.0.0/0 -> 0.0.0.0 tun0 mtu 0,::/0 unreachable mtu 0 ]}}  nc{[ Transports: VPN Capabilities: INTERNET&NOT_RESTRICTED&TRUSTED&NOT_VCN_MANAGED&NOT_BANDWIDTH_CONSTRAINED TransportInfo: <VpnTransportInfo{type=1, sessionId=HyperXray VPN, bypassable=false longLivedTcpConnectionsExpensive=false}> Uids: <{99900000-99999999, 0-99999}> OwnerUid: 10578 AdminUids: [10578] UnderlyingNetworks: Null]}  factorySerialNumber=5}
11-29 22:39:23.011  3688  5846 D Vpn     : setting state=CONNECTED, reason=agentConnect
11-29 22:39:23.011  3688  5846 I Vpn     : Established by com.hyperxray.an on tun0
11-29 22:39:23.011 30552 17700 I om.hyperxray.an: Compiler allocated 6162KB to compile kotlin.Unit com.hyperxray.an.feature.dashboard.DashboardScreenKt.DashboardScreen$lambda$11$0$0$6$1$0(java.util.List, androidx.compose.runtime.State, long, long, long, androidx.compose.runtime.Composer, int)
11-29 22:39:23.011  3688  4952 D ConnectivityService: Message EVENT_NETWORK_INFO_CHANGED enqueued for agent with netId 448
11-29 22:39:23.011 12969 13253 D UserCheckManager: work profile start getUserIds  profileIds => [0, 999]
11-29 22:39:23.011 12969 13253 D UserCheckManager:  getUserIds  userIds => [0, 999]
11-29 22:39:23.012 12969 13253 D UserCheckManager: getRunningUsers isUserRunning :0
11-29 22:39:23.012 12969 13253 D UserCheckManager: getRunningUsers isUserRunning :999
11-29 22:39:23.012 12969 13253 D UserCheckManager: getRunningUsers runningIds => [0, 999]
11-29 22:39:23.012 12969 13253 D PowerKeeper.Vpn: add vpn: user = com.hyperxray.an, uid = 10578, userId = 0
11-29 22:39:23.012 17848 18003 I HyperVpnService: âœ… TUN ESTABLISH: VPN interface established successfully (fd=164, duration: 9ms)
11-29 22:39:23.012 17848 18003 D HyperVpnService: VPN interface established successfully (fd=164, duration: 9ms)
11-29 22:39:23.012 17848 18003 D HyperXray-JNI: isNativeLibraryReady called, goLibraryLoaded=1
11-29 22:39:23.012 17848 18003 D HyperVpnService: ðŸ“‹ VPN START: WARP endpoint (original): engage.cloudflareclient.com:2408
11-29 22:39:23.012 12969 13253 I AppActiveChecker: uid:10578 change to active
11-29 22:39:23.013 12969 13253 I ActiveStateController: Vpn connect, uid is 10578, dfsPower is f.c@44aaf5b
11-29 22:39:23.013  3688  3878 D BroadcastQueue: Logging broadcast for com.hyperxray.an, stopped=false, firstLaunch=false
11-29 22:39:23.013 17848 18003 D HyperVpnService: ðŸ” Resolving endpoint hostname: engage.cloudflareclient.com
11-29 22:39:23.014  3688  3878 D BroadcastQueue: Logging broadcast for com.hyperxray.an, stopped=false, firstLaunch=false
11-29 22:39:23.014 12969 13323 I PowerKeeperConfigureManager: Vpn connect, uid is 10578
11-29 22:39:23.014 17848 18003 I HyperVpnService: âœ… Resolved endpoint: engage.cloudflareclient.com:2408 -> 162.159.192.1:2408
11-29 22:39:23.015 17848 18003 D HyperVpnService: ðŸ“‹ VPN START: Updated WireGuard config with resolved endpoint
11-29 22:39:23.015  5685 31005 D NetworkMonitor/448: Sim state is ready, return original context.
11-29 22:39:23.015  3688  3878 D BroadcastQueue: Logging broadcast for com.hyperxray.an, stopped=false, firstLaunch=false
11-29 22:39:23.015 17848 18003 D HyperVpnService: ðŸ“‹ VPN START: WARP endpoint (resolved): 162.159.192.1:2408
11-29 22:39:23.016  3688  3878 D BroadcastQueue: Logging broadcast for com.hyperxray.an, stopped=false, firstLaunch=false
11-29 22:39:23.016  3688  4952 D ConnectivityService: [448 CELLULAR|VPN] EVENT_NETWORK_INFO_CHANGED, going from CONNECTING to CONNECTING
11-29 22:39:23.016 17848 18003 D HyperVpnService: ðŸ“‹ VPN START: WARP private key length: 44
11-29 22:39:23.016  3688  3878 D BroadcastQueue: Logging broadcast for com.hyperxray.an, stopped=false, firstLaunch=false
11-29 22:39:23.016  3688  4952 D ConnectivityService: Adding iface tun0 to network 448
11-29 22:39:23.016  5685 21389 D NetworkMonitor/448: Sim state is ready, return original context.
11-29 22:39:23.016 17848 18003 D HyperVpnService: âœ… VPN START: Configs validated - WG: 344 bytes, Xray: 451 bytes
11-29 22:39:23.016  3688  3878 D BroadcastQueue: Logging broadcast for com.hyperxray.an, stopped=false, firstLaunch=false
11-29 22:39:23.016  5685 21389 D NetworkMonitor/448: checkAndRenewResourceConfig: update captive portal https urls to [https://www.google.com/generate_204]
11-29 22:39:23.017 17848 18003 D HyperVpnService: âœ… VPN START: TUN fd detached: 164
11-29 22:39:23.017 17848 18003 I HyperVpnService: ðŸš€ VPN START: Calling startHyperTunnel native function...
11-29 22:39:23.017  5685 21389 D NetworkMonitor/448: checkAndRenewResourceConfig: update captive portal http urls to [http://connectivitycheck.gstatic.com/generate_204]
11-29 22:39:23.017  5685 21389 D NetworkMonitor/448: checkAndRenewResourceConfig: update captive portal fallback urls to[http://www.google.com/gen_204, http://play.googleapis.com/generate_204]
11-29 22:39:23.017  5685 21389 D NetworkMonitor: Starting on network 448 with capport HTTPS URL [https://www.google.com/generate_204] and HTTP URL [http://connectivitycheck.gstatic.com/generate_204]
11-29 22:39:23.017 17848 18003 D HyperVpnService: ðŸ“‹ VPN START: Native call params - tunFd: 164, wgConfig: 344 bytes, xrayConfig: 451 bytes
11-29 22:39:23.017  3688  3878 D BroadcastQueue: Logging broadcast for com.hyperxray.an, stopped=false, firstLaunch=false
11-29 22:39:23.018 17848 18003 D HyperVpnService: ðŸ“‹ VPN START: Native lib dir: /data/app/~~wuoKy6gtIgryreWPpRL5Gg==/com.hyperxray.an-da1S4GsD8P7HPVRwvzU-KQ==/lib/arm64, Files dir: /data/user/0/com.hyperxray.an/files
11-29 22:39:23.018  3688  3878 D BroadcastQueue: Logging broadcast for com.hyperxray.an, stopped=false, firstLaunch=false
11-29 22:39:23.018  3688  3878 D BroadcastQueue: Logging broadcast for com.hyperxray.an, stopped=false, firstLaunch=false
11-29 22:39:23.019 17848 18003 W ConfigInjector: âš ï¸ CONFIG API PORT: Invalid API port (0), using default: 65276
11-29 22:39:23.019  3688  3878 D BroadcastQueue: Logging broadcast for com.hyperxray.an, stopped=false, firstLaunch=false
11-29 22:39:23.019 17848 18003 D ConfigInjector: ðŸ”§ CONFIG API PORT: Injecting API port: 65276
11-29 22:39:23.019 17848 18003 D ConfigInjector: âœ… CONFIG API PORT: API port injected (port: 65276, duration: 0ms)
11-29 22:39:23.020  3688  3878 D BroadcastQueue: Logging broadcast for com.hyperxray.an, stopped=false, firstLaunch=false
11-29 22:39:23.020 17848 18003 D HyperVpnService: âœ… VPN START: gRPC StatsService injected (port: 65276) - libhyperxray.so iÃ§indeki Xray-core kullanÄ±lacak
11-29 22:39:23.020 17848 18003 I HyperXray-JNI: startHyperTunnel called with tunFd=164
11-29 22:39:23.020 17848 18003 D HyperXray-JNI: Calling Go StartHyperTunnel...
11-29 22:39:23.020 17848 18003 I HyperXray-Go: ========================================
11-29 22:39:23.020 17848 18003 I HyperXray-Go: StartHyperTunnel called
11-29 22:39:23.020 17848 18003 I HyperXray-Go: ========================================
11-29 22:39:23.020  3688  3878 D BroadcastQueue: Logging broadcast for com.hyperxray.an, stopped=false, firstLaunch=false
11-29 22:39:23.020  3688  3878 D BroadcastQueue: Logging broadcast for com.hyperxray.an, stopped=false, firstLaunch=false
11-29 22:39:23.027  3688  4952 D ConnectivityService: Setting DNS servers for network 448 to []
11-29 22:39:23.027  3688  4952 D DnsManager: sendDnsConfigurationForNetwork(ResolverParamsParcel{netId: 448, sampleValiditySeconds: 1800, successThreshold: 25, minSamples: 8, maxSamples: 64, baseTimeoutMsec: 0, retryCount: 0, servers: [], domains: [], tlsName: , tlsServers: [], tlsFingerprints: [], caCertificate: , tlsConnectTimeoutMs: 0, resolverOptions: null, transportTypes: [0, 4], meteredNetwork: true, dohParams: null, interfaceNames: [tun0]})
11-29 22:39:23.036  3688  4952 D InetDiagMessage: Destroyed 1 sockets, proto=IPPROTO_TCP, family=AF_INET, states=14
11-29 22:39:23.036  3688  4952 D InetDiagMessage: Destroyed 6 sockets, proto=IPPROTO_TCP, family=AF_INET6, states=14
11-29 22:39:23.037  3688  4952 D InetDiagMessage: Destroyed live tcp sockets for uids={[99900000, 99999999], [0, 99999]} exemptUids={1016, 10578} in 1ms
11-29 22:39:23.037 12087 21281 W PushService: [Tid:1400] [Slim] read Blob [] Err:Software caused connection abort
11-29 22:39:23.037 12087 12510 W PushService: [Tid:552] [Job] shutdown the connection. 9, java.net.SocketException: Software caused connection abort
11-29 22:39:23.037 12087 12510 W PushService: [Tid:552] disconnect 70330450, 202854356
11-29 22:39:23.037  3688  6372 D Aurogon :  packageName = com.google.android.gms isAllowWakeUpList 
11-29 22:39:23.037  3688  6372 D Aurogon :  packageName = com.google.android.gms isAllowWakeUpList 
11-29 22:39:23.037  3688  4952 D InetDiagMessage: Destroyed 0 sockets, proto=IPPROTO_TCP, family=AF_INET, states=14
11-29 22:39:23.037 12087 12510 W PushService: java.net.SocketException: Broken pipe
11-29 22:39:23.037 12087 12510 W PushService: 	at java.net.SocketOutputStream.socketWrite0(Native Method)
11-29 22:39:23.037 12087 12510 W PushService: 	at java.net.SocketOutputStream.socketWrite(SocketOutputStream.java:116)
11-29 22:39:23.037 12087 12510 W PushService: 	at java.net.SocketOutputStream.write(SocketOutputStream.java:156)
11-29 22:39:23.037 12087 12510 W PushService: 	at java.io.BufferedOutputStream.flushBuffer(BufferedOutputStream.java:81)
11-29 22:39:23.037 12087 12510 W PushService: 	at java.io.BufferedOutputStream.flush(BufferedOutputStream.java:142)
11-29 22:39:23.037 12087 12510 W PushService: 	at u4.d.b(Unknown Source:203)
11-29 22:39:23.037 12087 12510 W PushService: 	at u4.g.a(Unknown Source:29)
11-29 22:39:23.037 12087 12510 W PushService: 	at com.xiaomi.push.service.XMPushService.g(Unknown Source:48)
11-29 22:39:23.037 12087 12510 W PushService: 	at v4.h.b(Unknown Source:8)
11-29 22:39:23.037 12087 12510 W PushService: 	at l4.j1.run(Unknown Source:18)
11-29 22:39:23.037 12087 12510 W PushService: 	at l4.k.run(Unknown Source:189)
11-29 22:39:23.037 12087 12510 W PushService: [Tid:552] update the connection status. connected -> disconnected : ERROR_READ_ERROR 
11-29 22:39:23.038  3688  4952 D InetDiagMessage: Destroyed 0 sockets, proto=IPPROTO_TCP, family=AF_INET6, states=14
11-29 22:39:23.038  3688  4952 D InetDiagMessage: Destroyed live tcp sockets for uids={[99900000, 99999999], [0, 99999]} exemptUids={1016, 10578} in 1ms
11-29 22:39:23.038 12087 12510 W PushService: [Tid:552] current sdk expect region is global
11-29 22:39:23.038 12087 12510 W PushService: [Tid:552] schedule reconnect in 300000ms
11-29 22:39:23.039 12087 12510 W PushService: [Tid:552] max short conn time reached, sink down current host:47.241.30.51:5222
11-29 22:39:23.039 10846 10962 W msys    : W[I wam]_WAMTransportPrivateLogUploadMessageWithDefaultLevel(52)=>privatestats/wameta/transport/connection_unavailable - stopping timer
11-29 22:39:23.039 10846 11030 E msys    : E[N mns]_OnDiskCacheGetData(632)=>Start post callback cache refresh DNS resolution
11-29 22:39:23.040 12087 12510 W PushService: [Tid:552] onChange unbind
11-29 22:39:23.040 12087 12510 W PushService: [Tid:552] update the client 5 status. binded->unbind CLOSE ERROR_READ_ERROR null null
