11-29 22:39:08.689  5685  6009 E Tethering: [api31.BpfCoordinatorShimImpl] ERROR Could not insert entry (iif: 19, dstMac: 00:00:00:00:00:00, l4proto: 6, src4: /54.235.105.47, dst4: /10.109.168.34, srcPort: 443, dstPort: 60444, oif: 260, ethDstMac: 18:47:3d:b2:fe:79, ethSrcMac: ea:d5:00:69:7d:df, ethProto: 2048, pmtu: 1500, src46: /54.235.105.47, dst46: /172.17.41.197, srcPort: 443, dstPort: 60444, lastUsed: 0): android.system.ErrnoException: nativeWriteToMapEntry failed: E2BIG (Argument list too long)
11-29 22:39:08.689  5685  6009 E Tethering: [api31.BpfCoordinatorShimImpl] ERROR Could not insert entry (iif: 260, dstMac: ea:d5:00:69:7d:df, l4proto: 6, src4: /172.17.41.197, dst4: /52.71.196.231, srcPort: 60846, dstPort: 443, oif: 19, ethDstMac: 00:00:00:00:00:00, ethSrcMac: 00:00:00:00:00:00, ethProto: 2048, pmtu: 1500, src46: /10.109.168.34, dst46: /52.71.196.231, srcPort: 60846, dstPort: 443, lastUsed: 0): android.system.ErrnoException: nativeWriteToMapEntry failed: E2BIG (Argument list too long)
11-29 22:39:08.689  5685  6009 E Tethering: [api31.BpfCoordinatorShimImpl] ERROR Could not insert entry (iif: 19, dstMac: 00:00:00:00:00:00, l4proto: 6, src4: /52.71.196.231, dst4: /10.109.168.34, srcPort: 443, dstPort: 60846, oif: 260, ethDstMac: 18:47:3d:b2:fe:79, ethSrcMac: ea:d5:00:69:7d:df, ethProto: 2048, pmtu: 1500, src46: /52.71.196.231, dst46: /172.17.41.197, srcPort: 443, dstPort: 60846, lastUsed: 0): android.system.ErrnoException: nativeWriteToMapEntry failed: E2BIG (Argument list too long)
11-29 22:39:08.754  5949  6960 E PhoneAdapter: get ntnphones failed, exception: java.lang.IllegalStateException: not support satellite!
11-29 22:39:08.756  3688  4946 D AmlWifiScoreReportInjector: in blackList, Prevent Ping-pong
11-29 22:39:08.756  3688  4902 W WifiScoreReport: Ignoring stale/invalid external score sessionId=3906 currentSessionId=-1 score=49
11-29 22:39:08.840  2743  4967 I libsensor-boledalgo: dbv:352,lux:84.8,cct:5261.5,hsv:-1.0,CWB R:14071.9,G:13747.9,B:12017.2Event C:3024.7,R:1653.1,G:1197.5,B:489.6Cali C:337.7,R:242.1,G:170.0,B:55.7 
11-29 22:39:08.841  2743  4967 I libsensor-boledalgo: dbv:352,lux:84.6,cct:5323.9,hsv:-1.0,CWB R:14071.9,G:13747.9,B:12017.2Event C:3022.7,R:1642.1,G:1193.4,B:491.9Cali C:337.7,R:242.1,G:170.0,B:55.7 
11-29 22:39:08.841  2743  4967 I libsensor-boledalgo: dbv:352,lux:85.3,cct:5268.6,hsv:-1.0,CWB R:14071.9,G:13747.9,B:12017.2Event C:3028.0,R:1646.9,G:1201.0,B:489.8Cali C:337.7,R:242.1,G:170.0,B:55.7 
11-29 22:39:08.843  2743  4967 I libsensor-boledalgo: dbv:352,lux:84.7,cct:5323.1,hsv:-1.0,CWB R:14071.9,G:13747.9,B:12017.2Event C:3027.0,R:1642.1,G:1191.6,B:492.1Cali C:337.7,R:242.1,G:170.0,B:55.7 
11-29 22:39:08.843  2743  4967 I libsensor-boledalgo: dbv:352,lux:85.9,cct:5201.1,hsv:-1.0,CWB R:14071.9,G:13747.9,B:12017.2Event C:3043.7,R:1648.9,G:1198.4,B:487.0Cali C:337.7,R:242.1,G:170.0,B:55.7 
11-29 22:39:08.844  2743  4967 I libsensor-boledalgo: dbv:352,lux:85.6,cct:5284.7,hsv:-1.0,CWB R:14071.9,G:13747.9,B:12017.2Event C:3042.1,R:1653.4,G:1205.0,B:492.9Cali C:337.7,R:242.1,G:170.0,B:55.7 
11-29 22:39:08.865 17848 21082 D DnsCacheManager: ðŸ“Š Synced latency from SharedPreferences: avgHitLatency=0,000ms, avgMissLatency=0,062ms
11-29 22:39:08.918  5949  5949 D QtiLinkBandwidthEstimator-1: handleMessage: 2
11-29 22:39:08.918  5949  5949 D QtiLinkBandwidthEstimator-1: MSG_TRAFFIC_STATS_POLL
11-29 22:39:08.918 19712 19876 D JavaheapMonitor: Java heap used=5M max=256M, proc: com.google.android.apps.docs
11-29 22:39:08.919 19712 19876 V JavaheapMonitor: Check java heap usage finished! Next check delay: 300000
11-29 22:39:08.929  5949  5949 D QtiLinkBandwidthEstimator-1: isDataPacketsCaluclationOnEachSimSeperately : true
11-29 22:39:08.929  5949  5949 D QtiLinkBandwidthEstimator-0: handleMessage: 2
11-29 22:39:08.929  5949  5949 D QtiLinkBandwidthEstimator-0: MSG_TRAFFIC_STATS_POLL
11-29 22:39:08.929  5949  5949 D QtiLinkBandwidthEstimator-0: isDataPacketsCaluclationOnEachSimSeperately : true
11-29 22:39:09.052  2743  4967 I libsensor-boledalgo: dbv:352,lux:85.1,cct:5229.6,hsv:-1.0,CWB R:14071.9,G:13747.9,B:12017.2Event C:3026.0,R:1644.5,G:1192.3,B:486.5Cali C:337.7,R:242.1,G:170.0,B:55.7 
11-29 22:39:09.052  2743  4967 I libsensor-boledalgo: dbv:352,lux:84.5,cct:5328.3,hsv:-1.0,CWB R:14071.9,G:13747.9,B:12017.2Event C:3019.0,R:1640.7,G:1192.1,B:491.6Cali C:337.7,R:242.1,G:170.0,B:55.7 
11-29 22:39:09.053  2743  4967 I libsensor-boledalgo: dbv:352,lux:85.2,cct:5250.1,hsv:-1.0,CWB R:14071.9,G:13747.9,B:12017.2Event C:3038.4,R:1653.4,G:1195.5,B:490.0Cali C:337.7,R:242.1,G:170.0,B:55.7 
11-29 22:39:09.053  2743  4967 I libsensor-boledalgo: dbv:352,lux:84.2,cct:5393.3,hsv:-1.0,CWB R:14071.9,G:13747.9,B:12017.2Event C:3017.3,R:1644.0,G:1196.4,B:495.9Cali C:337.7,R:242.1,G:170.0,B:55.7 
11-29 22:39:09.075 30552 30552 D DnsCacheManager: DnsCacheManager already initialized, ensuring metrics job is running...
11-29 22:39:09.076 30552 30552 D DnsCacheManager: âœ… Metrics job is already running (isActive=true)
11-29 22:39:09.076 30552 30552 I MainViewModelDashboardAdapter: âœ… DNS cache stats StateFlow connected: entries=1, hits=0, misses=1, hitRate=0%
11-29 22:39:09.076 30552 17742 D DnsCacheManager: âœ… Metrics job is already running (isActive=true)
11-29 22:39:09.179 30552 17742 D DnsCacheManager: ðŸ“Š Synced latency from SharedPreferences: avgHitLatency=0,000ms, avgMissLatency=0,062ms
11-29 22:39:09.180 30552 30552 D MainViewModelDashboardAdapter: ðŸ“Š toFeatureState: avgHitLatencyMs=0.0, avgMissLatencyMs=0.062344
11-29 22:39:09.265  2743  4967 I libsensor-boledalgo: dbv:352,lux:85.0,cct:5285.4,hsv:-1.0,CWB R:14071.9,G:13747.9,B:12017.2Event C:3032.2,R:1649.6,G:1197.5,B:491.3Cali C:337.7,R:242.1,G:170.0,B:55.7 
11-29 22:39:09.266  2743  4967 I libsensor-boledalgo: dbv:352,lux:84.4,cct:5355.2,hsv:-1.0,CWB R:14071.9,G:13747.9,B:12017.2Event C:3024.0,R:1647.7,G:1196.8,B:494.6Cali C:337.7,R:242.1,G:170.0,B:55.7 
11-29 22:39:09.267  2743  4967 I libsensor-boledalgo: dbv:352,lux:85.3,cct:5211.0,hsv:-1.0,CWB R:14071.9,G:13747.9,B:12017.2Event C:3030.4,R:1653.4,G:1199.5,B:487.0Cali C:337.7,R:242.1,G:170.0,B:55.7 
11-29 22:39:09.267  2743  4967 I libsensor-boledalgo: dbv:352,lux:84.8,cct:5356.3,hsv:-1.0,CWB R:14071.9,G:13747.9,B:12017.2Event C:3028.5,R:1645.8,G:1199.7,B:495.0Cali C:337.7,R:242.1,G:170.0,B:55.7 
11-29 22:39:09.268  2743  4967 I libsensor-boledalgo: dbv:352,lux:85.2,cct:5277.5,hsv:-1.0,CWB R:14071.9,G:13747.9,B:12017.2Event C:3036.9,R:1652.1,G:1199.0,B:491.6Cali C:337.7,R:242.1,G:170.0,B:55.7 
11-29 22:39:09.364 17848 17938 D HyperXray-Bridge: [WireGuard] peer(bmXOâ€¦fgyo) - Retrying handshake because we stopped hearing back after 15 seconds
11-29 22:39:09.364 17848 17938 D HyperXray-Bridge: [WireGuard] peer(bmXOâ€¦fgyo) - Sending handshake initiation
11-29 22:39:09.367 17848 21082 D DnsCacheManager: ðŸ“Š Synced latency from SharedPreferences: avgHitLatency=0,000ms, avgMissLatency=0,062ms
11-29 22:39:09.431 13712 16792 D JavaheapMonitor: Java heap used=12M max=256M, proc: com.miui.securitycenter.remote
11-29 22:39:09.431 13712 16792 V JavaheapMonitor: Check java heap usage finished! Next check delay: 300000
11-29 22:39:09.479  2743  4967 I libsensor-boledalgo: dbv:352,lux:85.5,cct:5226.7,hsv:-1.0,CWB R:14071.9,G:13747.9,B:12017.2Event C:3039.1,R:1655.3,G:1201.2,B:489.1Cali C:337.7,R:242.1,G:170.0,B:55.7 
11-29 22:39:09.479  2743  4967 I libsensor-boledalgo: dbv:352,lux:84.8,cct:5308.5,hsv:-1.0,CWB R:14071.9,G:13747.9,B:12017.2Event C:3028.4,R:1651.3,G:1199.2,B:492.7Cali C:337.7,R:242.1,G:170.0,B:55.7 
11-29 22:39:09.480  2743  4967 I libsensor-boledalgo: dbv:352,lux:85.6,cct:5256.3,hsv:-1.0,CWB R:14071.9,G:13747.9,B:12017.2Event C:3038.9,R:1653.4,G:1203.9,B:490.8Cali C:337.7,R:242.1,G:170.0,B:55.7 
11-29 22:39:09.480  2743  4967 I libsensor-boledalgo: dbv:352,lux:84.8,cct:5320.3,hsv:-1.0,CWB R:14071.9,G:13747.9,B:12017.2Event C:3020.2,R:1645.3,G:1200.1,B:492.1Cali C:337.7,R:242.1,G:170.0,B:55.7 
11-29 22:39:09.681 30552 17742 D DnsCacheManager: ðŸ“Š Synced latency from SharedPreferences: avgHitLatency=0,000ms, avgMissLatency=0,062ms
11-29 22:39:09.682 30552 30552 D MainViewModelDashboardAdapter: ðŸ“Š toFeatureState: avgHitLatencyMs=0.0, avgMissLatencyMs=0.062344
11-29 22:39:09.691  2743  4967 I libsensor-boledalgo: dbv:352,lux:85.5,cct:5187.8,hsv:-1.0,CWB R:14071.9,G:13747.9,B:12017.2Event C:3037.1,R:1648.3,G:1192.3,B:485.3Cali C:337.7,R:242.1,G:170.0,B:55.7 
11-29 22:39:09.691  2743  4967 I libsensor-boledalgo: dbv:352,lux:84.6,cct:5346.5,hsv:-1.0,CWB R:14071.9,G:13747.9,B:12017.2Event C:3031.8,R:1644.9,G:1191.0,B:494.2Cali C:337.7,R:242.1,G:170.0,B:55.7 
11-29 22:39:09.692  2743  4967 I libsensor-boledalgo: dbv:352,lux:84.5,cct:5288.9,hsv:-1.0,CWB R:14071.9,G:13747.9,B:12017.2Event C:3017.1,R:1648.8,G:1196.5,B:490.1Cali C:337.7,R:242.1,G:170.0,B:55.7 
11-29 22:39:09.868 17848 21082 D DnsCacheManager: ðŸ“Š Synced latency from SharedPreferences: avgHitLatency=0,000ms, avgMissLatency=0,062ms
11-29 22:39:09.902  2743  4967 I libsensor-boledalgo: dbv:352,lux:85.2,cct:5346.7,hsv:-1.0,CWB R:14071.9,G:13747.9,B:12017.2Event C:3030.4,R:1640.6,G:1200.6,B:494.2Cali C:337.7,R:242.1,G:170.0,B:55.7 
11-29 22:39:09.904  2743  4967 I libsensor-boledalgo: dbv:352,lux:85.1,cct:5271.2,hsv:-1.0,CWB R:14071.9,G:13747.9,B:12017.2Event C:3033.7,R:1648.0,G:1195.5,B:490.3Cali C:337.7,R:242.1,G:170.0,B:55.7 
11-29 22:39:09.905  2743  4967 I libsensor-boledalgo: dbv:352,lux:85.1,cct:5206.8,hsv:-1.0,CWB R:14071.9,G:13747.9,B:12017.2Event C:3007.4,R:1630.4,G:1191.8,B:482.0Cali C:337.7,R:242.1,G:170.0,B:55.7 
11-29 22:39:09.906  2743  4967 I libsensor-boledalgo: dbv:352,lux:85.5,cct:5311.4,hsv:-1.0,CWB R:14071.9,G:13747.9,B:12017.2Event C:3041.8,R:1651.5,G:1204.9,B:494.4Cali C:337.7,R:242.1,G:170.0,B:55.7 
11-29 22:39:09.906  2743  4967 I libsensor-boledalgo: dbv:352,lux:85.0,cct:5214.4,hsv:-1.0,CWB R:14071.9,G:13747.9,B:12017.2Event C:3025.2,R:1644.0,G:1190.2,B:485.4Cali C:337.7,R:242.1,G:170.0,B:55.7 
11-29 22:39:09.907  2743  4967 I libsensor-boledalgo: dbv:352,lux:85.0,cct:5352.9,hsv:-1.0,CWB R:14071.9,G:13747.9,B:12017.2Event C:3034.2,R:1651.5,G:1203.4,B:496.1Cali C:337.7,R:242.1,G:170.0,B:55.7 
11-29 22:39:09.907  2743  4967 I libsensor-boledalgo: dbv:352,lux:85.3,cct:5199.8,hsv:-1.0,CWB R:14071.9,G:13747.9,B:12017.2Event C:3024.5,R:1643.4,G:1194.3,B:484.5Cali C:337.7,R:242.1,G:170.0,B:55.7 
11-29 22:39:09.907  2743  4967 I libsensor-boledalgo: dbv:352,lux:84.6,cct:5329.5,hsv:-1.0,CWB R:14071.9,G:13747.9,B:12017.2Event C:3032.6,R:1651.4,G:1195.7,B:494.2Cali C:337.7,R:242.1,G:170.0,B:55.7 
11-29 22:39:09.929  5949  5949 D QtiLinkBandwidthEstimator-1: handleMessage: 2
11-29 22:39:09.929  5949  5949 D QtiLinkBandwidthEstimator-1: MSG_TRAFFIC_STATS_POLL
11-29 22:39:09.942  5949  5949 D QtiLinkBandwidthEstimator-1: isDataPacketsCaluclationOnEachSimSeperately : true
11-29 22:39:09.942  5949  5949 D QtiLinkBandwidthEstimator-0: handleMessage: 2
11-29 22:39:09.942  5949  5949 D QtiLinkBandwidthEstimator-0: MSG_TRAFFIC_STATS_POLL
11-29 22:39:09.942  5949  5949 D QtiLinkBandwidthEstimator-0: isDataPacketsCaluclationOnEachSimSeperately : true
11-29 22:39:10.077 30552 30552 D DnsCacheManager: DnsCacheManager already initialized, ensuring metrics job is running...
11-29 22:39:10.077 30552 30552 D DnsCacheManager: âœ… Metrics job is already running (isActive=true)
11-29 22:39:10.077 30552 30552 I MainViewModelDashboardAdapter: âœ… DNS cache stats StateFlow connected: entries=1, hits=0, misses=1, hitRate=0%
11-29 22:39:10.078 30552 17742 D DnsCacheManager: âœ… Metrics job is already running (isActive=true)
11-29 22:39:10.115  2743  4967 I libsensor-boledalgo: dbv:352,lux:85.6,cct:5207.7,hsv:-1.0,CWB R:14071.9,G:13747.9,B:12017.2Event C:3029.2,R:1643.1,G:1197.0,B:485.5Cali C:337.7,R:242.1,G:170.0,B:55.7 
11-29 22:39:10.115  2743  4967 I libsensor-boledalgo: dbv:352,lux:85.0,cct:5291.5,hsv:-1.0,CWB R:14071.9,G:13747.9,B:12017.2Event C:3028.2,R:1650.2,G:1201.0,B:491.6Cali C:337.7,R:242.1,G:170.0,B:55.7 
11-29 22:39:10.117  2743  4967 I libsensor-boledalgo: dbv:352,lux:85.8,cct:5236.0,hsv:-1.0,CWB R:14071.9,G:13747.9,B:12017.2Event C:3033.8,R:1648.9,G:1205.4,B:488.7Cali C:337.7,R:242.1,G:170.0,B:55.7 
11-29 22:39:10.119  2743  4967 I libsensor-boledalgo: dbv:352,lux:84.1,cct:5346.8,hsv:-1.0,CWB R:14071.9,G:13747.9,B:12017.2Event C:3016.9,R:1648.4,G:1195.1,B:493.4Cali C:337.7,R:242.1,G:170.0,B:55.7 
11-29 22:39:10.124  3688  4716 W ActivityManagerServiceImpl: Sending non-protected broadcast miui.intent.action.CYCLE_CHECK from system uid 1000 pkg android. Callers=com.android.server.am.BroadcastController.checkBroadcastFromSystem:2218 com.android.server.am.BroadcastController.broadcastIntentLockedTraced:1703 com.android.server.am.BroadcastController.broadcastIntentLocked:857 com.android.server.am.BroadcastController.broadcastIntentInPackage:824 com.android.server.am.ActivityManagerService$LocalService.broadcastIntentInPackage:18623 
11-29 22:39:10.124  3688  4716 D AlarmManager: mBroadcastRefCount -> 1
11-29 22:39:10.132  3688  3688 E AlarmManager: not align this alarm: Alarm{d39e5e2 type 2 origWhen 222409592 whenElapsed 222409592 android}, reason=0
11-29 22:39:10.132  3688  3688 D BroadcastQueue: Logging broadcast for android, stopped=false, firstLaunch=false
11-29 22:39:10.132  1838  1838 I vendor.xiaomi.hardware.micharge-service: ReadFilePathValue path = /sys/class/power_supply/battery/temp value = 335
11-29 22:39:10.133  3688  3818 E IMiCharge: MiCharge method 9 val = 335
11-29 22:39:10.133  3688  3688 D BroadcastQueue: Logging broadcast for android, stopped=false, firstLaunch=false
11-29 22:39:10.133  1838  1838 I vendor.xiaomi.hardware.micharge-service: ReadFilePathValue path = /sys/class/xm_power/charger/charger_thermal/wired_ctrl_limit value = 7
11-29 22:39:10.134  3688  3688 D AlarmManager: mBroadcastRefCount -> 0
11-29 22:39:10.134  3688  3688 D AlarmManager: mPendingIntent -> PendingIntent{ccacd04: PendingIntentRecord{1e8b2ed android broadcastIntent}}
11-29 22:39:10.134  3688  3818 E IMiCharge: MiCharge method 10 val = 7
11-29 22:39:10.183 30552 17742 D DnsCacheManager: ðŸ“Š Synced latency from SharedPreferences: avgHitLatency=0,000ms, avgMissLatency=0,062ms
11-29 22:39:10.183 30552 17742 V DnsCacheManager: ðŸ“Š StateFlow updated: entries=1, hits=0, misses=1, hitRate=0%, avgHitLatency=0,000ms
11-29 22:39:10.183 30552 30552 D MainViewModelDashboardAdapter: ðŸ“Š toFeatureState: avgHitLatencyMs=0.0, avgMissLatencyMs=0.062344
11-29 22:39:10.327  2743  4967 I libsensor-boledalgo: dbv:352,lux:84.9,cct:5273.6,hsv:-1.0,CWB R:14071.9,G:13747.9,B:12017.2Event C:3022.0,R:1645.6,G:1198.0,B:489.3Cali C:337.7,R:242.1,G:170.0,B:55.7 
11-29 22:39:10.329  2743  4967 I libsensor-boledalgo: dbv:352,lux:84.9,cct:5374.5,hsv:-1.0,CWB R:14071.9,G:13747.9,B:12017.2Event C:3026.8,R:1640.4,G:1200.1,B:495.5Cali C:337.7,R:242.1,G:170.0,B:55.7 
11-29 22:39:10.329  2743  4967 I libsensor-boledalgo: dbv:352,lux:85.8,cct:5187.8,hsv:-1.0,CWB R:14071.9,G:13747.9,B:12017.2Event C:3042.8,R:1654.8,G:1199.5,B:486.8Cali C:337.7,R:242.1,G:170.0,B:55.7 
11-29 22:39:10.330  2743  4967 I libsensor-boledalgo: dbv:352,lux:84.7,cct:5346.9,hsv:-1.0,CWB R:14071.9,G:13747.9,B:12017.2Event C:3029.9,R:1650.7,G:1200.0,B:495.1Cali C:337.7,R:242.1,G:170.0,B:55.7 
11-29 22:39:10.331  2743  4967 I libsensor-boledalgo: dbv:352,lux:85.7,cct:5171.0,hsv:-1.0,CWB R:14071.9,G:13747.9,B:12017.2Event C:3040.4,R:1660.2,G:1202.1,B:486.2Cali C:337.7,R:242.1,G:170.0,B:55.7 
11-29 22:39:10.370 17848 21082 D DnsCacheManager: ðŸ“Š Synced latency from SharedPreferences: avgHitLatency=0,000ms, avgMissLatency=0,062ms
11-29 22:39:10.371 17848 21082 V DnsCacheManager: ðŸ“Š StateFlow updated: entries=1, hits=0, misses=1, hitRate=0%, avgHitLatency=0,000ms
11-29 22:39:10.399  5837  7035 D JavaheapMonitor: Java heap used=5M max=256M, proc: com.xiaomi.mi_connect_service:idm
11-29 22:39:10.399  5837  7035 V JavaheapMonitor: Check java heap usage finished! Next check delay: 300000
11-29 22:39:10.540  2743  4967 I libsensor-boledalgo: dbv:352,lux:85.7,cct:5301.2,hsv:-1.0,CWB R:14071.9,G:13747.9,B:12017.2Event C:3041.3,R:1648.5,G:1204.6,B:493.4Cali C:337.7,R:242.1,G:170.0,B:55.7 
11-29 22:39:10.541  2743  4967 I libsensor-boledalgo: dbv:352,lux:84.2,cct:5394.1,hsv:-1.0,CWB R:14071.9,G:13747.9,B:12017.2Event C:3015.7,R:1641.3,G:1195.5,B:495.5Cali C:337.7,R:242.1,G:170.0,B:55.7 
11-29 22:39:10.542  2743  4967 I libsensor-boledalgo: dbv:352,lux:85.7,cct:5198.8,hsv:-1.0,CWB R:14071.9,G:13747.9,B:12017.2Event C:3033.2,R:1654.2,G:1203.7,B:486.8Cali C:337.7,R:242.1,G:170.0,B:55.7 
11-29 22:39:10.543  2743  4967 I libsensor-boledalgo: dbv:352,lux:84.6,cct:5365.3,hsv:-1.0,CWB R:14071.9,G:13747.9,B:12017.2Event C:3026.4,R:1646.7,G:1199.2,B:495.5Cali C:337.7,R:242.1,G:170.0,B:55.7 
11-29 22:39:10.684 11071 11795 D JavaheapMonitor: Java heap used=23M max=256M, proc: com.miui.daemon
11-29 22:39:10.684 11071 11795 V JavaheapMonitor: Check java heap usage finished! Next check delay: 300000
11-29 22:39:10.684 30552 17742 D DnsCacheManager: ðŸ“Š Synced latency from SharedPreferences: avgHitLatency=0,000ms, avgMissLatency=0,062ms
11-29 22:39:10.685 30552 17742 D DnsCacheManager: ðŸ“Š Metrics update #360: entries=1, hits=0, misses=1, hitRate=0%
11-29 22:39:10.685 30552 30552 D MainViewModelDashboardAdapter: ðŸ“Š toFeatureState: avgHitLatencyMs=0.0, avgMissLatencyMs=0.062344
11-29 22:39:10.752  2743  4967 I libsensor-boledalgo: dbv:352,lux:85.7,cct:5220.1,hsv:-1.0,CWB R:14071.9,G:13747.9,B:12017.2Event C:3030.2,R:1644.8,G:1201.7,B:486.8Cali C:337.7,R:242.1,G:170.0,B:55.7 
11-29 22:39:10.754  2743  4967 I libsensor-boledalgo: dbv:352,lux:85.3,cct:5291.0,hsv:-1.0,CWB R:14071.9,G:13747.9,B:12017.2Event C:3033.2,R:1641.3,G:1196.0,B:490.8Cali C:337.7,R:242.1,G:170.0,B:55.7 
11-29 22:39:10.872 17848 21082 D DnsCacheManager: ðŸ“Š Synced latency from SharedPreferences: avgHitLatency=0,000ms, avgMissLatency=0,062ms
11-29 22:39:10.942  5949  5949 D QtiLinkBandwidthEstimator-1: handleMessage: 2
11-29 22:39:10.942  5949  5949 D QtiLinkBandwidthEstimator-1: MSG_TRAFFIC_STATS_POLL
11-29 22:39:10.951  5949  5949 D QtiLinkBandwidthEstimator-1: isDataPacketsCaluclationOnEachSimSeperately : true
11-29 22:39:10.951  5949  5949 D QtiLinkBandwidthEstimator-0: handleMessage: 2
11-29 22:39:10.951  5949  5949 D QtiLinkBandwidthEstimator-0: MSG_TRAFFIC_STATS_POLL
11-29 22:39:10.951  5949  5949 D QtiLinkBandwidthEstimator-0: isDataPacketsCaluclationOnEachSimSeperately : true
11-29 22:39:10.963  2743  4967 I libsensor-boledalgo: dbv:352,lux:84.7,cct:5361.4,hsv:-1.0,CWB R:14071.9,G:13747.9,B:12017.2Event C:3020.9,R:1644.1,G:1201.9,B:494.6Cali C:337.7,R:242.1,G:170.0,B:55.7 
11-29 22:39:10.963  2743  4967 I libsensor-boledalgo: dbv:352,lux:85.1,cct:5302.9,hsv:-1.0,CWB R:14071.9,G:13747.9,B:12017.2Event C:3028.0,R:1646.4,G:1200.2,B:491.8Cali C:337.7,R:242.1,G:170.0,B:55.7 
11-29 22:39:10.964  2743  4967 I libsensor-boledalgo: dbv:352,lux:85.6,cct:5221.4,hsv:-1.0,CWB R:14071.9,G:13747.9,B:12017.2Event C:3037.9,R:1654.2,G:1202.2,B:488.6Cali C:337.7,R:242.1,G:170.0,B:55.7 
11-29 22:39:10.965  2743  4967 I libsensor-boledalgo: dbv:352,lux:84.3,cct:5348.1,hsv:-1.0,CWB R:14071.9,G:13747.9,B:12017.2Event C:3031.8,R:1648.9,G:1189.4,B:494.6Cali C:337.7,R:242.1,G:170.0,B:55.7 
11-29 22:39:10.965  2743  4967 I libsensor-boledalgo: dbv:352,lux:85.3,cct:5260.6,hsv:-1.0,CWB R:14071.9,G:13747.9,B:12017.2Event C:3034.9,R:1647.7,G:1197.0,B:489.8Cali C:337.7,R:242.1,G:170.0,B:55.7 
11-29 22:39:10.966  2743  4967 I libsensor-boledalgo: dbv:352,lux:85.2,cct:5324.9,hsv:-1.0,CWB R:14071.9,G:13747.9,B:12017.2Event C:3041.2,R:1652.9,G:1201.0,B:495.1Cali C:337.7,R:242.1,G:170.0,B:55.7 
11-29 22:39:10.967  2743  4967 I libsensor-boledalgo: dbv:352,lux:85.6,cct:5183.7,hsv:-1.0,CWB R:14071.9,G:13747.9,B:12017.2Event C:3038.1,R:1658.3,G:1200.5,B:486.5Cali C:337.7,R:242.1,G:170.0,B:55.7 
11-29 22:39:10.967  2743  4967 I libsensor-boledalgo: dbv:352,lux:84.9,cct:5352.2,hsv:-1.0,CWB R:14071.9,G:13747.9,B:12017.2Event C:3032.6,R:1648.5,G:1200.1,B:495.5Cali C:337.7,R:242.1,G:170.0,B:55.7 
11-29 22:39:11.079 30552 30552 D DnsCacheManager: DnsCacheManager already initialized, ensuring metrics job is running...
11-29 22:39:11.079 30552 30552 D DnsCacheManager: âœ… Metrics job is already running (isActive=true)
11-29 22:39:11.079 30552 30552 I MainViewModelDashboardAdapter: âœ… DNS cache stats StateFlow connected: entries=1, hits=0, misses=1, hitRate=0%
11-29 22:39:11.080 30552 17742 D DnsCacheManager: âœ… Metrics job is already running (isActive=true)
11-29 22:39:11.176  2743  4967 I libsensor-boledalgo: dbv:352,lux:85.5,cct:5218.4,hsv:-1.0,CWB R:14071.9,G:13747.9,B:12017.2Event C:3036.1,R:1655.3,G:1201.7,B:488.3Cali C:337.7,R:242.1,G:170.0,B:55.7 
11-29 22:39:11.176  2743  4967 I libsensor-boledalgo: dbv:352,lux:85.1,cct:5347.4,hsv:-1.0,CWB R:14071.9,G:13747.9,B:12017.2Event C:3026.2,R:1642.3,G:1202.7,B:494.1Cali C:337.7,R:242.1,G:170.0,B:55.7 
11-29 22:39:11.177  2743  4967 I libsensor-boledalgo: dbv:352,lux:85.1,cct:5272.7,hsv:-1.0,CWB R:14071.9,G:13747.9,B:12017.2Event C:3037.9,R:1654.8,G:1197.5,B:491.6Cali C:337.7,R:242.1,G:170.0,B:55.7 
11-29 22:39:11.186 30552 17742 D DnsCacheManager: ðŸ“Š Synced latency from SharedPreferences: avgHitLatency=0,000ms, avgMissLatency=0,062ms
11-29 22:39:11.187 30552 30552 D MainViewModelDashboardAdapter: ðŸ“Š toFeatureState: avgHitLatencyMs=0.0, avgMissLatencyMs=0.062344
11-29 22:39:11.319  3688  5154 I SmartPower: com.google.android.apps.photos/10229(31707): background->idle(3002ms) R(service unbind com.google.android.apps.photos/com.google.android.libraries.social.async.BackgroundTaskJobService) adj=905.
11-29 22:39:11.320  3688  6098 D SLM-SRV-SLAService: checktemp temperature = 35022 temperature_average = 35604 isPerformanceMode = false thermal_enable_slm = true
11-29 22:39:11.374 17848 21082 D DnsCacheManager: ðŸ“Š Synced latency from SharedPreferences: avgHitLatency=0,000ms, avgMissLatency=0,062ms
11-29 22:39:11.391  2743  4967 I libsensor-boledalgo: dbv:352,lux:85.1,cct:5342.8,hsv:-1.0,CWB R:14071.9,G:13747.9,B:12017.2Event C:3040.1,R:1656.4,G:1205.2,B:496.6Cali C:337.7,R:242.1,G:170.0,B:55.7 
11-29 22:39:11.392  2743  4967 I libsensor-boledalgo: dbv:352,lux:85.3,cct:5231.5,hsv:-1.0,CWB R:14071.9,G:13747.9,B:12017.2Event C:3024.2,R:1642.9,G:1196.5,B:486.5Cali C:337.7,R:242.1,G:170.0,B:55.7 
11-29 22:39:11.601  2743  4967 I libsensor-boledalgo: dbv:352,lux:85.0,cct:5293.9,hsv:-1.0,CWB R:14071.9,G:13747.9,B:12017.2Event C:3029.9,R:1648.5,G:1198.3,B:491.6Cali C:337.7,R:242.1,G:170.0,B:55.7 
11-29 22:39:11.603  2743  4967 I libsensor-boledalgo: dbv:352,lux:86.3,cct:5093.5,hsv:-1.0,CWB R:14071.9,G:13747.9,B:12017.2Event C:3052.9,R:1664.7,G:1201.0,B:482.7Cali C:337.7,R:242.1,G:170.0,B:55.7 
11-29 22:39:11.604  2743  4967 I libsensor-boledalgo: dbv:352,lux:85.0,cct:5298.0,hsv:-1.0,CWB R:14071.9,G:13747.9,B:12017.2Event C:3026.2,R:1641.0,G:1195.3,B:490.6Cali C:337.7,R:242.1,G:170.0,B:55.7 
11-29 22:39:11.688 30552 17742 D DnsCacheManager: ðŸ“Š Synced latency from SharedPreferences: avgHitLatency=0,000ms, avgMissLatency=0,062ms
11-29 22:39:11.690 30552 30552 D MainViewModelDashboardAdapter: ðŸ“Š toFeatureState: avgHitLatencyMs=0.0, avgMissLatencyMs=0.062344
11-29 22:39:11.761  5949  6960 E PhoneAdapter: get ntnphones failed, exception: java.lang.IllegalStateException: not support satellite!
11-29 22:39:11.763  3688  4946 D AmlWifiScoreReportInjector: in blackList, Prevent Ping-pong
11-29 22:39:11.764  3688  4902 W WifiScoreReport: Ignoring stale/invalid external score sessionId=3906 currentSessionId=-1 score=49
11-29 22:39:11.768  6013  6013 D ControlCenterHeaderExpandController: onExpansionChanged: progress =  0.0
11-29 22:39:11.769  6013  6013 D ControlCenterHeaderExpandController: onExpansionChanged: progress =  0.0
11-29 22:39:11.769  6013  6013 D ControlCenterHeaderExpandController: onExpansionChanged: progress =  0.0
11-29 22:39:11.768  2003  2003 W binder:2003_2: type=1400 audit(0.0:2248039): avc:  denied  { search } for  name="mcd" dev="dm-56" ino=1400 scontext=u:r:surfaceflinger:s0 tcontext=u:object_r:mcd_data_file:s0 tclass=dir permissive=0
11-29 22:39:11.773  6013  6013 D ControlCenterHeaderExpandController: onExpansionChanged: progress =  0.0
11-29 22:39:11.772  2003  2003 W binder:2003_2: type=1400 audit(0.0:2248040): avc:  denied  { search } for  name="mcd" dev="dm-56" ino=1400 scontext=u:r:surfaceflinger:s0 tcontext=u:object_r:mcd_data_file:s0 tclass=dir permissive=0
11-29 22:39:11.779  1811  2433 I SDM     : HWDeviceDRM::SetupConcurrentWriteback: Tear down the Concurrent Writeback topology
11-29 22:39:11.780  1811  3037 I vendor.qti.hardware.display.composer-service: Sensor: notify citsensorservice to trigger cwb, misForced = 0
11-29 22:39:11.781  6013  6013 D ControlCenterHeaderExpandController: onExpansionChanged: progress =  0.0
11-29 22:39:11.782  1811  1811 I SDM     : CWB config passed by cwb_client : tappoint 1  CWB_ROI : (480.000000 159.000000 721.000000 400.000000) for display-0
11-29 22:39:11.851  1811  2433 I SDM     : DisplayBase::CommitThread: Received Idle Timeout, panel: cmd, timeout: 70000 us
11-29 22:39:11.875 17848 21082 D DnsCacheManager: ðŸ“Š Synced latency from SharedPreferences: avgHitLatency=0,000ms, avgMissLatency=0,062ms
11-29 22:39:11.934  1811  2433 I SDM     : DisplayBase::CommitThread: Received Idle Timeout, panel: cmd, timeout: 70000 us
11-29 22:39:11.942 12969 13323 D JavaheapMonitor: Java heap used=8M max=256M, proc: com.miui.powerkeeper
11-29 22:39:11.942 12969 13323 V JavaheapMonitor: Check java heap usage finished! Next check delay: 300000
11-29 22:39:11.951  5949  5949 D QtiLinkBandwidthEstimator-1: handleMessage: 2
11-29 22:39:11.951  5949  5949 D QtiLinkBandwidthEstimator-1: MSG_TRAFFIC_STATS_POLL
11-29 22:39:11.953  3688  3873 I ThermalObserver: Temperature control has been released.
11-29 22:39:11.953  3688  3873 D ThermalBrightnessController: updateSkinTemperature: actual temperature: 34.911, applied temperature: 34.911, displayId:0
11-29 22:39:11.953  3688  3873 E ThermalBrightnessController: Current temperature 34.911 and ambient lux 125.00001 do not match in config: 0
11-29 22:39:11.954  3688  3940 D BrightnessDataProcessor: actualBrightness: 0.04035911originalBrightness: 0.04035911
11-29 22:39:11.958  1811  5030 I SDM     : NotifyCWBStatus: Notify the client about buffer (0x7b666460) status 0 for display-0.
11-29 22:39:11.958  1811  5030 I SDM     : SDMConcurrentWriteBack::ProcessCWBStatus: CWB queue is empty. Display: 0
11-29 22:39:11.961  5949  5949 D QtiLinkBandwidthEstimator-1: isDataPacketsCaluclationOnEachSimSeperately : true
11-29 22:39:11.961  5949  5949 D QtiLinkBandwidthEstimator-0: handleMessage: 2
11-29 22:39:11.961  5949  5949 D QtiLinkBandwidthEstimator-0: MSG_TRAFFIC_STATS_POLL
11-29 22:39:11.961  5949  5949 D QtiLinkBandwidthEstimator-0: isDataPacketsCaluclationOnEachSimSeperately : true
11-29 22:39:11.968  2003  2003 W binder:2003_2: type=1400 audit(0.0:2248041): avc:  denied  { search } for  name="mcd" dev="dm-56" ino=1400 scontext=u:r:surfaceflinger:s0 tcontext=u:object_r:mcd_data_file:s0 tclass=dir permissive=0
11-29 22:39:11.972  2003  2003 W binder:2003_2: type=1400 audit(0.0:2248042): avc:  denied  { search } for  name="mcd" dev="dm-56" ino=1400 scontext=u:r:surfaceflinger:s0 tcontext=u:object_r:mcd_data_file:s0 tclass=dir permissive=0
11-29 22:39:11.985  1811  2433 I SDM     : HWDeviceDRM::SetupConcurrentWriteback: Tear down the Concurrent Writeback topology
11-29 22:39:11.986  1811  3037 I vendor.qti.hardware.display.composer-service: Sensor: notify citsensorservice to trigger cwb, misForced = 0
11-29 22:39:11.986  5685  6009 E Tethering: [api31.BpfCoordinatorShimImpl] ERROR Could not insert entry (iif: 260, dstMac: ea:d5:00:69:7d:df, l4proto: 6, src4: /172.17.41.197, dst4: /44.193.217.107, srcPort: 50383, dstPort: 443, oif: 19, ethDstMac: 00:00:00:00:00:00, ethSrcMac: 00:00:00:00:00:00, ethProto: 2048, pmtu: 1500, src46: /10.109.168.34, dst46: /44.193.217.107, srcPort: 50383, dstPort: 443, lastUsed: 0): android.system.ErrnoException: nativeWriteToMapEntry failed: E2BIG (Argument list too long)
11-29 22:39:11.986  5685  6009 E Tethering: [api31.BpfCoordinatorShimImpl] ERROR Could not insert entry (iif: 19, dstMac: 00:00:00:00:00:00, l4proto: 6, src4: /44.193.217.107, dst4: /10.109.168.34, srcPort: 443, dstPort: 50383, oif: 260, ethDstMac: 18:47:3d:b2:fe:79, ethSrcMac: ea:d5:00:69:7d:df, ethProto: 2048, pmtu: 1500, src46: /44.193.217.107, dst46: /172.17.41.197, srcPort: 443, dstPort: 50383, lastUsed: 0): android.system.ErrnoException: nativeWriteToMapEntry failed: E2BIG (Argument list too long)
11-29 22:39:11.987  5685  6009 E Tethering: [api31.BpfCoordinatorShimImpl] ERROR Could not insert entry (iif: 260, dstMac: ea:d5:00:69:7d:df, l4proto: 6, src4: /172.17.41.197, dst4: /44.193.217.107, srcPort: 50383, dstPort: 443, oif: 19, ethDstMac: 00:00:00:00:00:00, ethSrcMac: 00:00:00:00:00:00, ethProto: 2048, pmtu: 1500, src46: /10.109.168.34, dst46: /44.193.217.107, srcPort: 50383, dstPort: 443, lastUsed: 0): android.system.ErrnoException: nativeWriteToMapEntry failed: E2BIG (Argument list too long)
11-29 22:39:11.987  5685  6009 E Tethering: [api31.BpfCoordinatorShimImpl] ERROR Could not insert entry (iif: 19, dstMac: 00:00:00:00:00:00, l4proto: 6, src4: /44.193.217.107, dst4: /10.109.168.34, srcPort: 443, dstPort: 50383, oif: 260, ethDstMac: 18:47:3d:b2:fe:79, ethSrcMac: ea:d5:00:69:7d:df, ethProto: 2048, pmtu: 1500, src46: /44.193.217.107, dst46: /172.17.41.197, srcPort: 443, dstPort: 50383, lastUsed: 0): android.system.ErrnoException: nativeWriteToMapEntry failed: E2BIG (Argument list too long)
11-29 22:39:11.988  1811  1811 I SDM     : CWB config passed by cwb_client : tappoint 1  CWB_ROI : (480.000000 159.000000 721.000000 400.000000) for display-0
11-29 22:39:12.028  2743  4967 I libsensor-boledalgo: dbv:352,lux:85.6,cct:5235.6,hsv:-1.0,CWB R:14071.9,G:13747.9,B:12017.2Event C:3041.1,R:1651.5,G:1199.5,B:489.3Cali C:337.7,R:242.1,G:170.0,B:55.7 
11-29 22:39:12.056  1811  2433 I SDM     : DisplayBase::CommitThread: Received Idle Timeout, panel: cmd, timeout: 70000 us
11-29 22:39:12.081 30552 30552 D DnsCacheManager: DnsCacheManager already initialized, ensuring metrics job is running...
11-29 22:39:12.081 30552 30552 D DnsCacheManager: âœ… Metrics job is already running (isActive=true)
11-29 22:39:12.081 30552 30552 I MainViewModelDashboardAdapter: âœ… DNS cache stats StateFlow connected: entries=1, hits=0, misses=1, hitRate=0%
11-29 22:39:12.081 30552 17742 D DnsCacheManager: âœ… Metrics job is already running (isActive=true)
11-29 22:39:12.138  1811  2433 I SDM     : DisplayBase::CommitThread: Received Idle Timeout, panel: cmd, timeout: 69999 us
11-29 22:39:12.164  1811  5030 I SDM     : NotifyCWBStatus: Notify the client about buffer (0x7b66b000) status 0 for display-0.
11-29 22:39:12.164  1811  5030 I SDM     : SDMConcurrentWriteBack::ProcessCWBStatus: CWB queue is empty. Display: 0
11-29 22:39:12.182  3185  4204 D JavaheapMonitor: Java heap used=4M max=256M, proc: com.milink.service:audio
11-29 22:39:12.182  3185  4204 V JavaheapMonitor: Check java heap usage finished! Next check delay: 300000
11-29 22:39:12.191 30552 17742 D DnsCacheManager: ðŸ“Š Synced latency from SharedPreferences: avgHitLatency=0,000ms, avgMissLatency=0,062ms
11-29 22:39:12.192 30552 30552 D MainViewModelDashboardAdapter: ðŸ“Š toFeatureState: avgHitLatencyMs=0.0, avgMissLatencyMs=0.062344
11-29 22:39:12.221  1811  2433 I SDM     : DisplayBase::CommitThread: Received Idle Timeout, panel: cmd, timeout: 69999 us
11-29 22:39:12.301  1811  3037 I vendor.qti.hardware.display.composer-service: Sensor: notify citsensorservice to trigger cwb, misForced = 1
11-29 22:39:12.301  1811  1811 I SDM     : CWB config passed by cwb_client : tappoint 1  CWB_ROI : (480.000000 159.000000 721.000000 400.000000) for display-0
11-29 22:39:12.320  1811  5030 I SDM     : NotifyCWBStatus: Notify the client about buffer (0x7b666460) status 0 for display-0.
11-29 22:39:12.320  1811  5030 I SDM     : SDMConcurrentWriteBack::ProcessCWBStatus: CWB queue is empty. Display: 0
11-29 22:39:12.330  5685  6009 E Tethering: [api31.BpfCoordinatorShimImpl] ERROR Could not insert entry (iif: 260, dstMac: ea:d5:00:69:7d:df, l4proto: 6, src4: /172.17.41.197, dst4: /35.172.46.150, srcPort: 60848, dstPort: 443, oif: 19, ethDstMac: 00:00:00:00:00:00, ethSrcMac: 00:00:00:00:00:00, ethProto: 2048, pmtu: 1500, src46: /10.109.168.34, dst46: /35.172.46.150, srcPort: 60848, dstPort: 443, lastUsed: 0): android.system.ErrnoException: nativeWriteToMapEntry failed: E2BIG (Argument list too long)
11-29 22:39:12.331  5685  6009 E Tethering: [api31.BpfCoordinatorShimImpl] ERROR Could not insert entry (iif: 19, dstMac: 00:00:00:00:00:00, l4proto: 6, src4: /35.172.46.150, dst4: /10.109.168.34, srcPort: 443, dstPort: 60848, oif: 260, ethDstMac: 18:47:3d:b2:fe:79, ethSrcMac: ea:d5:00:69:7d:df, ethProto: 2048, pmtu: 1500, src46: /35.172.46.150, dst46: /172.17.41.197, srcPort: 443, dstPort: 60848, lastUsed: 0): android.system.ErrnoException: nativeWriteToMapEntry failed: E2BIG (Argument list too long)
11-29 22:39:12.376  1811  2433 I SDM     : DisplayBase::CommitThread: Received Idle Timeout, panel: cmd, timeout: 70000 us
11-29 22:39:12.378 17848 21082 D DnsCacheManager: ðŸ“Š Synced latency from SharedPreferences: avgHitLatency=0,000ms, avgMissLatency=0,062ms
11-29 22:39:12.379 17848 21082 D DnsCacheManager: ðŸ“Š Metrics update #360: entries=1, hits=0, misses=1, hitRate=0%
11-29 22:39:12.388  3688  5025 D PolicyMaker: fg uid=10519
11-29 22:39:12.389  3688  5025 D PolicyMaker: HasForegroundService pkgName=com.radolyn.ayugram uid:10519
11-29 22:39:12.389  3688  5025 D PolicyMaker: uid =10519 pkg=com.radolyn.ayugram reason=fgservice
11-29 22:39:12.389  3688  5025 D ActionExecute: setPkgData uid = 10519 time=3000
11-29 22:39:12.451  2743  4967 I libsensor-boledalgo: dbv:352,lux:84.9,cct:5298.2,hsv:-1.0,CWB R:14071.9,G:13747.9,B:12017.2Event C:3036.4,R:1659.1,G:1200.2,B:493.6Cali C:337.7,R:242.1,G:170.0,B:55.7 
11-29 22:39:12.452  2743  4967 I libsensor-boledalgo: dbv:352,lux:85.3,cct:5208.7,hsv:-1.0,CWB R:14071.9,G:13747.9,B:12017.2Event C:3032.7,R:1650.2,G:1195.1,B:486.5Cali C:337.7,R:242.1,G:170.0,B:55.7 
11-29 22:39:12.452  2743  4967 I libsensor-boledalgo: dbv:352,lux:84.4,cct:5374.9,hsv:-1.0,CWB R:14071.9,G:13747.9,B:12017.2Event C:3032.2,R:1665.6,G:1205.8,B:498.8Cali C:337.7,R:242.1,G:170.0,B:55.7 
11-29 22:39:12.453  2743  4967 I libsensor-boledalgo: dbv:352,lux:85.3,cct:5296.6,hsv:-1.0,CWB R:14071.9,G:13747.9,B:12017.2Event C:3045.9,R:1662.6,G:1206.1,B:495.0Cali C:337.7,R:242.1,G:170.0,B:55.7 
11-29 22:39:12.455  2743  4967 I libsensor-boledalgo: dbv:352,lux:83.8,cct:5435.9,hsv:-1.0,CWB R:14071.9,G:13747.9,B:12017.2Event C:3041.5,R:1657.5,G:1189.4,B:501.6Cali C:337.7,R:242.1,G:170.0,B:55.7 
11-29 22:39:12.475  7875  7892 D QLM-Service: check_headroom_zone: Timer EVT, Temp: 38157
11-29 22:39:12.480  5685  6009 E Tethering: [api31.BpfCoordinatorShimImpl] ERROR Could not insert entry (iif: 260, dstMac: ea:d5:00:69:7d:df, l4proto: 6, src4: /172.17.41.197, dst4: /35.172.46.150, srcPort: 60849, dstPort: 443, oif: 19, ethDstMac: 00:00:00:00:00:00, ethSrcMac: 00:00:00:00:00:00, ethProto: 2048, pmtu: 1500, src46: /10.109.168.34, dst46: /35.172.46.150, srcPort: 60849, dstPort: 443, lastUsed: 0): android.system.ErrnoException: nativeWriteToMapEntry failed: E2BIG (Argument list too long)
11-29 22:39:12.480  5685  6009 E Tethering: [api31.BpfCoordinatorShimImpl] ERROR Could not insert entry (iif: 19, dstMac: 00:00:00:00:00:00, l4proto: 6, src4: /35.172.46.150, dst4: /10.109.168.34, srcPort: 443, dstPort: 60849, oif: 260, ethDstMac: 18:47:3d:b2:fe:79, ethSrcMac: ea:d5:00:69:7d:df, ethProto: 2048, pmtu: 1500, src46: /35.172.46.150, dst46: /172.17.41.197, srcPort: 443, dstPort: 60849, lastUsed: 0): android.system.ErrnoException: nativeWriteToMapEntry failed: E2BIG (Argument list too long)
11-29 22:39:12.604  1811  3037 I vendor.qti.hardware.display.composer-service: Sensor: notify citsensorservice to trigger cwb, misForced = 0
11-29 22:39:12.605  1811  1811 I SDM     : CWB config passed by cwb_client : tappoint 1  CWB_ROI : (480.000000 159.000000 721.000000 400.000000) for display-0
11-29 22:39:12.616  1811  3034 I SDM     : DemuraTnCaptureIntfImpl::ProcessCapturePanelData: Screen capture status = 0
11-29 22:39:12.661  2743  4967 I libsensor-boledalgo: dbv:352,lux:84.6,cct:5277.6,hsv:-1.0,CWB R:14071.9,G:13747.9,B:12017.2Event C:3022.8,R:1652.6,G:1197.5,B:490.3Cali C:337.7,R:242.1,G:170.0,B:55.7 
11-29 22:39:12.674  1811  2433 I SDM     : DisplayBase::CommitThread: Received Idle Timeout, panel: cmd, timeout: 70000 us
11-29 22:39:12.691  1811  5030 I SDM     : NotifyCWBStatus: Notify the client about buffer (0x7b66b000) status 0 for display-0.
11-29 22:39:12.693 30552 17742 D DnsCacheManager: ðŸ“Š Synced latency from SharedPreferences: avgHitLatency=0,000ms, avgMissLatency=0,062ms
11-29 22:39:12.693  1811  5030 I SDM     : SDMConcurrentWriteBack::ProcessCWBStatus: CWB queue is empty. Display: 0
11-29 22:39:12.694 30552 30552 D MainViewModelDashboardAdapter: ðŸ“Š toFeatureState: avgHitLatencyMs=0.0, avgMissLatencyMs=0.062344
11-29 22:39:12.714 17848 21082 D TelegramNotificationManager: Telegram config is null, skipping polling
11-29 22:39:12.747  1811  2433 I SDM     : DisplayBase::CommitThread: Received Idle Timeout, panel: cmd, timeout: 70000 us
11-29 22:39:12.779  5920  9761 D JavaheapMonitor: Java heap used=13M max=256M, proc: .qtidataservices
11-29 22:39:12.779  5920  9761 V JavaheapMonitor: Check java heap usage finished! Next check delay: 300000
11-29 22:39:12.880 17848 21082 D DnsCacheManager: ðŸ“Š Synced latency from SharedPreferences: avgHitLatency=0,000ms, avgMissLatency=0,062ms
11-29 22:39:12.952  3688  6373 I ActivityManager: unbindService com.android.server.am.ActiveServices@92abfc4 conn=android.os.BinderProxy@8429649 callingPid=21103
11-29 22:39:12.952  1823  1823 I vendor.qti.hardware.servicetrackeraidl-service: unbindService is called for service : com.google.android.gms/.auth.api.proxy.AuthService and for client com.google.android.apps.translate
11-29 22:39:12.952  1823  1823 I vendor.qti.hardware.servicetrackeraidl-service: size of service connections for service: com.google.android.gms/.auth.api.proxy.AuthServiceafter removal is 0
11-29 22:39:12.952  1823  1823 I vendor.qti.hardware.servicetrackeraidl-service: size of client connections for client: com.google.android.apps.translateafter removal is 3
11-29 22:39:12.952  3688  6373 I SmartPower: com.google.android.gms/10165(19037): idle->background(4624ms) R(service unbind com.google.android.gms/.auth.api.proxy.AuthService) adj=600.
11-29 22:39:12.953  1823  1823 I vendor.qti.hardware.servicetrackeraidl-service: destroyService is called for service : com.google.android.gms/.auth.api.proxy.AuthService
11-29 22:39:12.954 19037 19037 D BoundBrokerSvc: onUnbind: Intent { act=com.google.android.gms.auth.service.START xflg=0x4 pkg=com.google.android.gms }
11-29 22:39:12.957  3688  6373 I ActivityManager: unbindService com.android.server.am.ActiveServices@92abfc4 conn=android.os.BinderProxy@eb9cb2d callingPid=21103
11-29 22:39:12.958  1823  1823 I vendor.qti.hardware.servicetrackeraidl-service: unbindService is called for service : com.google.android.gms/.chimera.GmsApiService and for client com.google.android.apps.translate
11-29 22:39:12.958  1823  1823 I vendor.qti.hardware.servicetrackeraidl-service: size of service connections for service: com.google.android.gms/.chimera.GmsApiServiceafter removal is 0
11-29 22:39:12.958  1823  1823 I vendor.qti.hardware.servicetrackeraidl-service: size of client connections for client: com.google.android.apps.translateafter removal is 2
11-29 22:39:12.958  1823  1823 I vendor.qti.hardware.servicetrackeraidl-service: destroyService is called for service : com.google.android.gms/.chimera.GmsApiService
11-29 22:39:12.958 19037 19037 D BoundBrokerSvc: onUnbind: Intent { act=com.google.android.gms.notifications.capping.api.NotificationsCappingApiService.START dat=chimera-action:/... xflg=0x4 cmp=com.google.android.gms/.chimera.GmsApiService }
11-29 22:39:12.961  5949  5949 D QtiLinkBandwidthEstimator-1: handleMessage: 2
11-29 22:39:12.961  5949  5949 D QtiLinkBandwidthEstimator-1: MSG_TRAFFIC_STATS_POLL
11-29 22:39:12.970  5949  5949 D QtiLinkBandwidthEstimator-1: isDataPacketsCaluclationOnEachSimSeperately : true
11-29 22:39:12.970  5949  5949 D QtiLinkBandwidthEstimator-0: handleMessage: 2
11-29 22:39:12.970  5949  5949 D QtiLinkBandwidthEstimator-0: MSG_TRAFFIC_STATS_POLL
11-29 22:39:12.971  5949  5949 D QtiLinkBandwidthEstimator-0: isDataPacketsCaluclationOnEachSimSeperately : true
11-29 22:39:12.974  3688  6373 I ActivityManager: unbindService com.android.server.am.ActiveServices@92abfc4 conn=android.os.BinderProxy@47ef1dc callingPid=19037
11-29 22:39:12.975  1823  1823 I vendor.qti.hardware.servicetrackeraidl-service: unbindService is called for service : com.google.android.gms/.chimera.PersistentDirectBootAwareApiService and for client com.google.android.gms
11-29 22:39:12.975  1823  1823 I vendor.qti.hardware.servicetrackeraidl-service: size of service connections for service: com.google.android.gms/.chimera.PersistentDirectBootAwareApiServiceafter removal is 11
11-29 22:39:12.975  1823  1823 I vendor.qti.hardware.servicetrackeraidl-service: size of client connections for client: com.google.android.gmsafter removal is 3
11-29 22:39:12.976  2003  2003 W binder:2003_1: type=1400 audit(0.0:2248043): avc:  denied  { search } for  name="mcd" dev="dm-56" ino=1400 scontext=u:r:surfaceflinger:s0 tcontext=u:object_r:mcd_data_file:s0 tclass=dir permissive=0
11-29 22:39:12.976  2003  2003 W binder:2003_1: type=1400 audit(0.0:2248044): avc:  denied  { search } for  name="mcd" dev="dm-56" ino=1400 scontext=u:r:surfaceflinger:s0 tcontext=u:object_r:mcd_data_file:s0 tclass=dir permissive=0
11-29 22:39:12.999  1811  2433 I SDM     : HWDeviceDRM::SetupConcurrentWriteback: Tear down the Concurrent Writeback topology
11-29 22:39:13.000  1811  3037 I vendor.qti.hardware.display.composer-service: Sensor: notify citsensorservice to trigger cwb, misForced = 0
11-29 22:39:13.001  1811  1811 I SDM     : CWB config passed by cwb_client : tappoint 1  CWB_ROI : (480.000000 159.000000 721.000000 400.000000) for display-0
11-29 22:39:13.068  1792 17150 I WifiHAL : event received NL80211_CMD_VENDOR, vendor_id = 0x1374, subcmd = 0xa
11-29 22:39:13.068  2686 17151 D LOWI-9.0.1.118: [LOWI-Scan] wait_event:Wait done with Cmd 103
11-29 22:39:13.068  2686 17151 D LOWI-9.0.1.118: [LOWI-Scan] do_listen_events: Rcvd valid Netlink Cmd 0 Err 0
11-29 22:39:13.068  2585  2585 I cnss-daemon: nl80211 response handler invoked
11-29 22:39:13.068  2585  2585 I cnss-daemon: nl80211_response_handler: cmd 103, vendorID 4980, subcmd 10  received
11-29 22:39:13.070  1811  2433 I SDM     : DisplayBase::CommitThread: Received Idle Timeout, panel: cmd, timeout: 70000 us
11-29 22:39:13.083 30552 30552 D DnsCacheManager: DnsCacheManager already initialized, ensuring metrics job is running...
11-29 22:39:13.083 30552 30552 D DnsCacheManager: âœ… Metrics job is already running (isActive=true)
11-29 22:39:13.083 30552 30552 I MainViewModelDashboardAdapter: âœ… DNS cache stats StateFlow connected: entries=1, hits=0, misses=1, hitRate=0%
11-29 22:39:13.083 30552 17742 D DnsCacheManager: âœ… Metrics job is already running (isActive=true)
11-29 22:39:13.151  1811  2433 I SDM     : DisplayBase::CommitThread: Received Idle Timeout, panel: cmd, timeout: 70000 us
11-29 22:39:13.168  1811  5030 I SDM     : NotifyCWBStatus: Notify the client about buffer (0x7b666460) status 0 for display-0.
11-29 22:39:13.168  1811  5030 I SDM     : SDMConcurrentWriteBack::ProcessCWBStatus: CWB queue is empty. Display: 0
11-29 22:39:13.195 30552 17742 D DnsCacheManager: ðŸ“Š Synced latency from SharedPreferences: avgHitLatency=0,000ms, avgMissLatency=0,062ms
11-29 22:39:13.196 30552 30552 D MainViewModelDashboardAdapter: ðŸ“Š toFeatureState: avgHitLatencyMs=0.0, avgMissLatencyMs=0.062344
11-29 22:39:13.226  1811  2433 I SDM     : DisplayBase::CommitThread: Received Idle Timeout, panel: cmd, timeout: 70000 us
11-29 22:39:13.246  3688  6373 I ActivityManager: unbindService com.android.server.am.ActiveServices@92abfc4 conn=android.os.BinderProxy@e77a13 callingPid=21103
11-29 22:39:13.246  1823  1823 I vendor.qti.hardware.servicetrackeraidl-service: unbindService is called for service : com.google.android.gms/.chimera.PersistentApiService and for client com.google.android.apps.translate
11-29 22:39:13.279  3688  6373 I ActivityManager: unbindService com.android.server.am.ActiveServices@92abfc4 conn=android.os.BinderProxy@b9c0ea4 callingPid=19105
11-29 22:39:13.279  1823  1823 I vendor.qti.hardware.servicetrackeraidl-service: unbindService is called for service : com.google.android.gms/.chimera.PersistentDirectBootAwareApiService and for client com.google.android.gms.persistent
11-29 22:39:13.325  3688  4952 D InetDiagMessage: Destroyed 0 sockets, proto=IPPROTO_TCP, family=AF_INET, states=14
11-29 22:39:13.327  3688  4952 D InetDiagMessage: Destroyed 0 sockets, proto=IPPROTO_TCP, family=AF_INET6, states=14
11-29 22:39:13.327  3688  4952 D InetDiagMessage: Destroyed live tcp sockets for uids={10229} in 4ms
11-29 22:39:13.329  3688  4952 D InetDiagMessage: Destroyed 0 sockets, proto=IPPROTO_TCP, family=AF_INET, states=14
11-29 22:39:13.330  3688  4952 D InetDiagMessage: Destroyed 0 sockets, proto=IPPROTO_TCP, family=AF_INET6, states=14
11-29 22:39:13.330  3688  4952 D InetDiagMessage: Destroyed live tcp sockets for uids={20229} in 3ms
11-29 22:39:13.381 17848 21082 D DnsCacheManager: ðŸ“Š Synced latency from SharedPreferences: avgHitLatency=0,000ms, avgMissLatency=0,062ms
11-29 22:39:13.603 16802 17123 D JavaheapMonitor: Java heap used=16M max=256M, proc: com.android.vending
11-29 22:39:13.603 16802 17123 V JavaheapMonitor: Check java heap usage finished! Next check delay: 300000
11-29 22:39:13.697 30552 17742 D DnsCacheManager: ðŸ“Š Synced latency from SharedPreferences: avgHitLatency=0,000ms, avgMissLatency=0,062ms
11-29 22:39:13.698 30552 30552 D MainViewModelDashboardAdapter: ðŸ“Š toFeatureState: avgHitLatencyMs=0.0, avgMissLatencyMs=0.062344
11-29 22:39:13.726  2743  4967 I libsensor-boledalgo: dbv:352,lux:83.3,cct:5416.5,hsv:-1.0,CWB R:14071.9,G:13747.9,B:12017.2Event C:3008.4,R:1655.6,G:1197.3,B:497.6Cali C:337.7,R:242.1,G:170.0,B:55.7 
11-29 22:39:13.726  2743  4967 I libsensor-boledalgo: dbv:352,lux:84.8,cct:5283.9,hsv:-1.0,CWB R:14071.9,G:13747.9,B:12017.2Event C:3029.4,R:1651.5,G:1195.3,B:491.1Cali C:337.7,R:242.1,G:170.0,B:55.7 
11-29 22:39:13.727  2743  4967 I libsensor-boledalgo: dbv:352,lux:85.4,cct:5228.0,hsv:-1.0,CWB R:14071.9,G:13747.9,B:12017.2Event C:3037.9,R:1653.8,G:1199.2,B:488.8Cali C:337.7,R:242.1,G:170.0,B:55.7 
11-29 22:39:13.791  7762  9805 D JavaheapMonitor: Java heap used=9M max=256M, proc: com.google.android.ext.services
11-29 22:39:13.792  7762  9805 V JavaheapMonitor: Check java heap usage finished! Next check delay: 300000
11-29 22:39:13.882 17848 21082 D DnsCacheManager: ðŸ“Š Synced latency from SharedPreferences: avgHitLatency=0,000ms, avgMissLatency=0,062ms
11-29 22:39:13.937  2743  4967 I libsensor-boledalgo: dbv:352,lux:84.9,cct:5368.3,hsv:-1.0,CWB R:14071.9,G:13747.9,B:12017.2Event C:3033.2,R:1648.0,G:1200.8,B:496.5Cali C:337.7,R:242.1,G:170.0,B:55.7 
11-29 22:39:13.938  2743  4967 I libsensor-boledalgo: dbv:352,lux:85.5,cct:5181.3,hsv:-1.0,CWB R:14071.9,G:13747.9,B:12017.2Event C:3034.5,R:1655.5,G:1198.5,B:485.7Cali C:337.7,R:242.1,G:170.0,B:55.7 
11-29 22:39:13.939  2743  4967 I libsensor-boledalgo: dbv:352,lux:84.8,cct:5322.1,hsv:-1.0,CWB R:14071.9,G:13747.9,B:12017.2Event C:3027.5,R:1645.0,G:1195.8,B:492.6Cali C:337.7,R:242.1,G:170.0,B:55.7 
11-29 22:39:13.939  2743  4967 I libsensor-boledalgo: dbv:352,lux:85.1,cct:5231.9,hsv:-1.0,CWB R:14071.9,G:13747.9,B:12017.2Event C:3030.4,R:1651.8,G:1196.8,B:488.1Cali C:337.7,R:242.1,G:170.0,B:55.7 
11-29 22:39:13.939  2743  4967 I libsensor-boledalgo: dbv:352,lux:84.6,cct:5440.9,hsv:-1.0,CWB R:14071.9,G:13747.9,B:12017.2Event C:3033.5,R:1652.4,G:1205.1,B:501.5Cali C:337.7,R:242.1,G:170.0,B:55.7 
11-29 22:39:13.940  2743  4967 I libsensor-boledalgo: dbv:352,lux:85.5,cct:5243.1,hsv:-1.0,CWB R:14071.9,G:13747.9,B:12017.2Event C:3039.8,R:1651.2,G:1197.8,B:489.6Cali C:337.7,R:242.1,G:170.0,B:55.7 
11-29 22:39:13.941  2743  4967 I libsensor-boledalgo: dbv:352,lux:85.0,cct:5299.6,hsv:-1.0,CWB R:14071.9,G:13747.9,B:12017.2Event C:3028.0,R:1648.8,G:1200.4,B:491.9Cali C:337.7,R:242.1,G:170.0,B:55.7 
11-29 22:39:13.961  3688  6373 I ActivityManager: unbindService com.android.server.am.ActiveServices@92abfc4 conn=android.os.BinderProxy@7cd41e callingPid=19105
11-29 22:39:13.962  1823  1823 I vendor.qti.hardware.servicetrackeraidl-service: unbindService is called for service : com.google.android.gms/.chimera.PersistentDirectBootAwareApiService and for client com.google.android.gms.persistent
11-29 22:39:13.962  1823  1823 I vendor.qti.hardware.servicetrackeraidl-service: size of service connections for service: com.google.android.gms/.chimera.PersistentDirectBootAwareApiServiceafter removal is 10
11-29 22:39:13.962  1823  1823 I vendor.qti.hardware.servicetrackeraidl-service: size of client connections for client: com.google.android.gms.persistentafter removal is 4
11-29 22:39:13.963 19105 19105 D BoundBrokerSvc: onUnbind: Intent { act=com.google.android.gms.libs.gmscorelogger.service.START dat=chimera-action:/... xflg=0x4 cmp=com.google.android.gms/.chimera.PersistentDirectBootAwareApiService }
11-29 22:39:13.971  5949  5949 D QtiLinkBandwidthEstimator-1: handleMessage: 2
11-29 22:39:13.971  5949  5949 D QtiLinkBandwidthEstimator-1: MSG_TRAFFIC_STATS_POLL
