--------- beginning of system
11-29 22:39:01.279  3688  5154 I SmartPower: com.apkpure.aegon/10432(24838): background->idle(3000ms) R(broadcast start Intent { act=android.net.conn.CONNECTIVITY_CHANGE flg=0x4200010 xflg=0x4 (has extras) }) adj=200.
11-29 22:39:01.284  3688  5154 I SmartPower: com.google.android.inputmethod.latin/10200(10886): background->idle(3003ms) R(broadcast start Intent { act=android.net.conn.CONNECTIVITY_CHANGE flg=0x4200010 xflg=0x4 (has extras) }) adj=100.
11-29 22:39:01.284  3688  5154 I SmartPower: com.google.android.as/10174(10959): background->idle(3002ms) R(broadcast start Intent { act=android.net.conn.CONNECTIVITY_CHANGE flg=0x4200010 xflg=0x4 (has extras) }) adj=100.
11-29 22:39:01.284  3688  5154 I SmartPower: com.mi.appfinder/10371(11425): background->idle(3002ms) R(broadcast start Intent { act=android.net.conn.CONNECTIVITY_CHANGE flg=0x4200010 xflg=0x4 (has extras) }) adj=100.
11-29 22:39:01.284  3688  5154 I SmartPower: com.mi.globalminusscreen/10182(11411): background->idle(3002ms) R(broadcast start Intent { act=android.net.conn.CONNECTIVITY_CHANGE flg=0x4200010 xflg=0x4 (has extras) }) adj=100.
11-29 22:39:01.284  3688  5154 I SmartPower: com.miui.analytics/10190(12248): background->idle(3001ms) R(broadcast start Intent { act=android.net.conn.CONNECTIVITY_CHANGE flg=0x4200010 xflg=0x4 (has extras) }) adj=100.
11-29 22:39:01.285  3688  5154 I SmartPower: com.radolyn.ayugram/10519(22354): background->idle(3000ms) R(broadcast start Intent { act=android.net.conn.CONNECTIVITY_CHANGE flg=0x4200010 xflg=0x4 (has extras) }) adj=200.
11-29 22:39:01.286  3688  5154 I SmartPower: com.miui.msa.global/10210(23352): background->idle(3000ms) R(broadcast start Intent { act=android.net.conn.CONNECTIVITY_CHANGE flg=0x4200010 xflg=0x4 (has extras) }) adj=100.
11-29 22:39:01.287  3688  5154 I SmartPower: com.softtech.imece/10504(32020): background->idle(3001ms) R(broadcast start Intent { act=android.net.conn.CONNECTIVITY_CHANGE flg=0x4200010 xflg=0x4 (has extras) }) adj=721.
11-29 22:39:01.287  3688  5154 I SmartPower: com.xiaomi.account/10211(4991): background->idle(3000ms) R(broadcast start Intent { act=android.net.conn.CONNECTIVITY_CHANGE flg=0x4200010 xflg=0x4 (has extras) }) adj=915.
11-29 22:39:01.287  3688  5154 I SmartPower: com.microsoft.appmanager/10160(22341): background->idle(3000ms) R(broadcast start Intent { act=android.net.conn.CONNECTIVITY_CHANGE flg=0x4200010 xflg=0x4 (has extras) }) adj=915.
11-29 22:39:01.287  3688  5154 I SmartPower: com.microsoft.appmanager:auth/10160(4437): background->idle(3000ms) R(broadcast start Intent { act=android.net.conn.CONNECTIVITY_CHANGE flg=0x4200010 xflg=0x4 (has extras) }) adj=915.
11-29 22:39:01.287  3688  5154 I SmartPower: com.miui.cloudservice/10199(9168): background->idle(3000ms) R(broadcast start Intent { act=android.net.conn.CONNECTIVITY_CHANGE flg=0x4200010 xflg=0x4 (has extras) }) adj=915.
11-29 22:39:01.287  3688  5154 I SmartPower: com.google.android.apps.photos/10229(31707): background->idle(111263ms) R(broadcast start Intent { act=android.net.conn.CONNECTIVITY_CHANGE flg=0x4200010 xflg=0x4 (has extras) }) adj=250.
11-29 22:39:01.290  3688  5154 I SmartPower: com.miui.android.fashiongallery/10317(24574): background->idle(3000ms) R(broadcast start Intent { act=android.net.conn.CONNECTIVITY_CHANGE flg=0x4200010 xflg=0x4 (has extras) }) adj=905.
11-29 22:39:01.290  3688  5154 I SmartPower: com.google.android.tts/10221(2497): background->idle(3000ms) R(broadcast start Intent { act=android.net.conn.CONNECTIVITY_CHANGE flg=0x4200010 xflg=0x4 (has extras) }) adj=915.
11-29 22:39:01.290  3688  5154 I SmartPower: com.miui.analytics/99910190(24197): background->idle(3000ms) R(broadcast start Intent { act=android.net.conn.CONNECTIVITY_CHANGE flg=0x4200010 xflg=0x4 (has extras) }) adj=915.
11-29 22:39:01.291  3688  5154 I SmartPower: com.google.android.videos/10226(31596): background->idle(3000ms) R(broadcast start Intent { act=android.net.conn.CONNECTIVITY_CHANGE flg=0x4200010 xflg=0x4 (has extras) }) adj=915.
11-29 22:39:01.291  3688  5154 I SmartPower: com.google.android.apps.docs.editors.sheets/10513(23434): background->idle(3000ms) R(broadcast start Intent { act=android.net.conn.CONNECTIVITY_CHANGE flg=0x4200010 xflg=0x4 (has extras) }) adj=706.
11-29 22:39:01.304  3688  5154 I SmartPower: com.google.android.gms.unstable/10165(19572): background->idle(3002ms) R(service create com.google.android.gms/.chimera.UiIntentOperationService) adj=800.
11-29 22:39:01.304  3688  5154 I SmartPower: com.google.android.gms.ui/10165(21518): background->idle(3001ms) R(service create com.google.android.gms/.chimera.UiIntentOperationService) adj=800.
11-29 22:39:01.304  3688  5154 I SmartPower: com.google.android.gms/10165(19037): background->idle(110148ms) R(service create com.google.android.gms/.chimera.UiIntentOperationService) adj=600.
--------- beginning of main
11-29 22:39:01.305  5685  6009 E Tethering: [api31.BpfCoordinatorShimImpl] ERROR Could not insert entry (iif: 260, dstMac: ea:d5:00:69:7d:df, l4proto: 6, src4: /172.17.41.197, dst4: /35.169.152.110, srcPort: 60435, dstPort: 443, oif: 19, ethDstMac: 00:00:00:00:00:00, ethSrcMac: 00:00:00:00:00:00, ethProto: 2048, pmtu: 1500, src46: /10.109.168.34, dst46: /35.169.152.110, srcPort: 60435, dstPort: 443, lastUsed: 0): android.system.ErrnoException: nativeWriteToMapEntry failed: E2BIG (Argument list too long)
11-29 22:39:01.306  5685  6009 E Tethering: [api31.BpfCoordinatorShimImpl] ERROR Could not insert entry (iif: 19, dstMac: 00:00:00:00:00:00, l4proto: 6, src4: /35.169.152.110, dst4: /10.109.168.34, srcPort: 443, dstPort: 60435, oif: 260, ethDstMac: 18:47:3d:b2:fe:79, ethSrcMac: ea:d5:00:69:7d:df, ethProto: 2048, pmtu: 1500, src46: /35.169.152.110, dst46: /172.17.41.197, srcPort: 443, dstPort: 60435, lastUsed: 0): android.system.ErrnoException: nativeWriteToMapEntry failed: E2BIG (Argument list too long)
11-29 22:39:01.308  3688  6098 D SLM-SRV-SLAService: checktemp temperature = 35118 temperature_average = 36012 isPerformanceMode = false thermal_enable_slm = true
11-29 22:39:01.309  3688  5154 I SmartPower: com.google.android.gms.unstable/99910165(11554): background->idle(3008ms) R(broadcast start Intent { act=android.intent.action.PROXY_CHANGE flg=0x24000010 xflg=0x4 (has extras) }) adj=800.
11-29 22:39:01.309  3688  5154 I SmartPower: com.google.android.gms/99910165(1358): background->idle(3005ms) R(broadcast start Intent { act=android.intent.action.PROXY_CHANGE flg=0x24000010 xflg=0x4 (has extras) }) adj=600.
11-29 22:39:01.309  3688  5154 I SmartPower: com.android.vending:instant_app_installer/10178(9741): background->idle(3007ms) R(broadcast start Intent { act=android.intent.action.PROXY_CHANGE flg=0x24000010 xflg=0x4 (has extras) }) adj=925.
11-29 22:39:01.309  3688  5154 I SmartPower: com.android.vending/10178(16802): background->idle(3005ms) R(broadcast start Intent { act=android.intent.action.PROXY_CHANGE flg=0x24000010 xflg=0x4 (has extras) }) adj=709.
11-29 22:39:01.309  3688  5154 I SmartPower: com.android.vending:background/10178(21771): background->idle(3008ms) R(broadcast start Intent { act=android.intent.action.PROXY_CHANGE flg=0x24000010 xflg=0x4 (has extras) }) adj=925.
11-29 22:39:01.309  3688  5154 I SmartPower: com.google.android.gm/10206(8334): background->idle(3004ms) R(broadcast start Intent { act=android.intent.action.PROXY_CHANGE flg=0x24000010 xflg=0x4 (has extras) }) adj=925.
11-29 22:39:01.309  3688  5154 I SmartPower: com.android.chrome/10195(16550): background->idle(3004ms) R(broadcast start Intent { act=android.intent.action.PROXY_CHANGE flg=0x24000010 xflg=0x4 (has extras) }) adj=905.
11-29 22:39:01.309  3688  5154 I SmartPower: com.google.android.googlequicksearchbox:search/10185(27872): background->idle(3021ms) R(broadcast start Intent { act=android.intent.action.PROXY_CHANGE flg=0x24000010 xflg=0x4 (has extras) }) adj=709.
11-29 22:39:01.309  3688  5154 I SmartPower: com.google.android.googlequicksearchbox:googleapp/10185(27327): background->idle(3003ms) R(broadcast start Intent { act=android.intent.action.PROXY_CHANGE flg=0x24000010 xflg=0x4 (has extras) }) adj=800.
11-29 22:39:01.336 17848 21082 D DnsCacheManager: ðŸ“Š Synced latency from SharedPreferences: avgHitLatency=0,000ms, avgMissLatency=0,062ms
11-29 22:39:01.409  2743  4967 I libsensor-boledalgo: dbv:352,lux:84.3,cct:5345.9,hsv:-1.0,CWB R:14071.9,G:13747.9,B:12017.2Event C:3017.7,R:1643.5,G:1194.3,B:492.9Cali C:337.7,R:242.1,G:170.0,B:55.7 
11-29 22:39:01.410  2743  4967 I libsensor-boledalgo: dbv:352,lux:85.9,cct:5182.7,hsv:-1.0,CWB R:14071.9,G:13747.9,B:12017.2Event C:3043.3,R:1649.4,G:1196.2,B:485.8Cali C:337.7,R:242.1,G:170.0,B:55.7 
11-29 22:39:01.411  2743  4967 I libsensor-boledalgo: dbv:352,lux:84.7,cct:5273.5,hsv:-1.0,CWB R:14071.9,G:13747.9,B:12017.2Event C:3019.5,R:1644.8,G:1194.1,B:488.8Cali C:337.7,R:242.1,G:170.0,B:55.7 
11-29 22:39:01.411  2743  4967 I libsensor-boledalgo: dbv:352,lux:85.2,cct:5401.6,hsv:-1.0,CWB R:14071.9,G:13747.9,B:12017.2Event C:3052.0,R:1662.9,G:1210.3,B:502.2Cali C:337.7,R:242.1,G:170.0,B:55.7 
11-29 22:39:01.463  5685  6009 E Tethering: [api31.BpfCoordinatorShimImpl] ERROR Could not insert entry (iif: 260, dstMac: ea:d5:00:69:7d:df, l4proto: 6, src4: /172.17.41.197, dst4: /3.132.202.240, srcPort: 60411, dstPort: 443, oif: 19, ethDstMac: 00:00:00:00:00:00, ethSrcMac: 00:00:00:00:00:00, ethProto: 2048, pmtu: 1500, src46: /10.109.168.34, dst46: /3.132.202.240, srcPort: 60411, dstPort: 443, lastUsed: 0): android.system.ErrnoException: nativeWriteToMapEntry failed: E2BIG (Argument list too long)
11-29 22:39:01.463  5685  6009 E Tethering: [api31.BpfCoordinatorShimImpl] ERROR Could not insert entry (iif: 19, dstMac: 00:00:00:00:00:00, l4proto: 6, src4: /3.132.202.240, dst4: /10.109.168.34, srcPort: 443, dstPort: 60411, oif: 260, ethDstMac: 18:47:3d:b2:fe:79, ethSrcMac: ea:d5:00:69:7d:df, ethProto: 2048, pmtu: 1500, src46: /3.132.202.240, dst46: /172.17.41.197, srcPort: 443, dstPort: 60411, lastUsed: 0): android.system.ErrnoException: nativeWriteToMapEntry failed: E2BIG (Argument list too long)
11-29 22:39:01.552  5949  6246 D JavaheapMonitor: Java heap used=29M max=256M, proc: com.android.phone
11-29 22:39:01.553  5949  6246 V JavaheapMonitor: Check java heap usage finished! Next check delay: 300000
11-29 22:39:01.621  2743  4967 I libsensor-boledalgo: dbv:352,lux:85.8,cct:5298.8,hsv:-1.0,CWB R:14071.9,G:13747.9,B:12017.2Event C:3059.2,R:1664.2,G:1208.9,B:496.6Cali C:337.7,R:242.1,G:170.0,B:55.7 
11-29 22:39:01.645  5685  6009 E Tethering: [api31.BpfCoordinatorShimImpl] ERROR Could not insert entry (iif: 260, dstMac: ea:d5:00:69:7d:df, l4proto: 6, src4: /172.17.41.197, dst4: /3.132.202.240, srcPort: 60411, dstPort: 443, oif: 19, ethDstMac: 00:00:00:00:00:00, ethSrcMac: 00:00:00:00:00:00, ethProto: 2048, pmtu: 1500, src46: /10.109.168.34, dst46: /3.132.202.240, srcPort: 60411, dstPort: 443, lastUsed: 0): android.system.ErrnoException: nativeWriteToMapEntry failed: E2BIG (Argument list too long)
11-29 22:39:01.645  5685  6009 E Tethering: [api31.BpfCoordinatorShimImpl] ERROR Could not insert entry (iif: 19, dstMac: 00:00:00:00:00:00, l4proto: 6, src4: /3.132.202.240, dst4: /10.109.168.34, srcPort: 443, dstPort: 60411, oif: 260, ethDstMac: 18:47:3d:b2:fe:79, ethSrcMac: ea:d5:00:69:7d:df, ethProto: 2048, pmtu: 1500, src46: /3.132.202.240, dst46: /172.17.41.197, srcPort: 443, dstPort: 60411, lastUsed: 0): android.system.ErrnoException: nativeWriteToMapEntry failed: E2BIG (Argument list too long)
11-29 22:39:01.646  5685  6009 E Tethering: [api31.BpfCoordinatorShimImpl] ERROR Could not insert entry (iif: 260, dstMac: ea:d5:00:69:7d:df, l4proto: 6, src4: /172.17.41.197, dst4: /3.132.202.240, srcPort: 60411, dstPort: 443, oif: 19, ethDstMac: 00:00:00:00:00:00, ethSrcMac: 00:00:00:00:00:00, ethProto: 2048, pmtu: 1500, src46: /10.109.168.34, dst46: /3.132.202.240, srcPort: 60411, dstPort: 443, lastUsed: 0): android.system.ErrnoException: nativeWriteToMapEntry failed: E2BIG (Argument list too long)
11-29 22:39:01.646  5685  6009 E Tethering: [api31.BpfCoordinatorShimImpl] ERROR Could not insert entry (iif: 19, dstMac: 00:00:00:00:00:00, l4proto: 6, src4: /3.132.202.240, dst4: /10.109.168.34, srcPort: 443, dstPort: 60411, oif: 260, ethDstMac: 18:47:3d:b2:fe:79, ethSrcMac: ea:d5:00:69:7d:df, ethProto: 2048, pmtu: 1500, src46: /3.132.202.240, dst46: /172.17.41.197, srcPort: 443, dstPort: 60411, lastUsed: 0): android.system.ErrnoException: nativeWriteToMapEntry failed: E2BIG (Argument list too long)
11-29 22:39:01.648 30552 17742 D DnsCacheManager: ðŸ“Š Synced latency from SharedPreferences: avgHitLatency=0,000ms, avgMissLatency=0,062ms
11-29 22:39:01.649  5685  6009 E Tethering: [api31.BpfCoordinatorShimImpl] ERROR Could not insert entry (iif: 260, dstMac: ea:d5:00:69:7d:df, l4proto: 6, src4: /172.17.41.197, dst4: /3.132.202.240, srcPort: 60411, dstPort: 443, oif: 19, ethDstMac: 00:00:00:00:00:00, ethSrcMac: 00:00:00:00:00:00, ethProto: 2048, pmtu: 1500, src46: /10.109.168.34, dst46: /3.132.202.240, srcPort: 60411, dstPort: 443, lastUsed: 0): android.system.ErrnoException: nativeWriteToMapEntry failed: E2BIG (Argument list too long)
11-29 22:39:01.650  5685  6009 E Tethering: [api31.BpfCoordinatorShimImpl] ERROR Could not insert entry (iif: 19, dstMac: 00:00:00:00:00:00, l4proto: 6, src4: /3.132.202.240, dst4: /10.109.168.34, srcPort: 443, dstPort: 60411, oif: 260, ethDstMac: 18:47:3d:b2:fe:79, ethSrcMac: ea:d5:00:69:7d:df, ethProto: 2048, pmtu: 1500, src46: /3.132.202.240, dst46: /172.17.41.197, srcPort: 443, dstPort: 60411, lastUsed: 0): android.system.ErrnoException: nativeWriteToMapEntry failed: E2BIG (Argument list too long)
11-29 22:39:01.650 30552 30552 D MainViewModelDashboardAdapter: ðŸ“Š toFeatureState: avgHitLatencyMs=0.0, avgMissLatencyMs=0.062344
11-29 22:39:01.695  5685  6009 E Tethering: [api31.BpfCoordinatorShimImpl] ERROR Could not insert entry (iif: 260, dstMac: ea:d5:00:69:7d:df, l4proto: 6, src4: /172.17.41.197, dst4: /35.169.152.110, srcPort: 60434, dstPort: 443, oif: 19, ethDstMac: 00:00:00:00:00:00, ethSrcMac: 00:00:00:00:00:00, ethProto: 2048, pmtu: 1500, src46: /10.109.168.34, dst46: /35.169.152.110, srcPort: 60434, dstPort: 443, lastUsed: 0): android.system.ErrnoException: nativeWriteToMapEntry failed: E2BIG (Argument list too long)
11-29 22:39:01.695  5685  6009 E Tethering: [api31.BpfCoordinatorShimImpl] ERROR Could not insert entry (iif: 19, dstMac: 00:00:00:00:00:00, l4proto: 6, src4: /35.169.152.110, dst4: /10.109.168.34, srcPort: 443, dstPort: 60434, oif: 260, ethDstMac: 18:47:3d:b2:fe:79, ethSrcMac: ea:d5:00:69:7d:df, ethProto: 2048, pmtu: 1500, src46: /35.169.152.110, dst46: /172.17.41.197, srcPort: 443, dstPort: 60434, lastUsed: 0): android.system.ErrnoException: nativeWriteToMapEntry failed: E2BIG (Argument list too long)
11-29 22:39:01.700  5685  6009 E Tethering: [api31.BpfCoordinatorShimImpl] ERROR Could not insert entry (iif: 260, dstMac: ea:d5:00:69:7d:df, l4proto: 6, src4: /172.17.41.197, dst4: /35.169.152.110, srcPort: 60434, dstPort: 443, oif: 19, ethDstMac: 00:00:00:00:00:00, ethSrcMac: 00:00:00:00:00:00, ethProto: 2048, pmtu: 1500, src46: /10.109.168.34, dst46: /35.169.152.110, srcPort: 60434, dstPort: 443, lastUsed: 0): android.system.ErrnoException: nativeWriteToMapEntry failed: E2BIG (Argument list too long)
11-29 22:39:01.700  5685  6009 E Tethering: [api31.BpfCoordinatorShimImpl] ERROR Could not insert entry (iif: 19, dstMac: 00:00:00:00:00:00, l4proto: 6, src4: /35.169.152.110, dst4: /10.109.168.34, srcPort: 443, dstPort: 60434, oif: 260, ethDstMac: 18:47:3d:b2:fe:79, ethSrcMac: ea:d5:00:69:7d:df, ethProto: 2048, pmtu: 1500, src46: /35.169.152.110, dst46: /172.17.41.197, srcPort: 443, dstPort: 60434, lastUsed: 0): android.system.ErrnoException: nativeWriteToMapEntry failed: E2BIG (Argument list too long)
11-29 22:39:01.701  5685  6009 E Tethering: [api31.BpfCoordinatorShimImpl] ERROR Could not insert entry (iif: 260, dstMac: ea:d5:00:69:7d:df, l4proto: 6, src4: /172.17.41.197, dst4: /35.169.152.110, srcPort: 60434, dstPort: 443, oif: 19, ethDstMac: 00:00:00:00:00:00, ethSrcMac: 00:00:00:00:00:00, ethProto: 2048, pmtu: 1500, src46: /10.109.168.34, dst46: /35.169.152.110, srcPort: 60434, dstPort: 443, lastUsed: 0): android.system.ErrnoException: nativeWriteToMapEntry failed: E2BIG (Argument list too long)
11-29 22:39:01.701  5685  6009 E Tethering: [api31.BpfCoordinatorShimImpl] ERROR Could not insert entry (iif: 19, dstMac: 00:00:00:00:00:00, l4proto: 6, src4: /35.169.152.110, dst4: /10.109.168.34, srcPort: 443, dstPort: 60434, oif: 260, ethDstMac: 18:47:3d:b2:fe:79, ethSrcMac: ea:d5:00:69:7d:df, ethProto: 2048, pmtu: 1500, src46: /35.169.152.110, dst46: /172.17.41.197, srcPort: 443, dstPort: 60434, lastUsed: 0): android.system.ErrnoException: nativeWriteToMapEntry failed: E2BIG (Argument list too long)
11-29 22:39:01.820  2003  2003 D MI-SF   : isSupportLowBrightnessFpsSwitch current_setting_fps: 120
11-29 22:39:01.821  2003  2003 D MI-SF   : isTpIdleScene ,mAverageFrameRate is 0, 1 
11-29 22:39:01.821  2003  2003 D MI-SF   : setTpIdleFps choose FPS:60, mode:0
11-29 22:39:01.821  2003  2003 D DisplayModeController: setDesiredMode 4630946682710401939 {mode={fps=60.00 Hz, modePtr={id=7, vsyncRate=60.00 Hz, peakRefreshRate=60.00 Hz}}, emitEvent=true, force=false}
11-29 22:39:01.821  2003  2003 E DisplayModeController: setDesiredMode : Idle status skip setActiveMode, isDdicIdleMode: 1
11-29 22:39:01.816  2003  2003 W binder:2003_2: type=1400 audit(0.0:2248036): avc:  denied  { search } for  name="mcd" dev="dm-56" ino=1400 scontext=u:r:surfaceflinger:s0 tcontext=u:object_r:mcd_data_file:s0 tclass=dir permissive=0
11-29 22:39:01.826  1811  3238 I SDM     : SDMDisplay::SetActiveConfigWithConstraints: display = 0, config: 7, WxH 1200x2670, fps 60@normal@60:60
11-29 22:39:01.827  1811  3238 W SDM     : HWDeviceDRM::GetSupportedBitClkRate: Requested rate not supported: 1150000000
11-29 22:39:01.827  1811  3238 I SDM     : HWDeviceDRM::UpdateMixerAttributes: Mixer WxH 1200x2670-1 for Peripheral
11-29 22:39:01.828  1811  2433 I SDM     : HWDeviceDRM::SetupConcurrentWriteback: Tear down the Concurrent Writeback topology
11-29 22:39:01.828  1811  3037 I vendor.qti.hardware.display.composer-service: Sensor: notify citsensorservice to trigger cwb, misForced = 0
11-29 22:39:01.829  1811  3238 I SDM     : CWB config passed by cwb_client : tappoint 1  CWB_ROI : (480.000000 159.000000 721.000000 400.000000) for display-0
11-29 22:39:01.830  3688  3836 I DisplayDeviceRepository: Display device changed render timings: "YerleÅŸik Ekran", renderFrameRate=60.000004, presentationDeadlineNanos=16666666, appVsyncOffsetNanos=1000000, frameRateOverrides=[]
11-29 22:39:01.830  3688  3834 D WindowManager: DeferredDisplayUpdater: partially applying DisplayInfo(1200 x 2670) immediately
11-29 22:39:01.831  3688  3834 W DisplayContentStubImpl:  displayMetricsChanged=false physicalDisplayChanged=false displayId=0 newUniqueId=local:4630946682710401939 currentUnique=local:4630946682710401939
11-29 22:39:01.831  3688  3834 D DisplayContentStubImpl: Display{#0 state=ON size=1200x2670 ROTATION_0} isActivityEmbeddingSplitEnable false
11-29 22:39:01.831  1945  2317 D AudioFlingerImpl: setGameParameters keyvalue: screen_state=on
11-29 22:39:01.831  1945  2317 D DeviceHalAidl: [default] setParameters: parameters: "screen_state=on"
11-29 22:39:01.831  3688  3834 D BarFollowAnimation: pairAppearanceRegionAndWin win=Window{2b3e88f u0 com.hyperxray.an/com.hyperxray.an.activity.MainActivity} 0
11-29 22:39:01.831  3688  3834 D BarFollowAnimation: isAppTaskBarOnTop win:Window{2b3e88f u0 com.hyperxray.an/com.hyperxray.an.activity.MainActivity} (mCurrentTopTask:Task{bd2e93c #1354 type=standard I=com.hyperxray.an/.activity.MainActivity} : true); (mAssociatedTask:Task{bd2e93c #1354 type=standard I=com.hyperxray.an/.activity.MainActivity} : true); (mHomeTask:Task{c7eba92 #1 type=home} : false); mReparentToOriginParent:false mLastAppBarVisible:true mLastHomeBarVisible:false
11-29 22:39:01.831  1793  4678 D PAL: API: pal_set_param: 1497: Enter: param id 8 (PAL_PARAM_ID_SCREEN_STATE)
11-29 22:39:01.831  3688  3834 D MiuiRefreshRatePolicy: reset
11-29 22:39:01.832  1793  4678 D PAL: ResourceManager: setParameter: 11845: Enter param id: 8 (PAL_PARAM_ID_SCREEN_STATE)
11-29 22:39:01.832  1793  4678 I PAL: ResourceManager: setParameter: 11872: Screen State:1
11-29 22:39:01.832  1793  4678 D PAL: ResourceManager: setParameter: 13545: Exit status: 0
11-29 22:39:01.832  1793  4678 D PAL: API: pal_set_param: 1514: Exit, status 0
11-29 22:39:01.832  1945  2317 D DeviceHalAidl: [usb] setParameters: parameters: "screen_state=on"
11-29 22:39:01.832  1793  4678 D AHAL_Module: updateScreenState: usb: 1
11-29 22:39:01.832  1945  2317 D DeviceHalAidl: [r_submix] setParameters: parameters: "screen_state=on"
11-29 22:39:01.832  1793  4678 D AHAL_Module: updateScreenState: r_submix: 1
11-29 22:39:01.832  1945  2317 D DeviceHalAidl: [bluetooth] setParameters: parameters: "screen_state=on"
11-29 22:39:01.832  1836  2379 D FPSMonitor: threadFuncFpsMonitor display 0, fps 60
11-29 22:39:01.833  2743  4942 D libsensor-D2SNotifier: DisplayId 0 Displayinfo2SlpiNotifier to type 8 displayFrequency = 60 
11-29 22:39:01.833  1793  4678 D AHAL_Module: updateScreenState: bluetooth: 1
11-29 22:39:01.834  5385  6128 W GestureStubView_Left: onDisplayChanged
11-29 22:39:01.835  5629  5629 D MiWallpaper-SaturnSuperWallpaper: refresh_rate60
11-29 22:39:01.835  5629  5629 D MiWallpaper-SaturnSuperWallpaper: sendUnityMessage real Refresh_60 time: 1764445141835
11-29 22:39:01.835  5385  6128 W GestureStubView_Left: adaptRotation   currentRotation=0   mRotation=0
11-29 22:39:01.835  5385  6128 W GestureStubView_Right: onDisplayChanged
11-29 22:39:01.835  5385  6128 W GestureStubView_Right: adaptRotation   currentRotation=0   mRotation=0
11-29 22:39:01.835  6013  8135 D MiuiGxzwAnimView: onDisplayChanged: oldState = 2, newState = 2
11-29 22:39:01.835  6013  6013 V AutoDensityController: on display changed 0 context dpi:489 origin dpi:520 target dpi:489
11-29 22:39:01.835  6013  6013 D ControlCenterWindowViewController: on display changed 0
11-29 22:39:01.835  6013  6013 V AODAutoDensityController: on display changed 0 context dpi:489 origin dpi:520 target dpi:489
11-29 22:39:01.835  1945  2317 D AudioFlingerImpl: setGameParameters keyvalue: musicCanStopFlag=false
11-29 22:39:01.835  1945  2317 D DeviceHalAidl: [default] setParameters: parameters: "musicCanStopFlag=false"
11-29 22:39:01.836  1793  4678 I AHAL_ModulePrimary_MI: setVendorParameters: parameter count 1, async: 0
11-29 22:39:01.836  1793  4678 D AHAL_ModulePrimary_MI: setVendorParameters parameters id = musicCanStopFlag val false
11-29 22:39:01.836  1793  4678 D AHAL_ModulePrimary_QTI: setVendorParameters: parameter count 1, async: 0
11-29 22:39:01.836  1793  4678 D AHAL_HFP_QTI: hfp_set_parameters enter
11-29 22:39:01.836  1793  4678 D AHAL_HFP_QTI: hfp_set_parameters Exit
11-29 22:39:01.836  1945  2317 D DeviceHalAidl: [usb] setParameters: parameters: "musicCanStopFlag=false"
11-29 22:39:01.836  1945  2317 E ConversionHelperAidl: Function: parseAndSetVendorParameters Line: 94 Failed 
11-29 22:39:01.836  1945  2317 D DeviceHalAidl: [r_submix] setParameters: parameters: "musicCanStopFlag=false"
11-29 22:39:01.836  1793  4678 D AHAL_ModuleRemoteSubmix: setVendorParameters: parameter count 1, async: 0
11-29 22:39:01.836  1793  4678 D AHAL_ModuleRemoteSubmix: setVendorParameters parameters id = musicCanStopFlag val false
11-29 22:39:01.836  1945  2317 E ConversionHelperAidl: Function: parseAndSetVendorParameters Line: 94 Failed 
11-29 22:39:01.836  1945  2317 D DeviceHalAidl: [bluetooth] setParameters: parameters: "musicCanStopFlag=false"
11-29 22:39:01.836  1945  2317 E ConversionHelperAidl: Function: parseAndSetVendorParameters Line: 94 Failed 
11-29 22:39:01.836  2743  4942 I sensors : qsh_qmi:41, qsh_qmi
11-29 22:39:01.836  5385  5385 W Launcher: onDisplayChanged: newRotation=0, mCurrentRotation=0
11-29 22:39:01.837 17848 21082 D DnsCacheManager: ðŸ“Š Synced latency from SharedPreferences: avgHitLatency=0,000ms, avgMissLatency=0,062ms
11-29 22:39:01.838  2743  4942 I sensors : ~qsh_qmi:68, ~qsh_qmi
11-29 22:39:01.853  5949  5949 D QtiLinkBandwidthEstimator-1: handleMessage: 2
11-29 22:39:01.853  5949  5949 D QtiLinkBandwidthEstimator-1: MSG_TRAFFIC_STATS_POLL
11-29 22:39:01.861  5949  5949 D QtiLinkBandwidthEstimator-1: isDataPacketsCaluclationOnEachSimSeperately : true
11-29 22:39:01.861  5949  5949 D QtiLinkBandwidthEstimator-0: handleMessage: 2
11-29 22:39:01.861  5949  5949 D QtiLinkBandwidthEstimator-0: MSG_TRAFFIC_STATS_POLL
11-29 22:39:01.861  5949  5949 D QtiLinkBandwidthEstimator-0: isDataPacketsCaluclationOnEachSimSeperately : true
11-29 22:39:01.865 12969 13323 D JavaheapMonitor: Java heap used=8M max=256M, proc: com.miui.powerkeeper
11-29 22:39:01.865 12969 13323 V JavaheapMonitor: Check java heap usage finished! Next check delay: 300000
11-29 22:39:01.880  1811  2433 I SDM     : HWDeviceDRM::SetupConcurrentWriteback: Tear down the Concurrent Writeback topology
11-29 22:39:01.882  1811  5030 I SDM     : NotifyCWBStatus: Notify the client about buffer (0x7b66b000) status 0 for display-0.
11-29 22:39:01.882  1811  5030 I SDM     : SDMConcurrentWriteBack::ProcessCWBStatus: CWB queue is empty. Display: 0
11-29 22:39:01.887  5685  6009 E Tethering: [api31.BpfCoordinatorShimImpl] ERROR Could not insert entry (iif: 260, dstMac: ea:d5:00:69:7d:df, l4proto: 6, src4: /172.17.41.197, dst4: /35.169.152.110, srcPort: 60434, dstPort: 443, oif: 19, ethDstMac: 00:00:00:00:00:00, ethSrcMac: 00:00:00:00:00:00, ethProto: 2048, pmtu: 1500, src46: /10.109.168.34, dst46: /35.169.152.110, srcPort: 60434, dstPort: 443, lastUsed: 0): android.system.ErrnoException: nativeWriteToMapEntry failed: E2BIG (Argument list too long)
11-29 22:39:01.888  5685  6009 E Tethering: [api31.BpfCoordinatorShimImpl] ERROR Could not insert entry (iif: 19, dstMac: 00:00:00:00:00:00, l4proto: 6, src4: /35.169.152.110, dst4: /10.109.168.34, srcPort: 443, dstPort: 60434, oif: 260, ethDstMac: 18:47:3d:b2:fe:79, ethSrcMac: ea:d5:00:69:7d:df, ethProto: 2048, pmtu: 1500, src46: /35.169.152.110, dst46: /172.17.41.197, srcPort: 443, dstPort: 60434, lastUsed: 0): android.system.ErrnoException: nativeWriteToMapEntry failed: E2BIG (Argument list too long)
11-29 22:39:02.016  1811  2433 I SDM     : DisplayBase::CommitThread: Received Idle Timeout, panel: cmd, timeout: 69999 us
11-29 22:39:02.038  2003  2003 D MI-SF   : setIdleFps choose FPS:120, mode:24641792 mode_group 24641792
11-29 22:39:02.038  2003  2003 D DisplayModeController: setDesiredMode 4630946682710401939 {mode={fps=120.00 Hz, modePtr={id=3, vsyncRate=120.00 Hz, peakRefreshRate=120.00 Hz}}, emitEvent=false, force=false}
11-29 22:39:02.049  1811  1811 I SDM     : SDMDisplay::SetActiveConfigWithConstraints: display = 0, config: 3, WxH 1200x2670, fps 120@idle@120:1
11-29 22:39:02.050  1811  1811 W SDM     : HWDeviceDRM::GetSupportedBitClkRate: Requested rate not supported: 1150000000
11-29 22:39:02.050  1811  1811 I SDM     : HWDeviceDRM::UpdateMixerAttributes: Mixer WxH 1200x2670-1 for Peripheral
11-29 22:39:02.051  1811  3037 I vendor.qti.hardware.display.composer-service: Sensor: notify citsensorservice to trigger cwb, misForced = 0
11-29 22:39:02.052  1811  1811 I SDM     : CWB config passed by cwb_client : tappoint 1  CWB_ROI : (480.000000 159.000000 721.000000 400.000000) for display-0
11-29 22:39:02.054  1836  2379 D FPSMonitor: threadFuncFpsMonitor display 0, fps 1
11-29 22:39:02.055  2743  4942 D libsensor-D2SNotifier: DisplayId 0 Displayinfo2SlpiNotifier to type 8 displayFrequency = 1 
11-29 22:39:02.057  2743  4942 I sensors : qsh_qmi:41, qsh_qmi
11-29 22:39:02.058  2743  4942 I sensors : ~qsh_qmi:68, ~qsh_qmi
11-29 22:39:02.061 30552 30552 D DnsCacheManager: DnsCacheManager already initialized, ensuring metrics job is running...
11-29 22:39:02.062 30552 30552 D DnsCacheManager: âœ… Metrics job is already running (isActive=true)
11-29 22:39:02.062 30552 30552 I MainViewModelDashboardAdapter: âœ… DNS cache stats StateFlow connected: entries=1, hits=0, misses=1, hitRate=0%
11-29 22:39:02.062 30552 17742 D DnsCacheManager: âœ… Metrics job is already running (isActive=true)
11-29 22:39:02.088  1811  5030 I SDM     : NotifyCWBStatus: Notify the client about buffer (0x7b666460) status 0 for display-0.
11-29 22:39:02.088  1811  5030 I SDM     : SDMConcurrentWriteBack::ProcessCWBStatus: CWB queue is empty. Display: 0
11-29 22:39:02.138  5685  6009 E Tethering: [api31.BpfCoordinatorShimImpl] ERROR Could not insert entry (iif: 260, dstMac: ea:d5:00:69:7d:df, l4proto: 6, src4: /172.17.41.197, dst4: /3.132.202.240, srcPort: 60426, dstPort: 443, oif: 19, ethDstMac: 00:00:00:00:00:00, ethSrcMac: 00:00:00:00:00:00, ethProto: 2048, pmtu: 1500, src46: /10.109.168.34, dst46: /3.132.202.240, srcPort: 60426, dstPort: 443, lastUsed: 0): android.system.ErrnoException: nativeWriteToMapEntry failed: E2BIG (Argument list too long)
11-29 22:39:02.138  5685  6009 E Tethering: [api31.BpfCoordinatorShimImpl] ERROR Could not insert entry (iif: 19, dstMac: 00:00:00:00:00:00, l4proto: 6, src4: /3.132.202.240, dst4: /10.109.168.34, srcPort: 443, dstPort: 60426, oif: 260, ethDstMac: 18:47:3d:b2:fe:79, ethSrcMac: ea:d5:00:69:7d:df, ethProto: 2048, pmtu: 1500, src46: /3.132.202.240, dst46: /172.17.41.197, srcPort: 443, dstPort: 60426, lastUsed: 0): android.system.ErrnoException: nativeWriteToMapEntry failed: E2BIG (Argument list too long)
11-29 22:39:02.144  1811  2433 I SDM     : DisplayBase::CommitThread: Received Idle Timeout, panel: cmd, timeout: 70000 us
11-29 22:39:02.151 30552 17742 D DnsCacheManager: ðŸ“Š Synced latency from SharedPreferences: avgHitLatency=0,000ms, avgMissLatency=0,062ms
11-29 22:39:02.152 30552 30552 D MainViewModelDashboardAdapter: ðŸ“Š toFeatureState: avgHitLatencyMs=0.0, avgMissLatencyMs=0.062344
11-29 22:39:02.217  1811  3037 I vendor.qti.hardware.display.composer-service: Sensor: notify citsensorservice to trigger cwb, misForced = 1
11-29 22:39:02.218  1811  1811 I SDM     : CWB config passed by cwb_client : tappoint 1  CWB_ROI : (480.000000 159.000000 721.000000 400.000000) for display-0
11-29 22:39:02.236  1811  5030 I SDM     : NotifyCWBStatus: Notify the client about buffer (0x7b66b000) status 0 for display-0.
11-29 22:39:02.236  1811  5030 I SDM     : SDMConcurrentWriteBack::ProcessCWBStatus: CWB queue is empty. Display: 0
11-29 22:39:02.261  2743  4967 I libsensor-boledalgo: dbv:352,lux:86.2,cct:5212.2,hsv:-1.0,CWB R:14071.9,G:13747.9,B:12017.2Event C:3050.9,R:1654.9,G:1204.5,B:489.3Cali C:337.7,R:242.1,G:170.0,B:55.7 
11-29 22:39:02.294  1811  2433 I SDM     : DisplayBase::CommitThread: Received Idle Timeout, panel: cmd, timeout: 70000 us
11-29 22:39:02.321  5685  6009 E Tethering: [api31.BpfCoordinatorShimImpl] ERROR Could not insert entry (iif: 260, dstMac: ea:d5:00:69:7d:df, l4proto: 6, src4: /172.17.41.197, dst4: /3.132.202.240, srcPort: 60426, dstPort: 443, oif: 19, ethDstMac: 00:00:00:00:00:00, ethSrcMac: 00:00:00:00:00:00, ethProto: 2048, pmtu: 1500, src46: /10.109.168.34, dst46: /3.132.202.240, srcPort: 60426, dstPort: 443, lastUsed: 0): android.system.ErrnoException: nativeWriteToMapEntry failed: E2BIG (Argument list too long)
11-29 22:39:02.321  5685  6009 E Tethering: [api31.BpfCoordinatorShimImpl] ERROR Could not insert entry (iif: 19, dstMac: 00:00:00:00:00:00, l4proto: 6, src4: /3.132.202.240, dst4: /10.109.168.34, srcPort: 443, dstPort: 60426, oif: 260, ethDstMac: 18:47:3d:b2:fe:79, ethSrcMac: ea:d5:00:69:7d:df, ethProto: 2048, pmtu: 1500, src46: /3.132.202.240, dst46: /172.17.41.197, srcPort: 443, dstPort: 60426, lastUsed: 0): android.system.ErrnoException: nativeWriteToMapEntry failed: E2BIG (Argument list too long)
11-29 22:39:02.322  5685  6009 E Tethering: [api31.BpfCoordinatorShimImpl] ERROR Could not insert entry (iif: 260, dstMac: ea:d5:00:69:7d:df, l4proto: 6, src4: /172.17.41.197, dst4: /3.132.202.240, srcPort: 60426, dstPort: 443, oif: 19, ethDstMac: 00:00:00:00:00:00, ethSrcMac: 00:00:00:00:00:00, ethProto: 2048, pmtu: 1500, src46: /10.109.168.34, dst46: /3.132.202.240, srcPort: 60426, dstPort: 443, lastUsed: 0): android.system.ErrnoException: nativeWriteToMapEntry failed: E2BIG (Argument list too long)
11-29 22:39:02.322  5685  6009 E Tethering: [api31.BpfCoordinatorShimImpl] ERROR Could not insert entry (iif: 19, dstMac: 00:00:00:00:00:00, l4proto: 6, src4: /3.132.202.240, dst4: /10.109.168.34, srcPort: 443, dstPort: 60426, oif: 260, ethDstMac: 18:47:3d:b2:fe:79, ethSrcMac: ea:d5:00:69:7d:df, ethProto: 2048, pmtu: 1500, src46: /3.132.202.240, dst46: /172.17.41.197, srcPort: 443, dstPort: 60426, lastUsed: 0): android.system.ErrnoException: nativeWriteToMapEntry failed: E2BIG (Argument list too long)
11-29 22:39:02.326  5685  6009 E Tethering: [api31.BpfCoordinatorShimImpl] ERROR Could not insert entry (iif: 260, dstMac: ea:d5:00:69:7d:df, l4proto: 6, src4: /172.17.41.197, dst4: /3.132.202.240, srcPort: 60426, dstPort: 443, oif: 19, ethDstMac: 00:00:00:00:00:00, ethSrcMac: 00:00:00:00:00:00, ethProto: 2048, pmtu: 1500, src46: /10.109.168.34, dst46: /3.132.202.240, srcPort: 60426, dstPort: 443, lastUsed: 0): android.system.ErrnoException: nativeWriteToMapEntry failed: E2BIG (Argument list too long)
11-29 22:39:02.327  5685  6009 E Tethering: [api31.BpfCoordinatorShimImpl] ERROR Could not insert entry (iif: 19, dstMac: 00:00:00:00:00:00, l4proto: 6, src4: /3.132.202.240, dst4: /10.109.168.34, srcPort: 443, dstPort: 60426, oif: 260, ethDstMac: 18:47:3d:b2:fe:79, ethSrcMac: ea:d5:00:69:7d:df, ethProto: 2048, pmtu: 1500, src46: /3.132.202.240, dst46: /172.17.41.197, srcPort: 443, dstPort: 60426, lastUsed: 0): android.system.ErrnoException: nativeWriteToMapEntry failed: E2BIG (Argument list too long)
11-29 22:39:02.339 17848 21082 D DnsCacheManager: ðŸ“Š Synced latency from SharedPreferences: avgHitLatency=0,000ms, avgMissLatency=0,062ms
11-29 22:39:02.340 17848 21082 D DnsCacheManager: ðŸ“Š Metrics update #340: entries=1, hits=0, misses=1, hitRate=0%
11-29 22:39:02.383  3688  5025 D ActionExecute: setPkgData uid = 10519 time=8000
11-29 22:39:02.464  7875  7892 D QLM-Service: check_headroom_zone: Timer EVT, Temp: 39595
11-29 22:39:02.469  2743  4967 I libsensor-boledalgo: dbv:352,lux:86.3,cct:5277.4,hsv:-1.0,CWB R:14071.9,G:13747.9,B:12017.2Event C:3071.8,R:1680.4,G:1220.0,B:498.6Cali C:337.7,R:242.1,G:170.0,B:55.7 
11-29 22:39:02.470  2743  4967 I libsensor-boledalgo: dbv:352,lux:84.6,cct:5487.5,hsv:-1.0,CWB R:14071.9,G:13747.9,B:12017.2Event C:3042.5,R:1658.4,G:1209.1,B:505.9Cali C:337.7,R:242.1,G:170.0,B:55.7 
11-29 22:39:02.470  2743  4967 I libsensor-boledalgo: dbv:352,lux:86.1,cct:5284.2,hsv:-1.0,CWB R:14071.9,G:13747.9,B:12017.2Event C:3052.6,R:1653.4,G:1207.9,B:494.0Cali C:337.7,R:242.1,G:170.0,B:55.7 
11-29 22:39:02.472  2743  4967 I libsensor-boledalgo: dbv:352,lux:86.5,cct:5208.1,hsv:-1.0,CWB R:14071.9,G:13747.9,B:12017.2Event C:3050.7,R:1660.2,G:1213.2,B:490.0Cali C:337.7,R:242.1,G:170.0,B:55.7 
11-29 22:39:02.473  2743  4967 I libsensor-boledalgo: dbv:352,lux:86.2,cct:5294.8,hsv:-1.0,CWB R:14071.9,G:13747.9,B:12017.2Event C:3056.4,R:1656.3,G:1210.7,B:495.4Cali C:337.7,R:242.1,G:170.0,B:55.7 
11-29 22:39:02.653 30552 17742 D DnsCacheManager: ðŸ“Š Synced latency from SharedPreferences: avgHitLatency=0,000ms, avgMissLatency=0,062ms
11-29 22:39:02.654 30552 30552 D MainViewModelDashboardAdapter: ðŸ“Š toFeatureState: avgHitLatencyMs=0.0, avgMissLatencyMs=0.062344
11-29 22:39:02.667  5685  5863 D JavaheapMonitor: Java heap used=19M max=256M, proc: com.android.networkstack.process
11-29 22:39:02.667  5685  5863 V JavaheapMonitor: Check java heap usage finished! Next check delay: 300000
11-29 22:39:02.684  2743  4967 I libsensor-boledalgo: dbv:352,lux:88.6,cct:5124.1,hsv:-1.0,CWB R:14071.9,G:13747.9,B:12017.2Event C:3104.0,R:1681.8,G:1228.9,B:492.1Cali C:337.7,R:242.1,G:170.0,B:55.7 
11-29 22:39:02.685  2743  4967 I libsensor-boledalgo: dbv:352,lux:86.0,cct:5269.4,hsv:-1.0,CWB R:14071.9,G:13747.9,B:12017.2Event C:3046.0,R:1652.3,G:1207.4,B:492.3Cali C:337.7,R:242.1,G:170.0,B:55.7 
11-29 22:39:02.685  2743  4967 I libsensor-boledalgo: dbv:352,lux:85.7,cct:5388.9,hsv:-1.0,CWB R:14071.9,G:13747.9,B:12017.2Event C:3051.3,R:1652.6,G:1211.2,B:500.4Cali C:337.7,R:242.1,G:170.0,B:55.7 
11-29 22:39:02.708 17848 21082 D TelegramNotificationManager: Telegram config is null, skipping polling
11-29 22:39:02.740  5949  6474 E PhoneAdapter: get ntnphones failed, exception: java.lang.IllegalStateException: not support satellite!
11-29 22:39:02.742  3688  4946 D AmlWifiScoreReportInjector: in blackList, Prevent Ping-pong
11-29 22:39:02.742  3688  4902 W WifiScoreReport: Ignoring stale/invalid external score sessionId=3906 currentSessionId=-1 score=49
11-29 22:39:02.840 17848 21082 D DnsCacheManager: ðŸ“Š Synced latency from SharedPreferences: avgHitLatency=0,000ms, avgMissLatency=0,062ms
11-29 22:39:02.861  5949  5949 D QtiLinkBandwidthEstimator-1: handleMessage: 2
11-29 22:39:02.861  5949  5949 D QtiLinkBandwidthEstimator-1: MSG_TRAFFIC_STATS_POLL
11-29 22:39:02.869  5949  5949 D QtiLinkBandwidthEstimator-1: isDataPacketsCaluclationOnEachSimSeperately : true
11-29 22:39:02.869  5949  5949 D QtiLinkBandwidthEstimator-0: handleMessage: 2
11-29 22:39:02.869  5949  5949 D QtiLinkBandwidthEstimator-0: MSG_TRAFFIC_STATS_POLL
11-29 22:39:02.869  5949  5949 D QtiLinkBandwidthEstimator-0: isDataPacketsCaluclationOnEachSimSeperately : true
11-29 22:39:02.894  2743  4967 I libsensor-boledalgo: dbv:352,lux:85.8,cct:5243.0,hsv:-1.0,CWB R:14071.9,G:13747.9,B:12017.2Event C:3043.6,R:1656.1,G:1206.6,B:490.8Cali C:337.7,R:242.1,G:170.0,B:55.7 
11-29 22:39:02.896  2743  4967 I libsensor-boledalgo: dbv:352,lux:85.7,cct:5325.6,hsv:-1.0,CWB R:14071.9,G:13747.9,B:12017.2Event C:3048.8,R:1655.3,G:1207.6,B:496.4Cali C:337.7,R:242.1,G:170.0,B:55.7 
11-29 22:39:02.896  2743  4967 I libsensor-boledalgo: dbv:352,lux:85.5,cct:5270.1,hsv:-1.0,CWB R:14071.9,G:13747.9,B:12017.2Event C:3042.1,R:1664.2,G:1209.1,B:493.4Cali C:337.7,R:242.1,G:170.0,B:55.7 
11-29 22:39:02.897  2743  4967 I libsensor-boledalgo: dbv:352,lux:85.1,cct:5347.6,hsv:-1.0,CWB R:14071.9,G:13747.9,B:12017.2Event C:3052.0,R:1662.0,G:1202.1,B:498.4Cali C:337.7,R:242.1,G:170.0,B:55.7 
11-29 22:39:02.932  3688  4598 I ActivityManager: unbindService com.android.server.am.ActiveServices@92abfc4 conn=android.os.BinderProxy@fe2b14c callingPid=21103
11-29 22:39:02.932  1823  1823 I vendor.qti.hardware.servicetrackeraidl-service: unbindService is called for service : com.google.android.gms/.chimera.PersistentApiService and for client com.google.android.apps.translate
11-29 22:39:02.932  1823  1823 I vendor.qti.hardware.servicetrackeraidl-service: size of service connections for service: com.google.android.gms/.chimera.PersistentApiServiceafter removal is 65
11-29 22:39:02.933 19105 19105 D BoundBrokerSvc: onUnbind: Intent { act=com.google.android.gms.common.telemetry.service.START dat=chimera-action:/... xflg=0x4 cmp=com.google.android.gms/.chimera.PersistentApiService }
11-29 22:39:02.945  3688  4598 I ActivityManager: unbindService com.android.server.am.ActiveServices@92abfc4 conn=android.os.BinderProxy@5ec275 callingPid=19037
11-29 22:39:02.945  1823  1823 I vendor.qti.hardware.servicetrackeraidl-service: unbindService is called for service : com.google.android.gms/.auth.be.appcert.AppCertService and for client com.google.android.gms
11-29 22:39:02.945  1823  1823 I vendor.qti.hardware.servicetrackeraidl-service: size of service connections for service: com.google.android.gms/.auth.be.appcert.AppCertServiceafter removal is 0
11-29 22:39:02.945  1823  1823 I vendor.qti.hardware.servicetrackeraidl-service: size of client connections for client: com.google.android.gmsafter removal is 3
11-29 22:39:02.945  1823  1823 I vendor.qti.hardware.servicetrackeraidl-service: destroyService is called for service : com.google.android.gms/.auth.be.appcert.AppCertService
11-29 22:39:02.957 16020 16255 D JavaheapMonitor: Java heap used=8M max=256M, proc: com.xiaomi.joyose
11-29 22:39:02.957 16020 16255 V JavaheapMonitor: Check java heap usage finished! Next check delay: 300000
11-29 22:39:02.968  3688  4952 D InetDiagMessage: Destroyed 2 sockets, proto=IPPROTO_TCP, family=AF_INET, states=14
11-29 22:39:02.969  3688  4952 D InetDiagMessage: Destroyed 0 sockets, proto=IPPROTO_TCP, family=AF_INET6, states=14
11-29 22:39:02.969  3688  4952 D InetDiagMessage: Destroyed live tcp sockets for uids={10354} in 3ms
11-29 22:39:02.971  3688  4952 D InetDiagMessage: Destroyed 0 sockets, proto=IPPROTO_TCP, family=AF_INET, states=14
11-29 22:39:02.972  3688  4952 D InetDiagMessage: Destroyed 0 sockets, proto=IPPROTO_TCP, family=AF_INET6, states=14
11-29 22:39:02.972  3688  4952 D InetDiagMessage: Destroyed live tcp sockets for uids={20354} in 3ms
11-29 22:39:02.974  3688  4952 D InetDiagMessage: Destroyed 0 sockets, proto=IPPROTO_TCP, family=AF_INET, states=14
11-29 22:39:02.976  3688  4952 D InetDiagMessage: Destroyed 0 sockets, proto=IPPROTO_TCP, family=AF_INET6, states=14
11-29 22:39:02.976  3688  4952 D InetDiagMessage: Destroyed live tcp sockets for uids={10171} in 3ms
11-29 22:39:02.978  3688  4952 D InetDiagMessage: Destroyed 0 sockets, proto=IPPROTO_TCP, family=AF_INET, states=14
11-29 22:39:02.979  3688  4952 D InetDiagMessage: Destroyed 0 sockets, proto=IPPROTO_TCP, family=AF_INET6, states=14
11-29 22:39:02.979  3688  4952 D InetDiagMessage: Destroyed live tcp sockets for uids={20171} in 3ms
11-29 22:39:02.982 17187 18218 D JavaheapMonitor: Java heap used=9M max=512M, proc: com.android.thememanager
11-29 22:39:02.982 17187 18218 V JavaheapMonitor: Check java heap usage finished! Next check delay: 300000
11-29 22:39:03.063 30552 30552 D DnsCacheManager: DnsCacheManager already initialized, ensuring metrics job is running...
11-29 22:39:03.064 30552 30552 D DnsCacheManager: âœ… Metrics job is already running (isActive=true)
11-29 22:39:03.064 30552 30552 I MainViewModelDashboardAdapter: âœ… DNS cache stats StateFlow connected: entries=1, hits=0, misses=1, hitRate=0%
11-29 22:39:03.064 30552 17742 D DnsCacheManager: âœ… Metrics job is already running (isActive=true)
11-29 22:39:03.107  2743  4967 I libsensor-boledalgo: dbv:352,lux:86.1,cct:5279.2,hsv:-1.0,CWB R:14071.9,G:13747.9,B:12017.2Event C:3056.4,R:1656.9,G:1207.6,B:494.4Cali C:337.7,R:242.1,G:170.0,B:55.7 
11-29 22:39:03.108  2743  4967 I libsensor-boledalgo: dbv:352,lux:86.0,cct:5225.8,hsv:-1.0,CWB R:14071.9,G:13747.9,B:12017.2Event C:3043.3,R:1663.5,G:1213.4,B:490.8Cali C:337.7,R:242.1,G:170.0,B:55.7 
11-29 22:39:03.109  2743  4967 I libsensor-boledalgo: dbv:352,lux:85.4,cct:5342.8,hsv:-1.0,CWB R:14071.9,G:13747.9,B:12017.2Event C:3050.2,R:1649.0,G:1198.8,B:496.4Cali C:337.7,R:242.1,G:170.0,B:55.7 
11-29 22:39:03.109  2743  4967 I libsensor-boledalgo: dbv:352,lux:85.7,cct:5273.5,hsv:-1.0,CWB R:14071.9,G:13747.9,B:12017.2Event C:3038.6,R:1642.6,G:1200.2,B:490.6Cali C:337.7,R:242.1,G:170.0,B:55.7 
11-29 22:39:03.142 16802 17123 D JavaheapMonitor: Java heap used=16M max=256M, proc: com.android.vending
11-29 22:39:03.143 16802 17123 V JavaheapMonitor: Check java heap usage finished! Next check delay: 300000
11-29 22:39:03.154 30552 17742 D DnsCacheManager: ðŸ“Š Synced latency from SharedPreferences: avgHitLatency=0,000ms, avgMissLatency=0,062ms
11-29 22:39:03.156 30552 30552 D MainViewModelDashboardAdapter: ðŸ“Š toFeatureState: avgHitLatencyMs=0.0, avgMissLatencyMs=0.062344
11-29 22:39:03.257 24197 25371 D JavaheapMonitor: Java heap used=4M max=256M, proc: com.miui.analytics
11-29 22:39:03.259 24197 25371 V JavaheapMonitor: Check java heap usage finished! Next check delay: 300000
11-29 22:39:03.280  3688  6373 I ActivityManager: unbindService com.android.server.am.ActiveServices@92abfc4 conn=android.os.BinderProxy@b3fe10 callingPid=19513
11-29 22:39:03.281  1823  1823 I vendor.qti.hardware.servicetrackeraidl-service: unbindService is called for service : com.google.android.gms/.chimera.PersistentDirectBootAwareApiService and for client com.google.android.apps.messaging
11-29 22:39:03.281  1823  1823 I vendor.qti.hardware.servicetrackeraidl-service: size of service connections for service: com.google.android.gms/.chimera.PersistentDirectBootAwareApiServiceafter removal is 12
11-29 22:39:03.304  3688  5025 D ActionExecute: frozen uid = 10504 reason=from system enable=false
11-29 22:39:03.338 24778 25524 D JavaheapMonitor: Java heap used=9M max=256M, proc: com.miui.misound
11-29 22:39:03.338 24778 25524 V JavaheapMonitor: Check java heap usage finished! Next check delay: 300000
11-29 22:39:03.342 17848 21082 D DnsCacheManager: ðŸ“Š Synced latency from SharedPreferences: avgHitLatency=0,000ms, avgMissLatency=0,062ms
11-29 22:39:03.350 29653 30319 D JavaheapMonitor: Java heap used=23M max=512M, proc: com.android.camera
11-29 22:39:03.350 29653 30319 V JavaheapMonitor: Check java heap usage finished! Next check delay: 300000
11-29 22:39:03.423  1823  1823 I vendor.qti.hardware.servicetrackeraidl-service: bindService is called for service : com.google.android.gms/.icing.service.AppIndexingService and for client com.google.android.gm
11-29 22:39:03.423  1823  1823 I vendor.qti.hardware.servicetrackeraidl-service: total connections for service : com.google.android.gms/.icing.service.AppIndexingServiceare :1
11-29 22:39:03.423  1823  1823 I vendor.qti.hardware.servicetrackeraidl-service: total connections for client : com.google.android.gmare :3
11-29 22:39:03.423  3688  6373 I SmartPower: com.google.android.gms/10165(19037): idle->background(2119ms) R(service create com.google.android.gms/.icing.service.AppIndexingService) adj=600.
11-29 22:39:03.423  3688  5232 D BackgroundInstallControlService: Package event received: 0
11-29 22:39:03.424  3688  6373 D ActivityManager: Logging bindService for com.google.android.gms, stopped=false, firstLaunch=false
11-29 22:39:03.429  3688  6373 D ActivityManager: Logging startService for com.google.android.gms, stopped=false, firstLaunch=false, intent=Intent { act=com.google.android.gms.icing.START_STICKY xflg=0x4 cmp=com.google.android.gms/.icing.service.IndexWorkerService (has extras) }, r.app=ProcessRecord{6662c5 19037:com.google.android.gms/u0a165}
11-29 22:39:03.430  3688  6373 D Aurogon :  packageName = com.google.android.gms isAllowWakeUpList 
11-29 22:39:03.431  5385  6267 D JavaheapMonitor: Java heap used=42M max=512M, proc: com.miui.home
11-29 22:39:03.431  5385  6267 V JavaheapMonitor: Check java heap usage finished! Next check delay: 300000
11-29 22:39:03.431  1823  1823 I vendor.qti.hardware.servicetrackeraidl-service: bindService is called for service : com.google.android.gms/.chimera.GmsBoundBrokerService and for client com.google.android.gms
11-29 22:39:03.431  1823  1823 I vendor.qti.hardware.servicetrackeraidl-service: total connections for service : com.google.android.gms/.chimera.GmsBoundBrokerServiceare :1
11-29 22:39:03.431  1823  1823 I vendor.qti.hardware.servicetrackeraidl-service: total connections for client : com.google.android.gmsare :4
11-29 22:39:03.431  3688  4598 D ActivityManager: Logging bindService for com.google.android.gms, stopped=false, firstLaunch=false
11-29 22:39:03.432 19037 19037 D BoundBrokerSvc: onBind: Intent { act=com.google.android.gms.feedback.internal.IFeedbackService dat=chimera-action:/... xflg=0x4 cmp=com.google.android.gms/.chimera.GmsBoundBrokerService }
11-29 22:39:03.432 19037 19037 D BoundBrokerSvc: Loading bound service for intent: Intent { act=com.google.android.gms.feedback.internal.IFeedbackService dat=chimera-action:/... xflg=0x4 cmp=com.google.android.gms/.chimera.GmsBoundBrokerService }
11-29 22:39:03.434  1823  1823 I vendor.qti.hardware.servicetrackeraidl-service: destroyService is called for service : com.google.android.gms/.icing.service.IndexWorkerService
11-29 22:39:03.435  3688  6373 D ActivityManager: Logging startService for com.google.android.gms, stopped=false, firstLaunch=false, intent=Intent { act=com.google.android.gms.icing.START_STICKY xflg=0x4 cmp=com.google.android.gms/.icing.service.IndexWorkerService (has extras) }, r.app=ProcessRecord{6662c5 19037:com.google.android.gms/u0a165}
11-29 22:39:03.435  3688  6373 D Aurogon :  packageName = com.google.android.gms isAllowWakeUpList 
11-29 22:39:03.439 19037 16732 E Icing   : Failed to remove thing with error code :error uri not found
11-29 22:39:03.450  1823  1823 I vendor.qti.hardware.servicetrackeraidl-service: destroyService is called for service : com.google.android.gms/.icing.service.IndexWorkerService
11-29 22:39:03.450 24838 17583 W System  : A resource failed to call response.body().close(). 
11-29 22:39:03.450 24838 17583 W System  : A resource failed to call response.body().close(). 
11-29 22:39:03.451  3688 10980 W AppSearchIcing: status-util.h:31: Error: 5, Message: Failed to find DocumentId by key: com.google.android.gms$legacyIcingGlobalDb/legacy_icing, content://gmail-ofls/halilibo010100%40gmail.com/item/thread-f%3A1847436616448198292;Key not found in PersistentHashMap /data/system_ce/0/appsearch/icing/document_dir/uri_mapper
11-29 22:39:03.453  3688 10980 I AppSearchIcing: icing-search-engine.cc:2191: Persisting data to disk
11-29 22:39:03.454  3688 10980 I AppSearchIcing: icing-search-engine.cc:2207: PersistToDisk completed.
11-29 22:39:03.533  2743  4967 I libsensor-boledalgo: dbv:352,lux:87.1,cct:5204.5,hsv:-1.0,CWB R:14071.9,G:13747.9,B:12017.2Event C:3070.4,R:1667.3,G:1218.3,B:492.4Cali C:337.7,R:242.1,G:170.0,B:55.7 
11-29 22:39:03.533  2743  4967 I libsensor-boledalgo: dbv:352,lux:85.6,cct:5313.3,hsv:-1.0,CWB R:14071.9,G:13747.9,B:12017.2Event C:3048.5,R:1657.7,G:1208.1,B:495.9Cali C:337.7,R:242.1,G:170.0,B:55.7 
