11-21 11:38:48.301  3869  5148 E HyperSentinel: -------------------------------------------------------
11-21 11:38:48.301  3869  5148 E HyperSentinel: Event_ResidentSize
11-21 11:38:48.301  3869  5148 E HyperSentinel: ->pid:27691,processName:"com.hyperxray.an",Rss Memory Size Change 122532kb -> 160284kb
11-21 11:38:48.305 12746 13099 D AudioManager: getMode: mode=0, callApp=com.staircase3.opensignal
11-21 11:38:48.305 12746 13099 D AudioManager: getMode: mode=0, callApp=com.staircase3.opensignal
11-21 11:38:48.306 12746 13099 D AudioManager: getMode: mode=0, callApp=com.staircase3.opensignal
11-21 11:38:48.306 12746 13099 D AudioManager: getMode: mode=0, callApp=com.staircase3.opensignal
11-21 11:38:48.306  2041  2714 D RenderEngine: makePassBlurBetterDownShader layername:Wallpaper BBQ wrapper#98
11-21 11:38:48.308 12746 13099 D AudioManager: getMode: mode=0, callApp=com.staircase3.opensignal
11-21 11:38:48.308 12746 13099 D AudioManager: getMode: mode=0, callApp=com.staircase3.opensignal
11-21 11:38:48.308 12746 13099 D AudioManager: getMode: mode=0, callApp=com.staircase3.opensignal
11-21 11:38:48.308 12746 13099 D AudioManager: getMode: mode=0, callApp=com.staircase3.opensignal
11-21 11:38:48.309  5387  6104 D com.miui.home: backgroundBlur makeBackgroundImage (ShortcutMenuLayer-6-0xb4000075761c78d0), blurRadius(153), blurType(-1), blurScaleRatio(0.000000)
11-21 11:38:48.314 12746 13099 D AudioManager: getMode: mode=0, callApp=com.staircase3.opensignal
11-21 11:38:48.314 12746 13099 D AudioManager: getMode: mode=0, callApp=com.staircase3.opensignal
11-21 11:38:48.314 12746 13099 D AudioManager: getMode: mode=0, callApp=com.staircase3.opensignal
11-21 11:38:48.314 12746 13099 D AudioManager: getMode: mode=0, callApp=com.staircase3.opensignal
11-21 11:38:48.314  2041  2714 D RenderEngine: makePassBlurBetterDownShader layername:Wallpaper BBQ wrapper#98
11-21 11:38:48.315  3869  4732 I MiSensorServiceImpl: LightFovOptimizationSensor::screen_angle: -0.250648 0.204586 9.787841 88.110100 55.152985 0.000000 0 55.152985 0 55.152985
11-21 11:38:48.316 12746 13099 D AudioManager: getMode: mode=0, callApp=com.staircase3.opensignal
11-21 11:38:48.316 12746 13099 D AudioManager: getMode: mode=0, callApp=com.staircase3.opensignal
11-21 11:38:48.316 12746 13099 D AudioManager: getMode: mode=0, callApp=com.staircase3.opensignal
11-21 11:38:48.316 12746 13099 D AudioManager: getMode: mode=0, callApp=com.staircase3.opensignal
11-21 11:38:48.317  5387  6104 D com.miui.home: backgroundBlur makeBackgroundImage (ShortcutMenuLayer-6-0xb4000075761c78d0), blurRadius(153), blurType(-1), blurScaleRatio(0.000000)
11-21 11:38:48.322  2041  2714 D RenderEngine: makePassBlurBetterDownShader layername:Wallpaper BBQ wrapper#98
11-21 11:38:48.325  5387  6104 D com.miui.home: backgroundBlur makeBackgroundImage (ShortcutMenuLayer-6-0xb4000075761c78d0), blurRadius(153), blurType(-1), blurScaleRatio(0.000000)
11-21 11:38:48.334  5387  6104 D com.miui.home: backgroundBlur makeBackgroundImage (ShortcutMenuLayer-6-0xb4000075761c78d0), blurRadius(153), blurType(-1), blurScaleRatio(0.000000)
11-21 11:38:48.338  3869  5155 I SmartPower: com.google.android.rkpdapp/10381(25999): background->idle(1229220ms) R(service create com.google.android.rkpdapp/com.android.rkpdapp.service.RemoteProvisioningService) adj=905.
11-21 11:38:48.338  3869  5155 W ActivityManager: Idling uid u0a381 from package com.google.android.rkpdapp user 0
11-21 11:38:48.338  3869  4940 I MiuiNetworkPolicy: updateUidState uid = 10381, uidState = 19
11-21 11:38:48.356  2041  2714 D RenderEngine: makePassBlurBetterDownShader layername:Wallpaper BBQ wrapper#98
11-21 11:38:48.356  1863  3263 I vendor.qti.hardware.display.composer-service: Sensor: notify citsensorservice to trigger cwb, misForced = 0
11-21 11:38:48.356  1863  3268 I SDM     : CWB config passed by cwb_client : tappoint 1  CWB_ROI : (480.000000 159.000000 721.000000 400.000000) for display-0
11-21 11:38:48.359  5387  6104 D com.miui.home: backgroundBlur makeBackgroundImage (ShortcutMenuLayer-6-0xb4000075761c78d0), blurRadius(153), blurType(-1), blurScaleRatio(0.000000)
11-21 11:38:48.369  3869  6921 D ActivityManager: Logging startService for com.whatsapp, stopped=false, firstLaunch=false, intent=Intent { act=com.whatsapp.messageservice.messaging.MessageService.START xflg=0x4 cmp=com.whatsapp/.messageservice.messaging.MessageService }, r.app=ProcessRecord{abddc0 23531:com.whatsapp/u0a339}
11-21 11:38:48.369  3869  4940 I MiuiNetworkPolicy: updateUidState uid = 10339, uidState = 10
11-21 11:38:48.372  3437  4320 D JavaheapMonitor: Java heap used=11M max=256M, proc: com.miui.powerkeeper
11-21 11:38:48.372  3437  4320 V JavaheapMonitor: Check java heap usage finished! Next check delay: 300000
11-21 11:38:48.373 27691 27691 D nativeloader: Configuring clns-9 for other apk /data/app/~~lhVXJAF8LdqsPrKwg08ZMw==/com.hyperxray.an-vO9MsTHZ0dRSZF3ENaiL9Q==/base.apk. target_sdk_version=35, uses_libraries=, library_path=/data/app/~~lhVXJAF8LdqsPrKwg08ZMw==/com.hyperxray.an-vO9MsTHZ0dRSZF3ENaiL9Q==/lib/arm64:/data/app/~~lhVXJAF8LdqsPrKwg08ZMw==/com.hyperxray.an-vO9MsTHZ0dRSZF3ENaiL9Q==/base.apk!/lib/arm64-v8a, permitted_path=/data:/mnt/expand:/data/user/0/com.hyperxray.an
11-21 11:38:48.373  1863  2473 I SDM     : HWDeviceDRM::SetupConcurrentWriteback: Tear down the Concurrent Writeback topology
11-21 11:38:48.374 27691 27691 I om.hyperxray.an: AssetManager2(0xb4000076c6184238) locale list changing from [] to [tr-TR]
11-21 11:38:48.375 27691 27691 V GraphicsEnvironment: Currently set values for:
11-21 11:38:48.375 27691 27691 V GraphicsEnvironment:   angle_gl_driver_selection_pkgs=[com.android.angle, com.linecorp.b612.android, com.campmobile.snow, com.google.android.apps.tachyon]
11-21 11:38:48.375 27691 27691 V GraphicsEnvironment:   angle_gl_driver_selection_values=[angle, native, native, native]
11-21 11:38:48.375 27691 27691 V GraphicsEnvironment: com.hyperxray.an is not listed in per-application setting
11-21 11:38:48.375 27691 27691 V GraphicsEnvironment: ANGLE allowlist from config: 
11-21 11:38:48.375 27691 27691 V GraphicsEnvironment: com.hyperxray.an is not listed in ANGLE allowlist or settings, returning default
11-21 11:38:48.375 27691 27691 V GraphicsEnvironment: Updatable production driver is not supported on the device.
11-21 11:38:48.376 27691 27691 D ActivityThread: useGrowthLimitOutExpendMethod invoke error.
11-21 11:38:48.376 27691  5958 I Perf    : Connecting to perf service.
11-21 11:38:48.380  1863  5144 I SDM     : NotifyCWBStatus: Notify the client about buffer (0x18c37dd0) status 0 for display-0.
11-21 11:38:48.380  1863  5144 I SDM     : SDMConcurrentWriteBack::ProcessCWBStatus: CWB queue is empty. Display: 0
11-21 11:38:48.382 27691 27691 D WM-WrkMgrInitializer: Initializing WorkManager with default configuration.
11-21 11:38:48.384 27691  5958 I ActivityThread: TrafficStats init done
11-21 11:38:48.384  3869  6163 D ForceDarkAppConfigProvider: cloudConfigVersion: -1   localConfigVersion:20250813
11-21 11:38:48.384  3869  6163 I UiModeManager: systemserver package:com.hyperxray.an null
11-21 11:38:48.384 27691  5958 I ForceDarkHelperStubImpl: initialize for com.hyperxray.an , ForceDarkAppConfig: null
11-21 11:38:48.385 27691  5958 D nativeloader: Load libforcedarkimpl.so using system ns (caller=/system_ext/framework/miui-framework.jar): ok
11-21 11:38:48.385 27691  5958 D HWUI    : JNI_OnLoad success
11-21 11:38:48.385 27691  5958 I MiuiForceDarkConfig: setConfig density:3.250000, mainRule:0, secondaryRule:0, tertiaryRule:0
11-21 11:38:48.385  3869  6163 D MiuiForceVkService: shouldUseVk, pkg=com.hyperxray.an useVk 0
11-21 11:38:48.386  3869  6163 I ClipboardServiceI: checkProviderWakePathForClipboard: com.hyperxray.anis not a activePermissionOwner
11-21 11:38:48.387 27691  5958 E ashmem  : Pinning is deprecated since Android Q. Please use trim or other methods.
11-21 11:38:48.388 27691  5958 I PluginScenarioManager: miui.scenariorecognition.plugins.VideoStreamPlugin, (App)create success!
11-21 11:38:48.388 27691  5958 W FlingPromotion: init cloud list failed
11-21 11:38:48.388 27691  5958 I ActivityThread: Miui Feature Init done
11-21 11:38:48.390 27691 27691 D WM-PackageManagerHelper: Skipping component enablement for androidx.work.impl.background.systemjob.SystemJobService
11-21 11:38:48.390 27691 27691 D WM-Schedulers: Created SystemJobScheduler and enabled SystemJobService
11-21 11:38:48.392 27691 27691 D CompatChangeReporter: Compat change id reported: 279646685; UID 10567; state: ENABLED
11-21 11:38:48.397 27691 27691 D LogFileManager: Log file path: /data/user/0/com.hyperxray.an/files/app_log.txt
11-21 11:38:48.399 27691 27691 D HyperXrayApplication: HyperXrayApplication onCreate - initializing components
11-21 11:38:48.400 27691 27691 D HyperXrayApplication: HyperXrayApplication onCreate - initializing components
11-21 11:38:48.400 27691 27691 D HyperXrayApplication: WorkManager already initialized
11-21 11:38:48.400 27691 27691 I NetworkModule: ­şÜÇ Initializing NetworkModule (HttpClientFactory + DNS Cache + HTTP Cache + Retry)
11-21 11:38:48.401 27691 27691 D DnsCacheManager: DNS cache loaded: 2 entries valid, 0 expired
11-21 11:38:48.402 27691 27691 D DnsCacheManager: DnsCacheManager initialized: 2 entries loaded, hits=0, misses=0
11-21 11:38:48.402 27691 27691 I HttpClientFactory: Ô£à DNS Cache Manager initialized: DNS Cache: 2 entries, 0MB/500MB (0%), hits=0 (avg 0,00ms), misses=0 (avg 0,00ms), hitRate=0%, avgDomainHitRate=0%
11-21 11:38:48.413  3869  5148 E HyperSentinel: -------------------------------------------------------
11-21 11:38:48.413  3869  5148 E HyperSentinel: Event_ResidentSize
11-21 11:38:48.413  3869  5148 E HyperSentinel: ->pid:27691,processName:"com.hyperxray.an",Rss Memory Size Change 160284kb -> 209392kb
11-21 11:38:48.416 27691 27691 D nativeloader: Load /data/app/~~lhVXJAF8LdqsPrKwg08ZMw==/com.hyperxray.an-vO9MsTHZ0dRSZF3ENaiL9Q==/lib/arm64/libconscrypt_jni.so using class loader ns clns-9 (caller=/data/app/~~lhVXJAF8LdqsPrKwg08ZMw==/com.hyperxray.an-vO9MsTHZ0dRSZF3ENaiL9Q==/base.apk!classes34.dex): ok
11-21 11:38:48.416 27691 27691 V NativeCrypto: Registering org/conscrypt/NativeCrypto's 288 native methods...
11-21 11:38:48.417 27691 27691 I om.hyperxray.an: hiddenapi: Accessing hidden method Ljava/security/spec/ECParameterSpec;->getCurveName()Ljava/lang/String; (runtime_flags=0, domain=core-platform, api=unsupported) from Lorg/conscrypt/Platform; (domain=app) using reflection: allowed
11-21 11:38:48.421 27691 27691 D HttpClientFactory: Conscrypt installed as security provider with TLS acceleration
11-21 11:38:48.422  2679  4958 I libsensor-boledalgo: dbv:313,lux:20.8,cct:2113.7,hsv:-1.0,CWB R:37958.3,G:39094.1,B:37473.8Event C:3903.3,R:2671.0,G:1736.4,B:1086.8Cali C:1856.7,R:953.9,G:696.8,B:312.5 
11-21 11:38:48.425 27691 27691 D HttpClientFactory: HTTP/3 (QUIC) capability detected
11-21 11:38:48.425 27691 27691 D HttpClientFactory: ALPN capability detected (auto-enabled with HTTP/2)
11-21 11:38:48.427 27691 27691 D nativeloader: Load /data/app/~~lhVXJAF8LdqsPrKwg08ZMw==/com.hyperxray.an-vO9MsTHZ0dRSZF3ENaiL9Q==/lib/arm64/libcronet.119.0.6045.31.so using class loader ns clns-9 (caller=/data/app/~~lhVXJAF8LdqsPrKwg08ZMw==/com.hyperxray.an-vO9MsTHZ0dRSZF3ENaiL9Q==/base.apk!classes33.dex): ok
11-21 11:38:48.427 27691  6051 D cr_HttpFlagsLoader: [HttpFlagsLoader.java:73] Not loading HTTP flags because they are disabled in the manifest
11-21 11:38:48.433 27691  6026 D CompatChangeReporter: Compat change id reported: 311402873; UID 10567; state: ENABLED
11-21 11:38:48.433 27691  6026 D CompatChangeReporter: Compat change id reported: 323349338; UID 10567; state: ENABLED
11-21 11:38:48.438  3869  6545 D ConnectivityService: requestNetwork for uid/pid:10567/27691 activeRequest: null callbackRequest: 1844 [NetworkRequest [ REQUEST id=1845, [ Capabilities: INTERNET&NOT_RESTRICTED&TRUSTED&NOT_VCN_MANAGED&NOT_BANDWIDTH_CONSTRAINED Uid: 10567 RequestorUid: 10567 RequestorPkg: com.hyperxray.an UnderlyingNetworks: Null] ]] callback flags: 0 order: 2147483647 isUidTracked: false declaredMethods: AVAIL|LOST|NC|LP
11-21 11:38:48.439 27691 27691 I cr_CronetLibraryLoader: Cronet version: 119.0.6045.31, arch: aarch64
11-21 11:38:48.440  3869  4946 D WifiNetworkFactory: got request NetworkRequest [ REQUEST id=1845, [ Capabilities: INTERNET&NOT_RESTRICTED&TRUSTED&NOT_VCN_MANAGED&NOT_BANDWIDTH_CONSTRAINED Uid: 10567 RequestorUid: 10567 RequestorPkg: com.hyperxray.an UnderlyingNetworks: Null] ]
11-21 11:38:48.440 27691 27691 D HttpClientFactory: Cronet engine initialized and ACTIVE (HTTP/2, HTTP/3 QUIC enabled)
11-21 11:38:48.440  3869  4961 D ConnectivityService: NetReassign [1845 : null ÔåÆ 119] [c 0] [a 1] [i 1]
11-21 11:38:48.440  3869  4946 D UntrustedWifiNetworkFactory: got request NetworkRequest [ REQUEST id=1845, [ Capabilities: INTERNET&NOT_RESTRICTED&TRUSTED&NOT_VCN_MANAGED&NOT_BANDWIDTH_CONSTRAINED Uid: 10567 RequestorUid: 10567 RequestorPkg: com.hyperxray.an UnderlyingNetworks: Null] ]
11-21 11:38:48.440  3869  4946 D OemPaidWifiNetworkFactory: got request NetworkRequest [ REQUEST id=1845, [ Capabilities: INTERNET&NOT_RESTRICTED&TRUSTED&NOT_VCN_MANAGED&NOT_BANDWIDTH_CONSTRAINED Uid: 10567 RequestorUid: 10567 RequestorPkg: com.hyperxray.an UnderlyingNetworks: Null] ]
11-21 11:38:48.440  3869  4946 D MultiInternetWifiNetworkFactory: got request NetworkRequest [ REQUEST id=1845, [ Capabilities: INTERNET&NOT_RESTRICTED&TRUSTED&NOT_VCN_MANAGED&NOT_BANDWIDTH_CONSTRAINED Uid: 10567 RequestorUid: 10567 RequestorPkg: com.hyperxray.an UnderlyingNetworks: Null] ]
11-21 11:38:48.442  3869  4961 D ConnectivityService: NetReassign [no changes] [c 0] [a 1] [i 0]
11-21 11:38:48.447 27691 27691 I HttpClientFactory: Ô£à Fast DNS resolver initialized (DoH + 5 parallel DNS servers: System, Cloudflare, Google, Quad9, OpenDNS + persistent cache)
11-21 11:38:48.447 27691 27691 D HttpClientFactory: Optimized TCP socket factories initialized (TCP_NODELAY, SO_KEEPALIVE, SO_REUSEADDR)
11-21 11:38:48.449 27691 27691 D HttpClientFactory: Capability summary: API=36, CPU=ARM64, TLS_ACCEL=true, HTTP3=true, Cronet=true, Conscrypt=true
11-21 11:38:48.449 27691 27691 I NetworkModule: Ô£à NetworkModule initialized successfully
11-21 11:38:48.449 27691 27691 D HyperXrayApplication: NetworkModule initialized (Conscrypt TLS acceleration enabled)
11-21 11:38:48.449 27691 27691 D HyperXrayApplication: NetworkModule initialized (Conscrypt TLS acceleration enabled)
11-21 11:38:48.450  5387  6091 D GestureStubView_Left: setKeepHidden    old=false   new=true
11-21 11:38:48.450  5387  6091 D GestureStubView_Left: updateTouchable    old=false   new=true
11-21 11:38:48.450  5387  6091 D GestureStubView_Left:   updateTouchable---requestApplyInsets
11-21 11:38:48.450 27691  6045 D AppInitializer: === HyperXray AI Optimizer Initialization ===
11-21 11:38:48.450  5387  6091 D OnBackInvokedCallbackController: onBackCancelled, mBackNavigationInfoWrapper=null, return
11-21 11:38:48.450  5387  6091 D GestureStubView_Left: disableTouch    old=false   new=true
11-21 11:38:48.450  5387  6091 D GestureStubView_Left: updateTouchable    old=true   new=true
11-21 11:38:48.450  5387  6091 D GestureStubView_Left: hideGestureStub
11-21 11:38:48.450  5387  6091 D GestureStubView_Right: setKeepHidden    old=false   new=true
11-21 11:38:48.450  5387  6091 D GestureStubView_Right: updateTouchable    old=false   new=true
11-21 11:38:48.450  5387  6091 D GestureStubView_Right:   updateTouchable---requestApplyInsets
11-21 11:38:48.450  5387  6091 D OnBackInvokedCallbackController: onBackCancelled, mBackNavigationInfoWrapper=null, return
11-21 11:38:48.450  5387  6091 D GestureStubView_Right: disableTouch    old=false   new=true
11-21 11:38:48.450  5387  6091 D GestureStubView_Right: updateTouchable    old=true   new=true
11-21 11:38:48.450  5387  6091 D GestureStubView_Right: hideGestureStub
11-21 11:38:48.450 27691  6046 D AppInitializer: Initializing TLS SNI Optimizer v5
11-21 11:38:48.450 27691  6036 D AppInitializer: Initializing Auto-Learning TLS SNI Optimizer v10
11-21 11:38:48.450  3869  6247 W MiuiBoosterUtils: enable_miuibooster_launch : false
11-21 11:38:48.451  3869  6247 I WindowManager: Allow fixed rotation for not collecting:ActivityRecord{14247708 u0 com.hyperxray.an/.activity.MainActivity t859}
11-21 11:38:48.451  3869  6247 I WindowManager: Allow fixed rotation for not collecting:ActivityRecord{14247708 u0 com.hyperxray.an/.activity.MainActivity t859}
11-21 11:38:48.451 27691  6045 I AppInitializer: === HyperXray AI Optimizer Initialization ===
11-21 11:38:48.451 27691  6045 D AppInitializer: [Step 0/5] Initializing profile manager...
11-21 11:38:48.451 27691  6036 D OrtHolder: Initializing ONNX Runtime environment
11-21 11:38:48.451 27691  6045 D AppInitializer: [Step 0/5] Initializing profile manager...
11-21 11:38:48.452  3869  6247 D EventReceiver: foregroundChange uid  uid=10567 pkg=com.hyperxray.an
11-21 11:38:48.452  5898  6130 D MiuiDecorationController: relayout::taskId=859, visible=true, bounds=Rect(0, 0 - 1200, 2670), focused=false, oldImmersive=false, newImmersive=false, windowMode=1, activityType=1, displayId=0, baseActivity=ComponentInfo{com.hyperxray.an/com.hyperxray.an.activity.MainActivity}, topActivity=ComponentInfo{com.hyperxray.an/com.hyperxray.an.activity.MainActivity}, callers=com.android.wm.shell.multitasking.miuimultiwinswitch.miuiwindowdecor.decoration.MiuiDecorationController.relayout:4 com.android.wm.shell.multitasking.miuimultiwinswitch.miuiwindowdecor.MulWinSwitchDecorViewModel.onTaskInfoChanged:18 com.android.wm.shell.fullscreen.FullscreenTaskListener.onTaskInfoChanged:33 com.android.wm.shell.ShellTaskOrganizer.onTaskInfoChanged:116 android.window.TaskOrganizer$1.lambda$onTaskInfoChanged$6:300 
11-21 11:38:48.452  3869  6247 D AurogonImmobulusMode: launch app processName = com.hyperxray.an uid = 10567
11-21 11:38:48.452  3869  5119 D ActionExecute: setPkgData uid = 10170 time=3000
11-21 11:38:48.452  5898  6130 D MiuiDecorationDot: needTopCaption: isFullscreen = true isPadDevice = false isFoldInnerScreen = false canShowCaptionWhenCasting = false
11-21 11:38:48.452 27691  6046 I AppInitializer: TLS SNI Optimizer v5 scheduling initiated (worker handles retries internally)
11-21 11:38:48.452  5898  6130 D MiuiDecorationDot: releaseViews_TopCaption: taskId=859
11-21 11:38:48.452  5898  6130 D MiuiDecorationDot: releaseViews_TopCaption: taskId=859
11-21 11:38:48.452  5898  6130 D MiuiDecorationBottom: releaseViews_BottomCaption: taskId=859
11-21 11:38:48.452  5898  6130 D MiuiDecorationBottom: releaseViews_BottomCaption: taskId=859
11-21 11:38:48.452 27691 27691 I ActivityThread: currentPkg not in xmlPackages
11-21 11:38:48.452  3869  9252 E TransitionChain: Can't collect into a chain with no transition
11-21 11:38:48.452  3869  9252 D ActivityTaskManager:  setSkipCaptureLayers tr: Task{cc638fa #859 type=standard I=com.hyperxray.an/.activity.MainActivity}
11-21 11:38:48.452 27691 27691 W libc    : Access denied finding property "vendor.boostfwk.frameprefetcher"
11-21 11:38:48.453  5898  6130 D MultiTaskingTransitionsHelper: skip updateBaseAnimParam taskId: 859 pendingTransitions: [] readyDuringSync: [] tracks: [Track #0 activeTransition: {id=155 t=OPEN f=0x0 trk=0 r=[0@Point(0, 0)] c=[{m=OPEN f=NONE leash=Surface(name=Task=859#7673)/@0x41ca0db sb=Rect(0, 0 - 1200, 2670) eb=Rect(0, 0 - 1200, 2670) epz=Point(1200, 2670) d=0 taskParent=-1 v=trueMiuiChangeImpl {miuiEmbedding:false, scale:1.0}},{m=TO_BACK f=SHOW_WALLPAPER leash=Surface(name=Task=1#51)/@0xcf3ce51 sb=Rect(0, 0 - 1200, 2670) eb=Rect(0, 0 - 1200, 2670) epz=Point(1200, 2670) d=0 taskParent=-1 v=falseMiuiChangeImpl {miuiEmbedding:false, scale:1.0}},{m=TO_BACK f=IS_WALLPAPER leash=Surface(name=WallpaperWindowToken{13580f4 showWhenLocked=false}#94)/@0x51b6b6 sb=Rect(0, 0 - 1200, 2670) eb=Rect(0, 0 - 1200, 2670) epz=Point(1200, 2670) d=0 v=falseMiuiChangeImpl {miuiEmbedding:false, scale:1.0}}] mk=[false] noAni=[false] df=[false] rsa=[false] oa=[false] nc=[0] ho=[false] iSync=[-1]}android.os.BinderProxy@cf846c7 readyTransitions: []]
11-21 11:38:48.453  5898  6130 I MiuiBubbleController: removeBubble: 859 reason=2
11-21 11:38:48.453  5898  6130 I MultiTaskingTaskRepository: onTaskInfoChanged::mMultiWindowTaskIdsInZOrder = [5, 4], mFullscreenTaskIdsInZOrder = [859, 848]
11-21 11:38:48.453 27691  6045 I AiOptimizerProfileManager: Device capabilities detected:
11-21 11:38:48.453 27691  6045 I AiOptimizerProfileManager:   - Device: 24129PN74G
11-21 11:38:48.453 27691  6045 I AiOptimizerProfileManager:   - SOC: sun
11-21 11:38:48.453  3869  5236 D BackgroundInstallControlService: Package event received: 0
11-21 11:38:48.453  3869  5236 D BackgroundInstallControlService: Package event received: 0
11-21 11:38:48.453 27691  6045 I AiOptimizerProfileManager:   - NNAPI: true
11-21 11:38:48.453 27691  6045 I AiOptimizerProfileManager:   - GPU: true
11-21 11:38:48.453 27691  6045 I AiOptimizerProfileManager:   - Recommended profile: balanced
11-21 11:38:48.454 27691  6045 I AiOptimizerProfileManager: Device: 24129PN74G, NNAPI: true, GPU: true, Profile: balanced
11-21 11:38:48.454  3845  3866 D v1      : myUserId = 0	currentUserId0
11-21 11:38:48.454  3869  5133 I NetworkBoostStatusManager: onForegroundInfoChanged uid:10567, isColdStart:true
11-21 11:38:48.454  3869  5133 I SLM-SRV-SLAToast: foreground uid:10567, isColdStart:true, isLinkTurboEnable:false
11-21 11:38:48.454  3869  5133 D NetworkSDKService: handleMultiAppsDualWifi isSet = false isEverOpened = false
11-21 11:38:48.454 27691  6045 I AiOptimizerProfileManager: AGGRESSIVE MODE: Selecting Ultra-Performance profile (forced)
11-21 11:38:48.455  3869  6247 D Aurogon :  packageName = com.google.android.gms isAllowWakeUpList 
11-21 11:38:48.455  8547 21530 I GST     : forePkg: com.hyperxray.an, preForePkg: com.miui.home
11-21 11:38:48.455  8547 21530 D VENUS_GAMEAI_START_GameAiStartManager: Ú½İ×â¢µùÂÕê╗µ£¬Õ«ë×úà
11-21 11:38:48.455  3869  5133 D BluetoothAdapter: getActiveDevices(A2DP)
11-21 11:38:48.455 27691 27691 D FramePredict: FramePredict init: false
11-21 11:38:48.455 27691  6045 I AiOptimizerProfileManager: AGGRESSIVE MODE: Ultra-Performance profile enabled
11-21 11:38:48.456 27691  5958 D om.hyperxray.an: blurUtils, initBackgroundBlurMinInterval processName(com.hyperxray.an), inWhiteLists(0)
11-21 11:38:48.456 27691  6045 I AiOptimizerProfileManager: AGGRESSIVE MODE: Selecting Ultra-Performance profile (forced)
11-21 11:38:48.456  7402  7711 E BluetoothAdapterService: getActiveDevices: A2dpService is null
11-21 11:38:48.456 27691  5958 I ActivityThread: HardwareRenderer preload  done
11-21 11:38:48.457 27691  6045 I AiOptimizerProfileManager: AGGRESSIVE MODE: Ultra-Performance profile enabled
11-21 11:38:48.457 27691  6045 I AppInitializer: Profile selected: Ultra-Performance AI Optimizer (GPU/NPU Hybrid Profile)
11-21 11:38:48.457  3437 11533 D DFS-AppUsageTracker: Fg changed, new=com.hyperxray.an, but charging.
11-21 11:38:48.457  3869  5133 D BluetoothAdapter: getActiveDevices(HEADSET)
11-21 11:38:48.458  5840  6495 D NetworkMetricsController: processUidChangeEvent :activity is:ComponentInfo{com.hyperxray.an/com.hyperxray.an.activity.MainActivity}
11-21 11:38:48.458 27691  6045 I AppInitializer: Profile selected: Ultra-Performance AI Optimizer (GPU/NPU Hybrid Profile)
11-21 11:38:48.458 27691  6045 D AppInitializer: [Step 1/5] Initializing model signature verifier...
11-21 11:38:48.458 27691 27691 I om.hyperxray.an: AssetManager2(0xb4000076c618fdb8) locale list changing from [] to [tr-TR]
11-21 11:38:48.458 27691  6045 D AppInitializer: [Step 1/5] Initializing model signature verifier...
11-21 11:38:48.458 27691  6045 D AppInitializer: [Step 2/5] Verifying model integrity...
11-21 11:38:48.459 27691  6045 D AppInitializer: [Step 2/5] Verifying model integrity...
11-21 11:38:48.460  7402  7711 E BluetoothAdapterService: getActiveDevices: HeadsetService is null
11-21 11:38:48.460 27691  6036 D nativeloader: Load /data/app/~~lhVXJAF8LdqsPrKwg08ZMw==/com.hyperxray.an-vO9MsTHZ0dRSZF3ENaiL9Q==/lib/arm64/libonnxruntime4j_jni.so using class loader ns clns-9 (caller=/data/app/~~lhVXJAF8LdqsPrKwg08ZMw==/com.hyperxray.an-vO9MsTHZ0dRSZF3ENaiL9Q==/base.apk): ok
11-21 11:38:48.460  5387  6091 D GestureStubView_Left: updateTouchRegion: bounds= Rect(0, 0 - 0, 0)
11-21 11:38:48.460 27691  6103 I DisplayManager: Choreographer implicitly registered for the refresh rate.
11-21 11:38:48.461  5840  6495 D NetworkMetricsController: processUidChangeEvent :mCurApptype is NONE tempAppType is NONE
11-21 11:38:48.461  5387  6091 D GestureStubView_Right: updateTouchRegion: bounds= Rect(0, 0 - 0, 0)
11-21 11:38:48.461  3869  6921 D MiuiRefreshRatePolicy: reset
11-21 11:38:48.461 27691  6103 W libc    : Access denied finding property "vendor.mivk.log.debug"
11-21 11:38:48.461 27691  6103 D vulkan  : searching for layers in '/data/app/~~lhVXJAF8LdqsPrKwg08ZMw==/com.hyperxray.an-vO9MsTHZ0dRSZF3ENaiL9Q==/lib/arm64'
11-21 11:38:48.461 27691  6103 D vulkan  : searching for layers in '/data/app/~~lhVXJAF8LdqsPrKwg08ZMw==/com.hyperxray.an-vO9MsTHZ0dRSZF3ENaiL9Q==/base.apk!/lib/arm64-v8a'
11-21 11:38:48.462  5898  6130 D MiuiDecorationHomeController: relayout::taskId=1, visible=true, focused=false, activityType=2, displayId=0, baseActivity=ComponentInfo{com.miui.home/com.miui.home.launcher.Launcher}, topActivity=ComponentInfo{com.miui.home/com.miui.home.launcher.Launcher}, callers=com.android.wm.shell.multitasking.miuimultiwinswitch.miuiwindowdecor.decoration.MiuiDecorationController.relayout:4 com.android.wm.shell.multitasking.miuimultiwinswitch.miuiwindowdecor.MulWinSwitchDecorViewModel.onTaskInfoChanged:18 com.android.wm.shell.fullscreen.FullscreenTaskListener.onTaskInfoChanged:33 com.android.wm.shell.ShellTaskOrganizer.onTaskInfoChanged:116 android.window.TaskOrganizer$1.lambda$onTaskInfoChanged$6:300 
11-21 11:38:48.462  5898  6130 D MiuiDecorationHomeBottom: needHomeBottomCaption: isSoScLeftRightSplit = false isSoScFullOpen = false isSoScMinimized = false needHomeBottomCaption = false
11-21 11:38:48.462  5898  6130 D MiuiDecorationBottom: releaseViews_HomeBottomCaption: taskId=1
11-21 11:38:48.462  5898  6130 D MiuiDecorationBottom: releaseViews_HomeBottomCaption: taskId=1
11-21 11:38:48.462  5898  6130 I MultiTaskingTaskRepository: needSkip::is home task
11-21 11:38:48.462  3869  6921 D MiuiRefreshRatePolicy: reset
11-21 11:38:48.462  5898  6130 D MiuiDecorationController: relayout::taskId=859, visible=true, bounds=Rect(0, 0 - 1200, 2670), focused=true, oldImmersive=false, newImmersive=false, windowMode=1, activityType=1, displayId=0, baseActivity=ComponentInfo{com.hyperxray.an/com.hyperxray.an.activity.MainActivity}, topActivity=ComponentInfo{com.hyperxray.an/com.hyperxray.an.activity.MainActivity}, callers=com.android.wm.shell.multitasking.miuimultiwinswitch.miuiwindowdecor.decoration.MiuiDecorationController.relayout:4 com.android.wm.shell.multitasking.miuimultiwinswitch.miuiwindowdecor.MulWinSwitchDecorViewModel.onTaskInfoChanged:18 com.android.wm.shell.fullscreen.FullscreenTaskListener.onTaskInfoChanged:33 com.android.wm.shell.ShellTaskOrganizer.onTaskInfoChanged:116 android.window.TaskOrganizer$1.lambda$onTaskInfoChanged$6:300 
11-21 11:38:48.462  5898  6130 D MiuiDecorationDot: needTopCaption: isFullscreen = true isPadDevice = false isFoldInnerScreen = false canShowCaptionWhenCasting = false
11-21 11:38:48.462  5898  6130 D MiuiDecorationDot: releaseViews_TopCaption: taskId=859
11-21 11:38:48.462  5898  6130 D MiuiDecorationDot: releaseViews_TopCaption: taskId=859
11-21 11:38:48.462  5898  6130 D MiuiDecorationBottom: releaseViews_BottomCaption: taskId=859
11-21 11:38:48.462  5898  6130 D MiuiDecorationBottom: releaseViews_BottomCaption: taskId=859
11-21 11:38:48.462  3869  6921 E TransitionChain: Can't collect into a chain with no transition
11-21 11:38:48.462  3869  6921 D ActivityTaskManager:  setSkipCaptureLayers tr: Task{cc638fa #859 type=standard I=com.hyperxray.an/.activity.MainActivity}
11-21 11:38:48.463  5898  6130 D MultiTaskingTaskRepository: addOrMoveFullscreenTaskToTop::taskId = 859
11-21 11:38:48.463  5898  6130 D MultiTaskingTransitionsHelper: skip updateBaseAnimParam taskId: 859 pendingTransitions: [] readyDuringSync: [] tracks: [Track #0 activeTransition: {id=155 t=OPEN f=0x0 trk=0 r=[0@Point(0, 0)] c=[{m=OPEN f=NONE leash=Surface(name=Task=859#7673)/@0x41ca0db sb=Rect(0, 0 - 1200, 2670) eb=Rect(0, 0 - 1200, 2670) epz=Point(1200, 2670) d=0 taskParent=-1 v=trueMiuiChangeImpl {miuiEmbedding:false, scale:1.0}},{m=TO_BACK f=SHOW_WALLPAPER leash=Surface(name=Task=1#51)/@0xcf3ce51 sb=Rect(0, 0 - 1200, 2670) eb=Rect(0, 0 - 1200, 2670) epz=Point(1200, 2670) d=0 taskParent=-1 v=falseMiuiChangeImpl {miuiEmbedding:false, scale:1.0}},{m=TO_BACK f=IS_WALLPAPER leash=Surface(name=WallpaperWindowToken{13580f4 showWhenLocked=false}#94)/@0x51b6b6 sb=Rect(0, 0 - 1200, 2670) eb=Rect(0, 0 - 1200, 2670) epz=Point(1200, 2670) d=0 v=falseMiuiChangeImpl {miuiEmbedding:false, scale:1.0}}] mk=[false] noAni=[false] df=[false] rsa=[false] oa=[false] nc=[0] ho=[false] iSync=[-1]}android.os.BinderProxy@cf846c7 readyTransitions: []]
11-21 11:38:48.463  5898  6130 I MiuiBubbleController: removeBubble: 859 reason=2
11-21 11:38:48.463  5898  6130 I MultiTaskingTaskRepository: onTaskInfoChanged::mMultiWindowTaskIdsInZOrder = [5, 4], mFullscreenTaskIdsInZOrder = [859, 848]
11-21 11:38:48.463  5898  6130 D MiuiFreeformModeController: onFocusTaskChanged taskInfo: TaskInfo{userId=0 taskId=859 effectiveUid=10567 displayId=0 isRunning=true baseIntent=Intent { flg=0x10000000 cmp=com.hyperxray.an/.activity.MainActivity } baseActivity=ComponentInfo{com.hyperxray.an/com.hyperxray.an.activity.MainActivity} topActivity=ComponentInfo{com.hyperxray.an/com.hyperxray.an.activity.MainActivity} origActivity=null realActivity=ComponentInfo{com.hyperxray.an/com.hyperxray.an.activity.MainActivity} numActivities=1 lastActiveTime=33182514 supportsSplitScreenMultiWindow=true mSoScDisplayMode=-1 supportsMultiWindow=true resizeMode=1 isResizeable=true minWidth=-1 minHeight=-1 defaultMinSize=200 token=WCT{android.window.IWindowContainerToken$Stub$Proxy@2a60f3e} topActivityType=1 pictureInPictureParams=null shouldDockBigOverlays=false launchIntoPipHostTaskId=-1 lastParentTaskIdBeforePip=-1 displayCutoutSafeInsets=Rect(0, 0 - 0, 0) topActivityInfo=ActivityInfo{14d919f com.hyperxray.an.activity.MainActivity} launchCookies=[] positionInParent=Point(0, 0) parentTaskId=-1 isFocused=true isVisible=true isVisibleRequested=true isTopActivityNoDisplay=false isSleeping=false locusId=null displayAreaFeatureId=1 isTopActivityTransparent=false isActivityStackTransparent=false lastNonFullscreenBounds=null capturedLink=null capturedLinkTimestamp=0 requestedVisibleTypes=-9 topActivityRequestOpenInBrowserEducationTimestamp=0 appCompatTaskInfo=AppCompatTaskInfo { topActivityInSizeCompat=false eligibleForLetterboxEducation= false topActivityInMiuiSizeCompat=false isLetterboxEducationEnabled= false isLetterboxDoubleTapEnabled= false eligibleForUserAspectRatioButton= false topActivityBoundsLetterboxed= false isFromLetterboxDoubleTap= false topActivityLetterboxVerticalPosition= -1 topActivityLetterboxHorizontalPosition= -1 topActivityLetterboxWidth=-1 topActivityLetterboxHeight=-1 topActivityAppBounds=Rect(0, 0 - 1200, 2670) isUserFullscreenOverrideEnabled=false isSystemFullscreenOverrideEnabled=false hasMinAspectRatioOverride=false topActivityLetterboxBounds=null cameraCompatTaskInfo=CameraCompatTaskInfo { freeformCameraCompatMode=inactive}} isImmersive=false mTopActivityRequestOrientation=-1 mBehindAppLockPkg=null mOriginatingUid=0 isEmbedded=false shouldBeVisible=true isCreatedByOrganizer=false mIsCastMode=false mTopActivityMediaSize=null mTopActivityRecordName=ActivityRecord{14247708 u0 com.hyperxray.an/.activity.MainActivity t859} mTopActivityOrientation=-1 topActivityMainWindowFrame=null}
11-21 11:38:48.463  3869  5133 D BluetoothAdapter: getActiveDevices(LE_AUDIO)
11-21 11:38:48.465  5387  6005 D TaskStackChangeListeners: onTaskDescriptionChanged =  taskId = 859
11-21 11:38:48.466  7402  7711 E BluetoothAdapterService: getActiveDevices: LeAudioService is null
11-21 11:38:48.466  1878  1878 I qspmHal : enter getGpuProf at: -1517230190
11-21 11:38:48.466  1878  1878 I qspmHal : PID 27691 from GFX matched.
11-21 11:38:48.466  1878  1878 I qspmHal : gpuProfName:com.hyperxray.an-gpu - gpu prof_info.path:/data/vendor/gaming/com.hyperxray.an-gpu
11-21 11:38:48.466  1989  5057 D AudioFlingerImpl: setGameParameters keyvalue: bluetoothlowlatencystatus=false;foregroundUid=10567
11-21 11:38:48.466  1989  5057 D DeviceHalAidl: [default] setParameters: parameters: "bluetoothlowlatencystatus=false;foregroundUid=10567"
11-21 11:38:48.466 27691 27691 D CompatChangeReporter: Compat change id reported: 309578419; UID 10567; state: ENABLED
11-21 11:38:48.466  1851  1851 I AHAL_ModulePrimary_MI: setVendorParameters: parameter count 2, async: 0
11-21 11:38:48.466  1851  1851 D AHAL_ModulePrimary_MI: setVendorParameters parameters id = bluetoothlowlatencystatus
11-21 11:38:48.466  1851  1851 D AHAL_ModulePrimary_MI: setVendorParameters parameters id = foregroundUid
11-21 11:38:48.466  1851  1851 D AHAL_ModulePrimary_QTI: setVendorParameters: parameter count 2, async: 0
11-21 11:38:48.466  1851  1851 D AHAL_HFP_QTI: hfp_set_parameters enter
11-21 11:38:48.466  1851  1851 D AHAL_HFP_QTI: hfp_set_parameters Exit
11-21 11:38:48.466  1851  1851 D AHAL_HFP_QTI: hfp_set_parameters enter
11-21 11:38:48.466  1851  1851 D AHAL_HFP_QTI: hfp_set_parameters Exit
11-21 11:38:48.467  1989  5057 D DeviceHalAidl: [usb] setParameters: parameters: "bluetoothlowlatencystatus=false;foregroundUid=10567"
11-21 11:38:48.467  1878  1878 E qspmHal : GPU profile file NOT found !!
11-21 11:38:48.467 27691 27691 D DesktopModeFlags: Toggle override initialized to: OVERRIDE_UNSET
11-21 11:38:48.467 27691  6103 I AdrenoVK-0: ===== BEGIN DUMP OF OVERRIDDEN SETTINGS =====
11-21 11:38:48.467 27691  6103 I AdrenoVK-0: ===== END DUMP OF OVERRIDDEN SETTINGS =====
11-21 11:38:48.467 27691  6045 D ModelSignatureVerifier: Manifest loaded: hyperxray_policy v1.0.0
11-21 11:38:48.467  1989  5057 E ConversionHelperAidl: Function: parseAndSetVendorParameters Line: 94 Failed 
11-21 11:38:48.467  1989  5057 D DeviceHalAidl: [r_submix] setParameters: parameters: "bluetoothlowlatencystatus=false;foregroundUid=10567"
11-21 11:38:48.467  1989  5057 E ConversionHelperAidl: Function: parseAndSetVendorParameters Line: 94 Failed 
11-21 11:38:48.467  1989  5057 D DeviceHalAidl: [bluetooth] setParameters: parameters: "bluetoothlowlatencystatus=false;foregroundUid=10567"
11-21 11:38:48.467  1989  5057 E ConversionHelperAidl: Function: parseAndSetVendorParameters Line: 94 Failed 
11-21 11:38:48.468  3437 12179 D PerfEngineController: ForegroundInfo{mForegroundPackageName='com.hyperxray.an', mForegroundUid=10567, mForegroundPid=27691, mForegroundDisplayId=0, mLastForegroundPackageName='com.miui.home', mLastForegroundUid=10170, mLastForegroundPid=5387, mLastForegroundDisplayId=0, mMultiWindowForegroundPackageName='com.hyperxray.an', mMultiWindowForegroundUid=10567, mFlags=1}
11-21 11:38:48.468  3845 16674 I ProcessMonitor: onForegroundInfoChanged: ForegroundInfo{mForegroundPackageName='com.hyperxray.an', mForegroundUid=10567, mForegroundPid=27691, mForegroundDisplayId=0, mLastForegroundPackageName='com.miui.home', mLastForegroundUid=10170, mLastForegroundPid=5387, mLastForegroundDisplayId=0, mMultiWindowForegroundPackageName='com.hyperxray.an', mMultiWindowForegroundUid=10567, mFlags=1}
11-21 11:38:48.469  3845 16674 I GameBoosterService: onForegroundInfoChanged: Cur=com.hyperxray.an	 last=com.miui.home
11-21 11:38:48.469  3845 16674 D GameBoosterService: onGameStatusChange foreground:ForegroundInfo{mForegroundPackageName='com.hyperxray.an', mForegroundUid=10567, mForegroundPid=27691, mForegroundDisplayId=0, mLastForegroundPackageName='com.miui.home', mLastForegroundUid=10170, mLastForegroundPid=5387, mLastForegroundDisplayId=0, mMultiWindowForegroundPackageName='com.hyperxray.an', mMultiWindowForegroundUid=10567, mFlags=1}
11-21 11:38:48.469  3845 16674 I VideoBoxUtils: isSupportVideoBox: true
11-21 11:38:48.469 27691  6103 D qdgralloc: Fetching IMapper5 from QtiMapper5
11-21 11:38:48.469  3845 16674 I VideoToolBoxService: vtb is closed!!!
11-21 11:38:48.469  3845 16674 I BeautyService: onForegroundInfoChanged: Cur=com.hyperxray.an	 last=com.miui.home
11-21 11:38:48.470 27691  6045 D ModelSignatureVerifier: Calculated SHA256 hash: c4030c640995a600...
11-21 11:38:48.471 27691  6045 D ModelSignatureVerifier: No Ed25519 signature in manifest, skipping signature verification
11-21 11:38:48.471 27691  6045 I ModelSignatureVerifier: Model verification PASSED: hyperxray_policy v1.0.0
11-21 11:38:48.471 27691  6045 D ModelSignatureVerifier:   - Hash verification: PASSED
11-21 11:38:48.471 27691  6045 D ModelSignatureVerifier:   - Signature verification: SKIPPED (not available)
11-21 11:38:48.471 27691  6045 I AppInitializer: Model verification passed: hyperxray_policy v1.0.0
11-21 11:38:48.471 27691  6045 I AppInitializer: Model verification passed: hyperxray_policy v1.0.0
11-21 11:38:48.471 27691  6045 D AppInitializer: [Step 3/5] Initializing fallback handler...
11-21 11:38:48.471 27691  6045 D AppInitializer: [Step 3/5] Initializing fallback handler...
11-21 11:38:48.472 27691  6045 D ModelFallbackHandler: Baseline config loaded: policy=BANDIT_ONLY
11-21 11:38:48.472 27691  6045 D ModelFallbackHandler: Fallback policy set to: BANDIT_ONLY
11-21 11:38:48.472 27691  6045 D AppInitializer: Baseline config loaded: Baseline policy: Uses bandit algorithm when model is unavailable
11-21 11:38:48.472 27691  6045 D AppInitializer: Baseline config loaded: Baseline policy: Uses bandit algorithm when model is unavailable
11-21 11:38:48.472 27691  6045 D AppInitializer: [Step 4/5] Initializing deep policy model...
11-21 11:38:48.472 27691  6045 D AppInitializer: [Step 4/5] Initializing deep policy model...
11-21 11:38:48.473 27691  6103 I SnapAlloc: Graphics lib is available
11-21 11:38:48.475  3869  4717 D BroadcastQueue: Logging broadcast for com.hyperxray.an, stopped=false, firstLaunch=false
11-21 11:38:48.475  3869  4717 I BroadcastQueue: BOOT_COMPLETED_BROADCAST_COMPLETION_LATENCY_REPORTED action:android.intent.action.BOOT_COMPLETED dispatchLatency:0 completeLatency:213 dispatchRealLatency:1 completeRealLatency:213 receiversSize:1 userId:0 userType:android.os.usertype.full.SYSTEM
11-21 11:38:48.476  3869  6922 D Aurogon :  packageName = com.google.android.gms isAllowWakeUpList 
11-21 11:38:48.477 27691  6103 I Adreno-UNKNOWN: Using previously loaded IMapper library.
11-21 11:38:48.477  3869  4717 D BroadcastQueue: Logging broadcast for com.hyperxray.an, stopped=false, firstLaunch=false
11-21 11:38:48.477 27691 27691 D MainViewModel: MainViewModel initialized.
11-21 11:38:48.478 24472  3098 I AlarmManager: setExactAndAllowWhileIdle [name: GCM_HB_ALARM type: 2 triggerAtMillis: 34092540]
11-21 11:38:48.478 27691 27691 D MainViewModel: TProxyService receivers registered.
11-21 11:38:48.478  3869  7196 D ActivityManager: Logging bindService for com.google.android.gms, stopped=false, firstLaunch=false
11-21 11:38:48.478  1872  1872 I vendor.qti.hardware.servicetrackeraidl-service: bindService is called for service : com.google.android.gms/.chimera.PersistentDirectBootAwareApiService and for client com.google.android.gms.persistent
11-21 11:38:48.478  1872  1872 I vendor.qti.hardware.servicetrackeraidl-service: total connections for service : com.google.android.gms/.chimera.PersistentDirectBootAwareApiServiceare :15
11-21 11:38:48.478  1872  1872 I vendor.qti.hardware.servicetrackeraidl-service: total connections for client : com.google.android.gms.persistentare :4
11-21 11:38:48.479 27691  6103 I AdrenoVK-0: QUALCOMM build          : 0fd63a2c96, I5538b87673
11-21 11:38:48.479 27691  6103 I AdrenoVK-0: Build Date              : 05/02/25
11-21 11:38:48.479 27691  6103 I AdrenoVK-0: Shader Compiler Version : E031.47.18.30
11-21 11:38:48.479 27691  6103 I AdrenoVK-0: Local Branch            : 
11-21 11:38:48.479 27691  6103 I AdrenoVK-0: Remote Branch           : refs/tags/AU_LINUX_ANDROID_LA.VENDOR.15.4.0.11.00.00.1088.677
11-21 11:38:48.479 27691  6103 I AdrenoVK-0: Remote Branch           : NONE
11-21 11:38:48.479 27691  6103 I AdrenoVK-0: Reconstruct Branch      : NOTHING
11-21 11:38:48.479 27691  6103 I AdrenoVK-0: Build Config            : S P 18.0.0 AArch64
11-21 11:38:48.479 27691  6103 I AdrenoVK-0: Driver Path             : /vendor/lib64/hw/vulkan.adreno.so
11-21 11:38:48.479 27691  6103 I AdrenoVK-0: Driver Version          : 0800.40
11-21 11:38:48.479 27691  6103 I AdrenoVK-0: PFP                     : 0x01500077
11-21 11:38:48.479 27691  6103 I AdrenoVK-0: ME                      : 0x01500014
11-21 11:38:48.479 27691  6103 I AdrenoVK-0: Application Name    : android framework
11-21 11:38:48.479 27691  6103 I AdrenoVK-0: Application Version : 0x00000000
11-21 11:38:48.479 27691  6103 I AdrenoVK-0: Engine Name         : android framework
11-21 11:38:48.479 27691  6103 I AdrenoVK-0: Engine Version      : 0x00000000
11-21 11:38:48.479 27691  6103 I AdrenoVK-0: Api Version         : 0x00401000
11-21 11:38:48.481 27691  6076 D FileManager: getRuleFileSummary called with filename: geoip.dat
11-21 11:38:48.482 27691  6076 D FileManager: getRuleFileSummary called with filename: geosite.dat
11-21 11:38:48.482 27691 27691 D MainActivity: MainActivity onCreate called.
11-21 11:38:48.484 27691 27691 D Activity: Activity = ActivityInfo{11ba558 com.hyperxray.an.activity.MainActivity}, Resume onConfigurationChanged = {1.0 286mcc1mnc [tr_TR] ldltr sw369dp w369dp h822dp 520dpi nrml long hdr widecg port night finger -keyb/v/h -nav/h winConfig={ mBounds=Rect(0, 0 - 1200, 2670) mAppBounds=Rect(0, 0 - 1200, 2670) mMaxBounds=Rect(0, 0 - 1200, 2670) mDisplayRotation=ROTATION_0 mWindowingMode=fullscreen mActivityType=standard mAlwaysOnTop=undefined mRotation=ROTATION_0 mInSplitScreen=false letterBoxed=false foScaled=false isSpecificEmbedded=false} s.2 fontWeightAdjustment=0/d/o themeChanged=0 themeChangedFlags=0 display=0 extraData = Bundle[{}] screenType=0/o}
11-21 11:38:48.485 27691  6036 D OrtHolder: Loading TLS SNI optimizer model from assets: tls_sni_optimizer_v9.onnx
11-21 11:38:48.485 27691  6045 D DeepPolicyModel: Loading ONNX model with verification: models/hyperxray_policy.onnx
11-21 11:38:48.485 27691 27691 W libc    : Access denied finding property "ro.vendor.df.effect.conflict"
11-21 11:38:48.481 27691 27691 W om.hyperxray.an: type=1400 audit(0.0:13639): avc:  denied  { read } for  name="u:object_r:vendor_displayfeature_prop:s0" dev="tmpfs" ino=508 scontext=u:r:untrusted_app:s0:c55,c258,c512,c768 tcontext=u:object_r:vendor_displayfeature_prop:s0 tclass=file permissive=0 app=com.hyperxray.an
11-21 11:38:48.485 27691  6045 D ModelSignatureVerifier: Manifest loaded: hyperxray_policy v1.0.0
11-21 11:38:48.486 27691 27691 D SecurityManager: checkAccessControl flag0
11-21 11:38:48.486 27691 27691 D CompatChangeReporter: Compat change id reported: 352594277; UID 10567; state: ENABLED
11-21 11:38:48.487 27691  6045 D ModelSignatureVerifier: Calculated SHA256 hash: c4030c640995a600...
11-21 11:38:48.487 27691  6045 D ModelSignatureVerifier: No Ed25519 signature in manifest, skipping signature verification
11-21 11:38:48.487 27691  6045 I ModelSignatureVerifier: Model verification PASSED: hyperxray_policy v1.0.0
11-21 11:38:48.487 27691  6045 D ModelSignatureVerifier:   - Hash verification: PASSED
11-21 11:38:48.487 27691  6045 D ModelSignatureVerifier:   - Signature verification: SKIPPED (not available)
11-21 11:38:48.487 27691  6045 I DeepPolicyModel: Model verification passed
11-21 11:38:48.487 27691  6045 D DeepPolicyModel: Loading model from assets: models/hyperxray_policy.onnx
11-21 11:38:48.488 27691  6045 D DeepPolicyModel: Loading model from assets: models/hyperxray_policy.onnx
11-21 11:38:48.488 27691 27691 D RenderLite: trim renderNode enable: false
11-21 11:38:48.488 27691  6045 D DeepPolicyModel: Model file size: 23106 bytes
11-21 11:38:48.488 27691  6045 D DeepPolicyModel: Model file size: 23106 bytes
11-21 11:38:48.488 27691  6045 D DeepPolicyModel: Creating ONNX session...
11-21 11:38:48.488 27691  6045 D DeepPolicyModel: Creating ONNX session...
11-21 11:38:48.489 27691  6045 D DeepPolicyModel: Applying profile: Ultra-Performance AI Optimizer (GPU/NPU Hybrid Profile)
11-21 11:38:48.489 27691 27691 D CompatChangeReporter: Compat change id reported: 349153669; UID 10567; state: ENABLED
11-21 11:38:48.489 27691  6045 D DeepPolicyModel: Applying profile: Ultra-Performance AI Optimizer (GPU/NPU Hybrid Profile)
11-21 11:38:48.489 27691 27691 D FramePredict: init success
11-21 11:38:48.489 27691  6045 I DeepPolicyModel: EP: NNAPI enabled
11-21 11:38:48.489 27691 27691 E MI-PreRender: init cloud whiteList failed
11-21 11:38:48.489  3869  4081 W ActivityManager: Permission Denial: getCurrentUser() from pid=27691, uid=10567 requires android.permission.INTERACT_ACROSS_USERS
11-21 11:38:48.489 27691  6045 I DeepPolicyModel: EP: NNAPI enabled
11-21 11:38:48.490 27691 27691 D om.hyperxray.an: MiuiProcessManagerServiceStub setSchedFifo
11-21 11:38:48.490 27691 27691 I MiuiProcessManagerImpl: setSchedFifo pid:27691, mode:3
11-21 11:38:48.490 27691  6045 W DeepPolicyModel: GPU EPs unavailable: Methods not found in ONNX Runtime version
11-21 11:38:48.490  3869  4081 D ProcessManager: beginSchedThreads is not Enabled
11-21 11:38:48.490 27691  6045 W DeepPolicyModel: GPU EPs unavailable: Methods not found in ONNX Runtime version
11-21 11:38:48.491 27691  6045 I DeepPolicyModel: ONNX EP active: NNAPI
11-21 11:38:48.491 27691  6045 I DeepPolicyModel: ONNX EP active: NNAPI
11-21 11:38:48.492 27691  6114 E FramePredict: registerContentObserver fail
11-21 11:38:48.493 27691 27691 I ForceDarkHelperStubImpl: setViewRootImplForceDark: false for com.hyperxray.an.activity.MainActivity@b898c07, reason: AppDarkModeEnable
11-21 11:38:48.493 27691 27691 I ViewRootImpl: com.hyperxray.an/com.hyperxray.an.activity.MainActivity use first frame acceleration
11-21 11:38:48.494 27691  6076 D nativeloader: Load /data/app/~~lhVXJAF8LdqsPrKwg08ZMw==/com.hyperxray.an-vO9MsTHZ0dRSZF3ENaiL9Q==/lib/arm64/libhev-socks5-tunnel.so using class loader ns clns-9 (caller=/data/app/~~lhVXJAF8LdqsPrKwg08ZMw==/com.hyperxray.an-vO9MsTHZ0dRSZF3ENaiL9Q==/base.apk!classes30.dex): ok
11-21 11:38:48.494 27691  6076 D VpnService: Native Library Directory: /data/app/~~lhVXJAF8LdqsPrKwg08ZMw==/com.hyperxray.an-vO9MsTHZ0dRSZF3ENaiL9Q==/lib/arm64
11-21 11:38:48.496  3869  5148 E HyperSentinel: -------------------------------------------------------
11-21 11:38:48.493  6133  6133 W linker64: type=1400 audit(0.0:13640): avc:  denied  { search } for  name="tests" dev="dm-62" ino=593 scontext=u:r:untrusted_app:s0:c55,c258,c512,c768 tcontext=u:object_r:shell_test_data_file:s0 tclass=dir permissive=0 app=com.hyperxray.an
11-21 11:38:48.493  6133  6133 W linker64: type=1400 audit(0.0:13641): avc:  denied  { search } for  name="tests" dev="dm-62" ino=593 scontext=u:r:untrusted_app:s0:c55,c258,c512,c768 tcontext=u:object_r:shell_test_data_file:s0 tclass=dir permissive=0 app=com.hyperxray.an
11-21 11:38:48.493  6133  6133 W linker64: type=1400 audit(0.0:13642): avc:  denied  { search } for  name="tests" dev="dm-62" ino=593 scontext=u:r:untrusted_app:s0:c55,c258,c512,c768 tcontext=u:object_r:shell_test_data_file:s0 tclass=dir permissive=0 app=com.hyperxray.an
11-21 11:38:48.496 27691  6036 D OrtHolder: Model file size: 1931417 bytes
11-21 11:38:48.496  3869  5148 E HyperSentinel: Event_ResidentSize
11-21 11:38:48.497  3869  5148 E HyperSentinel: ->pid:27691,processName:"com.hyperxray.an",Rss Memory Size Change 209392kb -> 274716kb
11-21 11:38:48.498  5898  6130 D MiuiDecorationController: relayout::taskId=859, visible=true, bounds=Rect(0, 0 - 1200, 2670), focused=true, oldImmersive=false, newImmersive=false, windowMode=1, activityType=1, displayId=0, baseActivity=ComponentInfo{com.hyperxray.an/com.hyperxray.an.activity.MainActivity}, topActivity=ComponentInfo{com.hyperxray.an/com.hyperxray.an.activity.MainActivity}, callers=com.android.wm.shell.multitasking.miuimultiwinswitch.miuiwindowdecor.decoration.MiuiDecorationController.relayout:4 com.android.wm.shell.multitasking.miuimultiwinswitch.miuiwindowdecor.MulWinSwitchDecorViewModel.onTaskInfoChanged:18 com.android.wm.shell.fullscreen.FullscreenTaskListener.onTaskInfoChanged:33 com.android.wm.shell.ShellTaskOrganizer.onTaskInfoChanged:116 android.window.TaskOrganizer$1.lambda$onTaskInfoChanged$6:300 
11-21 11:38:48.498 27691 27691 D View    : setBackgroundBlur blurRadius=0
11-21 11:38:48.498  5898  6130 D MiuiDecorationDot: needTopCaption: isFullscreen = true isPadDevice = false isFoldInnerScreen = false canShowCaptionWhenCasting = false
11-21 11:38:48.498  5898  6130 D MiuiDecorationDot: releaseViews_TopCaption: taskId=859
11-21 11:38:48.498  5898  6130 D MiuiDecorationDot: releaseViews_TopCaption: taskId=859
11-21 11:38:48.498  5898  6130 D MiuiDecorationBottom: releaseViews_BottomCaption: taskId=859
11-21 11:38:48.498  5898  6130 D MiuiDecorationBottom: releaseViews_BottomCaption: taskId=859
11-21 11:38:48.498  3869  4717 D CoreBackPreview: Window{7b95ed u0 com.hyperxray.an/com.hyperxray.an.activity.MainActivity}: Setting back callback OnBackInvokedCallbackInfo{mCallback=android.window.IOnBackInvokedCallback$Stub$Proxy@654f86e, mPriority=-1, mIsAnimationCallback=false, mOverrideBehavior=0}
11-21 11:38:48.498  3869  7196 E TransitionChain: Can't collect into a chain with no transition
