11-21 11:38:48.148  5387  5387 I WindowAnimParamsProvider: getClosingWindowAnimParams closingTarget=RemoteAnimationTargetCompat{taskId=858, mode=1, isTranslucent=false, clipRect=Rect(0, 0 - 0, 0), position=Point(0, 0), sourceContainerBounds=Rect(0, 0 - 1200, 2670), prefixOrderIndex=2, isNotInRecents=true, contentInsets=Rect(0, 0 - 0, 0), activityType=1, packageName=, startBounds=Rect(0, 0 - 1200, 2670), windowType=-1}, closingTargets.homeTarget=RemoteAnimationTargetCompat{taskId=1, mode=0, isTranslucent=false, clipRect=Rect(0, 0 - 0, 0), position=Point(0, 0), sourceContainerBounds=Rect(0, 0 - 1200, 2670), prefixOrderIndex=3, isNotInRecents=false, contentInsets=Rect(0, 0 - 0, 0), activityType=2, packageName=, startBounds=Rect(0, 0 - 1200, 2670), windowType=-1}, closingTargets.secondTarget=null
11-21 11:38:48.148  3869  4961 E IPCThreadState: Binder transaction failure. id: 15851421, BR_*: 29189, error: -22 (Invalid argument)
11-21 11:38:48.148  5387  5387 D AnimatorDurationScaleHelper: isCloseAnimator=false
11-21 11:38:48.148  3869  4961 W ActivityManager: pid 3869 system sent binder code 1 with flags 1 to frozen apps and got error -32
11-21 11:38:48.148  5387  5387 I IBarFollowAnimationRunnerImpl: updateGestureStateToRemote state: 5
11-21 11:38:48.148  3869  4961 E ConnectivityService: RemoteException caught trying to send a callback msg for NetworkRequest [ TRACK_DEFAULT id=1813, [ Capabilities: INTERNET&NOT_RESTRICTED&TRUSTED&NOT_VCN_MANAGED&NOT_BANDWIDTH_CONSTRAINED Uid: 10567 RequestorUid: 10567 RequestorPkg: com.hyperxray.an UnderlyingNetworks: Null] ]
11-21 11:38:48.148  5387  5387 I StateNotifyUtils: sendStateToShell value:5
11-21 11:38:48.148  3869  4961 E IPCThreadState: Binder transaction failure. id: 15851428, BR_*: 29189, error: -22 (Invalid argument)
11-21 11:38:48.148  3869  4961 W ActivityManager: pid 3869 system sent binder code 1 with flags 1 to frozen apps and got error -32
11-21 11:38:48.148  3869  4961 E ConnectivityService: RemoteException caught trying to send a callback msg for NetworkRequest [ LISTEN id=1815, [ Capabilities: INTERNET&NOT_RESTRICTED&TRUSTED&FOREGROUND&NOT_VCN_MANAGED&NOT_BANDWIDTH_CONSTRAINED Uid: 10567 RequestorUid: 10567 RequestorPkg: com.hyperxray.an UnderlyingNetworks: Null] ]
11-21 11:38:48.148  5387  5387 E WindowAnimParamsProvider: getWindowTargetBounds    bounds=Rect(0, 0 - 1200, 2670)
11-21 11:38:48.148  3869  4961 E IPCThreadState: Binder transaction failure. id: 15851430, BR_*: 29189, error: -22 (Invalid argument)
11-21 11:38:48.148  3869  4961 W ActivityManager: pid 3869 system sent binder code 1 with flags 1 to frozen apps and got error -32
11-21 11:38:48.148  5387  5387 I WindowAnimParamsProvider: getClosingWindowAnimParams isIgnoreAnimTarget=false, isStartLockScreen=false, hasMultiTask=false, isSingleSideBack=false, currentRotation=0, isElementParam=false, isShowingUserPresentAnimation=false
11-21 11:38:48.148  5387  5387 D WindowAnimParamsProvider: isIconLayoutFromSoscChange: isIconLayout = false
11-21 11:38:48.148  3869  4961 E ConnectivityService: RemoteException caught trying to send a callback msg for NetworkRequest [ TRACK_DEFAULT id=1818, [ Capabilities: INTERNET&NOT_RESTRICTED&TRUSTED&NOT_VCN_MANAGED&NOT_BANDWIDTH_CONSTRAINED Uid: 10567 RequestorUid: 10567 RequestorPkg: com.hyperxray.an UnderlyingNetworks: Null] ]
11-21 11:38:48.148  5387  5387 I WindowAnimParamsProvider: getClosingWindowAnimParams target =RemoteAnimationTargetCompat{taskId=858, mode=1, isTranslucent=false, clipRect=Rect(0, 0 - 0, 0), position=Point(0, 0), sourceContainerBounds=Rect(0, 0 - 1200, 2670), prefixOrderIndex=2, isNotInRecents=true, contentInsets=Rect(0, 0 - 0, 0), activityType=1, packageName=, startBounds=Rect(0, 0 - 1200, 2670), windowType=-1}
11-21 11:38:48.148  5387  5387 D RecentsModel: getSmartRecentsTaskLoadPlan runningTaskId 858
11-21 11:38:48.148  3869  4961 E IPCThreadState: Binder transaction failure. id: 15851433, BR_*: 29189, error: -22 (Invalid argument)
11-21 11:38:48.148  3869  4961 W ActivityManager: pid 3869 system sent binder code 1 with flags 1 to frozen apps and got error -32
11-21 11:38:48.148  5387  5387 D RecentsModel: getSmartRecentsTaskLoadPlan, loadPlan=com.android.systemui.shared.recents.model.RecentsTaskLoadPlan@8a17293
11-21 11:38:48.148  5387  5387 D RecentsTaskLoadPlan: updatePlan, isAcquireLockSuccess=true
11-21 11:38:48.148  3869  4961 E ConnectivityService: RemoteException caught trying to send a callback msg for NetworkRequest [ LISTEN id=1820, [ Capabilities: INTERNET&NOT_RESTRICTED&TRUSTED&FOREGROUND&NOT_VCN_MANAGED&NOT_BANDWIDTH_CONSTRAINED Uid: 10567 RequestorUid: 10567 RequestorPkg: com.hyperxray.an UnderlyingNetworks: Null] ]
11-21 11:38:48.149  3869  4190 I ActivityManager: Got SIGCHLD from zygote: pid=25290, uid=10567, status=9
11-21 11:38:48.149  3869  5134 D QcomSchedBoost: startBoostInternal 1000
11-21 11:38:48.149  5387  5387 D RecentsModel: getSmartRecentsTaskLoadPlan isUpdateSuccess true
11-21 11:38:48.149  5387  5387 D RecentsModel: getSmartRecentsTaskLoadPlan cost 1
11-21 11:38:48.149  5387  5387 I WindowAnimParamsProvider: getClosingWindowAnimParams getClosingShortcutIcon target= RemoteAnimationTargetCompat{taskId=858, mode=1, isTranslucent=false, clipRect=Rect(0, 0 - 0, 0), position=Point(0, 0), sourceContainerBounds=Rect(0, 0 - 1200, 2670), prefixOrderIndex=2, isNotInRecents=true, contentInsets=Rect(0, 0 - 0, 0), activityType=1, packageName=, startBounds=Rect(0, 0 - 1200, 2670), windowType=-1}
11-21 11:38:48.149  5387  5387 D RecentsModel: getSmartRecentsTaskLoadPlan runningTaskId 858
11-21 11:38:48.149  5387  5387 D RecentsModel: getSmartRecentsTaskLoadPlan, loadPlan=com.android.systemui.shared.recents.model.RecentsTaskLoadPlan@8a17293
11-21 11:38:48.149  5387  5387 D RecentsTaskLoadPlan: updatePlan, isAcquireLockSuccess=true
11-21 11:38:48.149  5387  5387 D RecentsModel: getSmartRecentsTaskLoadPlan isUpdateSuccess true
11-21 11:38:48.149  5387  5387 D RecentsModel: getSmartRecentsTaskLoadPlan cost 0
11-21 11:38:48.149  5387  5387 I WindowAnimParamsProvider: getClosingWindowAnimParams getClosingShortcutIcon task before=  [TaskKey{id=858, stackId=0, baseIntent=Intent { act=android.intent.action.MAIN cat=[android.intent.category.LAUNCHER] flg=0x10200000 cmp=com.hyperxray.an/.activity.MainActivity }, userId=0, lastActiveTime=32905044, windowingMode=1, isThumbnailBlur=false, isScreening=false, topActivity=null, mHashCode=26484230}, title=HyperXray, titleDescription=HyperXray, bounds=null, isLaunchTarget=false, isStackTask=true, isSystemApp=false, isDockable=true, baseActivity=null, isLocked=false, isAccessLocked=false, mNeedHide=false, hasMultipleTasks=false, cti1Key=, cti2Key=] 
11-21 11:38:48.149  5387  5387 I WindowAnimParamsProvider: getClosingWindowAnimParams getClosingShortcutIcon task after=  [TaskKey{id=858, stackId=0, baseIntent=Intent { act=android.intent.action.MAIN cat=[android.intent.category.LAUNCHER] flg=0x10200000 cmp=com.hyperxray.an/.activity.MainActivity }, userId=0, lastActiveTime=32905044, windowingMode=1, isThumbnailBlur=false, isScreening=false, topActivity=null, mHashCode=26484230}, title=HyperXray, titleDescription=HyperXray, bounds=null, isLaunchTarget=false, isStackTask=true, isSystemApp=false, isDockable=true, baseActivity=null, isLocked=false, isAccessLocked=false, mNeedHide=false, hasMultipleTasks=false, cti1Key=, cti2Key=] 
11-21 11:38:48.149  5387  5387 D WindowAnimParamsProvider: getClosingShortcutIcon:CloseShortcutIconUtils.getCloseShortcutIcon  cn=ComponentInfo{com.hyperxray.an/com.hyperxray.an.activity.MainActivity}   userId=0
11-21 11:38:48.149  3869  4193 I ActivityManager: zygote: proc died: pid=25290 uid=10567, status=9
11-21 11:38:48.149  5387  5387 I WindowAnimParamsProvider: getClosingWindowAnimParams secondTarget=null, launchAppAndBackHomeAnimTarget=com.miui.home.launcher.ShortcutIcon{652ce74 VFED..CL. ........ 318,1410-600,1692}(HyperXray)
11-21 11:38:48.149  5387  5387 E ClipAnimationHelper: updateSourceStack  mSourceInsets=Rect(0, 0 - 0, 0), mSourceStackBounds=Rect(0, 0 - 1200, 2670)
11-21 11:38:48.149  5387  5387 D ClipAnimationHelper: updateSourceStackBounds, mSourceStackBounds=Rect(0, 0 - 1200, 2670)
11-21 11:38:48.149  5387  5387 E ClipAnimationHelper: updateHomeStack  mSourceInsets=Rect(0, 0 - 0, 0), mHomeStackBounds=Rect(0, 0 - 1200, 2670)
11-21 11:38:48.149  5387  5387 E ClipAnimationHelper: updateTargetRect  mSourceRect=RectF(0.0, 0.0, 1200.0, 2670.0)   mTargetRect=RectF(0.0, 0.0, 1200.0, 2670.0)   mSourceWindowClipInsets=RectF(0.0, 0.0, 0.0, 0.0)   mHomeStackBounds=Rect(0, 0 - 1200, 2670)   targetRect=Rect(0, 0 - 1200, 2670)
11-21 11:38:48.149  5387  5387 I WindowAnimParamsProvider: startClosingWindowAnimators:startRect=RectF(0.0, 0.0, 1200.0, 2670.0), targetRect=Rect(370, 1626 - 547, 1803), startRadius=134.0, endRadius=42.0, animType==CLOSE_TO_HOME, isMultiProcessMinusScreenShowing=false, currentRotation=0, homeRotation=0, isUseSimpleAnim=false, isSingleSideBack= false
11-21 11:38:48.149  5387  5387 I AnimStateManager: onAnimParamsReady windowElement = com.miui.home.recents.anim.WindowElement@1147adb
11-21 11:38:48.149  5387  5387 D ShortcutMenuLayerElement: setTo, params=ShortcutMenuLayerParams(alpha=0.5, scaleX=0.85, scaleY=0.85, dampingRation=1.0, response=0.375)
11-21 11:38:48.149  3869  4190 I libc    : kill: send 9 to pid -25290
11-21 11:38:48.149  5387  6035 W RecentsImpl: updateFsgWindowVisibilityStateInBgThread, isEnter=false, typeFrom=typefrom_home, isOpen=true, isKeyguardLocked=false, mIsInAnotherPro=false, isStatusBarExpansion=false
11-21 11:38:48.149  5387  6035 W RecentsImpl: getTopActivity from observer.   cn=ComponentInfo{com.miui.home/com.miui.home.launcher.Launcher}
11-21 11:38:48.149  3869  4190 I libc    : debug pid reuse, real pid -25290
11-21 11:38:48.149  3869  4190 I libprocessgroup: Removed cgroup /sys/fs/cgroup/apps/uid_10567/pid_25290
11-21 11:38:48.149  1863  3268 I MiClstc : DropLayers erase layer 2564
11-21 11:38:48.149  1863  3268 I MiClstc : DropLayers erase layer 2567
11-21 11:38:48.149  5387  5387 D WallpaperElement: setTo   zoomOut=1.14
11-21 11:38:48.149  3869  4190 I ActivityManager: Got SIGCHLD from zygote: pid=32411, uid=10567, status=9
11-21 11:38:48.149  5387  5387 D backgroundBlur: setBackgroundBlurRadius 120 com.miui.home.launcher.BlurView hashcode 26950580
11-21 11:38:48.149  5387  5387 D PassBlur: textureState not update, view com.miui.home.launcher.BlurView{19b3bb4 V.ED..... ......ID 0,0-1200,2670 #7f0a0212 app:id/launcher_blur_view aid=1073741858} visible is true
11-21 11:38:48.149  3869  6545 D TransitionImpl: onGestureStateCallback state = 5, info = {id=146 t=OPEN f=0x0 trk=0 r=[0@Point(0, 0)] c=[{WCT{RemoteToken{e26ea6d Task{2619fa7 #854 type=standard I=com.hyperxray.an/.activity.MainActivity}}} m=OPEN f=NONE leash=Surface(name=Task=854#7511)/@0xc38f066 sb=Rect(0, 0 - 1200, 2670) eb=Rect(0, 0 - 1200, 2670) epz=Point(1200, 2670) d=0 taskParent=-1 v=trueMiuiChangeImpl {miuiEmbedding:false, scale:1.0}},{WCT{RemoteToken{98ab547 Task{a188bf4 #1 type=home}}} m=TO_BACK f=SHOW_WALLPAPER leash=Surface(name=Task=1#51)/@0xf67a0d8 sb=Rect(0, 0 - 1200, 2670) eb=Rect(0, 0 - 1200, 2670) epz=Point(1200, 2670) d=0 taskParent=-1 v=falseMiuiChangeImpl {miuiEmbedding:false, scale:1.0}},{m=TO_BACK f=IS_WALLPAPER leash=Surface(name=WallpaperWindowToken{13580f4 showWhenLocked=false}#94)/@0x1ca701d sb=Rect(0, 0 - 1200, 2670) eb=Rect(0, 0 - 1200, 2670) epz=Point(1200, 2670) d=0 v=falseMiuiChangeImpl {miuiEmbedding:false, scale:1.0}}] mk=[false] noAni=[false] df=[false] rsa=[false] oa=[false] nc=[0] ho=[false] iSync=[-1]}
11-21 11:38:48.150  5387  5387 D WindowElement1147adb: animTo, params=RectFParams(targetApps=com.miui.home.recents.util.RemoteAnimationTargetSet@4102efd, startRect=RectF(0.0, 0.0, 1200.0, 2670.0), targetRect=RectF(370.0, 1626.0, 547.0, 1803.0), startRadius=134.0, endRadius=42.0, startAlpha=1.0, endAlpha=0.0, animType=CLOSE_TO_HOME, ignoreIcon=false, showTask=false, isQuickSwitchMode=false, targetView=com.miui.home.launcher.ShortcutIcon{652ce74 VFED..CL. ........ 318,1410-600,1692}(HyperXray), animListener=com.miui.home.recents.anim.WindowAnimParamsProvider$getClosingWindowAnimParams$animListener$1@de347f2, clipAnimationHelper=com.miui.home.recents.util.ClipAnimationHelper@dd8e43, clearLastListener=false, currentDisplayRotation=0, homeRotation=0, needFinishOnAnimEnd=true, currentTaskIndex=0, isSplitModeBack=false, isUseTranslucentAnim=false, runningTaskId=0, touchRange=2), isRunning()=false
11-21 11:38:48.150  5387  5387 D WindowElement1147adb: java.lang.Exception
11-21 11:38:48.150  5387  5387 D WindowElement1147adb: 	at com.miui.home.recents.anim.WindowElement.animTo(WindowElement.kt:1366)
11-21 11:38:48.150  5387  5387 D WindowElement1147adb: 	at com.miui.home.recents.anim.StateManager.handleAllElementParams(StateManager.kt:216)
11-21 11:38:48.150  5387  5387 D WindowElement1147adb: 	at com.miui.home.recents.anim.StateManager.onAnimParamsReady(StateManager.kt:150)
11-21 11:38:48.150  5387  5387 D WindowElement1147adb: 	at com.miui.home.recents.anim.StateManager.onAnimParamsReady$default(StateManager.kt:147)
11-21 11:38:48.150  5387  5387 D WindowElement1147adb: 	at com.miui.home.recents.anim.WindowElement.onClosingWindowTransitionExecute$lambda-6(WindowElement.kt:636)
11-21 11:38:48.150  5387  5387 D WindowElement1147adb: 	at com.miui.home.recents.anim.WindowElement.$r8$lambda$CLiqaTcQXbwEYv8q8zNEFoZMbYw(Unknown Source:0)
11-21 11:38:48.150  5387  5387 D WindowElement1147adb: 	at com.miui.home.recents.anim.WindowElement$$ExternalSyntheticLambda10.run(Unknown Source:10)
11-21 11:38:48.150  5387  5387 D WindowElement1147adb: 	at com.miui.home.library.utils.LooperExecutor.execute(LooperExecutor.java:43)
11-21 11:38:48.150  5387  5387 D WindowElement1147adb: 	at com.miui.home.recents.anim.WindowElement.onClosingWindowTransitionExecute(WindowElement.kt:619)
11-21 11:38:48.150  5387  5387 D WindowElement1147adb: 	at com.miui.home.recents.anim.WindowElement.onClosingWindowTransitionExecute$default(WindowElement.kt:617)
11-21 11:38:48.150  5387  5387 D WindowElement1147adb: 	at com.miui.home.recents.anim.WindowElement$init$1.onClosingWindowTransitionStart(WindowElement.kt:1537)
11-21 11:38:48.150  5387  5387 D WindowElement1147adb: 	at com.android.systemui.shared.recents.system.WindowTransitionCompat$2.startAnimation(WindowTransitionCompat.java:251)
11-21 11:38:48.150  5387  5387 D WindowElement1147adb: 	at com.android.systemui.shared.recents.system.WindowTransitionCompat.wrapRemoteTransition(WindowTransitionCompat.java:749)
11-21 11:38:48.150  5387  5387 D WindowElement1147adb: 	at com.miui.home.recents.anim.WindowElement.injectRemoteTransition(WindowElement.kt:1037)
11-21 11:38:48.150  5387  5387 D WindowElement1147adb: 	at com.miui.home.recents.anim.StateManager$CommonState.handleEvent(StateManager.kt:1233)
11-21 11:38:48.150  5387  5387 D WindowElement1147adb: 	at com.miui.home.recents.anim.StateManager.handleEventActually(StateManager.kt:120)
11-21 11:38:48.150  5387  5387 D WindowElement1147adb: 	at com.miui.home.recents.anim.StateManager.sendEventActually$lambda-0(StateManager.kt:107)
11-21 11:38:48.150  5387  5387 D WindowElement1147adb: 	at com.miui.home.recents.anim.StateManager.$r8$lambda$C-kZp_X93nanDwYsUFIjH_GwEtM(Unknown Source:0)
11-21 11:38:48.150  5387  5387 D WindowElement1147adb: 	at com.miui.home.recents.anim.StateManager$$ExternalSyntheticLambda4.run(Unknown Source:4)
11-21 11:38:48.150  5387  5387 D WindowElement1147adb: 	at android.os.Handler.handleCallback(Handler.java:995)
11-21 11:38:48.150  5387  5387 D WindowElement1147adb: 	at android.os.Handler.dispatchMessage(Handler.java:103)
11-21 11:38:48.150  5387  5387 D WindowElement1147adb: 	at android.os.Looper.loopOnce(Looper.java:265)
11-21 11:38:48.150  5387  5387 D WindowElement1147adb: 	at android.os.Looper.loop(Looper.java:358)
11-21 11:38:48.150  5387  5387 D WindowElement1147adb: 	at android.app.ActivityThread.main(ActivityThread.java:9952)
11-21 11:38:48.150  5387  5387 D WindowElement1147adb: 	at java.lang.reflect.Method.invoke(Native Method)
11-21 11:38:48.150  5387  5387 D WindowElement1147adb: 	at com.android.internal.os.RuntimeInit$MethodAndArgsCaller.run(RuntimeInit.java:616)
11-21 11:38:48.150  5387  5387 D WindowElement1147adb: 	at com.android.internal.os.ZygoteInit.main(ZygoteInit.java:1091)
11-21 11:38:48.150  5387  5387 D WindowElement1147adb: updateFloatingIconView, animType=CLOSE_TO_HOME
11-21 11:38:48.150  5387  5387 D WindowElement1147adb: updateFloatingIconView, oldTargetView=null, params.targetView=com.miui.home.launcher.ShortcutIcon{652ce74 VFED..CL. ........ 318,1410-600,1692}(HyperXray)
11-21 11:38:48.150  5387  5387 D WindowElement1147adb: replaceFloatingIconViewContent, init floatingIconView if needed
11-21 11:38:48.150  5387  5387 D FloatingIconView2cd5e9b7: removeRecycleCallback: com.miui.home.recents.views.FloatingIconView2$$ExternalSyntheticLambda4@2b5bdf9
11-21 11:38:48.150  5387  5387 D View    : setBackgroundBlur blurRadius=0
11-21 11:38:48.150  5387  5387 D FloatingIconView2cd5e9b7: init addView: com.hyperxray.an, index: 2
11-21 11:38:48.150  5387  5387 D Launcher.BlurUtilities: clearAllBlur: View=com.miui.home.recents.views.FloatingIconView2{cd5e9b7 V.ED..... ......I. 0,0-0,0}
11-21 11:38:48.150  1863  2473 I SnapAlloc: Using graphics libs for alignment calculations
11-21 11:38:48.150  1863  2473 I SnapAlloc: Using graphics libs for alignment calculations
11-21 11:38:48.150  5387  5387 D FloatingIconView2cd5e9b7: init, icon=com.miui.home.launcher.ShortcutIcon{652ce74 VFED..CL. ........ 318,1410-600,1692}(HyperXray), mIsAdaptiveIcon=true, iconOffset=44, isBigIcon=false, isVerticalShape=false, isVerticalClip=false, mIsClamp=false, mDrawablecom.miui.home.launcher.graphics.drawable.LayerAdaptiveIconDrawable@7284826, clipToOutlinefalse
11-21 11:38:48.150  5387  6091 D RecentsImpl: hideBackStubWindow exceute
11-21 11:38:48.150  5387  5387 D FloatingIconView2cd5e9b7: setIsDrawIcon, isDraw=true
11-21 11:38:48.150  5387  5387 D FloatingIconView2cd5e9b7: Create new Bitmap
11-21 11:38:48.150  5387  5387 D FloatingIconView2cd5e9b7: Transform VectorDrawable to BitmapDrawable, width: 264 height: 264 bounds: Rect(-44, -44 - 220, 220)
11-21 11:38:48.150  5387  5387 D WindowElementOffsetHelper: mType=3   x=318.0   y=1603.0
11-21 11:38:48.150  5387  5387 D RectFSpringAnim_175322069: reset: startRect=RectF(0.0, 0.0, 1200.0, 2670.0), targetRect=RectF(370.0, 1626.0, 547.0, 1803.0), startRadius=134.0, endRadius=42.0, startAlpha=1.0, endAlpha=0.0
11-21 11:38:48.150  5387  5387 I RectFSpringAnim_175322069: setStartRect = RectF(0.0, 0.0, 1200.0, 2670.0)
11-21 11:38:48.150  5387  5387 I RectFSpringAnim_175322069: resetAnimValue KEY_SURFACE_EXT_ALPHA mTargetRect = RectF(370.0, 1626.0, 547.0, 1803.0) endAlpha=0.0
11-21 11:38:48.150  5387  5387 D RectFSpringAnim_175322069: clearRectFSpringAnimListener
11-21 11:38:48.150  5387  5387 I RectFSpringAnim_175322069: changeAnimStart start=false
11-21 11:38:48.150  5387  5387 D WindowElement1147adb: animResetReady, reset mAnim=RectFSpringAnim{mStartRect=RectF(0.0, 0.0, 1200.0, 2670.0), mTargetRect=RectF(370.0, 1626.0, 547.0, 1803.0), mStartAlpha=1.0, mEndAlpha=0.0}
11-21 11:38:48.150  5387  5387 D NavStubView: setWindowAnimType  type=CLOSE_TO_HOME
11-21 11:38:48.150  5387  5387 D NavStubView: setIsAnimatingToLauncher  isAnimatingToLauncher=true
11-21 11:38:48.150  5387  5387 I RectFSpringAnim_175322069: setAnimParamByType = CLOSE_TO_HOME , magicSpeed = 0.75
11-21 11:38:48.150  5387  5387 E MultiSpringDynamicAnimation89627ea: ERROR Not Found Bundle SurfaceExtAlpha
11-21 11:38:48.150  5387  5387 D RectFSpringAnim_175322069: addAnimatorListener
11-21 11:38:48.150  5387  5387 I RectFSpringAnim_175322069: startInMainThread
11-21 11:38:48.150  5387  5387 E MultiSpringDynamicAnimation89627ea: ERROR Not Found Bundle SurfaceExtAlpha
11-21 11:38:48.150  5387  5387 E MultiSpringDynamicAnimation89627ea: ERROR Not Found Bundle SurfaceExtAlpha
11-21 11:38:48.150  5387  5387 I RectFSpringAnim_175322069: changeAnimStart start=true
11-21 11:38:48.150  5387  5387 D ShortcutMenuLayerElement: animTo, params=ShortcutMenuLayerParams(alpha=1.0, scaleX=1.0, scaleY=1.0, dampingRation=1.0, response=0.375)
11-21 11:38:48.151  5387  5387 D PassBlur: textureState not update, view com.miui.home.launcher.ShortcutMenuLayer{676d55e V.E...... ......ID 0,0-1200,2670 #7f0a032b app:id/shortcut_menu_layer aid=1073741830} visible is true
11-21 11:38:48.151  5387  5387 D WallpaperElement: animTo   zoomOut=1.0
11-21 11:38:48.151  5387  5387 D RecentBlurViewElement: animTo: params = RecentBlurParams(blurRadius=0.0, dimming=0.0, dampingRatio=0.95, response=0.45)
11-21 11:38:48.151  5387  5387 D RecentBlurViewElement: animTo, 120 -> 0.0
11-21 11:38:48.151  5387  5387 I AnimStateManager: go to state com.miui.home.recents.anim.StateManager$HomeState@a1c4a3a
11-21 11:38:48.151  5387  5387 D WindowTransitionCompat: startAnimation end
11-21 11:38:48.151  5387  5387 D RecentsImpl: showNavStubView
11-21 11:38:48.151  5387  5387 D NavStubView_Touch: setKeepHidden    old=false   new=false
11-21 11:38:48.151  5387  5387 D SyncRtSurfaceTransactionApplierCompat: SyncRtSurfaceTransactionApplierCompat::create targetView is null? false, mTargetViewRootImpl null? false
11-21 11:38:48.151  5387  5387 D HWUI    : setDynamicShadow parameter is same
11-21 11:38:48.151  5387  5387 D setDynamicShadow: color:1442840576,offsetX0.0,offsetY92.5,radius50.0,cornerRadius5.0,bounds.w169.0,bounds.h49.0
11-21 11:38:48.151  5387  5387 D PassBlur: sendAuxiliaryIfNeed timeoutMs -1 include 0 exclude 1
11-21 11:38:48.151  5387  5387 D PassBlur: sendAuxiliaryIfNeed timeoutMs -1 include 1 exclude 0
11-21 11:38:48.152  5898  5898 D ControlCenterHeaderExpandController: onExpansionChanged: progress =  0.0
11-21 11:38:48.152  1863  3263 I vendor.qti.hardware.display.composer-service: Sensor: notify citsensorservice to trigger cwb, misForced = 0
11-21 11:38:48.152  1863  3268 I SDM     : CWB config passed by cwb_client : tappoint 1  CWB_ROI : (480.000000 159.000000 721.000000 400.000000) for display-0
11-21 11:38:48.153  5387  6104 E com.miui.home: backgroundBlur makeBackgroundImage if(!mSnapshot && mSurfaceTex). will return
11-21 11:38:48.153  5387  5387 D Launcher.Lifecycle: onWindowFocusChanged:true,UserHandle{0},328837a,false
11-21 11:38:48.153  5387  5387 D Launcher_UnlockAnimationStateMachine: onWindowFocus:IDLE
11-21 11:38:48.153  5387  5387 D Launcher_UnlockAnimationStateMachine: showAnimation = IDLE
11-21 11:38:48.153  5387  6104 E com.miui.home: backgroundBlur makeBackgroundImage if(!mSnapshot && mSurfaceTex). will return
11-21 11:38:48.154  5387  5387 I HandWritingStubImpl: refreshLastKeyboardType: 1
11-21 11:38:48.154  5387  5387 I HandWritingStubImpl: getCurrentKeyboardType: 1
11-21 11:38:48.154  3869  6149 I ClipboardServiceI: checkProviderWakePathForClipboard: com.google.android.apps.messagingis not a activePermissionOwner
11-21 11:38:48.154  5435   466 W HWUI    : Surface doesn't have any previously queued frames, nothing to readback from
11-21 11:38:48.155  3869  4946 D WifiNetworkFactory: got request NetworkRequest [ REQUEST id=980, [ Capabilities: INTERNET&NOT_RESTRICTED&TRUSTED&NOT_VCN_MANAGED&NOT_BANDWIDTH_CONSTRAINED Uid: 10198 RequestorUid: 10198 RequestorPkg: com.google.android.apps.docs UnderlyingNetworks: Null] ]
11-21 11:38:48.155  3869  4946 D WifiNetworkFactory: got request NetworkRequest [ REQUEST id=991, [ Capabilities: INTERNET&NOT_RESTRICTED&TRUSTED&NOT_VCN_MANAGED&NOT_BANDWIDTH_CONSTRAINED Uid: 10206 RequestorUid: 10206 RequestorPkg: com.google.android.gm UnderlyingNetworks: Null] ]
11-21 11:38:48.155  3869  4946 D WifiNetworkFactory: got request NetworkRequest [ REQUEST id=1009, [ Capabilities: INTERNET&NOT_RESTRICTED&TRUSTED&NOT_VCN_MANAGED&NOT_BANDWIDTH_CONSTRAINED Uid: 10206 RequestorUid: 10206 RequestorPkg: com.google.android.gm UnderlyingNetworks: Null] ]
11-21 11:38:48.155  3869  4946 D WifiNetworkFactory: got request NetworkRequest [ REQUEST id=1038, [ Capabilities: INTERNET&NOT_RESTRICTED&TRUSTED&NOT_VCN_MANAGED&NOT_BANDWIDTH_CONSTRAINED Uid: 10196 RequestorUid: 10196 RequestorPkg: com.google.android.calendar UnderlyingNetworks: Null] ]
11-21 11:38:48.155  3869  4826 W InputMethodManagerService: Clear show forced flag.
11-21 11:38:48.155  3869  4826 I ImeTracker: com.miui.home:f76a67c9: onRequestHide at ORIGIN_SERVER reason HIDE_UNSPECIFIED_WINDOW fromUser false
11-21 11:38:48.156  7639  8088 I Finsky:background: [667] IQ: 0 scheduled install statuses found to proceed. 
11-21 11:38:48.156  3869  4946 D WifiNetworkFactory: got request NetworkRequest [ REQUEST id=1068, [ Capabilities: INTERNET&NOT_RESTRICTED&TRUSTED&NOT_VCN_MANAGED&NOT_BANDWIDTH_CONSTRAINED Uid: 1002 RequestorUid: 1002 RequestorPkg: com.xiaomi.bluetooth UnderlyingNetworks: Null] ]
11-21 11:38:48.156  3869  4946 D WifiNetworkFactory: got request NetworkRequest [ REQUEST id=1070, [ Capabilities: INTERNET&NOT_RESTRICTED&TRUSTED&NOT_VCN_MANAGED&NOT_BANDWIDTH_CONSTRAINED Uid: 10237 RequestorUid: 10237 RequestorPkg: com.google.android.apps.youtube.music UnderlyingNetworks: Null] ]
11-21 11:38:48.156  3869  4946 D WifiNetworkFactory: got request NetworkRequest [ REQUEST id=1073, [ Capabilities: INTERNET&NOT_RESTRICTED&TRUSTED&NOT_VCN_MANAGED&NOT_BANDWIDTH_CONSTRAINED Uid: 10237 RequestorUid: 10237 RequestorPkg: com.google.android.apps.youtube.music UnderlyingNetworks: Null] ]
11-21 11:38:48.156  3869  4946 D WifiNetworkFactory: got request NetworkRequest [ REQUEST id=1075, [ Capabilities: INTERNET&NOT_RESTRICTED&TRUSTED&NOT_VCN_MANAGED&NOT_BANDWIDTH_CONSTRAINED Uid: 10237 RequestorUid: 10237 RequestorPkg: com.google.android.apps.youtube.music UnderlyingNetworks: Null] ]
11-21 11:38:48.156  3869  4946 D WifiNetworkFactory: got request NetworkRequest [ REQUEST id=1077, [ Capabilities: INTERNET&NOT_RESTRICTED&TRUSTED&NOT_VCN_MANAGED&NOT_BANDWIDTH_CONSTRAINED Uid: 10237 RequestorUid: 10237 RequestorPkg: com.google.android.apps.youtube.music UnderlyingNetworks: Null] ]
11-21 11:38:48.156  3869  4946 D WifiNetworkFactory: got request NetworkRequest [ REQUEST id=1081, [ Capabilities: INTERNET&NOT_RESTRICTED&TRUSTED&NOT_VCN_MANAGED&NOT_BANDWIDTH_CONSTRAINED Uid: 10354 RequestorUid: 10354 RequestorPkg: com.google.android.apps.translate UnderlyingNetworks: Null] ]
11-21 11:38:48.156  3869  4946 D WifiNetworkFactory: got request NetworkRequest [ REQUEST id=1087, [ Capabilities: INTERNET&NOT_RESTRICTED&TRUSTED&NOT_VCN_MANAGED&NOT_BANDWIDTH_CONSTRAINED Uid: 10316 RequestorUid: 1000 RequestorPkg: android UnderlyingNetworks: Null] ]
11-21 11:38:48.156  3869  4946 D WifiNetworkFactory: got request NetworkRequest [ REQUEST id=1089, [ Capabilities: INTERNET&NOT_RESTRICTED&TRUSTED&NOT_VCN_MANAGED&NOT_BANDWIDTH_CONSTRAINED Uid: 10336 RequestorUid: 10336 RequestorPkg: com.google.android.apps.chromecast.app UnderlyingNetworks: Null] ]
11-21 11:38:48.156  3869  4946 D WifiNetworkFactory: got request NetworkRequest [ REQUEST id=1092, [ Capabilities: INTERNET&NOT_RESTRICTED&TRUSTED&NOT_VCN_MANAGED&NOT_BANDWIDTH_CONSTRAINED Uid: 10375 RequestorUid: 10375 RequestorPkg: com.hatunnel.plus UnderlyingNetworks: Null] ]
11-21 11:38:48.156  3869  4946 D WifiNetworkFactory: got request NetworkRequest [ REQUEST id=1094, [ Capabilities: INTERNET&NOT_RESTRICTED&TRUSTED&NOT_VCN_MANAGED&NOT_BANDWIDTH_CONSTRAINED Uid: 10418 RequestorUid: 10418 RequestorPkg: com.liuzh.deviceinfo UnderlyingNetworks: Null] ]
11-21 11:38:48.156  3869  4961 D ConnectivityService: Sending DISCONNECTED broadcast for type 17 [125 CELLULAR|VPN] isDefaultNetwork=false
11-21 11:38:48.156  3869  4946 D WifiNetworkFactory: got request NetworkRequest [ REQUEST id=1096, [ Capabilities: INTERNET&NOT_RESTRICTED&TRUSTED&NOT_VCN_MANAGED&NOT_BANDWIDTH_CONSTRAINED Uid: 10486 RequestorUid: 10486 RequestorPkg: com.turkcell.gncplay UnderlyingNetworks: Null] ]
11-21 11:38:48.156  3869  4946 D WifiNetworkFactory: got request NetworkRequest [ REQUEST id=1098, [ Capabilities: INTERNET&NOT_RESTRICTED&TRUSTED&NOT_VCN_MANAGED&NOT_BANDWIDTH_CONSTRAINED Uid: 10486 RequestorUid: 10486 RequestorPkg: com.turkcell.gncplay UnderlyingNetworks: Null] ]
11-21 11:38:48.156  3869  4946 D WifiNetworkFactory: got request NetworkRequest [ REQUEST id=1100, [ Capabilities: INTERNET&NOT_RESTRICTED&TRUSTED&NOT_VCN_MANAGED&NOT_BANDWIDTH_CONSTRAINED Uid: 10418 RequestorUid: 10418 RequestorPkg: com.liuzh.deviceinfo UnderlyingNetworks: Null] ]
11-21 11:38:48.156  3869  4946 D WifiNetworkFactory: got request NetworkRequest [ REQUEST id=1102, [ Capabilities: INTERNET&NOT_RESTRICTED&TRUSTED&NOT_VCN_MANAGED&NOT_BANDWIDTH_CONSTRAINED Uid: 10375 RequestorUid: 10375 RequestorPkg: com.hatunnel.plus UnderlyingNetworks: Null] ]
11-21 11:38:48.156  3869  4946 D WifiNetworkFactory: got request NetworkRequest [ REQUEST id=1150, [ Capabilities: INTERNET&NOT_RESTRICTED&TRUSTED&NOT_VCN_MANAGED&NOT_BANDWIDTH_CONSTRAINED Uid: 10360 RequestorUid: 10360 RequestorPkg: com.pozitron.hepsiburada UnderlyingNetworks: Null] ]
11-21 11:38:48.156  3869  4961 W ContextImpl: Calling a method in the system process without a qualified user: android.app.ContextImpl.sendStickyBroadcast:1709 android.net.connectivity.com.android.server.ConnectivityService.sendStickyBroadcast:4282 android.net.connectivity.com.android.server.ConnectivityService.sendLegacyNetworkBroadcast:12923 android.net.connectivity.com.android.server.ConnectivityService$LegacyTypeTracker.remove:1388 android.net.connectivity.com.android.server.ConnectivityService$LegacyTypeTracker.remove:1405 
11-21 11:38:48.156  3869  4946 D WifiNetworkFactory: got request NetworkRequest [ REQUEST id=1197, [ Capabilities: INTERNET&NOT_RESTRICTED&TRUSTED&NOT_VCN_MANAGED&NOT_BANDWIDTH_CONSTRAINED Uid: 10405 RequestorUid: 1000 RequestorPkg: android UnderlyingNetworks: Null] ]
11-21 11:38:48.156  3869  4946 D WifiNetworkFactory: got request NetworkRequest [ REQUEST id=1211, [ Capabilities: INTERNET&NOT_RESTRICTED&TRUSTED&NOT_VCN_MANAGED&NOT_BANDWIDTH_CONSTRAINED Uid: 99910405 RequestorUid: 1000 RequestorPkg: android UnderlyingNetworks: Null] ]
11-21 11:38:48.157   602   602 I GoogleInputMethodService: GoogleInputMethodService.onFinishInput():2097 
11-21 11:38:48.157  3869  5479 D WindowManager: Make sure ime layring to: Window{ca159d9 u0 com.miui.home/com.miui.home.launcher.Launcher} when transition animation start
11-21 11:38:48.157  5387  5387 D InsetsController: hide(ime(), fromIme=false)
11-21 11:38:48.157  3869  4946 D WifiNetworkFactory: got request NetworkRequest [ REQUEST id=1221, [ Capabilities: INTERNET&NOT_RESTRICTED&TRUSTED&NOT_VCN_MANAGED&NOT_BANDWIDTH_CONSTRAINED Uid: 10304 RequestorUid: 1000 RequestorPkg: android UnderlyingNetworks: Null] ]
11-21 11:38:48.157  3869  4946 D WifiNetworkFactory: got request NetworkRequest [ REQUEST id=1288, [ Capabilities: INTERNET&NOT_RESTRICTED&TRUSTED&NOT_VCN_MANAGED&NOT_BANDWIDTH_CONSTRAINED Uid: 10355 RequestorUid: 10355 RequestorPkg: org.zwanoo.android.speedtest UnderlyingNetworks: Null] ]
11-21 11:38:48.157  5387  5387 I ImeTracker: com.miui.home:f76a67c9: onCancelled at PHASE_CLIENT_ALREADY_HIDDEN
11-21 11:38:48.157  3869  4946 D WifiNetworkFactory: got request NetworkRequest [ REQUEST id=1291, [ Capabilities: INTERNET&NOT_RESTRICTED&TRUSTED&NOT_VCN_MANAGED&NOT_BANDWIDTH_CONSTRAINED Uid: 10355 RequestorUid: 10355 RequestorPkg: org.zwanoo.android.speedtest UnderlyingNetworks: Null] ]
11-21 11:38:48.157  3869  4946 D WifiNetworkFactory: got request NetworkRequest [ REQUEST id=1293, [ Capabilities: INTERNET&NOT_RESTRICTED&TRUSTED&NOT_VCN_MANAGED&NOT_BANDWIDTH_CONSTRAINED Uid: 10355 RequestorUid: 10355 RequestorPkg: org.zwanoo.android.speedtest UnderlyingNetworks: Null] ]
11-21 11:38:48.157  3869  4946 D WifiNetworkFactory: got request NetworkRequest [ REQUEST id=1307, [ Capabilities: INTERNET&NOT_RESTRICTED&TRUSTED&NOT_VCN_MANAGED&NOT_BANDWIDTH_CONSTRAINED Uid: 10179 RequestorUid: 10179 RequestorPkg: com.google.android.dialer UnderlyingNetworks: Null] ]
11-21 11:38:48.157  3869  4946 D WifiNetworkFactory: got request NetworkRequest [ REQUEST id=1338, [ Capabilities: INTERNET&NOT_RESTRICTED&TRUSTED&NOT_VCN_MANAGED&NOT_BANDWIDTH_CONSTRAINED Uid: 10437 RequestorUid: 10437 RequestorPkg: com.windscribe.vpn UnderlyingNetworks: Null] ]
11-21 11:38:48.157  3869  4946 D WifiNetworkFactory: got request NetworkRequest [ REQUEST id=1342, [ Capabilities: INTERNET&NOT_RESTRICTED&TRUSTED&NOT_VCN_MANAGED&NOT_BANDWIDTH_CONSTRAINED Uid: 10471 RequestorUid: 10471 RequestorPkg: com.madeinchina.b2b.trade UnderlyingNetworks: Null] ]
11-21 11:38:48.157  3869  4946 D WifiNetworkFactory: got request NetworkRequest [ REQUEST id=1344, [ Capabilities: INTERNET&NOT_RESTRICTED&TRUSTED&NOT_VCN_MANAGED&NOT_BANDWIDTH_CONSTRAINED Uid: 10471 RequestorUid: 10471 RequestorPkg: com.madeinchina.b2b.trade UnderlyingNetworks: Null] ]
11-21 11:38:48.157  3869  4946 D WifiNetworkFactory: got request NetworkRequest [ REQUEST id=1350, [ Capabilities: INTERNET&NOT_RESTRICTED&TRUSTED&NOT_VCN_MANAGED&NOT_BANDWIDTH_CONSTRAINED Uid: 10429 RequestorUid: 10429 RequestorPkg: org.fdroid.fdroid UnderlyingNetworks: Null] ]
11-21 11:38:48.157  3869  4946 D WifiNetworkFactory: got request NetworkRequest [ REQUEST id=1363, [ Capabilities: INTERNET&NOT_RESTRICTED&TRUSTED&NOT_VCN_MANAGED&NOT_BANDWIDTH_CONSTRAINED Uid: 10213 RequestorUid: 1000 RequestorPkg: android UnderlyingNetworks: Null] ]
11-21 11:38:48.158  3869  4946 D WifiNetworkFactory: got request NetworkRequest [ REQUEST id=1369, [ Capabilities: INTERNET&NOT_RESTRICTED&TRUSTED&NOT_VCN_MANAGED&NOT_BANDWIDTH_CONSTRAINED Uid: 10195 RequestorUid: 10195 RequestorPkg: com.android.chrome UnderlyingNetworks: Null] ]
11-21 11:38:48.158  3869  4946 D WifiNetworkFactory: got request NetworkRequest [ REQUEST id=1393, [ Capabilities: INTERNET&NOT_RESTRICTED&TRUSTED&NOT_VCN_MANAGED&NOT_BANDWIDTH_CONSTRAINED Uid: 10390 RequestorUid: 10390 RequestorPkg: com.cloud.tr UnderlyingNetworks: Null] ]
11-21 11:38:48.158   602   602 I Module  : DeviceLockedStatusModuleProvider$Module.updateDeviceLockedStatus():103 repeatCheckTimes = 0, locked = false
11-21 11:38:48.158  3869  4946 D WifiNetworkFactory: got request NetworkRequest [ REQUEST id=1396, [ Capabilities: INTERNET&NOT_RESTRICTED&TRUSTED&NOT_VCN_MANAGED&NOT_BANDWIDTH_CONSTRAINED Uid: 10390 RequestorUid: 10390 RequestorPkg: com.cloud.tr UnderlyingNetworks: Null] ]
11-21 11:38:48.158  5387  6035 E StateNotifyUtils: sendFsStateBroadCast state=closeWindow   channel=navigation_bar   packageName=
11-21 11:38:48.158  3869  4946 D WifiNetworkFactory: got request NetworkRequest [ REQUEST id=1453, [ Capabilities: INTERNET&NOT_RESTRICTED&TRUSTED&NOT_VCN_MANAGED&NOT_BANDWIDTH_CONSTRAINED Uid: 10362 RequestorUid: 10362 RequestorPkg: com.garanti.cepsubesi UnderlyingNetworks: Null] ]
11-21 11:38:48.158  3869  4946 D WifiNetworkFactory: got request NetworkRequest [ REQUEST id=1534, [ Capabilities: INTERNET&NOT_RESTRICTED&TRUSTED&NOT_VCN_MANAGED&NOT_BANDWIDTH_CONSTRAINED Uid: 10359 RequestorUid: 1000 RequestorPkg: android UnderlyingNetworks: Null] ]
11-21 11:38:48.158  3869  5479 I ImeTracker: system_server:f0436b9f: onRequestHide at ORIGIN_SERVER reason IME_REQUESTED_CHANGED_LISTENER fromUser false
11-21 11:38:48.158  3869  4946 D WifiNetworkFactory: got request NetworkRequest [ REQUEST id=1612, [ Capabilities: INTERNET&NOT_RESTRICTED&TRUSTED&NOT_VCN_MANAGED&NOT_BANDWIDTH_CONSTRAINED Uid: 10406 RequestorUid: 10406 RequestorPkg: com.duckduckgo.mobile.android UnderlyingNetworks: Null] ]
11-21 11:38:48.158   602   602 I GoogleInputMethodService: GoogleInputMethodService.onStartInput():1347 onStartInput(EditorInfo{EditorInfo{packageName=com.miui.home, inputType=0, inputTypeString=NULL, enableLearning=false, autoCorrection=false, autoComplete=false, imeOptions=0, privateImeOptions=null, actionName=UNSPECIFIED, actionLabel=null, initialSelStart=-1, initialSelEnd=-1, initialCapsMode=0, label=null, fieldId=0, fieldName=null, extras=Bundle[mParcelledData.dataSize=72], hintText=null, hintLocales=[]}}, false)
11-21 11:38:48.158  3437 12176 D MirrorManager:  sendAcceptInput 0 0
11-21 11:38:48.158  3869  4161 I ImeTracker: system_server:f0436b9f: onCancelled at PHASE_SERVER_SHOULD_HIDE
11-21 11:38:48.158  3869  4946 D WifiNetworkFactory: got request NetworkRequest [ REQUEST id=1680, [ Capabilities: INTERNET&NOT_RESTRICTED&TRUSTED&NOT_VCN_MANAGED&NOT_BANDWIDTH_CONSTRAINED Uid: 10353 RequestorUid: 10353 RequestorPkg: com.ziraat.ziraatmobil UnderlyingNetworks: Null] ]
11-21 11:38:48.158  3869  4946 D WifiNetworkFactory: got request NetworkRequest [ REQUEST id=1692, [ Capabilities: INTERNET&NOT_RESTRICTED&TRUSTED&NOT_VCN_MANAGED&NOT_BANDWIDTH_CONSTRAINED Uid: 10363 RequestorUid: 10363 RequestorPkg: com.instagram.android UnderlyingNetworks: Null] ]
11-21 11:38:48.158  3869  4946 D WifiNetworkFactory: got request NetworkRequest [ REQUEST id=1750, [ Capabilities: INTERNET&NOT_RESTRICTED&TRUSTED&NOT_VCN_MANAGED&NOT_BANDWIDTH_CONSTRAINED Uid: 10392 RequestorUid: 1000 RequestorPkg: android UnderlyingNetworks: Null] ]
11-21 11:38:48.158  3869  4946 D WifiNetworkFactory: got request NetworkRequest [ REQUEST id=1814, [ Capabilities: INTERNET&NOT_RESTRICTED&TRUSTED&NOT_VCN_MANAGED&NOT_BANDWIDTH_CONSTRAINED Uid: 10567 RequestorUid: 10567 RequestorPkg: com.hyperxray.an UnderlyingNetworks: Null] ]
11-21 11:38:48.158  3869  4946 D WifiNetworkFactory: got request NetworkRequest [ REQUEST id=1819, [ Capabilities: INTERNET&NOT_RESTRICTED&TRUSTED&NOT_VCN_MANAGED&NOT_BANDWIDTH_CONSTRAINED Uid: 10567 RequestorUid: 10567 RequestorPkg: com.hyperxray.an UnderlyingNetworks: Null] ]
11-21 11:38:48.158  3869  4188 D BroadcastQueue: Logging broadcast for com.android.systemui, stopped=false, firstLaunch=false
11-21 11:38:48.158  3869  5956 I ClipboardServiceI: checkProviderWakePathForClipboard: com.google.android.apps.messagingis not a activePermissionOwner
11-21 11:38:48.159  3869  4162 D MiuiRefreshRatePolicy: reset
11-21 11:38:48.159  5387  5387 D PassBlur: textureState not update, view com.miui.home.launcher.BlurView{19b3bb4 V.ED..... ........ 0,0-1200,2670 #7f0a0212 app:id/launcher_blur_view aid=1073741858} visible is true
11-21 11:38:48.159   602   602 I Module  : DeviceLockedStatusModuleProvider$Module.updateDeviceLockedStatus():103 repeatCheckTimes = 1, locked = false
11-21 11:38:48.160  5387  6104 E com.miui.home: backgroundBlur makeBackgroundImage if(!mSnapshot && mSurfaceTex). will return
11-21 11:38:48.160   771  2872 I BugleRcsEngine: Rcs is enabled from user settings: true [CONTEXT log_prefix="ProvisioningEngineDataRetriever" thread_id=407 ]
11-21 11:38:48.161  3869  6150 W PackageConfigPersister: App-specific configuration not found for packageName: com.miui.home and userId: 0
11-21 11:38:48.161  5898  5898 D ControlCenterHeaderExpandController: onExpansionChanged: progress =  0.0
11-21 11:38:48.161  5387  6104 E com.miui.home: backgroundBlur makeBackgroundImage if(!mSnapshot && mSurfaceTex). will return
11-21 11:38:48.161  5898  6130 D MiuiFreeformModeSettingsObserver: handleFreeFormReceiver intent = Intent { act=com.miui.fullscreen_state_change flg=0x10 xflg=0x4 (has extras) }, action = com.miui.fullscreen_state_change
11-21 11:38:48.161  5898  6130 D MiuiFreeformModeSettingsObserver: ACTION_FULLSCREEN_STATE_CHANGE stateName: closeWindow
11-21 11:38:48.161  3869  4193 I ActivityManager: zygote: proc died: pid=32411 uid=10567, status=9
11-21 11:38:48.161  3869  4188 D BroadcastQueue: Logging broadcast for com.android.phone, stopped=false, firstLaunch=false
11-21 11:38:48.161  3869  4188 D BroadcastQueue: Logging broadcast for com.android.phone, stopped=false, firstLaunch=false
11-21 11:38:48.161   602   602 W SapiClientFactory: SapiClientFactory.createProofreader():117 Failed to create SAPI proofreader.
11-21 11:38:48.161   602   602 W SapiClientFactory: java.lang.IllegalArgumentException: Sapi does not support: tr-TR
11-21 11:38:48.161   602   602 W SapiClientFactory: 	at gtx.a(PG:34)
11-21 11:38:48.161   602   602 W SapiClientFactory: 	at gua.g(PG:51)
11-21 11:38:48.161   602   602 W SapiClientFactory: 	at gtu.e(PG:61)
11-21 11:38:48.161   602   602 W SapiClientFactory: 	at gtu.d(PG:36)
11-21 11:38:48.161   602   602 W SapiClientFactory: 	at gtr.c(PG:4)
11-21 11:38:48.161   602   602 W SapiClientFactory: 	at mjs.dA(PG:47)
11-21 11:38:48.161   602   602 W SapiClientFactory: 	at ndz.run(PG:293)
11-21 11:38:48.161   602   602 W SapiClientFactory: 	at android.os.Handler.handleCallback(Handler.java:995)
11-21 11:38:48.161   602   602 W SapiClientFactory: 	at android.os.Handler.dispatchMessage(Handler.java:103)
11-21 11:38:48.161   602   602 W SapiClientFactory: 	at android.os.Looper.loopOnce(Looper.java:265)
11-21 11:38:48.161   602   602 W SapiClientFactory: 	at android.os.Looper.loop(Looper.java:358)
11-21 11:38:48.161   602   602 W SapiClientFactory: 	at android.app.ActivityThread.main(ActivityThread.java:9952)
11-21 11:38:48.161   602   602 W SapiClientFactory: 	at java.lang.reflect.Method.invoke(Native Method)
11-21 11:38:48.161   602   602 W SapiClientFactory: 	at com.android.internal.os.RuntimeInit$MethodAndArgsCaller.run(RuntimeInit.java:616)
11-21 11:38:48.161   602   602 W SapiClientFactory: 	at com.android.internal.os.ZygoteInit.main(ZygoteInit.java:1091)
11-21 11:38:48.161   602   602 W SapiClientFactory: SapiClientFactory.createRewriter():97 Failed to create SAPI rewriter.
11-21 11:38:48.161   602   602 W SapiClientFactory: java.lang.IllegalArgumentException: Sapi does not support: tr-TR
11-21 11:38:48.161   602   602 W SapiClientFactory: 	at gtx.a(PG:34)
11-21 11:38:48.161   602   602 W SapiClientFactory: 	at guf.g(PG:67)
11-21 11:38:48.161   602   602 W SapiClientFactory: 	at gtu.e(PG:127)
11-21 11:38:48.161   602   602 W SapiClientFactory: 	at gtu.d(PG:36)
11-21 11:38:48.161   602   602 W SapiClientFactory: 	at gtr.c(PG:4)
11-21 11:38:48.161   602   602 W SapiClientFactory: 	at mjs.dA(PG:47)
11-21 11:38:48.161   602   602 W SapiClientFactory: 	at ndz.run(PG:293)
11-21 11:38:48.161   602   602 W SapiClientFactory: 	at android.os.Handler.handleCallback(Handler.java:995)
11-21 11:38:48.161   602   602 W SapiClientFactory: 	at android.os.Handler.dispatchMessage(Handler.java:103)
11-21 11:38:48.161   602   602 W SapiClientFactory: 	at android.os.Looper.loopOnce(Looper.java:265)
11-21 11:38:48.161   602   602 W SapiClientFactory: 	at android.os.Looper.loop(Looper.java:358)
11-21 11:38:48.161   602   602 W SapiClientFactory: 	at android.app.ActivityThread.main(ActivityThread.java:9952)
11-21 11:38:48.161   602   602 W SapiClientFactory: 	at java.lang.reflect.Method.invoke(Native Method)
11-21 11:38:48.161   602   602 W SapiClientFactory: 	at com.android.internal.os.RuntimeInit$MethodAndArgsCaller.run(RuntimeInit.java:616)
11-21 11:38:48.161   602   602 W SapiClientFactory: 	at com.android.internal.os.ZygoteInit.main(ZygoteInit.java:1091)
11-21 11:38:48.162  3869  4188 D BroadcastQueue: Logging broadcast for com.android.phone, stopped=false, firstLaunch=false
11-21 11:38:48.162  3869  4188 D BroadcastQueue: Logging broadcast for com.android.phone, stopped=false, firstLaunch=false
11-21 11:38:48.162  3869  4188 D BroadcastQueue: Logging broadcast for com.android.phone, stopped=false, firstLaunch=false
11-21 11:38:48.163  3869  4717 W XSpaceManagerServiceImpl: checkXSpaceControl, from:com.android.shell, to:com.hyperxray.an, with act:null, callingUserId:0, toUserId:0
11-21 11:38:48.163  3869  4188 D BroadcastQueue: Logging broadcast for com.android.phone, stopped=false, firstLaunch=false
11-21 11:38:48.164  3869  4717 W ActivityTaskManager: callingPackage for (uid=2000, pid=5631) has no WPC
11-21 11:38:48.165  3869  4188 D BroadcastQueue: Logging broadcast for com.android.phone, stopped=false, firstLaunch=false
11-21 11:38:48.165  5764  6880 D TopOnAdsLog: onCapabilitiesChanged 0
11-21 11:38:48.165  3869  4717 V GrammaticalInflectionUtils: AttributionSource: android.content.AttributionSource@f2f397be does not have READ_SYSTEM_GRAMMATICAL_GENDER permission.
11-21 11:38:48.165  3869  4717 W OptProp : Cannot read opt property android.window.PROPERTY_COMPAT_ALLOW_RESIZEABLE_ACTIVITY_OVERRIDES
11-21 11:38:48.165  3869  4717 W OptProp : Cannot read opt property android.window.PROPERTY_COMPAT_ALLOW_MIN_ASPECT_RATIO_OVERRIDE
11-21 11:38:48.165  7639  8259 I Finsky:background: [678] DS: Network is available [NetworkState{connected=true, wifi=false, metered=true, roaming=false}].
11-21 11:38:48.165  7639  8259 I Finsky:background: [678] DS: Updating downloads for network change
11-21 11:38:48.166  3869  4717 I ActivityStarterImpl: isKeyguardEditor: false, newTransition: TransitionRecord{f20088f id=155 type=OPEN flags=0x0}
11-21 11:38:48.166  3869  4717 D WindowManager: Collecting in transition 155: ActivityRecord{14247708 u0 com.hyperxray.an/.activity.MainActivity init visibleRequested:false
11-21 11:38:48.166  3869  4717 I ActivityStarterImpl: boost cold start activity for com.hyperxray.an
11-21 11:38:48.166  2041  2714 D RenderEngine: makePassBlurBetterDownShader layername:Wallpaper BBQ wrapper#98
11-21 11:38:48.166  3869  4717 D MiuiFreeformServiceImpl: addLaunchFreeformActivityOptionIfNeed skip due to not find sourceTask: null sourceFfas: null sourceFreeFormActivity: null
11-21 11:38:48.166  5764  6880 D TopOnAdsLog: ----initCustomData---- hasHuawei=1, hasMtg=1 : {isRadical=0, hasShareitSplash=1, hasMtg=1, hasShareit=1, hasHuawei13468=1, hasHuawei=1, hasMTGBidding=1, hasBannerIAD=1, isPlugin=1, hasBigo=1, hasVungleNative=1, hasUnity=1, use_vpn=0, hasMax=1, hasPangleNew=1, hasOnline=1, hasInmobi=1, model=24129PN74G, hasVungle=1, hasPubnative=1, hasTopOn=1, hasShareitBanner=1, hasYandex=1}
11-21 11:38:48.166  1863  3268 I MiClstc : StageLayers No adding layer_name[FramebufferSurface], layer_id 1
11-21 11:38:48.166  1863  3268 I MiClstc : DropLayers erase layer 2568
11-21 11:38:48.166  1863  3268 I MiClstc : DropLayers erase layer 2569
11-21 11:38:48.166  1863  3268 I MiClstc : DropLayers erase layer 2570
11-21 11:38:48.166  3869  4717 D PerfMTKStubImpl: initBoostParamByDevice
11-21 11:38:48.167  3869  4188 D BroadcastQueue: Logging broadcast for com.android.phone, stopped=false, firstLaunch=false
11-21 11:38:48.167  3869  4188 D BroadcastQueue: Logging broadcast for com.android.phone, stopped=false, firstLaunch=false
11-21 11:38:48.167  1863  3268 I MiClstc : RetrieveConfig Unknown layer 1, skip
11-21 11:38:48.167  2041  3322 E surfaceflinger: Cannot find perfservice
11-21 11:38:48.167  3869  4188 D BroadcastQueue: Logging broadcast for com.android.phone, stopped=false, firstLaunch=false
11-21 11:38:48.167  3869  4188 D BroadcastQueue: Logging broadcast for com.android.phone, stopped=false, firstLaunch=false
11-21 11:38:48.167  1863  2473 I SDM     : HWDeviceDRM::SetupConcurrentWriteback: Tear down the Concurrent Writeback topology
11-21 11:38:48.167  3869  4188 D BroadcastQueue: Logging broadcast for com.android.phone, stopped=false, firstLaunch=false
11-21 11:38:48.167  3869  4188 D BroadcastQueue: Logging broadcast for com.android.phone, stopped=false, firstLaunch=false
11-21 11:38:48.168  3869  4188 D BroadcastQueue: Logging broadcast for com.android.phone, stopped=false, firstLaunch=false
11-21 11:38:48.168  3869  4717 D WindowManager: Collecting in transition 155: Task{cc638fa #859 type=standard I=com.hyperxray.an/.activity.MainActivity} init visibleRequested:false
11-21 11:38:48.168  5387  5387 D PassBlur: textureState not update, view com.miui.home.launcher.BlurView{19b3bb4 V.ED..... ........ 0,0-1200,2670 #7f0a0212 app:id/launcher_blur_view aid=1073741858} visible is true
11-21 11:38:48.168  5898  6130 D OneHandedController: stopOneHanded state is 0
11-21 11:38:48.168  3869  4188 D BroadcastQueue: Logging broadcast for com.android.phone, stopped=false, firstLaunch=false
11-21 11:38:48.169  5387  6104 D com.miui.home: backgroundBlur makeBackgroundImage (ShortcutMenuLayer-6-0xb4000075761c78d0), blurRadius(153), blurType(-1), blurScaleRatio(0.000000)
11-21 11:38:48.170 24691 25031 I Cello   : [25031:NonCelloThread] cello.cc:958:operator() got notified of network change to offline
11-21 11:38:48.170  5387  6104 D com.miui.home: backgroundBlur makeBackgroundImage (BlurView-6-0xb400007576233c80), blurRadius(117), blurType(-1), blurScaleRatio(0.000000)
11-21 11:38:48.170 10371 10926 E msgr.msys: E[N mns]_OnDiskCacheGetData(632)=>Start post callback cache refresh DNS resolution
11-21 11:38:48.170 10371 10926 W LibevQuicAsyncUDPSocket.h: setTosOrTrafficClass not implemented in LibevQuicAsyncUDPSocket
11-21 11:38:48.170  5840  5840 D NetworkRecoveryOptimize[0]: CONNECTIVITY_ACTION, networkType = 17, state = DISCONNECTED
11-21 11:38:48.170  5840  5840 D NetworkRecoveryOptimize[1]: CONNECTIVITY_ACTION, networkType = 17, state = DISCONNECTED
11-21 11:38:48.170  5840  6656 W TelephonyPermissions: reportAccessDeniedToReadIdentifiers:com.staircase3.opensignal:getActiveSubscriptionInfoList:1
11-21 11:38:48.171  3869  4188 D BroadcastQueue: Logging broadcast for com.android.phone, stopped=false, firstLaunch=false
11-21 11:38:48.171  3869  4188 D BroadcastQueue: Logging broadcast for com.android.phone, stopped=false, firstLaunch=false
11-21 11:38:48.172  1863  5144 I SDM     : NotifyCWBStatus: Notify the client about buffer (0x18c3a920) status 0 for display-0.
11-21 11:38:48.172  5840  5840 D NetworkModeRecognition: receive actionandroid.net.conn.CONNECTIVITY_CHANGE
11-21 11:38:48.172  5840  5840 D FiveGPowerController: networkType=17,mPowerOptimizationEnabled=false
11-21 11:38:48.172  5840  5840 D NetworkSpeedTracker: receive actionandroid.net.conn.CONNECTIVITY_CHANGE
11-21 11:38:48.172  5840  5840 D NetworkMetricsController: receive actionandroid.net.conn.CONNECTIVITY_CHANGE
11-21 11:38:48.172  1863  5144 I SDM     : SDMConcurrentWriteBack::ProcessCWBStatus: CWB queue is empty. Display: 0
