11-21 11:38:48.498  3869  7196 D ActivityTaskManager:  setSkipCaptureLayers tr: Task{cc638fa #859 type=standard I=com.hyperxray.an/.activity.MainActivity}
11-21 11:38:48.499 27691  6045 I Manager : DeviceManager::DeviceManager
11-21 11:38:48.499 27691  6045 W ServerFlag: Failed to parse result of GetServerConfigurableFlag, errno=34
11-21 11:38:48.499 27691  6045 I Manager : findAvailableDevices
11-21 11:38:48.499  5898  6130 D MultiTaskingTransitionsHelper: skip updateBaseAnimParam taskId: 859 pendingTransitions: [] readyDuringSync: [] tracks: [Track #0 activeTransition: {id=155 t=OPEN f=0x0 trk=0 r=[0@Point(0, 0)] c=[{m=OPEN f=NONE leash=Surface(name=Task=859#7673)/@0x41ca0db sb=Rect(0, 0 - 1200, 2670) eb=Rect(0, 0 - 1200, 2670) epz=Point(1200, 2670) d=0 taskParent=-1 v=trueMiuiChangeImpl {miuiEmbedding:false, scale:1.0}},{m=TO_BACK f=SHOW_WALLPAPER leash=Surface(name=Task=1#51)/@0xcf3ce51 sb=Rect(0, 0 - 1200, 2670) eb=Rect(0, 0 - 1200, 2670) epz=Point(1200, 2670) d=0 taskParent=-1 v=falseMiuiChangeImpl {miuiEmbedding:false, scale:1.0}},{m=TO_BACK f=IS_WALLPAPER leash=Surface(name=WallpaperWindowToken{13580f4 showWhenLocked=false}#94)/@0x51b6b6 sb=Rect(0, 0 - 1200, 2670) eb=Rect(0, 0 - 1200, 2670) epz=Point(1200, 2670) d=0 v=falseMiuiChangeImpl {miuiEmbedding:false, scale:1.0}}] mk=[false] noAni=[false] df=[false] rsa=[false] oa=[false] nc=[0] ho=[false] iSync=[-1]}android.os.BinderProxy@cf846c7 readyTransitions: []]
11-21 11:38:48.499  5898  6130 I MiuiBubbleController: removeBubble: 859 reason=2
11-21 11:38:48.499  5898  6130 I MultiTaskingTaskRepository: onTaskInfoChanged::mMultiWindowTaskIdsInZOrder = [5, 4], mFullscreenTaskIdsInZOrder = [859, 848]
11-21 11:38:48.499  5387  5387 D RecentsImpl: activityResumed in another display, appDisplayId = 0, homeDisplayId = 0
11-21 11:38:48.499  5387  5387 D RecentsImpl: mActivityStateObserver com.hyperxray.an.activity.MainActivity
11-21 11:38:48.499  5387  5387 W RecentsImpl: updateStubViewVisibility, className=com.hyperxray.an.activity.MainActivity
11-21 11:38:48.500  5387  5387 D RecentsImpl: showBackStubWindow, fromLaunch=false, changeAppResume=true
11-21 11:38:48.500  5387  5387 D GestureStubView_Left: setAppResume, mAppResumed=true
11-21 11:38:48.500  5387  5387 D GestureStubView_Right: setAppResume, mAppResumed=true
11-21 11:38:48.500  5387  5387 D RecentsImpl: showNavStubView
11-21 11:38:48.500  5387  5387 D NavStubView_Touch: setKeepHidden    old=false   new=false
11-21 11:38:48.500  5387  6091 W RecentsImpl: disableTouchBySwipeStatusBar    disable=false
11-21 11:38:48.500  5387  6091 D GestureStubView_Left: disableTouchBySwipeStatusBar    old=false   new=false
11-21 11:38:48.500  5387  6091 D GestureStubView_Right: disableTouchBySwipeStatusBar    old=false   new=false
11-21 11:38:48.500  5387  6091 W RecentsImpl: disableBackStubWindow    disableTouch=false
11-21 11:38:48.500  5387  6091 D GestureStubView_Left: disableTouch    old=true   new=false
11-21 11:38:48.500  5387  6091 D GestureStubView_Left: updateTouchable    old=true   new=true
11-21 11:38:48.500  5387  6091 D GestureStubView_Right: disableTouch    old=true   new=false
11-21 11:38:48.500  5387  6091 D GestureStubView_Right: updateTouchable    old=true   new=true
11-21 11:38:48.500  5387  6091 D RecentsImpl: showBackStubWindow, show gesture stub view
11-21 11:38:48.500  5387  6091 D GestureStubView_Left: setKeepHidden    old=true   new=false
11-21 11:38:48.500  5387  6091 D GestureStubView_Left: updateTouchable    old=true   new=false
11-21 11:38:48.500  5387  6091 D GestureStubView_Left:   updateTouchable---requestApplyInsets
11-21 11:38:48.501  5387  6091 W GestureStubView_Left: adaptRotation   currentRotation=0   mRotation=0
11-21 11:38:48.501  5387  6091 D GestureStubView_Left: resetRenderProperty: showGestureStub   isLayoutParamChanged=false
11-21 11:38:48.501  5387  6091 D GestureStubView_Left: disableTouch    old=false   new=false
11-21 11:38:48.501 27691 27691 I MiSpeedRecord: Connecting to PerfShielder service.
11-21 11:38:48.501  5387  6091 D GestureStubView_Left: showGestureStub
11-21 11:38:48.501 27691  6036 W libc    : Access denied finding property "ro.hardware.chipname"
11-21 11:38:48.501  5387  6091 D GestureStubView_Right: setKeepHidden    old=true   new=false
11-21 11:38:48.501  5387  6091 D GestureStubView_Right: updateTouchable    old=true   new=false
11-21 11:38:48.501  5387  6091 D GestureStubView_Right:   updateTouchable---requestApplyInsets
11-21 11:38:48.501  5387  6091 W GestureStubView_Right: adaptRotation   currentRotation=0   mRotation=0
11-21 11:38:48.501  5387  6091 D GestureStubView_Right: resetRenderProperty: showGestureStub   isLayoutParamChanged=false
11-21 11:38:48.501  5387  6091 D GestureStubView_Right: disableTouch    old=false   new=false
11-21 11:38:48.501  5387  6091 D GestureStubView_Right: showGestureStub
11-21 11:38:48.501 27691 27691 I ComputilityLevelUtils: ComputilityLevelUtils mComputilityLevel address: com.miui.performance.ComputilityLevelUtils$ComputilityLevel@5ddf4ff
11-21 11:38:48.501 27691 27691 I ComputilityLevel: getComputilityLevel(): 6
11-21 11:38:48.501 27691 27691 D View    : setBackgroundBlur blurRadius=0
11-21 11:38:48.501 27691 27691 D View    : setBackgroundBlur blurRadius=0
11-21 11:38:48.501 27691 27691 D View    : setBackgroundBlur blurRadius=0
11-21 11:38:48.501 27691 27691 D View    : setBackgroundBlur blurRadius=0
11-21 11:38:48.504  6133  6133 W libc    : Access denied finding property "persist.vendor.fd.monitor.enable"
11-21 11:38:48.508 27691  6036 I OrtHolder: TLS SNI optimizer v9 model loaded successfully
11-21 11:38:48.508 27691  6036 D OrtHolder: Model inputs: tls_features
11-21 11:38:48.508 27691  6036 D OrtHolder: Model outputs: service_type, routing_decision
11-21 11:38:48.508  5387  6091 D GestureStubView_Left: gatherTransparentRegion: need render w:62  h:2670
11-21 11:38:48.508  5387  6091 D GestureStubView_Left: updateTouchRegion: bounds= Rect(0, 240 - 62, 2594)
11-21 11:38:48.509  5387  6091 D GestureStubView_Right: gatherTransparentRegion: need render w:62  h:2670
11-21 11:38:48.509  5387  6091 D GestureStubView_Right: updateTouchRegion: bounds= Rect(0, 240 - 62, 2594)
11-21 11:38:48.509  3869  4081 D MiuiRefreshRatePolicy: reset
11-21 11:38:48.509 27691  6036 I AppInitializer: Auto-Learning TLS SNI Optimizer v10 scheduling initiated (worker handles retries internally)
11-21 11:38:48.510  3869  4081 D MiuiRefreshRatePolicy: reset
11-21 11:38:48.514 27691  6076 I libc    : kill: send 15 to pid 6133
11-21 11:38:48.514 27691  6076 W libc    : Access denied finding property "ro.debuggable"
11-21 11:38:48.514 27691  6076 I libc    : debug pid reuse, real pid 6133
11-21 11:38:48.519 27691  6045 W HidlServiceManagement: hwservicemanager is not supported on the device.
11-21 11:38:48.519 27691  6045 I HidlServiceManagement: Cannot list manifest for android.hardware.neuralnetworks@1.3::IDevice without hwservicemanager
11-21 11:38:48.519 27691  6045 I HidlServiceManagement: Cannot list manifest for android.hardware.neuralnetworks@1.2::IDevice without hwservicemanager
11-21 11:38:48.519 27691  6045 I HidlServiceManagement: Cannot list manifest for android.hardware.neuralnetworks@1.1::IDevice without hwservicemanager
11-21 11:38:48.519 27691  6045 I HidlServiceManagement: Cannot list manifest for android.hardware.neuralnetworks@1.0::IDevice without hwservicemanager
11-21 11:38:48.520 27691  6045 D DeepPolicyModel: ONNX session created successfully
11-21 11:38:48.521 27691  6045 D DeepPolicyModel: ONNX session created successfully
11-21 11:38:48.521 27691  6045 I DeepPolicyModel: ONNX model loaded and verified successfully
11-21 11:38:48.521 27691  6045 I DeepPolicyModel: ONNX model loaded and verified successfully
11-21 11:38:48.521 27691  6045 I DeepPolicyModel: Model: hyperxray_policy v1.0.0
11-21 11:38:48.521 27691  6045 I DeepPolicyModel: Model: hyperxray_policy v1.0.0
11-21 11:38:48.521 27691  6045 D DeepPolicyModel: Input name: input, Output name: output
11-21 11:38:48.521 27691  6045 D DeepPolicyModel: Model input count: 1
11-21 11:38:48.521 27691  6045 D DeepPolicyModel: Model output count: 1
11-21 11:38:48.521 27691  6045 I AppInitializer: Model successfully loaded and verified - normal mode active
11-21 11:38:48.521 27691  6045 I AppInitializer: Model successfully loaded and verified - normal mode active
11-21 11:38:48.521 27691  6045 D AppInitializer: [Step 5/5] Updating build tracker...
11-21 11:38:48.521 27691  6045 D AppInitializer: [Step 5/5] Updating build tracker...
11-21 11:38:48.521 27691  6045 I BuildTracker: ========================================
11-21 11:38:48.521 27691  6045 I BuildTracker: === Build Tracker Update ===
11-21 11:38:48.521 27691  6045 I BuildTracker: ========================================
11-21 11:38:48.521 27691  6045 I BuildTracker: Stage: 13/100
11-21 11:38:48.521 27691  6045 I BuildTracker: Status: gpu-npu-hybrid-active
11-21 11:38:48.521 27691  6045 I BuildTracker: Summary: Hybrid GPU/NPU Ultra Performance profile enabled
11-21 11:38:48.521 27691  6045 I BuildTracker: Next Stage: runtime-benchmark
11-21 11:38:48.521 27691  6045 I BuildTracker: 
11-21 11:38:48.521 27691  6045 I BuildTracker: TODOs:
11-21 11:38:48.521 27691  6045 I BuildTracker:   [ ] 1. Run 30 min throughput + thermal stress test
11-21 11:38:48.521 27691  6045 I BuildTracker:   [ ] 2. Validate NNAPI ops coverage for current model
11-21 11:38:48.521 27691  6045 I BuildTracker:   [ ] 3. Record EP selection in telemetry
11-21 11:38:48.521 27691  6045 I BuildTracker: ========================================
11-21 11:38:48.521 27691  6045 I BuildTracker: Build Tracker: Stage 13 - gpu-npu-hybrid-active
11-21 11:38:48.521 27691  6045 I BuildTracker: Summary: Hybrid GPU/NPU Ultra Performance profile enabled
11-21 11:38:48.521 27691  6045 I BuildTracker: Next: runtime-benchmark
11-21 11:38:48.521 27691  6045 D AppInitializer: [Step 6/6] Initializing OptimizerOrchestrator...
11-21 11:38:48.521 27691  6045 D AppInitializer: [Step 6/6] Initializing OptimizerOrchestrator...
11-21 11:38:48.522 27691  6045 I AppInitializer: OptimizerOrchestrator initialized successfully
11-21 11:38:48.523 27691  6045 I AppInitializer: OptimizerOrchestrator initialized successfully
11-21 11:38:48.523 27691  6045 I AppInitializer: ========================================
11-21 11:38:48.523 27691  6045 I AppInitializer: Ô£à HyperXray AI Optimizer ready
11-21 11:38:48.523 27691  6045 I AppInitializer: ========================================
11-21 11:38:48.523 27691  6045 I AppInitializer: Ô£à HyperXray AI Optimizer ready
11-21 11:38:48.523 27691  6045 I ModelDeploymentSummary: 
11-21 11:38:48.523 27691  6045 I ModelDeploymentSummary: ÔòÉÔòÉÔòÉÔòÉÔòÉÔòÉÔòÉÔòÉÔòÉÔòÉÔòÉÔòÉÔòÉÔòÉÔòÉÔòÉÔòÉÔòÉÔòÉÔòÉÔòÉÔòÉÔòÉÔòÉÔòÉÔòÉÔòÉÔòÉÔòÉÔòÉÔòÉÔòÉÔòÉÔòÉÔòÉÔòÉÔòÉÔòÉÔòÉÔòÉÔòÉÔòÉÔòÉÔòÉÔòÉÔòÉÔòÉÔòÉÔòÉÔòÉÔòÉÔòÉÔòÉÔòÉÔòÉÔòÉÔòÉÔòÉÔòÉ
11-21 11:38:48.523 27691  6045 I ModelDeploymentSummary:   HYPERXRAY-AI OPTIMIZER - ARCHITECTURE SUMMARY
11-21 11:38:48.523 27691  6045 I ModelDeploymentSummary: ÔòÉÔòÉÔòÉÔòÉÔòÉÔòÉÔòÉÔòÉÔòÉÔòÉÔòÉÔòÉÔòÉÔòÉÔòÉÔòÉÔòÉÔòÉÔòÉÔòÉÔòÉÔòÉÔòÉÔòÉÔòÉÔòÉÔòÉÔòÉÔòÉÔòÉÔòÉÔòÉÔòÉÔòÉÔòÉÔòÉÔòÉÔòÉÔòÉÔòÉÔòÉÔòÉÔòÉÔòÉÔòÉÔòÉÔòÉÔòÉÔòÉÔòÉÔòÉÔòÉÔòÉÔòÉÔòÉÔòÉÔòÉÔòÉÔòÉ
11-21 11:38:48.523 27691  6045 I ModelDeploymentSummary: 
11-21 11:38:48.523 27691  6045 I ModelDeploymentSummary: ­şôĞ CORE COMPONENTS:
11-21 11:38:48.523 27691  6045 I ModelDeploymentSummary:   ÔöîÔöÇÔöÇÔöÇÔöÇÔöÇÔöÇÔöÇÔöÇÔöÇÔöÇÔöÇÔöÇÔöÇÔöÇÔöÇÔöÇÔöÇÔöÇÔöÇÔöÇÔöÇÔöÇÔöÇÔöÇÔöÇÔöÇÔöÇÔöÇÔöÇÔöÇÔöÇÔöÇÔöÇÔöÇÔöÇÔöÇÔöÇÔöÇÔöÇÔöÇÔöÇÔöÇÔöÇÔöÇÔöÇÔöÇÔöÇÔöÇÔöÇÔöÇÔöÇÔöÇÔöÇÔöÉ
11-21 11:38:48.523 27691  6045 I ModelDeploymentSummary:   Ôöé 1. DeepPolicyModel                                 Ôöé
11-21 11:38:48.523 27691  6045 I ModelDeploymentSummary:   Ôöé    Role: ONNX model inference for server selection Ôöé
11-21 11:38:48.523 27691  6045 I ModelDeploymentSummary:   Ôöé    Location: com.hyperxray.an.telemetry            Ôöé
11-21 11:38:48.523 27691  6045 I ModelDeploymentSummary:   Ôöé    Features:                                        Ôöé
11-21 11:38:48.523 27691  6045 I ModelDeploymentSummary:   Ôöé      - ONNX Runtime integration                    Ôöé
11-21 11:38:48.523 27691  6045 I ModelDeploymentSummary:   Ôöé      - Model signature verification                Ôöé
11-21 11:38:48.523 27691  6045 I ModelDeploymentSummary:   Ôöé      - Fallback handler integration                Ôöé
11-21 11:38:48.523 27691  6045 I ModelDeploymentSummary:   Ôöé      - Manifest-based metadata                     Ôöé
11-21 11:38:48.523 27691  6045 I ModelDeploymentSummary:   ÔööÔöÇÔöÇÔöÇÔöÇÔöÇÔöÇÔöÇÔöÇÔöÇÔöÇÔöÇÔöÇÔöÇÔöÇÔöÇÔöÇÔöÇÔöÇÔöÇÔöÇÔöÇÔöÇÔöÇÔöÇÔöÇÔöÇÔöÇÔöÇÔöÇÔöÇÔöÇÔöÇÔöÇÔöÇÔöÇÔöÇÔöÇÔöÇÔöÇÔöÇÔöÇÔöÇÔöÇÔöÇÔöÇÔöÇÔöÇÔöÇÔöÇÔöÇÔöÇÔöÇÔöÇÔöİ
11-21 11:38:48.523 27691  6045 I ModelDeploymentSummary: 
11-21 11:38:48.523 27691  6045 I ModelDeploymentSummary:   ÔöîÔöÇÔöÇÔöÇÔöÇÔöÇÔöÇÔöÇÔöÇÔöÇÔöÇÔöÇÔöÇÔöÇÔöÇÔöÇÔöÇÔöÇÔöÇÔöÇÔöÇÔöÇÔöÇÔöÇÔöÇÔöÇÔöÇÔöÇÔöÇÔöÇÔöÇÔöÇÔöÇÔöÇÔöÇÔöÇÔöÇÔöÇÔöÇÔöÇÔöÇÔöÇÔöÇÔöÇÔöÇÔöÇÔöÇÔöÇÔöÇÔöÇÔöÇÔöÇÔöÇÔöÇÔöÉ
11-21 11:38:48.523 27691  6045 I ModelDeploymentSummary:   Ôöé 2. ModelSignatureVerifier                          Ôöé
11-21 11:38:48.523 27691  6045 I ModelDeploymentSummary:   Ôöé    Role: Model integrity and authenticity checks   Ôöé
11-21 11:38:48.523 27691  6045 I ModelDeploymentSummary:   Ôöé    Location: com.hyperxray.an.telemetry            Ôöé
11-21 11:38:48.523 27691  6045 I ModelDeploymentSummary:   Ôöé    Features:                                        Ôöé
11-21 11:38:48.523 27691  6045 I ModelDeploymentSummary:   Ôöé      - SHA256 hash verification                    Ôöé
11-21 11:38:48.523 27691  6045 I ModelDeploymentSummary:   Ôöé      - Ed25519 signature support (placeholder)     Ôöé
11-21 11:38:48.523 27691  6045 I ModelDeploymentSummary:   Ôöé      - Manifest.json parsing                       Ôöé
11-21 11:38:48.523 27691  6045 I ModelDeploymentSummary:   Ôöé      - Model metadata extraction                   Ôöé
11-21 11:38:48.523 27691  6045 I ModelDeploymentSummary:   ÔööÔöÇÔöÇÔöÇÔöÇÔöÇÔöÇÔöÇÔöÇÔöÇÔöÇÔöÇÔöÇÔöÇÔöÇÔöÇÔöÇÔöÇÔöÇÔöÇÔöÇÔöÇÔöÇÔöÇÔöÇÔöÇÔöÇÔöÇÔöÇÔöÇÔöÇÔöÇÔöÇÔöÇÔöÇÔöÇÔöÇÔöÇÔöÇÔöÇÔöÇÔöÇÔöÇÔöÇÔöÇÔöÇÔöÇÔöÇÔöÇÔöÇÔöÇÔöÇÔöÇÔöÇÔöİ
11-21 11:38:48.523 27691  6045 I ModelDeploymentSummary: 
11-21 11:38:48.523 27691  6045 I ModelDeploymentSummary:   ÔöîÔöÇÔöÇÔöÇÔöÇÔöÇÔöÇÔöÇÔöÇÔöÇÔöÇÔöÇÔöÇÔöÇÔöÇÔöÇÔöÇÔöÇÔöÇÔöÇÔöÇÔöÇÔöÇÔöÇÔöÇÔöÇÔöÇÔöÇÔöÇÔöÇÔöÇÔöÇÔöÇÔöÇÔöÇÔöÇÔöÇÔöÇÔöÇÔöÇÔöÇÔöÇÔöÇÔöÇÔöÇÔöÇÔöÇÔöÇÔöÇÔöÇÔöÇÔöÇÔöÇÔöÇÔöÉ
11-21 11:38:48.523 27691  6045 I ModelDeploymentSummary:   Ôöé 3. ModelFallbackHandler                            Ôöé
11-21 11:38:48.523 27691  6045 I ModelDeploymentSummary:   Ôöé    Role: Baseline policy when model unavailable    Ôöé
11-21 11:38:48.523 27691  6045 I ModelDeploymentSummary:   Ôöé    Location: com.hyperxray.an.telemetry            Ôöé
11-21 11:38:48.523 27691  6045 I ModelDeploymentSummary:   Ôöé    Features:                                        Ôöé
11-21 11:38:48.523 27691  6045 I ModelDeploymentSummary:   Ôöé      - Multiple fallback policies                  Ôöé
11-21 11:38:48.523 27691  6045 I ModelDeploymentSummary:   Ôöé      - Bandit-only mode                            Ôöé
11-21 11:38:48.523 27691  6045 I ModelDeploymentSummary:   Ôöé      - Conservative selection                      Ôöé
11-21 11:38:48.523 27691  6045 I ModelDeploymentSummary:   Ôöé      - Round-robin and random policies             Ôöé
11-21 11:38:48.523 27691  6045 I ModelDeploymentSummary:   Ôöé      - Baseline config loading                     Ôöé
11-21 11:38:48.523 27691  6045 I ModelDeploymentSummary:   ÔööÔöÇÔöÇÔöÇÔöÇÔöÇÔöÇÔöÇÔöÇÔöÇÔöÇÔöÇÔöÇÔöÇÔöÇÔöÇÔöÇÔöÇÔöÇÔöÇÔöÇÔöÇÔöÇÔöÇÔöÇÔöÇÔöÇÔöÇÔöÇÔöÇÔöÇÔöÇÔöÇÔöÇÔöÇÔöÇÔöÇÔöÇÔöÇÔöÇÔöÇÔöÇÔöÇÔöÇÔöÇÔöÇÔöÇÔöÇÔöÇÔöÇÔöÇÔöÇÔöÇÔöÇÔöİ
11-21 11:38:48.523 27691  6045 I ModelDeploymentSummary: 
11-21 11:38:48.523 27691  6045 I ModelDeploymentSummary:   ÔöîÔöÇÔöÇÔöÇÔöÇÔöÇÔöÇÔöÇÔöÇÔöÇÔöÇÔöÇÔöÇÔöÇÔöÇÔöÇÔöÇÔöÇÔöÇÔöÇÔöÇÔöÇÔöÇÔöÇÔöÇÔöÇÔöÇÔöÇÔöÇÔöÇÔöÇÔöÇÔöÇÔöÇÔöÇÔöÇÔöÇÔöÇÔöÇÔöÇÔöÇÔöÇÔöÇÔöÇÔöÇÔöÇÔöÇÔöÇÔöÇÔöÇÔöÇÔöÇÔöÇÔöÇÔöÉ
11-21 11:38:48.523 27691  6045 I ModelDeploymentSummary:   Ôöé 4. OptimizerOrchestrator                           Ôöé
11-21 11:38:48.523 27691  6045 I ModelDeploymentSummary:   Ôöé    Role: Orchestrates optimization cycles          Ôöé
11-21 11:38:48.523 27691  6045 I ModelDeploymentSummary:   Ôöé    Location: com.hyperxray.an.telemetry            Ôöé
11-21 11:38:48.523 27691  6045 I ModelDeploymentSummary:   Ôöé    Features:                                        Ôöé
11-21 11:38:48.523 27691  6045 I ModelDeploymentSummary:   Ôöé      - Bandit + Deep Model fusion                  Ôöé
11-21 11:38:48.523 27691  6045 I ModelDeploymentSummary:   Ôöé      - Policy fusion                               Ôöé
11-21 11:38:48.523 27691  6045 I ModelDeploymentSummary:   Ôöé      - Safeguard integration                       Ôöé
11-21 11:38:48.523 27691  6045 I ModelDeploymentSummary:   Ôöé      - Reward tracking                             Ôöé
11-21 11:38:48.523 27691  6045 I ModelDeploymentSummary:   Ôöé      - State rollback on failure                   Ôöé
11-21 11:38:48.523 27691  6045 I ModelDeploymentSummary:   ÔööÔöÇÔöÇÔöÇÔöÇÔöÇÔöÇÔöÇÔöÇÔöÇÔöÇÔöÇÔöÇÔöÇÔöÇÔöÇÔöÇÔöÇÔöÇÔöÇÔöÇÔöÇÔöÇÔöÇÔöÇÔöÇÔöÇÔöÇÔöÇÔöÇÔöÇÔöÇÔöÇÔöÇÔöÇÔöÇÔöÇÔöÇÔöÇÔöÇÔöÇÔöÇÔöÇÔöÇÔöÇÔöÇÔöÇÔöÇÔöÇÔöÇÔöÇÔöÇÔöÇÔöÇÔöİ
11-21 11:38:48.523 27691  6045 I ModelDeploymentSummary: 
11-21 11:38:48.523 27691  6045 I ModelDeploymentSummary:   ÔöîÔöÇÔöÇÔöÇÔöÇÔöÇÔöÇÔöÇÔöÇÔöÇÔöÇÔöÇÔöÇÔöÇÔöÇÔöÇÔöÇÔöÇÔöÇÔöÇÔöÇÔöÇÔöÇÔöÇÔöÇÔöÇÔöÇÔöÇÔöÇÔöÇÔöÇÔöÇÔöÇÔöÇÔöÇÔöÇÔöÇÔöÇÔöÇÔöÇÔöÇÔöÇÔöÇÔöÇÔöÇÔöÇÔöÇÔöÇÔöÇÔöÇÔöÇÔöÇÔöÇÔöÇÔöÉ
11-21 11:38:48.523 27691  6045 I ModelDeploymentSummary:   Ôöé 5. HyperXrayApplication                            Ôöé
11-21 11:38:48.523 27691  6045 I ModelDeploymentSummary:   Ôöé    Role: Boot-time initialization                  Ôöé
11-21 11:38:48.523 27691  6045 I ModelDeploymentSummary:   Ôöé    Location: com.hyperxray.an                      Ôöé
11-21 11:38:48.523 27691  6045 I ModelDeploymentSummary:   Ôöé    Features:                                        Ôöé
11-21 11:38:48.523 27691  6045 I ModelDeploymentSummary:   Ôöé      - Silent boot initialization                  Ôöé
11-21 11:38:48.523 27691  6045 I ModelDeploymentSummary:   Ôöé      - Model verification on startup               Ôöé
11-21 11:38:48.523 27691  6045 I ModelDeploymentSummary:   Ôöé      - Fallback handler setup                      Ôöé
11-21 11:38:48.523 27691  6045 I ModelDeploymentSummary:   Ôöé      - Optimizer readiness check                   Ôöé
11-21 11:38:48.523 27691  6045 I ModelDeploymentSummary:   ÔööÔöÇÔöÇÔöÇÔöÇÔöÇÔöÇÔöÇÔöÇÔöÇÔöÇÔöÇÔöÇÔöÇÔöÇÔöÇÔöÇÔöÇÔöÇÔöÇÔöÇÔöÇÔöÇÔöÇÔöÇÔöÇÔöÇÔöÇÔöÇÔöÇÔöÇÔöÇÔöÇÔöÇÔöÇÔöÇÔöÇÔöÇÔöÇÔöÇÔöÇÔöÇÔöÇÔöÇÔöÇÔöÇÔöÇÔöÇÔöÇÔöÇÔöÇÔöÇÔöÇÔöÇÔöİ
11-21 11:38:48.523 27691  6045 I ModelDeploymentSummary: 
11-21 11:38:48.523 27691  6045 I ModelDeploymentSummary: ­şöÉ MODEL MANAGEMENT:
11-21 11:38:48.523 27691  6045 I ModelDeploymentSummary:   ÔöîÔöÇÔöÇÔöÇÔöÇÔöÇÔöÇÔöÇÔöÇÔöÇÔöÇÔöÇÔöÇÔöÇÔöÇÔöÇÔöÇÔöÇÔöÇÔöÇÔöÇÔöÇÔöÇÔöÇÔöÇÔöÇÔöÇÔöÇÔöÇÔöÇÔöÇÔöÇÔöÇÔöÇÔöÇÔöÇÔöÇÔöÇÔöÇÔöÇÔöÇÔöÇÔöÇÔöÇÔöÇÔöÇÔöÇÔöÇÔöÇÔöÇÔöÇÔöÇÔöÇÔöÇÔöÉ
11-21 11:38:48.523 27691  6045 I ModelDeploymentSummary:   Ôöé Model File: models/hyperxray_policy.onnx           Ôöé
11-21 11:38:48.523 27691  6045 I ModelDeploymentSummary:   Ôöé Manifest: models/manifest.json                     Ôöé
11-21 11:38:48.523 27691  6045 I ModelDeploymentSummary:   Ôöé Baseline Config: models/baseline_config.json       Ôöé
11-21 11:38:48.523 27691  6045 I ModelDeploymentSummary:   Ôöé Verification: SHA256 + Ed25519 (planned)           Ôöé
11-21 11:38:48.523 27691  6045 I ModelDeploymentSummary:   ÔööÔöÇÔöÇÔöÇÔöÇÔöÇÔöÇÔöÇÔöÇÔöÇÔöÇÔöÇÔöÇÔöÇÔöÇÔöÇÔöÇÔöÇÔöÇÔöÇÔöÇÔöÇÔöÇÔöÇÔöÇÔöÇÔöÇÔöÇÔöÇÔöÇÔöÇÔöÇÔöÇÔöÇÔöÇÔöÇÔöÇÔöÇÔöÇÔöÇÔöÇÔöÇÔöÇÔöÇÔöÇÔöÇÔöÇÔöÇÔöÇÔöÇÔöÇÔöÇÔöÇÔöÇÔöİ
11-21 11:38:48.523 27691  6045 I ModelDeploymentSummary: 
11-21 11:38:48.523 27691  6045 I ModelDeploymentSummary: ­şÜÇ DEPLOYMENT FLOW:
11-21 11:38:48.523 27691  6045 I ModelDeploymentSummary:   1. App starts ÔåÆ HyperXrayApplication.onCreate()
11-21 11:38:48.523 27691  6045 I ModelDeploymentSummary:   2. Background thread initializes optimizer
11-21 11:38:48.523 27691  6045 I ModelDeploymentSummary:   3. ModelSignatureVerifier loads manifest.json
11-21 11:38:48.523 27691  6045 I ModelDeploymentSummary:   4. Model hash verified (SHA256)
11-21 11:38:48.523 27691  6045 I ModelDeploymentSummary:   5. Model loaded into ONNX Runtime
11-21 11:38:48.523 27691  6045 I ModelDeploymentSummary:   6. FallbackHandler initialized with baseline config
11-21 11:38:48.523 27691  6045 I ModelDeploymentSummary:   7. Optimizer marked as READY
11-21 11:38:48.523 27691  6045 I ModelDeploymentSummary:   8. Console log: 'HyperXray AI Optimizer ready'
11-21 11:38:48.523 27691  6045 I ModelDeploymentSummary: 
11-21 11:38:48.523 27691  6045 I ModelDeploymentSummary: Ô£à VALIDATION POINTS:
11-21 11:38:48.523 27691  6045 I ModelDeploymentSummary:   Ô£ô manifest.json parsed correctly
11-21 11:38:48.523 27691  6045 I ModelDeploymentSummary:   Ô£ô Model hash verification (SHA256)
11-21 11:38:48.523 27691  6045 I ModelDeploymentSummary:   Ô£ô Fallback handler loads baseline config
11-21 11:38:48.523 27691  6045 I ModelDeploymentSummary:   Ô£ô Console log: 'HyperXray AI Optimizer ready'
11-21 11:38:48.523 27691  6045 I ModelDeploymentSummary:   Ô£ô Optimizer starts silently on boot
11-21 11:38:48.523 27691  6045 I ModelDeploymentSummary: 
11-21 11:38:48.523 27691  6045 I ModelDeploymentSummary: 
11-21 11:38:48.523 27691  6045 I ModelDeploymentSummary: ­şö« FUTURE EXTENSIONS:
11-21 11:38:48.523 27691  6045 I ModelDeploymentSummary:   ÔöîÔöÇÔöÇÔöÇÔöÇÔöÇÔöÇÔöÇÔöÇÔöÇÔöÇÔöÇÔöÇÔöÇÔöÇÔöÇÔöÇÔöÇÔöÇÔöÇÔöÇÔöÇÔöÇÔöÇÔöÇÔöÇÔöÇÔöÇÔöÇÔöÇÔöÇÔöÇÔöÇÔöÇÔöÇÔöÇÔöÇÔöÇÔöÇÔöÇÔöÇÔöÇÔöÇÔöÇÔöÇÔöÇÔöÇÔöÇÔöÇÔöÇÔöÇÔöÇÔöÇÔöÇÔöÉ
11-21 11:38:48.523 27691  6045 I ModelDeploymentSummary:   Ôöé 1. Federated Learning                              Ôöé
11-21 11:38:48.523 27691  6045 I ModelDeploymentSummary:   Ôöé    - Distributed model training                    Ôöé
11-21 11:38:48.523 27691  6045 I ModelDeploymentSummary:   Ôöé    - Privacy-preserving updates                    Ôöé
11-21 11:38:48.523 27691  6045 I ModelDeploymentSummary:   Ôöé    - Client-side model aggregation                 Ôöé
11-21 11:38:48.523 27691  6045 I ModelDeploymentSummary:   ÔööÔöÇÔöÇÔöÇÔöÇÔöÇÔöÇÔöÇÔöÇÔöÇÔöÇÔöÇÔöÇÔöÇÔöÇÔöÇÔöÇÔöÇÔöÇÔöÇÔöÇÔöÇÔöÇÔöÇÔöÇÔöÇÔöÇÔöÇÔöÇÔöÇÔöÇÔöÇÔöÇÔöÇÔöÇÔöÇÔöÇÔöÇÔöÇÔöÇÔöÇÔöÇÔöÇÔöÇÔöÇÔöÇÔöÇÔöÇÔöÇÔöÇÔöÇÔöÇÔöÇÔöÇÔöİ
11-21 11:38:48.523 27691  6045 I ModelDeploymentSummary: 
11-21 11:38:48.523 27691  6045 I ModelDeploymentSummary:   ÔöîÔöÇÔöÇÔöÇÔöÇÔöÇÔöÇÔöÇÔöÇÔöÇÔöÇÔöÇÔöÇÔöÇÔöÇÔöÇÔöÇÔöÇÔöÇÔöÇÔöÇÔöÇÔöÇÔöÇÔöÇÔöÇÔöÇÔöÇÔöÇÔöÇÔöÇÔöÇÔöÇÔöÇÔöÇÔöÇÔöÇÔöÇÔöÇÔöÇÔöÇÔöÇÔöÇÔöÇÔöÇÔöÇÔöÇÔöÇÔöÇÔöÇÔöÇÔöÇÔöÇÔöÇÔöÉ
11-21 11:38:48.523 27691  6045 I ModelDeploymentSummary:   Ôöé 2. Reinforcement Learning Fine-tuning              Ôöé
11-21 11:38:48.523 27691  6045 I ModelDeploymentSummary:   Ôöé    - Online learning from real traffic             Ôöé
11-21 11:38:48.523 27691  6045 I ModelDeploymentSummary:   Ôöé    - Reward-based model updates                    Ôöé
11-21 11:38:48.523 27691  6045 I ModelDeploymentSummary:   Ôöé    - Adaptive policy adjustment                    Ôöé
11-21 11:38:48.523 27691  6045 I ModelDeploymentSummary:   ÔööÔöÇÔöÇÔöÇÔöÇÔöÇÔöÇÔöÇÔöÇÔöÇÔöÇÔöÇÔöÇÔöÇÔöÇÔöÇÔöÇÔöÇÔöÇÔöÇÔöÇÔöÇÔöÇÔöÇÔöÇÔöÇÔöÇÔöÇÔöÇÔöÇÔöÇÔöÇÔöÇÔöÇÔöÇÔöÇÔöÇÔöÇÔöÇÔöÇÔöÇÔöÇÔöÇÔöÇÔöÇÔöÇÔöÇÔöÇÔöÇÔöÇÔöÇÔöÇÔöÇÔöÇÔöİ
11-21 11:38:48.523 27691  6045 I ModelDeploymentSummary: 
11-21 11:38:48.523 27691  6045 I ModelDeploymentSummary:   ÔöîÔöÇÔöÇÔöÇÔöÇÔöÇÔöÇÔöÇÔöÇÔöÇÔöÇÔöÇÔöÇÔöÇÔöÇÔöÇÔöÇÔöÇÔöÇÔöÇÔöÇÔöÇÔöÇÔöÇÔöÇÔöÇÔöÇÔöÇÔöÇÔöÇÔöÇÔöÇÔöÇÔöÇÔöÇÔöÇÔöÇÔöÇÔöÇÔöÇÔöÇÔöÇÔöÇÔöÇÔöÇÔöÇÔöÇÔöÇÔöÇÔöÇÔöÇÔöÇÔöÇÔöÇÔöÉ
11-21 11:38:48.523 27691  6045 I ModelDeploymentSummary:   Ôöé 3. Ed25519 Signature Verification                  Ôöé
11-21 11:38:48.523 27691  6045 I ModelDeploymentSummary:   Ôöé    - Full cryptographic signature verification     Ôöé
11-21 11:38:48.523 27691  6045 I ModelDeploymentSummary:   Ôöé    - Public key infrastructure                     Ôöé
11-21 11:38:48.523 27691  6045 I ModelDeploymentSummary:   Ôöé    - Model authenticity guarantees                 Ôöé
11-21 11:38:48.523 27691  6045 I ModelDeploymentSummary:   ÔööÔöÇÔöÇÔöÇÔöÇÔöÇÔöÇÔöÇÔöÇÔöÇÔöÇÔöÇÔöÇÔöÇÔöÇÔöÇÔöÇÔöÇÔöÇÔöÇÔöÇÔöÇÔöÇÔöÇÔöÇÔöÇÔöÇÔöÇÔöÇÔöÇÔöÇÔöÇÔöÇÔöÇÔöÇÔöÇÔöÇÔöÇÔöÇÔöÇÔöÇÔöÇÔöÇÔöÇÔöÇÔöÇÔöÇÔöÇÔöÇÔöÇÔöÇÔöÇÔöÇÔöÇÔöİ
11-21 11:38:48.523 27691  6045 I ModelDeploymentSummary: 
11-21 11:38:48.523 27691  6045 I ModelDeploymentSummary:   ÔöîÔöÇÔöÇÔöÇÔöÇÔöÇÔöÇÔöÇÔöÇÔöÇÔöÇÔöÇÔöÇÔöÇÔöÇÔöÇÔöÇÔöÇÔöÇÔöÇÔöÇÔöÇÔöÇÔöÇÔöÇÔöÇÔöÇÔöÇÔöÇÔöÇÔöÇÔöÇÔöÇÔöÇÔöÇÔöÇÔöÇÔöÇÔöÇÔöÇÔöÇÔöÇÔöÇÔöÇÔöÇÔöÇÔöÇÔöÇÔöÇÔöÇÔöÇÔöÇÔöÇÔöÇÔöÉ
11-21 11:38:48.523 27691  6045 I ModelDeploymentSummary:   Ôöé 4. Model Versioning & Updates                      Ôöé
11-21 11:38:48.523 27691  6045 I ModelDeploymentSummary:   Ôöé    - Over-the-air model updates                    Ôöé
11-21 11:38:48.523 27691  6045 I ModelDeploymentSummary:   Ôöé    - Version compatibility checks                  Ôöé
11-21 11:38:48.523 27691  6045 I ModelDeploymentSummary:   Ôöé    - Rollback mechanisms                           Ôöé
11-21 11:38:48.523 27691  6045 I ModelDeploymentSummary:   ÔööÔöÇÔöÇÔöÇÔöÇÔöÇÔöÇÔöÇÔöÇÔöÇÔöÇÔöÇÔöÇÔöÇÔöÇÔöÇÔöÇÔöÇÔöÇÔöÇÔöÇÔöÇÔöÇÔöÇÔöÇÔöÇÔöÇÔöÇÔöÇÔöÇÔöÇÔöÇÔöÇÔöÇÔöÇÔöÇÔöÇÔöÇÔöÇÔöÇÔöÇÔöÇÔöÇÔöÇÔöÇÔöÇÔöÇÔöÇÔöÇÔöÇÔöÇÔöÇÔöÇÔöÇÔöİ
11-21 11:38:48.523 27691  6045 I ModelDeploymentSummary: 
11-21 11:38:48.523 27691  6045 I ModelDeploymentSummary:   ÔöîÔöÇÔöÇÔöÇÔöÇÔöÇÔöÇÔöÇÔöÇÔöÇÔöÇÔöÇÔöÇÔöÇÔöÇÔöÇÔöÇÔöÇÔöÇÔöÇÔöÇÔöÇÔöÇÔöÇÔöÇÔöÇÔöÇÔöÇÔöÇÔöÇÔöÇÔöÇÔöÇÔöÇÔöÇÔöÇÔöÇÔöÇÔöÇÔöÇÔöÇÔöÇÔöÇÔöÇÔöÇÔöÇÔöÇÔöÇÔöÇÔöÇÔöÇÔöÇÔöÇÔöÇÔöÉ
11-21 11:38:48.523 27691  6045 I ModelDeploymentSummary:   Ôöé 5. A/B Testing Framework                           Ôöé
11-21 11:38:48.523 27691  6045 I ModelDeploymentSummary:   Ôöé    - Multi-model testing                           Ôöé
11-21 11:38:48.523 27691  6045 I ModelDeploymentSummary:   Ôöé    - Performance comparison                        Ôöé
11-21 11:38:48.523 27691  6045 I ModelDeploymentSummary:   Ôöé    - Gradual rollouts                              Ôöé
11-21 11:38:48.523 27691  6045 I ModelDeploymentSummary:   ÔööÔöÇÔöÇÔöÇÔöÇÔöÇÔöÇÔöÇÔöÇÔöÇÔöÇÔöÇÔöÇÔöÇÔöÇÔöÇÔöÇÔöÇÔöÇÔöÇÔöÇÔöÇÔöÇÔöÇÔöÇÔöÇÔöÇÔöÇÔöÇÔöÇÔöÇÔöÇÔöÇÔöÇÔöÇÔöÇÔöÇÔöÇÔöÇÔöÇÔöÇÔöÇÔöÇÔöÇÔöÇÔöÇÔöÇÔöÇÔöÇÔöÇÔöÇÔöÇÔöÇÔöÇÔöİ
11-21 11:38:48.523 27691  6045 I ModelDeploymentSummary: 
11-21 11:38:48.523 27691  6045 I ModelDeploymentSummary:   ÔöîÔöÇÔöÇÔöÇÔöÇÔöÇÔöÇÔöÇÔöÇÔöÇÔöÇÔöÇÔöÇÔöÇÔöÇÔöÇÔöÇÔöÇÔöÇÔöÇÔöÇÔöÇÔöÇÔöÇÔöÇÔöÇÔöÇÔöÇÔöÇÔöÇÔöÇÔöÇÔöÇÔöÇÔöÇÔöÇÔöÇÔöÇÔöÇÔöÇÔöÇÔöÇÔöÇÔöÇÔöÇÔöÇÔöÇÔöÇÔöÇÔöÇÔöÇÔöÇÔöÇÔöÇÔöÉ
11-21 11:38:48.523 27691  6045 I ModelDeploymentSummary:   Ôöé 6. Model Compression & Quantization                Ôöé
11-21 11:38:48.523 27691  6045 I ModelDeploymentSummary:   Ôöé    - Mobile-optimized model sizes                  Ôöé
11-21 11:38:48.523 27691  6045 I ModelDeploymentSummary:   Ôöé    - Quantized inference                           Ôöé
11-21 11:38:48.523 27691  6045 I ModelDeploymentSummary:   Ôöé    - Dynamic model loading                         Ôöé
11-21 11:38:48.523 27691  6045 I ModelDeploymentSummary:   ÔööÔöÇÔöÇÔöÇÔöÇÔöÇÔöÇÔöÇÔöÇÔöÇÔöÇÔöÇÔöÇÔöÇÔöÇÔöÇÔöÇÔöÇÔöÇÔöÇÔöÇÔöÇÔöÇÔöÇÔöÇÔöÇÔöÇÔöÇÔöÇÔöÇÔöÇÔöÇÔöÇÔöÇÔöÇÔöÇÔöÇÔöÇÔöÇÔöÇÔöÇÔöÇÔöÇÔöÇÔöÇÔöÇÔöÇÔöÇÔöÇÔöÇÔöÇÔöÇÔöÇÔöÇÔöİ
11-21 11:38:48.523 27691  6045 I ModelDeploymentSummary: 
11-21 11:38:48.523 27691  6045 I ModelDeploymentSummary: 
11-21 11:38:48.523 27691  6045 I ModelDeploymentSummary: ÔòÉÔòÉÔòÉÔòÉÔòÉÔòÉÔòÉÔòÉÔòÉÔòÉÔòÉÔòÉÔòÉÔòÉÔòÉÔòÉÔòÉÔòÉÔòÉÔòÉÔòÉÔòÉÔòÉÔòÉÔòÉÔòÉÔòÉÔòÉÔòÉÔòÉÔòÉÔòÉÔòÉÔòÉÔòÉÔòÉÔòÉÔòÉÔòÉÔòÉÔòÉÔòÉÔòÉÔòÉÔòÉÔòÉÔòÉÔòÉÔòÉÔòÉÔòÉÔòÉÔòÉÔòÉÔòÉÔòÉÔòÉÔòÉÔòÉ
11-21 11:38:48.523 27691  6045 I ModelDeploymentSummary:   Ô£à HYPERXRAY-AI OPTIMIZER DEPLOYMENT COMPLETE
11-21 11:38:48.523 27691  6045 I ModelDeploymentSummary: ÔòÉÔòÉÔòÉÔòÉÔòÉÔòÉÔòÉÔòÉÔòÉÔòÉÔòÉÔòÉÔòÉÔòÉÔòÉÔòÉÔòÉÔòÉÔòÉÔòÉÔòÉÔòÉÔòÉÔòÉÔòÉÔòÉÔòÉÔòÉÔòÉÔòÉÔòÉÔòÉÔòÉÔòÉÔòÉÔòÉÔòÉÔòÉÔòÉÔòÉÔòÉÔòÉÔòÉÔòÉÔòÉÔòÉÔòÉÔòÉÔòÉÔòÉÔòÉÔòÉÔòÉÔòÉÔòÉÔòÉÔòÉÔòÉÔòÉ
11-21 11:38:48.523 27691  6045 I ModelDeploymentSummary: 
11-21 11:38:48.523 27691  6045 I ModelDeploymentSummary:   Stage 10: Production Deployment - COMPLETE
11-21 11:38:48.523 27691  6045 I ModelDeploymentSummary: 
11-21 11:38:48.523 27691  6045 I ModelDeploymentSummary:   Ô£ô Manifest.json with model metadata
11-21 11:38:48.523 27691  6045 I ModelDeploymentSummary:   Ô£ô Signature verifier (SHA256 + Ed25519 placeholder)
11-21 11:38:48.523 27691  6045 I ModelDeploymentSummary:   Ô£ô Fallback handler with baseline config
11-21 11:38:48.523 27691  6045 I ModelDeploymentSummary:   Ô£ô Silent boot initialization
11-21 11:38:48.523 27691  6045 I ModelDeploymentSummary:   Ô£ô Optimizer readiness validation
11-21 11:38:48.523 27691  6045 I ModelDeploymentSummary: 
11-21 11:38:48.523 27691  6045 I ModelDeploymentSummary:   The HyperXray AI Optimizer is now ready for production use.
11-21 11:38:48.523 27691  6045 I ModelDeploymentSummary: 
11-21 11:38:48.523 27691  6045 I ModelDeploymentSummary: ÔòÉÔòÉÔòÉÔòÉÔòÉÔòÉÔòÉÔòÉÔòÉÔòÉÔòÉÔòÉÔòÉÔòÉÔòÉÔòÉÔòÉÔòÉÔòÉÔòÉÔòÉÔòÉÔòÉÔòÉÔòÉÔòÉÔòÉÔòÉÔòÉÔòÉÔòÉÔòÉÔòÉÔòÉÔòÉÔòÉÔòÉÔòÉÔòÉÔòÉÔòÉÔòÉÔòÉÔòÉÔòÉÔòÉÔòÉÔòÉÔòÉÔòÉÔòÉÔòÉÔòÉÔòÉÔòÉÔòÉÔòÉÔòÉÔòÉ
11-21 11:38:48.523 27691  6045 I ModelDeploymentSummary: 
11-21 11:38:48.523  3869  5117 D GreezeManager: iso uid:10432 p:{8633} :true
11-21 11:38:48.524  3869  5117 D GreezeManager: iso uid:10424 p:{12794} :true
11-21 11:38:48.524  3869  5117 D GreezeManager: iso uid:10362 p:{19429} :true
11-21 11:38:48.525  3869  5117 D GreezeManager: iso uid:10375 p:{28855} :true
11-21 11:38:48.525  3869  5117 D GreezeManager: iso uid:10418 p:{28879} :true
11-21 11:38:48.526  3869  5117 D GreezeManager: iso uid:10360 p:{572} :true
11-21 11:38:48.528  3869  4732 I MiSensorServiceImpl: LightFovOptimizationSensor::screen_angle: -0.257827 0.195015 9.784850 88.112381 55.152985 0.000000 0 55.152985 0 55.152985
11-21 11:38:48.539 27691 27691 D View    : setBackgroundBlur blurRadius=0
11-21 11:38:48.540 27691 27691 I om.hyperxray.an: hiddenapi: Accessing hidden method Landroid/os/SystemProperties;->addChangeCallback(Ljava/lang/Runnable;)V (runtime_flags=0, domain=platform, api=unsupported) from Landroidx/compose/ui/platform/AndroidComposeView$Companion; (domain=app) using reflection: allowed
11-21 11:38:48.554 27691  6045 I TlsRuntimeWorker: Scheduled periodic TLS SNI optimization work
11-21 11:38:48.562  3869  7196 D ConnectivityService: requestNetwork for uid/pid:10567/27691 activeRequest: null callbackRequest: 1847 [NetworkRequest [ REQUEST id=1848, [ Capabilities: INTERNET&NOT_RESTRICTED&TRUSTED&NOT_VCN_MANAGED&NOT_BANDWIDTH_CONSTRAINED Uid: 10567 RequestorUid: 10567 RequestorPkg: com.hyperxray.an UnderlyingNetworks: Null] ]] callback flags: 0 order: 2147483647 isUidTracked: false declaredMethods: AVAIL|LOST|NC
11-21 11:38:48.563  3869  4946 D WifiNetworkFactory: got request NetworkRequest [ REQUEST id=1848, [ Capabilities: INTERNET&NOT_RESTRICTED&TRUSTED&NOT_VCN_MANAGED&NOT_BANDWIDTH_CONSTRAINED Uid: 10567 RequestorUid: 10567 RequestorPkg: com.hyperxray.an UnderlyingNetworks: Null] ]
11-21 11:38:48.563  3869  4946 D UntrustedWifiNetworkFactory: got request NetworkRequest [ REQUEST id=1848, [ Capabilities: INTERNET&NOT_RESTRICTED&TRUSTED&NOT_VCN_MANAGED&NOT_BANDWIDTH_CONSTRAINED Uid: 10567 RequestorUid: 10567 RequestorPkg: com.hyperxray.an UnderlyingNetworks: Null] ]
11-21 11:38:48.563  3869  4946 D OemPaidWifiNetworkFactory: got request NetworkRequest [ REQUEST id=1848, [ Capabilities: INTERNET&NOT_RESTRICTED&TRUSTED&NOT_VCN_MANAGED&NOT_BANDWIDTH_CONSTRAINED Uid: 10567 RequestorUid: 10567 RequestorPkg: com.hyperxray.an UnderlyingNetworks: Null] ]
11-21 11:38:48.563  3869  4946 D MultiInternetWifiNetworkFactory: got request NetworkRequest [ REQUEST id=1848, [ Capabilities: INTERNET&NOT_RESTRICTED&TRUSTED&NOT_VCN_MANAGED&NOT_BANDWIDTH_CONSTRAINED Uid: 10567 RequestorUid: 10567 RequestorPkg: com.hyperxray.an UnderlyingNetworks: Null] ]
11-21 11:38:48.563  3869  4961 D ConnectivityService: NetReassign [1848 : null ÔåÆ 119] [c 0] [a 1] [i 1]
11-21 11:38:48.564  1863  3263 I vendor.qti.hardware.display.composer-service: Sensor: notify citsensorservice to trigger cwb, misForced = 0
11-21 11:38:48.564  1863  3268 I SDM     : CWB config passed by cwb_client : tappoint 1  CWB_ROI : (480.000000 159.000000 721.000000 400.000000) for display-0
11-21 11:38:48.568  1989  5057 D AudioFlingerImpl: setGameParameters keyvalue: gamebooster=false
11-21 11:38:48.568  1989  5057 D DeviceHalAidl: [default] setParameters: parameters: "gamebooster=false"
11-21 11:38:48.568  1851  1891 I AHAL_ModulePrimary_MI: setVendorParameters: parameter count 1, async: 0
11-21 11:38:48.568  1851  1891 D AHAL_ModulePrimary_MI: setVendorParameters parameters id = gamebooster
11-21 11:38:48.568  1851  1891 D AHAL_ModulePrimary_QTI: setVendorParameters: parameter count 1, async: 0
11-21 11:38:48.568  1851  1891 D AHAL_HFP_QTI: hfp_set_parameters enter
11-21 11:38:48.568  1851  1891 D AHAL_HFP_QTI: hfp_set_parameters Exit
11-21 11:38:48.568 27691 27691 D LogFileManager: Log file path: /data/user/0/com.hyperxray.an/files/app_log.txt
11-21 11:38:48.568  1989  5057 D DeviceHalAidl: [usb] setParameters: parameters: "gamebooster=false"
11-21 11:38:48.568  1989  5057 E ConversionHelperAidl: Function: parseAndSetVendorParameters Line: 94 Failed 
11-21 11:38:48.568  1989  5057 D DeviceHalAidl: [r_submix] setParameters: parameters: "gamebooster=false"
11-21 11:38:48.568  1989  5057 E ConversionHelperAidl: Function: parseAndSetVendorParameters Line: 94 Failed 
11-21 11:38:48.568  1989  5057 D DeviceHalAidl: [bluetooth] setParameters: parameters: "gamebooster=false"
11-21 11:38:48.568  1989  5057 E ConversionHelperAidl: Function: parseAndSetVendorParameters Line: 94 Failed 
11-21 11:38:48.568 27691 27691 D LogViewModel: LogViewModel initialized with ring buffer capacity: 2000
11-21 11:38:48.580  1863  2473 I SDM     : HWDeviceDRM::SetupConcurrentWriteback: Tear down the Concurrent Writeback topology
11-21 11:38:48.587  1863  5144 I SDM     : NotifyCWBStatus: Notify the client about buffer (0x18c37f30) status 0 for display-0.
11-21 11:38:48.587  1863  5144 I SDM     : SDMConcurrentWriteBack::ProcessCWBStatus: CWB queue is empty. Display: 0
11-21 11:38:48.588  5387  5387 D Launcher_UnlockAnimationStateMachine: mResetIdleStateRunnable
11-21 11:38:48.590 27691 27691 D MainViewModel: Receivers already registered, skipping.
11-21 11:38:48.592 27691 27691 D View    : setBackgroundBlur blurRadius=0
11-21 11:38:48.594  3869  4188 D BroadcastQueue: Logging broadcast for com.miui.miwallpaper, stopped=false, firstLaunch=false
11-21 11:38:48.594  3869  4188 I SmartPower: com.google.android.videos/10226(14833): idle->background(101137ms) R(broadcast start Intent { act=android.intent.action.PACKAGE_RESTARTED dat=package: flg=0x4000010 (has extras) }) adj=925.
11-21 11:38:48.594  5435  5435 I MiuiWallpaper-MiuiWallpaperManagerService: receive broadcast action = android.intent.action.PACKAGE_RESTARTED
11-21 11:38:48.594  3869  4188 D BroadcastQueue: Logging broadcast for com.google.android.videos, stopped=false, firstLaunch=false
11-21 11:38:48.594  3869  4188 D BroadcastQueue: Logging broadcast for com.google.android.videos, stopped=false, firstLaunch=false
11-21 11:38:48.595  3869  4188 D BroadcastQueue: Logging broadcast for com.google.android.gms, stopped=false, firstLaunch=false
11-21 11:38:48.595  3869  4188 D BroadcastQueue: Logging broadcast for com.google.android.gms, stopped=false, firstLaunch=false
11-21 11:38:48.595  3869  4188 D BroadcastQueue: Logging broadcast for com.google.android.gms, stopped=false, firstLaunch=false
11-21 11:38:48.595  3869  4188 D BroadcastQueue: Logging broadcast for com.google.android.gms, stopped=false, firstLaunch=false
11-21 11:38:48.595  3869  4188 D BroadcastQueue: Logging broadcast for com.google.android.gms, stopped=false, firstLaunch=false
11-21 11:38:48.595  3869  4188 D BroadcastQueue: Logging broadcast for com.google.android.gms, stopped=false, firstLaunch=false
11-21 11:38:48.595  3869  4188 D BroadcastQueue: Logging broadcast for com.milink.service, stopped=false, firstLaunch=false
11-21 11:38:48.595  3869  4081 W JobInfo : Job 'com.whatsapp/.infra.push.RegistrationIntentService#4' has a deadline with no functional constraints. The deadline won't improve job execution latency. Consider removing the deadline.
11-21 11:38:48.596  3869  4081 E JobScheduler: ResourceBudgetManagerInternal is null
11-21 11:38:48.596  1872  1872 I vendor.qti.hardware.servicetrackeraidl-service: bindService is called for service : com.whatsapp/.infra.push.RegistrationIntentService and for client system
11-21 11:38:48.596  1872  1872 I vendor.qti.hardware.servicetrackeraidl-service: total connections for service : com.whatsapp/.infra.push.RegistrationIntentServiceare :1
11-21 11:38:48.596  1872  1872 I vendor.qti.hardware.servicetrackeraidl-service: total connections for client : systemare :36
11-21 11:38:48.597  3869  4940 I MiuiNetworkPolicy: updateUidState uid = 10339, uidState = 8
11-21 11:38:48.597   728  9076 I dxni    : (REDACTED) appOpsListener %s %s
11-21 11:38:48.598   728  9076 I dxni    : (REDACTED) Ignoring irrelevant audio permission changes for package %s
11-21 11:38:48.598  3869  4084 D GnssSsruImpl: onLocationPermissionsChanged provider:network packageName:com.whatsapp
11-21 11:38:48.598  3869  4084 D GnssSsruImpl: onLocationPermissionsChanged provider:passive packageName:com.whatsapp
11-21 11:38:48.598  3869  4084 D GnssSsruImpl: onLocationPermissionsChanged provider:gps packageName:com.whatsapp
11-21 11:38:48.598  3869  4081 D ActivityManager: Logging bindService for com.whatsapp, stopped=false, firstLaunch=false
11-21 11:38:48.598  3869  4081 D BatteryStatsManagerStub: notifyEvent for resId=256 used 0ms
11-21 11:38:48.598  3869  5149 I whetstone.activity: processNotifyEvent1 resId = 256, bundle = Bundle[{startTime=33182661, sourcePkg=com.whatsapp, sourceUid=10339, status=1, jobId=4, batteryName=com.whatsapp/.infra.push.RegistrationIntentService, elapsedRealtime=33182661}]
11-21 11:38:48.598  3437 12179 I EventMonitor: notifyEvent resId=256
11-21 11:38:48.600  3869  7196 D BatteryStatsManagerStub: notifyEvent for resId=256 used 0ms
11-21 11:38:48.600  3869  5149 I whetstone.activity: processNotifyEvent1 resId = 256, bundle = Bundle[{startTime=33182663, sourcePkg=com.whatsapp, sourceUid=10339, status=0, jobId=4, batteryName=com.whatsapp/.infra.push.RegistrationIntentService, elapsedRealtime=33182663}]
11-21 11:38:48.600  3437 12179 I EventMonitor: notifyEvent resId=256
11-21 11:38:48.601  1872  1872 I vendor.qti.hardware.servicetrackeraidl-service: unbindService is called for service : com.whatsapp/.infra.push.RegistrationIntentService and for client system
11-21 11:38:48.601  1872  1872 I vendor.qti.hardware.servicetrackeraidl-service: size of service connections for service: com.whatsapp/.infra.push.RegistrationIntentServiceafter removal is 0
11-21 11:38:48.601  1872  1872 I vendor.qti.hardware.servicetrackeraidl-service: size of client connections for client: systemafter removal is 35
11-21 11:38:48.601  1872  1872 I vendor.qti.hardware.servicetrackeraidl-service: destroyService is called for service : com.whatsapp/.infra.push.RegistrationIntentService
11-21 11:38:48.601  3869  4940 I MiuiNetworkPolicy: updateUidState uid = 10339, uidState = 10
11-21 11:38:48.610 27691  6045 W WM-WorkSpec: Interval duration lesser than minimum allowed value; Changed to 900000
11-21 11:38:48.610 27691  6045 I RealityWorker: Scheduled periodic learning work (5 min)
11-21 11:38:48.635  2679  4958 I libsensor-boledalgo: dbv:313,lux:54.4,cct:2712.5,hsv:-1.0,CWB R:345.1,G:354.0,B:486.6Event C:3139.9,R:2113.4,G:1354.7,B:959.6Cali C:0.1,R:0.1,G:0.0,B:0.0 
11-21 11:38:48.641  3869  4081 D Aurogon :  packageName = com.google.android.gms isAllowWakeUpList 
11-21 11:38:48.642  3869  4081 D Aurogon :  packageName = com.google.android.gms isAllowWakeUpList 
11-21 11:38:48.642  3869  4081 D Aurogon :  packageName = com.google.android.gms isAllowWakeUpList 
11-21 11:38:48.642 24472  3098 I AlarmManager: setExactAndAllowWhileIdle [name: GCM_HB_ALARM type: 2 triggerAtMillis: 34092705]
11-21 11:38:48.643 24472  3098 W WakeLock: GCM_CONN_ALARM release without a matched acquire! [CONTEXT service_id=259 ]
11-21 11:38:48.643 24472  3098 I AlarmManager: setExactAndAllowWhileIdle [name: GCM_HB_ALARM type: 2 triggerAtMillis: 34092706]
11-21 11:38:48.647  3869  4081 D MiuiRefreshRatePolicy: reset
11-21 11:38:48.647  3869  4081 D WindowManager: wms.Input focus has changed to Window{7b95ed u0 com.hyperxray.an/com.hyperxray.an.activity.MainActivity} display=0 updateInputWindows = true
11-21 11:38:48.647  3869  4081 I MultiSenceManagerInternalStub: getInstance
11-21 11:38:48.648  3869  4081 I WindowManager: Allow fixed rotation for not collecting:ActivityRecord{14247708 u0 com.hyperxray.an/.activity.MainActivity t859}
11-21 11:38:48.651  2041  2579 D MI-SF   : addDolbyVisionHdr enter hdrTypes 4
11-21 11:38:48.651  2041  2579 D MI-SF   : debug.config.media.video.dolby_vision_suports == true
11-21 11:38:48.651  2041  2579 D MI-SF   : addDolbyVisionHdr enter hdrTypes 4
11-21 11:38:48.651  2041  2579 D MI-SF   : debug.config.media.video.dolby_vision_suports == true
11-21 11:38:48.651  2041  2579 D MI-SF   : addDolbyVisionHdr enter hdrTypes 4
11-21 11:38:48.651  2041  2579 D MI-SF   : debug.config.media.video.dolby_vision_suports == true
11-21 11:38:48.651  2041  2579 D MI-SF   : addDolbyVisionHdr enter hdrTypes 4
11-21 11:38:48.651  2041  2579 D MI-SF   : debug.config.media.video.dolby_vision_suports == true
11-21 11:38:48.651  2041  2579 D MI-SF   : addDolbyVisionHdr enter hdrTypes 4
11-21 11:38:48.651  2041  2579 D MI-SF   : debug.config.media.video.dolby_vision_suports == true
11-21 11:38:48.651  2041  2579 D MI-SF   : addDolbyVisionHdr enter hdrTypes 4
11-21 11:38:48.651  2041  2579 D MI-SF   : debug.config.media.video.dolby_vision_suports == true
11-21 11:38:48.651  2041  2579 D MI-SF   : addDolbyVisionHdr enter hdrTypes 4
11-21 11:38:48.651  2041  2579 D MI-SF   : debug.config.media.video.dolby_vision_suports == true
11-21 11:38:48.651  2041  2579 D MI-SF   : addDolbyVisionHdr enter hdrTypes 4
11-21 11:38:48.651  2041  2579 D MI-SF   : debug.config.media.video.dolby_vision_suports == true
11-21 11:38:48.651  2041  2579 D MI-SF   : addDolbyVisionHdr enter hdrTypes 4
11-21 11:38:48.651  2041  2579 D MI-SF   : debug.config.media.video.dolby_vision_suports == true
11-21 11:38:48.651  2041  2579 D MI-SF   : addDolbyVisionHdr enter hdrTypes 4
11-21 11:38:48.651  2041  2579 D MI-SF   : debug.config.media.video.dolby_vision_suports == true
11-21 11:38:48.651  2041  2579 D MI-SF   : addDolbyVisionHdr enter hdrTypes 4
11-21 11:38:48.651  2041  2579 D MI-SF   : debug.config.media.video.dolby_vision_suports == true
11-21 11:38:48.651  2041  2579 D MI-SF   : addDolbyVisionHdr enter hdrTypes 4
11-21 11:38:48.651  2041  2579 D MI-SF   : debug.config.media.video.dolby_vision_suports == true
11-21 11:38:48.655  8547  8931 I HeavyPackageIdentify: splitMode: false, splitPackages: null, foregroundPkg: com.hyperxray.an
11-21 11:38:48.660 27691 27691 D VRI[MainActivity]: vri.reportNextDraw 0 Rect(0, 0 - 1200, 2670) android.view.ViewRootImpl.performTraversals:5151 android.view.ViewRootImpl.doTraversal:3747 android.view.ViewRootImpl$TraversalRunnable.run:11968 android.view.Choreographer$CallbackRecord.run:1921 android.view.Choreographer$CallbackRecord.run:1930 
11-21 11:38:48.660 27691 27691 D VRI[MainActivity]: vri.Setup new sync=wmsSync-VRI[MainActivity]#0
11-21 11:38:48.661 27691 27691 D UserSceneDetector: invoke error.
11-21 11:38:48.661  3869  4188 I SmartPower: com.apkpure.aegon/10432(5764): idle->background(101240ms) R(broadcast start Intent { act=android.net.conn.CONNECTIVITY_CHANGE flg=0x4200010 xflg=0x4 (has extras) }) adj=915.
11-21 11:38:48.661  3869  4188 D BroadcastQueue: Logging broadcast for com.apkpure.aegon, stopped=false, firstLaunch=false
11-21 11:38:48.662  3869  4188 D BroadcastQueue: Logging broadcast for com.apkpure.aegon, stopped=false, firstLaunch=false
11-21 11:38:48.662  3869  4188 D BroadcastQueue: Logging broadcast for com.apkpure.aegon, stopped=false, firstLaunch=false
11-21 11:38:48.662  3869  4188 D BroadcastQueue: Logging broadcast for com.apkpure.aegon, stopped=false, firstLaunch=false
11-21 11:38:48.662  3869  4188 D BroadcastQueue: Logging broadcast for com.apkpure.aegon, stopped=false, firstLaunch=false
11-21 11:38:48.662  3869  4188 D BroadcastQueue: Logging broadcast for com.apkpure.aegon, stopped=false, firstLaunch=false
11-21 11:38:48.662  3869  4188 D BroadcastQueue: Logging broadcast for com.apkpure.aegon, stopped=false, firstLaunch=false
11-21 11:38:48.662  3869  4188 D BroadcastQueue: Logging broadcast for com.apkpure.aegon, stopped=false, firstLaunch=false
11-21 11:38:48.662  3869  4188 D BroadcastQueue: Logging broadcast for com.apkpure.aegon, stopped=false, firstLaunch=false
11-21 11:38:48.662  3869  4188 D BroadcastQueue: Logging broadcast for com.apkpure.aegon, stopped=false, firstLaunch=false
11-21 11:38:48.662  3869  4188 D BroadcastQueue: Logging broadcast for com.apkpure.aegon, stopped=false, firstLaunch=false
11-21 11:38:48.662  3869  4188 D BroadcastQueue: Logging broadcast for com.apkpure.aegon, stopped=false, firstLaunch=false
11-21 11:38:48.662  3869  4188 D BroadcastQueue: Logging broadcast for com.apkpure.aegon, stopped=false, firstLaunch=false
11-21 11:38:48.662  3869  4188 D BroadcastQueue: Logging broadcast for com.apkpure.aegon, stopped=false, firstLaunch=false
11-21 11:38:48.663  3869  4188 D BroadcastQueue: Logging broadcast for com.apkpure.aegon, stopped=false, firstLaunch=false
11-21 11:38:48.663  3869  4188 D BroadcastQueue: Logging broadcast for com.apkpure.aegon, stopped=false, firstLaunch=false
11-21 11:38:48.663  3869  4188 I SmartPower: com.google.android.inputmethod.latin/10200(602): idle->background(101244ms) R(broadcast start Intent { act=android.net.conn.CONNECTIVITY_CHANGE flg=0x4200010 xflg=0x4 (has extras) }) adj=100.
11-21 11:38:48.663  3869  4188 D BroadcastQueue: Logging broadcast for com.google.android.inputmethod.latin, stopped=false, firstLaunch=false
11-21 11:38:48.663  3869  4188 D BroadcastQueue: Logging broadcast for com.google.android.inputmethod.latin, stopped=false, firstLaunch=false
11-21 11:38:48.663  3869  4188 I SmartPower: com.google.android.as/10174(680): idle->background(101208ms) R(broadcast start Intent { act=android.net.conn.CONNECTIVITY_CHANGE flg=0x4200010 xflg=0x4 (has extras) }) adj=100.
11-21 11:38:48.663  3869  4188 D BroadcastQueue: Logging broadcast for com.google.android.as, stopped=false, firstLaunch=false
11-21 11:38:48.663  3869  4188 D BroadcastQueue: Logging broadcast for com.mi.globalminusscreen, stopped=false, firstLaunch=false
11-21 11:38:48.663  3869  4188 D BroadcastQueue: Logging broadcast for com.mi.globalminusscreen, stopped=false, firstLaunch=false
11-21 11:38:48.663  3869  4188 D BroadcastQueue: Logging broadcast for com.mi.globalminusscreen, stopped=false, firstLaunch=false
11-21 11:38:48.663  3869  4188 D BroadcastQueue: Logging broadcast for com.mi.globalminusscreen, stopped=false, firstLaunch=false
11-21 11:38:48.663  3869  4188 D BroadcastQueue: Logging broadcast for com.xiaomi.xmsf, stopped=false, firstLaunch=false
11-21 11:38:48.663  3869  4188 D BroadcastQueue: Logging broadcast for com.xiaomi.xmsf, stopped=false, firstLaunch=false
11-21 11:38:48.663  3869  4188 I SmartPower: com.miui.analytics/10190(3161): idle->background(101208ms) R(broadcast start Intent { act=android.net.conn.CONNECTIVITY_CHANGE flg=0x4200010 xflg=0x4 (has extras) }) adj=100.
11-21 11:38:48.664  1771  1771 D BroadcastExecutor: BroadcastExecutor : 2
11-21 11:38:48.664  3869  4188 D BroadcastQueue: Logging broadcast for com.miui.analytics, stopped=false, firstLaunch=false
11-21 11:38:48.664  3869  4188 D BroadcastQueue: Logging broadcast for com.miui.analytics, stopped=false, firstLaunch=false
11-21 11:38:48.664  1863  3268 I MiClstc : StageLayers No adding layer_name[FramebufferSurface], layer_id 1
11-21 11:38:48.664  1863  3268 I MiClstc : DropLayers erase layer 2575
11-21 11:38:48.664  1863  3268 I MiClstc : RetrieveConfig Unknown layer 1, skip
11-21 11:38:48.664  3869  4188 D BroadcastQueue: Logging broadcast for com.miui.analytics, stopped=false, firstLaunch=false
11-21 11:38:48.664  3869  4188 D BroadcastQueue: Logging broadcast for com.miui.analytics, stopped=false, firstLaunch=false
11-21 11:38:48.664   602  6222 I DeviceStatusMonitor: DeviceStatusMonitor.handleBroadcast():138 onReceive() : Action = android.net.conn.CONNECTIVITY_CHANGE
11-21 11:38:48.664  3869  4188 D BroadcastQueue: Logging broadcast for com.miui.analytics, stopped=false, firstLaunch=false
11-21 11:38:48.664  3869  4188 I SmartPower: com.miui.msa.global/10210(3393): idle->background(101208ms) R(broadcast start Intent { act=android.net.conn.CONNECTIVITY_CHANGE flg=0x4200010 xflg=0x4 (has extras) }) adj=100.
11-21 11:38:48.664  3869  4188 D BroadcastQueue: Logging broadcast for com.miui.msa.global, stopped=false, firstLaunch=false
11-21 11:38:48.664  3869  4188 I SmartPower: com.xiaomi.account/10211(6754): idle->background(101208ms) R(broadcast start Intent { act=android.net.conn.CONNECTIVITY_CHANGE flg=0x4200010 xflg=0x4 (has extras) }) adj=925.
11-21 11:38:48.664  3869  4188 D BroadcastQueue: Logging broadcast for com.xiaomi.account, stopped=false, firstLaunch=false
11-21 11:38:48.664  3869  4188 D BroadcastQueue: Logging broadcast for com.google.android.tts, stopped=false, firstLaunch=false
11-21 11:38:48.664  3869  4188 D BroadcastQueue: Logging broadcast for com.lbe.security.miui, stopped=false, firstLaunch=false
