--------- beginning of main
11-21 11:38:47.891  3869  4732 I MiSensorServiceImpl: LightFovOptimizationSensor::screen_angle: -0.259621 0.199801 9.784252 88.099777 55.152985 0.000000 0 55.152985 0 55.152985
11-21 11:38:47.949  1863  3263 I vendor.qti.hardware.display.composer-service: Sensor: notify citsensorservice to trigger cwb, misForced = 0
11-21 11:38:47.950  1863  3268 I SDM     : CWB config passed by cwb_client : tappoint 1  CWB_ROI : (480.000000 159.000000 721.000000 400.000000) for display-0
11-21 11:38:47.966  1863  2473 I SDM     : HWDeviceDRM::SetupConcurrentWriteback: Tear down the Concurrent Writeback topology
11-21 11:38:47.972  1863  5144 I SDM     : NotifyCWBStatus: Notify the client about buffer (0x18c386c0) status 0 for display-0.
11-21 11:38:47.973  1863  5144 I SDM     : SDMConcurrentWriteBack::ProcessCWBStatus: CWB queue is empty. Display: 0
--------- beginning of system
11-21 11:38:48.002  5898  5898 D ArtChoreographerMonitor: invoke error.
11-21 11:38:48.014 25290 25290 W MainViewModel: MultiXrayCoreManager exists but no active instances. Total instances in status: 0
11-21 11:38:48.014 25290 25290 W MainViewModel: No active instances found in multiXrayCoreManager (manager=true), using fallback port 36735. This may indicate instances failed to start or crashed.
11-21 11:38:48.014 25290 25290 D MainViewModel: Querying traffic from 1 instance(s): 36735
11-21 11:38:48.016 25290 25290 D CoreStatsClient: Created CoreStatsClient for 127.0.0.1:36735
11-21 11:38:48.021 25290 32295 D CoreStatsClient: Query stats returned 2 stats
11-21 11:38:48.021 25290 32295 D CoreStatsClient: Processing 2 stats for traffic data...
11-21 11:38:48.021 25290 32295 D CoreStatsClient: Stat: outbound>>>vless_0>>>traffic>>>uplink = 22686
11-21 11:38:48.022 25290 32295 D CoreStatsClient: Ô£ô Found uplink+traffic stat: outbound>>>vless_0>>>traffic>>>uplink = 22686, total now: 22686
11-21 11:38:48.022 25290 32295 D CoreStatsClient: Stat: outbound>>>vless_0>>>traffic>>>downlink = 10657
11-21 11:38:48.022 25290 32295 D CoreStatsClient: Ô£ô Found downlink+traffic stat: outbound>>>vless_0>>>traffic>>>downlink = 10657, total now: 10657
11-21 11:38:48.022 25290 32295 I CoreStatsClient: Ô£ô Traffic stats summary: Uplink=22686 bytes, Downlink=10657 bytes (matched 2/2 stats)
11-21 11:38:48.023 25290 25290 D CoreStatsClient: Channel graceful shutdown completed successfully.
11-21 11:38:48.023 25290 25290 D MainViewModel: Successfully queried port 36735: uplink=22686, downlink=10657
11-21 11:38:48.023 25290 25290 D MainViewModel: Xray-core throughput calculated: uplink=0 B/s, downlink=0 B/s, timeDelta=0.998s, uplinkDelta=0, downlinkDelta=0
11-21 11:38:48.023 25290 25290 D MainViewModel: Core stats updated - Uplink: 22,15KB, Downlink: 10,41KB, Uplink Throughput: 0 B/s, Downlink Throughput: 0 B/s
11-21 11:38:48.059  3869  4718 I ActivityManager: Force stopping com.hyperxray.an appid=10567 user=0: from process:5538
11-21 11:38:48.060  3869  4718 I ATMSImpl: cacheTasksForDefaultDisplay size=3
11-21 11:38:48.060  3869  5133 E ProcessManager: error write exception log
11-21 11:38:48.060  3869  5133 E ProcessManager: error write exception log
11-21 11:38:48.060  3869  4718 D MiuiDamonService: report App died, packageName = com.hyperxray.an, pid = 25290
11-21 11:38:48.063  3869  4718 D ActivityManager: Force removing proc 32411:com.hyperxray.an:native/u0a567 (com.hyperxray.an:native/10567)
11-21 11:38:48.064  3869  4718 I ActivityManager: Killing 32411:com.hyperxray.an:native/u0a567 (adj 200): stop com.hyperxray.an due to from process:5538
11-21 11:38:48.064  3869  4718 I ActivityManager: note: ProcessRecord{e57e093 32411:com.hyperxray.an:native/u0a567} is being killed, reason: USER REQUESTED, sub-reason: FORCE STOP, message: stop com.hyperxray.an due to from process:5538
11-21 11:38:48.064  3869  4718 I libc    : kill: send 9 to pid 32411
11-21 11:38:48.064  3869  4718 I libc    : debug pid reuse, real pid 32411
11-21 11:38:48.065  3869  4718 I libc    : kill: send 9 to pid -32411
11-21 11:38:48.065  3869  4718 I libc    : debug pid reuse, real pid -32411
11-21 11:38:48.065  2041  3321 W IPCThreadState: Sending oneway calls to frozen process.
11-21 11:38:48.067  3869  4190 I libc    : kill: send 9 to pid -32411
11-21 11:38:48.067  3869  4190 I libc    : debug pid reuse, real pid -32411
11-21 11:38:48.067  3869  4190 I libc    : kill: send 9 to pid -32411
11-21 11:38:48.067  3869  4190 I libc    : debug pid reuse, real pid -32411
11-21 11:38:48.067  3869  4159 D MediaProjectionManagerServiceStubImpl: handleForegroundServicesChanged
11-21 11:38:48.067  1872  1872 I vendor.qti.hardware.servicetrackeraidl-service: killProcess is called for pid : 32411
11-21 11:38:48.067  1872  1872 I vendor.qti.hardware.servicetrackeraidl-service: process with pid 32411 is service
11-21 11:38:48.067  1872  1872 I vendor.qti.hardware.servicetrackeraidl-service: size of client connections for client: systemafter removal is 35
11-21 11:38:48.067  3869  4718 I ActivityManager: Cancel FGS notification userId: 0 definingUid: 10567 packageName: com.hyperxray.an processName:com.hyperxray.an:native ChannelId:socks5 foregroundNotiWhen:1763714283849 Notiflags:74
11-21 11:38:48.067  1872  1872 I vendor.qti.hardware.servicetrackeraidl-service: destroyService is called for service : com.hyperxray.an/.service.TProxyService
11-21 11:38:48.068  3869  4718 W ForegroundServiceTypeLoggerModule: FGS stop call for: 10567 has no types!
11-21 11:38:48.068  3869  4718 I ActivityManager: note: ProcessRecord{e57e093 32411:com.hyperxray.an:native/u0a567} died, saving the exit info
11-21 11:38:48.068  3869  4193 I ActivityManager: Update process exit info for com.hyperxray.an(32411/u10567)
11-21 11:38:48.068  3869  4718 D ActivityManager: Force removing proc 25290:com.hyperxray.an/u0a567 (com.hyperxray.an/10567)
11-21 11:38:48.068  3869  4718 I ActivityManager: Killing 25290:com.hyperxray.an/u0a567 (adj 0): stop com.hyperxray.an due to from process:5538
11-21 11:38:48.068  3869  4718 I ActivityManager: note: ProcessRecord{8b366ad 25290:com.hyperxray.an/u0a567} is being killed, reason: USER REQUESTED, sub-reason: FORCE STOP, message: stop com.hyperxray.an due to from process:5538
11-21 11:38:48.069   823 24452 I MiuiPerfServiceClient: begin killProcessRecord
11-21 11:38:48.069  3869  4718 I libc    : kill: send 9 to pid 25290
11-21 11:38:48.069  3869  4718 I libc    : debug pid reuse, real pid 25290
11-21 11:38:48.069   823 24452 D MiSight::  sendEvent id=902003001
11-21 11:38:48.069   823 24452 D MiSightJni: MiSight: Java_com_miui_misight_MiSight_nativeSendEvent enter called. '{"ProcessName":"com.hyperxray.an","OomAdj":0,"PssOrRss":160285,"MemAvail":3280824,"Reason":"stop com.hyperxray.an due to from process:5538"}'
11-21 11:38:48.069   823 24452 D MiEvent : MiEvent: this 0x7536c873c0, paylod=0xb4000077061f4ed0
11-21 11:38:48.069   823 24452 D MiEvent : flatten EventId 902003001 -t 1763714328 -paraList {"MemAvail":3280824,"OomAdj":0,"ProcessName":"com.hyperxray.an","PssOrRss":160285,"Reason":"stop com.hyperxray.an due to from process:5538"}
11-21 11:38:48.070  3869  4718 I libc    : kill: send 9 to pid -25290
11-21 11:38:48.070  3869  4940 I MiuiNetworkPolicy: removeUidState uid = 10567
11-21 11:38:48.070  3869  4718 I libc    : debug pid reuse, real pid -25290
11-21 11:38:48.071  3869  4084 I NetworkBoostStatusManager: onUidGone uid: 10567
11-21 11:38:48.071  3845  5554 I MIUISafety-Monitor: onUid 10567 gone
11-21 11:38:48.071  3869  5804 I SLM-SRV-SLSAppLib: SLM_Ai_Mode EVENT_CHECK_GMAE_AI_MODE_STATUS
11-21 11:38:48.071  3869  5804 I SLM-SRV-SLSAppLib: SLM_Ai_Mode checkGameAiModeStatus mGameAiModeCloudControl:false mLinkTurboAiModeSwitch:false mGameAiModeInterfaceReady:false mGameStartBattle:false powerMgrGameUid:0
11-21 11:38:48.071   823 24452 D MiEvent : report:EventId 902003001 -t 1763714328 -paraList {"MemAvail":3280824,"OomAdj":0,"ProcessName":"com.hyperxray.an","PssOrRss":160285,"Reason":"stop com.hyperxray.an due to from process:5538"} success
11-21 11:38:48.071   823 24452 D MiEvent : ~MiEvent: this 0x7536c873c0, paylod=0xb4000077061f4ed0
11-21 11:38:48.072  3869  4718 I ActivityManager: note: ProcessRecord{8b366ad 25290:com.hyperxray.an/u0a567} died, saving the exit info
11-21 11:38:48.072  1854  1921 I ANDR-PWR-OPT: GAMEPOWEROPT: sendEvents() 231: Start hint for app com.hyperxray.an, hintID : 4243, hintID hex : 1093 value: 0
11-21 11:38:48.072  1872  1872 I vendor.qti.hardware.servicetrackeraidl-service: killProcess is called for pid : 25290
11-21 11:38:48.072  3869  4718 W ActivityTaskManager: Force removing ActivityRecord{139247785 u0 com.hyperxray.an/.activity.MainActivity t858 f}}: app died, no saved state
11-21 11:38:48.072  3869  4193 I ActivityManager: Update process exit info for com.hyperxray.an(25290/u10567)
11-21 11:38:48.072  3869  4718 D WindowManager: Collecting in transition 154: Task{42ec5cf #858 type=standard I=com.hyperxray.an/.activity.MainActivity} init visibleRequested:true
11-21 11:38:48.073  3869  4718 D WindowManager: Collecting in transition 154: ActivityRecord{139247785 u0 com.hyperxray.an/.activity.MainActivity t858 f}} init visibleRequested:false
11-21 11:38:48.073  1854  1921 I ANDR-PWR-OPT: PowerAppClassifier: getAppType() 59: checking app [com.hyperxray.an] is type 1
11-21 11:38:48.073  1854  1921 I ANDR-PWR-OPT: GAMEPOWEROPT: isGame() 348: com.hyperxray.an is Game = 1
11-21 11:38:48.073  3869  4718 D WindowManager: wms.Input focus has changed to null display=0 updateInputWindows = true
11-21 11:38:48.073  3869  4718 I MultiSenceManagerInternalStub: getInstance
11-21 11:38:48.074  2041  3321 W IPCThreadState: Sending oneway calls to frozen process.
11-21 11:38:48.074  3869  4718 I ActivityTaskManager: moveTaskToFront: Task{bf3d9c7 #2 type=home I=com.miui.home/.launcher.Launcher} caller trace:com.android.server.wm.TaskDisplayArea.onTaskMoved:457 com.android.server.wm.Task.updateTaskMovement:1725 com.android.server.wm.TaskDisplayArea.positionChildTaskAt:421 com.android.server.wm.TaskDisplayArea.positionChildAt:382 com.android.server.wm.WindowContainer.positionChildAt:1103 com.android.server.wm.Task.positionChildAt:3509 com.android.server.wm.Task.moveToFront:6002 com.android.server.wm.Task.moveToFront:5970 com.android.server.wm.ActivityRecord.moveFocusableActivityToTop:3831 com.android.server.wm.TaskDisplayArea.moveHomeActivityToTop:1789 
11-21 11:38:48.074  3869  4718 D PerfMTKStubImpl: perfLockAcquire
11-21 11:38:48.074  3869  4718 D PerfStubImpl: perfWarmLaunchBoost: com.miui.home, -1, 1
11-21 11:38:48.075  3869  4718 D WindowManager: Collecting in transition 154: ActivityRecord{164634397 u0 com.miui.home/.launcher.Launcher t2} init visibleRequested:false
11-21 11:38:48.075  1869  2140 E PERFHAL-UTIL: PERFHAL-UTIL: save_node_val() 266: Failed to read /sys/class/mmc_host/mmc0/clk_scaling/enable
11-21 11:38:48.075  1869  2140 E PERFHAL-OPTSHANDLER: PERFHAL-OPTSHANDLER: modify_sysfsnode() 1402: Failed to read /sys/class/mmc_host/mmc0/clk_scaling/enable
11-21 11:38:48.075  1869  2140 E PERFHAL-RESOURCEQS: PERFHAL-RESOURCEQS: AddAndApply() 159: Failed to apply optimization [11, 4]
11-21 11:38:48.075  1708  1708 D VRI[LauncherMinusOneScreen]: visibilityChanged oldVisibility=false newVisibility=true
11-21 11:38:48.076  3869  4718 D EventReceiver: foregroundChange uid  uid=10170 pkg=com.miui.home
11-21 11:38:48.076  3869  4718 D AurogonImmobulusMode: launch app processName = com.miui.home uid = 10170
11-21 11:38:48.076  3869  4718 D Transition: setReady 154 wc=Display{#0 state=ON size=1200x2670 ROTATION_0} ready=true
11-21 11:38:48.077  5636  5900 I DynamicDDSService: handleMessage(ACTIVITY_INVOKE{appInfo=com.miui.home isFullScreen=}true)
11-21 11:38:48.077  3869  4718 D MiuiRefreshRatePolicy: reset
11-21 11:38:48.077  3869  4961 D InetDiagMessage: Destroyed 6 sockets, proto=IPPROTO_TCP, family=AF_INET, states=14
11-21 11:38:48.078  3869  4961 D InetDiagMessage: Destroyed 0 sockets, proto=IPPROTO_TCP, family=AF_INET6, states=14
11-21 11:38:48.078  3869  4961 D InetDiagMessage: Destroyed live tcp sockets for uids={10567} in 2ms
11-21 11:38:48.078  1771  1771 D VRI[globalminusscreen]: visibilityChanged oldVisibility=false newVisibility=true
11-21 11:38:48.078  5387  5387 W ActivityThread: Activity top position already set to onTop=true
11-21 11:38:48.079  1854  1921 I ANDR-PWR-OPT: GAMEPOWEROPT: sendEvents() 231: Start hint for app com.miui.home/com.miui.home.launcher.Launcher/539461272, hintID : 4099, hintID hex : 1003 value: -1
11-21 11:38:48.079  1854  1921 I ANDR-PWR-OPT: PowerAppClassifier: getAppType() 59: checking app [com.miui.home] is type 0
11-21 11:38:48.079  1854  1921 I ANDR-PWR-OPT: GAMEPOWEROPT: isGame() 348: com.miui.home is Game = 0
11-21 11:38:48.079  3869  5956 I SmartPower: com.google.android.googlequicksearchbox:googleapp/10185(1708): idle->visible(64395ms) R(become visible) adj=800.
11-21 11:38:48.079  3869  5956 I SmartPower: com.google.android.googlequicksearchbox:search/10185(7189): idle->invisible(100656ms) R(become foreground) adj=800.
11-21 11:38:48.079  3869  5956 I SmartPower: com.google.android.googlequicksearchbox:interactor/10185(728): background->invisible(276731ms) R(become foreground) adj=100.
11-21 11:38:48.079  3869  4190 I libc    : kill: send 9 to pid -32411
11-21 11:38:48.079  3869  4190 I libc    : debug pid reuse, real pid -32411
11-21 11:38:48.080  5387  5387 D ArtChoreographerMonitor: invoke error.
11-21 11:38:48.080  5387  5387 D ViewRootImpl: Skipping stats log for color mode
11-21 11:38:48.080  3869  5956 W AppCompatLetterboxPolicy: start not layout letterbox Window{2e3d415 u0 LauncherMinusOneScreen}
11-21 11:38:48.080  5387  5387 D Launcher.Lifecycle: onStart:UserHandle{0},328837a,false
11-21 11:38:48.080  3869  5956 D MiuiRefreshRatePolicy: reset
11-21 11:38:48.080  5387  5387 D LauncherAssistantCompatGoogle: onStart com.google.android.libraries.gsa.launcherclient.LauncherClient@a6efe8
11-21 11:38:48.081  1708  1708 W libc    : Access denied finding property "vendor.gpp.create_frc_extension"
11-21 11:38:48.081  5898  6130 I SoScStageCoordinator: Transition requested:TransitionRequestInfo { type = CLOSE, triggerTask = TaskInfo{userId=0 taskId=858 effectiveUid=10567 displayId=0 isRunning=false baseIntent=Intent { act=android.intent.action.MAIN cat=[android.intent.category.LAUNCHER] flg=0x10200000 cmp=com.hyperxray.an/.activity.MainActivity } baseActivity=null topActivity=null origActivity=null realActivity=ComponentInfo{com.hyperxray.an/com.hyperxray.an.activity.MainActivity} numActivities=0 lastActiveTime=32905044 supportsSplitScreenMultiWindow=true mSoScDisplayMode=-1 supportsMultiWindow=true resizeMode=1 isResizeable=true minWidth=-1 minHeight=-1 defaultMinSize=200 token=WCT{android.window.IWindowContainerToken$Stub$Proxy@e957d18} topActivityType=1 pictureInPictureParams=null shouldDockBigOverlays=false launchIntoPipHostTaskId=-1 lastParentTaskIdBeforePip=-1 displayCutoutSafeInsets=Rect(0, 0 - 0, 0) topActivityInfo=null launchCookies=[] positionInParent=Point(0, 0) parentTaskId=-1 isFocused=true isVisible=true isVisibleRequested=true isTopActivityNoDisplay=false isSleeping=false locusId=null displayAreaFeatureId=1 isTopActivityTransparent=false isActivityStackTransparent=true lastNonFullscreenBounds=null capturedLink=null capturedLinkTimestamp=0 requestedVisibleTypes=-9 topActivityRequestOpenInBrowserEducationTimestamp=0 appCompatTaskInfo=AppCompatTaskInfo { topActivityInSizeCompat=false eligibleForLetterboxEducation= false topActivityInMiuiSizeCompat=false isLetterboxEducationEnabled= false isLetterboxDoubleTapEnabled= false eligibleForUserAspectRatioButton= false topActivityBoundsLetterboxed= false isFromLetterboxDoubleTap= false topActivityLetterboxVerticalPosition= -1 topActivityLetterboxHorizontalPosition= -1 topActivityLetterboxWidth=-1 topActivityLetterboxHeight=-1 topActivityAppBounds=Rect(0, 0 - 0, 0) isUserFullscreenOverrideEnabled=false isSystemFullscreenOverrideEnabled=false hasMinAspectRatioOverride=false topActivityLetterboxBounds=null cameraCompatTaskInfo=CameraCompatTaskInfo { freeformCameraCompatMode=undefined}} isImmersive=false mTopActivityRequestOrientation=-2 mBehindAppLockPkg=null mOriginatingUid=0 isEmbedded=false shouldBeVisible=false isCreatedByOrganizer=false mIsCastMode=false mTopActivityMediaSize=null mTopActivityRecordName=null mTopActivityOrientation=-2 topActivityMainWindowFrame=null}, pipChange = null, remoteTransition = null, displayChange = null, flags = 0, debugId = 154 } isSoScActive:false triggerTask:TaskInfo{userId=0 taskId=858 effectiveUid=10567 displayId=0 isRunning=false baseIntent=Intent { act=android.intent.action.MAIN cat=[android.intent.category.LAUNCHER] flg=0x10200000 cmp=com.hyperxray.an/.activity.MainActivity } baseActivity=null topActivity=null origActivity=null realActivity=ComponentInfo{com.hyperxray.an/com.hyperxray.an.activity.MainActivity} numActivities=0 lastActiveTime=32905044 supportsSplitScreenMultiWindow=true mSoScDisplayMode=-1 supportsMultiWindow=true resizeMode=1 isResizeable=true minWidth=-1 minHeight=-1 defaultMinSize=200 token=WCT{android.window.IWindowContainerToken$Stub$Proxy@e957d18} topActivityType=1 pictureInPictureParams=null shouldDockBigOverlays=false launchIntoPipHostTaskId=-1 lastParentTaskIdBeforePip=-1 displayCutoutSafeInsets=Rect(0, 0 - 0, 0) topActivityInfo=null launchCookies=[] positionInParent=Point(0, 0) parentTaskId=-1 isFocused=true isVisible=true isVisibleRequested=true isTopActivityNoDisplay=false isSleeping=false locusId=null displayAreaFeatureId=1 isTopActivityTransparent=false isActivityStackTransparent=true lastNonFullscreenBounds=null capturedLink=null capturedLinkTimestamp=0 requestedVisibleTypes=-9 topActivityRequestOpenInBrowserEducationTimestamp=0 appCompatTaskInfo=AppCompatTaskInfo { topActivityInSizeCompat=false eligibleForLetterboxEducation= false topActivityInMiuiSizeCompat=false isLetterboxEducationEnabled= false isLetterboxDoubleTapEnabled= false eligibleForUserAspectRatioButton= false topActivityBoundsLetterboxed= false isFromLetterboxDoubleTap= false topActivityLetterboxVerticalPosition= -1 topActivityLetterb
11-21 11:38:48.081  3869  6925 D WindowManager: Set transition=TransitionRecord{10325b1 id=154 type=CLOSE flags=0x0 c=[
11-21 11:38:48.081  3869  6925 D WindowManager:    ChangeInfo{bb92a96 container=Task{42ec5cf #858 type=standard I=com.hyperxray.an/.activity.MainActivity} flags=0x0}
11-21 11:38:48.081  3869  6925 D WindowManager:    ChangeInfo{ed50617 container=Display{#0 state=ON size=1200x2670 ROTATION_0} flags=0x0}
11-21 11:38:48.081  3869  6925 D WindowManager:    ChangeInfo{558ca04 container=ActivityRecord{139247785 u0 com.hyperxray.an/.activity.MainActivity t858 f} isExiting} flags=0x0}
11-21 11:38:48.081  3869  6925 D WindowManager:    ChangeInfo{7736bed container=ActivityRecord{164634397 u0 com.miui.home/.launcher.Launcher t2} flags=0x0}
11-21 11:38:48.081  3869  6925 D WindowManager:    ChangeInfo{d555a22 container=Task{a188bf4 #1 type=home} flags=0x0}
11-21 11:38:48.081  3869  6925 D WindowManager:    ChangeInfo{719ecb3 container=Task{bf3d9c7 #2 type=home I=com.miui.home/.launcher.Launcher} flags=0x0}
11-21 11:38:48.081  3869  6925 D WindowManager:    ChangeInfo{19a8270 container=DefaultTaskDisplayArea@261752289 flags=0x0}
11-21 11:38:48.081  3869  6925 D WindowManager: ]
11-21 11:38:48.081  3869  6925 D WindowManager: }, ready=true, SyncId=154 info=used=true, override=false, defer=0, states=Display{#0 state=ON size=1200x2670 ROTATION_0}:true reason=com.android.server.wm.Transition.applyReady:1233 com.android.server.wm.Transition.start:870 com.android.server.wm.WindowOrganizerController.startTransition:503 com.android.server.wm.WindowOrganizerController.startTransition:386 android.window.IWindowOrganizerController$Stub.onTransact:285 com.android.server.wm.WindowOrganizerController.onTransact:260 android.os.Binder.execTransactInternal:1433 android.os.Binder.execTransact:1372 
11-21 11:38:48.081  3869  5133 I NetworkBoostStatusManager: onForegroundInfoChanged uid:10170, isColdStart:false
11-21 11:38:48.081  3869  5133 I SLM-SRV-SLAToast: foreground uid:10170, isColdStart:false, isLinkTurboEnable:false
11-21 11:38:48.081  3869  5133 D NetworkSDKService: handleMultiAppsDualWifi isSet = false isEverOpened = false
11-21 11:38:48.081  3869  5236 D BackgroundInstallControlService: Package event received: 0
11-21 11:38:48.081  3869  5236 D BackgroundInstallControlService: Package event received: 0
11-21 11:38:48.081  3869  5236 D BackgroundInstallControlService: Package event received: 0
11-21 11:38:48.081  3869  5236 D BackgroundInstallControlService: Package event received: 0
11-21 11:38:48.081  5898  5898 D KeyguardEditorHelper: onTopActivityMayChanged, topActivity=ComponentInfo{com.miui.home/com.miui.home.launcher.Launcher}; mState=IDEL
11-21 11:38:48.081  5898  6130 D OneHandedController: stopOneHanded state is 0
11-21 11:38:48.081  3869  5133 D BluetoothAdapter: getActiveDevices(A2DP)
11-21 11:38:48.081  8547  8607 I GST     : forePkg: com.miui.home, preForePkg: com.hyperxray.an
11-21 11:38:48.082  3869  5157 I DisplayModeDirectorImpl: setSmartDisplayUpRefreshRatePolicy [0.0,120.0]
11-21 11:38:48.082  2041  2579 D MI-SF   : updateScene: module = 268 (Animation), value = 1, pkg = perf_interaction, Vrr = 0, mSetTpIdleFlag = 1
11-21 11:38:48.082  2041  2579 D MI-SF   : isIdleTimerSkip is 1,mSetIdleForceFlag = 0
11-21 11:38:48.082  2041  2579 D MI-SF   : updateScene mSetAnimationFlag status 1, vsync 120
11-21 11:38:48.082  5898  6130 D MiuiDecorationController: relayout::taskId=858, visible=true, bounds=Rect(0, 0 - 1200, 2670), focused=false, oldImmersive=false, newImmersive=false, windowMode=1, activityType=1, displayId=0, baseActivity=null, topActivity=null, callers=com.android.wm.shell.multitasking.miuimultiwinswitch.miuiwindowdecor.decoration.MiuiDecorationController.relayout:4 com.android.wm.shell.multitasking.miuimultiwinswitch.miuiwindowdecor.MulWinSwitchDecorViewModel.onTaskInfoChanged:18 com.android.wm.shell.fullscreen.FullscreenTaskListener.onTaskInfoChanged:33 com.android.wm.shell.ShellTaskOrganizer.onTaskInfoChanged:116 android.window.TaskOrganizer$1.lambda$onTaskInfoChanged$6:300 
11-21 11:38:48.081 13002 23500 E VkpnsPushProvider:Notifier:LoggingWebSocketListener: Websocket connection failed with null cause null
11-21 11:38:48.082  5898  6130 D MiuiDecorationDot: needTopCaption: baseActivity or topActivity is null, taskId=858
11-21 11:38:48.082  5387  6128 D EventBus: No subscribers registered for event class com.miui.home.recents.messages.RecentTasksChangedEvent
11-21 11:38:48.082  5387  6128 D EventBus: No subscribers registered for event class org.greenrobot.eventbus.NoSubscriberEvent
11-21 11:38:48.082  3869  4162 D MiuiRefreshRatePolicy: reset
11-21 11:38:48.082  3869  4162 I BLASTSyncEngine: SyncGroup 154:  Unfinished container:ActivityRecord{164634397 u0 com.miui.home/.launcher.Launcher t2}
11-21 11:38:48.082  3869  4162 I BLASTSyncEngine: isActivitySyncFinished isSyncFinished false ActivityRecord{164634397 u0 com.miui.home/.launcher.Launcher t2}
11-21 11:38:48.082  3869  4961 D InetDiagMessage: Destroyed 0 sockets, proto=IPPROTO_TCP, family=AF_INET, states=14
11-21 11:38:48.082  5387  6317 D RecentsModel: onTaskStackChangedBackground    MSG_TASK_STACK_CHANGE
11-21 11:38:48.082  5387  6317 D RecentsModel: boostTaskStackChangedThread once, tid=6317, recentResourceLoaderTid=6083
11-21 11:38:48.082  5387  6317 W MiBridge: Permission not granted !!
11-21 11:38:48.082  5387  6317 D Launcher.Boost: setDynamicVIPTaskIfNeeded::tid = 6317 duration = 500
11-21 11:38:48.082  7402   811 E BluetoothAdapterService: getActiveDevices: A2dpService is null
11-21 11:38:48.082  5898  6130 D MiuiDecorationDot: releaseViews_TopCaption: taskId=858
11-21 11:38:48.082  3869  5133 D BluetoothAdapter: getActiveDevices(HEADSET)
11-21 11:38:48.082  5898  6130 D MiuiDecorationDot: releaseViews_TopCaption: taskId=858
11-21 11:38:48.082  3869  4961 D InetDiagMessage: Destroyed 0 sockets, proto=IPPROTO_TCP, family=AF_INET6, states=14
11-21 11:38:48.082  5898  6130 D MiuiDecorationBottom: releaseViews_BottomCaption: taskId=858
11-21 11:38:48.082  5898  6130 D MiuiDecorationBottom: releaseViews_BottomCaption: taskId=858
11-21 11:38:48.082  3869  4961 D InetDiagMessage: Destroyed live tcp sockets for uids={20567} in 4ms
11-21 11:38:48.083  3869  4159 D Aurogon :  uid = 10170 switch to FG
11-21 11:38:48.083  3869  5166 I CamOpt_Booster: triggerAdjustParams mIsCameraBackToHome : false; mIsAnimationStart: true
11-21 11:38:48.083  1708  1708 W libc    : Access denied finding property "vendor.gpp.create_frc_extension"
11-21 11:38:48.083  3437 11533 D DFS-AppUsageTracker: Fg changed, new=com.miui.home, but charging.
11-21 11:38:48.083  8547  8607 D VENUS_GAMEAI_START_GameAiStartManager: Ú½İ×â¢µùÂÕê╗µ£¬Õ«ë×úà
11-21 11:38:48.077  1708  1708 W chbox:googleapp: type=1400 audit(0.0:13634): avc:  denied  { read } for  name="u:object_r:vendor_frc_prop:s0" dev="tmpfs" ino=522 scontext=u:r:priv_app:s0:c512,c768 tcontext=u:object_r:vendor_frc_prop:s0 tclass=file permissive=0 app=com.google.android.googlequicksearchbox
11-21 11:38:48.077  1708  1708 W chbox:googleapp: type=1400 audit(0.0:13635): avc:  denied  { read } for  name="u:object_r:vendor_frc_prop:s0" dev="tmpfs" ino=522 scontext=u:r:priv_app:s0:c512,c768 tcontext=u:object_r:vendor_frc_prop:s0 tclass=file permissive=0 app=com.google.android.googlequicksearchbox
11-21 11:38:48.083  7402   811 E BluetoothAdapterService: getActiveDevices: HeadsetService is null
11-21 11:38:48.083  3869  5133 D BluetoothAdapter: getActiveDevices(LE_AUDIO)
11-21 11:38:48.083  3869  4082 I ATMSImpl: cacheTasksForDefaultDisplay size=2
11-21 11:38:48.083  1708  1708 D VRI[LauncherMinusOneScreen]: vri.reportNextDraw 0 Rect(0, 0 - 1200, 2670) android.view.ViewRootImpl.performTraversals:5151 android.view.ViewRootImpl.doTraversal:3747 android.view.ViewRootImpl$TraversalRunnable.run:11968 android.view.Choreographer$CallbackRecord.run:1921 android.view.Choreographer$CallbackRecord.run:1930 
11-21 11:38:48.083  1708  1708 D VRI[LauncherMinusOneScreen]: vri.Setup new sync=wmsSync-VRI[LauncherMinusOneScreen]#92
11-21 11:38:48.083  3869  6247 E TransitionChain: Mismatch between current collecting (TransitionRecord{10325b1 id=154 type=CLOSE flags=0x0 c=[
11-21 11:38:48.083  3869  6247 E TransitionChain:    ChangeInfo{bb92a96 container=Task{42ec5cf #858 type=standard I=com.hyperxray.an/.activity.MainActivity} flags=0x0}
11-21 11:38:48.083  3869  6247 E TransitionChain:    ChangeInfo{ed50617 container=Display{#0 state=ON size=1200x2670 ROTATION_0} flags=0x0}
11-21 11:38:48.083  3869  6247 E TransitionChain:    ChangeInfo{558ca04 container=ActivityRecord{139247785 u0 com.hyperxray.an/.activity.MainActivity t858 f} isExiting} flags=0x0}
11-21 11:38:48.083  3869  6247 E TransitionChain:    ChangeInfo{7736bed container=ActivityRecord{164634397 u0 com.miui.home/.launcher.Launcher t2} flags=0x0}
11-21 11:38:48.083  3869  6247 E TransitionChain:    ChangeInfo{d555a22 container=Task{a188bf4 #1 type=home} flags=0x0}
11-21 11:38:48.083  3869  6247 E TransitionChain:    ChangeInfo{719ecb3 container=Task{bf3d9c7 #2 type=home I=com.miui.home/.launcher.Launcher} flags=0x0}
11-21 11:38:48.083  3869  6247 E TransitionChain:    ChangeInfo{19a8270 container=DefaultTaskDisplayArea@261752289 flags=0x0}
11-21 11:38:48.083  3869  6247 E TransitionChain: ]
11-21 11:38:48.083  3869  6247 E TransitionChain: }) and chain (TransitionRecord{10325b1 id=154 type=CLOSE flags=0x0 c=[
11-21 11:38:48.083  3869  6247 E TransitionChain:    ChangeInfo{bb92a96 container=Task{42ec5cf #858 type=standard I=com.hyperxray.an/.activity.MainActivity} flags=0x0}
11-21 11:38:48.083  3869  6247 E TransitionChain:    ChangeInfo{ed50617 container=Display{#0 state=ON size=1200x2670 ROTATION_0} flags=0x0}
11-21 11:38:48.083  3869  6247 E TransitionChain:    ChangeInfo{558ca04 container=ActivityRecord{139247785 u0 com.hyperxray.an/.activity.MainActivity t858 f} isExiting} flags=0x0}
11-21 11:38:48.083  3869  6247 E TransitionChain:    ChangeInfo{7736bed container=ActivityRecord{164634397 u0 com.miui.home/.launcher.Launcher t2} flags=0x0}
11-21 11:38:48.083  3869  6247 E TransitionChain:    ChangeInfo{d555a22 container=Task{a188bf4 #1 type=home} flags=0x0}
11-21 11:38:48.083  3869  6247 E TransitionChain:    ChangeInfo{719ecb3 container=Task{bf3d9c7 #2 type=home I=com.miui.home/.launcher.Launcher} flags=0x0}
11-21 11:38:48.083  3869  6247 E TransitionChain:    ChangeInfo{19a8270 container=DefaultTaskDisplayArea@261752289 flags=0x0}
11-21 11:38:48.083  3869  6247 E TransitionChain: ]
11-21 11:38:48.083  3869  6247 E TransitionChain: })
11-21 11:38:48.083  3869  6247 D ActivityTaskManager:  setSkipCaptureLayers tr: Task{42ec5cf #858 type=standard I=com.hyperxray.an/.activity.MainActivity}
11-21 11:38:48.084  3437  4318 D powerkeeper.dfsmutstart: get last app com.hyperxray.an duration is over 1 min
11-21 11:38:48.084  5898  6130 I MultiTaskingTaskRepository: needSkip::taskInfo.baseActivity = null
11-21 11:38:48.084  5898  6130 D MiuiDecorationHomeController: relayout::taskId=1, visible=false, focused=true, activityType=2, displayId=0, baseActivity=ComponentInfo{com.miui.home/com.miui.home.launcher.Launcher}, topActivity=ComponentInfo{com.miui.home/com.miui.home.launcher.Launcher}, callers=com.android.wm.shell.multitasking.miuimultiwinswitch.miuiwindowdecor.decoration.MiuiDecorationController.relayout:4 com.android.wm.shell.multitasking.miuimultiwinswitch.miuiwindowdecor.MulWinSwitchDecorViewModel.onTaskInfoChanged:18 com.android.wm.shell.fullscreen.FullscreenTaskListener.onTaskInfoChanged:33 com.android.wm.shell.ShellTaskOrganizer.onTaskInfoChanged:116 android.window.TaskOrganizer$1.lambda$onTaskInfoChanged$6:300 
11-21 11:38:48.084  5898  6130 D MiuiDecorationBottom: releaseViews_HomeBottomCaption: taskId=1
11-21 11:38:48.084  5387  6317 D RecentsModel: getRunningTask ignoreActivityType : 2 ,ignoreWindowMode:5
11-21 11:38:48.084  5898  6130 I MultiTaskingTaskRepository: needSkip::is home task
11-21 11:38:48.084  5387  6317 W RecentsModel: getRunningTask   taskInfo=TaskInfo{userId=0 taskId=848 effectiveUid=1000 displayId=0 isRunning=true baseIntent=Intent { act=android.settings.APPLICATION_DETAILS_SETTINGS dat=package: flg=0x10008000 cmp=com.android.settings/.applications.InstalledAppDetails } baseActivity=ComponentInfo{com.miui.securitycenter/com.miui.appmanager.ApplicationsDetailsActivity} topActivity=ComponentInfo{com.miui.securitycenter/com.miui.appmanager.ApplicationsDetailsActivity} origActivity=ComponentInfo{com.android.settings/com.android.settings.applications.InstalledAppDetails} realActivity=ComponentInfo{com.android.settings/com.android.settings.applications.InstalledAppDetailsTop} numActivities=1 lastActiveTime=32304410 supportsSplitScreenMultiWindow=true mSoScDisplayMode=-1 supportsMultiWindow=true resizeMode=1 isResizeable=true minWidth=-1 minHeight=-1 defaultMinSize=200 token=WCT{android.window.IWindowContainerToken$Stub$Proxy@ebf46cd} topActivityType=1 pictureInPictureParams=null shouldDockBigOverlays=false launchIntoPipHostTaskId=-1 lastParentTaskIdBeforePip=-1 displayCutoutSafeInsets=Rect(0, 120 - 0, 0) topActivityInfo=ActivityInfo{e91cb82 com.miui.appmanager.ApplicationsDetailsActivity} launchCookies=[] positionInParent=Point(0, 0) parentTaskId=-1 isFocused=false isVisible=false isVisibleRequested=false isTopActivityNoDisplay=false isSleeping=false locusId=null displayAreaFeatureId=1 isTopActivityTransparent=false isActivityStackTransparent=false lastNonFullscreenBounds=null capturedLink=null capturedLinkTimestamp=0 requestedVisibleTypes=-9 topActivityRequestOpenInBrowserEducationTimestamp=0 appCompatTaskInfo=AppCompatTaskInfo { topActivityInSizeCompat=false eligibleForLetterboxEducation= false topActivityInMiuiSizeCompat=false isLetterboxEducationEnabled= false isLetterboxDoubleTapEnabled= false eligibleForUserAspectRatioButton= false topActivityBoundsLetterboxed= false isFromLetterboxDoubleTap= false topActivityLetterboxVerticalPosition= -1 topActivityLetterboxHorizontalPosition= -1 topActivityLetterboxWidth=-1 topActivityLetterboxHeight=-1 topActivityAppBounds=Rect(0, 120 - 1200, 2618) isUserFullscreenOverrideEnabled=false isSystemFullscreenOverrideEnabled=false hasMinAspectRatioOverride=false topActivityLetterboxBounds=null cameraCompatTaskInfo=CameraCompatTaskInfo { freeformCameraCompatMode=inactive}} isImmersive=false mTopActivityRequestOrientation=-2 mBehindAppLockPkg=null mOriginatingUid=0 isEmbedded=false shouldBeVisible=false isCreatedByOrganizer=false mIsCastMode=false mTopActivityMediaSize=null mTopActivityRecordName=ActivityRecord{145323234 u0 com.miui.securitycenter/com.miui.appmanager.ApplicationsDetailsActivity t848} mTopActivityOrientation=-2 topActivityMainWindowFrame=null}
11-21 11:38:48.084  5387  6317 D RecentsModel: preloadRecents runningTaskId:848, mCurrentRunningTaskId:-1, mRecentsTaskLoadPlan=com.android.systemui.shared.recents.model.RecentsTaskLoadPlan@8a17293
11-21 11:38:48.084  5387  6317 E ActivityManagerWrapper: get all recent tasks force including 848
11-21 11:38:48.084  5898  6130 D MiuiFreeformModeController: onFocusTaskChanged taskInfo: TaskInfo{userId=0 taskId=1 effectiveUid=0 displayId=0 isRunning=true baseIntent=Intent { act=android.intent.action.MAIN cat=[android.intent.category.HOME] flg=0x10000100 cmp=com.miui.home/.launcher.Launcher } baseActivity=ComponentInfo{com.miui.home/com.miui.home.launcher.Launcher} topActivity=ComponentInfo{com.miui.home/com.miui.home.launcher.Launcher} origActivity=null realActivity=null numActivities=1 lastActiveTime=17264 supportsSplitScreenMultiWindow=true mSoScDisplayMode=-1 supportsMultiWindow=true resizeMode=2 isResizeable=true minWidth=-1 minHeight=-1 defaultMinSize=200 token=WCT{android.window.IWindowContainerToken$Stub$Proxy@a53c371} topActivityType=2 pictureInPictureParams=null shouldDockBigOverlays=false launchIntoPipHostTaskId=-1 lastParentTaskIdBeforePip=-1 displayCutoutSafeInsets=Rect(0, 0 - 0, 0) topActivityInfo=ActivityInfo{59cd556 com.miui.home.launcher.Launcher} launchCookies=[] positionInParent=Point(0, 0) parentTaskId=-1 isFocused=true isVisible=false isVisibleRequested=true isTopActivityNoDisplay=false isSleeping=false locusId=null displayAreaFeatureId=1 isTopActivityTransparent=false isActivityStackTransparent=false lastNonFullscreenBounds=null capturedLink=null capturedLinkTimestamp=0 requestedVisibleTypes=-9 topActivityRequestOpenInBrowserEducationTimestamp=0 appCompatTaskInfo=AppCompatTaskInfo { topActivityInSizeCompat=false eligibleForLetterboxEducation= false topActivityInMiuiSizeCompat=false isLetterboxEducationEnabled= false isLetterboxDoubleTapEnabled= false eligibleForUserAspectRatioButton= false topActivityBoundsLetterboxed= false isFromLetterboxDoubleTap= false topActivityLetterboxVerticalPosition= -1 topActivityLetterboxHorizontalPosition= -1 topActivityLetterboxWidth=-1 topActivityLetterboxHeight=-1 topActivityAppBounds=Rect(0, 120 - 1200, 2618) isUserFullscreenOverrideEnabled=false isSystemFullscreenOverrideEnabled=false hasMinAspectRatioOverride=false topActivityLetterboxBounds=null cameraCompatTaskInfo=CameraCompatTaskInfo { freeformCameraCompatMode=inactive}} isImmersive=false mTopActivityRequestOrientation=-2 mBehindAppLockPkg=null mOriginatingUid=0 isEmbedded=false shouldBeVisible=true isCreatedByOrganizer=false mIsCastMode=false mTopActivityMediaSize=null mTopActivityRecordName=ActivityRecord{164634397 u0 com.miui.home/.launcher.Launcher t2} mTopActivityOrientation=1 topActivityMainWindowFrame=null}
11-21 11:38:48.084  3869  5236 D BackgroundInstallControlService: Package event received: 0
11-21 11:38:48.084  3869  5236 D BackgroundInstallControlService: Package event received: 0
11-21 11:38:48.084  7402   811 E BluetoothAdapterService: getActiveDevices: LeAudioService is null
11-21 11:38:48.084  1989  5065 D AudioFlingerImpl: setGameParameters keyvalue: bluetoothlowlatencystatus=false;foregroundUid=10170
11-21 11:38:48.084  1989  5065 D DeviceHalAidl: [default] setParameters: parameters: "bluetoothlowlatencystatus=false;foregroundUid=10170"
11-21 11:38:48.085  1851  1851 I AHAL_ModulePrimary_MI: setVendorParameters: parameter count 2, async: 0
11-21 11:38:48.085  1851  1851 D AHAL_ModulePrimary_MI: setVendorParameters parameters id = bluetoothlowlatencystatus
11-21 11:38:48.085  1851  1851 D AHAL_ModulePrimary_MI: setVendorParameters parameters id = foregroundUid
11-21 11:38:48.085  1851  1851 D AHAL_ModulePrimary_QTI: setVendorParameters: parameter count 2, async: 0
11-21 11:38:48.085  1851  1851 D AHAL_HFP_QTI: hfp_set_parameters enter
11-21 11:38:48.085  1851  1851 D AHAL_HFP_QTI: hfp_set_parameters Exit
11-21 11:38:48.085  1851  1851 D AHAL_HFP_QTI: hfp_set_parameters enter
11-21 11:38:48.085  1851  1851 D AHAL_HFP_QTI: hfp_set_parameters Exit
11-21 11:38:48.085  1989  5065 D DeviceHalAidl: [usb] setParameters: parameters: "bluetoothlowlatencystatus=false;foregroundUid=10170"
11-21 11:38:48.085  1989  5065 E ConversionHelperAidl: Function: parseAndSetVendorParameters Line: 94 Failed 
11-21 11:38:48.085  1989  5065 D DeviceHalAidl: [r_submix] setParameters: parameters: "bluetoothlowlatencystatus=false;foregroundUid=10170"
11-21 11:38:48.085  1989  5065 E ConversionHelperAidl: Function: parseAndSetVendorParameters Line: 94 Failed 
11-21 11:38:48.085  1989  5065 D DeviceHalAidl: [bluetooth] setParameters: parameters: "bluetoothlowlatencystatus=false;foregroundUid=10170"
11-21 11:38:48.085  1989  5065 E ConversionHelperAidl: Function: parseAndSetVendorParameters Line: 94 Failed 
11-21 11:38:48.085  3869  7194 I SmartPower: com.mi.globalminusscreen/10182(1771): idle->visible(100665ms) R(become visible) adj=0.
11-21 11:38:48.085  3869  7194 W AppCompatLetterboxPolicy: start not layout letterbox Window{9585a0b u0 LauncherOverlayWindow:com.mi.globalminusscreen}
11-21 11:38:48.085  3869  7194 W AppCompatLetterboxPolicy: start not layout letterbox Window{2e3d415 u0 LauncherMinusOneScreen}
11-21 11:38:48.085  3869  7194 D MiuiRefreshRatePolicy: reset
11-21 11:38:48.085  3869  7194 I BLASTSyncEngine: SyncGroup 154:  Unfinished container:ActivityRecord{164634397 u0 com.miui.home/.launcher.Launcher t2}
11-21 11:38:48.085  3869  7194 I BLASTSyncEngine: isActivitySyncFinished isSyncFinished false ActivityRecord{164634397 u0 com.miui.home/.launcher.Launcher t2}
11-21 11:38:48.085  3845  3866 D v1      : myUserId = 0	currentUserId0
11-21 11:38:48.086  3437 12176 D PerfEngineController: ForegroundInfo{mForegroundPackageName='com.miui.home', mForegroundUid=10170, mForegroundPid=5387, mForegroundDisplayId=0, mLastForegroundPackageName='com.hyperxray.an', mLastForegroundUid=10567, mLastForegroundPid=25290, mLastForegroundDisplayId=0, mMultiWindowForegroundPackageName='com.miui.home', mMultiWindowForegroundUid=10170, mFlags=0}
11-21 11:38:48.086  3845  3866 I ProcessMonitor: onForegroundInfoChanged: ForegroundInfo{mForegroundPackageName='com.miui.home', mForegroundUid=10170, mForegroundPid=5387, mForegroundDisplayId=0, mLastForegroundPackageName='com.hyperxray.an', mLastForegroundUid=10567, mLastForegroundPid=25290, mLastForegroundDisplayId=0, mMultiWindowForegroundPackageName='com.miui.home', mMultiWindowForegroundUid=10170, mFlags=0}
11-21 11:38:48.086  5840  6495 D NetworkMetricsController: processUidChangeEvent :activity is:ComponentInfo{com.miui.home/com.miui.home.launcher.Launcher}
11-21 11:38:48.086  5840  6495 D NetworkMetricsController: processUidChangeEvent :mCurApptype is NONE tempAppType is NONE
11-21 11:38:48.086  5387  6317 E ActivityManagerWrapper: getRecentTasksForceIncludingTaskIdIfValid: getRecentTasks: size=2
11-21 11:38:48.086  5387  6317 E ActivityManagerWrapper:  mainTaskId=858   userId=0   windowMode=1   baseIntent=Intent { act=android.intent.action.MAIN flag=270532608 cmp=ComponentInfo{com.hyperxray.an/com.hyperxray.an.activity.MainActivity} }
11-21 11:38:48.086  5387  6317 E ActivityManagerWrapper:  mainTaskId=848   userId=0   windowMode=1   baseIntent=Intent { act=android.settings.APPLICATION_DETAILS_SETTINGS flag=268468224 cmp=ComponentInfo{com.android.settings/com.android.settings.applications.InstalledAppDetails} }
11-21 11:38:48.086  5387  6317 D TaskSnapshotCompatVV: getIsInvalidateFromTaskSnapshot, return, mTaskSnapshot=null, mTaskSnapshotClazz=null
11-21 11:38:48.087  3869  5236 D BackgroundInstallControlService: Package event received: 0
11-21 11:38:48.087  3869  5236 D BackgroundInstallControlService: Package event received: 0
11-21 11:38:48.087  3869  5236 D BackgroundInstallControlService: Package event received: 0
11-21 11:38:48.087  3869  5236 D BackgroundInstallControlService: Package event received: 0
11-21 11:38:48.087  3869  5236 D BackgroundInstallControlService: Package event received: 0
11-21 11:38:48.087  3869  5236 D BackgroundInstallControlService: Package event received: 0
11-21 11:38:48.087  3869  5236 D BackgroundInstallControlService: Package event received: 0
11-21 11:38:48.087  3869  5236 D BackgroundInstallControlService: Package event received: 0
11-21 11:38:48.087  3869  5236 D BackgroundInstallControlService: Package event received: 0
11-21 11:38:48.087  3869  5236 D BackgroundInstallControlService: Package event received: 0
11-21 11:38:48.087  3869  5236 D BackgroundInstallControlService: Package event received: 0
11-21 11:38:48.087  3869  5236 D BackgroundInstallControlService: Package event received: 0
11-21 11:38:48.087  3869  5236 D BackgroundInstallControlService: Package event received: 0
11-21 11:38:48.087  3869  5236 D BackgroundInstallControlService: Package event received: 0
11-21 11:38:48.087  3869  5236 D BackgroundInstallControlService: Package event received: 0
11-21 11:38:48.087  3869  5236 D BackgroundInstallControlService: Package event received: 0
11-21 11:38:48.087  3869  5236 D BackgroundInstallControlService: Package event received: 0
11-21 11:38:48.087  3869  5236 D BackgroundInstallControlService: Package event received: 0
11-21 11:38:48.087  3869  5236 D BackgroundInstallControlService: Package event received: 0
11-21 11:38:48.087  3869  5236 D BackgroundInstallControlService: Package event received: 0
11-21 11:38:48.087  3869  5236 D BackgroundInstallControlService: Package event received: 0
11-21 11:38:48.087  3869  5236 D BackgroundInstallControlService: Package event received: 0
11-21 11:38:48.087  3869  5236 D BackgroundInstallControlService: Package event received: 0
11-21 11:38:48.087  3869  5236 D BackgroundInstallControlService: Package event received: 0
11-21 11:38:48.087  3869  5236 D BackgroundInstallControlService: Package event received: 0
11-21 11:38:48.087  3869  5236 D BackgroundInstallControlService: Package event received: 0
11-21 11:38:48.087  3869  5236 D BackgroundInstallControlService: Package event received: 0
11-21 11:38:48.087  3869  5236 D BackgroundInstallControlService: Package event received: 0
11-21 11:38:48.087  3869  5236 D BackgroundInstallControlService: Package event received: 0
11-21 11:38:48.087  3869  5236 D BackgroundInstallControlService: Package event received: 0
11-21 11:38:48.087  3869  5236 D BackgroundInstallControlService: Package event received: 0
11-21 11:38:48.087  3869  5236 D BackgroundInstallControlService: Package event received: 0
11-21 11:38:48.087  3869  5236 D BackgroundInstallControlService: Package event received: 0
11-21 11:38:48.087  3869  4718 W ProcessStats: Tracking association SourceState{db3e3dc com.xiaomi.mirror/1000 BTop #40633} whose proc state 2 is better than process ProcessState{e7be26f com.miui.powerkeeper/1000 pkg=com.miui.powerkeeper} proc state 3 (264 skipped)
11-21 11:38:48.087  3869  4718 I ClipboardServiceI: removeActivePermissionOwnerForPackage: paste client  clear self pkg = com.hyperxray.an
11-21 11:38:48.088  3869  4718 D Transition: setReady 154 wc=Display{#0 state=ON size=1200x2670 ROTATION_0} ready=true
11-21 11:38:48.088  3869  4718 D WindowManager: Set transition=TransitionRecord{10325b1 id=154 type=CLOSE flags=0x0 c=[
11-21 11:38:48.088  3869  4718 D WindowManager:    ChangeInfo{bb92a96 container=Task{42ec5cf #858 type=standard I=com.hyperxray.an/.activity.MainActivity} flags=0x0}
11-21 11:38:48.088  3869  4718 D WindowManager:    ChangeInfo{ed50617 container=Display{#0 state=ON size=1200x2670 ROTATION_0} flags=0x0}
11-21 11:38:48.088  3869  4718 D WindowManager:    ChangeInfo{558ca04 container=ActivityRecord{139247785 u0 com.hyperxray.an/.activity.MainActivity t858 f} isExiting} flags=0x0}
11-21 11:38:48.088  3869  4718 D WindowManager:    ChangeInfo{7736bed container=ActivityRecord{164634397 u0 com.miui.home/.launcher.Launcher t2} flags=0x0}
11-21 11:38:48.088  3869  4718 D WindowManager:    ChangeInfo{d555a22 container=Task{a188bf4 #1 type=home} flags=0x0}
11-21 11:38:48.088  3869  4718 D WindowManager:    ChangeInfo{719ecb3 container=Task{bf3d9c7 #2 type=home I=com.miui.home/.launcher.Launcher} flags=0x0}
11-21 11:38:48.088  3869  4718 D WindowManager:    ChangeInfo{19a8270 container=DefaultTaskDisplayArea@261752289 flags=0x0}
11-21 11:38:48.088  3869  4718 D WindowManager: ]
11-21 11:38:48.088  3869  4718 D WindowManager: }, ready=true, SyncId=154 info=used=true, override=false, defer=0, states=Display{#0 state=ON size=1200x2670 ROTATION_0}:true reason=com.android.server.wm.Transition.applyReady:1233 com.android.server.wm.Transition.setReady:1215 com.android.server.wm.TransitionController.setReady:1149 com.android.server.wm.TransitionController.setReady:1154 com.android.server.wm.DisplayContent.executeAppTransition:6086 com.android.server.wm.TaskFragment.executeAppTransition:2603 com.android.server.wm.RootWindowContainer.lambda$resumeFocusedTasksTopActivities$21:2855 com.android.server.wm.RootWindowContainer$$ExternalSyntheticLambda46.accept:0 
11-21 11:38:48.088  3869  4718 D Transition: setReady 154 wc=Display{#0 state=ON size=1200x2670 ROTATION_0} ready=true
11-21 11:38:48.088  3869  4718 D WindowManager: Set transition=TransitionRecord{10325b1 id=154 type=CLOSE flags=0x0 c=[
11-21 11:38:48.088  3869  4718 D WindowManager:    ChangeInfo{bb92a96 container=Task{42ec5cf #858 type=standard I=com.hyperxray.an/.activity.MainActivity} flags=0x0}
11-21 11:38:48.088  3869  4718 D WindowManager:    ChangeInfo{ed50617 container=Display{#0 state=ON size=1200x2670 ROTATION_0} flags=0x0}
11-21 11:38:48.088  3869  4718 D WindowManager:    ChangeInfo{558ca04 container=ActivityRecord{139247785 u0 com.hyperxray.an/.activity.MainActivity t858 f} isExiting} flags=0x0}
11-21 11:38:48.088  3869  4718 D WindowManager:    ChangeInfo{7736bed container=ActivityRecord{164634397 u0 com.miui.home/.launcher.Launcher t2} flags=0x0}
11-21 11:38:48.088  3869  4718 D WindowManager:    ChangeInfo{d555a22 container=Task{a188bf4 #1 type=home} flags=0x0}
11-21 11:38:48.088  3869  4718 D WindowManager:    ChangeInfo{719ecb3 container=Task{bf3d9c7 #2 type=home I=com.miui.home/.launcher.Launcher} flags=0x0}
11-21 11:38:48.088  3869  4718 D WindowManager:    ChangeInfo{19a8270 container=DefaultTaskDisplayArea@261752289 flags=0x0}
11-21 11:38:48.088  3869  4718 D WindowManager: ]
11-21 11:38:48.088  3869  4718 D WindowManager: }, ready=true, SyncId=154 info=used=true, override=false, defer=0, states=Display{#0 state=ON size=1200x2670 ROTATION_0}:true reason=com.android.server.wm.Transition.applyReady:1233 com.android.server.wm.Transition.setReady:1215 com.android.server.wm.TransitionController.setReady:1149 com.android.server.wm.TransitionController.setReady:1154 com.android.server.wm.DisplayContent.executeAppTransition:6086 com.android.server.wm.TaskFragment.executeAppTransition:2603 com.android.server.wm.TaskFragment.resumeTopActivity:1595 com.android.server.wm.Task.resumeTopActivityInnerLocked:6372 
11-21 11:38:48.088  3869  4718 I AppsFilter: interaction: PackageSetting{f7d3161 com.android.microdroid.empty_payload/10308} -> PackageSetting{bfc0b7a com.hyperxray.an/10567} BLOCKED
11-21 11:38:48.088  3869  4233 W ActivityManager: Unable to open /sys/fs/cgroup/apps/uid_10182/pid_4290/cgroup.procs
11-21 11:38:48.088  3869  4233 W ActivityManager: java.io.FileNotFoundException: /sys/fs/cgroup/apps/uid_10182/pid_4290/cgroup.procs: open failed: ENOENT (No such file or directory)
11-21 11:38:48.088  3869  4233 W ActivityManager: 	at libcore.io.IoBridge.open(IoBridge.java:574)
11-21 11:38:48.088  3869  4233 W ActivityManager: 	at java.io.FileInputStream.<init>(FileInputStream.java:179)
11-21 11:38:48.088  3869  4233 W ActivityManager: 	at java.io.FileInputStream.<init>(FileInputStream.java:133)
11-21 11:38:48.088  3869  4233 W ActivityManager: 	at com.android.server.am.PhantomProcessList$Injector.openCgroupProcs(PhantomProcessList.java:616)
11-21 11:38:48.088  3869  4233 W ActivityManager: 	at com.android.server.am.PhantomProcessList.lookForPhantomProcessesLocked(PhantomProcessList.java:150)
11-21 11:38:48.088  3869  4233 W ActivityManager: 	at com.android.server.am.PhantomProcessList.setProcessGroupForPhantomProcessOfApp(PhantomProcessList.java:545)
11-21 11:38:48.088  3869  4233 W ActivityManager: 	at com.android.server.am.OomAdjuster.lambda$new$0(OomAdjuster.java:586)
11-21 11:38:48.088  3869  4233 W ActivityManager: 	at com.android.server.am.OomAdjuster.$r8$lambda$uOb2fkEfiodlL-R7ljyXmiY1wCQ(Unknown Source:0)
11-21 11:38:48.088  3869  4233 W ActivityManager: 	at com.android.server.am.OomAdjuster$$ExternalSyntheticLambda0.handleMessage(D8$$SyntheticClass:0)
11-21 11:38:48.088  3869  4233 W ActivityManager: 	at android.os.Handler.dispatchMessage(Handler.java:106)
11-21 11:38:48.088  3869  4233 W ActivityManager: 	at android.os.Looper.loopOnce(Looper.java:265)
11-21 11:38:48.088  3869  4233 W ActivityManager: 	at android.os.Looper.loop(Looper.java:358)
11-21 11:38:48.088  3869  4233 W ActivityManager: 	at android.os.HandlerThread.run(HandlerThread.java:85)
