11-21 22:47:48.166 19400 19573 D DnsCacheManager: âœ… DNS negative cache HIT: cdn.linkedin.com (NXDOMAIN) [10585Î¼s]
11-21 22:47:48.166 19400 19573 D SystemDnsCacheServer: âš ï¸ DNS CACHE MISS (resolveDomain): cdn.linkedin.com, resolving from upstream with retry...
11-21 22:47:48.167 19400 19494 D DnsCacheManager: ðŸ” Checking DNS cache for: cdn.netflix.com
11-21 22:47:48.167 19400 19494 D SystemDnsCacheServer: âš ï¸ DNS CACHE MISS (resolveDomain): cdn.netflix.com, resolving from upstream with retry...
11-21 22:47:48.167 19400 19505 D DnsCacheManager: ðŸ” Checking DNS cache for: doubleclick.net
11-21 22:47:48.168 19400 19505 I DnsCacheManager: âœ… DNS cache HIT: doubleclick.net -> [173.194.76.100, 173.194.76.101, 173.194.76.138, 173.194.76.102, 173.194.76.139, 173.194.76.113] (age: 939s) [106Î¼s]
11-21 22:47:48.168 19400 19505 D SystemDnsCacheServer: âœ… DNS CACHE HIT (resolveDomain): doubleclick.net -> [173.194.76.100, 173.194.76.101, 173.194.76.138, 173.194.76.102, 173.194.76.139, 173.194.76.113]
11-21 22:47:48.168 19400 19505 D SystemDnsCacheServer: âœ… Warm-up [Tier 1]: doubleclick.net -> [173.194.76.100, 173.194.76.101, 173.194.76.138, 173.194.76.102, 173.194.76.139, 173.194.76.113]
11-21 22:47:48.171 19400 19519 I DnsCacheManager: âœ… DNS cache HIT: google-analytics.com -> [142.250.179.68] (age: 938s) [11803Î¼s]
11-21 22:47:48.171 19400 19519 D SystemDnsCacheServer: âœ… DNS CACHE HIT (resolveDomain): google-analytics.com -> [142.250.179.68]
11-21 22:47:48.171 19400 19505 D DnsCacheManager: ðŸ” Checking DNS cache for: googlesyndication.com
11-21 22:47:48.171 19400 19519 D SystemDnsCacheServer: âœ… Warm-up [Tier 1]: google-analytics.com -> [142.250.179.68]
11-21 22:47:48.171 19400 19505 I DnsCacheManager: âœ… DNS cache HIT: googlesyndication.com -> [74.125.206.106, 74.125.206.105, 74.125.206.99, 74.125.206.103, 74.125.206.147, 74.125.206.104] (age: 939s) [68Î¼s]
11-21 22:47:48.172 19400 19505 D SystemDnsCacheServer: âœ… DNS CACHE HIT (resolveDomain): googlesyndication.com -> [74.125.206.106, 74.125.206.105, 74.125.206.99, 74.125.206.103, 74.125.206.147, 74.125.206.104]
11-21 22:47:48.172 19400 19505 D SystemDnsCacheServer: âœ… Warm-up [Tier 1]: googlesyndication.com -> [74.125.206.106, 74.125.206.105, 74.125.206.99, 74.125.206.103, 74.125.206.147, 74.125.206.104]
11-21 22:47:48.172 19400 19517 D DnsCacheManager: ðŸ” Checking DNS cache for: www.discord.com
11-21 22:47:48.172 19400 19517 I DnsCacheManager: âœ… DNS cache HIT: www.discord.com -> [162.159.128.233, 162.159.135.232, 162.159.136.232, 162.159.137.232, 162.159.138.232] (age: 514s) [23Î¼s]
11-21 22:47:48.172 19400 19517 D SystemDnsCacheServer: âœ… DNS CACHE HIT (resolveDomain): www.discord.com -> [162.159.128.233, 162.159.135.232, 162.159.136.232, 162.159.137.232, 162.159.138.232]
11-21 22:47:48.172 19400 19517 D SystemDnsCacheServer: âœ… Warm-up [Tier 1] subdomain: www.discord.com -> [162.159.128.233, 162.159.135.232, 162.159.136.232, 162.159.137.232, 162.159.138.232]
11-21 22:47:48.173 19400 19517 D DnsCacheManager: ðŸ” Checking DNS cache for: cdn.discord.com
11-21 22:47:48.173 19400 19517 D SystemDnsCacheServer: âš ï¸ DNS CACHE MISS (resolveDomain): cdn.discord.com, resolving from upstream with retry...
11-21 22:47:48.173 19400 19518 D DnsCacheManager: ðŸ” Checking DNS cache for: www.spotify.com
11-21 22:47:48.174 19400 19518 I DnsCacheManager: âœ… DNS cache HIT: www.spotify.com -> [38.0.25.1] (age: 514s) [57Î¼s]
11-21 22:47:48.174 19400 19518 D SystemDnsCacheServer: âœ… DNS CACHE HIT (resolveDomain): www.spotify.com -> [38.0.25.1]
11-21 22:47:48.174 19400 19518 D SystemDnsCacheServer: âœ… Warm-up [Tier 1] subdomain: www.spotify.com -> [38.0.25.1]
11-21 22:47:48.174 19400 19518 D DnsCacheManager: ðŸ” Checking DNS cache for: cdn.spotify.com
11-21 22:47:48.174 19400 19518 D DnsCacheManager: âœ… DNS negative cache HIT: cdn.spotify.com (NXDOMAIN) [28Î¼s]
11-21 22:47:48.174 19400 19518 D SystemDnsCacheServer: âš ï¸ DNS CACHE MISS (resolveDomain): cdn.spotify.com, resolving from upstream with retry...
11-21 22:47:48.176 19400 19505 D DnsCacheManager: ðŸ” Checking DNS cache for: tiktok.com
11-21 22:47:48.176 19400 19505 I DnsCacheManager: âœ… DNS cache HIT: tiktok.com -> [23.72.248.218, 23.72.248.202, 23.72.248.212, 23.72.248.201, 23.72.248.220, 23.72.248.219, 23.72.248.205] (age: 939s) [72Î¼s]
11-21 22:47:48.176 19400 19505 D SystemDnsCacheServer: âœ… DNS CACHE HIT (resolveDomain): tiktok.com -> [23.72.248.218, 23.72.248.202, 23.72.248.212, 23.72.248.201, 23.72.248.220, 23.72.248.219, 23.72.248.205]
11-21 22:47:48.177 19400 19505 D SystemDnsCacheServer: âœ… Warm-up [Tier 1]: tiktok.com -> [23.72.248.218, 23.72.248.202, 23.72.248.212, 23.72.248.201, 23.72.248.220, 23.72.248.219, 23.72.248.205]
11-21 22:47:48.178 19400 19573 D DnsCacheManager: ðŸ” Checking DNS cache for: www.cloudflare.com
11-21 22:47:48.178 19400 19573 I DnsCacheManager: âœ… DNS cache HIT: www.cloudflare.com -> [104.16.124.96, 104.16.123.96] (age: 259s) [56Î¼s]
11-21 22:47:48.178 19400 19573 D SystemDnsCacheServer: âœ… DNS CACHE HIT (resolveDomain): www.cloudflare.com -> [104.16.124.96, 104.16.123.96]
11-21 22:47:48.178 19400 19573 D SystemDnsCacheServer: âœ… Warm-up [Tier 1] subdomain: www.cloudflare.com -> [104.16.124.96, 104.16.123.96]
11-21 22:47:48.179 19400 19573 D DnsCacheManager: ðŸ” Checking DNS cache for: cdn.cloudflare.com
11-21 22:47:48.179 19400 19573 D SystemDnsCacheServer: âš ï¸ DNS CACHE MISS (resolveDomain): cdn.cloudflare.com, resolving from upstream with retry...
11-21 22:47:48.179 19400 19573 D SystemDnsCacheServer: ðŸ”„ Query deduplication: waiting for existing query for cdn.cloudflare.com (age: 46ms)
11-21 22:47:48.180 19400 19505 D DnsCacheManager: ðŸ” Checking DNS cache for: www.tiktok.com
11-21 22:47:48.180 19400 19501 D DnsCacheManager: ðŸ” Checking DNS cache for: tiktokv.com
11-21 22:47:48.180 19400 19505 I DnsCacheManager: âœ… DNS cache HIT: www.tiktok.com -> [2.21.72.72, 2.21.72.69, 2.21.72.76, 2.21.72.71, 2.21.72.75, 2.21.72.73, 2.21.72.74, 2.21.72.70, 2.21.72.77] (age: 939s) [69Î¼s]
11-21 22:47:48.180 19400 19501 I DnsCacheManager: âœ… DNS cache HIT: tiktokv.com -> [2.22.151.5, 2.22.151.10, 2.22.151.13, 2.22.151.56, 2.22.151.36, 2.22.151.22, 2.22.151.24, 2.22.151.45, 2.22.151.11] (age: 939s) [83Î¼s]
11-21 22:47:48.181 19400 19505 D SystemDnsCacheServer: âœ… DNS CACHE HIT (resolveDomain): www.tiktok.com -> [2.21.72.72, 2.21.72.69, 2.21.72.76, 2.21.72.71, 2.21.72.75, 2.21.72.73, 2.21.72.74, 2.21.72.70, 2.21.72.77]
11-21 22:47:48.181 19400 19501 D SystemDnsCacheServer: âœ… DNS CACHE HIT (resolveDomain): tiktokv.com -> [2.22.151.5, 2.22.151.10, 2.22.151.13, 2.22.151.56, 2.22.151.36, 2.22.151.22, 2.22.151.24, 2.22.151.45, 2.22.151.11]
11-21 22:47:48.181 19400 19501 D SystemDnsCacheServer: âœ… Warm-up [Tier 1]: tiktokv.com -> [2.22.151.5, 2.22.151.10, 2.22.151.13, 2.22.151.56, 2.22.151.36, 2.22.151.22, 2.22.151.24, 2.22.151.45, 2.22.151.11]
11-21 22:47:48.183 19400 19505 D SystemDnsCacheServer: âœ… Warm-up [Tier 1]: www.tiktok.com -> [2.21.72.72, 2.21.72.69, 2.21.72.76, 2.21.72.71, 2.21.72.75, 2.21.72.73, 2.21.72.74, 2.21.72.70, 2.21.72.77]
11-21 22:47:48.184 19400 19501 D DnsCacheManager: ðŸ” Checking DNS cache for: musical.ly
11-21 22:47:48.184 19400 19501 I DnsCacheManager: âœ… DNS cache HIT: musical.ly -> [127.0.0.1] (age: 939s) [62Î¼s]
11-21 22:47:48.184 19400 19501 D SystemDnsCacheServer: âœ… DNS CACHE HIT (resolveDomain): musical.ly -> [127.0.0.1]
11-21 22:47:48.185 19400 19501 D SystemDnsCacheServer: âœ… Warm-up [Tier 1]: musical.ly -> [127.0.0.1]
11-21 22:47:48.186 19400 19505 D DnsCacheManager: ðŸ” Checking DNS cache for: bytedance.com
11-21 22:47:48.186 19400 19505 I DnsCacheManager: âœ… DNS cache HIT: bytedance.com -> [122.14.229.102, 122.14.229.7] (age: 939s) [40Î¼s]
11-21 22:47:48.186 19400 19505 D SystemDnsCacheServer: âœ… DNS CACHE HIT (resolveDomain): bytedance.com -> [122.14.229.102, 122.14.229.7]
11-21 22:47:48.186 19400 19505 D SystemDnsCacheServer: âœ… Warm-up [Tier 1]: bytedance.com -> [122.14.229.102, 122.14.229.7]
11-21 22:47:48.191  3869  4961 D ConnectivityService: Setting DNS servers for network 214 to [/8.8.8.8]
11-21 22:47:48.191  3869  4961 D DnsManager: sendDnsConfigurationForNetwork(ResolverParamsParcel{netId: 214, sampleValiditySeconds: 1800, successThreshold: 25, minSamples: 8, maxSamples: 64, baseTimeoutMsec: 0, retryCount: 0, servers: [8.8.8.8], domains: [], tlsName: , tlsServers: [], tlsFingerprints: [], caCertificate: , tlsConnectTimeoutMs: 0, resolverOptions: null, transportTypes: [1, 4], meteredNetwork: true, dohParams: null, interfaceNames: [tun0]})
11-21 22:47:48.191 19400 19513 D DnsCacheManager: ðŸ” Checking DNS cache for: log16-normal-alisg.tiktokv.com
11-21 22:47:48.191 19400 19513 I DnsCacheManager: âœ… DNS cache HIT: log16-normal-alisg.tiktokv.com -> [23.72.248.6, 23.72.248.23, 23.72.248.25, 23.72.248.14, 23.72.248.9, 23.72.248.19, 23.72.248.26, 23.72.248.32, 23.72.248.22] (age: 939s) [56Î¼s]
11-21 22:47:48.191 19400 19513 D SystemDnsCacheServer: âœ… DNS CACHE HIT (resolveDomain): log16-normal-alisg.tiktokv.com -> [23.72.248.6, 23.72.248.23, 23.72.248.25, 23.72.248.14, 23.72.248.9, 23.72.248.19, 23.72.248.26, 23.72.248.32, 23.72.248.22]
11-21 22:47:48.191 19400 19513 D SystemDnsCacheServer: âœ… Warm-up [Tier 1]: log16-normal-alisg.tiktokv.com -> [23.72.248.6, 23.72.248.23, 23.72.248.25, 23.72.248.14, 23.72.248.9, 23.72.248.19, 23.72.248.26, 23.72.248.32, 23.72.248.22]
11-21 22:47:48.195  3869  4973 D PKMSImpl: preCheckUidPermission: permissionã€€denied, perm=android.permission.WRITE_SECURE_SETTINGS
11-21 22:47:48.196  3869  4973 D PKMSImpl: preCheckUidPermission: permissionã€€denied, perm=android.permission.WRITE_SECURE_SETTINGS
11-21 22:47:48.197  1872  1872 I vendor.qti.hardware.servicetrackeraidl-service: unbindService is called for service : com.google.android.gms/.measurement.service.MeasurementBrokerService and for client com.mi.globalminusscreen
11-21 22:47:48.197  1872  1872 I vendor.qti.hardware.servicetrackeraidl-service: size of service connections for service: com.google.android.gms/.measurement.service.MeasurementBrokerServiceafter removal is 2
11-21 22:47:48.197  1872  1872 I vendor.qti.hardware.servicetrackeraidl-service: size of client connections for client: com.mi.globalminusscreenafter removal is 5
11-21 22:47:48.207  3869  4961 D InetDiagMessage: Destroyed 10 sockets, proto=IPPROTO_TCP, family=AF_INET, states=14
11-21 22:47:48.208  3869  4961 D InetDiagMessage: Destroyed 9 sockets, proto=IPPROTO_TCP, family=AF_INET6, states=14
11-21 22:47:48.208  3869  4961 D InetDiagMessage: Destroyed live tcp sockets for uids={[99900000, 99999999], [0, 10566], [10568, 20566], [20568, 99999]} exemptUids={1016, 10567} in 2ms
11-21 22:47:48.208  2644 18992 W PushService: [Tid:821] [Slim] read Blob [] Err:Software caused connection abort
11-21 22:47:48.210  2644  3215 W PushService: [Tid:497] [Job] shutdown the connection. 9, java.net.SocketException: Software caused connection abort
11-21 22:47:48.210  3869  4961 D InetDiagMessage: Destroyed 0 sockets, proto=IPPROTO_TCP, family=AF_INET, states=14
11-21 22:47:48.210  2644  3215 W PushService: [Tid:497] disconnect 228188763, 179001131
11-21 22:47:48.210  3869  4961 D InetDiagMessage: Destroyed 0 sockets, proto=IPPROTO_TCP, family=AF_INET6, states=14
11-21 22:47:48.210  3869  4961 D InetDiagMessage: Destroyed live tcp sockets for uids={[99900000, 99999999], [0, 10566], [10568, 20566], [20568, 99999]} exemptUids={1016, 10567} in 1ms
11-21 22:47:48.211  2644  3215 W PushService: java.net.SocketException: Broken pipe
11-21 22:47:48.211  2644  3215 W PushService: 	at java.net.SocketOutputStream.socketWrite0(Native Method)
11-21 22:47:48.211  2644  3215 W PushService: 	at java.net.SocketOutputStream.socketWrite(SocketOutputStream.java:116)
11-21 22:47:48.211  2644  3215 W PushService: 	at java.net.SocketOutputStream.write(SocketOutputStream.java:156)
11-21 22:47:48.211  2644  3215 W PushService: 	at java.io.BufferedOutputStream.flushBuffer(BufferedOutputStream.java:81)
11-21 22:47:48.211  2644  3215 W PushService: 	at java.io.BufferedOutputStream.flush(BufferedOutputStream.java:142)
11-21 22:47:48.211  2644  3215 W PushService: 	at a4.e.c(Unknown Source:209)
11-21 22:47:48.211  2644  3215 W PushService: 	at a4.e.b(Unknown Source:11)
11-21 22:47:48.211  2644  3215 W PushService: 	at a4.i.B(Unknown Source:15)
11-21 22:47:48.211  2644  3215 W PushService: 	at b4.g.f(Unknown Source:0)
11-21 22:47:48.211  2644  3215 W PushService: 	at com.xiaomi.push.service.XMPushService.w(Unknown Source:48)
11-21 22:47:48.211  2644  3215 W PushService: 	at b4.g$b.b(Unknown Source:8)
11-21 22:47:48.211  2644  3215 W PushService: 	at com.xiaomi.push.service.XMPushService$r.run(Unknown Source:18)
11-21 22:47:48.211  2644  3215 W PushService: 	at com.xiaomi.push.service.g$c.run(Unknown Source:153)
11-21 22:47:48.211  2644  3215 W PushService: [Tid:497] update the connection status. connected -> disconnected : ERROR_READ_ERROR 
11-21 22:47:48.213  8769 12995 W msys    : W[I wam]_WAMTransportPrivateLogUploadMessageWithDefaultLevel(52)=>privatestats/wameta/transport/connection_unavailable - stopping timer
11-21 22:47:48.213 19400 19427 D HttpClientFactory: ðŸ” DNS lookup called for: api.telegram.org (proxy-aware DNS resolver)
11-21 22:47:48.213 19400 19427 D DnsCacheManager: ðŸ” Checking DNS cache for: api.telegram.org
11-21 22:47:48.213 19400 19427 I DnsCacheManager: âœ… DNS cache HIT: api.telegram.org -> [149.154.167.220] (age: 32958s) [13Î¼s]
11-21 22:47:48.213 19400 19427 I HttpClientFactory: âœ… DNS CACHE HIT: api.telegram.org -> [149.154.167.220] (skipped DNS query, will use proxy for connection)
11-21 22:47:48.213  8769 12995 W msys    : W[I wam]_WAMTransportPrivateLogUploadMessageWithDefaultLevel(52)=>privatestats/wameta/transport/connection_unavailable - stopping timer
11-21 22:47:48.214  8769 12994 E msys    : E[N mns]_OnDiskCacheGetData(632)=>Start post callback cache refresh DNS resolution
11-21 22:47:48.214  3869  5150 D Aurogon :  packageName = com.google.android.gms isAllowWakeUpList 
11-21 22:47:48.216  3869  7196 D Aurogon :  packageName = com.google.android.gms isAllowWakeUpList 
11-21 22:47:48.217  2644  3215 W PushService: [Tid:497] current sdk expect region is global
11-21 22:47:48.217  1863  3263 I vendor.qti.hardware.display.composer-service: Sensor: notify citsensorservice to trigger cwb, misForced = 1
11-21 22:47:48.218  1863  1863 I SDM     : CWB config passed by cwb_client : tappoint 1  CWB_ROI : (480.000000 159.000000 721.000000 400.000000) for display-0
11-21 22:47:48.218  2644  3215 W PushService: [Tid:497] schedule reconnect in 2250ms
