11-21 22:40:31.711  3869  6318 D NetworkAccelerateSwitchService: checkIntervalModeChange mMovementState:false mIntervalMode:0 mIsBadLinkLayerQoE:false mBadLinkLayerQoETimes = 0
11-21 22:40:31.749 25653 26078 W JobInfo : Job 'com.alibaba.intl.android.apps.poseidon/com.taobao.accs.internal.AccsJobService#2050' has a deadline with functional constraints and an extremely short time window of 0 ms (delay=80000, deadline=80000). The functional constraints are not likely to be satisfied when the job runs.
11-21 22:40:31.750  3869  4179 D JavaheapMonitor: Java heap used=209M max=512M, proc: system_server
11-21 22:40:31.750  3869  4179 V JavaheapMonitor: Check java heap usage finished! Next check delay: 60000
11-21 22:40:31.750  3869  5956 W JobInfo : Job 'com.alibaba.intl.android.apps.poseidon/com.taobao.accs.internal.AccsJobService#2050' has a deadline with functional constraints and an extremely short time window of 0 ms (delay=80000, deadline=80000). The functional constraints are not likely to be satisfied when the job runs.
11-21 22:40:31.750  3869  5956 W JobInfo : Job 'com.alibaba.intl.android.apps.poseidon/com.taobao.accs.internal.AccsJobService#2050' has a deadline with functional constraints and an extremely short time window of 0 ms (delay=80000, deadline=80000). The functional constraints are not likely to be satisfied when the job runs.
11-21 22:40:31.751 25653 28551 W JobInfo : Job 'com.alibaba.intl.android.apps.poseidon/com.taobao.accs.internal.AccsJobService#2050' has a deadline with functional constraints and an extremely short time window of 0 ms (delay=80000, deadline=80000). The functional constraints are not likely to be satisfied when the job runs.
11-21 22:40:31.751  3869  5956 W JobInfo : Job 'com.alibaba.intl.android.apps.poseidon/com.taobao.accs.internal.AccsJobService#2050' has a deadline with functional constraints and an extremely short time window of 0 ms (delay=80000, deadline=80000). The functional constraints are not likely to be satisfied when the job runs.
11-21 22:40:31.751  3869  5956 W JobInfo : Job 'com.alibaba.intl.android.apps.poseidon/com.taobao.accs.internal.AccsJobService#2050' has a deadline with functional constraints and an extremely short time window of 0 ms (delay=80000, deadline=80000). The functional constraints are not likely to be satisfied when the job runs.
11-21 22:40:31.837  2679  4958 I libsensor-boledalgo: dbv:324,lux:93.1,cct:5433.8,hsv:-1.0,CWB R:38121.3,G:39262.5,B:37634.5Event C:4803.9,R:2358.3,G:1771.7,B:783.3Cali C:1928.9,R:996.6,G:723.7,B:325.6 
11-21 22:40:31.837  2679  4958 I libsensor-boledalgo: dbv:324,lux:94.7,cct:5298.7,hsv:-1.0,CWB R:38121.3,G:39262.5,B:37634.5Event C:4838.4,R:2383.2,G:1787.2,B:780.9Cali C:1928.9,R:996.6,G:723.7,B:325.6 
11-21 22:40:31.838  2679  4958 I libsensor-boledalgo: dbv:324,lux:93.5,cct:5493.7,hsv:-1.0,CWB R:38121.3,G:39262.5,B:37634.5Event C:4837.4,R:2379.2,G:1782.6,B:792.9Cali C:1928.9,R:996.6,G:723.7,B:325.6 
11-21 22:40:31.839  2679  4958 I libsensor-boledalgo: dbv:324,lux:95.3,cct:5344.8,hsv:-1.0,CWB R:38121.3,G:39262.5,B:37634.5Event C:4867.6,R:2393.1,G:1792.5,B:787.8Cali C:1928.9,R:996.6,G:723.7,B:325.6 
11-21 22:40:31.839  2679  4958 I libsensor-boledalgo: dbv:324,lux:95.2,cct:5425.5,hsv:-1.0,CWB R:38121.3,G:39262.5,B:37634.5Event C:4868.6,R:2395.9,G:1800.9,B:794.1Cali C:1928.9,R:996.6,G:723.7,B:325.6 
11-21 22:40:31.840  2679  4958 I libsensor-boledalgo: dbv:324,lux:95.8,cct:5273.7,hsv:-1.0,CWB R:38121.3,G:39262.5,B:37634.5Event C:4871.1,R:2391.9,G:1791.5,B:783.1Cali C:1928.9,R:996.6,G:723.7,B:325.6 
11-21 22:40:31.841  2679  4958 I libsensor-boledalgo: dbv:324,lux:94.6,cct:5330.0,hsv:-1.0,CWB R:38121.3,G:39262.5,B:37634.5Event C:4830.9,R:2372.6,G:1784.1,B:781.0Cali C:1928.9,R:996.6,G:723.7,B:325.6 
11-21 22:40:31.842  2679  4958 I libsensor-boledalgo: dbv:324,lux:95.0,cct:5443.8,hsv:-1.0,CWB R:38121.3,G:39262.5,B:37634.5Event C:4865.3,R:2388.3,G:1795.4,B:793.9Cali C:1928.9,R:996.6,G:723.7,B:325.6 
11-21 22:40:31.874  3046  9689 I cn_CronetUrlRequestContext: destroyNativeStreamLocked org.chromium.net.impl.CronetBidirectionalStream@c684626
11-21 22:40:31.878  3046  9614 I BugleTachygram: [Tachygram] 40 registrations were fetched from the network for 40 requested users
11-21 22:40:31.879  3046 12646 W Binder  : Caught a RuntimeException from the binder stub implementation.
11-21 22:40:31.879  3046 12646 W Binder  : java.lang.UnsupportedOperationException
11-21 22:40:31.879  3046 12646 W Binder  : 	at com.google.android.gms.clearcut.internal.DefaultClearcutLoggerCallbacks.onLogError(PG:3)
11-21 22:40:31.879  3046 12646 W Binder  : 	at com.google.android.gms.clearcut.internal.IClearcutLoggerCallbacks$Stub.dispatchTransaction(PG:33)
11-21 22:40:31.879  3046 12646 W Binder  : 	at com.google.android.aidl.BaseStub.onTransact(PG:13)
11-21 22:40:31.879  3046 12646 W Binder  : 	at android.os.Binder.execTransactInternal(Binder.java:1433)
11-21 22:40:31.879  3046 12646 W Binder  : 	at android.os.Binder.execTransact(Binder.java:1372)
11-21 22:40:31.885  3046  9327 I BugleRcsCapabilities: RCS-capable ChatEndpoints: redacted-pii[13-chars],redacted-pii[13-chars],redacted-pii[13-chars],redacted-pii[13-chars],redacted-pii[13-chars],redacted-pii[13-chars],redacted-pii[13-chars],redacted-pii[13-chars],redacted-pii[13-chars],redacted-pii[13-chars],redacted-pii[13-chars],redacted-pii[13-chars],redacted-pii[13-chars],
11-21 22:40:31.886  3046  9327 I BugleRcsCapabilities: Non-RCS ChatEndpoints: redacted-pii[13-chars],redacted-pii[13-chars],redacted-pii[13-chars],redacted-pii[13-chars],redacted-pii[13-chars],redacted-pii[13-chars],redacted-pii[13-chars],redacted-pii[13-chars],redacted-pii[13-chars],redacted-pii[13-chars],redacted-pii[13-chars],redacted-pii[13-chars],redacted-pii[13-chars],redacted-pii[13-chars],redacted-pii[13-chars],redacted-pii[13-chars],redacted-pii[13-chars],redacted-pii[13-chars],redacted-pii[13-chars],redacted-pii[13-chars],redacted-pii[13-chars],redacted-pii[13-chars],redacted-pii[13-chars],redacted-pii[13-chars],redacted-pii[13-chars],redacted-pii[13-chars],redacted-pii[13-chars],redacted-pii[13-chars],redacted-pii[12-chars],redacted-pii[13-chars],redacted-pii[13-chars],
11-21 22:40:31.888 11019 11250 I DialerBatchCapabilityPuller: com.android.dialer.peertopeer.capabilities.registrar.impl.cache.batch.BatchCapabilityPuller$run$2.invokeSuspend:83 refresh the capability db successfully
11-21 22:40:31.890 11019 11282 I DialerSyncManagerImpl: com.google.apps.tiktok.sync.impl.SyncManagerImpl.sync:211 #sync() complete
11-21 22:40:31.890 11019 11282 I DialerSyncManagerImpl: com.google.apps.tiktok.sync.impl.SyncManagerImpl.scheduleNextSyncInParallel:657 Completed sync. Scheduling next wakeup
11-21 22:40:31.890 11019 11267 I DialerSingletonScopedExternalsLogging: com.google.android.dialershared.externals.logging.SingletonScopedExternalsLogging.recordCallMethodInvocation:75 event: TIKTOK_WORK_EXECUTION_MONITOR_ON_WORK_FINISHED, function parameters: [44eac901-e19c-457e-9b88-aae64b10f8cf,com.google.apps.tiktok.sync.impl.workmanager.SyncPeriodicWorker], return value: Success
11-21 22:40:31.891 11019 11283 I WM-WorkerWrapper: Worker result SUCCESS for Work [ id=44eac901-e19c-457e-9b88-aae64b10f8cf, tags={ com.google.apps.tiktok.contrib.work.TikTokListenableWorker,com.google.apps.tiktok.sync.impl.workmanager.SyncPeriodicWorker,TikTokWorker#com.google.apps.tiktok.sync.impl.workmanager.SyncPeriodicWorker } ]
11-21 22:40:31.893 11019 11282 I DialerSyncWorkManagerPeriodicScheduler: com.google.apps.tiktok.sync.impl.workmanager.SyncWorkManagerPeriodicScheduler.scheduleNextSyncSystemWakeup:84 Scheduling next periodic WorkManager workers
11-21 22:40:31.893 11019 11258 I DialerLoggingConsentCheckerImpl: com.google.android.callingshared.logging.consent.impl.LoggingConsentCheckerImpl.getConsent:72 timer stop with success, timer present: false
11-21 22:40:31.893 11019 11019 D WM-Processor: fpx 44eac901-e19c-457e-9b88-aae64b10f8cf executed; reschedule = false
11-21 22:40:31.895  3869  6545 D ActivityManager: Logging bindService for com.google.android.gms, stopped=false, firstLaunch=false
11-21 22:40:31.895  1872  1872 I vendor.qti.hardware.servicetrackeraidl-service: bindService is called for service : com.google.android.gms/.chimera.PersistentDirectBootAwareApiService and for client com.google.android.dialer
11-21 22:40:31.895  1872  1872 I vendor.qti.hardware.servicetrackeraidl-service: total connections for service : com.google.android.gms/.chimera.PersistentDirectBootAwareApiServiceare :20
11-21 22:40:31.895  1872  1872 I vendor.qti.hardware.servicetrackeraidl-service: total connections for client : com.google.android.dialerare :3
11-21 22:40:31.897 11019 11283 D WM-GreedyScheduler: Cancelling work ID 44eac901-e19c-457e-9b88-aae64b10f8cf
11-21 22:40:31.898 11019 12700 W Binder  : Caught a RuntimeException from the binder stub implementation.
11-21 22:40:31.898 11019 12700 W Binder  : java.lang.UnsupportedOperationException
11-21 22:40:31.898 11019 12700 W Binder  : 	at xbp.a(PG:3)
11-21 22:40:31.898 11019 12700 W Binder  : 	at xbp.eR(PG:33)
11-21 22:40:31.898 11019 12700 W Binder  : 	at vxl.onTransact(PG:21)
11-21 22:40:31.898 11019 12700 W Binder  : 	at android.os.Binder.execTransactInternal(Binder.java:1433)
11-21 22:40:31.898 11019 12700 W Binder  : 	at android.os.Binder.execTransact(Binder.java:1372)
11-21 22:40:31.899 11019 11283 D WM-SystemJobScheduler: Scheduling work ID 266d20d4-8860-4276-896e-dc7726131519Job ID 4557
11-21 22:40:31.901 11019 11283 D WM-GreedyScheduler: Ignoring {WorkSpec: ef4d5ff6-b36c-4659-b23b-26c37cbd2988}. Requires device idle.
11-21 22:40:31.903 11019 11250 D WM-GreedyScheduler: Cancelling work ID 44eac901-e19c-457e-9b88-aae64b10f8cf
11-21 22:40:31.906 11019 11250 D WM-GreedyScheduler: Ignoring {WorkSpec: ef4d5ff6-b36c-4659-b23b-26c37cbd2988}. Requires device idle.
11-21 22:40:31.908 11019 11250 D WM-GreedyScheduler: Cancelling work ID 5f7dfb2a-b02f-4ef3-9b05-f84588c75934
11-21 22:40:31.909 11019 11250 D WM-SystemJobScheduler: Scheduling work ID 5f7dfb2a-b02f-4ef3-9b05-f84588c75934Job ID 4558
11-21 22:40:31.910 11019 11250 D WM-GreedyScheduler: Ignoring {WorkSpec: ef4d5ff6-b36c-4659-b23b-26c37cbd2988}. Requires device idle.
11-21 22:40:31.912 11019 11250 D WM-GreedyScheduler: Cancelling work ID 63c04972-618c-48b0-93e8-ad48654b5562
11-21 22:40:31.913 11019 11250 D WM-SystemJobScheduler: Scheduling work ID 63c04972-618c-48b0-93e8-ad48654b5562Job ID 4559
11-21 22:40:31.914 11019 11250 D WM-GreedyScheduler: Ignoring {WorkSpec: ef4d5ff6-b36c-4659-b23b-26c37cbd2988}. Requires device idle.
11-21 22:40:31.915 11019 11250 D WM-GreedyScheduler: Cancelling work ID a28452e9-2682-4b86-af59-77be6a8cb9c3
11-21 22:40:31.916 11019 11250 D WM-SystemJobScheduler: Scheduling work ID a28452e9-2682-4b86-af59-77be6a8cb9c3Job ID 4560
11-21 22:40:31.917 11019 11250 D WM-GreedyScheduler: Ignoring {WorkSpec: ef4d5ff6-b36c-4659-b23b-26c37cbd2988}. Requires device idle.
11-21 22:40:31.918 11019 11258 I DialerSyncWorkManagerPeriodicScheduler: com.google.apps.tiktok.sync.impl.workmanager.SyncWorkManagerPeriodicScheduler.scheduleNextSyncSystemWakeup:103 Successfully scheduled next periodic workers
11-21 22:40:31.959  3869  4084 D GnssSsruImpl: onLocationPermissionsChanged provider:network packageName:com.alibaba.intl.android.apps.poseidon
11-21 22:40:31.959  3869  4084 D GnssSsruImpl: onLocationPermissionsChanged provider:passive packageName:com.alibaba.intl.android.apps.poseidon
11-21 22:40:31.959  3869  4084 D GnssSsruImpl: onLocationPermissionsChanged provider:gps packageName:com.alibaba.intl.android.apps.poseidon
11-21 22:40:31.970  3869  5155 I SmartPower: android.process.acore/10099(3720): background->idle(519741ms) R(content provider start ContentProviderRecord{fff0739 u0 com.android.providers.contacts/.ContactsProvider2}) adj=945.
11-21 22:40:32.011  8145 14152 D JavaheapMonitor: Java heap used=4M max=256M, proc: com.lbe.security.miui
11-21 22:40:32.011  8145 14152 V JavaheapMonitor: Check java heap usage finished! Next check delay: 300000
11-21 22:40:32.049  2679  4958 I libsensor-boledalgo: dbv:324,lux:96.4,cct:5335.6,hsv:-1.0,CWB R:38121.3,G:39262.5,B:37634.5Event C:4877.5,R:2393.4,G:1806.0,B:788.9Cali C:1928.9,R:996.6,G:723.7,B:325.6 
11-21 22:40:32.051  2679  4958 I libsensor-boledalgo: dbv:324,lux:95.9,cct:5401.2,hsv:-1.0,CWB R:38121.3,G:39262.5,B:37634.5Event C:4881.6,R:2394.0,G:1802.2,B:793.5Cali C:1928.9,R:996.6,G:723.7,B:325.6 
11-21 22:40:32.052  2679  4958 I libsensor-boledalgo: dbv:324,lux:95.3,cct:5468.3,hsv:-1.0,CWB R:38121.3,G:39262.5,B:37634.5Event C:4863.5,R:2392.7,G:1808.5,B:796.5Cali C:1928.9,R:996.6,G:723.7,B:325.6 
11-21 22:40:32.116  3869  5155 I SmartPower: com.google.android.gms.unstable/10165(26163): background->idle(3001ms) R(service create com.google.android.gms/.droidguard.DroidGuardService) adj=200.
11-21 22:40:32.116  3869  5155 I SmartPower: com.google.android.gms/10165(10545): background->idle(78549ms) R(service create com.google.android.gms/.droidguard.DroidGuardService) adj=200.
11-21 22:40:32.221  3046 12646 W Binder  : Caught a RuntimeException from the binder stub implementation.
11-21 22:40:32.221  3046 12646 W Binder  : java.lang.UnsupportedOperationException
11-21 22:40:32.221  3046 12646 W Binder  : 	at com.google.android.gms.clearcut.internal.DefaultClearcutLoggerCallbacks.onLogError(PG:3)
11-21 22:40:32.221  3046 12646 W Binder  : 	at com.google.android.gms.clearcut.internal.IClearcutLoggerCallbacks$Stub.dispatchTransaction(PG:33)
11-21 22:40:32.221  3046 12646 W Binder  : 	at com.google.android.aidl.BaseStub.onTransact(PG:13)
11-21 22:40:32.221  3046 12646 W Binder  : 	at android.os.Binder.execTransactInternal(Binder.java:1433)
11-21 22:40:32.221  3046 12646 W Binder  : 	at android.os.Binder.execTransact(Binder.java:1372)
11-21 22:40:32.261  2679  4958 I libsensor-boledalgo: dbv:324,lux:92.4,cct:5599.1,hsv:-1.0,CWB R:38121.3,G:39262.5,B:37634.5Event C:4803.9,R:2368.8,G:1783.6,B:795.4Cali C:1928.9,R:996.6,G:723.7,B:325.6 
11-21 22:40:32.262  2679  4958 I libsensor-boledalgo: dbv:324,lux:97.2,cct:5352.1,hsv:-1.0,CWB R:38121.3,G:39262.5,B:37634.5Event C:4922.8,R:2412.0,G:1810.2,B:796.2Cali C:1928.9,R:996.6,G:723.7,B:325.6 
11-21 22:40:32.263  2679  4958 I libsensor-boledalgo: dbv:324,lux:96.4,cct:5423.5,hsv:-1.0,CWB R:38121.3,G:39262.5,B:37634.5Event C:4905.0,R:2396.9,G:1802.3,B:797.4Cali C:1928.9,R:996.6,G:723.7,B:325.6 
11-21 22:40:32.263  2679  4958 I libsensor-boledalgo: dbv:324,lux:94.4,cct:5539.5,hsv:-1.0,CWB R:38121.3,G:39262.5,B:37634.5Event C:4864.4,R:2396.6,G:1800.4,B:801.1Cali C:1928.9,R:996.6,G:723.7,B:325.6 
11-21 22:40:32.263  2679  4958 I libsensor-boledalgo: dbv:324,lux:96.9,cct:5418.4,hsv:-1.0,CWB R:38121.3,G:39262.5,B:37634.5Event C:4903.2,R:2403.9,G:1816.9,B:798.4Cali C:1928.9,R:996.6,G:723.7,B:325.6 
11-21 22:40:32.265  2679  4958 I libsensor-boledalgo: dbv:324,lux:98.4,cct:5535.7,hsv:-1.0,CWB R:38121.3,G:39262.5,B:37634.5Event C:4983.0,R:2443.6,G:1839.6,B:818.9Cali C:1928.9,R:996.6,G:723.7,B:325.6 
11-21 22:40:32.294  8878  9186 D JavaheapMonitor: Java heap used=4M max=256M, proc: android.process.media
11-21 22:40:32.294  8878  9186 V JavaheapMonitor: Check java heap usage finished! Next check delay: 300000
11-21 22:40:32.295 16273 16618 W LibevQuicAsyncUDPSocket.h: setReuseAddr not implemented in LibevQuicAsyncUDPSocket
11-21 22:40:32.296 16273 16618 W LibevQuicAsyncUDPSocket.h: setTosOrTrafficClass not implemented in LibevQuicAsyncUDPSocket
11-21 22:40:32.302 16273 16618 E MvfstCallbacks.cpp: onConnectionSetupError: error=TransportError: Internal Error, Error on socket write Operation not permitted, 
11-21 22:40:32.473  2679  4958 I libsensor-boledalgo: dbv:324,lux:97.0,cct:5479.5,hsv:-1.0,CWB R:38121.3,G:39262.5,B:37634.5Event C:4914.6,R:2401.0,G:1816.1,B:803.2Cali C:1928.9,R:996.6,G:723.7,B:325.6 
11-21 22:40:32.474  2679  4958 I libsensor-boledalgo: dbv:324,lux:97.3,cct:5398.3,hsv:-1.0,CWB R:38121.3,G:39262.5,B:37634.5Event C:4914.9,R:2404.7,G:1816.1,B:798.2Cali C:1928.9,R:996.6,G:723.7,B:325.6 
11-21 22:40:32.475  2679  4958 I libsensor-boledalgo: dbv:324,lux:92.9,cct:5474.4,hsv:-1.0,CWB R:38121.3,G:39262.5,B:37634.5Event C:4802.7,R:2352.6,G:1769.0,B:785.1Cali C:1928.9,R:996.6,G:723.7,B:325.6 
11-21 22:40:32.475  2679  4958 I libsensor-boledalgo: dbv:324,lux:93.3,cct:5417.6,hsv:-1.0,CWB R:38121.3,G:39262.5,B:37634.5Event C:4801.9,R:2352.9,G:1771.7,B:781.5Cali C:1928.9,R:996.6,G:723.7,B:325.6 
11-21 22:40:32.475  3046 12646 W Binder  : Caught a RuntimeException from the binder stub implementation.
11-21 22:40:32.475  3046 12646 W Binder  : java.lang.UnsupportedOperationException
11-21 22:40:32.475  3046 12646 W Binder  : 	at com.google.android.gms.clearcut.internal.DefaultClearcutLoggerCallbacks.onLogError(PG:3)
11-21 22:40:32.475  3046 12646 W Binder  : 	at com.google.android.gms.clearcut.internal.IClearcutLoggerCallbacks$Stub.dispatchTransaction(PG:33)
11-21 22:40:32.475  3046 12646 W Binder  : 	at com.google.android.aidl.BaseStub.onTransact(PG:13)
11-21 22:40:32.475  3046 12646 W Binder  : 	at android.os.Binder.execTransactInternal(Binder.java:1433)
11-21 22:40:32.475  3046 12646 W Binder  : 	at android.os.Binder.execTransact(Binder.java:1372)
11-21 22:40:32.476  2679  4958 I libsensor-boledalgo: dbv:324,lux:92.9,cct:5489.6,hsv:-1.0,CWB R:38121.3,G:39262.5,B:37634.5Event C:4774.3,R:2328.8,G:1770.2,B:781.1Cali C:1928.9,R:996.6,G:723.7,B:325.6 
11-21 22:40:32.677  5840  6596 E PhoneAdapter: get ntnphones failed, exception: java.lang.IllegalStateException: Default phones haven't been made yet!
11-21 22:40:32.681 22199 22480 D AudioManager: getMode: mode=0, callApp=com.vodafone.selfservis
11-21 22:40:32.685  2679  4958 I libsensor-boledalgo: dbv:324,lux:93.7,cct:5408.8,hsv:-1.0,CWB R:38121.3,G:39262.5,B:37634.5Event C:4798.0,R:2345.0,G:1775.4,B:780.0Cali C:1928.9,R:996.6,G:723.7,B:325.6 
11-21 22:40:32.686  2679  4958 I libsensor-boledalgo: dbv:324,lux:92.9,cct:5496.5,hsv:-1.0,CWB R:38121.3,G:39262.5,B:37634.5Event C:4799.6,R:2342.6,G:1766.3,B:785.0Cali C:1928.9,R:996.6,G:723.7,B:325.6 
11-21 22:40:32.686  2679  4958 I libsensor-boledalgo: dbv:324,lux:95.2,cct:5410.8,hsv:-1.0,CWB R:38121.3,G:39262.5,B:37634.5Event C:4856.6,R:2385.3,G:1799.1,B:790.8Cali C:1928.9,R:996.6,G:723.7,B:325.6 
11-21 22:40:32.687  2679  4958 I libsensor-boledalgo: dbv:324,lux:92.8,cct:5506.9,hsv:-1.0,CWB R:38121.3,G:39262.5,B:37634.5Event C:4791.9,R:2348.0,G:1774.0,B:786.0Cali C:1928.9,R:996.6,G:723.7,B:325.6 
11-21 22:40:32.688  2679  4958 I libsensor-boledalgo: dbv:324,lux:93.8,cct:5445.7,hsv:-1.0,CWB R:38121.3,G:39262.5,B:37634.5Event C:4812.1,R:2352.1,G:1778.1,B:784.6Cali C:1928.9,R:996.6,G:723.7,B:325.6 
11-21 22:40:32.688  2679  4958 I libsensor-boledalgo: dbv:324,lux:93.9,cct:5514.6,hsv:-1.0,CWB R:38121.3,G:39262.5,B:37634.5Event C:4828.6,R:2366.2,G:1786.5,B:792.4Cali C:1928.9,R:996.6,G:723.7,B:325.6 
11-21 22:40:32.899  2679  4958 I libsensor-boledalgo: dbv:324,lux:94.6,cct:5410.5,hsv:-1.0,CWB R:38121.3,G:39262.5,B:37634.5Event C:4823.5,R:2352.3,G:1782.1,B:783.6Cali C:1928.9,R:996.6,G:723.7,B:325.6 
11-21 22:40:32.899  2679  4958 I libsensor-boledalgo: dbv:324,lux:93.4,cct:5515.2,hsv:-1.0,CWB R:38121.3,G:39262.5,B:37634.5Event C:4815.8,R:2355.3,G:1777.2,B:789.6Cali C:1928.9,R:996.6,G:723.7,B:325.6 
11-21 22:40:32.899  2679  4958 I libsensor-boledalgo: dbv:324,lux:93.9,cct:5444.6,hsv:-1.0,CWB R:38121.3,G:39262.5,B:37634.5Event C:4811.2,R:2350.0,G:1778.6,B:784.2Cali C:1928.9,R:996.6,G:723.7,B:325.6 
11-21 22:40:32.900  2679  4958 I libsensor-boledalgo: dbv:324,lux:94.4,cct:5498.3,hsv:-1.0,CWB R:38121.3,G:39262.5,B:37634.5Event C:4833.4,R:2364.2,G:1791.5,B:791.9Cali C:1928.9,R:996.6,G:723.7,B:325.6 
11-21 22:40:32.901  2679  4958 I libsensor-boledalgo: dbv:324,lux:94.1,cct:5390.1,hsv:-1.0,CWB R:38121.3,G:39262.5,B:37634.5Event C:4809.9,R:2345.0,G:1773.5,B:779.8Cali C:1928.9,R:996.6,G:723.7,B:325.6 
11-21 22:40:32.902  2679  4958 I libsensor-boledalgo: dbv:324,lux:95.6,cct:5584.1,hsv:-1.0,CWB R:38121.3,G:39262.5,B:37634.5Event C:4871.6,R:2371.6,G:1804.9,B:802.5Cali C:1928.9,R:996.6,G:723.7,B:325.6 
11-21 22:40:32.903  2679  4958 I libsensor-boledalgo: dbv:324,lux:95.3,cct:5414.6,hsv:-1.0,CWB R:38121.3,G:39262.5,B:37634.5Event C:4857.2,R:2379.1,G:1796.4,B:790.4Cali C:1928.9,R:996.6,G:723.7,B:325.6 
11-21 22:40:32.903  2679  4958 I libsensor-boledalgo: dbv:324,lux:95.4,cct:5474.4,hsv:-1.0,CWB R:38121.3,G:39262.5,B:37634.5Event C:4853.5,R:2366.6,G:1797.2,B:792.8Cali C:1928.9,R:996.6,G:723.7,B:325.6 
11-21 22:40:33.098  5898  5898 D ArtChoreographerMonitor: invoke error.
11-21 22:40:33.109  5898  5898 D ControlCenterHeaderExpandController: onExpansionChanged: progress =  0.0
11-21 22:40:33.110  5898  5898 D ControlCenterHeaderExpandController: onExpansionChanged: progress =  0.0
11-21 22:40:33.112  2679  4958 I libsensor-boledalgo: dbv:324,lux:96.3,cct:5563.6,hsv:-1.0,CWB R:38121.3,G:39262.5,B:37634.5Event C:4868.4,R:2377.5,G:1822.2,B:802.5Cali C:1928.9,R:996.6,G:723.7,B:325.6 
11-21 22:40:33.114  5898  5898 D ControlCenterHeaderExpandController: onExpansionChanged: progress =  0.0
11-21 22:40:33.122  1863  2473 I SDM     : HWDeviceDRM::SetupConcurrentWriteback: Tear down the Concurrent Writeback topology
11-21 22:40:33.122  5898  5898 D ControlCenterHeaderExpandController: onExpansionChanged: progress =  0.0
11-21 22:40:33.123  1863  3263 I vendor.qti.hardware.display.composer-service: Sensor: notify citsensorservice to trigger cwb, misForced = 0
11-21 22:40:33.123  1863  1863 I SDM     : CWB config passed by cwb_client : tappoint 1  CWB_ROI : (480.000000 159.000000 721.000000 400.000000) for display-0
11-21 22:40:33.193  1863  2473 I SDM     : DisplayBase::CommitThread: Received Idle Timeout, panel: cmd, timeout: 70000 us
11-21 22:40:33.219  1673  1691 D vendor.xiaomi.hardware.mimd2-service: psi 10  is reloaded.
11-21 22:40:33.275  1863  2473 I SDM     : DisplayBase::CommitThread: Received Idle Timeout, panel: cmd, timeout: 70000 us
11-21 22:40:33.289  5898  5898 D ArtChoreographerMonitor: invoke error.
11-21 22:40:33.293  1863  5144 I SDM     : NotifyCWBStatus: Notify the client about buffer (0x18c3b630) status 0 for display-0.
11-21 22:40:33.293  1863  5144 I SDM     : SDMConcurrentWriteBack::ProcessCWBStatus: CWB queue is empty. Display: 0
11-21 22:40:33.349  1863  2473 I SDM     : DisplayBase::CommitThread: Received Idle Timeout, panel: cmd, timeout: 70000 us
11-21 22:40:33.434  3869  6920 W ActivityManagerServiceImpl: Sending non-protected broadcast com.modemenhance.ACTION_MODEMWIFI_RSSI_POLL from system 5840:com.android.phone/1001 pkg com.android.phone. Callers=
11-21 22:40:33.436  3869  4188 D BroadcastQueue: Logging broadcast for com.android.phone, stopped=false, firstLaunch=false
11-21 22:40:33.438  5840  5840 D AmlSlaveWifiManager: getWifiSlaveConnectionInfo
11-21 22:40:33.477  5834  9173 D JavaheapMonitor: Java heap used=7M max=256M, proc: .qtidataservices
11-21 22:40:33.478  5834  9173 V JavaheapMonitor: Check java heap usage finished! Next check delay: 300000
11-21 22:40:33.535  2679  4958 I libsensor-boledalgo: dbv:324,lux:95.8,cct:5499.4,hsv:-1.0,CWB R:38121.3,G:39262.5,B:37634.5Event C:4877.2,R:2382.9,G:1805.8,B:798.7Cali C:1928.9,R:996.6,G:723.7,B:325.6 
11-21 22:40:33.672  1863  3263 I vendor.qti.hardware.display.composer-service: Sensor: notify citsensorservice to trigger cwb, misForced = 0
11-21 22:40:33.672  1863  1863 I SDM     : CWB config passed by cwb_client : tappoint 1  CWB_ROI : (480.000000 159.000000 721.000000 400.000000) for display-0
11-21 22:40:33.685  1863  3261 I SDM     : DemuraTnCaptureIntfImpl::ProcessCapturePanelData: Screen capture status = 0
11-21 22:40:33.686  5840  6173 E PhoneAdapter: get ntnphones failed, exception: java.lang.IllegalStateException: Default phones haven't been made yet!
11-21 22:40:33.690 22199 22480 D AudioManager: getMode: mode=0, callApp=com.vodafone.selfservis
11-21 22:40:33.691  1845  2034 E WifiHAL : wifi_get_cached_scan_results: Wifi Cached Scan Result not supported by driver
11-21 22:40:33.691  3869  4946 E WifiStaIfaceAidlImpl: getCachedScanData failed with service-specific exception: android.os.ServiceSpecificException:  (code 4)
11-21 22:40:33.734  7522  7541 D QLM-Service: check_headroom_zone: Timer EVT, Temp: 37760
11-21 22:40:33.742  1863  2473 I SDM     : DisplayBase::CommitThread: Received Idle Timeout, panel: cmd, timeout: 70000 us
11-21 22:40:33.750  1176 20000 D JavaheapMonitor: Java heap used=2M max=256M, proc: com.qualcomm.qti.workloadclassifier
11-21 22:40:33.750  1176 20000 V JavaheapMonitor: Check java heap usage finished! Next check delay: 300000
11-21 22:40:33.759  1863  5144 I SDM     : NotifyCWBStatus: Notify the client about buffer (0x18c35c20) status 0 for display-0.
11-21 22:40:33.760  1863  5144 I SDM     : SDMConcurrentWriteBack::ProcessCWBStatus: CWB queue is empty. Display: 0
11-21 22:40:33.815  1863  2473 I SDM     : DisplayBase::CommitThread: Received Idle Timeout, panel: cmd, timeout: 70000 us
11-21 22:40:33.943  3869  5155 I SmartPower: com.radolyn.ayugram/10519(2109): background->idle(3003ms) R(alarm start) adj=200.
11-21 22:40:33.949  3869  5155 I SmartPower: com.alibaba.intl.android.apps.poseidon:channel/10414(25653): background->idle(3001ms) R(service create com.alibaba.intl.android.apps.poseidon/com.taobao.accs.internal.AccsJobService) adj=905.
11-21 22:40:33.952  3869  5155 I SmartPower: com.staircase3.opensignal/10462(12746): background->idle(3001ms) R(service create com.staircase3.opensignal/com.opensignal.sdk.data.task.NoOpJobService) adj=250.
11-21 22:40:34.217  1872  1872 I vendor.qti.hardware.servicetrackeraidl-service: unbindService is called for service : com.google.android.gms/.droidguard.DroidGuardService and for client com.google.android.apps.messaging
11-21 22:40:34.217  1872  1872 I vendor.qti.hardware.servicetrackeraidl-service: size of service connections for service: com.google.android.gms/.droidguard.DroidGuardServiceafter removal is 0
11-21 22:40:34.217  1872  1872 I vendor.qti.hardware.servicetrackeraidl-service: size of client connections for client: com.google.android.apps.messagingafter removal is 3
11-21 22:40:34.219  3869  5956 I SmartPower: com.google.android.gms.unstable/10165(26163): idle->background(2103ms) R(service unbind com.google.android.gms/.droidguard.DroidGuardService) adj=0.
11-21 22:40:34.219  1872  1872 I vendor.qti.hardware.servicetrackeraidl-service: destroyService is called for service : com.google.android.gms/.droidguard.DroidGuardService
11-21 22:40:34.220  1872  1872 I vendor.qti.hardware.servicetrackeraidl-service: unbindService is called for service : com.google.android.gms/.chimera.PersistentApiService and for client com.google.android.apps.messaging
11-21 22:40:34.220  1872  1872 I vendor.qti.hardware.servicetrackeraidl-service: size of service connections for service: com.google.android.gms/.chimera.PersistentApiServiceafter removal is 46
11-21 22:40:34.220  1872  1872 I vendor.qti.hardware.servicetrackeraidl-service: size of client connections for client: com.google.android.apps.messagingafter removal is 2
11-21 22:40:34.221 24472 24472 D BoundBrokerSvc: onUnbind: Intent { act=com.google.android.gms.common.telemetry.service.START dat=chimera-action:/... xflg=0x4 cmp=com.google.android.gms/.chimera.PersistentApiService }
11-21 22:40:34.296  9264  9363 D JavaheapMonitor: Java heap used=34M max=256M, proc: com.google.android.permissioncontroller
11-21 22:40:34.296  9264  9363 V JavaheapMonitor: Check java heap usage finished! Next check delay: 300000
11-21 22:40:34.349   847 11058 D JavaheapMonitor: Java heap used=2M max=256M, proc: com.android.nfc
11-21 22:40:34.349   847 11058 V JavaheapMonitor: Check java heap usage finished! Next check delay: 300000
11-21 22:40:34.387  2679  4958 I libsensor-boledalgo: dbv:324,lux:93.1,cct:5435.5,hsv:-1.0,CWB R:38121.3,G:39262.5,B:37634.5Event C:4777.8,R:2348.6,G:1781.6,B:780.6Cali C:1928.9,R:996.6,G:723.7,B:325.6 
11-21 22:40:34.420  3720  4495 D JavaheapMonitor: Java heap used=9M max=256M, proc: android.process.acore
11-21 22:40:34.420  3720  4495 V JavaheapMonitor: Check java heap usage finished! Next check delay: 300000
11-21 22:40:34.423  5840  6173 E PhoneAdapter: get ntnphones failed, exception: java.lang.IllegalStateException: Default phones haven't been made yet!
11-21 22:40:34.425  3869  3869 E AmlWifiScoreReportInjector: current network is in roaming environment
11-21 22:40:34.598  2679  4958 I libsensor-boledalgo: dbv:324,lux:97.9,cct:5418.1,hsv:-1.0,CWB R:38121.3,G:39262.5,B:37634.5Event C:4909.4,R:2389.1,G:1820.3,B:797.7Cali C:1928.9,R:996.6,G:723.7,B:325.6 
11-21 22:40:34.599  2679  4958 I libsensor-boledalgo: dbv:324,lux:94.7,cct:5500.0,hsv:-1.0,CWB R:38121.3,G:39262.5,B:37634.5Event C:4838.5,R:2357.2,G:1787.4,B:791.5Cali C:1928.9,R:996.6,G:723.7,B:325.6 
11-21 22:40:34.600   643   904 D JavaheapMonitor: Java heap used=6M max=256M, proc: com.google.android.providers.media.module
11-21 22:40:34.600   643   904 V JavaheapMonitor: Check java heap usage finished! Next check delay: 300000
11-21 22:40:34.601  2679  4958 I libsensor-boledalgo: dbv:324,lux:94.5,cct:5426.4,hsv:-1.0,CWB R:38121.3,G:39262.5,B:37634.5Event C:4826.0,R:2358.0,G:1785.3,B:785.6Cali C:1928.9,R:996.6,G:723.7,B:325.6 
11-21 22:40:34.601  2679  4958 I libsensor-boledalgo: dbv:324,lux:94.7,cct:5521.1,hsv:-1.0,CWB R:38121.3,G:39262.5,B:37634.5Event C:4845.8,R:2361.5,G:1790.0,B:794.2Cali C:1928.9,R:996.6,G:723.7,B:325.6 
11-21 22:40:34.616 15233 21824 D JavaheapMonitor: Java heap used=7M max=256M, proc: com.xiaomi.misettings
11-21 22:40:34.616 15233 21824 V JavaheapMonitor: Check java heap usage finished! Next check delay: 300000
11-21 22:40:34.695  5840  6173 E PhoneAdapter: get ntnphones failed, exception: java.lang.IllegalStateException: Default phones haven't been made yet!
11-21 22:40:34.701 22199 22480 D AudioManager: getMode: mode=0, callApp=com.vodafone.selfservis
11-21 22:40:34.708  5840  6656 E PhoneAdapter: get ntnphones failed, exception: java.lang.IllegalStateException: Default phones haven't been made yet!
11-21 22:40:34.713  5840  6596 E PhoneAdapter: get ntnphones failed, exception: java.lang.IllegalStateException: Default phones haven't been made yet!
11-21 22:40:34.714  3869  6318 I NetworkAccelerateSwitchService: EVENT_RSSI_POLL. mRssiPoll=true
11-21 22:40:34.714  3869  6318 I NetworkAccelerateSwitchService: checkWifiRssiAndLinkSpeed mWifiFastFade:false mWifiFastFadeAdjustThreshold:false
11-21 22:40:34.714  3869  6318 I NetworkAccelerateSwitchService: getAverageWifiRssi:59
11-21 22:40:34.714  3869  6318 D NetworkAccelerateSwitchService: checkIntervalModeChange mMovementState:false mIntervalMode:0 mIsBadLinkLayerQoE:false mBadLinkLayerQoETimes = 0
11-21 22:40:34.716  5840  6596 E PhoneAdapter: get ntnphones failed, exception: java.lang.IllegalStateException: Default phones haven't been made yet!
11-21 22:40:34.717  5840  6173 E PhoneAdapter: get ntnphones failed, exception: java.lang.IllegalStateException: Default phones haven't been made yet!
11-21 22:40:34.719  5840  6173 E PhoneAdapter: get ntnphones failed, exception: java.lang.IllegalStateException: Default phones haven't been made yet!
11-21 22:40:34.721  3869  5956 D CustFeatureResolve:  The result of feature always_enable_data_roaming is true
11-21 22:40:34.738  1116  1116 E KeymasterUtils: IKMHal_sendCmd failed with rsp_header->status: -28
11-21 22:40:34.738  1116  1116 E KeyMasterHalDevice: abort_operation
11-21 22:40:34.738  1116  1116 E KeyMasterHalDevice: ret: -28
11-21 22:40:34.811  2679  4958 I libsensor-boledalgo: dbv:324,lux:94.5,cct:5421.9,hsv:-1.0,CWB R:38121.3,G:39262.5,B:37634.5Event C:4811.8,R:2341.5,G:1779.9,B:782.0Cali C:1928.9,R:996.6,G:723.7,B:325.6 
11-21 22:40:34.812  2679  4958 I libsensor-boledalgo: dbv:324,lux:93.8,cct:5551.0,hsv:-1.0,CWB R:38121.3,G:39262.5,B:37634.5Event C:4823.7,R:2354.2,G:1783.6,B:792.9Cali C:1928.9,R:996.6,G:723.7,B:325.6 
11-21 22:40:34.813  2679  4958 I libsensor-boledalgo: dbv:324,lux:93.0,cct:5602.8,hsv:-1.0,CWB R:38121.3,G:39262.5,B:37634.5Event C:4799.3,R:2349.8,G:1785.4,B:793.5Cali C:1928.9,R:996.6,G:723.7,B:325.6 
11-21 22:40:35.023  2679  4958 I libsensor-boledalgo: dbv:324,lux:98.3,cct:5426.0,hsv:-1.0,CWB R:38121.3,G:39262.5,B:37634.5Event C:4920.5,R:2397.7,G:1829.1,B:800.6Cali C:1928.9,R:996.6,G:723.7,B:325.6 
11-21 22:40:35.023  2679  4958 I libsensor-boledalgo: dbv:324,lux:96.0,cct:5601.4,hsv:-1.0,CWB R:38121.3,G:39262.5,B:37634.5Event C:4880.5,R:2380.9,G:1815.1,B:805.9Cali C:1928.9,R:996.6,G:723.7,B:325.6 
11-21 22:40:35.025  2679  4958 I libsensor-boledalgo: dbv:324,lux:95.1,cct:5514.4,hsv:-1.0,CWB R:38121.3,G:39262.5,B:37634.5Event C:4811.1,R:2328.6,G:1791.2,B:787.3Cali C:1928.9,R:996.6,G:723.7,B:325.6 
11-21 22:40:35.025  2679  4958 I libsensor-boledalgo: dbv:324,lux:99.4,cct:5676.7,hsv:-1.0,CWB R:38121.3,G:39262.5,B:37634.5Event C:4978.1,R:2427.4,G:1865.5,B:827.7Cali C:1928.9,R:996.6,G:723.7,B:325.6 
11-21 22:40:35.025  2679  4958 I libsensor-boledalgo: ##### the value of lux: 89.980911, cct: 5553.000000
11-21 22:40:35.025  2679  4958 I libsensor-qshcalapi: value of set_lux: 89.980911, set r: 5553.000000
11-21 22:40:35.027  2679  4958 I libsensor-boledalgo: dbv:324,lux:91.2,cct:5571.0,hsv:-1.0,CWB R:38121.3,G:39262.5,B:37634.5Event C:4731.6,R:2302.5,G:1751.4,B:778.5Cali C:1928.9,R:996.6,G:723.7,B:325.6 
11-21 22:40:35.029  2679  4958 I libsensor-boledalgo: dbv:324,lux:91.6,cct:5745.3,hsv:-1.0,CWB R:38121.3,G:39262.5,B:37634.5Event C:4765.5,R:2318.0,G:1767.9,B:794.7Cali C:1928.9,R:996.6,G:723.7,B:325.6 
11-21 22:40:35.235  2679  4958 I libsensor-boledalgo: dbv:324,lux:95.9,cct:5565.7,hsv:-1.0,CWB R:38121.3,G:39262.5,B:37634.5Event C:4855.2,R:2349.9,G:1801.1,B:797.4Cali C:1928.9,R:996.6,G:723.7,B:325.6 
11-21 22:40:35.237  2679  4958 I libsensor-boledalgo: dbv:324,lux:94.5,cct:5628.3,hsv:-1.0,CWB R:38121.3,G:39262.5,B:37634.5Event C:4837.6,R:2355.6,G:1796.2,B:800.0Cali C:1928.9,R:996.6,G:723.7,B:325.6 
11-21 22:40:35.237  2679  4958 I libsensor-boledalgo: dbv:324,lux:93.6,cct:5564.8,hsv:-1.0,CWB R:38121.3,G:39262.5,B:37634.5Event C:4796.0,R:2334.7,G:1782.0,B:789.2Cali C:1928.9,R:996.6,G:723.7,B:325.6 
11-21 22:40:35.239  2679  4958 I libsensor-boledalgo: dbv:324,lux:94.3,cct:5494.0,hsv:-1.0,CWB R:38121.3,G:39262.5,B:37634.5Event C:4805.5,R:2346.4,G:1792.7,B:787.3Cali C:1928.9,R:996.6,G:723.7,B:325.6 
11-21 22:40:35.269  5585 15317 D NetworkMonitor/195: PROBE_DNS www.google.com 14ms OK 142.250.110.104,142.250.110.103,142.250.110.99,142.250.110.105,142.250.110.147,142.250.110.106
11-21 22:40:35.270  5585 15318 D NetworkMonitor/195: PROBE_DNS connectivitycheck.gstatic.com 15ms OK 64.233.166.94
11-21 22:40:35.446  2679  4958 I libsensor-boledalgo: dbv:324,lux:94.7,cct:5613.0,hsv:-1.0,CWB R:38121.3,G:39262.5,B:37634.5Event C:4835.6,R:2351.5,G:1796.4,B:798.4Cali C:1928.9,R:996.6,G:723.7,B:325.6 
11-21 22:40:35.447  2679  4958 I libsensor-boledalgo: dbv:324,lux:95.3,cct:5513.0,hsv:-1.0,CWB R:38121.3,G:39262.5,B:37634.5Event C:4846.2,R:2353.5,G:1793.6,B:793.1Cali C:1928.9,R:996.6,G:723.7,B:325.6 
11-21 22:40:35.447  2679  4958 I libsensor-boledalgo: dbv:324,lux:95.1,cct:5605.1,hsv:-1.0,CWB R:38121.3,G:39262.5,B:37634.5Event C:4845.8,R:2360.2,G:1804.1,B:800.2Cali C:1928.9,R:996.6,G:723.7,B:325.6 
11-21 22:40:35.448  2679  4958 I libsensor-boledalgo: dbv:324,lux:94.3,cct:5451.2,hsv:-1.0,CWB R:38121.3,G:39262.5,B:37634.5Event C:4805.6,R:2336.4,G:1778.6,B:782.8Cali C:1928.9,R:996.6,G:723.7,B:325.6 
11-21 22:40:35.448  2679  4958 I libsensor-boledalgo: dbv:324,lux:96.2,cct:5619.1,hsv:-1.0,CWB R:38121.3,G:39262.5,B:37634.5Event C:4877.9,R:2363.3,G:1809.7,B:804.8Cali C:1928.9,R:996.6,G:723.7,B:325.6 
11-21 22:40:35.449  2679  4958 I libsensor-boledalgo: dbv:324,lux:94.5,cct:5485.6,hsv:-1.0,CWB R:38121.3,G:39262.5,B:37634.5Event C:4818.3,R:2344.3,G:1785.1,B:787.3Cali C:1928.9,R:996.6,G:723.7,B:325.6 
11-21 22:40:35.449  2679  4958 I libsensor-boledalgo: dbv:324,lux:95.6,cct:5588.3,hsv:-1.0,CWB R:38121.3,G:39262.5,B:37634.5Event C:4855.4,R:2355.0,G:1802.1,B:799.5Cali C:1928.9,R:996.6,G:723.7,B:325.6 
11-21 22:40:35.450  2679  4958 I libsensor-boledalgo: dbv:324,lux:95.0,cct:5499.7,hsv:-1.0,CWB R:38121.3,G:39262.5,B:37634.5Event C:4825.7,R:2344.2,G:1792.5,B:789.4Cali C:1928.9,R:996.6,G:723.7,B:325.6 
11-21 22:40:35.450  2679  4958 I libsensor-boledalgo: dbv:324,lux:93.5,cct:5655.2,hsv:-1.0,CWB R:38121.3,G:39262.5,B:37634.5Event C:4824.8,R:2354.4,G:1787.4,B:799.7Cali C:1928.9,R:996.6,G:723.7,B:325.6 
11-21 22:40:35.651  3393 12188 D JavaheapMonitor: Java heap used=7M max=256M, proc: com.miui.msa.global
11-21 22:40:35.652  3393 12188 V JavaheapMonitor: Check java heap usage finished! Next check delay: 300000
11-21 22:40:35.660  2679  4958 I libsensor-boledalgo: dbv:324,lux:95.9,cct:5405.3,hsv:-1.0,CWB R:38121.3,G:39262.5,B:37634.5Event C:4841.7,R:2361.7,G:1802.9,B:787.0Cali C:1928.9,R:996.6,G:723.7,B:325.6 
11-21 22:40:35.661  2679  4958 I libsensor-boledalgo: dbv:324,lux:94.9,cct:5616.2,hsv:-1.0,CWB R:38121.3,G:39262.5,B:37634.5Event C:4857.2,R:2369.3,G:1801.8,B:802.7Cali C:1928.9,R:996.6,G:723.7,B:325.6 
11-21 22:40:35.661  2679  4958 I libsensor-boledalgo: dbv:324,lux:95.5,cct:5517.5,hsv:-1.0,CWB R:38121.3,G:39262.5,B:37634.5Event C:4851.7,R:2371.2,G:1807.0,B:796.4Cali C:1928.9,R:996.6,G:723.7,B:325.6 
11-21 22:40:35.662  2679  4958 I libsensor-boledalgo: dbv:324,lux:99.2,cct:5631.5,hsv:-1.0,CWB R:38121.3,G:39262.5,B:37634.5Event C:4980.3,R:2422.8,G:1851.7,B:823.7Cali C:1928.9,R:996.6,G:723.7,B:325.6 
11-21 22:40:35.663  2679  4958 I libsensor-boledalgo: dbv:324,lux:93.7,cct:5522.3,hsv:-1.0,CWB R:38121.3,G:39262.5,B:37634.5Event C:4805.4,R:2332.1,G:1773.0,B:786.6Cali C:1928.9,R:996.6,G:723.7,B:325.6 
11-21 22:40:35.663  2679  4958 I libsensor-boledalgo: dbv:324,lux:94.9,cct:5633.0,hsv:-1.0,CWB R:38121.3,G:39262.5,B:37634.5Event C:4847.5,R:2361.2,G:1804.1,B:802.2Cali C:1928.9,R:996.6,G:723.7,B:325.6 
11-21 22:40:35.663  2679  4958 I libsensor-boledalgo: dbv:324,lux:92.5,cct:5721.1,hsv:-1.0,CWB R:38121.3,G:39262.5,B:37634.5Event C:4762.9,R:2328.8,G:1793.9,B:795.8Cali C:1928.9,R:996.6,G:723.7,B:325.6 
11-21 22:40:35.664  2679  4958 I libsensor-boledalgo: dbv:324,lux:94.8,cct:5577.2,hsv:-1.0,CWB R:38121.3,G:39262.5,B:37634.5Event C:4835.4,R:2349.9,G:1794.9,B:795.9Cali C:1928.9,R:996.6,G:723.7,B:325.6 
11-21 22:40:35.664  2679  4958 I libsensor-boledalgo: dbv:324,lux:94.1,cct:5700.8,hsv:-1.0,CWB R:38121.3,G:39262.5,B:37634.5Event C:4820.0,R:2343.8,G:1797.5,B:801.7Cali C:1928.9,R:996.6,G:723.7,B:325.6 
11-21 22:40:35.695  3869  5956 D FileUtils: Rounded bytes from 11662168064 to 16000000000
11-21 22:40:35.708 24848 25636 E C9      : Network error
11-21 22:40:35.725  5840  6596 E PhoneAdapter: get ntnphones failed, exception: java.lang.IllegalStateException: Default phones haven't been made yet!
11-21 22:40:35.728 22199 22480 D AudioManager: getMode: mode=0, callApp=com.vodafone.selfservis
11-21 22:40:35.872  2679  4958 I libsensor-boledalgo: dbv:324,lux:95.2,cct:5535.6,hsv:-1.0,CWB R:38121.3,G:39262.5,B:37634.5Event C:4845.5,R:2354.2,G:1795.2,B:794.7Cali C:1928.9,R:996.6,G:723.7,B:325.6 
11-21 22:40:35.874  2679  4958 I libsensor-boledalgo: dbv:324,lux:95.4,cct:5593.9,hsv:-1.0,CWB R:38121.3,G:39262.5,B:37634.5Event C:4847.3,R:2357.2,G:1805.5,B:799.5Cali C:1928.9,R:996.6,G:723.7,B:325.6 
11-21 22:40:35.875  2679  4958 I libsensor-boledalgo: dbv:324,lux:95.7,cct:5519.3,hsv:-1.0,CWB R:38121.3,G:39262.5,B:37634.5Event C:4863.4,R:2365.3,G:1800.6,B:796.7Cali C:1928.9,R:996.6,G:723.7,B:325.6 
11-21 22:40:35.875  2679  4958 I libsensor-boledalgo: dbv:324,lux:95.2,cct:5593.6,hsv:-1.0,CWB R:38121.3,G:39262.5,B:37634.5Event C:4849.2,R:2364.4,G:1806.7,B:800.4Cali C:1928.9,R:996.6,G:723.7,B:325.6 
11-21 22:40:35.965  3869  4961 D InetDiagMessage: Destroyed 1 sockets, proto=IPPROTO_TCP, family=AF_INET, states=14
11-21 22:40:35.965 25653 26078 W JobInfo : Job 'com.alibaba.intl.android.apps.poseidon/com.taobao.accs.internal.AccsJobService#2050' has a deadline with functional constraints and an extremely short time window of 0 ms (delay=80000, deadline=80000). The functional constraints are not likely to be satisfied when the job runs.
11-21 22:40:35.965  3869  6920 W JobInfo : Job 'com.alibaba.intl.android.apps.poseidon/com.taobao.accs.internal.AccsJobService#2050' has a deadline with functional constraints and an extremely short time window of 0 ms (delay=80000, deadline=80000). The functional constraints are not likely to be satisfied when the job runs.
11-21 22:40:35.965  3869  6920 W JobInfo : Job 'com.alibaba.intl.android.apps.poseidon/com.taobao.accs.internal.AccsJobService#2050' has a deadline with functional constraints and an extremely short time window of 0 ms (delay=80000, deadline=80000). The functional constraints are not likely to be satisfied when the job runs.
11-21 22:40:35.966  3869  4961 D InetDiagMessage: Destroyed 0 sockets, proto=IPPROTO_TCP, family=AF_INET6, states=14
11-21 22:40:35.966  3869  4961 D InetDiagMessage: Destroyed live tcp sockets for uids={10414} in 3ms
11-21 22:40:35.967  3869  4961 D InetDiagMessage: Destroyed 0 sockets, proto=IPPROTO_TCP, family=AF_INET, states=14
11-21 22:40:35.968  3869  4961 D InetDiagMessage: Destroyed 0 sockets, proto=IPPROTO_TCP, family=AF_INET6, states=14
11-21 22:40:35.968  3869  4961 D InetDiagMessage: Destroyed live tcp sockets for uids={20414} in 2ms
11-21 22:40:35.981 15312 16267 D JavaheapMonitor: Java heap used=20M max=256M, proc: com.xiaomi.mipicks
11-21 22:40:35.981 15312 16267 V JavaheapMonitor: Check java heap usage finished! Next check delay: 300000
11-21 22:40:36.030  3869  5119 D PolicyMaker: HasForegroundService pkgName=com.radolyn.ayugram uid:10519
11-21 22:40:36.084  2679  4958 I libsensor-boledalgo: dbv:324,lux:97.4,cct:5798.7,hsv:-1.0,CWB R:38121.3,G:39262.5,B:37634.5Event C:4949.1,R:2411.0,G:1845.3,B:829.7Cali C:1928.9,R:996.6,G:723.7,B:325.6 
11-21 22:40:36.084  2679  4958 I libsensor-boledalgo: dbv:324,lux:93.3,cct:5532.6,hsv:-1.0,CWB R:38121.3,G:39262.5,B:37634.5Event C:4794.0,R:2340.7,G:1778.6,B:787.3Cali C:1928.9,R:996.6,G:723.7,B:325.6 
11-21 22:40:36.085  2679  4958 I libsensor-boledalgo: dbv:324,lux:95.5,cct:5476.4,hsv:-1.0,CWB R:38121.3,G:39262.5,B:37634.5Event C:4829.1,R:2347.6,G:1800.0,B:788.9Cali C:1928.9,R:996.6,G:723.7,B:325.6 
11-21 22:40:36.086  2679  4958 I libsensor-boledalgo: dbv:324,lux:98.3,cct:5558.4,hsv:-1.0,CWB R:38121.3,G:39262.5,B:37634.5Event C:4950.5,R:2405.0,G:1830.5,B:813.0Cali C:1928.9,R:996.6,G:723.7,B:325.6 
11-21 22:40:36.297  2679  4958 I libsensor-boledalgo: dbv:324,lux:95.7,cct:5501.7,hsv:-1.0,CWB R:38121.3,G:39262.5,B:37634.5Event C:4859.4,R:2370.7,G:1804.5,B:795.9Cali C:1928.9,R:996.6,G:723.7,B:325.6 
11-21 22:40:36.297  2679  4958 I libsensor-boledalgo: dbv:324,lux:92.7,cct:5631.5,hsv:-1.0,CWB R:38121.3,G:39262.5,B:37634.5Event C:4780.3,R:2329.7,G:1778.7,B:791.1Cali C:1928.9,R:996.6,G:723.7,B:325.6 
11-21 22:40:36.298  2679  4958 I libsensor-boledalgo: dbv:324,lux:96.3,cct:5504.1,hsv:-1.0,CWB R:38121.3,G:39262.5,B:37634.5Event C:4871.6,R:2382.9,G:1819.3,B:799.3Cali C:1928.9,R:996.6,G:723.7,B:325.6 
11-21 22:40:36.299  2679  4958 I libsensor-boledalgo: dbv:324,lux:95.8,cct:5554.5,hsv:-1.0,CWB R:38121.3,G:39262.5,B:37634.5Event C:4865.3,R:2365.9,G:1805.0,B:799.5Cali C:1928.9,R:996.6,G:723.7,B:325.6 
11-21 22:40:36.300  2679  4958 I libsensor-boledalgo: dbv:324,lux:94.8,cct:5498.4,hsv:-1.0,CWB R:38121.3,G:39262.5,B:37634.5Event C:4827.4,R:2351.0,G:1792.7,B:790.1Cali C:1928.9,R:996.6,G:723.7,B:325.6 
11-21 22:40:36.300  2679  4958 I libsensor-boledalgo: dbv:324,lux:95.3,cct:5565.1,hsv:-1.0,CWB R:38121.3,G:39262.5,B:37634.5Event C:4848.3,R:2365.1,G:1806.8,B:798.6Cali C:1928.9,R:996.6,G:723.7,B:325.6 
11-21 22:40:36.490  3869  5956 W ActivityManagerServiceImpl: Sending non-protected broadcast com.modemenhance.ACTION_MODEMWIFI_RSSI_POLL from system 5840:com.android.phone/1001 pkg com.android.phone. Callers=
11-21 22:40:36.492  3869  4188 D BroadcastQueue: Logging broadcast for com.android.phone, stopped=false, firstLaunch=false
11-21 22:40:36.493  5840  5840 D AmlSlaveWifiManager: getWifiSlaveConnectionInfo
11-21 22:40:36.509  2679  4958 I libsensor-boledalgo: dbv:324,lux:97.3,cct:5480.1,hsv:-1.0,CWB R:38121.3,G:39262.5,B:37634.5Event C:4878.4,R:2362.2,G:1815.2,B:796.1Cali C:1928.9,R:996.6,G:723.7,B:325.6 
11-21 22:40:36.510  2679  4958 I libsensor-boledalgo: dbv:324,lux:95.6,cct:5541.8,hsv:-1.0,CWB R:38121.3,G:39262.5,B:37634.5Event C:4865.6,R:2373.9,G:1805.3,B:799.5Cali C:1928.9,R:996.6,G:723.7,B:325.6 
11-21 22:40:36.511  2679  4958 I libsensor-boledalgo: dbv:324,lux:91.0,cct:5387.5,hsv:-1.0,CWB R:38121.3,G:39262.5,B:37634.5Event C:4714.2,R:2309.9,G:1745.8,B:765.9Cali C:1928.9,R:996.6,G:723.7,B:325.6 
11-21 22:40:36.511  2679  4958 I libsensor-boledalgo: dbv:324,lux:95.3,cct:5514.2,hsv:-1.0,CWB R:38121.3,G:39262.5,B:37634.5Event C:4843.5,R:2354.8,G:1795.2,B:793.1Cali C:1928.9,R:996.6,G:723.7,B:325.6 
11-21 22:40:36.512  2679  4958 I libsensor-boledalgo: dbv:324,lux:91.1,cct:5796.3,hsv:-1.0,CWB R:38121.3,G:39262.5,B:37634.5Event C:4767.7,R:2325.0,G:1766.3,B:798.4Cali C:1928.9,R:996.6,G:723.7,B:325.6 
11-21 22:40:36.673  3869  5956 D ConnectivityService: Returning BLOCKED NetworkInfo to uid=10414
11-21 22:40:36.706  1845  2034 E WifiHAL : wifi_get_cached_scan_results: Wifi Cached Scan Result not supported by driver
11-21 22:40:36.707  3869  4946 E WifiStaIfaceAidlImpl: getCachedScanData failed with service-specific exception: android.os.ServiceSpecificException:  (code 4)
11-21 22:40:36.721  2679  4958 I libsensor-boledalgo: dbv:324,lux:95.1,cct:5497.8,hsv:-1.0,CWB R:38121.3,G:39262.5,B:37634.5Event C:4833.6,R:2348.8,G:1791.5,B:790.4Cali C:1928.9,R:996.6,G:723.7,B:325.6 
11-21 22:40:36.722  2679  4958 I libsensor-boledalgo: dbv:324,lux:93.4,cct:5594.8,hsv:-1.0,CWB R:38121.3,G:39262.5,B:37634.5Event C:4799.9,R:2335.8,G:1779.6,B:791.4Cali C:1928.9,R:996.6,G:723.7,B:325.6 
11-21 22:40:36.723  2679  4958 I libsensor-boledalgo: dbv:324,lux:96.6,cct:5540.2,hsv:-1.0,CWB R:38121.3,G:39262.5,B:37634.5Event C:4888.8,R:2378.0,G:1814.6,B:802.5Cali C:1928.9,R:996.6,G:723.7,B:325.6 
11-21 22:40:36.733  5840  6656 E PhoneAdapter: get ntnphones failed, exception: java.lang.IllegalStateException: Default phones haven't been made yet!
11-21 22:40:36.738 22199 22480 D AudioManager: getMode: mode=0, callApp=com.vodafone.selfservis
11-21 22:40:36.901 25153 25153 W CrashSDKBkgdHan: type=1400 audit(0.0:94589): avc:  denied  { read } for  name="loadavg" dev="proc" ino=4026532009 scontext=u:r:untrusted_app:s0:c158,c257,c512,c768 tcontext=u:object_r:proc_loadavg:s0 tclass=file permissive=0 app=com.alibaba.intl.android.apps.poseidon
11-21 22:40:36.910 25657 25747 D JavaheapMonitor: Java heap used=8M max=256M, proc: com.google.android.gms.unstable
11-21 22:40:36.910 25657 25747 V JavaheapMonitor: Check java heap usage finished! Next check delay: 300000
11-21 22:40:36.935  2679  4958 I libsensor-boledalgo: dbv:324,lux:95.8,cct:5461.7,hsv:-1.0,CWB R:38121.3,G:39262.5,B:37634.5Event C:4845.5,R:2353.1,G:1797.0,B:789.9Cali C:1928.9,R:996.6,G:723.7,B:325.6 
11-21 22:40:36.936  2679  4958 I libsensor-boledalgo: dbv:324,lux:95.0,cct:5586.1,hsv:-1.0,CWB R:38121.3,G:39262.5,B:37634.5Event C:4840.3,R:2350.8,G:1796.4,B:797.1Cali C:1928.9,R:996.6,G:723.7,B:325.6 
11-21 22:40:36.936  2679  4958 I libsensor-boledalgo: dbv:324,lux:95.3,cct:5510.7,hsv:-1.0,CWB R:38121.3,G:39262.5,B:37634.5Event C:4839.8,R:2356.1,G:1798.4,B:792.9Cali C:1928.9,R:996.6,G:723.7,B:325.6 
11-21 22:40:36.937  2679  4958 I libsensor-boledalgo: dbv:324,lux:95.9,cct:5591.7,hsv:-1.0,CWB R:38121.3,G:39262.5,B:37634.5Event C:4863.4,R:2362.1,G:1808.2,B:801.5Cali C:1928.9,R:996.6,G:723.7,B:325.6 
11-21 22:40:36.939  2679  4958 I libsensor-boledalgo: dbv:324,lux:94.1,cct:5511.0,hsv:-1.0,CWB R:38121.3,G:39262.5,B:37634.5Event C:4809.6,R:2338.5,G:1780.6,B:787.3Cali C:1928.9,R:996.6,G:723.7,B:325.6 
11-21 22:40:37.019 25153 26420 E u4native: [InfoLevelMessage] [INFO:not_a_file.cc(0)] NetworkServiceThread heartbeat, pid/tid: 25153/26420, interval/index: 30s/25
11-21 22:40:37.019  3471 12121 D JavaheapMonitor: Java heap used=7M max=256M, proc: com.miui.securitycenter
11-21 22:40:37.019  3471 12121 V JavaheapMonitor: Check java heap usage finished! Next check delay: 300000
11-21 22:40:37.029 25153 26375 E u4native: [InfoLevelMessage] [INFO:not_a_file.cc(0)] BrowserIOThread heartbeat, pid/tid: 25153/26375, interval/index: 30s/25, ucCoreSoImplVersion: 5.18.9.0_250713225318
11-21 22:40:37.114  5898  5898 D ArtChoreographerMonitor: invoke error.
11-21 22:40:37.119  5898  5898 D ControlCenterHeaderExpandController: onExpansionChanged: progress =  0.0
11-21 22:40:37.119  3437  4320 D JavaheapMonitor: Java heap used=13M max=256M, proc: com.miui.powerkeeper
11-21 22:40:37.120  3437  4320 V JavaheapMonitor: Check java heap usage finished! Next check delay: 300000
11-21 22:40:37.120  5898  5898 D ControlCenterHeaderExpandController: onExpansionChanged: progress =  0.0
11-21 22:40:37.124  5898  5898 D ControlCenterHeaderExpandController: onExpansionChanged: progress =  0.0
11-21 22:40:37.132  5898  5898 D ControlCenterHeaderExpandController: onExpansionChanged: progress =  0.0
11-21 22:40:37.133  1863  2473 I SDM     : HWDeviceDRM::SetupConcurrentWriteback: Tear down the Concurrent Writeback topology
11-21 22:40:37.134  1863  3263 I vendor.qti.hardware.display.composer-service: Sensor: notify citsensorservice to trigger cwb, misForced = 0
11-21 22:40:37.135  1863  1863 I SDM     : CWB config passed by cwb_client : tappoint 1  CWB_ROI : (480.000000 159.000000 721.000000 400.000000) for display-0
11-21 22:40:37.204  1863  2473 I SDM     : DisplayBase::CommitThread: Received Idle Timeout, panel: cmd, timeout: 70000 us
11-21 22:40:37.221  3869  5155 I SmartPower: com.google.android.gms.unstable/10165(26163): background->idle(3002ms) R(service unbind com.google.android.gms/.droidguard.DroidGuardService) adj=800.
