--------- beginning of main
11-21 22:47:48.064  1116  1116 E KeymasterUtils: IKMHal_sendCmd failed with rsp_header->status: -28
11-21 22:47:48.064  1116  1116 E KeyMasterHalDevice: abort_operation
11-21 22:47:48.064  1116  1116 E KeyMasterHalDevice: ret: -28
11-21 22:47:48.064  1887  2340 D FPSMonitor: threadFuncFpsMonitor display 0, fps 1
11-21 22:47:48.064  2679  4945 D libsensor-D2SNotifier: DisplayId 0 Displayinfo2SlpiNotifier to type 8 displayFrequency = 1 
11-21 22:47:48.065  2679  4945 I sensors : qsh_qmi:41, qsh_qmi
11-21 22:47:48.067  2679  4945 I sensors : ~qsh_qmi:68, ~qsh_qmi
11-21 22:47:48.074  1116  1116 E KeymasterUtils: IKMHal_sendCmd failed with rsp_header->status: -28
11-21 22:47:48.074  1116  1116 E KeyMasterHalDevice: abort_operation
11-21 22:47:48.074  1116  1116 E KeyMasterHalDevice: ret: -28
11-21 22:47:48.082 28325 29462 D JavaheapMonitor: Java heap used=22M max=512M, proc: com.miui.gallery
11-21 22:47:48.082 28325 29462 V JavaheapMonitor: Check java heap usage finished! Next check delay: 300000
11-21 22:47:48.082  1863  5144 I SDM     : NotifyCWBStatus: Notify the client about buffer (0x18c3b6e0) status 0 for display-0.
11-21 22:47:48.083  1863  5144 I SDM     : SDMConcurrentWriteBack::ProcessCWBStatus: CWB queue is empty. Display: 0
11-21 22:47:48.085  1116  1116 E KeymasterUtils: IKMHal_sendCmd failed with rsp_header->status: -28
11-21 22:47:48.085  1116  1116 E KeyMasterHalDevice: abort_operation
11-21 22:47:48.085  1116  1116 E KeyMasterHalDevice: ret: -28
11-21 22:47:48.086 19400 19400 I HttpClientFactory: ðŸš€ createHttpClient() called (proxy=false)
11-21 22:47:48.086 19400 19400 D HttpClientFactory: ðŸ” createHttpClient: fastDns=true, isInitialized=true
11-21 22:47:48.086 19400 19400 I HttpClientFactory: âœ… RetryInterceptor added (max 3 retries with exponential backoff)
11-21 22:47:48.086 19400 19400 I HttpClientFactory: âœ… CacheLoggingInterceptor added (tracks HTTP cache hits/misses)
11-21 22:47:48.086 19400 19400 I HttpClientFactory: âœ… HTTP response cache configured: 100MB disk cache at /data/user/0/com.hyperxray.an/cache/http_cache
11-21 22:47:48.086 19400 19400 I HttpClientFactory: âœ… Optimized TCP socket factory configured (128KB buffers, TCP_NODELAY, SO_KEEPALIVE)
11-21 22:47:48.086 19400 19400 D HttpClientFactory: Configured OkHttp with Conscrypt TLS acceleration + optimized TCP sockets
11-21 22:47:48.086 19400 19400 I HttpClientFactory: âœ… HTTP/2 protocol enabled with priority (HTTP/3 QUIC available via Cronet)
11-21 22:47:48.086 19400 19400 I HttpClientFactory: âœ… Connection pool configured: maxIdle=120, keepAlive=15min
11-21 22:47:48.086 19400 19400 I HttpClientFactory: âœ… Configured OkHttp with fast DNS resolver (DoH + 5 parallel DNS servers + persistent cache)
11-21 22:47:48.086 19400 19400 D HttpClientFactory: ðŸ” DNS resolver is set and ready for lookups (proxy-aware)
11-21 22:47:48.086 19400 19400 I HttpClientFactory: âœ… Created OkHttp client with TLS acceleration (Cronet engine ACTIVE - HTTP/2, HTTP/3 QUIC enabled at system level)
11-21 22:47:48.087 19400 19400 D TelegramNotificationManager: Starting command polling (interval: 5000ms)
11-21 22:47:48.087  1116  1116 E KeymasterUtils: IKMHal_sendCmd failed with rsp_header->status: -28
11-21 22:47:48.087  1116  1116 E KeyMasterHalDevice: abort_operation
11-21 22:47:48.087  1116  1116 E KeyMasterHalDevice: ret: -28
11-21 22:47:48.087 19400 19400 D VpnService: Telegram notification manager initialized
11-21 22:47:48.092 19400 19400 D VpnService: Foreground notification created and displayed
11-21 22:47:48.094 19400 19400 D LogFileManager: Log file content cleared successfully.
11-21 22:47:48.100 19400 19459 D DnsCacheManager: DnsCacheManager already initialized
11-21 22:47:48.101 19400 19459 I SystemDnsCacheServer: ðŸš€ Starting system DNS cache server on 127.0.0.1:53
11-21 22:47:48.101  3869  4081 I ClipboardServiceI: checkProviderWakePathForClipboard: com.hyperxray.anis not a activePermissionOwner
11-21 22:47:48.102 19400 19459 W SystemDnsCacheServer: Failed to start DNS cache server on port 53: bind failed: EACCES (Permission denied)
11-21 22:47:48.102 19400 19459 I SystemDnsCacheServer: Port 53 not available (may require root), trying alternative port 5353
11-21 22:47:48.102 19400 19459 I SystemDnsCacheServer: ðŸš€ Starting system DNS cache server on 127.0.0.1:5353
11-21 22:47:48.103 19400 19459 I SystemDnsCacheServer: âœ… System DNS cache server started successfully on 127.0.0.1:5353
11-21 22:47:48.103 19400 19445 I SystemDnsCacheServer: ðŸ”¥ Starting ENHANCED DNS cache warm-up with adaptive prioritization...
11-21 22:47:48.103 19400 19429 I SystemDnsCacheServer: ðŸ” DNS server loop started, waiting for queries on port 5353...
11-21 22:47:48.104 19400 19445 I SystemDnsCacheServer: ðŸ“Š Adaptive warm-up: 73 domains (0 dynamically added)
11-21 22:47:48.104 19400 19445 I SystemDnsCacheServer: ðŸš€ Tier 1 warm-up: 55 critical domains...
11-21 22:47:48.104 19400 19454 D DnsCacheManager: ðŸ” Checking DNS cache for: google.com
11-21 22:47:48.105 19400 19454 I DnsCacheManager: âœ… DNS cache HIT: google.com -> [142.251.39.206, 42.0.20.80] (age: 250s) [467Î¼s]
11-21 22:47:48.105 19400 19454 D SystemDnsCacheServer: âœ… DNS CACHE HIT (resolveDomain): google.com -> [142.251.39.206, 42.0.20.80]
11-21 22:47:48.105 19400 19428 D DnsCacheManager: ðŸ” Checking DNS cache for: www.google.com
11-21 22:47:48.105 19400 19454 D SystemDnsCacheServer: âœ… Warm-up [Tier 1]: google.com -> [142.251.39.206, 42.0.20.80]
11-21 22:47:48.105 19400 19428 I DnsCacheManager: âœ… DNS cache HIT: www.google.com -> [142.250.110.106, 142.250.110.103, 142.250.110.104, 142.250.110.105, 142.250.110.99, 142.250.110.147] (age: 537s) [463Î¼s]
11-21 22:47:48.105 19400 19428 D SystemDnsCacheServer: âœ… DNS CACHE HIT (resolveDomain): www.google.com -> [142.250.110.106, 142.250.110.103, 142.250.110.104, 142.250.110.105, 142.250.110.99, 142.250.110.147]
11-21 22:47:48.105 19400 19428 D SystemDnsCacheServer: âœ… Warm-up [Tier 1]: www.google.com -> [142.250.110.106, 142.250.110.103, 142.250.110.104, 142.250.110.105, 142.250.110.99, 142.250.110.147]
11-21 22:47:48.105 19400 19458 D DnsCacheManager: ðŸ” Checking DNS cache for: googleapis.com
11-21 22:47:48.105 19400 19453 D DnsCacheManager: ðŸ” Checking DNS cache for: gstatic.com
11-21 22:47:48.105 19400 19453 I DnsCacheManager: âœ… DNS cache HIT: gstatic.com -> [172.217.20.163] (age: 938s) [475Î¼s]
11-21 22:47:48.106 19400 19453 D SystemDnsCacheServer: âœ… DNS CACHE HIT (resolveDomain): gstatic.com -> [172.217.20.163]
11-21 22:47:48.106 19400 19453 D SystemDnsCacheServer: âœ… Warm-up [Tier 1]: gstatic.com -> [172.217.20.163]
11-21 22:47:48.106 19400 19458 I DnsCacheManager: âœ… DNS cache HIT: googleapis.com -> [142.251.5.99, 142.251.5.104, 142.251.5.106, 142.251.5.105, 142.251.5.103, 142.251.5.147] (age: 939s) [590Î¼s]
11-21 22:47:48.106 19400 19458 D SystemDnsCacheServer: âœ… DNS CACHE HIT (resolveDomain): googleapis.com -> [142.251.5.99, 142.251.5.104, 142.251.5.106, 142.251.5.105, 142.251.5.103, 142.251.5.147]
11-21 22:47:48.106 19400 19458 D SystemDnsCacheServer: âœ… Warm-up [Tier 1]: googleapis.com -> [142.251.5.99, 142.251.5.104, 142.251.5.106, 142.251.5.105, 142.251.5.103, 142.251.5.147]
11-21 22:47:48.106 19400 19453 D DnsCacheManager: ðŸ” Checking DNS cache for: www.gstatic.com
11-21 22:47:48.106 19400 19497 D DnsCacheManager: ðŸ” Checking DNS cache for: youtube.com
11-21 22:47:48.106 19400 19497 I DnsCacheManager: âœ… DNS cache HIT: youtube.com -> [74.125.71.91, 74.125.71.93, 74.125.71.190, 74.125.71.136] (age: 538s) [493Î¼s]
11-21 22:47:48.106 19400 19458 D DnsCacheManager: ðŸ” Checking DNS cache for: www.googleapis.com
11-21 22:47:48.106 19400 19497 D SystemDnsCacheServer: âœ… DNS CACHE HIT (resolveDomain): youtube.com -> [74.125.71.91, 74.125.71.93, 74.125.71.190, 74.125.71.136]
11-21 22:47:48.106 19400 19501 D DnsCacheManager: ðŸ” Checking DNS cache for: www.youtube.com
11-21 22:47:48.106 19400 19458 I DnsCacheManager: âœ… DNS cache HIT: www.googleapis.com -> [142.250.110.95, 108.177.15.95, 74.125.206.95, 74.125.71.95, 142.251.168.95, 64.233.166.95, 173.194.76.95, 74.125.133.95, 66.102.1.95, 64.233.167.95, 142.251.173.95, 64.233.184.95] (age: 32331s) [43Î¼s]
11-21 22:47:48.107 19400 19458 D SystemDnsCacheServer: âœ… DNS CACHE HIT (resolveDomain): www.googleapis.com -> [142.250.110.95, 108.177.15.95, 74.125.206.95, 74.125.71.95, 142.251.168.95, 64.233.166.95, 173.194.76.95, 74.125.133.95, 66.102.1.95, 64.233.167.95, 142.251.173.95, 64.233.184.95]
11-21 22:47:48.107 19400 19427 D TelegramNotificationManager: Config is valid and enabled, processing commands
11-21 22:47:48.107 19400 19501 I DnsCacheManager: âœ… DNS cache HIT: www.youtube.com -> [108.177.15.190, 66.102.1.93, 142.250.110.91, 108.177.15.93, 173.194.76.136, 108.177.15.91, 108.177.15.136, 66.102.1.91, 173.194.76.190, 74.125.133.93, 173.194.76.93, 66.102.1.190, 142.250.110.93, 173.194.76.91, 74.125.133.91, 66.102.1.136] (age: 261s) [599Î¼s]
11-21 22:47:48.107 19400 19492 D DnsCacheManager: ðŸ” Checking DNS cache for: www.google.com
11-21 22:47:48.107 19400 19501 D SystemDnsCacheServer: âœ… DNS CACHE HIT (resolveDomain): www.youtube.com -> [108.177.15.190, 66.102.1.93, 142.250.110.91, 108.177.15.93, 173.194.76.136, 108.177.15.91, 108.177.15.136, 66.102.1.91, 173.194.76.190, 74.125.133.93, 173.194.76.93, 66.102.1.190, 142.250.110.93, 173.194.76.91, 74.125.133.91, 66.102.1.136]
11-21 22:47:48.107 19400 19492 I DnsCacheManager: âœ… DNS cache HIT: www.google.com -> [142.250.110.106, 142.250.110.103, 142.250.110.104, 142.250.110.105, 142.250.110.99, 142.250.110.147] (age: 537s) [1656Î¼s]
11-21 22:47:48.107 19400 19492 D SystemDnsCacheServer: âœ… DNS CACHE HIT (resolveDomain): www.google.com -> [142.250.110.106, 142.250.110.103, 142.250.110.104, 142.250.110.105, 142.250.110.99, 142.250.110.147]
11-21 22:47:48.107 19400 19501 D SystemDnsCacheServer: âœ… Warm-up [Tier 1]: www.youtube.com -> [108.177.15.190, 66.102.1.93, 142.250.110.91, 108.177.15.93, 173.194.76.136, 108.177.15.91, 108.177.15.136, 66.102.1.91, 173.194.76.190, 74.125.133.93, 173.194.76.93, 66.102.1.190, 142.250.110.93, 173.194.76.91, 74.125.133.91, 66.102.1.136]
11-21 22:47:48.108 19400 19496 D DnsCacheManager: ðŸ” Checking DNS cache for: www.facebook.com
11-21 22:47:48.108 19400 19453 I DnsCacheManager: âœ… DNS cache HIT: www.gstatic.com -> [74.125.206.94] (age: 32307s) [188Î¼s]
11-21 22:47:48.108 19400 19453 D SystemDnsCacheServer: âœ… DNS CACHE HIT (resolveDomain): www.gstatic.com -> [74.125.206.94]
11-21 22:47:48.108 19400 19496 I DnsCacheManager: âœ… DNS cache HIT: www.facebook.com -> [185.60.219.35, 42.3.40.128] (age: 250s) [1170Î¼s]
11-21 22:47:48.108 19400 19496 D SystemDnsCacheServer: âœ… DNS CACHE HIT (resolveDomain): www.facebook.com -> [185.60.219.35, 42.3.40.128]
11-21 22:47:48.108 19400 19496 D SystemDnsCacheServer: âœ… Warm-up [Tier 1]: www.facebook.com -> [185.60.219.35, 42.3.40.128]
11-21 22:47:48.108 19400 19499 D DnsCacheManager: ðŸ” Checking DNS cache for: instagram.com
11-21 22:47:48.108 19400 19497 D SystemDnsCacheServer: âœ… Warm-up [Tier 1]: youtube.com -> [74.125.71.91, 74.125.71.93, 74.125.71.190, 74.125.71.136]
11-21 22:47:48.108 19400 19492 D SystemDnsCacheServer: âœ… Warm-up [Tier 1] subdomain: www.google.com -> [142.250.110.106, 142.250.110.103, 142.250.110.104, 142.250.110.105, 142.250.110.99, 142.250.110.147]
11-21 22:47:48.108 19400 19492 D DnsCacheManager: ðŸ” Checking DNS cache for: cdn.google.com
11-21 22:47:48.108 19400 19492 D SystemDnsCacheServer: âš ï¸ DNS CACHE MISS (resolveDomain): cdn.google.com, resolving from upstream with retry...
11-21 22:47:48.109 19400 19458 D SystemDnsCacheServer: âœ… Warm-up [Tier 1] subdomain: www.googleapis.com -> [142.250.110.95, 108.177.15.95, 74.125.206.95, 74.125.71.95, 142.251.168.95, 64.233.166.95, 173.194.76.95, 74.125.133.95, 66.102.1.95, 64.233.167.95, 142.251.173.95, 64.233.184.95]
11-21 22:47:48.109 19400 19495 D DnsCacheManager: ðŸ” Checking DNS cache for: www.youtube.com
11-21 22:47:48.109 19400 19458 D DnsCacheManager: ðŸ” Checking DNS cache for: cdn.googleapis.com
11-21 22:47:48.109  1915  2315 I [THP0]  : HAL_I: init_watch_dog_timer: frame 550
11-21 22:47:48.110 19400 19497 D DnsCacheManager: ðŸ” Checking DNS cache for: www.microsoft.com
11-21 22:47:48.110 19400 19497 I DnsCacheManager: âœ… DNS cache HIT: www.microsoft.com -> [23.58.193.226] (age: 939s) [22Î¼s]
11-21 22:47:48.110 19400 19497 D SystemDnsCacheServer: âœ… DNS CACHE HIT (resolveDomain): www.microsoft.com -> [23.58.193.226]
11-21 22:47:48.110 19400 19497 D SystemDnsCacheServer: âœ… Warm-up [Tier 1]: www.microsoft.com -> [23.58.193.226]
11-21 22:47:48.110 19400 19458 I DnsCacheManager: âœ… DNS cache HIT: cdn.googleapis.com -> [216.58.213.74, 142.250.179.74, 142.250.179.106, 142.250.178.138, 142.251.39.202, 172.217.18.202, 216.58.214.74, 142.250.74.234, 142.250.75.234, 216.58.214.170, 172.217.20.170, 216.58.215.42, 42.0.20.80, 42.0.20.80, 42.0.20.80, 42.0.20.80] (age: 859s) [1190Î¼s]
11-21 22:47:48.110 19400 19458 D SystemDnsCacheServer: âœ… DNS CACHE HIT (resolveDomain): cdn.googleapis.com -> [216.58.213.74, 142.250.179.74, 142.250.179.106, 142.250.178.138, 142.251.39.202, 172.217.18.202, 216.58.214.74, 142.250.74.234, 142.250.75.234, 216.58.214.170, 172.217.20.170, 216.58.215.42, 42.0.20.80, 42.0.20.80, 42.0.20.80, 42.0.20.80]
11-21 22:47:48.110 19400 19458 D SystemDnsCacheServer: âœ… Warm-up [Tier 1] subdomain: cdn.googleapis.com -> [216.58.213.74, 142.250.179.74, 142.250.179.106, 142.250.178.138, 142.251.39.202, 172.217.18.202, 216.58.214.74, 142.250.74.234, 142.250.75.234, 216.58.214.170, 172.217.20.170, 216.58.215.42, 42.0.20.80, 42.0.20.80, 42.0.20.80, 42.0.20.80]
11-21 22:47:48.110 19400 19508 D DnsCacheManager: ðŸ” Checking DNS cache for: www.apple.com
11-21 22:47:48.110 19400 19507 D DnsCacheManager: ðŸ” Checking DNS cache for: apple.com
11-21 22:47:48.110 19400 19453 D SystemDnsCacheServer: âœ… Warm-up [Tier 1] subdomain: www.gstatic.com -> [74.125.206.94]
11-21 22:47:48.110 19400 19507 I DnsCacheManager: âœ… DNS cache HIT: apple.com -> [17.253.144.10] (age: 939s) [23Î¼s]
11-21 22:47:48.110 19400 19427 D TelegramNotificationManager: Polling for updates (lastUpdateId: null)
11-21 22:47:48.110 19400 19453 D DnsCacheManager: ðŸ” Checking DNS cache for: cdn.gstatic.com
11-21 22:47:48.111 19400 19453 D DnsCacheManager: âœ… DNS negative cache HIT: cdn.gstatic.com (NXDOMAIN) [24Î¼s]
11-21 22:47:48.111 19400 19494 D DnsCacheManager: ðŸ” Checking DNS cache for: www.twitter.com
11-21 22:47:48.111 19400 19428 D DnsCacheManager: ðŸ” Checking DNS cache for: youtu.be
11-21 22:47:48.111 19400 19494 I DnsCacheManager: âœ… DNS cache HIT: www.twitter.com -> [162.159.140.229, 172.66.0.227] (age: 939s) [3062Î¼s]
11-21 22:47:48.111 19400 19428 I DnsCacheManager: âœ… DNS cache HIT: youtu.be -> [74.125.71.93, 74.125.71.91, 74.125.71.136, 74.125.71.190] (age: 939s) [3656Î¼s]
11-21 22:47:48.111 19400 19494 D SystemDnsCacheServer: âœ… DNS CACHE HIT (resolveDomain): www.twitter.com -> [162.159.140.229, 172.66.0.227]
11-21 22:47:48.111 19400 19428 D SystemDnsCacheServer: âœ… DNS CACHE HIT (resolveDomain): youtu.be -> [74.125.71.93, 74.125.71.91, 74.125.71.136, 74.125.71.190]
11-21 22:47:48.111 19400 19494 D SystemDnsCacheServer: âœ… Warm-up [Tier 1]: www.twitter.com -> [162.159.140.229, 172.66.0.227]
11-21 22:47:48.111 19400 19428 D SystemDnsCacheServer: âœ… Warm-up [Tier 1]: youtu.be -> [74.125.71.93, 74.125.71.91, 74.125.71.136, 74.125.71.190]
11-21 22:47:48.111 19400 19497 D DnsCacheManager: ðŸ” Checking DNS cache for: icloud.com
11-21 22:47:48.111 19400 19497 I DnsCacheManager: âœ… DNS cache HIT: icloud.com -> [17.253.144.10] (age: 939s) [25Î¼s]
11-21 22:47:48.111 19400 19497 D SystemDnsCacheServer: âœ… DNS CACHE HIT (resolveDomain): icloud.com -> [17.253.144.10]
11-21 22:47:48.111 19400 19499 I DnsCacheManager: âœ… DNS cache HIT: instagram.com -> [157.240.196.174, 42.3.40.128] (age: 252s) [1701Î¼s]
11-21 22:47:48.111 19400 19499 D SystemDnsCacheServer: âœ… DNS CACHE HIT (resolveDomain): instagram.com -> [157.240.196.174, 42.3.40.128]
11-21 22:47:48.111 19400 19499 D SystemDnsCacheServer: âœ… Warm-up [Tier 1]: instagram.com -> [157.240.196.174, 42.3.40.128]
11-21 22:47:48.111 19400 19506 D DnsCacheManager: ðŸ” Checking DNS cache for: cloudflare.com
11-21 22:47:48.111 19400 19506 I DnsCacheManager: âœ… DNS cache HIT: cloudflare.com -> [104.16.132.229, 104.16.133.229] (age: 939s) [35Î¼s]
11-21 22:47:48.111 19400 19493 D DnsCacheManager: ðŸ” Checking DNS cache for: facebook.com
11-21 22:47:48.111 19400 19493 I DnsCacheManager: âœ… DNS cache HIT: facebook.com -> [57.144.238.1] (age: 261s) [4805Î¼s]
11-21 22:47:48.111 19400 19493 D SystemDnsCacheServer: âœ… DNS CACHE HIT (resolveDomain): facebook.com -> [57.144.238.1]
11-21 22:47:48.111  1915  2315 I [THP0]  : ALG_I: thp_set_doze_mode_func: enable doze mode
11-21 22:47:48.111 19400 19493 D SystemDnsCacheServer: âœ… Warm-up [Tier 1]: facebook.com -> [57.144.238.1]
11-21 22:47:48.111 19400 19502 D DnsCacheManager: ðŸ” Checking DNS cache for: amazon.com
11-21 22:47:48.111  3869  4946 D NetdWrapper: NetdWrapper interface add, iface= tun0
11-21 22:47:48.113 14211 14211 E wpa_supplicant: this is p2p_get_hc_enable
11-21 22:47:48.113 14211 14211 I wpa_supplicant: p2phc cloud control is close.
11-21 22:47:48.114 19400 19507 D SystemDnsCacheServer: âœ… DNS CACHE HIT (resolveDomain): apple.com -> [17.253.144.10]
11-21 22:47:48.114 19400 19507 D SystemDnsCacheServer: âœ… Warm-up [Tier 1]: apple.com -> [17.253.144.10]
11-21 22:47:48.114 19400 19502 I DnsCacheManager: âœ… DNS cache HIT: amazon.com -> [98.82.161.185, 98.87.170.74, 98.87.170.71] (age: 939s) [2905Î¼s]
11-21 22:47:48.114 19400 19502 D SystemDnsCacheServer: âœ… DNS CACHE HIT (resolveDomain): amazon.com -> [98.82.161.185, 98.87.170.74, 98.87.170.71]
11-21 22:47:48.115 19400 19502 D SystemDnsCacheServer: âœ… Warm-up [Tier 1]: amazon.com -> [98.82.161.185, 98.87.170.74, 98.87.170.71]
11-21 22:47:48.115 19400 19494 D DnsCacheManager: ðŸ” Checking DNS cache for: www.instagram.com
11-21 22:47:48.115 19400 19494 I DnsCacheManager: âœ… DNS cache HIT: www.instagram.com -> [57.144.238.34] (age: 261s) [31Î¼s]
11-21 22:47:48.115  2801  2957 D wlc     : Interface change event received
11-21 22:47:48.115 19400 19494 D SystemDnsCacheServer: âœ… DNS CACHE HIT (resolveDomain): www.instagram.com -> [57.144.238.34]
11-21 22:47:48.115 19400 19511 D DnsCacheManager: ðŸ” Checking DNS cache for: stackoverflow.com
11-21 22:47:48.115 19400 19494 D SystemDnsCacheServer: âœ… Warm-up [Tier 1] subdomain: www.instagram.com -> [57.144.238.34]
11-21 22:47:48.115 19400 19511 I DnsCacheManager: âœ… DNS cache HIT: stackoverflow.com -> [198.252.206.1] (age: 939s) [51Î¼s]
11-21 22:47:48.115 19400 19511 D SystemDnsCacheServer: âœ… DNS CACHE HIT (resolveDomain): stackoverflow.com -> [198.252.206.1]
11-21 22:47:48.115 19400 19494 D DnsCacheManager: ðŸ” Checking DNS cache for: cdn.instagram.com
11-21 22:47:48.115 19400 19511 D SystemDnsCacheServer: âœ… Warm-up [Tier 1]: stackoverflow.com -> [198.252.206.1]
11-21 22:47:48.115 19400 19494 D SystemDnsCacheServer: âš ï¸ DNS CACHE MISS (resolveDomain): cdn.instagram.com, resolving from upstream with retry...
11-21 22:47:48.115 19400 19519 D DnsCacheManager: ðŸ” Checking DNS cache for: www.apple.com
11-21 22:47:48.115 19400 19519 I DnsCacheManager: âœ… DNS cache HIT: www.apple.com -> [23.58.192.249] (age: 939s) [35Î¼s]
11-21 22:47:48.115 19400 19519 D SystemDnsCacheServer: âœ… DNS CACHE HIT (resolveDomain): www.apple.com -> [23.58.192.249]
11-21 22:47:48.116 19400 19519 D SystemDnsCacheServer: âœ… Warm-up [Tier 1] subdomain: www.apple.com -> [23.58.192.249]
11-21 22:47:48.116 19400 19519 D DnsCacheManager: ðŸ” Checking DNS cache for: cdn.apple.com
11-21 22:47:48.116 19400 19519 D SystemDnsCacheServer: âš ï¸ DNS CACHE MISS (resolveDomain): cdn.apple.com, resolving from upstream with retry...
11-21 22:47:48.116 14211 14211 E wpa_supplicant: this is p2p_get_hc_enable
11-21 22:47:48.116 14211 14211 I wpa_supplicant: p2phc cloud control is close.
11-21 22:47:48.117 19400 19514 D DnsCacheManager: ðŸ” Checking DNS cache for: www.amazon.com
11-21 22:47:48.117 19400 19514 I DnsCacheManager: âœ… DNS cache HIT: www.amazon.com -> [162.219.225.118] (age: 939s) [72Î¼s]
11-21 22:47:48.117 19400 19514 D SystemDnsCacheServer: âœ… DNS CACHE HIT (resolveDomain): www.amazon.com -> [162.219.225.118]
11-21 22:47:48.117  2801  2957 D wlc     : Interface change event received
11-21 22:47:48.118  3869  4081 D VpnJni  : Address added on tun0: 198.18.0.1/32
11-21 22:47:48.118 19400 19495 I DnsCacheManager: âœ… DNS cache HIT: www.youtube.com -> [108.177.15.190, 66.102.1.93, 142.250.110.91, 108.177.15.93, 173.194.76.136, 108.177.15.91, 108.177.15.136, 66.102.1.91, 173.194.76.190, 74.125.133.93, 173.194.76.93, 66.102.1.190, 142.250.110.93, 173.194.76.91, 74.125.133.91, 66.102.1.136] (age: 261s) [821Î¼s]
11-21 22:47:48.118 19400 19495 D SystemDnsCacheServer: âœ… DNS CACHE HIT (resolveDomain): www.youtube.com -> [108.177.15.190, 66.102.1.93, 142.250.110.91, 108.177.15.93, 173.194.76.136, 108.177.15.91, 108.177.15.136, 66.102.1.91, 173.194.76.190, 74.125.133.93, 173.194.76.93, 66.102.1.190, 142.250.110.93, 173.194.76.91, 74.125.133.91, 66.102.1.136]
11-21 22:47:48.118 19400 19454 D DnsCacheManager: ðŸ” Checking DNS cache for: www.instagram.com
11-21 22:47:48.118 19400 19458 D DnsCacheManager: ðŸ” Checking DNS cache for: api.googleapis.com
11-21 22:47:48.118 19400 19495 D SystemDnsCacheServer: âœ… Warm-up [Tier 1] subdomain: www.youtube.com -> [108.177.15.190, 66.102.1.93, 142.250.110.91, 108.177.15.93, 173.194.76.136, 108.177.15.91, 108.177.15.136, 66.102.1.91, 173.194.76.190, 74.125.133.93, 173.194.76.93, 66.102.1.190, 142.250.110.93, 173.194.76.91, 74.125.133.91, 66.102.1.136]
11-21 22:47:48.118 19400 19454 I DnsCacheManager: âœ… DNS cache HIT: www.instagram.com -> [57.144.238.34] (age: 261s) [8838Î¼s]
11-21 22:47:48.118 19400 19454 D SystemDnsCacheServer: âœ… DNS CACHE HIT (resolveDomain): www.instagram.com -> [57.144.238.34]
11-21 22:47:48.118 19400 19454 D SystemDnsCacheServer: âœ… Warm-up [Tier 1]: www.instagram.com -> [57.144.238.34]
11-21 22:47:48.118 19400 19500 D DnsCacheManager: ðŸ” Checking DNS cache for: www.amazon.com
11-21 22:47:48.118 19400 19495 D DnsCacheManager: ðŸ” Checking DNS cache for: cdn.youtube.com
11-21 22:47:48.118 19400 19495 D DnsCacheManager: âœ… DNS negative cache HIT: cdn.youtube.com (NXDOMAIN) [16Î¼s]
11-21 22:47:48.118 19400 19495 D SystemDnsCacheServer: âš ï¸ DNS CACHE MISS (resolveDomain): cdn.youtube.com, resolving from upstream with retry...
11-21 22:47:48.118 19400 19458 I DnsCacheManager: âœ… DNS cache HIT: api.googleapis.com -> [142.250.179.74, 142.250.179.106, 142.250.178.138, 142.251.39.202, 216.58.214.74, 142.250.74.234, 142.250.75.234, 216.58.214.170, 172.217.20.170, 216.58.215.42, 216.58.213.74, 42.0.20.80, 42.0.20.80, 42.0.20.80, 42.0.20.80] (age: 250s) [30Î¼s]
11-21 22:47:48.118 19400 19500 I DnsCacheManager: âœ… DNS cache HIT: www.amazon.com -> [162.219.225.118] (age: 939s) [8563Î¼s]
11-21 22:47:48.118 19400 19500 D SystemDnsCacheServer: âœ… DNS CACHE HIT (resolveDomain): www.amazon.com -> [162.219.225.118]
11-21 22:47:48.118 19400 19500 D SystemDnsCacheServer: âœ… Warm-up [Tier 1]: www.amazon.com -> [162.219.225.118]
11-21 22:47:48.118 19400 19458 D SystemDnsCacheServer: âœ… DNS CACHE HIT (resolveDomain): api.googleapis.com -> [142.250.179.74, 142.250.179.106, 142.250.178.138, 142.251.39.202, 216.58.214.74, 142.250.74.234, 142.250.75.234, 216.58.214.170, 172.217.20.170, 216.58.215.42, 216.58.213.74, 42.0.20.80, 42.0.20.80, 42.0.20.80, 42.0.20.80]
11-21 22:47:48.119 19400 19458 D SystemDnsCacheServer: âœ… Warm-up [Tier 1] subdomain: api.googleapis.com -> [142.250.179.74, 142.250.179.106, 142.250.178.138, 142.251.39.202, 216.58.214.74, 142.250.74.234, 142.250.75.234, 216.58.214.170, 172.217.20.170, 216.58.215.42, 216.58.213.74, 42.0.20.80, 42.0.20.80, 42.0.20.80, 42.0.20.80]
11-21 22:47:48.119 14211 14211 E wpa_supplicant: this is p2p_get_hc_enable
11-21 22:47:48.119 14211 14211 I wpa_supplicant: p2phc cloud control is close.
11-21 22:47:48.119 19400 19458 D DnsCacheManager: ðŸ” Checking DNS cache for: static.googleapis.com
11-21 22:47:48.119 19400 19458 D SystemDnsCacheServer: âš ï¸ DNS CACHE MISS (resolveDomain): static.googleapis.com, resolving from upstream with retry...
11-21 22:47:48.121 19400 19513 D DnsCacheManager: ðŸ” Checking DNS cache for: www.facebook.com
11-21 22:47:48.121 19400 19513 I DnsCacheManager: âœ… DNS cache HIT: www.facebook.com -> [185.60.219.35, 42.3.40.128] (age: 250s) [26Î¼s]
--------- beginning of system
11-21 22:47:48.121  3869  4081 D ActivityManager: Logging bindService for com.hyperxray.an, stopped=false, firstLaunch=false
11-21 22:47:48.121 19400 19513 D SystemDnsCacheServer: âœ… DNS CACHE HIT (resolveDomain): www.facebook.com -> [185.60.219.35, 42.3.40.128]
11-21 22:47:48.121 19400 19513 D SystemDnsCacheServer: âœ… Warm-up [Tier 1] subdomain: www.facebook.com -> [185.60.219.35, 42.3.40.128]
11-21 22:47:48.121  3869  4081 D Vpn     : setting state=CONNECTING, reason=establish
11-21 22:47:48.121 19400 19513 D DnsCacheManager: ðŸ” Checking DNS cache for: cdn.facebook.com
11-21 22:47:48.121 19400 19453 D SystemDnsCacheServer: âš ï¸ DNS CACHE MISS (resolveDomain): cdn.gstatic.com, resolving from upstream with retry...
11-21 22:47:48.121 19400 19513 D SystemDnsCacheServer: âš ï¸ DNS CACHE MISS (resolveDomain): cdn.facebook.com, resolving from upstream with retry...
11-21 22:47:48.121  3869  4081 D Vpn     : setting state=CONNECTING, reason=agentConnect
11-21 22:47:48.121 19400 19496 D DnsCacheManager: ðŸ” Checking DNS cache for: microsoft.com
11-21 22:47:48.121 19400 19518 D DnsCacheManager: ðŸ” Checking DNS cache for: reddit.com
11-21 22:47:48.121 19400 19504 D DnsCacheManager: ðŸ” Checking DNS cache for: x.com
11-21 22:47:48.121  1872  1872 I vendor.qti.hardware.servicetrackeraidl-service: bindService is called for service : com.hyperxray.an/.service.TProxyService and for client system
11-21 22:47:48.121 19400 19518 I DnsCacheManager: âœ… DNS cache HIT: reddit.com -> [151.101.65.140, 151.101.193.140, 151.101.1.140, 151.101.129.140] (age: 939s) [33Î¼s]
11-21 22:47:48.122  1872  1872 I vendor.qti.hardware.servicetrackeraidl-service: total connections for service : com.hyperxray.an/.service.TProxyServiceare :1
11-21 22:47:48.122  1872  1872 I vendor.qti.hardware.servicetrackeraidl-service: total connections for client : systemare :41
11-21 22:47:48.122 19400 19518 D SystemDnsCacheServer: âœ… DNS CACHE HIT (resolveDomain): reddit.com -> [151.101.65.140, 151.101.193.140, 151.101.1.140, 151.101.129.140]
11-21 22:47:48.122 19400 19518 D SystemDnsCacheServer: âœ… Warm-up [Tier 1]: reddit.com -> [151.101.65.140, 151.101.193.140, 151.101.1.140, 151.101.129.140]
11-21 22:47:48.122 19400 19503 D DnsCacheManager: ðŸ” Checking DNS cache for: twitter.com
11-21 22:47:48.122 19400 19504 I DnsCacheManager: âœ… DNS cache HIT: x.com -> [172.66.0.227] (age: 939s) [12212Î¼s]
11-21 22:47:48.122 19400 19504 D SystemDnsCacheServer: âœ… DNS CACHE HIT (resolveDomain): x.com -> [172.66.0.227]
11-21 22:47:48.122  3437  9553 D PowerKeeper.Vpn: added vpn iface: tun0
11-21 22:47:48.122  5898  5898 D ArtChoreographerMonitor: invoke error.
11-21 22:47:48.122  3869  4081 I ConnectivityService: Update score for net 214 : +IS_VPN
11-21 22:47:48.122 19400 19503 I DnsCacheManager: âœ… DNS cache HIT: twitter.com -> [172.66.0.227] (age: 939s) [42Î¼s]
11-21 22:47:48.122 19400 19503 D SystemDnsCacheServer: âœ… DNS CACHE HIT (resolveDomain): twitter.com -> [172.66.0.227]
11-21 22:47:48.123 19400 19503 D SystemDnsCacheServer: âœ… Warm-up [Tier 1]: twitter.com -> [172.66.0.227]
11-21 22:47:48.123 19400 19504 D SystemDnsCacheServer: âœ… Warm-up [Tier 1]: x.com -> [172.66.0.227]
11-21 22:47:48.123  3437  4435 D UserCheckManager: work profile start getUserIds  profileIds => [0, 999]
11-21 22:47:48.123  3869  4081 D ConnectivityService: registerNetworkAgent NetworkAgentInfo{network{214}  handle{922528698381}  ni{VPN CONNECTING extra: VPN:com.hyperxray.an} created=2025-11-21T19:47:48.123Z Score(Policies : IS_VPN ; KeepConnected : 0)   lp{{InterfaceName: tun0 LinkAddresses: [ 198.18.0.1/32 ] DnsAddresses: [ /8.8.8.8 ] Domains:  MTU: 1500 Routes: [ 10.0.0.0/8 -> 0.0.0.0 tun0 mtu 0,172.16.0.0/12 -> 0.0.0.0 tun0 mtu 0,192.168.0.0/16 -> 0.0.0.0 tun0 mtu 0,0.0.0.0/0 -> 0.0.0.0 tun0 mtu 0,::/0 unreachable mtu 0 ] HttpProxy: [127.0.0.1] 10808}}  nc{[ Transports: VPN Capabilities: INTERNET&NOT_RESTRICTED&TRUSTED&NOT_VCN_MANAGED&NOT_BANDWIDTH_CONSTRAINED TransportInfo: <VpnTransportInfo{type=1, sessionId=null, bypassable=false longLivedTcpConnectionsExpensive=false}> Uids: <{99900000-99999999, 0-10566, 10568-20566, 20568-99999}> OwnerUid: 10567 AdminUids: [10567] UnderlyingNetworks: Null]}  factorySerialNumber=5}
11-21 22:47:48.124 19400 19508 I DnsCacheManager: âœ… DNS cache HIT: www.apple.com -> [23.58.192.249] (age: 939s) [42Î¼s]
11-21 22:47:48.124 19400 19506 D SystemDnsCacheServer: âœ… DNS CACHE HIT (resolveDomain): cloudflare.com -> [104.16.132.229, 104.16.133.229]
11-21 22:47:48.125 19400 19497 D SystemDnsCacheServer: âœ… Warm-up [Tier 1]: icloud.com -> [17.253.144.10]
11-21 22:47:48.125 19400 19496 I DnsCacheManager: âœ… DNS cache HIT: microsoft.com -> [13.107.213.42, 13.107.246.42] (age: 939s) [11468Î¼s]
11-21 22:47:48.125 19400 19509 D DnsCacheManager: ðŸ” Checking DNS cache for: www.youtu.be
11-21 22:47:48.125 19400 19509 D DnsCacheManager: âœ… DNS negative cache HIT: www.youtu.be (NXDOMAIN) [12053Î¼s]
11-21 22:47:48.125 19400 19509 D SystemDnsCacheServer: âš ï¸ DNS CACHE MISS (resolveDomain): www.youtu.be, resolving from upstream with retry...
11-21 22:47:48.125 19400 19506 D SystemDnsCacheServer: âœ… Warm-up [Tier 1]: cloudflare.com -> [104.16.132.229, 104.16.133.229]
11-21 22:47:48.125 19400 19496 D SystemDnsCacheServer: âœ… DNS CACHE HIT (resolveDomain): microsoft.com -> [13.107.213.42, 13.107.246.42]
11-21 22:47:48.125 19400 19496 D SystemDnsCacheServer: âœ… Warm-up [Tier 1]: microsoft.com -> [13.107.213.42, 13.107.246.42]
11-21 22:47:48.125 19400 19505 D DnsCacheManager: ðŸ” Checking DNS cache for: dns.google
11-21 22:47:48.125 19400 19505 I DnsCacheManager: âœ… DNS cache HIT: dns.google -> [8.8.8.8, 8.8.4.4] (age: 939s) [11791Î¼s]
11-21 22:47:48.125  3869  4081 D Vpn     : setting state=CONNECTED, reason=agentConnect
11-21 22:47:48.125  3869  4961 D ConnectivityService: Message EVENT_NETWORK_INFO_CHANGED enqueued for agent with netId 214
11-21 22:47:48.125  3869  4081 I Vpn     : Established by com.hyperxray.an on tun0
11-21 22:47:48.126  3437  4435 D UserCheckManager:  getUserIds  userIds => [0, 999]
11-21 22:47:48.126 19400 19508 D SystemDnsCacheServer: âœ… DNS CACHE HIT (resolveDomain): www.apple.com -> [23.58.192.249]
11-21 22:47:48.126 19400 19508 D SystemDnsCacheServer: âœ… Warm-up [Tier 1]: www.apple.com -> [23.58.192.249]
11-21 22:47:48.127  3437  4435 D UserCheckManager: getRunningUsers isUserRunning :0
11-21 22:47:48.127  3437  4435 D UserCheckManager: getRunningUsers isUserRunning :999
11-21 22:47:48.127  3437  4435 D UserCheckManager: getRunningUsers runningIds => [0, 999]
11-21 22:47:48.127 19400 19505 D SystemDnsCacheServer: âœ… DNS CACHE HIT (resolveDomain): dns.google -> [8.8.8.8, 8.8.4.4]
11-21 22:47:48.127 19400 19508 D DnsCacheManager: ðŸ” Checking DNS cache for: www.linkedin.com
11-21 22:47:48.127 19400 19508 I DnsCacheManager: âœ… DNS cache HIT: www.linkedin.com -> [172.64.146.215, 104.18.41.41] (age: 939s) [22Î¼s]
11-21 22:47:48.127 19400 19505 D SystemDnsCacheServer: âœ… Warm-up [Tier 1]: dns.google -> [8.8.8.8, 8.8.4.4]
11-21 22:47:48.127  3437  4435 D PowerKeeper.Vpn: add vpn: user = com.hyperxray.an, uid = 10567, userId = 0
11-21 22:47:48.128 19400 19428 D DnsCacheManager: ðŸ” Checking DNS cache for: www.microsoft.com
11-21 22:47:48.128 19400 19428 I DnsCacheManager: âœ… DNS cache HIT: www.microsoft.com -> [23.58.193.226] (age: 939s) [46Î¼s]
11-21 22:47:48.128 19400 19428 D SystemDnsCacheServer: âœ… DNS CACHE HIT (resolveDomain): www.microsoft.com -> [23.58.193.226]
11-21 22:47:48.128 19400 19428 D SystemDnsCacheServer: âœ… Warm-up [Tier 1] subdomain: www.microsoft.com -> [23.58.193.226]
11-21 22:47:48.128  5585  5609 D NetworkMonitor/214: Sim state is ready, return original context.
11-21 22:47:48.128 19400 19428 D DnsCacheManager: ðŸ” Checking DNS cache for: cdn.microsoft.com
11-21 22:47:48.128 19400 19428 I DnsCacheManager: âœ… DNS cache HIT: cdn.microsoft.com -> [23.54.137.138, 42.2.38.240, 42.2.38.240] (age: 249s) [19Î¼s]
11-21 22:47:48.128 19400 19428 D SystemDnsCacheServer: âœ… DNS CACHE HIT (resolveDomain): cdn.microsoft.com -> [23.54.137.138, 42.2.38.240, 42.2.38.240]
11-21 22:47:48.128 19400 19428 D SystemDnsCacheServer: âœ… Warm-up [Tier 1] subdomain: cdn.microsoft.com -> [23.54.137.138, 42.2.38.240, 42.2.38.240]
11-21 22:47:48.128 19400 19428 D DnsCacheManager: ðŸ” Checking DNS cache for: api.microsoft.com
11-21 22:47:48.128 19400 19428 D SystemDnsCacheServer: âš ï¸ DNS CACHE MISS (resolveDomain): api.microsoft.com, resolving from upstream with retry...
11-21 22:47:48.128 19400 19517 D DnsCacheManager: ðŸ” Checking DNS cache for: www.x.com
11-21 22:47:48.128 19400 19517 I DnsCacheManager: âœ… DNS cache HIT: www.x.com -> [172.66.0.227] (age: 882s) [27Î¼s]
11-21 22:47:48.128 19400 19517 D SystemDnsCacheServer: âœ… DNS CACHE HIT (resolveDomain): www.x.com -> [172.66.0.227]
11-21 22:47:48.129 19400 19517 D SystemDnsCacheServer: âœ… Warm-up [Tier 1] subdomain: www.x.com -> [172.66.0.227]
11-21 22:47:48.129 19400 19517 D DnsCacheManager: ðŸ” Checking DNS cache for: cdn.x.com
11-21 22:47:48.129 19400 19517 D DnsCacheManager: âœ… DNS negative cache HIT: cdn.x.com (NXDOMAIN) [23Î¼s]
11-21 22:47:48.129 19400 19517 D SystemDnsCacheServer: âš ï¸ DNS CACHE MISS (resolveDomain): cdn.x.com, resolving from upstream with retry...
11-21 22:47:48.129 19400 19507 D DnsCacheManager: ðŸ” Checking DNS cache for: www.cloudflare.com
11-21 22:47:48.130  3437  4435 I AppActiveChecker: uid:10567 change to active
11-21 22:47:48.130  3869  4961 D ConnectivityService: [214 WIFI|VPN] EVENT_NETWORK_INFO_CHANGED, going from CONNECTING to CONNECTING
11-21 22:47:48.131 19400 19508 D SystemDnsCacheServer: âœ… DNS CACHE HIT (resolveDomain): www.linkedin.com -> [172.64.146.215, 104.18.41.41]
11-21 22:47:48.131  5585 19527 D NetworkMonitor/214: Sim state is ready, return original context.
11-21 22:47:48.131 19400 19508 D SystemDnsCacheServer: âœ… Warm-up [Tier 1]: www.linkedin.com -> [172.64.146.215, 104.18.41.41]
11-21 22:47:48.131  3437  4435 I ActiveStateController: Vpn connect, uid is 10567, dfsPower is f.c@e9a4f55
11-21 22:47:48.131 19400 19496 D DnsCacheManager: ðŸ” Checking DNS cache for: nflxvideo.net
11-21 22:47:48.131 19400 19512 D DnsCacheManager: ðŸ” Checking DNS cache for: www.reddit.com
11-21 22:47:48.131 19400 19512 I DnsCacheManager: âœ… DNS cache HIT: www.reddit.com -> [151.101.193.140, 151.101.65.140, 151.101.1.140, 151.101.129.140] (age: 939s) [4934Î¼s]
11-21 22:47:48.131 19400 19512 D SystemDnsCacheServer: âœ… DNS CACHE HIT (resolveDomain): www.reddit.com -> [151.101.193.140, 151.101.65.140, 151.101.1.140, 151.101.129.140]
11-21 22:47:48.131  5585 19527 D NetworkMonitor/214: checkAndRenewResourceConfig: update captive portal https urls to [https://www.google.com/generate_204]
11-21 22:47:48.131 19400 19512 D SystemDnsCacheServer: âœ… Warm-up [Tier 1]: www.reddit.com -> [151.101.193.140, 151.101.65.140, 151.101.1.140, 151.101.129.140]
11-21 22:47:48.131  5585 19527 D NetworkMonitor/214: checkAndRenewResourceConfig: update captive portal http urls to [http://connectivitycheck.gstatic.com/generate_204]
11-21 22:47:48.132 19400 19518 D DnsCacheManager: ðŸ” Checking DNS cache for: www.twitter.com
11-21 22:47:48.132 19400 19515 D DnsCacheManager: ðŸ” Checking DNS cache for: linkedin.com
11-21 22:47:48.132 19400 19507 I DnsCacheManager: âœ… DNS cache HIT: www.cloudflare.com -> [104.16.124.96, 104.16.123.96] (age: 259s) [1671Î¼s]
11-21 22:47:48.132 19400 19514 D SystemDnsCacheServer: âœ… Warm-up [Tier 1] subdomain: www.amazon.com -> [162.219.225.118]
11-21 22:47:48.132 19400 19515 I DnsCacheManager: âœ… DNS cache HIT: linkedin.com -> [150.171.22.12] (age: 939s) [2133Î¼s]
11-21 22:47:48.132 19400 19507 D SystemDnsCacheServer: âœ… DNS CACHE HIT (resolveDomain): www.cloudflare.com -> [104.16.124.96, 104.16.123.96]
11-21 22:47:48.132 19400 19515 D SystemDnsCacheServer: âœ… DNS CACHE HIT (resolveDomain): linkedin.com -> [150.171.22.12]
11-21 22:47:48.133 19400 19507 D SystemDnsCacheServer: âœ… Warm-up [Tier 1] subdomain: www.cloudflare.com -> [104.16.124.96, 104.16.123.96]
11-21 22:47:48.133 19400 19515 D SystemDnsCacheServer: âœ… Warm-up [Tier 1]: linkedin.com -> [150.171.22.12]
11-21 22:47:48.133 19400 19514 D DnsCacheManager: ðŸ” Checking DNS cache for: cdn.amazon.com
11-21 22:47:48.133 19400 19514 D SystemDnsCacheServer: âš ï¸ DNS CACHE MISS (resolveDomain): cdn.amazon.com, resolving from upstream with retry...
11-21 22:47:48.133 19400 19507 D DnsCacheManager: ðŸ” Checking DNS cache for: cdn.cloudflare.com
11-21 22:47:48.133 19400 19511 D DnsCacheManager: ðŸ” Checking DNS cache for: www.stackoverflow.com
11-21 22:47:48.133 19400 19507 D SystemDnsCacheServer: âš ï¸ DNS CACHE MISS (resolveDomain): cdn.cloudflare.com, resolving from upstream with retry...
11-21 22:47:48.133 19400 19511 I DnsCacheManager: âœ… DNS cache HIT: www.stackoverflow.com -> [198.252.206.1] (age: 513s) [7377Î¼s]
11-21 22:47:48.133 19400 19511 D SystemDnsCacheServer: âœ… DNS CACHE HIT (resolveDomain): www.stackoverflow.com -> [198.252.206.1]
11-21 22:47:48.133 19400 19511 D SystemDnsCacheServer: âœ… Warm-up [Tier 1] subdomain: www.stackoverflow.com -> [198.252.206.1]
11-21 22:47:48.133  5585 19527 D NetworkMonitor/214: checkAndRenewResourceConfig: update captive portal fallback urls to[http://www.google.com/gen_204, http://play.googleapis.com/generate_204]
11-21 22:47:48.133  5585 19527 D NetworkMonitor: Starting on network 214 with capport HTTPS URL [https://www.google.com/generate_204] and HTTP URL [http://connectivitycheck.gstatic.com/generate_204]
11-21 22:47:48.133 19400 19511 D DnsCacheManager: ðŸ” Checking DNS cache for: cdn.stackoverflow.com
11-21 22:47:48.133  3869  4961 D ConnectivityService: Adding iface tun0 to network 214
11-21 22:47:48.133 19400 19511 D DnsCacheManager: âœ… DNS negative cache HIT: cdn.stackoverflow.com (NXDOMAIN) [16Î¼s]
11-21 22:47:48.133 19400 19511 D SystemDnsCacheServer: âš ï¸ DNS CACHE MISS (resolveDomain): cdn.stackoverflow.com, resolving from upstream with retry...
11-21 22:47:48.133 19400 19505 D DnsCacheManager: ðŸ” Checking DNS cache for: www.dns.google
11-21 22:47:48.133 19400 19501 D DnsCacheManager: ðŸ” Checking DNS cache for: www.reddit.com
11-21 22:47:48.133 19400 19501 I DnsCacheManager: âœ… DNS cache HIT: www.reddit.com -> [151.101.193.140, 151.101.65.140, 151.101.1.140, 151.101.129.140] (age: 939s) [8682Î¼s]
11-21 22:47:48.133 19400 19501 D SystemDnsCacheServer: âœ… DNS CACHE HIT (resolveDomain): www.reddit.com -> [151.101.193.140, 151.101.65.140, 151.101.1.140, 151.101.129.140]
11-21 22:47:48.133 19400 19501 D SystemDnsCacheServer: âœ… Warm-up [Tier 1] subdomain: www.reddit.com -> [151.101.193.140, 151.101.65.140, 151.101.1.140, 151.101.129.140]
11-21 22:47:48.133 19400 19505 D DnsCacheManager: âœ… DNS negative cache HIT: www.dns.google (NXDOMAIN) [1700Î¼s]
11-21 22:47:48.134 19400 19505 D SystemDnsCacheServer: âš ï¸ DNS CACHE MISS (resolveDomain): www.dns.google, resolving from upstream with retry...
11-21 22:47:48.134 19400 19501 D DnsCacheManager: ðŸ” Checking DNS cache for: cdn.reddit.com
11-21 22:47:48.134  3437  4320 I PowerKeeperConfigureManager: Vpn connect, uid is 10567
11-21 22:47:48.134 19400 19501 I DnsCacheManager: âœ… DNS cache HIT: cdn.reddit.com -> [151.101.1.140, 151.101.65.140, 151.101.129.140, 151.101.193.140] (age: 250s) [35Î¼s]
11-21 22:47:48.134 19400 19501 D SystemDnsCacheServer: âœ… DNS CACHE HIT (resolveDomain): cdn.reddit.com -> [151.101.1.140, 151.101.65.140, 151.101.129.140, 151.101.193.140]
11-21 22:47:48.134 19400 19501 D SystemDnsCacheServer: âœ… Warm-up [Tier 1] subdomain: cdn.reddit.com -> [151.101.1.140, 151.101.65.140, 151.101.129.140, 151.101.193.140]
11-21 22:47:48.134 19400 19518 I DnsCacheManager: âœ… DNS cache HIT: www.twitter.com -> [162.159.140.229, 172.66.0.227] (age: 939s) [1637Î¼s]
11-21 22:47:48.134 19400 19518 D SystemDnsCacheServer: âœ… DNS CACHE HIT (resolveDomain): www.twitter.com -> [162.159.140.229, 172.66.0.227]
11-21 22:47:48.134 19400 19496 I DnsCacheManager: âœ… DNS cache HIT: nflxvideo.net -> [107.20.175.192, 34.252.74.1, 18.236.7.30] (age: 939s) [2115Î¼s]
11-21 22:47:48.134 19400 19518 D SystemDnsCacheServer: âœ… Warm-up [Tier 1] subdomain: www.twitter.com -> [162.159.140.229, 172.66.0.227]
11-21 22:47:48.135 19400 19518 D DnsCacheManager: ðŸ” Checking DNS cache for: cdn.twitter.com
11-21 22:47:48.135 19400 19496 D SystemDnsCacheServer: âœ… DNS CACHE HIT (resolveDomain): nflxvideo.net -> [107.20.175.192, 34.252.74.1, 18.236.7.30]
11-21 22:47:48.135 19400 19501 D DnsCacheManager: ðŸ” Checking DNS cache for: api.reddit.com
11-21 22:47:48.135 19400 19518 D DnsCacheManager: âœ… DNS negative cache HIT: cdn.twitter.com (NXDOMAIN) [23Î¼s]
11-21 22:47:48.135 19400 19501 D SystemDnsCacheServer: âš ï¸ DNS CACHE MISS (resolveDomain): api.reddit.com, resolving from upstream with retry...
11-21 22:47:48.135 19400 19518 D SystemDnsCacheServer: âš ï¸ DNS CACHE MISS (resolveDomain): cdn.twitter.com, resolving from upstream with retry...
11-21 22:47:48.137 19400 19543 D DnsCacheManager: ðŸ” Checking DNS cache for: netflix.com
11-21 22:47:48.137 19400 19543 I DnsCacheManager: âœ… DNS cache HIT: netflix.com -> [54.155.246.232, 18.200.8.190, 54.73.148.110] (age: 939s) [66Î¼s]
11-21 22:47:48.137 19400 19543 D SystemDnsCacheServer: âœ… DNS CACHE HIT (resolveDomain): netflix.com -> [54.155.246.232, 18.200.8.190, 54.73.148.110]
11-21 22:47:48.137 19400 19536 D DnsCacheManager: ðŸ” Checking DNS cache for: discordapp.com
11-21 22:47:48.137 19400 19543 D SystemDnsCacheServer: âœ… Warm-up [Tier 1]: netflix.com -> [54.155.246.232, 18.200.8.190, 54.73.148.110]
11-21 22:47:48.137 19400 19536 I DnsCacheManager: âœ… DNS cache HIT: discordapp.com -> [162.159.135.233, 162.159.129.233, 162.159.134.233, 162.159.133.233, 162.159.130.233] (age: 938s) [68Î¼s]
11-21 22:47:48.138 19400 19536 D SystemDnsCacheServer: âœ… DNS CACHE HIT (resolveDomain): discordapp.com -> [162.159.135.233, 162.159.129.233, 162.159.134.233, 162.159.133.233, 162.159.130.233]
11-21 22:47:48.138 19400 19496 D SystemDnsCacheServer: âœ… Warm-up [Tier 1]: nflxvideo.net -> [107.20.175.192, 34.252.74.1, 18.236.7.30]
11-21 22:47:48.138 19400 19536 D SystemDnsCacheServer: âœ… Warm-up [Tier 1]: discordapp.com -> [162.159.135.233, 162.159.129.233, 162.159.134.233, 162.159.133.233, 162.159.130.233]
11-21 22:47:48.138 19400 19497 D DnsCacheManager: ðŸ” Checking DNS cache for: www.icloud.com
11-21 22:47:48.138 19400 19497 I DnsCacheManager: âœ… DNS cache HIT: www.icloud.com -> [23.51.100.21, 42.2.38.240, 42.2.38.240] (age: 249s) [23Î¼s]
11-21 22:47:48.138 19400 19497 D SystemDnsCacheServer: âœ… DNS CACHE HIT (resolveDomain): www.icloud.com -> [23.51.100.21, 42.2.38.240, 42.2.38.240]
11-21 22:47:48.138  1863  2473 I SDM     : DisplayBase::CommitThread: Received Idle Timeout, panel: cmd, timeout: 70000 us
11-21 22:47:48.138 19400 19497 D SystemDnsCacheServer: âœ… Warm-up [Tier 1] subdomain: www.icloud.com -> [23.51.100.21, 42.2.38.240, 42.2.38.240]
11-21 22:47:48.139 19400 19497 D DnsCacheManager: ðŸ” Checking DNS cache for: cdn.icloud.com
11-21 22:47:48.139 19400 19497 D SystemDnsCacheServer: âš ï¸ DNS CACHE MISS (resolveDomain): cdn.icloud.com, resolving from upstream with retry...
11-21 22:47:48.140 19400 19523 D DnsCacheManager: ðŸ” Checking DNS cache for: spotify.com
11-21 22:47:48.140 19400 19523 I DnsCacheManager: âœ… DNS cache HIT: spotify.com -> [35.186.224.24] (age: 939s) [54Î¼s]
11-21 22:47:48.140 19400 19523 D SystemDnsCacheServer: âœ… DNS CACHE HIT (resolveDomain): spotify.com -> [35.186.224.24]
11-21 22:47:48.140 19400 19523 D SystemDnsCacheServer: âœ… Warm-up [Tier 1]: spotify.com -> [35.186.224.24]
11-21 22:47:48.141 19400 19540 D DnsCacheManager: ðŸ” Checking DNS cache for: discord.com
11-21 22:47:48.141 19400 19540 I DnsCacheManager: âœ… DNS cache HIT: discord.com -> [162.159.137.232, 162.159.128.233, 162.159.136.232, 162.159.138.232, 162.159.135.232] (age: 939s) [31Î¼s]
11-21 22:47:48.141 19400 19540 D SystemDnsCacheServer: âœ… DNS CACHE HIT (resolveDomain): discord.com -> [162.159.137.232, 162.159.128.233, 162.159.136.232, 162.159.138.232, 162.159.135.232]
11-21 22:47:48.141 19400 19540 D SystemDnsCacheServer: âœ… Warm-up [Tier 1]: discord.com -> [162.159.137.232, 162.159.128.233, 162.159.136.232, 162.159.138.232, 162.159.135.232]
11-21 22:47:48.142 19400 19540 D DnsCacheManager: ðŸ” Checking DNS cache for: cdnjs.cloudflare.com
11-21 22:47:48.142 19400 19540 I DnsCacheManager: âœ… DNS cache HIT: cdnjs.cloudflare.com -> [104.17.25.14, 104.17.24.14] (age: 938s) [23Î¼s]
11-21 22:47:48.142 19400 19540 D SystemDnsCacheServer: âœ… DNS CACHE HIT (resolveDomain): cdnjs.cloudflare.com -> [104.17.25.14, 104.17.24.14]
11-21 22:47:48.142 19400 19540 D SystemDnsCacheServer: âœ… Warm-up [Tier 1]: cdnjs.cloudflare.com -> [104.17.25.14, 104.17.24.14]
11-21 22:47:48.146 19400 19459 D VpnService: VPN interface established. Waiting for Xray to start and SOCKS5 to become ready...
11-21 22:47:48.146 19400 19459 D VpnService: Attempting to start xray process(es).
11-21 22:47:48.148 19400 19459 D CompatChangeReporter: Compat change id reported: 312399441; UID 10567; state: ENABLED
11-21 22:47:48.148 19400 19573 D DnsCacheManager: ðŸ” Checking DNS cache for: www.linkedin.com
11-21 22:47:48.148 19400 19573 I DnsCacheManager: âœ… DNS cache HIT: www.linkedin.com -> [172.64.146.215, 104.18.41.41] (age: 939s) [27Î¼s]
11-21 22:47:48.148 19400 19573 D SystemDnsCacheServer: âœ… DNS CACHE HIT (resolveDomain): www.linkedin.com -> [172.64.146.215, 104.18.41.41]
11-21 22:47:48.148 19400 19515 D DnsCacheManager: ðŸ” Checking DNS cache for: cdn.jsdelivr.net
11-21 22:47:48.148 19400 19515 I DnsCacheManager: âœ… DNS cache HIT: cdn.jsdelivr.net -> [104.16.175.226, 104.16.174.226] (age: 938s) [45Î¼s]
11-21 22:47:48.154 19400 19515 D SystemDnsCacheServer: âœ… DNS CACHE HIT (resolveDomain): cdn.jsdelivr.net -> [104.16.175.226, 104.16.174.226]
11-21 22:47:48.154 19400 19515 D SystemDnsCacheServer: âœ… Warm-up [Tier 1]: cdn.jsdelivr.net -> [104.16.175.226, 104.16.174.226]
11-21 22:47:48.154 19400 19459 D VpnService: Pre-resolving server address: stol.halibiram.online (using system DNS before VPN start)
11-21 22:47:48.154 19400 19573 D SystemDnsCacheServer: âœ… Warm-up [Tier 1] subdomain: www.linkedin.com -> [172.64.146.215, 104.18.41.41]
11-21 22:47:48.155 19400 19459 I VpnService: âœ… Server address resolved: stol.halibiram.online -> [35.190.215.28]
11-21 22:47:48.155 19400 19573 D DnsCacheManager: ðŸ” Checking DNS cache for: cdn.linkedin.com
11-21 22:47:48.159 19400 19519 D DnsCacheManager: ðŸ” Checking DNS cache for: google-analytics.com
11-21 22:47:48.160 19400 19459 I DnsCacheManager: ðŸ’¾ DNS cache SAVED: stol.halibiram.online -> [35.190.215.28] (TTL: 86400s, entries: 238, memory: 26KB)
11-21 22:47:48.161 19400 19459 D VpnService: ðŸ’¾ Cached server address resolution in DNS cache
11-21 22:47:48.161 19400 19459 D VpnService: Starting single xray-core instance (legacy mode)
11-21 22:47:48.161 19400 19459 D VpnService: Native Library Directory: /data/app/~~c_o3G7Z-LRLis_pPnot_CQ==/com.hyperxray.an-UBs8XZTL64jm-MiEzb7ofg==/lib/arm64
11-21 22:47:48.161 19400 19459 D ConfigUtils: Extracted ports: [10808, 443]
11-21 22:47:48.163 19400 19458 D DnsCacheManager: ðŸ” Checking DNS cache for: googletagmanager.com
11-21 22:47:48.163 19400 19458 I DnsCacheManager: âœ… DNS cache HIT: googletagmanager.com -> [64.233.166.97] (age: 939s) [31Î¼s]
11-21 22:47:48.163 19400 19458 D SystemDnsCacheServer: âœ… DNS CACHE HIT (resolveDomain): googletagmanager.com -> [64.233.166.97]
11-21 22:47:48.163 19400 19458 D SystemDnsCacheServer: âœ… Warm-up [Tier 1]: googletagmanager.com -> [64.233.166.97]
11-21 22:47:48.164 19400 19458 D DnsCacheManager: ðŸ” Checking DNS cache for: www.nflxvideo.net
11-21 22:47:48.164 19400 19458 I DnsCacheManager: âœ… DNS cache HIT: www.nflxvideo.net -> [52.31.48.193, 46.137.171.215, 34.252.74.1, 42.5.208.24, 42.5.208.24, 42.5.208.24] (age: 248s) [23Î¼s]
11-21 22:47:48.164 19400 19458 D SystemDnsCacheServer: âœ… DNS CACHE HIT (resolveDomain): www.nflxvideo.net -> [52.31.48.193, 46.137.171.215, 34.252.74.1, 42.5.208.24, 42.5.208.24, 42.5.208.24]
11-21 22:47:48.164 19400 19458 D SystemDnsCacheServer: âœ… Warm-up [Tier 1] subdomain: www.nflxvideo.net -> [52.31.48.193, 46.137.171.215, 34.252.74.1, 42.5.208.24, 42.5.208.24, 42.5.208.24]
11-21 22:47:48.164 19400 19458 D DnsCacheManager: ðŸ” Checking DNS cache for: cdn.nflxvideo.net
11-21 22:47:48.164 19400 19458 D SystemDnsCacheServer: âš ï¸ DNS CACHE MISS (resolveDomain): cdn.nflxvideo.net, resolving from upstream with retry...
11-21 22:47:48.165 19400 19494 D DnsCacheManager: ðŸ” Checking DNS cache for: www.netflix.com
11-21 22:47:48.165 19400 19494 I DnsCacheManager: âœ… DNS cache HIT: www.netflix.com -> [54.160.93.182, 3.211.157.115, 3.225.92.8, 42.0.134.192, 42.0.134.192] (age: 249s) [77Î¼s]
11-21 22:47:48.165 19400 19494 D SystemDnsCacheServer: âœ… DNS CACHE HIT (resolveDomain): www.netflix.com -> [54.160.93.182, 3.211.157.115, 3.225.92.8, 42.0.134.192, 42.0.134.192]
11-21 22:47:48.166 19400 19494 D SystemDnsCacheServer: âœ… Warm-up [Tier 1] subdomain: www.netflix.com -> [54.160.93.182, 3.211.157.115, 3.225.92.8, 42.0.134.192, 42.0.134.192]
