11-23 18:35:31.789  6767 16259 W X.AtH   : 	at X.5xm.A04(Unknown Source:88)
11-23 18:35:31.789  6767 16259 W X.AtH   : 	at X.5xm.setException(Unknown Source:20)
11-23 18:35:31.789  6767 16259 W X.AtH   : 	at X.7Me.run(Unknown Source:95)
11-23 18:35:31.789  6767 16259 W X.AtH   : 	at X.8ug.execute(Unknown Source:0)
11-23 18:35:31.789  6767 16259 W X.AtH   : 	at X.B7C.A00(Unknown Source:0)
11-23 18:35:31.789  6767 16259 W X.AtH   : 	at X.B7C.A01(Unknown Source:31)
11-23 18:35:31.789  6767 16259 W X.AtH   : 	at X.7Mc.done(Unknown Source:2)
11-23 18:35:31.789  6767 16259 W X.AtH   : 	at java.util.concurrent.FutureTask.finishCompletion(FutureTask.java:434)
11-23 18:35:31.789  6767 16259 W X.AtH   : 	at java.util.concurrent.FutureTask.setException(FutureTask.java:303)
11-23 18:35:31.789  6767 16259 W X.AtH   : 	at java.util.concurrent.FutureTask.run(FutureTask.java:322)
11-23 18:35:31.789  6767 16259 W X.AtH   : 	at X.2zt.run(Unknown Source:2)
11-23 18:35:31.789  6767 16259 W X.AtH   : 	at X.2zi.run(Unknown Source:25)
11-23 18:35:31.789  6767 16259 W X.AtH   : 	at java.util.concurrent.ThreadPoolExecutor.runWorker(ThreadPoolExecutor.java:1156)
11-23 18:35:31.789  6767 16259 W X.AtH   : 	at java.util.concurrent.ThreadPoolExecutor$Worker.run(ThreadPoolExecutor.java:651)
11-23 18:35:31.789  6767 16259 W X.AtH   : 	at java.lang.Thread.run(Thread.java:1119)
11-23 18:35:31.789  6767 16259 W X.AtH   : 	at X.2mj.run(Unknown Source:8)
11-23 18:35:31.789  6767 16259 W X.AtH   : Caused by: java.net.UnknownHostException: I/O Exception while trying to resolve z-p42-chat-e2ee-ig.facebook.com
11-23 18:35:31.789  6767 16259 W X.AtH   : 	at X.43W.A00(Unknown Source:1226)
11-23 18:35:31.789  6767 16259 W X.AtH   : 	at X.7Mb.call(Unknown Source:6)
11-23 18:35:31.789  6767 16259 W X.AtH   : 	at java.util.concurrent.FutureTask.run(FutureTask.java:317)
11-23 18:35:31.789  6767 16259 W X.AtH   : 	... 6 more
11-23 18:35:31.822  1880 19146 D TRUETONE: timerCallback enter caseId 7, value 255, generation 7298, mGeneration 7298
11-23 18:35:31.822  1880 19146 D TRUETONE: setPCCConfigTrueTone cct 5700, mode 0
11-23 18:35:31.822  1880 19146 D TRUETONE: setPCCConfigTrueTone truetone cct 5700 mode 0 mTrueToneCoeff:R[r 0.973252, g 0.028345, b -0.001597], G[r -0.001782, g 0.943834, b 0.006411], B[r -0.000520, g -0.004364, b 0.841816]
11-23 18:35:31.823  1855  3041 I MiStcImpl: Dispatching command: 3 PCC
11-23 18:35:31.823  1855  3041 I SDM     : QServiceBackend::notifyCallback: calling qservice command 5
11-23 18:35:31.823  1855  3041 I SDM     : SDMServices::notifyCallback: sdmclient qservice command 5
11-23 18:35:31.824  3528  4820 W ActivityManager: pid 3528 system sent binder code 31101 with flags 0 to frozen apps and got error -74
11-23 18:35:31.830  1855  3035 I vendor.qti.hardware.display.composer-service: Sensor: notify citsensorservice to trigger cwb, misForced = 0
11-23 18:35:31.831  1855  3091 I SDM     : CWB config passed by cwb_client : tappoint 1  CWB_ROI : (480.000000 159.000000 721.000000 400.000000) for display-0
11-23 18:35:31.840  1855  3041 I MiStcImpl: Dispatching command: 18 Unknown
11-23 18:35:31.840  1979  4985 D MI-SF   : callback LOCKFPS value 0
11-23 18:35:31.889  1880 19155 D TRUETONE: timerCallback enter caseId 7, value 255, generation 7299, mGeneration 7299
11-23 18:35:31.889  1880 19155 D TRUETONE: setPCCConfigTrueTone cct 5700, mode 0
11-23 18:35:31.889  1979  4985 D MI-SF   : callback LOCKFPS value 1
11-23 18:35:31.889  1979  4985 D MI-SF   : isIdleTimerSkip is 1,mSetIdleForceFlag = 1
11-23 18:35:31.889  1880 19155 D TRUETONE: setPCCConfigTrueTone truetone cct 5700 mode 0 mTrueToneCoeff:R[r 0.973252, g 0.028345, b -0.001597], G[r -0.001782, g 0.943834, b 0.006411], B[r -0.000520, g -0.004364, b 0.841816]
11-23 18:35:31.889  1855  3041 I MiStcImpl: Dispatching command: 3 PCC
11-23 18:35:31.890  1855  3041 I SDM     : QServiceBackend::notifyCallback: calling qservice command 5
11-23 18:35:31.890  1855  3041 I SDM     : SDMServices::notifyCallback: sdmclient qservice command 5
11-23 18:35:31.891  3528  4820 W ActivityManager: pid 3528 system sent binder code 31101 with flags 0 to frozen apps and got error -74
11-23 18:35:31.917  1855  4656 I SDM     : NotifyCWBStatus: Notify the client about buffer (0xf98e86c0) status 0 for display-0.
11-23 18:35:31.918  1855  4656 I SDM     : SDMConcurrentWriteBack::ProcessCWBStatus: CWB queue is empty. Display: 0
11-23 18:35:31.955  1880 19156 D TRUETONE: timerCallback enter caseId 7, value 255, generation 7300, mGeneration 7300
11-23 18:35:31.955  1880 19156 D TRUETONE: setPCCConfigTrueTone cct 5700, mode 0
11-23 18:35:31.955  1880 19156 D TRUETONE: setPCCConfigTrueTone truetone cct 5700 mode 0 mTrueToneCoeff:R[r 0.973252, g 0.028345, b -0.001597], G[r -0.001782, g 0.943834, b 0.006411], B[r -0.000520, g -0.004364, b 0.841816]
11-23 18:35:31.956  1855  3041 I MiStcImpl: Dispatching command: 3 PCC
11-23 18:35:31.956  1855  3041 I SDM     : QServiceBackend::notifyCallback: calling qservice command 5
11-23 18:35:31.956  1855  3041 I SDM     : SDMServices::notifyCallback: sdmclient qservice command 5
11-23 18:35:31.957  3528  4820 W ActivityManager: pid 3528 system sent binder code 31101 with flags 0 to frozen apps and got error -74
11-23 18:35:31.961  1855  2494 I SDM     : HWDeviceDRM::SetupConcurrentWriteback: Tear down the Concurrent Writeback topology
11-23 18:35:32.003  3528  5886 I ActivityManager: unbindService com.android.server.am.ActiveServices@5a03aca conn=android.os.BinderProxy@6f6399e callingPid=9778
11-23 18:35:32.004  1861  1861 I vendor.qti.hardware.servicetrackeraidl-service: unbindService is called for service : com.google.android.gms/.measurement.service.MeasurementBrokerService and for client com.mi.globalminusscreen
11-23 18:35:32.004  1861  1861 I vendor.qti.hardware.servicetrackeraidl-service: size of service connections for service: com.google.android.gms/.measurement.service.MeasurementBrokerServiceafter removal is 2
11-23 18:35:32.004  1861  1861 I vendor.qti.hardware.servicetrackeraidl-service: size of client connections for client: com.mi.globalminusscreenafter removal is 3
11-23 18:35:32.021  1880 19157 D TRUETONE: timerCallback enter caseId 7, value 255, generation 7301, mGeneration 7301
11-23 18:35:32.021  1880 19157 D TRUETONE: setPCCConfigTrueTone cct 5700, mode 0
11-23 18:35:32.021  1880 19157 D TRUETONE: setPCCConfigTrueTone truetone cct 5700 mode 0 mTrueToneCoeff:R[r 0.973252, g 0.028345, b -0.001597], G[r -0.001782, g 0.943834, b 0.006411], B[r -0.000520, g -0.004364, b 0.841816]
11-23 18:35:32.022  1855  3041 I MiStcImpl: Dispatching command: 3 PCC
11-23 18:35:32.022  1855  3041 I SDM     : QServiceBackend::notifyCallback: calling qservice command 5
11-23 18:35:32.022  1855  3041 I SDM     : SDMServices::notifyCallback: sdmclient qservice command 5
11-23 18:35:32.023  3528  4820 W ActivityManager: pid 3528 system sent binder code 31101 with flags 0 to frozen apps and got error -74
11-23 18:35:32.085  3528  6020 D SLM-SRV-SLAService: checktemp temperature = 35261 temperature_average = 34651 isPerformanceMode = false thermal_enable_slm = true
11-23 18:35:32.087  1880 19158 D TRUETONE: timerCallback enter caseId 7, value 255, generation 7302, mGeneration 7302
11-23 18:35:32.087  1880 19158 D TRUETONE: setPCCConfigTrueTone cct 5700, mode 0
11-23 18:35:32.087  1880 19158 D TRUETONE: setPCCConfigTrueTone truetone cct 5700 mode 0 mTrueToneCoeff:R[r 0.973252, g 0.028345, b -0.001597], G[r -0.001782, g 0.943834, b 0.006411], B[r -0.000520, g -0.004364, b 0.841816]
11-23 18:35:32.088  1855  3041 I MiStcImpl: Dispatching command: 3 PCC
11-23 18:35:32.088  1855  3041 I SDM     : QServiceBackend::notifyCallback: calling qservice command 5
11-23 18:35:32.088  1855  3041 I SDM     : SDMServices::notifyCallback: sdmclient qservice command 5
11-23 18:35:32.090  3528  4820 W ActivityManager: pid 3528 system sent binder code 31101 with flags 0 to frozen apps and got error -74
11-23 18:35:32.094  1855  3035 I vendor.qti.hardware.display.composer-service: Sensor: notify citsensorservice to trigger cwb, misForced = 0
11-23 18:35:32.096  1855  3091 I SDM     : CWB config passed by cwb_client : tappoint 1  CWB_ROI : (480.000000 159.000000 721.000000 400.000000) for display-0
11-23 18:35:32.096  2818  4629 I libsensor-boledalgo: dbv:536,lux:103.0,cct:5613.7,hsv:60.0,CWB R:0.2,G:0.2,B:0.0Event C:3264.4,R:1616.3,G:1213.4,B:540.7Cali C:0.0,R:0.0,G:0.0,B:0.0 
11-23 18:35:32.128  3528  4352 I MiSensorServiceImpl: user found in check list, getPackageName  android.view.OrientationEventListener
11-23 18:35:32.154  1880 19159 D TRUETONE: timerCallback enter caseId 7, value 255, generation 7303, mGeneration 7303
11-23 18:35:32.154  1880 19159 D TRUETONE: setPCCConfigTrueTone cct 5700, mode 0
11-23 18:35:32.154  1880 19159 D TRUETONE: setPCCConfigTrueTone truetone cct 5700 mode 0 mTrueToneCoeff:R[r 0.973252, g 0.028345, b -0.001597], G[r -0.001782, g 0.943834, b 0.006411], B[r -0.000520, g -0.004364, b 0.841816]
11-23 18:35:32.155  1855  3041 I MiStcImpl: Dispatching command: 3 PCC
11-23 18:35:32.155  1855  3041 I SDM     : QServiceBackend::notifyCallback: calling qservice command 5
11-23 18:35:32.155  1855  3041 I SDM     : SDMServices::notifyCallback: sdmclient qservice command 5
11-23 18:35:32.156  3528  4820 W ActivityManager: pid 3528 system sent binder code 31101 with flags 0 to frozen apps and got error -74
11-23 18:35:32.180  1855  4656 I SDM     : NotifyCWBStatus: Notify the client about buffer (0xf98ead40) status 0 for display-0.
11-23 18:35:32.181  1855  4656 I SDM     : SDMConcurrentWriteBack::ProcessCWBStatus: CWB queue is empty. Display: 0
11-23 18:35:32.203  5623  5623 D QtiLinkBandwidthEstimator-0: handleMessage: 2
11-23 18:35:32.204  5623  5623 D QtiLinkBandwidthEstimator-0: MSG_TRAFFIC_STATS_POLL
11-23 18:35:32.205  5623  5623 D QtiLinkBandwidthEstimator-0: isDataPacketsCaluclationOnEachSimSeperately : true
11-23 18:35:32.205  5623  5623 D QtiLinkBandwidthEstimator-1: handleMessage: 2
11-23 18:35:32.205  5623  5623 D QtiLinkBandwidthEstimator-1: MSG_TRAFFIC_STATS_POLL
11-23 18:35:32.206  5623  5623 D QtiLinkBandwidthEstimator-1: isDataPacketsCaluclationOnEachSimSeperately : true
11-23 18:35:32.220  1880 19160 D TRUETONE: timerCallback enter caseId 7, value 255, generation 7304, mGeneration 7304
11-23 18:35:32.220  1880 19160 D TRUETONE: setPCCConfigTrueTone cct 5700, mode 0
11-23 18:35:32.220  1880 19160 D TRUETONE: setPCCConfigTrueTone truetone cct 5700 mode 0 mTrueToneCoeff:R[r 0.973252, g 0.028345, b -0.001597], G[r -0.001782, g 0.943834, b 0.006411], B[r -0.000520, g -0.004364, b 0.841816]
11-23 18:35:32.221  1855  3041 I MiStcImpl: Dispatching command: 3 PCC
11-23 18:35:32.221  1855  3041 I SDM     : QServiceBackend::notifyCallback: calling qservice command 5
11-23 18:35:32.221  1855  3041 I SDM     : SDMServices::notifyCallback: sdmclient qservice command 5
11-23 18:35:32.223  3528  4820 W ActivityManager: pid 3528 system sent binder code 31101 with flags 0 to frozen apps and got error -74
11-23 18:35:32.225  1855  2494 I SDM     : HWDeviceDRM::SetupConcurrentWriteback: Tear down the Concurrent Writeback topology
11-23 18:35:32.287  1880 19161 D TRUETONE: timerCallback enter caseId 7, value 255, generation 7305, mGeneration 7305
11-23 18:35:32.287  1880 19161 D TRUETONE: setPCCConfigTrueTone cct 5700, mode 0
11-23 18:35:32.287  1880 19161 D TRUETONE: setPCCConfigTrueTone truetone cct 5700 mode 0 mTrueToneCoeff:R[r 0.973252, g 0.028345, b -0.001597], G[r -0.001782, g 0.943834, b 0.006411], B[r -0.000520, g -0.004364, b 0.841816]
11-23 18:35:32.287  1855  3041 I MiStcImpl: Dispatching command: 3 PCC
11-23 18:35:32.288  1855  3041 I SDM     : QServiceBackend::notifyCallback: calling qservice command 5
11-23 18:35:32.288  1855  3041 I SDM     : SDMServices::notifyCallback: sdmclient qservice command 5
11-23 18:35:32.289  3528  4820 W ActivityManager: pid 3528 system sent binder code 31101 with flags 0 to frozen apps and got error -74
11-23 18:35:32.296  1855  2494 I SDM     : DisplayBase::CommitThread: Received Idle Timeout, panel: cmd, timeout: 70000 us
11-23 18:35:32.299  1855  3035 I vendor.qti.hardware.display.composer-service: Sensor: notify citsensorservice to trigger cwb, misForced = 0
11-23 18:35:32.301  1855  3091 I SDM     : CWB config passed by cwb_client : tappoint 1  CWB_ROI : (480.000000 159.000000 721.000000 400.000000) for display-0
11-23 18:35:32.353  1880 19162 D TRUETONE: timerCallback enter caseId 7, value 255, generation 7306, mGeneration 7306
11-23 18:35:32.353  1880 19162 D TRUETONE: setPCCConfigTrueTone cct 5700, mode 0
11-23 18:35:32.353  1880 19162 D TRUETONE: setPCCConfigTrueTone truetone cct 5700 mode 0 mTrueToneCoeff:R[r 0.973252, g 0.028345, b -0.001597], G[r -0.001782, g 0.943834, b 0.006411], B[r -0.000520, g -0.004364, b 0.841816]
11-23 18:35:32.353  1855  3041 I MiStcImpl: Dispatching command: 3 PCC
11-23 18:35:32.353  1855  3041 I SDM     : QServiceBackend::notifyCallback: calling qservice command 5
11-23 18:35:32.353  1855  3041 I SDM     : SDMServices::notifyCallback: sdmclient qservice command 5
11-23 18:35:32.354  3528  4820 W ActivityManager: pid 3528 system sent binder code 31101 with flags 0 to frozen apps and got error -74
11-23 18:35:32.370  1855  4656 I SDM     : NotifyCWBStatus: Notify the client about buffer (0xf98e6e00) status 0 for display-0.
11-23 18:35:32.370  1855  4656 I SDM     : SDMConcurrentWriteBack::ProcessCWBStatus: CWB queue is empty. Display: 0
11-23 18:35:32.418  1880 19163 D TRUETONE: timerCallback enter caseId 7, value 255, generation 7307, mGeneration 7307
11-23 18:35:32.418  1880 19163 D TRUETONE: setPCCConfigTrueTone cct 5700, mode 0
11-23 18:35:32.418  1880 19163 D TRUETONE: setPCCConfigTrueTone truetone cct 5700 mode 0 mTrueToneCoeff:R[r 0.973252, g 0.028345, b -0.001597], G[r -0.001782, g 0.943834, b 0.006411], B[r -0.000520, g -0.004364, b 0.841816]
11-23 18:35:32.418  1855  3041 I MiStcImpl: Dispatching command: 3 PCC
11-23 18:35:32.418  1855  3041 I SDM     : QServiceBackend::notifyCallback: calling qservice command 5
11-23 18:35:32.419  1855  3041 I SDM     : SDMServices::notifyCallback: sdmclient qservice command 5
11-23 18:35:32.419  3528  4820 W ActivityManager: pid 3528 system sent binder code 31101 with flags 0 to frozen apps and got error -74
11-23 18:35:32.421  1855  2494 I SDM     : HWDeviceDRM::SetupConcurrentWriteback: Tear down the Concurrent Writeback topology
11-23 18:35:32.461  3528  6265 I ActivityManager: unbindService com.android.server.am.ActiveServices@5a03aca conn=android.os.BinderProxy@52a1171 callingPid=7961
11-23 18:35:32.462  1861  1861 I vendor.qti.hardware.servicetrackeraidl-service: unbindService is called for service : com.google.android.gms/.chimera.PersistentApiService and for client com.google.android.gms
11-23 18:35:32.462  1861  1861 I vendor.qti.hardware.servicetrackeraidl-service: size of service connections for service: com.google.android.gms/.chimera.PersistentApiServiceafter removal is 56
11-23 18:35:32.463  5843  5843 D BoundBrokerSvc: onUnbind: Intent { act=com.google.android.gms.common.telemetry.service.START dat=chimera-action:/... xflg=0x4 cmp=com.google.android.gms/.chimera.PersistentApiService }
11-23 18:35:32.483  1880 19164 D TRUETONE: timerCallback enter caseId 7, value 255, generation 7308, mGeneration 7308
11-23 18:35:32.483  1880 19164 D TRUETONE: setPCCConfigTrueTone cct 5700, mode 0
11-23 18:35:32.483  6535 14593 D TProxyMetricsCollector: Native stats raw: txPackets=106713, txBytes=108704731, rxPackets=74954, rxBytes=52540862
11-23 18:35:32.483  1880 19164 D TRUETONE: setPCCConfigTrueTone truetone cct 5700 mode 0 mTrueToneCoeff:R[r 0.973252, g 0.028345, b -0.001597], G[r -0.001782, g 0.943834, b 0.006411], B[r -0.000520, g -0.004364, b 0.841816]
11-23 18:35:32.484  1855  3041 I MiStcImpl: Dispatching command: 3 PCC
11-23 18:35:32.484  1855  3041 I SDM     : QServiceBackend::notifyCallback: calling qservice command 5
11-23 18:35:32.484  1855  3041 I SDM     : SDMServices::notifyCallback: sdmclient qservice command 5
11-23 18:35:32.486  3528  4820 W ActivityManager: pid 3528 system sent binder code 31101 with flags 0 to frozen apps and got error -74
11-23 18:35:32.492  6535 14593 D CoreStatsClient: Query stats returned 2 stats
11-23 18:35:32.492  6535 14593 D CoreStatsClient: Processing 2 stats for traffic data...
11-23 18:35:32.492  6535 14593 D CoreStatsClient: Stat: outbound>>>vless_0>>>traffic>>>uplink = 50532781
11-23 18:35:32.492  6535 14593 D CoreStatsClient: ✓ Found uplink+traffic stat: outbound>>>vless_0>>>traffic>>>uplink = 50532781, total now: 50532781
11-23 18:35:32.492  6535 14593 D CoreStatsClient: Stat: outbound>>>vless_0>>>traffic>>>downlink = 13610450
11-23 18:35:32.492  1855  2494 I SDM     : DisplayBase::CommitThread: Received Idle Timeout, panel: cmd, timeout: 70000 us
11-23 18:35:32.492  6535 14593 D CoreStatsClient: ✓ Found downlink+traffic stat: outbound>>>vless_0>>>traffic>>>downlink = 13610450, total now: 13610450
11-23 18:35:32.492  6535 14593 I CoreStatsClient: ✓ Traffic stats summary: Uplink=50532781 bytes, Downlink=13610450 bytes (matched 2/2 stats)
11-23 18:35:32.492  6535 14593 D CoreStatsClient: getSystemStats() called
11-23 18:35:32.492  6535 14593 D CoreStatsClient: Channel ready, making getSystemStats RPC call
11-23 18:35:32.492  6535 14593 D CoreStatsClient: Starting getSystemStats RPC call with deadline
11-23 18:35:32.495  6535  7269 D CoreStatsClient: getSystemStats received response: uptime=608s, numGoroutine=72
11-23 18:35:32.495  6535  7269 D CoreStatsClient: getSystemStats RPC completed
11-23 18:35:32.495  6535 14593 D CoreStatsClient: getSystemStats successful: returning response with uptime=608s
11-23 18:35:32.495  6535 14593 D TProxyMetricsCollector: Packet loss calculation: nativeStats(txPackets=106713, rxPackets=74954, txBytes=108704731, rxBytes=52540862), lastNativeStats(txPackets=106503, rxPackets=74816, txBytes=108658999, rxBytes=52516531)
11-23 18:35:32.495  6535 14593 D TProxyMetricsCollector: Packet loss deltas: txPacketDelta=210, rxPacketDelta=138, txByteDelta=45732, rxByteDelta=24331, totalPackets=348, timeDelta=30045ms
11-23 18:35:32.495  6535 14593 D TProxyMetricsCollector: Packet loss detected: txRate=6/s, rxRate=4/s, imbalance=34.285714285714285%, loss=5.0%
11-23 18:35:32.495  6535 14593 D TProxyMetricsCollector: Native delta: txBytes=108704731 (delta=45732), rxBytes=52540862 (delta=24331), total=70063, timeDelta=30045ms
11-23 18:35:32.495  6535 14593 D TProxyMetricsCollector: Native throughput: 0.0022239069272881043MB/s, nativeStats=true
11-23 18:35:32.495  6535 14593 D TProxyMetricsCollector: Collected metrics: throughput=0.0022239069272881043MB/s, rtt=35.8ms, loss=5.0%, handshake=150.0ms, nativeStats=true
11-23 18:35:32.495  6535 14593 D TProxyAiOptimizer: Optimizing TProxy configuration based on metrics: throughput=2331.935430188051, rtt=35.8, loss=0.05, handshake=150.0
11-23 18:35:32.497  3528  4904 D BackgroundInstallControlService: Package event received: 0
11-23 18:35:32.502  6535 14593 D DeepPolicyModel: Output tensor type: Array[1]
11-23 18:35:32.502  6535 14593 D DeepPolicyModel: Output is Array<FloatArray>, batch size=1, feature size=5: -0.3149039, -0.30014676, 0.35019198, 0.40206975, 0.20115232
11-23 18:35:32.502  6535 14593 W OnnxTensor: Closing an already closed tensor.
11-23 18:35:32.502  6535 14593 W OrtSession$Result: Closing an already closed Result
11-23 18:35:32.502  6535 14593 D TProxyAiOptimizer: AI recommendations: MTU=-1, Buffer=-1, Timeout=0, Pipeline=0, MultiQueue=0
11-23 18:35:32.511  6535 14593 D TProxyAiOptimizer: Expected improvement (0.0%) is too small, keeping current config
11-23 18:35:32.511  6535 14593 D TProxyAiOptimizer: Optimization skipped: Improvement too small
11-23 18:35:32.518  2818  4629 I libsensor-boledalgo: dbv:536,lux:102.1,cct:5755.4,hsv:60.0,CWB R:0.2,G:0.2,B:0.0Event C:3258.2,R:1614.2,G:1215.3,B:549.5Cali C:0.0,R:0.0,G:0.0,B:0.0 
11-23 18:35:32.550  1880 19165 D TRUETONE: timerCallback enter caseId 7, value 255, generation 7309, mGeneration 7309
11-23 18:35:32.550  1880 19165 D TRUETONE: setPCCConfigTrueTone cct 5700, mode 0
11-23 18:35:32.550  1880 19165 D TRUETONE: setPCCConfigTrueTone truetone cct 5700 mode 0 mTrueToneCoeff:R[r 0.973252, g 0.028345, b -0.001597], G[r -0.001782, g 0.943834, b 0.006411], B[r -0.000520, g -0.004364, b 0.841816]
11-23 18:35:32.551  1855  3041 I MiStcImpl: Dispatching command: 3 PCC
11-23 18:35:32.551  1855  3041 I SDM     : QServiceBackend::notifyCallback: calling qservice command 5
11-23 18:35:32.551  1855  3041 I SDM     : SDMServices::notifyCallback: sdmclient qservice command 5
11-23 18:35:32.552  3528  4820 W ActivityManager: pid 3528 system sent binder code 31101 with flags 0 to frozen apps and got error -74
11-23 18:35:32.564  1855  3035 I vendor.qti.hardware.display.composer-service: Sensor: notify citsensorservice to trigger cwb, misForced = 0
11-23 18:35:32.565  1855  3091 I SDM     : CWB config passed by cwb_client : tappoint 1  CWB_ROI : (480.000000 159.000000 721.000000 400.000000) for display-0
11-23 18:35:32.616  1880 19166 D TRUETONE: timerCallback enter caseId 7, value 255, generation 7310, mGeneration 7310
11-23 18:35:32.616  1880 19166 D TRUETONE: setPCCConfigTrueTone cct 5700, mode 0
11-23 18:35:32.616  1880 19166 D TRUETONE: setPCCConfigTrueTone truetone cct 5700 mode 0 mTrueToneCoeff:R[r 0.973252, g 0.028345, b -0.001597], G[r -0.001782, g 0.943834, b 0.006411], B[r -0.000520, g -0.004364, b 0.841816]
11-23 18:35:32.617  1855  3041 I MiStcImpl: Dispatching command: 3 PCC
11-23 18:35:32.617  1855  3041 I SDM     : QServiceBackend::notifyCallback: calling qservice command 5
11-23 18:35:32.617  1855  3041 I SDM     : SDMServices::notifyCallback: sdmclient qservice command 5
11-23 18:35:32.619  3528  4820 W ActivityManager: pid 3528 system sent binder code 31101 with flags 0 to frozen apps and got error -74
11-23 18:35:32.642  1855  4656 I SDM     : NotifyCWBStatus: Notify the client about buffer (0xf98e7e80) status 0 for display-0.
11-23 18:35:32.642  1855  4656 I SDM     : SDMConcurrentWriteBack::ProcessCWBStatus: CWB queue is empty. Display: 0
11-23 18:35:32.683  1880 19167 D TRUETONE: timerCallback enter caseId 7, value 255, generation 7311, mGeneration 7311
11-23 18:35:32.683  1880 19167 D TRUETONE: setPCCConfigTrueTone cct 5700, mode 0
11-23 18:35:32.683  1880 19167 D TRUETONE: setPCCConfigTrueTone truetone cct 5700 mode 0 mTrueToneCoeff:R[r 0.973252, g 0.028345, b -0.001597], G[r -0.001782, g 0.943834, b 0.006411], B[r -0.000520, g -0.004364, b 0.841816]
11-23 18:35:32.683  1855  3041 I MiStcImpl: Dispatching command: 3 PCC
11-23 18:35:32.683  1855  3041 I SDM     : QServiceBackend::notifyCallback: calling qservice command 5
11-23 18:35:32.683  1855  3041 I SDM     : SDMServices::notifyCallback: sdmclient qservice command 5
11-23 18:35:32.685  3528  4820 W ActivityManager: pid 3528 system sent binder code 31101 with flags 0 to frozen apps and got error -74
11-23 18:35:32.694  1855  2494 I SDM     : HWDeviceDRM::SetupConcurrentWriteback: Tear down the Concurrent Writeback topology
11-23 18:35:32.732  6767  8676 W 5hK     : Detecting leaks
11-23 18:35:32.749  1880 19168 D TRUETONE: timerCallback enter caseId 7, value 255, generation 7312, mGeneration 7312
11-23 18:35:32.749  1880 19168 D TRUETONE: setPCCConfigTrueTone cct 5700, mode 0
11-23 18:35:32.749  1880 19168 D TRUETONE: setPCCConfigTrueTone truetone cct 5700 mode 0 mTrueToneCoeff:R[r 0.973252, g 0.028345, b -0.001597], G[r -0.001782, g 0.943834, b 0.006411], B[r -0.000520, g -0.004364, b 0.841816]
11-23 18:35:32.749  1855  3041 I MiStcImpl: Dispatching command: 3 PCC
11-23 18:35:32.749  1855  3041 I SDM     : QServiceBackend::notifyCallback: calling qservice command 5
11-23 18:35:32.749  1855  3041 I SDM     : SDMServices::notifyCallback: sdmclient qservice command 5
11-23 18:35:32.750  3528  4820 W ActivityManager: pid 3528 system sent binder code 31101 with flags 0 to frozen apps and got error -74
