11-21 22:41:05.321  3869  4159 I ATMSImpl: cacheTasksForDefaultDisplay size=4
11-21 22:41:05.321  3869  4159 I WindowManager: boost for scrool, package:com.miui.home
11-21 22:41:05.321  3869  4159 I ProcessManager: getRenderThreadTidByPid, caller=3869
11-21 22:41:05.321  5898  5898 W NPVCInjector: handleStretchState mBgBlurRadius=0 hidePanelPending=false
11-21 22:41:05.321  5898  5898 D NPVCInjector: cancelFlingSpring mHidePanelPending=false
11-21 22:41:05.321  3869  4159 I ATMSImpl: cacheTasksForDefaultDisplay size=4
11-21 22:41:05.321  5898  5898 D NotificationPanelExpandController: panelVisible to true
11-21 22:41:05.323  5898  5898 D GestureObserver: update disable state, disabled true, mNotificationPanelExpand true, mControlCenterExpand false, mInPinnedMode false, mKeyguardShowing false
11-21 22:41:05.323  5387  5387 D TouchInteractionService: onSystemUiFlagsChanged, mSystemUiStateFlags=50020004
11-21 22:41:05.323  5387  5387 D NavStubGestureListener: onSystemUiFlagsChanged, newFlag:1342308356
11-21 22:41:05.323  5387  5387 D NavStubView_Touch: onSystemUiFlagsChanged  mIsShowStatusBar    old= true   new=true
11-21 22:41:05.323  5387  5387 D NavStubView_Touch: onSystemUiFlagsChanged  mIsShowNavBar    old= true   new=true
11-21 22:41:05.323  5387  5387 D NavStubView_Touch: onSystemUiFlagsChanged  isImmersiveNew    old= false   new=false
11-21 22:41:05.323  5387  5387 D NavStubView_Touch: onSystemUiFlagsChanged, mDisableHomeRecents = false, disableHomeRecents = false, isHomeDisabled = false, isRecentDisabled = false
11-21 22:41:05.325  3869  6800 W ActivityManagerServiceImpl: Sending non-protected broadcast com.android.systemui.fsgesture from system 5898:com.android.systemui/1000 pkg com.android.systemui. Callers=
11-21 22:41:05.325  5898  5898 D ControlCenterControllerImpl: disable1: 0 -> 0 (diff1: 0)
11-21 22:41:05.325  5898  5898 D ControlCenterControllerImpl: disable2: 0 -> 0 (diff1: 0)
11-21 22:41:05.325  5898  5898 D ControlCenterControllerImpl: panelEnabled changed from true to true
11-21 22:41:05.325  3869  4188 D BroadcastQueue: Logging broadcast for com.android.systemui, stopped=false, firstLaunch=false
11-21 22:41:05.326  5898  5898 D KeyguardPanelViewController: vis=true shouleBe=true BarState=0
11-21 22:41:05.326  3869  4188 D BroadcastQueue: Logging broadcast for android, stopped=false, firstLaunch=false
11-21 22:41:05.326  5898  5898 D MiuiShortcut-ShortcutPluginImpl: onSystemUIAction, action: onBottomAreaAlphaChange, newConfig=1.0
11-21 22:41:05.326  3869  4188 D BroadcastQueue: Logging broadcast for com.miui.home, stopped=false, firstLaunch=false
11-21 22:41:05.326  5387  5387 W RecentsImpl: mFsgReceiver  mFsgReceiverSender=com.android.systemui, action=com.android.systemui.fsgesture
11-21 22:41:05.326  5387  5387 W RecentsImpl: updateFsgWindowVisibilityState origin isEnter=true, typeFrom=typefrom_status_bar_expansion
11-21 22:41:05.326  5387  6035 W RecentsImpl: updateFsgWindowVisibilityStateInBgThread, isEnter=true, typeFrom=typefrom_status_bar_expansion, isOpen=true, isKeyguardLocked=false, mIsInAnotherPro=false, isStatusBarExpansion=true
11-21 22:41:05.326  5387  6035 D RecentsImpl: showBackStubWindow, fromLaunch=false, changeAppResume=true
11-21 22:41:05.326  5387  6035 D GestureStubView_Left: setAppResume, mAppResumed=true
11-21 22:41:05.326  5387  5387 D RecentsImpl: hideNavStubView
11-21 22:41:05.326  5387  5387 D NavStubView_Touch: setKeepHidden    old=false   new=true
11-21 22:41:05.327  5387  5387 D NavStubView_Touch: updateTouchable    old=false   new=true
11-21 22:41:05.327  5387  5387 D NavStubView_Touch:   updateTouchable---requestApplyInsets
11-21 22:41:05.327  5387  6035 D GestureStubView_Right: setAppResume, mAppResumed=true
11-21 22:41:05.327  5387  6091 D RecentsImpl: showBackStubWindow, show gesture stub view
11-21 22:41:05.327  5387  6091 D GestureStubView_Left: setKeepHidden    old=true   new=false
11-21 22:41:05.327  5387  6091 D GestureStubView_Left: updateTouchable    old=true   new=true
11-21 22:41:05.327  5387  6091 W GestureStubView_Left: adaptRotation   currentRotation=0   mRotation=0
11-21 22:41:05.327  5387  6091 D GestureStubView_Left: resetRenderProperty: showGestureStub   isLayoutParamChanged=false
11-21 22:41:05.327  5387  6091 D GestureStubView_Left: disableTouch    old=true   new=false
11-21 22:41:05.327  5387  6091 D GestureStubView_Left: updateTouchable    old=true   new=false
11-21 22:41:05.327  5387  5387 D ArtChoreographerMonitor: invoke error.
11-21 22:41:05.327  5387  6091 D GestureStubView_Left:   updateTouchable---requestApplyInsets
11-21 22:41:05.327  5387  6091 D GestureStubView_Left: showGestureStub
11-21 22:41:05.327  5387  6091 D GestureStubView_Right: setKeepHidden    old=true   new=false
11-21 22:41:05.327  5387  6091 D GestureStubView_Right: updateTouchable    old=true   new=true
11-21 22:41:05.327  5387  6091 W GestureStubView_Right: adaptRotation   currentRotation=0   mRotation=0
11-21 22:41:05.327  5387  6091 D GestureStubView_Right: resetRenderProperty: showGestureStub   isLayoutParamChanged=false
11-21 22:41:05.327  5387  6091 D GestureStubView_Right: disableTouch    old=true   new=false
11-21 22:41:05.327  5387  6091 D GestureStubView_Right: updateTouchable    old=true   new=false
11-21 22:41:05.327  5387  6091 D GestureStubView_Right:   updateTouchable---requestApplyInsets
11-21 22:41:05.327  5387  6091 D GestureStubView_Right: showGestureStub
11-21 22:41:05.327  3869  5236 D BackgroundInstallControlService: Package event received: 0
11-21 22:41:05.328  3869  5236 D BackgroundInstallControlService: Package event received: 0
11-21 22:41:05.328  3869  5956 D VibratorManagerService: Canceling vibration
11-21 22:41:05.328  5898  7390 D RingtonePlayer: stopAsync()
11-21 22:41:05.328  5898  7390 D RingtonePlayer: stop
11-21 22:41:05.328  5898  6243 D StatusBar##isHomeStatusBarAllowed: newValue: false
11-21 22:41:05.328  3869  5956 D VibratorManagerService: Canceling vibration
11-21 22:41:05.328  5898  7390 D RingtonePlayer: stopAsync()
11-21 22:41:05.328  5898  7390 D RingtonePlayer: stop
11-21 22:41:05.328  3869  5956 D CoreBackPreview: Window{38b2231 u0 NotificationShade}: Setting back callback OnBackInvokedCallbackInfo{mCallback=android.window.IOnBackInvokedCallback$Stub$Proxy@40192c4, mPriority=0, mIsAnimationCallback=false, mOverrideBehavior=0}
11-21 22:41:05.329  5898  5898 D NotificationPanelExpandController: expand height changed to 44.552734
11-21 22:41:05.329  5898  5898 D NPVCInjector: MNPVC touch: stretching=true collapsing=false mPanelStretching=true mPanelCollapsing=false mPanelOpening=true fullCollapsedOnDown=true fullExpOnDown=false mHidePanelPending=false
11-21 22:41:05.329  5898  5898 D View    : View setForceSDFT: true
11-21 22:41:05.329  5387  5387 W NavStubView_Touch: onComputeInternalInsets  bounds=Rect(0, 0 - 1200, 81)   mHideGestureLine=false   mIsShowNavBar=true   mKeepHidden=true   mDisableTouch=false   mUseEmptyTouchableRegion=true
11-21 22:41:05.329  5387  5387 D NavStubView: Hot Area Rect: Rect(333, 2589 - 867, 2670)
11-21 22:41:05.329  5387  5387 W NavStubView_Touch:   onComputeInternalInsets  empty
11-21 22:41:05.329  5898  5898 D View    : View setForceSDFT: true
11-21 22:41:05.329  5387  5387 W NavStubView_Touch:   onComputeInternalInsets  path.addRect: NavStubTraggeRange=NavStubTraggeRange{mLeftRange=RectF(0.0, 0.0, 0.0, 0.0), mCenterRange=RectF(0.0, 0.0, 0.0, 0.0), mRightRange=RectF(0.0, 0.0, 0.0, 0.0)}
11-21 22:41:05.329  5898  5898 D View    : View setForceSDFT: true
11-21 22:41:05.329  5898  5898 D backgroundBlur: setBackgroundBlurMode com.android.systemui.shade.NotificationShadeWindowView mode = 1 hashcode 103033785
11-21 22:41:05.330  5898  5898 D PassBlur: addTextureView view com.android.systemui.shade.NotificationShadeWindowView{6242bb9 V.E...... ......ID 0,0-1200,2670 #7f0a061b app:id/legacy_window_root}, sfState invalid, dispRect Rect(0, 0 - 0, 0), configRot(0) ROTATION_0 texScale 0.25
11-21 22:41:05.330  5898  5898 D backgroundBlur: enablePassWindowBlur com.android.systemui.shade.NotificationShadeWindowView enable:true
11-21 22:41:05.330  5898  5898 D backgroundBlur: setBackgroundBlurRadius 1 com.android.systemui.shade.NotificationShadeWindowView hashcode 103033785
11-21 22:41:05.330  3869  5956 W AppCompatLetterboxPolicy: start not layout letterbox Window{e953a30 u0 LauncherMinusOneScreen}
11-21 22:41:05.330  5898  5898 D backgroundBlur: setBackgroundBlurScaleRatio 4.561682E-4 com.android.systemui.shade.NotificationShadeWindowView hashcode 103033785
11-21 22:41:05.330  5898  5898 D backgroundBlur: setMiViewBlurMode com.miui.systemui.shade.ShadeBackgroundView mode = 1 hashcode 258285704
11-21 22:41:05.330  3869  5956 W AppCompatLetterboxPolicy: start not layout letterbox Window{5da1856 u0 LauncherOverlayWindow:com.mi.globalminusscreen}
11-21 22:41:05.330  5898  5898 D NotificationHeaderExpandController: onExpansionChanged: progress =  0.0060822424
11-21 22:41:05.330  5898  5898 D View    : View setForceSDFT: true
11-21 22:41:05.330  5898  5898 D View    : View setForceSDFT: true
11-21 22:41:05.330  3869  5956 D MiuiRefreshRatePolicy: reset
11-21 22:41:05.330  5898  5898 D View    : View setForceSDFT: true
11-21 22:41:05.331  5387  6091 D GestureStubView_Left: gatherTransparentRegion: need render w:62  h:2670
11-21 22:41:05.331  5387  6091 D GestureStubView_Left: updateTouchRegion: bounds= Rect(0, 240 - 62, 2589)
11-21 22:41:05.331  5387  6091 D GestureStubView_Right: gatherTransparentRegion: need render w:62  h:2670
11-21 22:41:05.331  5387  6091 D GestureStubView_Right: updateTouchRegion: bounds= Rect(0, 240 - 62, 2589)
11-21 22:41:05.331  3869  5956 W AppCompatLetterboxPolicy: start not layout letterbox Window{e953a30 u0 LauncherMinusOneScreen}
11-21 22:41:05.331  3869  5956 W AppCompatLetterboxPolicy: start not layout letterbox Window{5da1856 u0 LauncherOverlayWindow:com.mi.globalminusscreen}
11-21 22:41:05.331  3869  5956 D MiuiRefreshRatePolicy: reset
11-21 22:41:05.332  3869  5956 W AppCompatLetterboxPolicy: start not layout letterbox Window{e953a30 u0 LauncherMinusOneScreen}
11-21 22:41:05.332  3869  5956 W AppCompatLetterboxPolicy: start not layout letterbox Window{5da1856 u0 LauncherOverlayWindow:com.mi.globalminusscreen}
11-21 22:41:05.332  3869  5956 D MiuiRefreshRatePolicy: reset
11-21 22:41:05.333  3869  6800 I SmartPower: com.miui.securitycenter/1000(3471): visible->invisible(111823ms) R(become invisible) adj=0.
11-21 22:41:05.334  3869  6800 W AppCompatLetterboxPolicy: start not layout letterbox Window{e953a30 u0 LauncherMinusOneScreen}
11-21 22:41:05.334  3869  6800 W AppCompatLetterboxPolicy: start not layout letterbox Window{5da1856 u0 LauncherOverlayWindow:com.mi.globalminusscreen}
11-21 22:41:05.334  3869  6800 D MiuiRefreshRatePolicy: reset
11-21 22:41:05.335  5898  6186 I BoostHelper: boost: add myTid: 5898
11-21 22:41:05.335  5898  6186 I BoostHelper: boost: add mRenderThreadTid: 6238
11-21 22:41:05.335  5898  6186 I BoostHelper: boostThread sched thread [5898, 6238, 6231, 6232] is run,mod=6
11-21 22:41:05.335  3869  5134 D PerfStubImpl: perfLockReleaseHandler: 0
11-21 22:41:05.335  3869  5134 D QcomSchedBoost: stopBoostInternal
11-21 22:41:05.335  3869  5134 D SchedBoost: thread tid=5387, priority is set to 0
11-21 22:41:05.335  3869  5134 D PerfStubImpl: perfLockReleaseHandler: 0
11-21 22:41:05.335  3869  5134 D QcomSchedBoost: stopBoostInternal
11-21 22:41:05.335  3869  5134 D SchedBoost: thread tid=6104, priority is set to -4
11-21 22:41:05.335  3869  5134 D PerfStubImpl: perfLockReleaseHandler: 0
11-21 22:41:05.335  3869  5134 D QcomSchedBoost: stopBoostInternal
11-21 22:41:05.335  3869  5134 D PerfStubImpl: perfHint
11-21 22:41:05.335  3869  5134 D QcomSchedBoost: startBoostInternal 2000
11-21 22:41:05.335  5898  5898 D PassBlur: checkConfigRot current blurRot:0 will be: 0, usePending: false, pendingRot: -1, wmRot: 0, amRot: 0, disOri: 0, disInsOri: 0
11-21 22:41:05.336  3869  4734 E JobScheduler: ResourceBudgetManagerInternal is null
11-21 22:41:05.336  1863  2473 I SDM     : HWDeviceDRM::SetupConcurrentWriteback: Tear down the Concurrent Writeback topology
11-21 22:41:05.336  5898  5898 D PassBlur: checkConfigRot current blurRot:0 will be: 0, usePending: false, pendingRot: -1, wmRot: 0, amRot: 0, disOri: 0, disInsOri: 0
11-21 22:41:05.336  5898  5898 D PassBlur: checkSurTexSize mDispRect [0,0][300,668], configRot 0, mSurfaceSize.XY 1200 2670
11-21 22:41:05.336  5898  5898 D SurfaceComposerClient: PassBlur, Transaction setUpdateTextureFlag 1 0.2500
11-21 22:41:05.337  5898  5898 D VRI[NotificationShade]: vri.reportNextDraw 0 Rect(0, 0 - 1200, 2670) android.view.ViewRootImpl.performTraversals:5151 android.view.ViewRootImpl.doTraversal:3747 android.view.ViewRootImpl$TraversalRunnable.run:11968 android.view.Choreographer$CallbackRecord.run:1921 android.view.Choreographer$CallbackRecord.run:1930 
11-21 22:41:05.337  5898  5898 D VRI[NotificationShade]: vri.Setup new sync=wmsSync-VRI[NotificationShade]#91
11-21 22:41:05.338  1872  1872 I vendor.qti.hardware.servicetrackeraidl-service: bindService is called for service : com.google.android.apps.messaging/.shared.datamodel.action.execution.ActionJobService and for client system
11-21 22:41:05.338  3869  6800 W AppCompatLetterboxPolicy: start not layout letterbox Window{e953a30 u0 LauncherMinusOneScreen}
11-21 22:41:05.338  1872  1872 I vendor.qti.hardware.servicetrackeraidl-service: total connections for service : com.google.android.apps.messaging/.shared.datamodel.action.execution.ActionJobServiceare :1
11-21 22:41:05.338  3869  6800 W AppCompatLetterboxPolicy: start not layout letterbox Window{5da1856 u0 LauncherOverlayWindow:com.mi.globalminusscreen}
11-21 22:41:05.338  1872  1872 I vendor.qti.hardware.servicetrackeraidl-service: total connections for client : systemare :36
11-21 22:41:05.338  3869  6800 D MiuiRefreshRatePolicy: reset
11-21 22:41:05.338  5898  6238 E ndroid.systemui: backgroundBlur makeBackgroundImage if(!mSnapshot && mSurfaceTex). will return
11-21 22:41:05.338  5898  6238 D ndroid.systemui: backgroundBlur drawBackgroundBlurImage (ShadeBackgroundView-3-0xb4000075761ca5e0) backImage is null, colorModes(C808080M28), mBounds(0.000000|0.000000|1200.000000|2670.000000)
11-21 22:41:05.340  3869  4734 I SmartPower: com.google.android.apps.messaging/10188(3046): idle->background(35076ms) R(service create com.google.android.apps.messaging/.shared.datamodel.action.execution.ActionJobService) adj=0.
11-21 22:41:05.340  3869  4734 D ActivityManager: Logging bindService for com.google.android.apps.messaging, stopped=false, firstLaunch=false
11-21 22:41:05.340  3869  4734 D BatteryStatsManagerStub: notifyEvent for resId=256 used 0ms
11-21 22:41:05.340  5898  5898 D VRI[NotificationShade]: vri.reportDrawFinished 0 0 Rect(0, 0 - 1200, 2670)
11-21 22:41:05.340  3869  5149 I whetstone.activity: processNotifyEvent1 resId = 256, bundle = Bundle[{startTime=72919403, sourcePkg=com.google.android.apps.messaging, sourceUid=10188, status=1, jobId=102, batteryName=com.google.android.apps.messaging/.shared.datamodel.action.execution.ActionJobService, elapsedRealtime=72919403}]
11-21 22:41:05.340  3437  3671 I EventMonitor: notifyEvent resId=256
11-21 22:41:05.341  5898  5898 D VRI[NavigationBar0]: getMiuiFreeformStackInfo mTmpFrames.miuiFreeFormStackInfo: null
11-21 22:41:05.341  3869  6800 D WindowManager: wms.finishDrawingLocked: mDrawState=COMMIT_DRAW_PENDING Window{38b2231 u0 NotificationShade} in Surface(name=NotificationShade#25558)/@0x2d330e2
11-21 22:41:05.341  3869  4162 W AppCompatLetterboxPolicy: start not layout letterbox Window{e953a30 u0 LauncherMinusOneScreen}
11-21 22:41:05.341  3869  4162 W AppCompatLetterboxPolicy: start not layout letterbox Window{5da1856 u0 LauncherOverlayWindow:com.mi.globalminusscreen}
11-21 22:41:05.341  3869  4162 D MiuiRefreshRatePolicy: reset
11-21 22:41:05.341  3869  4162 D WindowManager: wms.commitFinishDrawingLocked: mDrawState=READY_TO_SHOW Window{38b2231 u0 NotificationShade} in Surface(name=NotificationShade#25558)/@0x2d330e2
11-21 22:41:05.341  5898  5898 D PassBlur: textureState not update, view com.android.systemui.shade.NotificationShadeWindowView{6242bb9 V.E...... ........ 0,0-1200,2670 #7f0a061b app:id/legacy_window_root} visible is true
11-21 22:41:05.342  5898  5898 W NPVCInjector: handleStretchState mBgBlurRadius=0 hidePanelPending=false
11-21 22:41:05.342  5898  5898 D NotificationPanelExpandController: expand height changed to 121.27637
11-21 22:41:05.342  5898  5898 D NPVCInjector: MNPVC touch: stretching=true collapsing=false mPanelStretching=true mPanelCollapsing=false mPanelOpening=true fullCollapsedOnDown=true fullExpOnDown=false mHidePanelPending=false
11-21 22:41:05.342  5898  5898 D View    : View setForceSDFT: false
11-21 22:41:05.342  5898  5898 D View    : View setForceSDFT: false
11-21 22:41:05.342  5898  5898 D View    : View setForceSDFT: false
11-21 22:41:05.342  5898  5898 D View    : View setForceSDFT: false
11-21 22:41:05.342  5898  5898 D View    : View setForceSDFT: false
11-21 22:41:05.342  5898  5898 D View    : View setForceSDFT: false
11-21 22:41:05.342  5898  5898 D View    : View setForceSDFT: true
11-21 22:41:05.342  5898  5898 D View    : View setForceSDFT: true
11-21 22:41:05.342  5898  5898 D View    : View setForceSDFT: true
11-21 22:41:05.342  5898  5898 D NotificationHeaderExpandController: onExpansionChanged: progress =  0.027507795
11-21 22:41:05.342  5898  5898 D View    : View setForceSDFT: true
11-21 22:41:05.342  5898  5898 D View    : View setForceSDFT: true
11-21 22:41:05.342  5898  5898 D View    : View setForceSDFT: true
11-21 22:41:05.343  5898  5898 D VRI[NotificationShade]: getMiuiFreeformStackInfo mTmpFrames.miuiFreeFormStackInfo: null
11-21 22:41:05.343  3869  4162 I WindowManager: wms.showSurfaceRobustly mWin:Window{38b2231 u0 NotificationShade} in Surface(name=NotificationShade#25558)/@0x2d330e2
11-21 22:41:05.343  2041  2041 E PassBlur: PassBlur.construct NotificationShade#25558
11-21 22:41:05.343  2041  2041 W libc    : Access denied finding property "vendor.gpp.create_frc_extension"
11-21 22:41:05.341  2041  2041 W surfaceflinger: type=1400 audit(0.0:94590): avc:  denied  { read } for  name="u:object_r:vendor_frc_prop:s0" dev="tmpfs" ino=522 scontext=u:r:surfaceflinger:s0 tcontext=u:object_r:vendor_frc_prop:s0 tclass=file permissive=0
11-21 22:41:05.343  2041  2579 I BpBinder: onLastStrongRef automatically unlinking death recipients: 
11-21 22:41:05.344  5898  6238 E ndroid.systemui: backgroundBlur makeBackgroundImage if(!mSnapshot && mSurfaceTex). will return
11-21 22:41:05.344  5898  6238 D ndroid.systemui: backgroundBlur drawBackgroundBlurImage (ShadeBackgroundView-3-0xb4000075761ca5e0) backImage is null, colorModes(C808080M28), mBounds(0.000000|0.000000|1200.000000|2670.000000)
11-21 22:41:05.344  3869  6800 W AppCompatLetterboxPolicy: start not layout letterbox Window{e953a30 u0 LauncherMinusOneScreen}
11-21 22:41:05.344  3869  6800 W AppCompatLetterboxPolicy: start not layout letterbox Window{5da1856 u0 LauncherOverlayWindow:com.mi.globalminusscreen}
11-21 22:41:05.344  5898  5898 D MiuiShortcut-ShortcutPluginImpl: onSystemUIAction, action: onGxzwIconShownChanged, isGxzwLowPosAndFingerApplyForKeyguard=false
11-21 22:41:05.344  3869  6800 D MiuiRefreshRatePolicy: reset
11-21 22:41:05.345  3869  6800 W AppCompatLetterboxPolicy: start not layout letterbox Window{e953a30 u0 LauncherMinusOneScreen}
11-21 22:41:05.345  3869  6545 D SystemServerTiming: getUserSwitchability-0
11-21 22:41:05.345  3869  6545 D SystemServerTiming: TM.isInCall
11-21 22:41:05.345  3869  6261 D ActivityManager: Logging startService for com.google.android.apps.messaging, stopped=false, firstLaunch=false, intent=Intent { xflg=0x4 cmp=com.google.android.apps.messaging/.shared.datamodel.action.execution.ActionExecutorImpl$EmptyService (has extras) }, r.app=ProcessRecord{825f798 3046:com.google.android.apps.messaging/u0a188}
11-21 22:41:05.345  3869  7196 D SystemServerTiming: getUserSwitchability-0
11-21 22:41:05.345  3869  7196 D SystemServerTiming: TM.isInCall
11-21 22:41:05.345  3869  7196 D SystemServerTiming: hasUserRestriction-DISALLOW_USER_SWITCH
11-21 22:41:05.345  3869  6545 D SystemServerTiming: hasUserRestriction-DISALLOW_USER_SWITCH
11-21 22:41:05.345  3869  6545 D SystemServerTiming: getInt-ALLOW_USER_SWITCHING_WHEN_SYSTEM_USER_LOCKED
11-21 22:41:05.345  3869  7196 D SystemServerTiming: getInt-ALLOW_USER_SWITCHING_WHEN_SYSTEM_USER_LOCKED
11-21 22:41:05.345  3869  6545 D SystemServerTiming: isUserUnlocked-USER_SYSTEM
11-21 22:41:05.345  3869  7196 D SystemServerTiming: isUserUnlocked-USER_SYSTEM
11-21 22:41:05.345  5898  5898 D BiometricsRepositoryImpl: currentUser authFlags changed, new value: AuthenticationFlags(userId=0, flag=0)
11-21 22:41:05.346  5898  5898 W NPVCInjector: handleStretchState mBgBlurRadius=0 hidePanelPending=false
11-21 22:41:05.346  5898  5898 D NotificationPanelExpandController: expand height changed to 160.63672
11-21 22:41:05.346  5898  5898 D NPVCInjector: MNPVC touch: stretching=true collapsing=false mPanelStretching=true mPanelCollapsing=false mPanelOpening=true fullCollapsedOnDown=true fullExpOnDown=false mHidePanelPending=false
11-21 22:41:05.346  3046  9327 I BugleDataModel: ActionExecutorImpl: ACTION_EXECUTE_QUEUED_CountryCodeDetectorAction
11-21 22:41:05.346  5898  5898 D View    : View setForceSDFT: false
11-21 22:41:05.346  5898  5898 D View    : View setForceSDFT: false
11-21 22:41:05.346  3046 15244 I BugleDataModel: ExecuteActionRunnable: running action CountryCodeDetectorAction
11-21 22:41:05.346  5898  5898 D View    : View setForceSDFT: false
11-21 22:41:05.346  5898  5898 D View    : View setForceSDFT: false
11-21 22:41:05.346  5898  5898 D View    : View setForceSDFT: false
11-21 22:41:05.346  5898  5898 D View    : View setForceSDFT: false
11-21 22:41:05.346  5898  5898 D View    : View setForceSDFT: true
11-21 22:41:05.346  3869  6800 W AppCompatLetterboxPolicy: start not layout letterbox Window{5da1856 u0 LauncherOverlayWindow:com.mi.globalminusscreen}
11-21 22:41:05.346  5898  5898 D View    : View setForceSDFT: true
11-21 22:41:05.346  5898  5898 D View    : View setForceSDFT: true
11-21 22:41:05.346  5898  5898 D NotificationHeaderExpandController: onExpansionChanged: progress =  0.065122366
11-21 22:41:05.347  5898  5898 D View    : View setForceSDFT: true
11-21 22:41:05.347  5898  5898 D View    : View setForceSDFT: true
11-21 22:41:05.347  5898  5898 D View    : View setForceSDFT: true
11-21 22:41:05.347  3869  6800 D MiuiRefreshRatePolicy: reset
11-21 22:41:05.347  5898  5898 D NotificationHeaderExpandController: onExpansionChanged: progress =  0.065122366
11-21 22:41:05.347  3869  6800 D WindowManager: wms.Input focus has changed to Window{38b2231 u0 NotificationShade} display=0 updateInputWindows = true
11-21 22:41:05.347  3869  6800 I MultiSenceManagerInternalStub: getInstance
11-21 22:41:05.347  3869  4159 D WmSystemUiDebug: on system bar attributes changed displayId=0 appearance= appearanceRegions=[AppearanceRegion{ bounds=[0,0][1200,2670]}] navbarColorManagedByIme=false behavior=2 requestedVisibleTypes=[statusBars navigationBars captionBar systemGestures mandatorySystemGestures tappableElement displayCutout windowDecor systemOverlays] packageName=com.android.systemui letterboxDetails=[]
11-21 22:41:05.348  5898  5898 D BiometricsRepositoryImpl: currentUser authFlags changed, new value: AuthenticationFlags(userId=0, flag=0)
11-21 22:41:05.348  5387  5387 D TouchInteractionService: onSystemUiFlagsChanged, mSystemUiStateFlags=50000004
11-21 22:41:05.348  5387  5387 D NavStubGestureListener: onSystemUiFlagsChanged, newFlag:1342177284
11-21 22:41:05.348  5387  5387 D NavStubView_Touch: onSystemUiFlagsChanged  mIsShowStatusBar    old= true   new=true
11-21 22:41:05.348  5387  5387 D NavStubView_Touch: onSystemUiFlagsChanged  mIsShowNavBar    old= true   new=true
11-21 22:41:05.348  5387  5387 D NavStubView_Touch: onSystemUiFlagsChanged  isImmersiveNew    old= false   new=false
11-21 22:41:05.348  5387  5387 D NavStubView_Touch: onSystemUiFlagsChanged, mDisableHomeRecents = false, disableHomeRecents = false, isHomeDisabled = false, isRecentDisabled = false
11-21 22:41:05.348  5898  6238 E ndroid.systemui: backgroundBlur makeBackgroundImage if(!mSnapshot && mSurfaceTex). will return
11-21 22:41:05.348  5898  6238 D ndroid.systemui: backgroundBlur drawBackgroundBlurImage (ShadeBackgroundView-3-0xb4000075761ca5e0) backImage is null, colorModes(C5808080M28), mBounds(0.000000|0.000000|1200.000000|2670.000000)
11-21 22:41:05.349  3869  4233 W ActivityManager: Unable to open /sys/fs/cgroup/apps/uid_10182/pid_17223/cgroup.procs
11-21 22:41:05.349  3869  4233 W ActivityManager: java.io.FileNotFoundException: /sys/fs/cgroup/apps/uid_10182/pid_17223/cgroup.procs: open failed: ENOENT (No such file or directory)
11-21 22:41:05.349  3869  4233 W ActivityManager: 	at libcore.io.IoBridge.open(IoBridge.java:574)
11-21 22:41:05.349  3869  4233 W ActivityManager: 	at java.io.FileInputStream.<init>(FileInputStream.java:179)
11-21 22:41:05.349  3869  4233 W ActivityManager: 	at java.io.FileInputStream.<init>(FileInputStream.java:133)
11-21 22:41:05.349  3869  4233 W ActivityManager: 	at com.android.server.am.PhantomProcessList$Injector.openCgroupProcs(PhantomProcessList.java:616)
11-21 22:41:05.349  3869  4233 W ActivityManager: 	at com.android.server.am.PhantomProcessList.lookForPhantomProcessesLocked(PhantomProcessList.java:150)
11-21 22:41:05.349  3869  4233 W ActivityManager: 	at com.android.server.am.PhantomProcessList.setProcessGroupForPhantomProcessOfApp(PhantomProcessList.java:545)
11-21 22:41:05.349  3869  4233 W ActivityManager: 	at com.android.server.am.OomAdjuster.lambda$new$0(OomAdjuster.java:586)
11-21 22:41:05.349  3869  4233 W ActivityManager: 	at com.android.server.am.OomAdjuster.$r8$lambda$uOb2fkEfiodlL-R7ljyXmiY1wCQ(Unknown Source:0)
11-21 22:41:05.349  3869  4233 W ActivityManager: 	at com.android.server.am.OomAdjuster$$ExternalSyntheticLambda0.handleMessage(D8$$SyntheticClass:0)
11-21 22:41:05.349  3869  4233 W ActivityManager: 	at android.os.Handler.dispatchMessage(Handler.java:106)
11-21 22:41:05.349  3869  4233 W ActivityManager: 	at android.os.Looper.loopOnce(Looper.java:265)
11-21 22:41:05.349  3869  4233 W ActivityManager: 	at android.os.Looper.loop(Looper.java:358)
11-21 22:41:05.349  3869  4233 W ActivityManager: 	at android.os.HandlerThread.run(HandlerThread.java:85)
11-21 22:41:05.349  3869  4233 W ActivityManager: 	at com.android.server.ServiceThread.run(ServiceThread.java:49)
11-21 22:41:05.349  3869  4233 W ActivityManager: Caused by: android.system.ErrnoException: open failed: ENOENT (No such file or directory)
11-21 22:41:05.349  3869  4233 W ActivityManager: 	at libcore.io.Linux.open(Native Method)
11-21 22:41:05.349  3869  4233 W ActivityManager: 	at libcore.io.ForwardingOs.open(ForwardingOs.java:568)
11-21 22:41:05.349  3869  4233 W ActivityManager: 	at libcore.io.BlockGuardOs.open(BlockGuardOs.java:274)
11-21 22:41:05.349  3869  4233 W ActivityManager: 	at libcore.io.IoBridge.open(IoBridge.java:560)
11-21 22:41:05.349  3869  4233 W ActivityManager: 	... 13 more
11-21 22:41:05.350  3046 15244 I BugleDataModel: ActionExecutorImpl: ACTION_BACKGROUND_QUEUED_CountryCodeDetectorAction
11-21 22:41:05.351  3046 13431 I Bugle   : CountryCodeDetector: updateSmsNetworkCountry from default subscription network country. detected country: tr
11-21 22:41:05.351  3046 13431 I BugleDataModel: ActionExecutorImpl: ACTION_RESPONSE_QUEUED_CountryCodeDetectorAction
11-21 22:41:05.352  3869  7194 D BatteryStatsManagerStub: notifyEvent for resId=256 used 0ms
11-21 22:41:05.352  3869  5149 I whetstone.activity: processNotifyEvent1 resId = 256, bundle = Bundle[{startTime=72919414, sourcePkg=com.google.android.apps.messaging, sourceUid=10188, status=0, jobId=102, batteryName=com.google.android.apps.messaging/.shared.datamodel.action.execution.ActionJobService, elapsedRealtime=72919414}]
11-21 22:41:05.352  3437  3671 I EventMonitor: notifyEvent resId=256
11-21 22:41:05.352  1872  1872 I vendor.qti.hardware.servicetrackeraidl-service: destroyService is called for service : com.google.android.apps.messaging/.shared.datamodel.action.execution.ActionExecutorImpl$EmptyService
11-21 22:41:05.352  1872  1872 I vendor.qti.hardware.servicetrackeraidl-service: unbindService is called for service : com.google.android.apps.messaging/.shared.datamodel.action.execution.ActionJobService and for client system
11-21 22:41:05.352  1872  1872 I vendor.qti.hardware.servicetrackeraidl-service: size of service connections for service: com.google.android.apps.messaging/.shared.datamodel.action.execution.ActionJobServiceafter removal is 0
11-21 22:41:05.352  1872  1872 I vendor.qti.hardware.servicetrackeraidl-service: size of client connections for client: systemafter removal is 35
11-21 22:41:05.353  1872  1872 I vendor.qti.hardware.servicetrackeraidl-service: destroyService is called for service : com.google.android.apps.messaging/.shared.datamodel.action.execution.ActionJobService
11-21 22:41:05.353  2041  3322 E surfaceflinger: Cannot find perfservice
11-21 22:41:05.354  5898  5898 W NPVCInjector: handleStretchState mBgBlurRadius=0 hidePanelPending=false
11-21 22:41:05.354  5898  5898 D NotificationPanelExpandController: expand height changed to 202.03711
11-21 22:41:05.354  5898  5898 D NotificationPanelExpandController: panelAppearance to true
11-21 22:41:05.354  5898  5898 D NotificationHeaderExpandController: onAppearanceChanged appearance: true  animate: true 
11-21 22:41:05.355  5898  5898 D NPVCInjector: MNPVC touch: stretching=true collapsing=false mPanelStretching=true mPanelCollapsing=false mPanelOpening=true fullCollapsedOnDown=true fullExpOnDown=false mHidePanelPending=false
11-21 22:41:05.355  5898  5898 D View    : View setForceSDFT: true
11-21 22:41:05.355  5898  5898 D View    : View setForceSDFT: true
11-21 22:41:05.355  5898  5898 D NotificationHeaderExpandController: onExpansionChanged: progress =  0.11753918
11-21 22:41:05.355  5898  5898 D View    : View setForceSDFT: true
11-21 22:41:05.355  5898  5898 D View    : View setForceSDFT: true
11-21 22:41:05.355  5898  5898 D View    : View setForceSDFT: true
11-21 22:41:05.355  5898  5898 D View    : View setForceSDFT: true
11-21 22:41:05.355  5898  5898 D NotificationHeaderExpandController: onExpansionChanged: progress =  0.11753918
11-21 22:41:05.356  5898  6242 W HWUI    : Image decoding logging dropped!
11-21 22:41:05.357  5898  6240 W HWUI    : Image decoding logging dropped!
11-21 22:41:05.357  5898  6238 D ndroid.systemui: backgroundBlur makeBackgroundImage (NotificationShadeWindowView-2-0xb4000075761bf810), blurRadius(36), blurType(-1), blurScaleRatio(0.008815)
11-21 22:41:05.361  3869  4161 D MiuiRefreshRatePolicy: reset
11-21 22:41:05.362  3869  6800 W AppCompatLetterboxPolicy: start not layout letterbox Window{e953a30 u0 LauncherMinusOneScreen}
11-21 22:41:05.362  3869  6800 W AppCompatLetterboxPolicy: start not layout letterbox Window{5da1856 u0 LauncherOverlayWindow:com.mi.globalminusscreen}
11-21 22:41:05.362  3869  6800 D MiuiRefreshRatePolicy: reset
11-21 22:41:05.362  5387  5387 D Launcher.Lifecycle: onWindowFocusChanged:false,UserHandle{0},328837a,true
11-21 22:41:05.362  5898  5898 W NPVCInjector: handleStretchState mBgBlurRadius=0 hidePanelPending=false
11-21 22:41:05.362  5898  5898 D NotificationPanelExpandController: expand height changed to 232.71484
11-21 22:41:05.363  5898  5898 D NPVCInjector: MNPVC touch: stretching=true collapsing=false mPanelStretching=true mPanelCollapsing=false mPanelOpening=true fullCollapsedOnDown=true fullExpOnDown=false mHidePanelPending=false
11-21 22:41:05.362 13433 19243 E msgr.msys: E[N mns]_OnDiskCacheGetData(632)=>Start post callback cache refresh DNS resolution
11-21 22:41:05.363  5898  5898 D View    : View setForceSDFT: false
11-21 22:41:05.363  5898  5898 D View    : View setForceSDFT: false
11-21 22:41:05.363  5898  5898 D View    : View setForceSDFT: false
11-21 22:41:05.363  5898  5898 D View    : View setForceSDFT: false
11-21 22:41:05.363  5898  5898 D View    : View setForceSDFT: false
11-21 22:41:05.363  5898  5898 D View    : View setForceSDFT: false
11-21 22:41:05.363 13433 19243 W LibevQuicAsyncUDPSocket.h: setTosOrTrafficClass not implemented in LibevQuicAsyncUDPSocket
11-21 22:41:05.363  5898  5898 D View    : View setForceSDFT: true
11-21 22:41:05.363  5898  5898 D View    : View setForceSDFT: true
11-21 22:41:05.363  5898  5898 D NotificationHeaderExpandController: onExpansionChanged: progress =  0.17807657
11-21 22:41:05.363  5898  5898 D View    : View setForceSDFT: true
11-21 22:41:05.363  5435   466 W HWUI    : Surface doesn't have any previously queued frames, nothing to readback from
11-21 22:41:05.363  5898  5898 D View    : View setForceSDFT: true
11-21 22:41:05.363  5898  5898 D View    : View setForceSDFT: true
11-21 22:41:05.363  5898  5898 D View    : View setForceSDFT: true
11-21 22:41:05.363  5898  5898 D NotificationHeaderExpandController: onExpansionChanged: progress =  0.17807657
11-21 22:41:05.364 13433 19243 E MvfstCallbacks.cpp: onConnectionSetupError: error=TransportError: Internal Error, Error on socket write Operation not permitted, 
11-21 22:41:05.364 13433 19243 E msgr.msys: E[N mns]_LogError(228)=>Failed to resolve using system DNS resolver, getaddrinfo(): No address associated with hostname
11-21 22:41:05.364  5387  5387 D EditorStubImpl: Type = 2, RectF = RectF(274.0, 1586.0, 396.0, 1708.0), mInsertionHandleData = [HandleData{mIsShow=false, mPosition=RectF(274.0, 1586.0, 396.0, 1708.0)}]
11-21 22:41:05.364 13433 19243 E msgr.msys: E[N mns]_OnDiskCacheGetData(632)=>Start post callback cache refresh DNS resolution
11-21 22:41:05.365 13433 19243 E msgr.msys: E[N mns]_LogError(228)=>Failed to resolve using system DNS resolver, getaddrinfo(): No address associated with hostname
11-21 22:41:05.371  5898  5898 W NPVCInjector: handleStretchState mBgBlurRadius=0 hidePanelPending=false
11-21 22:41:05.371  5898  5898 D NotificationPanelExpandController: expand height changed to 276.5078
11-21 22:41:05.371  5898  5898 D NPVCInjector: MNPVC touch: stretching=true collapsing=false mPanelStretching=true mPanelCollapsing=false mPanelOpening=true fullCollapsedOnDown=true fullExpOnDown=false mHidePanelPending=false
11-21 22:41:05.371  5898  5898 D View    : View setForceSDFT: false
11-21 22:41:05.371  5898  5898 D View    : View setForceSDFT: false
11-21 22:41:05.371  5898  5898 D View    : View setForceSDFT: false
11-21 22:41:05.371  5898  5898 D View    : View setForceSDFT: false
11-21 22:41:05.371  5898  5898 D View    : View setForceSDFT: false
11-21 22:41:05.371  5898  5898 D View    : View setForceSDFT: false
11-21 22:41:05.371  5898  5898 D View    : View setForceSDFT: true
11-21 22:41:05.371  5898  5898 D View    : View setForceSDFT: true
11-21 22:41:05.371  5898  5898 D NotificationHeaderExpandController: onExpansionChanged: progress =  0.24121489
11-21 22:41:05.371  5898  5898 D View    : View setForceSDFT: true
11-21 22:41:05.371  5898  5898 D View    : View setForceSDFT: true
11-21 22:41:05.371  5898  5898 D View    : View setForceSDFT: true
11-21 22:41:05.371  5898  5898 D View    : View setForceSDFT: true
11-21 22:41:05.372  5898  5898 D NotificationHeaderExpandController: onExpansionChanged: progress =  0.24121489
11-21 22:41:05.379  5898  5898 W NPVCInjector: handleStretchState mBgBlurRadius=0 hidePanelPending=false
11-21 22:41:05.379  5898  5898 D NotificationPanelExpandController: expand height changed to 327.54785
11-21 22:41:05.379  5898  5898 D NPVCInjector: MNPVC touch: stretching=true collapsing=false mPanelStretching=true mPanelCollapsing=false mPanelOpening=true fullCollapsedOnDown=true fullExpOnDown=false mHidePanelPending=false
11-21 22:41:05.380  5898  5898 D View    : View setForceSDFT: false
11-21 22:41:05.380  5898  5898 D View    : View setForceSDFT: false
11-21 22:41:05.380  5898  5898 D View    : View setForceSDFT: false
11-21 22:41:05.380  5898  5898 D View    : View setForceSDFT: false
11-21 22:41:05.380  5898  5898 D View    : View setForceSDFT: false
11-21 22:41:05.380  5898  5898 D View    : View setForceSDFT: false
11-21 22:41:05.380  5898  5898 D View    : View setForceSDFT: true
11-21 22:41:05.380  5898  5898 D View    : View setForceSDFT: true
11-21 22:41:05.380  5898  5898 D NotificationHeaderExpandController: onExpansionChanged: progress =  0.30358428
11-21 22:41:05.380  5898  5898 D View    : View setForceSDFT: true
11-21 22:41:05.380  5898  5898 D View    : View setForceSDFT: true
11-21 22:41:05.380  5898  5898 D View    : View setForceSDFT: true
11-21 22:41:05.380  5898  5898 D View    : View setForceSDFT: true
11-21 22:41:05.381  5898  5898 D NotificationHeaderExpandController: onExpansionChanged: progress =  0.30358428
11-21 22:41:05.381  5898  6238 D ndroid.systemui: backgroundBlur makeBackgroundImage (NotificationShadeWindowView-2-0xb4000075761bf810), blurRadius(94), blurType(-1), blurScaleRatio(0.022769)
11-21 22:41:05.387  5898  5898 W NPVCInjector: handleStretchState mBgBlurRadius=0 hidePanelPending=false
11-21 22:41:05.387  5898  5898 D NotificationPanelExpandController: expand height changed to 379.08496
11-21 22:41:05.387  5898  5898 D NPVCInjector: MNPVC touch: stretching=true collapsing=false mPanelStretching=true mPanelCollapsing=false mPanelOpening=true fullCollapsedOnDown=true fullExpOnDown=false mHidePanelPending=false
11-21 22:41:05.388  5898  5898 D View    : View setForceSDFT: false
11-21 22:41:05.388  5898  5898 D View    : View setForceSDFT: false
11-21 22:41:05.388  5898  5898 D View    : View setForceSDFT: false
11-21 22:41:05.388  5898  5898 D View    : View setForceSDFT: false
11-21 22:41:05.388  5898  5898 D View    : View setForceSDFT: false
11-21 22:41:05.388  5898  5898 D View    : View setForceSDFT: false
11-21 22:41:05.388  5898  5898 D View    : View setForceSDFT: true
11-21 22:41:05.388  5898  5898 D View    : View setForceSDFT: true
11-21 22:41:05.388  5898  5898 D NotificationHeaderExpandController: onExpansionChanged: progress =  0.36343044
11-21 22:41:05.388  5898  5898 D View    : View setForceSDFT: true
11-21 22:41:05.388  5898  5898 D View    : View setForceSDFT: true
11-21 22:41:05.388  5898  5898 D View    : View setForceSDFT: true
11-21 22:41:05.388  5898  5898 D View    : View setForceSDFT: true
11-21 22:41:05.388  5898  5898 D NotificationHeaderExpandController: onExpansionChanged: progress =  0.36343044
11-21 22:41:05.391  2679  4958 I libsensor-boledalgo: dbv:324,lux:93.9,cct:5390.7,hsv:-1.0,CWB R:38121.3,G:39262.5,B:37634.5Event C:4845.5,R:2389.6,G:1781.6,B:788.0Cali C:1928.9,R:996.6,G:723.7,B:325.6 
11-21 22:41:05.396  5898  5898 W NPVCInjector: handleStretchState mBgBlurRadius=0 hidePanelPending=false
11-21 22:41:05.396  5898  5898 D NotificationPanelExpandController: expand height changed to 437.77246
11-21 22:41:05.396  5898  5898 D NPVCInjector: MNPVC touch: stretching=true collapsing=false mPanelStretching=true mPanelCollapsing=false mPanelOpening=true fullCollapsedOnDown=true fullExpOnDown=false mHidePanelPending=false
11-21 22:41:05.396  5898  5898 D View    : View setForceSDFT: false
11-21 22:41:05.396  5898  5898 D View    : View setForceSDFT: false
11-21 22:41:05.396  5898  5898 D View    : View setForceSDFT: false
11-21 22:41:05.396  5898  5898 D View    : View setForceSDFT: false
11-21 22:41:05.396  5898  5898 D View    : View setForceSDFT: false
11-21 22:41:05.396  5898  5898 D View    : View setForceSDFT: false
11-21 22:41:05.396  5898  5898 D View    : View setForceSDFT: true
11-21 22:41:05.396  5898  5898 D View    : View setForceSDFT: true
11-21 22:41:05.396  5898  5898 D NotificationHeaderExpandController: onExpansionChanged: progress =  0.4197699
11-21 22:41:05.396  5898  5898 D View    : View setForceSDFT: true
11-21 22:41:05.396  5898  5898 D View    : View setForceSDFT: true
11-21 22:41:05.396  5898  5898 D View    : View setForceSDFT: true
11-21 22:41:05.396  5898  5898 D View    : View setForceSDFT: true
11-21 22:41:05.397  5898  5898 D NotificationHeaderExpandController: onExpansionChanged: progress =  0.4197699
11-21 22:41:05.397  5898  6238 D ndroid.systemui: backgroundBlur makeBackgroundImage (NotificationShadeWindowView-2-0xb4000075761bf810), blurRadius(130), blurType(-1), blurScaleRatio(0.031483)
11-21 22:41:05.404  5898  5898 W NPVCInjector: handleStretchState mBgBlurRadius=0 hidePanelPending=false
11-21 22:41:05.404  5898  5898 D NotificationPanelExpandController: expand height changed to 503.60547
11-21 22:41:05.404  5898  5898 D NPVCInjector: MNPVC touch: stretching=true collapsing=false mPanelStretching=true mPanelCollapsing=false mPanelOpening=true fullCollapsedOnDown=true fullExpOnDown=false mHidePanelPending=false
11-21 22:41:05.404  5898  5898 D View    : View setForceSDFT: false
11-21 22:41:05.404  5898  5898 D View    : View setForceSDFT: false
11-21 22:41:05.404  5898  5898 D View    : View setForceSDFT: false
11-21 22:41:05.404  5898  5898 D View    : View setForceSDFT: false
11-21 22:41:05.404  5898  5898 D View    : View setForceSDFT: false
11-21 22:41:05.404  5898  5898 D View    : View setForceSDFT: false
11-21 22:41:05.404  5898  5898 D View    : View setForceSDFT: true
11-21 22:41:05.404  5898  5898 D View    : View setForceSDFT: true
11-21 22:41:05.404  5898  5898 D NotificationHeaderExpandController: onExpansionChanged: progress =  0.47215563
11-21 22:41:05.405  5898  5898 D View    : View setForceSDFT: true
11-21 22:41:05.405  5898  5898 D View    : View setForceSDFT: true
11-21 22:41:05.405  5898  5898 D View    : View setForceSDFT: true
11-21 22:41:05.405  5898  5898 D View    : View setForceSDFT: true
11-21 22:41:05.405  5898  5898 D NotificationHeaderExpandController: onExpansionChanged: progress =  0.47215563
11-21 22:41:05.412  5898  5898 W NPVCInjector: handleStretchState mBgBlurRadius=0 hidePanelPending=false
11-21 22:41:05.412  5898  5898 D NotificationPanelExpandController: expand height changed to 578.3369
11-21 22:41:05.412  5898  5898 D NPVCInjector: MNPVC touch: stretching=true collapsing=false mPanelStretching=true mPanelCollapsing=false mPanelOpening=true fullCollapsedOnDown=true fullExpOnDown=false mHidePanelPending=false
11-21 22:41:05.413  5898  5898 D View    : View setForceSDFT: false
11-21 22:41:05.413  5898  5898 D View    : View setForceSDFT: false
11-21 22:41:05.413  5898  5898 D View    : View setForceSDFT: false
11-21 22:41:05.413  5898  5898 D View    : View setForceSDFT: false
11-21 22:41:05.413  5898  5898 D View    : View setForceSDFT: false
11-21 22:41:05.413  5898  5898 D View    : View setForceSDFT: false
11-21 22:41:05.413  5898  5898 D View    : View setForceSDFT: true
11-21 22:41:05.413  5898  5898 D View    : View setForceSDFT: true
11-21 22:41:05.413  5898  5898 D NotificationHeaderExpandController: onExpansionChanged: progress =  0.5204653
11-21 22:41:05.413  5898  5898 D View    : View setForceSDFT: true
11-21 22:41:05.413  5898  5898 D View    : View setForceSDFT: true
11-21 22:41:05.413  5898  5898 D View    : View setForceSDFT: true
11-21 22:41:05.413  5898  5898 D View    : View setForceSDFT: true
11-21 22:41:05.414  5898  6238 D ndroid.systemui: backgroundBlur makeBackgroundImage (NotificationShadeWindowView-2-0xb4000075761bf810), blurRadius(161), blurType(-1), blurScaleRatio(0.039035)
11-21 22:41:05.416  1915  2027 I [THP0]  : HAL_I: hal_finger_event_report: release all
11-21 22:41:05.416  2041  3318 D MI-SF	 : TouchMonitorThread: BTN_TOUCH: 0x0
11-21 22:41:05.416  3869  4773 I MIUIInput: [MotionEvent] notifyMotion - eventTime=71064445745000, deviceId=3, source=0x1002, policyFlags=0x0, action=0x1, flags=0x0, downTime=71064313064000
11-21 22:41:05.416  3869  4772 I MIUIInput: [MotionEvent] publisher action=0x1, deviceId=3, 71064445, channel '822e669 StatusBar'
11-21 22:41:05.416  3869  4772 I MIUIInput: [MotionEvent] publisher action=0x1, deviceId=3, 71064445, channel '[Gesture Monitor] WMShell'
11-21 22:41:05.416  3869  4772 I MIUIInput: [MotionEvent] publisher action=0x1, deviceId=3, 71064445, channel '[Gesture Monitor] miui-gesture'
11-21 22:41:05.416  5898  5898 I MIUIInput: [MotionEvent] ViewRootImpl windowName 'StatusBar', { action=ACTION_UP, id[0]=0, pointerCount=1, eventTime=71064445, downTime=71064313, phoneEventTime=22:41:05.416 } moveCount:11
11-21 22:41:05.416  5898  5898 D NPVCInjector: MNPVC touch: 1 mPanelIntercepting=true mPanelStretching=true mPanelCollapsing=false mPanelOpening=true fullCollapsedOnDown=true fullExpOnDown=false mHidePanelPending=false
11-21 22:41:05.416  5898  5898 D NotificationPanelExpandController: expand height changed to 200.0
11-21 22:41:05.416  5898  5898 D NPVCInjector: flingSpring mSpringLength=0.0, expand=true, vel=0.0
11-21 22:41:05.416  3869  4159 I ATMSImpl: cacheTasksForDefaultDisplay size=4
11-21 22:41:05.416  5898  5898 D MiuiShortcut-ShortcutPluginImpl: onSystemUIAction, action: onBottomAreaAlphaChange, newConfig=1.0
11-21 22:41:05.417  3869  4159 D DPSImpl : boost for touch up begin
11-21 22:41:05.417  3869  4159 I ATMSImpl: cacheTasksForDefaultDisplay size=4
11-21 22:41:05.418  3869  4159 I DPSImpl : boost for touch up, package:com.miui.home
11-21 22:41:05.418  3869  4159 I ATMSImpl: cacheTasksForDefaultDisplay size=4
11-21 22:41:05.418  3869  4159 I ATMSImpl: cacheTasksForDefaultDisplay size=4
11-21 22:41:05.421  5898  5898 D View    : View setForceSDFT: false
11-21 22:41:05.421  5898  5898 D View    : View setForceSDFT: false
11-21 22:41:05.421  5898  5898 D View    : View setForceSDFT: false
11-21 22:41:05.421  5898  5898 D View    : View setForceSDFT: false
11-21 22:41:05.421  5898  5898 D View    : View setForceSDFT: false
11-21 22:41:05.421  5898  5898 D View    : View setForceSDFT: false
11-21 22:41:05.421  5898  5898 D View    : View setForceSDFT: true
11-21 22:41:05.421  5898  5898 D View    : View setForceSDFT: true
11-21 22:41:05.421  5898  5898 D NotificationHeaderExpandController: onExpansionChanged: progress =  0.56476814
11-21 22:41:05.421  5898  5898 D View    : View setForceSDFT: true
11-21 22:41:05.421  5898  5898 D View    : View setForceSDFT: true
11-21 22:41:05.421  5898  5898 D View    : View setForceSDFT: true
11-21 22:41:05.421  5898  5898 D View    : View setForceSDFT: true
11-21 22:41:05.429  5898  5898 D NotificationHeaderExpandController: onExpansionChanged: progress =  0.60712403
11-21 22:41:05.430  5898  6238 D ndroid.systemui: backgroundBlur makeBackgroundImage (NotificationShadeWindowView-2-0xb4000075761bf810), blurRadius(188), blurType(-1), blurScaleRatio(0.045534)
11-21 22:41:05.437  5898  5898 D NotificationHeaderExpandController: onExpansionChanged: progress =  0.6471652
11-21 22:41:05.446  5898  5898 D NotificationHeaderExpandController: onExpansionChanged: progress =  0.6846556
11-21 22:41:05.446  5898  6238 D ndroid.systemui: backgroundBlur makeBackgroundImage (NotificationShadeWindowView-2-0xb4000075761bf810), blurRadius(212), blurType(-1), blurScaleRatio(0.051349)
11-21 22:41:05.454  5898  5898 D NotificationHeaderExpandController: onExpansionChanged: progress =  0.7194646
11-21 22:41:05.462  5898  5898 D NotificationHeaderExpandController: onExpansionChanged: progress =  0.7515448
11-21 22:41:05.463  5898  6238 D ndroid.systemui: backgroundBlur makeBackgroundImage (NotificationShadeWindowView-2-0xb4000075761bf810), blurRadius(233), blurType(-1), blurScaleRatio(0.056366)
11-21 22:41:05.471  5898  5898 D NotificationHeaderExpandController: onExpansionChanged: progress =  0.7809132
11-21 22:41:05.479  5898  5898 D NotificationHeaderExpandController: onExpansionChanged: progress =  0.80763566
11-21 22:41:05.479  5898  6238 D ndroid.systemui: backgroundBlur makeBackgroundImage (NotificationShadeWindowView-2-0xb4000075761bf810), blurRadius(251), blurType(-1), blurScaleRatio(0.060573)
11-21 22:41:05.484  1863  3263 I vendor.qti.hardware.display.composer-service: Sensor: notify citsensorservice to trigger cwb, misForced = 0
11-21 22:41:05.485  1863  1863 I SDM     : CWB config passed by cwb_client : tappoint 1  CWB_ROI : (480.000000 159.000000 721.000000 400.000000) for display-0
11-21 22:41:05.485  1862  2571 I SnapAlloc: Using graphics libs for alignment calculations
11-21 22:41:05.487  5898  5898 D NotificationHeaderExpandController: onExpansionChanged: progress =  0.83181435
11-21 22:41:05.488  5898  5898 W FrameTracker: Missed App frame:JANK_APPLICATION, 46964013, 19820170, CUJ=J<NOTIFICATION_SHADE_EXPAND_COLLAPSE::Expand>
11-21 22:41:05.496  5898  5898 D NotificationHeaderExpandController: onExpansionChanged: progress =  0.8535768
11-21 22:41:05.496  5898  6238 D ndroid.systemui: backgroundBlur makeBackgroundImage (NotificationShadeWindowView-2-0xb4000075761bf810), blurRadius(265), blurType(-1), blurScaleRatio(0.064018)
11-21 22:41:05.501  1863  2473 I SDM     : HWDeviceDRM::SetupConcurrentWriteback: Tear down the Concurrent Writeback topology
11-21 22:41:05.504  5898  5898 D NotificationHeaderExpandController: onExpansionChanged: progress =  0.87306756
11-21 22:41:05.508  1863  5144 I SDM     : NotifyCWBStatus: Notify the client about buffer (0x18c3b6e0) status 0 for display-0.
11-21 22:41:05.508  1863  5144 I SDM     : SDMConcurrentWriteBack::ProcessCWBStatus: CWB queue is empty. Display: 0
11-21 22:41:05.512  5898  5898 D NotificationHeaderExpandController: onExpansionChanged: progress =  0.8904418
11-21 22:41:05.513  5898  6238 D ndroid.systemui: backgroundBlur makeBackgroundImage (NotificationShadeWindowView-2-0xb4000075761bf810), blurRadius(276), blurType(-1), blurScaleRatio(0.066783)
11-21 22:41:05.520  5898  5898 D NotificationHeaderExpandController: onExpansionChanged: progress =  0.9058593
11-21 22:41:05.529  5898  5898 D NotificationHeaderExpandController: onExpansionChanged: progress =  0.9194804
