11-21 22:40:37.286  1863  2473 I SDM     : DisplayBase::CommitThread: Received Idle Timeout, panel: cmd, timeout: 70000 us
11-21 22:40:37.299  5898  5898 D ArtChoreographerMonitor: invoke error.
11-21 22:40:37.312  1863  5144 I SDM     : NotifyCWBStatus: Notify the client about buffer (0x18c35d80) status 0 for display-0.
11-21 22:40:37.313  1863  5144 I SDM     : SDMConcurrentWriteBack::ProcessCWBStatus: CWB queue is empty. Display: 0
11-21 22:40:37.361  1863  2473 I SDM     : DisplayBase::CommitThread: Received Idle Timeout, panel: cmd, timeout: 69999 us
11-21 22:40:37.367   728 11913 D JavaheapMonitor: Java heap used=14M max=512M, proc: com.google.android.googlequicksearchbox:interactor
11-21 22:40:37.367   728 11913 V JavaheapMonitor: Check java heap usage finished! Next check delay: 300000
11-21 22:40:37.428  5840  6656 E PhoneAdapter: get ntnphones failed, exception: java.lang.IllegalStateException: Default phones haven't been made yet!
11-21 22:40:37.431  3869  3869 E AmlWifiScoreReportInjector: current network is in roaming environment
11-21 22:40:37.630  4909 11887 D JavaheapMonitor: Java heap used=9M max=256M, proc: com.google.android.adservices.api
11-21 22:40:37.630  4909 11887 V JavaheapMonitor: Check java heap usage finished! Next check delay: 300000
11-21 22:40:37.718  3869  6318 I NetworkAccelerateSwitchService: EVENT_RSSI_POLL. mRssiPoll=true
11-21 22:40:37.718  3869  6318 I NetworkAccelerateSwitchService: checkWifiRssiAndLinkSpeed mWifiFastFade:false mWifiFastFadeAdjustThreshold:false
11-21 22:40:37.718  3869  6318 I NetworkAccelerateSwitchService: getAverageWifiRssi:58
11-21 22:40:37.719  3869  6318 D NetworkAccelerateSwitchService: checkIntervalModeChange mMovementState:false mIntervalMode:0 mIsBadLinkLayerQoE:false mBadLinkLayerQoETimes = 0
11-21 22:40:37.744  5840  6596 E PhoneAdapter: get ntnphones failed, exception: java.lang.IllegalStateException: Default phones haven't been made yet!
11-21 22:40:37.747 22199 22480 D AudioManager: getMode: mode=0, callApp=com.vodafone.selfservis
11-21 22:40:37.938  2644 11895 D JavaheapMonitor: Java heap used=12M max=256M, proc: com.xiaomi.xmsf
11-21 22:40:37.938  2644 11895 V JavaheapMonitor: Check java heap usage finished! Next check delay: 300000
11-21 22:40:37.996  2679  4958 I libsensor-boledalgo: dbv:324,lux:95.8,cct:5567.9,hsv:-1.0,CWB R:38121.3,G:39262.5,B:37634.5Event C:4840.0,R:2350.4,G:1811.2,B:796.8Cali C:1928.9,R:996.6,G:723.7,B:325.6 
11-21 22:40:37.996  2679  4958 I libsensor-boledalgo: dbv:324,lux:95.8,cct:5623.0,hsv:-1.0,CWB R:38121.3,G:39262.5,B:37634.5Event C:4875.3,R:2370.7,G:1809.7,B:805.5Cali C:1928.9,R:996.6,G:723.7,B:325.6 
11-21 22:40:37.997  2679  4958 I libsensor-boledalgo: dbv:324,lux:97.1,cct:5496.6,hsv:-1.0,CWB R:38121.3,G:39262.5,B:37634.5Event C:4878.1,R:2374.3,G:1821.9,B:798.7Cali C:1928.9,R:996.6,G:723.7,B:325.6 
11-21 22:40:38.021  3869  5804 D SLM-SRV-SLAService: checktemp temperature = 35100 temperature_average = 35409 isPerformanceMode = false thermal_enable_slm = true
11-21 22:40:38.134  3161 11382 D JavaheapMonitor: Java heap used=7M max=256M, proc: com.miui.analytics
11-21 22:40:38.135  3161 11382 V JavaheapMonitor: Check java heap usage finished! Next check delay: 300000
11-21 22:40:38.208  2679  4958 I libsensor-boledalgo: dbv:324,lux:94.7,cct:5602.7,hsv:-1.0,CWB R:38121.3,G:39262.5,B:37634.5Event C:4837.4,R:2357.5,G:1799.1,B:798.7Cali C:1928.9,R:996.6,G:723.7,B:325.6 
11-21 22:40:38.336  3437  4318 D powerkeeper.dfsobserve: board ready to handle temperature change
11-21 22:40:38.420  2679  4958 I libsensor-boledalgo: dbv:324,lux:98.2,cct:5406.2,hsv:-1.0,CWB R:38121.3,G:39262.5,B:37634.5Event C:4901.7,R:2388.3,G:1829.3,B:796.6Cali C:1928.9,R:996.6,G:723.7,B:325.6 
11-21 22:40:38.420  2679  4958 I libsensor-boledalgo: dbv:324,lux:95.8,cct:5540.3,hsv:-1.0,CWB R:38121.3,G:39262.5,B:37634.5Event C:4857.2,R:2361.8,G:1806.0,B:797.4Cali C:1928.9,R:996.6,G:723.7,B:325.6 
11-21 22:40:38.422  2679  4958 I libsensor-boledalgo: dbv:324,lux:93.7,cct:5483.2,hsv:-1.0,CWB R:38121.3,G:39262.5,B:37634.5Event C:4795.6,R:2334.2,G:1775.8,B:783.6Cali C:1928.9,R:996.6,G:723.7,B:325.6 
11-21 22:40:38.422  2679  4958 I libsensor-boledalgo: dbv:324,lux:94.1,cct:5568.6,hsv:-1.0,CWB R:38121.3,G:39262.5,B:37634.5Event C:4804.2,R:2335.0,G:1788.8,B:790.6Cali C:1928.9,R:996.6,G:723.7,B:325.6 
11-21 22:40:38.423  2679  4958 I libsensor-boledalgo: dbv:324,lux:96.7,cct:5450.6,hsv:-1.0,CWB R:38121.3,G:39262.5,B:37634.5Event C:4874.5,R:2358.2,G:1798.5,B:792.4Cali C:1928.9,R:996.6,G:723.7,B:325.6 
11-21 22:40:38.423  2679  4958 I libsensor-boledalgo: dbv:324,lux:98.3,cct:5748.4,hsv:-1.0,CWB R:38121.3,G:39262.5,B:37634.5Event C:4979.3,R:2425.2,G:1848.2,B:831.1Cali C:1928.9,R:996.6,G:723.7,B:325.6 
11-21 22:40:38.633  2679  4958 I libsensor-boledalgo: dbv:324,lux:94.0,cct:5557.8,hsv:-1.0,CWB R:38121.3,G:39262.5,B:37634.5Event C:4799.9,R:2334.5,G:1786.5,B:789.4Cali C:1928.9,R:996.6,G:723.7,B:325.6 
11-21 22:40:38.633  2679  4958 I libsensor-boledalgo: dbv:324,lux:96.3,cct:5504.8,hsv:-1.0,CWB R:38121.3,G:39262.5,B:37634.5Event C:4875.3,R:2370.7,G:1806.0,B:797.7Cali C:1928.9,R:996.6,G:723.7,B:325.6 
11-21 22:40:38.634  2679  4958 I libsensor-boledalgo: dbv:324,lux:94.8,cct:5629.0,hsv:-1.0,CWB R:38121.3,G:39262.5,B:37634.5Event C:4845.1,R:2360.8,G:1803.0,B:801.6Cali C:1928.9,R:996.6,G:723.7,B:325.6 
11-21 22:40:38.634  2679  4958 I libsensor-boledalgo: dbv:324,lux:96.2,cct:5485.9,hsv:-1.0,CWB R:38121.3,G:39262.5,B:37634.5Event C:4865.3,R:2368.8,G:1807.3,B:795.4Cali C:1928.9,R:996.6,G:723.7,B:325.6 
11-21 22:40:38.634  2679  4958 I libsensor-boledalgo: dbv:324,lux:95.6,cct:5546.0,hsv:-1.0,CWB R:38121.3,G:39262.5,B:37634.5Event C:4859.8,R:2367.8,G:1804.6,B:798.6Cali C:1928.9,R:996.6,G:723.7,B:325.6 
11-21 22:40:38.635  2679  4958 I libsensor-boledalgo: dbv:324,lux:94.1,cct:5655.5,hsv:-1.0,CWB R:38121.3,G:39262.5,B:37634.5Event C:4814.3,R:2340.5,G:1793.7,B:797.8Cali C:1928.9,R:996.6,G:723.7,B:325.6 
11-21 22:40:38.635  2679  4958 I libsensor-boledalgo: dbv:324,lux:95.3,cct:5549.7,hsv:-1.0,CWB R:38121.3,G:39262.5,B:37634.5Event C:4857.2,R:2361.5,G:1796.4,B:797.4Cali C:1928.9,R:996.6,G:723.7,B:325.6 
11-21 22:40:38.636  2679  4958 I libsensor-boledalgo: dbv:324,lux:95.3,cct:5498.9,hsv:-1.0,CWB R:38121.3,G:39262.5,B:37634.5Event C:4828.8,R:2343.8,G:1794.5,B:789.7Cali C:1928.9,R:996.6,G:723.7,B:325.6 
11-21 22:40:38.653 13433 19243 E msgr.msys: E[N mns]_OnDiskCacheGetData(632)=>Start post callback cache refresh DNS resolution
11-21 22:40:38.653 13433 19243 W LibevQuicAsyncUDPSocket.h: setTosOrTrafficClass not implemented in LibevQuicAsyncUDPSocket
11-21 22:40:38.658 13433 19243 E MvfstCallbacks.cpp: onConnectionSetupError: error=TransportError: Internal Error, Error on socket write Operation not permitted, 
11-21 22:40:38.659 13433 19243 E msgr.msys: E[N mns]_LogError(228)=>Failed to resolve using system DNS resolver, getaddrinfo(): No address associated with hostname
11-21 22:40:38.659 13433 19243 E msgr.msys: E[N mns]_OnDiskCacheGetData(632)=>Start post callback cache refresh DNS resolution
11-21 22:40:38.661 13433 19243 E msgr.msys: E[N mns]_LogError(228)=>Failed to resolve using system DNS resolver, getaddrinfo(): No address associated with hostname
11-21 22:40:38.671  1863  3263 I vendor.qti.hardware.display.composer-service: Sensor: notify citsensorservice to trigger cwb, misForced = 0
11-21 22:40:38.672  1863  1863 I SDM     : CWB config passed by cwb_client : tappoint 1  CWB_ROI : (480.000000 159.000000 721.000000 400.000000) for display-0
11-21 22:40:38.684  1863  3261 I SDM     : DemuraTnCaptureIntfImpl::ProcessCapturePanelData: Screen capture status = 0
11-21 22:40:38.738  7522  7541 D QLM-Service: check_headroom_zone: Timer EVT, Temp: 37047
11-21 22:40:38.742  1863  2473 I SDM     : DisplayBase::CommitThread: Received Idle Timeout, panel: cmd, timeout: 70000 us
11-21 22:40:38.759  1863  5144 I SDM     : NotifyCWBStatus: Notify the client about buffer (0x18c374e0) status 0 for display-0.
11-21 22:40:38.757  3845 11649 D JavaheapMonitor: Java heap used=13M max=256M, proc: com.miui.securitycenter.remote
11-21 22:40:38.760  3845 11649 V JavaheapMonitor: Check java heap usage finished! Next check delay: 300000
11-21 22:40:38.760  1863  5144 I SDM     : SDMConcurrentWriteBack::ProcessCWBStatus: CWB queue is empty. Display: 0
11-21 22:40:38.815  1863  2473 I SDM     : DisplayBase::CommitThread: Received Idle Timeout, panel: cmd, timeout: 69999 us
11-21 22:40:39.032 11263 11543 D JavaheapMonitor: Java heap used=44M max=256M, proc: com.android.vending
11-21 22:40:39.032 11263 11543 V JavaheapMonitor: Check java heap usage finished! Next check delay: 300000
11-21 22:40:39.403  5808  8956 D JavaheapMonitor: Java heap used=9M max=256M, proc: vendor.qti.frameworks.utils
11-21 22:40:39.403  5808  8956 V JavaheapMonitor: Check java heap usage finished! Next check delay: 300000
11-21 22:40:39.433  3869  5119 D PolicyMaker: isBrightWhite uid =10188
11-21 22:40:39.483  2679  4958 I libsensor-boledalgo: dbv:324,lux:95.4,cct:5564.8,hsv:-1.0,CWB R:38121.3,G:39262.5,B:37634.5Event C:4853.7,R:2358.0,G:1799.9,B:797.9Cali C:1928.9,R:996.6,G:723.7,B:325.6 
11-21 22:40:39.483  2679  4958 I libsensor-boledalgo: dbv:324,lux:94.7,cct:5488.1,hsv:-1.0,CWB R:38121.3,G:39262.5,B:37634.5Event C:4825.7,R:2350.0,G:1789.8,B:789.0Cali C:1928.9,R:996.6,G:723.7,B:325.6 
11-21 22:40:39.484  2679  4958 I libsensor-boledalgo: dbv:324,lux:95.6,cct:5591.4,hsv:-1.0,CWB R:38121.3,G:39262.5,B:37634.5Event C:4857.7,R:2352.3,G:1799.6,B:799.5Cali C:1928.9,R:996.6,G:723.7,B:325.6 
11-21 22:40:39.546  3869  5956 W ActivityManagerServiceImpl: Sending non-protected broadcast com.modemenhance.ACTION_MODEMWIFI_RSSI_POLL from system 5840:com.android.phone/1001 pkg com.android.phone. Callers=
11-21 22:40:39.548  3869  4188 D BroadcastQueue: Logging broadcast for com.android.phone, stopped=false, firstLaunch=false
11-21 22:40:39.549  5840  5840 D AmlSlaveWifiManager: getWifiSlaveConnectionInfo
11-21 22:40:39.620   680   818 D JavaheapMonitor: Java heap used=6M max=256M, proc: com.google.android.as
11-21 22:40:39.620   680   818 V JavaheapMonitor: Check java heap usage finished! Next check delay: 300000
11-21 22:40:39.694  2679  4958 I libsensor-boledalgo: dbv:324,lux:96.1,cct:5515.1,hsv:-1.0,CWB R:38121.3,G:39262.5,B:37634.5Event C:4857.7,R:2358.3,G:1804.5,B:795.4Cali C:1928.9,R:996.6,G:723.7,B:325.6 
11-21 22:40:39.697  2679  4958 I libsensor-boledalgo: dbv:324,lux:96.1,cct:5674.7,hsv:-1.0,CWB R:38121.3,G:39262.5,B:37634.5Event C:4874.4,R:2363.0,G:1816.1,B:808.4Cali C:1928.9,R:996.6,G:723.7,B:325.6 
11-21 22:40:39.697  2679  4958 I libsensor-boledalgo: dbv:324,lux:96.5,cct:5589.9,hsv:-1.0,CWB R:38121.3,G:39262.5,B:37634.5Event C:4878.1,R:2367.5,G:1815.7,B:803.7Cali C:1928.9,R:996.6,G:723.7,B:325.6 
11-21 22:40:39.698  2679  4958 I libsensor-boledalgo: dbv:324,lux:95.7,cct:5516.2,hsv:-1.0,CWB R:38121.3,G:39262.5,B:37634.5Event C:4839.8,R:2339.3,G:1793.5,B:791.3Cali C:1928.9,R:996.6,G:723.7,B:325.6 
11-21 22:40:39.699  2679  4958 I libsensor-boledalgo: dbv:324,lux:94.4,cct:5666.7,hsv:-1.0,CWB R:38121.3,G:39262.5,B:37634.5Event C:4826.5,R:2346.7,G:1797.9,B:800.5Cali C:1928.9,R:996.6,G:723.7,B:325.6 
11-21 22:40:39.723  1845  2034 E WifiHAL : wifi_get_cached_scan_results: Wifi Cached Scan Result not supported by driver
11-21 22:40:39.723  3869  4946 E WifiStaIfaceAidlImpl: getCachedScanData failed with service-specific exception: android.os.ServiceSpecificException:  (code 4)
11-21 22:40:39.751  5840  6656 E PhoneAdapter: get ntnphones failed, exception: java.lang.IllegalStateException: Default phones haven't been made yet!
11-21 22:40:39.756 22199 22480 D AudioManager: getMode: mode=0, callApp=com.vodafone.selfservis
11-21 22:40:39.789  7402  8244 I ScanManager: msg.what = MSG_CHECK_SCAN_STATUS, msg.arg1 = CHECK_BACKGROUND_TIMEOUT
11-21 22:40:39.907  2679  4958 I libsensor-boledalgo: dbv:324,lux:94.8,cct:5587.6,hsv:-1.0,CWB R:38121.3,G:39262.5,B:37634.5Event C:4847.3,R:2361.8,G:1796.6,B:798.9Cali C:1928.9,R:996.6,G:723.7,B:325.6 
11-21 22:40:39.908  2679  4958 I libsensor-boledalgo: dbv:324,lux:94.6,cct:5516.9,hsv:-1.0,CWB R:38121.3,G:39262.5,B:37634.5Event C:4818.5,R:2335.3,G:1782.6,B:788.4Cali C:1928.9,R:996.6,G:723.7,B:325.6 
11-21 22:40:39.908  2679  4958 I libsensor-boledalgo: dbv:324,lux:94.3,cct:5579.8,hsv:-1.0,CWB R:38121.3,G:39262.5,B:37634.5Event C:4816.5,R:2340.7,G:1790.5,B:793.1Cali C:1928.9,R:996.6,G:723.7,B:325.6 
11-21 22:40:39.909  2679  4958 I libsensor-boledalgo: dbv:324,lux:95.2,cct:5424.2,hsv:-1.0,CWB R:38121.3,G:39262.5,B:37634.5Event C:4841.1,R:2360.2,G:1791.0,B:787.3Cali C:1928.9,R:996.6,G:723.7,B:325.6 
11-21 22:40:39.910  2679  4958 I libsensor-boledalgo: dbv:324,lux:93.5,cct:5487.4,hsv:-1.0,CWB R:38121.3,G:39262.5,B:37634.5Event C:4829.2,R:2366.6,G:1777.4,B:790.2Cali C:1928.9,R:996.6,G:723.7,B:325.6 
11-21 22:40:39.911  2679  4958 I libsensor-boledalgo: dbv:324,lux:89.3,cct:5739.5,hsv:-1.0,CWB R:38121.3,G:39262.5,B:37634.5Event C:4723.6,R:2320.2,G:1751.0,B:789.4Cali C:1928.9,R:996.6,G:723.7,B:325.6 
11-21 22:40:40.118  2679  4958 I libsensor-boledalgo: dbv:324,lux:93.4,cct:5333.0,hsv:-1.0,CWB R:38121.3,G:39262.5,B:37634.5Event C:4818.3,R:2368.3,G:1766.8,B:778.8Cali C:1928.9,R:996.6,G:723.7,B:325.6 
11-21 22:40:40.119  2679  4958 I libsensor-boledalgo: dbv:324,lux:94.9,cct:5402.6,hsv:-1.0,CWB R:38121.3,G:39262.5,B:37634.5Event C:4860.8,R:2388.3,G:1791.5,B:790.6Cali C:1928.9,R:996.6,G:723.7,B:325.6 
11-21 22:40:40.120  2679  4958 I libsensor-boledalgo: dbv:324,lux:91.7,cct:5882.6,hsv:-1.0,CWB R:38121.3,G:39262.5,B:37634.5Event C:4874.3,R:2400.1,G:1778.6,B:821.7Cali C:1928.9,R:996.6,G:723.7,B:325.6 
11-21 22:40:40.121  2679  4958 I libsensor-boledalgo: dbv:324,lux:93.1,cct:5384.6,hsv:-1.0,CWB R:38121.3,G:39262.5,B:37634.5Event C:4792.0,R:2344.5,G:1764.3,B:777.2Cali C:1928.9,R:996.6,G:723.7,B:325.6 
11-21 22:40:40.121  2679  4958 I libsensor-boledalgo: dbv:324,lux:94.1,cct:5454.1,hsv:-1.0,CWB R:38121.3,G:39262.5,B:37634.5Event C:4827.7,R:2361.0,G:1781.1,B:787.6Cali C:1928.9,R:996.6,G:723.7,B:325.6 
11-21 22:40:40.288 22400 24747 D JavaheapMonitor: Java heap used=21M max=512M, proc: com.google.android.apps.photos
11-21 22:40:40.288 22400 24747 V JavaheapMonitor: Check java heap usage finished! Next check delay: 300000
11-21 22:40:40.333  2679  4958 I libsensor-boledalgo: dbv:324,lux:94.4,cct:5558.8,hsv:-1.0,CWB R:38121.3,G:39262.5,B:37634.5Event C:4839.2,R:2358.8,G:1788.8,B:795.6Cali C:1928.9,R:996.6,G:723.7,B:325.6 
11-21 22:40:40.334  2679  4958 I libsensor-boledalgo: dbv:324,lux:92.7,cct:5504.1,hsv:-1.0,CWB R:38121.3,G:39262.5,B:37634.5Event C:4782.1,R:2337.2,G:1769.5,B:783.6Cali C:1928.9,R:996.6,G:723.7,B:325.6 
11-21 22:40:40.436  5840  6656 E PhoneAdapter: get ntnphones failed, exception: java.lang.IllegalStateException: Default phones haven't been made yet!
11-21 22:40:40.438  3869  3869 E AmlWifiScoreReportInjector: current network is in roaming environment
11-21 22:40:40.544  2679  4958 I libsensor-boledalgo: dbv:324,lux:93.1,cct:5433.3,hsv:-1.0,CWB R:38121.3,G:39262.5,B:37634.5Event C:4792.3,R:2346.9,G:1771.0,B:781.0Cali C:1928.9,R:996.6,G:723.7,B:325.6 
11-21 22:40:40.544  2679  4958 I libsensor-boledalgo: dbv:324,lux:93.4,cct:5532.3,hsv:-1.0,CWB R:38121.3,G:39262.5,B:37634.5Event C:4809.4,R:2355.0,G:1782.3,B:790.4Cali C:1928.9,R:996.6,G:723.7,B:325.6 
11-21 22:40:40.545  2679  4958 I libsensor-boledalgo: dbv:324,lux:92.0,cct:5467.2,hsv:-1.0,CWB R:38121.3,G:39262.5,B:37634.5Event C:4752.3,R:2334.7,G:1768.6,B:778.2Cali C:1928.9,R:996.6,G:723.7,B:325.6 
11-21 22:40:40.546  2679  4958 I libsensor-boledalgo: dbv:324,lux:93.6,cct:5533.3,hsv:-1.0,CWB R:38121.3,G:39262.5,B:37634.5Event C:4827.7,R:2363.4,G:1781.1,B:792.9Cali C:1928.9,R:996.6,G:723.7,B:325.6 
11-21 22:40:40.546  2679  4958 I libsensor-boledalgo: dbv:324,lux:93.6,cct:5456.9,hsv:-1.0,CWB R:38121.3,G:39262.5,B:37634.5Event C:4813.8,R:2365.6,G:1783.6,B:787.1Cali C:1928.9,R:996.6,G:723.7,B:325.6 
11-21 22:40:40.723  3869  6318 I NetworkAccelerateSwitchService: EVENT_RSSI_POLL. mRssiPoll=true
11-21 22:40:40.723  3869  6318 I NetworkAccelerateSwitchService: checkWifiRssiAndLinkSpeed mWifiFastFade:false mWifiFastFadeAdjustThreshold:false
11-21 22:40:40.723  3869  6318 I NetworkAccelerateSwitchService: getAverageWifiRssi:58
11-21 22:40:40.724  3869  6318 D NetworkAccelerateSwitchService: checkIntervalModeChange mMovementState:false mIntervalMode:0 mIsBadLinkLayerQoE:false mBadLinkLayerQoETimes = 0
11-21 22:40:40.756  2679  4958 I libsensor-boledalgo: dbv:324,lux:94.3,cct:5550.6,hsv:-1.0,CWB R:38121.3,G:39262.5,B:37634.5Event C:4827.7,R:2357.6,G:1791.8,B:794.1Cali C:1928.9,R:996.6,G:723.7,B:325.6 
11-21 22:40:40.757  2679  4958 I libsensor-boledalgo: dbv:324,lux:94.1,cct:5424.6,hsv:-1.0,CWB R:38121.3,G:39262.5,B:37634.5Event C:4827.7,R:2375.3,G:1790.0,B:787.6Cali C:1928.9,R:996.6,G:723.7,B:325.6 
11-21 22:40:40.758  2679  4958 I libsensor-boledalgo: dbv:324,lux:93.5,cct:5535.4,hsv:-1.0,CWB R:38121.3,G:39262.5,B:37634.5Event C:4831.9,R:2369.8,G:1781.6,B:794.1Cali C:1928.9,R:996.6,G:723.7,B:325.6 
11-21 22:40:40.760  5840  6596 E PhoneAdapter: get ntnphones failed, exception: java.lang.IllegalStateException: Default phones haven't been made yet!
11-21 22:40:40.763 22199 22480 D AudioManager: getMode: mode=0, callApp=com.vodafone.selfservis
11-21 22:40:40.770  7465  9241 D JavaheapMonitor: Java heap used=6M max=256M, proc: com.google.android.ext.services
11-21 22:40:40.771  7465  9241 V JavaheapMonitor: Check java heap usage finished! Next check delay: 300000
11-21 22:40:40.886  1841 27487 I sensors-hal: handle_sns_std_sensor_event:67, light_event: ts=72894943899833, lux: 90.0, powermode=1 
11-21 22:40:40.887  1887  1935 D SRE     : sensorCallback mDisplayId = 0 dataCallback value=<  90.0000,   0.0000,   0.0000>, time=72894943899833, sensortype=5
11-21 22:40:40.887  1887  1935 D IGCDither: sensorCallback mDisplayId = 0 dataCallback value=<  90.0000,   0.0000,   0.0000>, time=72894943899833, sensor=5
11-21 22:40:40.896  1841 27487 I sensors-hal: handle_sns_std_sensor_event:67, light_event: ts=72894951747490, lux: 90.0, powermode=1 
11-21 22:40:40.897  1887  1935 D SRE     : sensorCallback mDisplayId = 0 dataCallback value=<  90.0000,   0.0000,   0.0000>, time=72894951747490, sensortype=5
11-21 22:40:40.897  1887  1935 D IGCDither: sensorCallback mDisplayId = 0 dataCallback value=<  90.0000,   0.0000,   0.0000>, time=72894951747490, sensor=5
11-21 22:40:40.967  2679  4958 I libsensor-boledalgo: dbv:324,lux:94.0,cct:5444.7,hsv:-1.0,CWB R:38121.3,G:39262.5,B:37634.5Event C:4819.3,R:2353.7,G:1778.1,B:785.3Cali C:1928.9,R:996.6,G:723.7,B:325.6 
11-21 22:40:40.968  2679  4958 I libsensor-boledalgo: dbv:324,lux:88.9,cct:5675.6,hsv:-1.0,CWB R:38121.3,G:39262.5,B:37634.5Event C:4711.8,R:2319.8,G:1743.2,B:784.0Cali C:1928.9,R:996.6,G:723.7,B:325.6 
11-21 22:40:40.968  2679  4958 I libsensor-boledalgo: dbv:324,lux:94.0,cct:5443.0,hsv:-1.0,CWB R:38121.3,G:39262.5,B:37634.5Event C:4819.8,R:2354.5,G:1777.9,B:785.3Cali C:1928.9,R:996.6,G:723.7,B:325.6 
11-21 22:40:40.970  2679  4958 I libsensor-boledalgo: dbv:324,lux:93.5,cct:5569.4,hsv:-1.0,CWB R:38121.3,G:39262.5,B:37634.5Event C:4837.4,R:2371.6,G:1782.9,B:797.0Cali C:1928.9,R:996.6,G:723.7,B:325.6 
11-21 22:40:40.971  2679  4958 I libsensor-boledalgo: dbv:324,lux:92.8,cct:5387.8,hsv:-1.0,CWB R:38121.3,G:39262.5,B:37634.5Event C:4780.1,R:2342.9,G:1764.8,B:776.2Cali C:1928.9,R:996.6,G:723.7,B:325.6 
11-21 22:40:40.971  2679  4958 I libsensor-boledalgo: dbv:324,lux:93.5,cct:5441.8,hsv:-1.0,CWB R:38121.3,G:39262.5,B:37634.5Event C:4809.9,R:2355.8,G:1775.2,B:784.3Cali C:1928.9,R:996.6,G:723.7,B:325.6 
11-21 22:40:40.972  2679  4958 I libsensor-boledalgo: dbv:324,lux:91.8,cct:5501.3,hsv:-1.0,CWB R:38121.3,G:39262.5,B:37634.5Event C:4764.6,R:2339.6,G:1765.1,B:781.7Cali C:1928.9,R:996.6,G:723.7,B:325.6 
11-21 22:40:41.029 13433 19237 E HQSession.cpp: Connection closed with error err=Internal Error msg=Error on socket write Network is unreachable, Operation not permitted proto=, client CID=, server CID=, local=<uninitialized address>, <uninitialized address>=upstream, drain=none
11-21 22:40:41.033  3869  5119 D PolicyMaker: HasForegroundService pkgName=com.radolyn.ayugram uid:10519
11-21 22:40:41.135  5898  5898 D ArtChoreographerMonitor: invoke error.
11-21 22:40:41.144  5898  5898 D ControlCenterHeaderExpandController: onExpansionChanged: progress =  0.0
11-21 22:40:41.144  5898  5898 D ControlCenterHeaderExpandController: onExpansionChanged: progress =  0.0
11-21 22:40:41.150  5898  5898 D ControlCenterHeaderExpandController: onExpansionChanged: progress =  0.0
11-21 22:40:41.157  1863  2473 I SDM     : HWDeviceDRM::SetupConcurrentWriteback: Tear down the Concurrent Writeback topology
11-21 22:40:41.158  1863  3263 I vendor.qti.hardware.display.composer-service: Sensor: notify citsensorservice to trigger cwb, misForced = 0
11-21 22:40:41.159  5898  5898 D ControlCenterHeaderExpandController: onExpansionChanged: progress =  0.0
11-21 22:40:41.159  1863  1863 I SDM     : CWB config passed by cwb_client : tappoint 1  CWB_ROI : (480.000000 159.000000 721.000000 400.000000) for display-0
11-21 22:40:41.229  1863  2473 I SDM     : DisplayBase::CommitThread: Received Idle Timeout, panel: cmd, timeout: 70000 us
11-21 22:40:41.303  1863  2473 I SDM     : DisplayBase::CommitThread: Received Idle Timeout, panel: cmd, timeout: 70000 us
11-21 22:40:41.325  5898  5898 D ArtChoreographerMonitor: invoke error.
11-21 22:40:41.330  1863  5144 I SDM     : NotifyCWBStatus: Notify the client about buffer (0x18c39320) status 0 for display-0.
11-21 22:40:41.330  1863  5144 I SDM     : SDMConcurrentWriteBack::ProcessCWBStatus: CWB queue is empty. Display: 0
11-21 22:40:41.331 22192  8291 D VkpnsPushProvider:NotifierConnection: Can send message to web socket: true
11-21 22:40:41.379  1863  2473 I SDM     : DisplayBase::CommitThread: Received Idle Timeout, panel: cmd, timeout: 70000 us
11-21 22:40:41.435 18874 18938 I .android.gms.ui: Explicit concurrent mark compact GC freed 552KB AllocSpace bytes, 0(0B) LOS objects, 71% free, 3240KB/11MB, paused 122us,1.197ms total 41.211ms
11-21 22:40:41.435 18874 18910 D JavaheapMonitor: Java heap used=3M max=256M, proc: com.google.android.gms.ui
11-21 22:40:41.435 18874 18910 V JavaheapMonitor: Check java heap usage finished! Next check delay: 300000
11-21 22:40:41.498 22192  8291 D VkpnsPushProvider:Notifier: Parse request response: 29
11-21 22:40:41.533  1841 27864 E sensors-hal: handle_sns_client_event:58, har: time = 72895595434729 data 0.000000
11-21 22:40:41.534  3869  3869 I NetworkAccelerateSwitchService: onSensorChanged:33171070
11-21 22:40:41.537  3869  6318 I NetworkAccelerateSwitchService: onMovementSensorChanged State:false
11-21 22:40:41.545 25362 25712 D JavaheapMonitor: Java heap used=7M max=256M, proc: com.microsoft.appmanager
11-21 22:40:41.545 25362 25712 V JavaheapMonitor: Check java heap usage finished! Next check delay: 300000
11-21 22:40:41.674  5585  5719 D JavaheapMonitor: Java heap used=9M max=256M, proc: com.android.networkstack.process
11-21 22:40:41.675  5585  5719 V JavaheapMonitor: Check java heap usage finished! Next check delay: 300000
11-21 22:40:41.769  5840  6596 E PhoneAdapter: get ntnphones failed, exception: java.lang.IllegalStateException: Default phones haven't been made yet!
11-21 22:40:41.774 22199 22480 D AudioManager: getMode: mode=0, callApp=com.vodafone.selfservis
11-21 22:40:41.820  2679  4958 I libsensor-boledalgo: dbv:324,lux:95.4,cct:5414.3,hsv:-1.0,CWB R:38121.3,G:39262.5,B:37634.5Event C:4831.9,R:2368.0,G:1803.8,B:787.3Cali C:1928.9,R:996.6,G:723.7,B:325.6 
11-21 22:40:41.824  5387  6135 D JavaheapMonitor: Java heap used=27M max=512M, proc: com.miui.home
11-21 22:40:41.824  5387  6135 V JavaheapMonitor: Check java heap usage finished! Next check delay: 300000
11-21 22:40:41.966  5840  6145 D JavaheapMonitor: Java heap used=13M max=256M, proc: com.android.phone
11-21 22:40:41.966  5840  6145 V JavaheapMonitor: Check java heap usage finished! Next check delay: 300000
11-21 22:40:42.031  2679  4958 I libsensor-boledalgo: dbv:324,lux:96.3,cct:5465.6,hsv:-1.0,CWB R:38121.3,G:39262.5,B:37634.5Event C:4886.6,R:2394.0,G:1813.3,B:798.9Cali C:1928.9,R:996.6,G:723.7,B:325.6 
11-21 22:40:42.031  2679  4958 I libsensor-boledalgo: dbv:324,lux:93.3,cct:5524.6,hsv:-1.0,CWB R:38121.3,G:39262.5,B:37634.5Event C:4803.9,R:2349.4,G:1778.6,B:788.6Cali C:1928.9,R:996.6,G:723.7,B:325.6 
11-21 22:40:42.034  2679  4958 I libsensor-boledalgo: dbv:324,lux:95.4,cct:5436.0,hsv:-1.0,CWB R:38121.3,G:39262.5,B:37634.5Event C:4851.2,R:2371.8,G:1798.4,B:790.6Cali C:1928.9,R:996.6,G:723.7,B:325.6 
11-21 22:40:42.035  2679  4958 I libsensor-boledalgo: dbv:324,lux:96.0,cct:5513.8,hsv:-1.0,CWB R:38121.3,G:39262.5,B:37634.5Event C:4884.7,R:2389.2,G:1810.4,B:801.2Cali C:1928.9,R:996.6,G:723.7,B:325.6 
11-21 22:40:42.038  1872  1872 I vendor.qti.hardware.servicetrackeraidl-service: unbindService is called for service : com.google.android.gms/com.google.android.location.internal.GoogleLocationManagerService and for client com.staircase3.opensignal
11-21 22:40:42.038  1872  1872 I vendor.qti.hardware.servicetrackeraidl-service: size of service connections for service: com.google.android.gms/com.google.android.location.internal.GoogleLocationManagerServiceafter removal is 2
11-21 22:40:42.038  1872  1872 I vendor.qti.hardware.servicetrackeraidl-service: size of client connections for client: com.staircase3.opensignalafter removal is 1
11-21 22:40:42.187   963  3714 D WM-Processor: Processor cancelling b15fd056-a282-45d2-b20c-c3071f4db4a6
11-21 22:40:42.188   963  3714 D WM-Processor: WorkerWrapper could not be found for b15fd056-a282-45d2-b20c-c3071f4db4a6
11-21 22:40:42.195   963  3714 D WM-GreedyScheduler: Cancelling work ID b15fd056-a282-45d2-b20c-c3071f4db4a6
11-21 22:40:42.200   963  3714 D WM-SystemJobScheduler: Scheduling work ID 36e7f017-1e9a-4691-8bb5-68b1650e77c3Job ID 31963
11-21 22:40:42.201   963  3714 D WM-GreedyScheduler: Starting tracking for c25acda1-d468-4763-b4f7-685d608b273b
11-21 22:40:42.243  2679  4958 I libsensor-boledalgo: dbv:324,lux:95.9,cct:5441.9,hsv:-1.0,CWB R:38121.3,G:39262.5,B:37634.5Event C:4875.3,R:2383.7,G:1803.1,B:794.7Cali C:1928.9,R:996.6,G:723.7,B:325.6 
11-21 22:40:42.244  2679  4958 I libsensor-boledalgo: dbv:324,lux:93.5,cct:5580.0,hsv:-1.0,CWB R:38121.3,G:39262.5,B:37634.5Event C:4787.2,R:2334.2,G:1787.6,B:789.6Cali C:1928.9,R:996.6,G:723.7,B:325.6 
11-21 22:40:42.244  2679  4958 I libsensor-boledalgo: dbv:324,lux:97.6,cct:5427.9,hsv:-1.0,CWB R:38121.3,G:39262.5,B:37634.5Event C:4895.1,R:2372.0,G:1812.4,B:794.9Cali C:1928.9,R:996.6,G:723.7,B:325.6 
11-21 22:40:42.244  2679  4958 I libsensor-boledalgo: dbv:324,lux:95.3,cct:5484.5,hsv:-1.0,CWB R:38121.3,G:39262.5,B:37634.5Event C:4859.4,R:2366.4,G:1792.0,B:793.7Cali C:1928.9,R:996.6,G:723.7,B:325.6 
11-21 22:40:42.246  2679  4958 I libsensor-boledalgo: dbv:324,lux:92.8,cct:5609.8,hsv:-1.0,CWB R:38121.3,G:39262.5,B:37634.5Event C:4812.3,R:2349.4,G:1773.7,B:794.4Cali C:1928.9,R:996.6,G:723.7,B:325.6 
11-21 22:40:42.455  2679  4958 I libsensor-boledalgo: dbv:324,lux:95.9,cct:5477.3,hsv:-1.0,CWB R:38121.3,G:39262.5,B:37634.5Event C:4877.2,R:2385.0,G:1805.3,B:797.4Cali C:1928.9,R:996.6,G:723.7,B:325.6 
11-21 22:40:42.458  2679  4958 I libsensor-boledalgo: dbv:324,lux:92.9,cct:5545.3,hsv:-1.0,CWB R:38121.3,G:39262.5,B:37634.5Event C:4806.4,R:2344.4,G:1767.9,B:789.0Cali C:1928.9,R:996.6,G:723.7,B:325.6 
11-21 22:40:42.459  2679  4958 I libsensor-boledalgo: dbv:324,lux:95.6,cct:5466.3,hsv:-1.0,CWB R:38121.3,G:39262.5,B:37634.5Event C:4851.5,R:2372.9,G:1805.5,B:793.1Cali C:1928.9,R:996.6,G:723.7,B:325.6 
11-21 22:40:42.533  1841 27864 E sensors-hal: handle_sns_client_event:58, har: time = 72896595524781 data 5.000000
11-21 22:40:42.534  3869  3869 I NetworkAccelerateSwitchService: onSensorChanged:33171070
11-21 22:40:42.534  3869  6318 I NetworkAccelerateSwitchService: onMovementSensorChanged State:false
11-21 22:40:42.601  3869  6545 W ActivityManagerServiceImpl: Sending non-protected broadcast com.modemenhance.ACTION_MODEMWIFI_RSSI_POLL from system 5840:com.android.phone/1001 pkg com.android.phone. Callers=
11-21 22:40:42.603  3869  4188 D BroadcastQueue: Logging broadcast for com.android.phone, stopped=false, firstLaunch=false
11-21 22:40:42.605  5840  5840 D AmlSlaveWifiManager: getWifiSlaveConnectionInfo
11-21 22:40:42.667  2679  4958 I libsensor-boledalgo: dbv:324,lux:93.9,cct:5540.4,hsv:-1.0,CWB R:38121.3,G:39262.5,B:37634.5Event C:4823.7,R:2362.1,G:1790.5,B:793.4Cali C:1928.9,R:996.6,G:723.7,B:325.6 
11-21 22:40:42.668  2679  4958 I libsensor-boledalgo: dbv:324,lux:96.3,cct:5483.5,hsv:-1.0,CWB R:38121.3,G:39262.5,B:37634.5Event C:4871.0,R:2377.7,G:1811.9,B:796.9Cali C:1928.9,R:996.6,G:723.7,B:325.6 
11-21 22:40:42.669  2679  4958 I libsensor-boledalgo: dbv:324,lux:95.8,cct:5395.8,hsv:-1.0,CWB R:38121.3,G:39262.5,B:37634.5Event C:4855.7,R:2368.3,G:1795.4,B:787.8Cali C:1928.9,R:996.6,G:723.7,B:325.6 
11-21 22:40:42.669  2679  4958 I libsensor-boledalgo: dbv:324,lux:94.7,cct:5556.6,hsv:-1.0,CWB R:38121.3,G:39262.5,B:37634.5Event C:4857.7,R:2370.8,G:1792.6,B:798.6Cali C:1928.9,R:996.6,G:723.7,B:325.6 
11-21 22:40:42.670  2679  4958 I libsensor-boledalgo: dbv:324,lux:97.5,cct:5433.7,hsv:-1.0,CWB R:38121.3,G:39262.5,B:37634.5Event C:4911.3,R:2395.1,G:1819.1,B:799.5Cali C:1928.9,R:996.6,G:723.7,B:325.6 
11-21 22:40:42.671  2679  4958 I libsensor-boledalgo: dbv:324,lux:94.8,cct:5492.6,hsv:-1.0,CWB R:38121.3,G:39262.5,B:37634.5Event C:4833.6,R:2361.0,G:1794.2,B:791.4Cali C:1928.9,R:996.6,G:723.7,B:325.6 
11-21 22:40:42.739  1845  2034 E WifiHAL : wifi_get_cached_scan_results: Wifi Cached Scan Result not supported by driver
11-21 22:40:42.739  3869  4946 E WifiStaIfaceAidlImpl: getCachedScanData failed with service-specific exception: android.os.ServiceSpecificException:  (code 4)
11-21 22:40:42.777  5840  6656 E PhoneAdapter: get ntnphones failed, exception: java.lang.IllegalStateException: Default phones haven't been made yet!
11-21 22:40:42.783 22199 22480 D AudioManager: getMode: mode=0, callApp=com.vodafone.selfservis
11-21 22:40:42.788  5840  6596 E PhoneAdapter: get ntnphones failed, exception: java.lang.IllegalStateException: Default phones haven't been made yet!
11-21 22:40:42.792  5840  6656 E PhoneAdapter: get ntnphones failed, exception: java.lang.IllegalStateException: Default phones haven't been made yet!
11-21 22:40:42.794  5840  6173 E PhoneAdapter: get ntnphones failed, exception: java.lang.IllegalStateException: Default phones haven't been made yet!
11-21 22:40:42.797  5840  6173 E PhoneAdapter: get ntnphones failed, exception: java.lang.IllegalStateException: Default phones haven't been made yet!
11-21 22:40:42.798  5840  6596 E PhoneAdapter: get ntnphones failed, exception: java.lang.IllegalStateException: Default phones haven't been made yet!
11-21 22:40:42.800  3869  6545 D CustFeatureResolve:  The result of feature always_enable_data_roaming is true
11-21 22:40:42.816  1116  1116 E KeymasterUtils: IKMHal_sendCmd failed with rsp_header->status: -28
11-21 22:40:42.817  1116  1116 E KeyMasterHalDevice: abort_operation
11-21 22:40:42.817  1116  1116 E KeyMasterHalDevice: ret: -28
11-21 22:40:43.092  2679  4958 I libsensor-boledalgo: dbv:324,lux:93.7,cct:5557.1,hsv:-1.0,CWB R:38121.3,G:39262.5,B:37634.5Event C:4812.8,R:2346.1,G:1782.1,B:791.4Cali C:1928.9,R:996.6,G:723.7,B:325.6 
11-21 22:40:43.093  2679  4958 I libsensor-boledalgo: dbv:324,lux:94.0,cct:5480.5,hsv:-1.0,CWB R:38121.3,G:39262.5,B:37634.5Event C:4806.1,R:2342.9,G:1782.1,B:785.6Cali C:1928.9,R:996.6,G:723.7,B:325.6 
11-21 22:40:43.095  2679  4958 I libsensor-boledalgo: dbv:324,lux:93.0,cct:5412.1,hsv:-1.0,CWB R:38121.3,G:39262.5,B:37634.5Event C:4755.1,R:2311.3,G:1761.9,B:772.2Cali C:1928.9,R:996.6,G:723.7,B:325.6 
11-21 22:40:43.096  2679  4958 I libsensor-boledalgo: dbv:324,lux:91.6,cct:5673.2,hsv:-1.0,CWB R:38121.3,G:39262.5,B:37634.5Event C:4760.7,R:2328.1,G:1771.1,B:791.1Cali C:1928.9,R:996.6,G:723.7,B:325.6 
11-21 22:40:43.096  2679  4958 I libsensor-boledalgo: dbv:324,lux:93.8,cct:5449.2,hsv:-1.0,CWB R:38121.3,G:39262.5,B:37634.5Event C:4798.0,R:2340.7,G:1776.9,B:782.3Cali C:1928.9,R:996.6,G:723.7,B:325.6 
11-21 22:40:43.304  2679  4958 I libsensor-boledalgo: dbv:324,lux:96.2,cct:5522.4,hsv:-1.0,CWB R:38121.3,G:39262.5,B:37634.5Event C:4877.9,R:2378.3,G:1811.6,B:800.2Cali C:1928.9,R:996.6,G:723.7,B:325.6 
11-21 22:40:43.305  2679  4958 I libsensor-boledalgo: dbv:324,lux:92.3,cct:5456.7,hsv:-1.0,CWB R:38121.3,G:39262.5,B:37634.5Event C:4750.2,R:2318.0,G:1761.1,B:775.2Cali C:1928.9,R:996.6,G:723.7,B:325.6 
11-21 22:40:43.305  2679  4958 I libsensor-boledalgo: dbv:324,lux:92.5,cct:5619.5,hsv:-1.0,CWB R:38121.3,G:39262.5,B:37634.5Event C:4792.7,R:2344.6,G:1775.8,B:792.8Cali C:1928.9,R:996.6,G:723.7,B:325.6 
11-21 22:40:43.305  2679  4958 I libsensor-boledalgo: dbv:324,lux:93.8,cct:5440.1,hsv:-1.0,CWB R:38121.3,G:39262.5,B:37634.5Event C:4799.4,R:2342.9,G:1776.7,B:782.0Cali C:1928.9,R:996.6,G:723.7,B:325.6 
11-21 22:40:43.443  5840  6173 E PhoneAdapter: get ntnphones failed, exception: java.lang.IllegalStateException: Default phones haven't been made yet!
11-21 22:40:43.446  3869  3869 E AmlWifiScoreReportInjector: current network is in roaming environment
11-21 22:40:43.517  2679  4958 I libsensor-boledalgo: dbv:324,lux:98.7,cct:5389.3,hsv:-1.0,CWB R:38121.3,G:39262.5,B:37634.5Event C:4930.7,R:2394.7,G:1824.0,B:798.4Cali C:1928.9,R:996.6,G:723.7,B:325.6 
11-21 22:40:43.517  2679  4958 I libsensor-boledalgo: dbv:324,lux:91.7,cct:5495.7,hsv:-1.0,CWB R:38121.3,G:39262.5,B:37634.5Event C:4746.4,R:2316.9,G:1756.9,B:777.0Cali C:1928.9,R:996.6,G:723.7,B:325.6 
11-21 22:40:43.519  2679  4958 I libsensor-boledalgo: dbv:324,lux:93.4,cct:5426.4,hsv:-1.0,CWB R:38121.3,G:39262.5,B:37634.5Event C:4767.0,R:2331.9,G:1779.5,B:777.2Cali C:1928.9,R:996.6,G:723.7,B:325.6 
11-21 22:40:43.567 16273 16618 W LibevQuicAsyncUDPSocket.h: setReuseAddr not implemented in LibevQuicAsyncUDPSocket
11-21 22:40:43.567 16273 16618 W LibevQuicAsyncUDPSocket.h: setTosOrTrafficClass not implemented in LibevQuicAsyncUDPSocket
11-21 22:40:43.574 16273 16618 E MvfstCallbacks.cpp: onConnectionSetupError: error=TransportError: Internal Error, Error on socket write Operation not permitted, 
11-21 22:40:43.671  2462 20121 D JavaheapMonitor: Java heap used=11M max=256M, proc: com.android.updater
11-21 22:40:43.671  2462 20121 V JavaheapMonitor: Check java heap usage finished! Next check delay: 300000
11-21 22:40:43.672  1863  3263 I vendor.qti.hardware.display.composer-service: Sensor: notify citsensorservice to trigger cwb, misForced = 0
11-21 22:40:43.673  1863  1863 I SDM     : CWB config passed by cwb_client : tappoint 1  CWB_ROI : (480.000000 159.000000 721.000000 400.000000) for display-0
11-21 22:40:43.684  1863  3261 I SDM     : DemuraTnCaptureIntfImpl::ProcessCapturePanelData: Screen capture status = 0
11-21 22:40:43.726  3869  6318 I NetworkAccelerateSwitchService: EVENT_RSSI_POLL. mRssiPoll=true
11-21 22:40:43.726  3869  6318 I NetworkAccelerateSwitchService: checkWifiRssiAndLinkSpeed mWifiFastFade:false mWifiFastFadeAdjustThreshold:false
11-21 22:40:43.726  3869  6318 I NetworkAccelerateSwitchService: getAverageWifiRssi:59
11-21 22:40:43.726  3869  6318 D NetworkAccelerateSwitchService: checkIntervalModeChange mMovementState:false mIntervalMode:0 mIsBadLinkLayerQoE:false mBadLinkLayerQoETimes = 0
11-21 22:40:43.743  7522  7541 D QLM-Service: check_headroom_zone: Timer EVT, Temp: 36819
11-21 22:40:43.743  1863  2473 I SDM     : DisplayBase::CommitThread: Received Idle Timeout, panel: cmd, timeout: 69999 us
11-21 22:40:43.776  1863  5144 I SDM     : NotifyCWBStatus: Notify the client about buffer (0x18c35c20) status 0 for display-0.
11-21 22:40:43.776  1863  5144 I SDM     : SDMConcurrentWriteBack::ProcessCWBStatus: CWB queue is empty. Display: 0
11-21 22:40:43.805  5840  6596 E PhoneAdapter: get ntnphones failed, exception: java.lang.IllegalStateException: Default phones haven't been made yet!
11-21 22:40:43.808 22199 22480 D AudioManager: getMode: mode=0, callApp=com.vodafone.selfservis
11-21 22:40:43.825  1863  2473 I SDM     : DisplayBase::CommitThread: Received Idle Timeout, panel: cmd, timeout: 70000 us
11-21 22:40:44.139  3869  6545 I SmartPower: com.google.android.gms/10165(10545): idle->background(12024ms) R(service unbind com.google.android.gms/.chimera.GmsBoundBrokerService) adj=250.
11-21 22:40:44.140  1872  1872 I vendor.qti.hardware.servicetrackeraidl-service: unbindService is called for service : com.google.android.gms/.chimera.GmsBoundBrokerService and for client com.google.android.apps.messaging
11-21 22:40:44.140  1872  1872 I vendor.qti.hardware.servicetrackeraidl-service: size of service connections for service: com.google.android.gms/.chimera.GmsBoundBrokerServiceafter removal is 0
11-21 22:40:44.140  1872  1872 I vendor.qti.hardware.servicetrackeraidl-service: size of client connections for client: com.google.android.apps.messagingafter removal is 1
11-21 22:40:44.140  1872  1872 I vendor.qti.hardware.servicetrackeraidl-service: destroyService is called for service : com.google.android.gms/.chimera.GmsBoundBrokerService
11-21 22:40:44.140 10545 10545 D BoundBrokerSvc: onUnbind: Intent { act=com.google.android.gms.constellation.service.START xflg=0x4 pkg=com.google.android.gms }
11-21 22:40:44.167  3869  4179 I ThermalObserver: Temperature control has been released.
11-21 22:40:44.168  3869  4179 D ThermalBrightnessController: updateSkinTemperature: actual temperature: 34.998, applied temperature: 34.998
11-21 22:40:44.171  1872  1872 I vendor.qti.hardware.servicetrackeraidl-service: unbindService is called for service : com.google.android.gms/.chimera.PersistentDirectBootAwareApiService and for client com.google.android.gms
11-21 22:40:44.171  1872  1872 I vendor.qti.hardware.servicetrackeraidl-service: size of service connections for service: com.google.android.gms/.chimera.PersistentDirectBootAwareApiServiceafter removal is 19
11-21 22:40:44.174  3869  4179 E ThermalBrightnessController: Current temperature 34.998 and ambient lux 90.0 do not match in config: 0
11-21 22:40:44.185 18966 20296 D JavaheapMonitor: Java heap used=9M max=256M, proc: com.google.android.inputmethod.latin
11-21 22:40:44.185 18966 20296 V JavaheapMonitor: Check java heap usage finished! Next check delay: 300000
11-21 22:40:44.196  1872  1872 I vendor.qti.hardware.servicetrackeraidl-service: unbindService is called for service : com.google.android.gms/.chimera.PersistentDirectBootAwareApiService and for client com.google.android.gms.unstable
11-21 22:40:44.197  1872  1872 I vendor.qti.hardware.servicetrackeraidl-service: unbindService is called for service : com.google.android.gms/.chimera.PersistentDirectBootAwareApiService and for client com.google.android.gms.unstable
11-21 22:40:44.367  2679  4958 I libsensor-boledalgo: dbv:324,lux:93.2,cct:5495.3,hsv:-1.0,CWB R:38121.3,G:39262.5,B:37634.5Event C:4776.2,R:2323.7,G:1772.2,B:781.3Cali C:1928.9,R:996.6,G:723.7,B:325.6 
11-21 22:40:44.367  2679  4958 I libsensor-boledalgo: ##### the value of lux: 89.980911, cct: 5450.000000
11-21 22:40:44.367  2679  4958 I libsensor-qshcalapi: value of set_lux: 89.980911, set r: 5450.000000
11-21 22:40:44.494  5898  5898 D ArtChoreographerMonitor: invoke error.
11-21 22:40:44.501  2041  2041 D MI-SF   : isSupportLowBrightnessFpsSwitch current_setting_fps: 120
11-21 22:40:44.501  2041  2041 D MI-SF   : isTpIdleScene ,mAverageFrameRate is 0, 1 
11-21 22:40:44.501  2041  2041 D MI-SF   : setTpIdleFps choose FPS:60, mode:0
11-21 22:40:44.501  2041  2041 D DisplayModeController: setDesiredMode 4630946682710401939 {mode={fps=60.00 Hz, modePtr={id=7, vsyncRate=60.00 Hz, peakRefreshRate=60.00 Hz}}, emitEvent=true, force=false}
11-21 22:40:44.501  2041  2041 E DisplayModeController: setDesiredMode : Idle status skip setActiveMode, isDdicIdleMode: 1
11-21 22:40:44.505  1863  1863 I SDM     : SDMDisplay::SetActiveConfigWithConstraints: display = 0, config: 7, WxH 1200x2670, fps 60@normal@60:60
11-21 22:40:44.507  1863  1863 W SDM     : HWDeviceDRM::GetSupportedBitClkRate: Requested rate not supported: 1150000000
11-21 22:40:44.507  1863  1863 I SDM     : HWDeviceDRM::UpdateMixerAttributes: Mixer WxH 1200x2670-1 for Peripheral
11-21 22:40:44.507  1863  1863 D SDM     : DisplayPlugManager::UpdateDisplayFps: client_id[0] fps(60,0,0,0,0)
11-21 22:40:44.508  1863  2473 I SDM     : HWDeviceDRM::SetupConcurrentWriteback: Tear down the Concurrent Writeback topology
11-21 22:40:44.508  1863  3263 I vendor.qti.hardware.display.composer-service: Sensor: notify citsensorservice to trigger cwb, misForced = 0
11-21 22:40:44.509  1863  1863 I SDM     : CWB config passed by cwb_client : tappoint 1  CWB_ROI : (480.000000 159.000000 721.000000 400.000000) for display-0
11-21 22:40:44.513  2679  4945 D libsensor-D2SNotifier: DisplayId 0 Displayinfo2SlpiNotifier to type 8 displayFrequency = 60 
11-21 22:40:44.513  1887  2340 D FPSMonitor: threadFuncFpsMonitor display 0, fps 60
11-21 22:40:44.516  2679  4945 I sensors : qsh_qmi:41, qsh_qmi
11-21 22:40:44.525  2679  4945 I sensors : ~qsh_qmi:68, ~qsh_qmi
11-21 22:40:44.579  2679  4958 I libsensor-boledalgo: dbv:324,lux:93.2,cct:5440.8,hsv:-1.0,CWB R:38121.3,G:39262.5,B:37634.5Event C:4784.1,R:2333.4,G:1768.3,B:779.3Cali C:1928.9,R:996.6,G:723.7,B:325.6 
11-21 22:40:44.597  1863  2473 I SDM     : DisplayBase::CommitThread: Received Idle Timeout, panel: cmd, timeout: 69999 us
11-21 22:40:44.612  2041  2041 D MI-SF   : setIdleFps choose FPS:120, mode:24641792 mode_group 24641792
11-21 22:40:44.612  2041  2041 D DisplayModeController: setDesiredMode 4630946682710401939 {mode={fps=120.00 Hz, modePtr={id=3, vsyncRate=120.00 Hz, peakRefreshRate=120.00 Hz}}, emitEvent=false, force=false}
11-21 22:40:44.633  1863  5144 I SDM     : NotifyCWBStatus: Notify the client about buffer (0x18c36bf0) status 0 for display-0.
11-21 22:40:44.633  1863  5144 I SDM     : SDMConcurrentWriteBack::ProcessCWBStatus: CWB queue is empty. Display: 0
11-21 22:40:44.633  1863  1863 I SDM     : SDMDisplay::SetActiveConfigWithConstraints: display = 0, config: 3, WxH 1200x2670, fps 120@idle@120:1
11-21 22:40:44.634  1863  1863 W SDM     : HWDeviceDRM::GetSupportedBitClkRate: Requested rate not supported: 1150000000
11-21 22:40:44.635  1863  1863 I SDM     : HWDeviceDRM::UpdateMixerAttributes: Mixer WxH 1200x2670-1 for Peripheral
11-21 22:40:44.635  1863  1863 D SDM     : DisplayPlugManager::UpdateDisplayFps: client_id[0] fps(120,0,0,0,0)
11-21 22:40:44.636  1863  2473 I SDM     : HWDeviceDRM::SetupConcurrentWriteback: Tear down the Concurrent Writeback topology
11-21 22:40:44.643  2679  4945 D libsensor-D2SNotifier: DisplayId 0 Displayinfo2SlpiNotifier to type 8 displayFrequency = 1 
11-21 22:40:44.644  1887  2340 D FPSMonitor: threadFuncFpsMonitor display 0, fps 1
11-21 22:40:44.647  2679  4945 I sensors : qsh_qmi:41, qsh_qmi
11-21 22:40:44.649  2679  4945 I sensors : ~qsh_qmi:68, ~qsh_qmi
11-21 22:40:44.666  5898  5898 D ArtChoreographerMonitor: invoke error.
11-21 22:40:44.731  1863  2473 I SDM     : DisplayBase::CommitThread: Received Idle Timeout, panel: cmd, timeout: 70000 us
11-21 22:40:44.802  1863  3263 I vendor.qti.hardware.display.composer-service: Sensor: notify citsensorservice to trigger cwb, misForced = 1
11-21 22:40:44.803  1863  1863 I SDM     : CWB config passed by cwb_client : tappoint 1  CWB_ROI : (480.000000 159.000000 721.000000 400.000000) for display-0
11-21 22:40:44.813  5840  6596 E PhoneAdapter: get ntnphones failed, exception: java.lang.IllegalStateException: Default phones haven't been made yet!
11-21 22:40:44.815 22199 22480 D AudioManager: getMode: mode=0, callApp=com.vodafone.selfservis
11-21 22:40:44.824  1863  5144 I SDM     : NotifyCWBStatus: Notify the client about buffer (0x18c38ae0) status 0 for display-0.
11-21 22:40:44.824  1863  5144 I SDM     : SDMConcurrentWriteBack::ProcessCWBStatus: CWB queue is empty. Display: 0
11-21 22:40:44.841  7997 12943 D JavaheapMonitor: Java heap used=12M max=256M, proc: com.facebook.appmanager
11-21 22:40:44.841  7997 12943 V JavaheapMonitor: Check java heap usage finished! Next check delay: 300000
11-21 22:40:44.882  1863  2473 I SDM     : DisplayBase::CommitThread: Received Idle Timeout, panel: cmd, timeout: 70000 us
11-21 22:40:45.005  2679  4958 I libsensor-boledalgo: dbv:324,lux:93.1,cct:5524.2,hsv:-1.0,CWB R:38121.3,G:39262.5,B:37634.5Event C:4786.1,R:2333.4,G:1773.7,B:785.1Cali C:1928.9,R:996.6,G:723.7,B:325.6 
11-21 22:40:45.006  2679  4958 I libsensor-boledalgo: dbv:324,lux:93.8,cct:5629.9,hsv:-1.0,CWB R:38121.3,G:39262.5,B:37634.5Event C:4828.4,R:2362.7,G:1794.2,B:799.7Cali C:1928.9,R:996.6,G:723.7,B:325.6 
11-21 22:40:45.007  2679  4958 I libsensor-boledalgo: dbv:324,lux:93.9,cct:5420.6,hsv:-1.0,CWB R:38121.3,G:39262.5,B:37634.5Event C:4805.9,R:2350.4,G:1779.7,B:782.3Cali C:1928.9,R:996.6,G:723.7,B:325.6 
11-21 22:40:45.032   895 14452 D JavaheapMonitor: Java heap used=2M max=256M, proc: com.xiaomi.touchservice
11-21 22:40:45.032   895 14452 V JavaheapMonitor: Check java heap usage finished! Next check delay: 300000
11-21 22:40:45.128  1872  1872 I vendor.qti.hardware.servicetrackeraidl-service: unbindService is called for service : com.google.android.gms/.chimera.PersistentDirectBootAwareApiService and for client com.google.android.gms.persistent
11-21 22:40:45.128  1872  1872 I vendor.qti.hardware.servicetrackeraidl-service: size of service connections for service: com.google.android.gms/.chimera.PersistentDirectBootAwareApiServiceafter removal is 18
11-21 22:40:45.128  1872  1872 I vendor.qti.hardware.servicetrackeraidl-service: size of client connections for client: com.google.android.gms.persistentafter removal is 2
11-21 22:40:45.154  1020 14528 D JavaheapMonitor: Java heap used=3M max=256M, proc: com.qualcomm.qti.services.systemhelper:systemhelper_service
11-21 22:40:45.154  1020 14528 V JavaheapMonitor: Check java heap usage finished! Next check delay: 300000
11-21 22:40:45.155  5898  5898 D ArtChoreographerMonitor: invoke error.
11-21 22:40:45.164  5898  5898 D ControlCenterHeaderExpandController: onExpansionChanged: progress =  0.0
11-21 22:40:45.164  5898  5898 D ControlCenterHeaderExpandController: onExpansionChanged: progress =  0.0
11-21 22:40:45.169  5898  5898 D ControlCenterHeaderExpandController: onExpansionChanged: progress =  0.0
11-21 22:40:45.176  1863  2473 I SDM     : HWDeviceDRM::SetupConcurrentWriteback: Tear down the Concurrent Writeback topology
11-21 22:40:45.176  1863  3263 I vendor.qti.hardware.display.composer-service: Sensor: notify citsensorservice to trigger cwb, misForced = 0
11-21 22:40:45.178  1863  1863 I SDM     : CWB config passed by cwb_client : tappoint 1  CWB_ROI : (480.000000 159.000000 721.000000 400.000000) for display-0
11-21 22:40:45.179  5898  5898 D ControlCenterHeaderExpandController: onExpansionChanged: progress =  0.0
11-21 22:40:45.184  1841 27487 I sensors-hal: handle_sns_std_sensor_event:67, light_event: ts=72899243993948, lux: 90.0, powermode=1 
11-21 22:40:45.184  1887  1935 D SRE     : sensorCallback mDisplayId = 0 dataCallback value=<  90.0000,   0.0000,   0.0000>, time=72899243993948, sensortype=5
11-21 22:40:45.184  1887  1935 D IGCDither: sensorCallback mDisplayId = 0 dataCallback value=<  90.0000,   0.0000,   0.0000>, time=72899243993948, sensor=5
11-21 22:40:45.187  1841 27487 I sensors-hal: handle_sns_std_sensor_event:67, light_event: ts=72899246514000, lux: 90.0, powermode=1 
11-21 22:40:45.188  1887  1935 D SRE     : sensorCallback mDisplayId = 0 dataCallback value=<  90.0000,   0.0000,   0.0000>, time=72899246514000, sensortype=5
11-21 22:40:45.188  1887  1935 D IGCDither: sensorCallback mDisplayId = 0 dataCallback value=<  90.0000,   0.0000,   0.0000>, time=72899246514000, sensor=5
11-21 22:40:45.216  2679  4958 I libsensor-boledalgo: dbv:324,lux:93.1,cct:5524.2,hsv:-1.0,CWB R:38121.3,G:39262.5,B:37634.5Event C:4786.1,R:2333.4,G:1773.7,B:785.1Cali C:1928.9,R:996.6,G:723.7,B:325.6 
11-21 22:40:45.227  1872  1872 I vendor.qti.hardware.servicetrackeraidl-service: unbindService is called for service : com.google.android.gms/.chimera.PersistentDirectBootAwareApiService and for client com.google.android.gms.unstable
11-21 22:40:45.227  1872  1872 I vendor.qti.hardware.servicetrackeraidl-service: size of service connections for service: com.google.android.gms/.chimera.PersistentDirectBootAwareApiServiceafter removal is 17
11-21 22:40:45.228 24472 24472 D BoundBrokerSvc: onUnbind: Intent { act=com.google.android.gms.libs.gmscorelogger.service.START dat=chimera-action:/... xflg=0x4 cmp=com.google.android.gms/.chimera.PersistentDirectBootAwareApiService }
11-21 22:40:45.248  1863  2473 I SDM     : DisplayBase::CommitThread: Received Idle Timeout, panel: cmd, timeout: 70000 us
11-21 22:40:45.299  5585 15318 D NetworkMonitor/195: PROBE_HTTP http://connectivitycheck.gstatic.com/generate_204 Probe failed with exception java.net.SocketTimeoutException: timeout
11-21 22:40:45.311  5585 15317 D NetworkMonitor/195: PROBE_HTTPS https://www.google.com/generate_204 Probe failed with exception java.net.SocketTimeoutException: Read timed out
11-21 22:40:45.323  1863  2473 I SDM     : DisplayBase::CommitThread: Received Idle Timeout, panel: cmd, timeout: 70000 us
11-21 22:40:45.345  5898  5898 D ArtChoreographerMonitor: invoke error.
11-21 22:40:45.348  1863  5144 I SDM     : NotifyCWBStatus: Notify the client about buffer (0x18c36300) status 0 for display-0.
11-21 22:40:45.348  1863  5144 I SDM     : SDMConcurrentWriteBack::ProcessCWBStatus: CWB queue is empty. Display: 0
11-21 22:40:45.398  1863  2473 I SDM     : DisplayBase::CommitThread: Received Idle Timeout, panel: cmd, timeout: 70000 us
