11-21 22:41:05.529  5898  6238 D ndroid.systemui: backgroundBlur makeBackgroundImage (NotificationShadeWindowView-2-0xb4000075761bf810), blurRadius(285), blurType(-1), blurScaleRatio(0.068961)
11-21 22:41:05.537  5898  5898 D NotificationHeaderExpandController: onExpansionChanged: progress =  0.9314626
11-21 22:41:05.545  5898  5898 D NotificationHeaderExpandController: onExpansionChanged: progress =  0.9419583
11-21 22:41:05.546  5898  6238 D ndroid.systemui: backgroundBlur makeBackgroundImage (NotificationShadeWindowView-2-0xb4000075761bf810), blurRadius(292), blurType(-1), blurScaleRatio(0.070647)
11-21 22:41:05.554  5898  5898 D NotificationHeaderExpandController: onExpansionChanged: progress =  0.9511131
11-21 22:41:05.562  5898  5898 D NotificationHeaderExpandController: onExpansionChanged: progress =  0.9590643
11-21 22:41:05.563  5898  6238 D ndroid.systemui: backgroundBlur makeBackgroundImage (NotificationShadeWindowView-2-0xb4000075761bf810), blurRadius(298), blurType(-1), blurScaleRatio(0.071930)
11-21 22:41:05.570  5898  5898 D NotificationHeaderExpandController: onExpansionChanged: progress =  0.96594036
11-21 22:41:05.579  5898  5898 D NotificationHeaderExpandController: onExpansionChanged: progress =  0.97186047
11-21 22:41:05.579  5898  6238 D ndroid.systemui: backgroundBlur makeBackgroundImage (NotificationShadeWindowView-2-0xb4000075761bf810), blurRadius(302), blurType(-1), blurScaleRatio(0.072890)
11-21 22:41:05.587  5898  5898 D NotificationHeaderExpandController: onExpansionChanged: progress =  0.97693443
11-21 22:41:05.595  5898  5898 D NotificationHeaderExpandController: onExpansionChanged: progress =  0.9812627
11-21 22:41:05.596  5898  6238 D ndroid.systemui: backgroundBlur makeBackgroundImage (NotificationShadeWindowView-2-0xb4000075761bf810), blurRadius(305), blurType(-1), blurScaleRatio(0.073595)
11-21 22:41:05.603  2679  4958 I libsensor-boledalgo: dbv:324,lux:91.9,cct:5526.1,hsv:-1.0,CWB R:34810.4,G:34274.3,B:32884.4Event C:4558.2,R:2235.6,G:1669.3,B:740.7Cali C:1715.6,R:894.2,G:629.3,B:282.5 
11-21 22:41:05.604  5898  5898 D NotificationHeaderExpandController: onExpansionChanged: progress =  0.9849365
11-21 22:41:05.612  5898  5898 D NotificationHeaderExpandController: onExpansionChanged: progress =  0.98803836
11-21 22:41:05.612  5898  6238 D ndroid.systemui: backgroundBlur makeBackgroundImage (NotificationShadeWindowView-2-0xb4000075761bf810), blurRadius(307), blurType(-1), blurScaleRatio(0.074103)
11-21 22:41:05.620  5898  5898 D NotificationHeaderExpandController: onExpansionChanged: progress =  0.99064255
11-21 22:41:05.629  5898  5898 D NotificationHeaderExpandController: onExpansionChanged: progress =  0.9928156
11-21 22:41:05.629  5898  6238 D ndroid.systemui: backgroundBlur makeBackgroundImage (NotificationShadeWindowView-2-0xb4000075761bf810), blurRadius(308), blurType(-1), blurScaleRatio(0.074461)
11-21 22:41:05.637  5387  5387 D ArtChoreographerMonitor: invoke error.
11-21 22:41:05.637  5898  5898 D NotificationHeaderExpandController: onExpansionChanged: progress =  0.9946166
11-21 22:41:05.645  5898  5898 D NotificationHeaderExpandController: onExpansionChanged: progress =  0.9960983
11-21 22:41:05.646  5898  6238 D ndroid.systemui: backgroundBlur makeBackgroundImage (NotificationShadeWindowView-2-0xb4000075761bf810), blurRadius(309), blurType(-1), blurScaleRatio(0.074707)
11-21 22:41:05.654  5898  5898 D NotificationHeaderExpandController: onExpansionChanged: progress =  0.99730676
11-21 22:41:05.662  5898  5898 D NotificationHeaderExpandController: onExpansionChanged: progress =  0.99828297
11-21 22:41:05.662  5898  6238 D ndroid.systemui: backgroundBlur makeBackgroundImage (NotificationShadeWindowView-2-0xb4000075761bf810), blurRadius(310), blurType(-1), blurScaleRatio(0.074871)
11-21 22:41:05.670  5898  5898 D NotificationHeaderExpandController: onExpansionChanged: progress =  0.9990626
11-21 22:41:05.679  5898  5898 D NotificationHeaderExpandController: onExpansionChanged: progress =  0.99967676
11-21 22:41:05.679  5898  5898 D NotificationDismissViewController: anim complete true
11-21 22:41:05.679  5898  6238 D ndroid.systemui: backgroundBlur makeBackgroundImage (NotificationShadeWindowView-2-0xb4000075761bf810), blurRadius(310), blurType(-1), blurScaleRatio(0.074976)
11-21 22:41:05.687  5898  5898 D NotificationHeaderExpandController: onExpansionChanged: progress =  1.0001525
11-21 22:41:05.687  5898  5898 D View    : View setForceSDFT: false
11-21 22:41:05.687  5898  5898 D View    : View setForceSDFT: false
11-21 22:41:05.692  1863  3263 I vendor.qti.hardware.display.composer-service: Sensor: notify citsensorservice to trigger cwb, misForced = 0
11-21 22:41:05.693  1863  1863 I SDM     : CWB config passed by cwb_client : tappoint 1  CWB_ROI : (480.000000 159.000000 721.000000 400.000000) for display-0
11-21 22:41:05.695  5898  5898 D NotificationHeaderExpandController: onExpansionChanged: progress =  1.000513
11-21 22:41:05.695  5898  5898 D View    : View setForceSDFT: false
11-21 22:41:05.695  5898  5898 D View    : View setForceSDFT: false
11-21 22:41:05.696  5898  6238 D ndroid.systemui: backgroundBlur makeBackgroundImage (NotificationShadeWindowView-2-0xb4000075761bf810), blurRadius(311), blurType(-1), blurScaleRatio(0.075038)
11-21 22:41:05.704  5898  5898 D NotificationHeaderExpandController: onExpansionChanged: progress =  1.0007786
11-21 22:41:05.704  5898  5898 D View    : View setForceSDFT: false
11-21 22:41:05.704  5898  5898 D View    : View setForceSDFT: false
11-21 22:41:05.709  1863  2473 I SDM     : HWDeviceDRM::SetupConcurrentWriteback: Tear down the Concurrent Writeback topology
11-21 22:41:05.709  3869  6800 D FileUtils: Rounded bytes from 11662168064 to 16000000000
11-21 22:41:05.712  5898  5898 D NotificationHeaderExpandController: onExpansionChanged: progress =  1.0009663
11-21 22:41:05.712  5898  6238 D ndroid.systemui: backgroundBlur makeBackgroundImage (NotificationShadeWindowView-2-0xb4000075761bf810), blurRadius(311), blurType(-1), blurScaleRatio(0.075072)
11-21 22:41:05.714 24848 25636 E C9      : Network error
11-21 22:41:05.716  1863  5144 I SDM     : NotifyCWBStatus: Notify the client about buffer (0x18c3b6e0) status 0 for display-0.
11-21 22:41:05.716  1863  5144 I SDM     : SDMConcurrentWriteBack::ProcessCWBStatus: CWB queue is empty. Display: 0
11-21 22:41:05.720  5898  5898 D NotificationHeaderExpandController: onExpansionChanged: progress =  1.0010909
11-21 22:41:05.729  5898  5898 D NotificationHeaderExpandController: onExpansionChanged: progress =  1.0011648
11-21 22:41:05.729  5898  6238 D ndroid.systemui: backgroundBlur makeBackgroundImage (NotificationShadeWindowView-2-0xb4000075761bf810), blurRadius(311), blurType(-1), blurScaleRatio(0.075087)
11-21 22:41:05.737  5898  5898 D NotificationHeaderExpandController: onExpansionChanged: progress =  1.0011986
11-21 22:41:05.745  5898  5898 D NotificationHeaderExpandController: onExpansionChanged: progress =  1.001201
11-21 22:41:05.745  5898  6238 D ndroid.systemui: backgroundBlur makeBackgroundImage (NotificationShadeWindowView-2-0xb4000075761bf810), blurRadius(311), blurType(-1), blurScaleRatio(0.075090)
11-21 22:41:05.754  5898  5898 D NotificationHeaderExpandController: onExpansionChanged: progress =  1.0011795
11-21 22:41:05.762  5898  5898 D NotificationHeaderExpandController: onExpansionChanged: progress =  1.0011399
11-21 22:41:05.762  5898  6238 D ndroid.systemui: backgroundBlur makeBackgroundImage (NotificationShadeWindowView-2-0xb4000075761bf810), blurRadius(311), blurType(-1), blurScaleRatio(0.075085)
11-21 22:41:05.770  5898  5898 D NotificationHeaderExpandController: onExpansionChanged: progress =  1.0010874
11-21 22:41:05.779  5898  5898 D NotificationHeaderExpandController: onExpansionChanged: progress =  1.001026
11-21 22:41:05.779  5898  6238 D ndroid.systemui: backgroundBlur makeBackgroundImage (NotificationShadeWindowView-2-0xb4000075761bf810), blurRadius(311), blurType(-1), blurScaleRatio(0.075077)
11-21 22:41:05.787  5898  5898 D NotificationHeaderExpandController: onExpansionChanged: progress =  1.0009592
11-21 22:41:05.795  5898  5898 D NotificationHeaderExpandController: onExpansionChanged: progress =  1.0008893
11-21 22:41:05.795  5898  6238 D ndroid.systemui: backgroundBlur makeBackgroundImage (NotificationShadeWindowView-2-0xb4000075761bf810), blurRadius(311), blurType(-1), blurScaleRatio(0.075067)
11-21 22:41:05.803  5898  5898 D NotificationHeaderExpandController: onExpansionChanged: progress =  1.0008186
11-21 22:41:05.812  5898  5898 D NotificationHeaderExpandController: onExpansionChanged: progress =  1.0
11-21 22:41:05.812  5898  6238 D ndroid.systemui: backgroundBlur makeBackgroundImage (NotificationShadeWindowView-2-0xb4000075761bf810), blurRadius(311), blurType(-1), blurScaleRatio(0.075000)
11-21 22:41:05.815  2679  4958 I libsensor-boledalgo: dbv:324,lux:91.4,cct:5376.0,hsv:-1.0,CWB R:32566.2,G:32190.8,B:31132.3Event C:4436.4,R:2188.3,G:1624.4,B:711.6Cali C:1616.5,R:843.2,G:591.8,B:265.1 
11-21 22:41:05.837  5898  5898 D View    : View setForceSDFT: false
11-21 22:41:05.862  5898  5898 D View    : View setForceSDFT: false
11-21 22:41:05.878  5898  5898 D View    : View setForceSDFT: false
11-21 22:41:05.900  1863  3263 I vendor.qti.hardware.display.composer-service: Sensor: notify citsensorservice to trigger cwb, misForced = 0
11-21 22:41:05.901  1863  1863 I SDM     : CWB config passed by cwb_client : tappoint 1  CWB_ROI : (480.000000 159.000000 721.000000 400.000000) for display-0
11-21 22:41:05.903  5898  5898 D View    : View setForceSDFT: false
11-21 22:41:05.916  1915  2315 I [THP0]  : HAL_I: init_watch_dog_timer: frame 550
11-21 22:41:05.916  1915  2315 I [THP0]  : ALG_I: thp_set_doze_mode_func: enable doze mode
11-21 22:41:05.917  1863  2473 I SDM     : HWDeviceDRM::SetupConcurrentWriteback: Tear down the Concurrent Writeback topology
11-21 22:41:05.924  1863  5144 I SDM     : NotifyCWBStatus: Notify the client about buffer (0x18c36250) status 0 for display-0.
11-21 22:41:05.925  1863  5144 I SDM     : SDMConcurrentWriteBack::ProcessCWBStatus: CWB queue is empty. Display: 0
11-21 22:41:05.928  5898  5898 D View    : View setForceSDFT: false
11-21 22:41:05.945  5898  5898 D View    : View setForceSDFT: false
11-21 22:41:06.008  5840  6597 E PhoneAdapter: get ntnphones failed, exception: java.lang.IllegalStateException: Default phones haven't been made yet!
11-21 22:41:06.009 22199 22480 D AudioManager: getMode: mode=0, callApp=com.vodafone.selfservis
11-21 22:41:06.027  2679  4958 I libsensor-boledalgo: dbv:324,lux:90.5,cct:5500.0,hsv:-1.0,CWB R:32561.9,G:32186.4,B:31122.4Event C:4450.4,R:2201.2,G:1619.4,B:721.7Cali C:1615.3,R:842.9,G:591.5,B:265.0 
11-21 22:41:06.073  5585 15537 D NetworkMonitor/195: PROBE_HTTPS https://www.google.com/generate_204 time=1769ms ret=204 request={Connection=[close], User-Agent=[Mozilla/5.0 (X11; Linux x86_64) AppleWebKit/537.36 (KHTML, like Gecko) Chrome/60.0.3112.32 Safari/537.36]} headers={null=[HTTP/1.1 204 No Content], Connection=[close], Content-Length=[0], Cross-Origin-Resource-Policy=[cross-origin], Date=[Fri, 21 Nov 2025 19:41:05 GMT], X-Android-Received-Millis=[1763754066072], X-Android-Response-Source=[NETWORK 204], X-Android-Selected-Protocol=[http/1.1], X-Android-Sent-Millis=[1763754065670]}
11-21 22:41:06.073  5585 15536 D NetworkMonitor/195: isCaptivePortal: isSuccessful()=true isPortal()=false RedirectUrl=null isPartialConnectivity()=false Time=1783ms
11-21 22:41:06.073  3869  4961 D ConnectivityService: [195 WIFI] validation passed
11-21 22:41:06.073  3869  4961 I ConnectivityService: Update capabilities for net 195 : +VALIDATED
11-21 22:41:06.073  3869  4961 I ConnectivityService: Update score for net 195 : +IS_VALIDATED
11-21 22:41:06.075  3869  4084 I GnssNetworkConnectivityHandler: updateNetworkState, state=CLOSED, connected=true, network=195, capabilityFlags=3, availableNetworkCount: 1
11-21 22:41:06.075  1835  1835 I android.hardware.gnss-aidl-service-qti: ===> updateNetworkState line 56 
11-21 22:41:06.076  1835  2075 W LocSvc_LocIpc: send:117] failed reason: No such file or directory
11-21 22:41:06.076  5840  6362 D com.android.ons.ONSProfileActivator: Internet connection available
11-21 22:41:06.080  3869  4961 D ConnectivityService: NetReassign [no changes] [c 1] [a 1] [i 5]
11-21 22:41:06.082  5840  5840 D QtiLinkBandwidthEstimator-0: handleMessage: 4
11-21 22:41:06.082  5840  5840 D QtiLinkBandwidthEstimator-1: handleMessage: 4
11-21 22:41:06.082  5840  6396 D SatelliteController: EVENT_WIFI_CONNECTIVITY_STATE_CHANGED: mIsWifiConnected=true
11-21 22:41:06.082  5840  6396 E SatelliteController: registerForSatelliteCommunicationAccessStateChanged: SatelliteManager is null
11-21 22:41:06.082  5834  7749 D QCNEJ/NativeAidlConnector: -> SND notifyDefaultNetworkChanged(1)
11-21 22:41:06.082  5840  6396 D SatelliteController: isCarrierRoamingNtnEligible: satellite access is not allowed
11-21 22:41:06.082  5840  6396 D SatelliteController: evaluateCarrierRoamingNtnEligibilityChange: isCarrierRoamingNtnEligible=false
11-21 22:41:06.082  5834  7749 D cneJni  : sendDefaultNwMsg start
11-21 22:41:06.082  5840  6396 D SatelliteController: getSelectedSatelliteSubId: subId=-1
11-21 22:41:06.082  5840  6396 D SatelliteController: notifyNtnEligibility: phoneId=0 currentNtnEligibility=false
11-21 22:41:06.082  3869  5119 D PolicyMaker: HasForegroundService pkgName=com.radolyn.ayugram uid:10519
11-21 22:41:06.083  5834  7749 D cneJni  : sendWifiStatus start
11-21 22:41:06.083  3869  5774 I NetworkBoostStatusManager: handle: 102
11-21 22:41:06.083  3869  5774 I NetworkBoostStatusManager: interfaceOnCapabilitiesChanged interface name:wlan0
11-21 22:41:06.083  8547  9095 W Settings: Setting device_provisioned has moved from android.provider.Settings.Secure to android.provider.Settings.Global.
11-21 22:41:06.083  8547  9095 I JoyoseCloudControlManager3: network metered changed, network metered: false, deviceProvisioned: true, scAllowConn: true, try to setNetworkAccessEnabled: true
11-21 22:41:06.083  4625  4625 I NetBusNetworkMonitor: onCapabilitiesChanged isPrimary = true
11-21 22:41:06.084  4625  4625 I NetBusNetworkMonitor: gateway=192.*.*.1
11-21 22:41:06.084  5717  7825 D txpwrJni: sendNetworkInfo start
11-21 22:41:06.084  5717  7825 D txpwrJni: sendNetworkInfo RatType 0
11-21 22:41:06.086  5840  6169 W TelephonyPermissions: reportAccessDeniedToReadIdentifiers:com.staircase3.opensignal:getActiveSubscriptionInfoList:1
11-21 22:41:06.087  5840  6169 W TelephonyPermissions: reportAccessDeniedToReadIdentifiers:com.staircase3.opensignal:getActiveSubscriptionInfoList:11
11-21 22:41:06.087  3869  6545 D ConnectivityService: Returning BLOCKED NetworkInfo to uid=10462
11-21 22:41:06.088  3869  4734 E JobScheduler: ResourceBudgetManagerInternal is null
11-21 22:41:06.088  1872  1872 I vendor.qti.hardware.servicetrackeraidl-service: bindService is called for service : com.facebook.appmanager/com.facebook.oxygen.appmanager.scheduler.schedulers.jobscheduler.JobSchedulerService and for client system
11-21 22:41:06.088  1872  1872 I vendor.qti.hardware.servicetrackeraidl-service: total connections for service : com.facebook.appmanager/com.facebook.oxygen.appmanager.scheduler.schedulers.jobscheduler.JobSchedulerServiceare :1
11-21 22:41:06.088  1872  1872 I vendor.qti.hardware.servicetrackeraidl-service: total connections for client : systemare :36
11-21 22:41:06.089 28325 28522 D WM-NetworkStateTracker: Network capabilities changed: [ Transports: WIFI Capabilities: NOT_METERED&INTERNET&NOT_RESTRICTED&TRUSTED&NOT_VPN&VALIDATED&NOT_ROAMING&FOREGROUND&NOT_CONGESTED&NOT_SUSPENDED&NOT_VCN_MANAGED&NOT_BANDWIDTH_CONSTRAINED LinkUpBandwidth>=60766Kbps LinkDnBandwidth>=36965Kbps TransportInfo: <SSID: <unknown ssid>, BSSID: 02:00:00:00:00:00, MAC: 02:00:00:00:00:00, IP: /192.168.1.42, Security type: 2, Supplicant state: COMPLETED, Wi-Fi standard: 11ac, RSSI: -61, Link speed: 520Mbps, Tx Link speed: 520Mbps, Max Supported Tx Link speed: 866Mbps, Rx Link speed: 520Mbps, Max Supported Rx Link speed: 866Mbps, Frequency: 5280MHz, Net ID: -1, Metered hint: false, score: 55, isUsable: true, CarrierMerged: false, SubscriptionId: -1, IsPrimary: -1, Trusted: true, Restricted: false, Ephemeral: false, OEM paid: false, OEM private: false, OSU AP: false, FQDN: <none>, Provider friendly name: <none>, Requesting package name: <none><none>MLO Information: , Is TID-To-Link negotiation supported by the AP: false, AP MLD Address: <none>, AP MLO Link Id: <none>, AP MLO Affiliated links: <none>, Vendor Data: <none>> SignalStrength: -61 UnderlyingNetworks: Null]
11-21 22:41:06.090  3869  4734 I SmartPower: com.facebook.appmanager/10137(7997): idle->background(153682ms) R(service create com.facebook.appmanager/com.facebook.oxygen.appmanager.scheduler.schedulers.jobscheduler.JobSchedulerService) adj=0.
11-21 22:41:06.091  3869  4734 D ActivityManager: Logging bindService for com.facebook.appmanager, stopped=false, firstLaunch=false
11-21 22:41:06.091  3869  4734 D BatteryStatsManagerStub: notifyEvent for resId=256 used 0ms
11-21 22:41:06.091  3869  4734 E JobScheduler: ResourceBudgetManagerInternal is null
11-21 22:41:06.091 10578 10744 D TopOnAdsLog: onCapabilitiesChanged 0
11-21 22:41:06.091  1872  1872 I vendor.qti.hardware.servicetrackeraidl-service: bindService is called for service : com.google.android.as.oss/com.google.android.gms.learning.internal.training.InAppJobService and for client system
11-21 22:41:06.091  1872  1872 I vendor.qti.hardware.servicetrackeraidl-service: total connections for service : com.google.android.as.oss/com.google.android.gms.learning.internal.training.InAppJobServiceare :1
11-21 22:41:06.091  1872  1872 I vendor.qti.hardware.servicetrackeraidl-service: total connections for client : systemare :37
11-21 22:41:06.091   771  2872 I BugleRcsEngine: handleMessage processing message:[NOTIFY_UPTIME_IGNORE_STATE_CHANGED] with [non-null]:RcsEngineImpl reference [CONTEXT log_prefix="RcsEngineImpl[DUAL_REG]:[42171007-ca0c]>Handler" thread_id=407 ]
11-21 22:41:06.091  3869  5149 I whetstone.activity: processNotifyEvent1 resId = 256, bundle = Bundle[{startTime=72920153, sourcePkg=com.facebook.appmanager, sourceUid=10137, status=1, jobId=1602, batteryName=com.facebook.appmanager/com.facebook.oxygen.appmanager.scheduler.schedulers.jobscheduler.JobSchedulerService, elapsedRealtime=72920153}]
11-21 22:41:06.092  3869  4940 I MiuiNetworkPolicy: updateUidState uid = 10137, uidState = 8
11-21 22:41:06.092  4625  4625 I NetBusNetworkMonitor: addConnectNetworkInterface mediumType:256, detail:NetworkDetailInfo{mIsConnected=false, mIsSupportTdls=true, mNetworkType=0, mIpAddress=192.*.*.42, mIfName=wlan0, mGateway=192.*.*.1, mNetmask=255.*.*.0, mSsid=K**20}
11-21 22:41:06.092  4625  4625 I NetBusNetworkMonitor: onCapabilitiesChanged handle=840924319757, mediumType=256, ifName=wlan0
11-21 22:41:06.092  3869  4734 I SmartPower: com.google.android.as.oss/10186(25287): idle->background(107182ms) R(service create com.google.android.as.oss/com.google.android.gms.learning.internal.training.InAppJobService) adj=0.
11-21 22:41:06.092 10578 10744 D TopOnAdsLog: ----initCustomData---- hasHuawei=1, hasMtg=1 : {isRadical=0, hasShareitSplash=1, hasMtg=1, hasShareit=1, hasHuawei13468=1, hasHuawei=1, hasMTGBidding=1, hasBannerIAD=1, isPlugin=1, hasBigo=1, hasVungleNative=1, hasUnity=1, use_vpn=0, hasMax=1, hasPangleNew=1, hasOnline=1, hasInmobi=1, model=24129PN74G, hasVungle=1, hasPubnative=1, hasTopOn=1, hasShareitBanner=1, hasYandex=1}
11-21 22:41:06.092  3869  4734 D ActivityManager: Logging bindService for com.google.android.as.oss, stopped=false, firstLaunch=false
11-21 22:41:06.092   771  2347 I BugleRcsEngine: Connected state: [1], networkType: [WIFI] [CONTEXT thread_id=401 ]
11-21 22:41:06.092  3437  9552 I EventMonitor: notifyEvent resId=256
11-21 22:41:06.092  3869  4734 D BatteryStatsManagerStub: notifyEvent for resId=256 used 0ms
11-21 22:41:06.093  3869  4734 E JobScheduler: ResourceBudgetManagerInternal is null
11-21 22:41:06.093  3869  4734 D ActivityManager: Logging bindService for com.google.android.as.oss, stopped=false, firstLaunch=false
11-21 22:41:06.093  1872  1872 I vendor.qti.hardware.servicetrackeraidl-service: bindService is called for service : com.google.android.as.oss/com.google.android.gms.learning.internal.training.InAppJobService and for client system
11-21 22:41:06.093  1872  1872 I vendor.qti.hardware.servicetrackeraidl-service: total connections for service : com.google.android.as.oss/com.google.android.gms.learning.internal.training.InAppJobServiceare :1
11-21 22:41:06.093  1872  1872 I vendor.qti.hardware.servicetrackeraidl-service: total connections for client : systemare :37
11-21 22:41:06.093  3869  4734 D BatteryStatsManagerStub: notifyEvent for resId=256 used 0ms
11-21 22:41:06.093  3869  4734 E JobScheduler: ResourceBudgetManagerInternal is null
11-21 22:41:06.093  1872  1872 I vendor.qti.hardware.servicetrackeraidl-service: bindService is called for service : com.vodafone.selfservis/com.vodafone.netperform.runtime.NetPerformJobService and for client system
11-21 22:41:06.093  1872  1872 I vendor.qti.hardware.servicetrackeraidl-service: total connections for service : com.vodafone.selfservis/com.vodafone.netperform.runtime.NetPerformJobServiceare :1
11-21 22:41:06.093  1872  1872 I vendor.qti.hardware.servicetrackeraidl-service: total connections for client : systemare :38
11-21 22:41:06.093  3869  4961 W ContextImpl: Calling a method in the system process without a qualified user: android.app.ContextImpl.sendStickyBroadcast:1709 android.net.connectivity.com.android.server.ConnectivityService.sendStickyBroadcast:4282 android.net.connectivity.com.android.server.ConnectivityService.sendGeneralBroadcast:4252 android.net.connectivity.com.android.server.ConnectivityService.sendInetConditionBroadcast:4229 android.net.connectivity.com.android.server.ConnectivityService.updateInetCondition:12547 
11-21 22:41:06.093  3869  5149 I whetstone.activity: processNotifyEvent1 resId = 256, bundle = Bundle[{startTime=72920155, sourcePkg=com.google.android.as.oss, sourceUid=10186, status=1, jobId=-605916168, batteryName=com.google.android.as.oss/com.google.android.gms.learning.internal.training.InAppJobService, elapsedRealtime=72920155}]
11-21 22:41:06.093  3869  4940 I MiuiNetworkPolicy: updateUidState uid = 10186, uidState = 8
11-21 22:41:06.093  3869  5149 I whetstone.activity: processNotifyEvent1 resId = 256, bundle = Bundle[{startTime=72920156, sourcePkg=com.google.android.as.oss, sourceUid=10186, status=1, jobId=-546068258, batteryName=com.google.android.as.oss/com.google.android.gms.learning.internal.training.InAppJobService, elapsedRealtime=72920156}]
11-21 22:41:06.094  3869  4734 I SmartPower: com.vodafone.selfservis/10501(22199): idle->background(63948ms) R(service create com.vodafone.selfservis/com.vodafone.netperform.runtime.NetPerformJobService) adj=0.
11-21 22:41:06.094  3869  4734 D ActivityManager: Logging bindService for com.vodafone.selfservis, stopped=false, firstLaunch=false
11-21 22:41:06.094  3869  4734 D BatteryStatsManagerStub: notifyEvent for resId=256 used 0ms
11-21 22:41:06.094  3869  4734 E JobScheduler: ResourceBudgetManagerInternal is null
11-21 22:41:06.095 22192 22353 D WM-NetworkStateTracker: Network capabilities changed: [ Transports: WIFI Capabilities: NOT_METERED&INTERNET&NOT_RESTRICTED&TRUSTED&NOT_VPN&VALIDATED&NOT_ROAMING&FOREGROUND&NOT_CONGESTED&NOT_SUSPENDED&NOT_VCN_MANAGED&NOT_BANDWIDTH_CONSTRAINED LinkUpBandwidth>=60766Kbps LinkDnBandwidth>=36965Kbps TransportInfo: <SSID: <unknown ssid>, BSSID: 02:00:00:00:00:00, MAC: 02:00:00:00:00:00, IP: /192.168.1.42, Security type: 2, Supplicant state: COMPLETED, Wi-Fi standard: 11ac, RSSI: -61, Link speed: 520Mbps, Tx Link speed: 520Mbps, Max Supported Tx Link speed: 866Mbps, Rx Link speed: 520Mbps, Max Supported Rx Link speed: 866Mbps, Frequency: 5280MHz, Net ID: -1, Metered hint: false, score: 55, isUsable: true, CarrierMerged: false, SubscriptionId: -1, IsPrimary: -1, Trusted: true, Restricted: false, Ephemeral: false, OEM paid: false, OEM private: false, OSU AP: false, FQDN: <none>, Provider friendly name: <none>, Requesting package name: <none><none>MLO Information: , Is TID-To-Link negotiation supported by the AP: false, AP MLD Address: <none>, AP MLO Link Id: <none>, AP MLO Affiliated links: <none>, Vendor Data: <none>> SignalStrength: -61 UnderlyingNetworks: Null]
11-21 22:41:06.095  3437  9552 I EventMonitor: notifyEvent resId=256
11-21 22:41:06.095  8769 18082 D WM-NetworkStateTracker: Network capabilities changed: [ Transports: WIFI Capabilities: NOT_METERED&INTERNET&NOT_RESTRICTED&TRUSTED&NOT_VPN&VALIDATED&NOT_ROAMING&FOREGROUND&NOT_CONGESTED&NOT_SUSPENDED&NOT_VCN_MANAGED&NOT_BANDWIDTH_CONSTRAINED LinkUpBandwidth>=60766Kbps LinkDnBandwidth>=36965Kbps TransportInfo: <SSID: <unknown ssid>, BSSID: 02:00:00:00:00:00, MAC: 02:00:00:00:00:00, IP: /192.168.1.42, Security type: 2, Supplicant state: COMPLETED, Wi-Fi standard: 11ac, RSSI: -61, Link speed: 520Mbps, Tx Link speed: 520Mbps, Max Supported Tx Link speed: 866Mbps, Rx Link speed: 520Mbps, Max Supported Rx Link speed: 866Mbps, Frequency: 5280MHz, Net ID: -1, Metered hint: false, score: 55, isUsable: true, CarrierMerged: false, SubscriptionId: -1, IsPrimary: -1, Trusted: true, Restricted: false, Ephemeral: false, OEM paid: false, OEM private: false, OSU AP: false, FQDN: <none>, Provider friendly name: <none>, Requesting package name: <none><none>MLO Information: , Is TID-To-Link negotiation supported by the AP: false, AP MLD Address: <none>, AP MLO Link Id: <none>, AP MLO Affiliated links: <none>, Vendor Data: <none>> SignalStrength: -61 UnderlyingNetworks: Null]
11-21 22:41:06.095  3437  3671 I EventMonitor: notifyEvent resId=256
11-21 22:41:06.095  3869  5149 I whetstone.activity: processNotifyEvent1 resId = 256, bundle = Bundle[{startTime=72920157, sourcePkg=com.vodafone.selfservis, sourceUid=10501, status=1, jobId=27040210, batteryName=com.vodafone.selfservis/com.vodafone.netperform.runtime.NetPerformJobService, elapsedRealtime=72920157}]
11-21 22:41:06.095   963  3432 D WM-NetworkStateTracker: Network capabilities changed: [ Transports: WIFI Capabilities: NOT_METERED&INTERNET&NOT_RESTRICTED&TRUSTED&NOT_VPN&VALIDATED&NOT_ROAMING&FOREGROUND&NOT_CONGESTED&NOT_SUSPENDED&NOT_VCN_MANAGED&NOT_BANDWIDTH_CONSTRAINED LinkUpBandwidth>=60766Kbps LinkDnBandwidth>=36965Kbps TransportInfo: <SSID: <unknown ssid>, BSSID: 02:00:00:00:00:00, MAC: 02:00:00:00:00:00, IP: /192.168.1.42, Security type: 2, Supplicant state: COMPLETED, Wi-Fi standard: 11ac, RSSI: -61, Link speed: 520Mbps, Tx Link speed: 520Mbps, Max Supported Tx Link speed: 866Mbps, Rx Link speed: 520Mbps, Max Supported Rx Link speed: 866Mbps, Frequency: 5280MHz, Net ID: -1, Metered hint: false, score: 55, isUsable: true, CarrierMerged: false, SubscriptionId: -1, IsPrimary: -1, Trusted: true, Restricted: false, Ephemeral: false, OEM paid: false, OEM private: false, OSU AP: false, FQDN: <none>, Provider friendly name: <none>, Requesting package name: <none><none>MLO Information: , Is TID-To-Link negotiation supported by the AP: false, AP MLD Address: <none>, AP MLO Link Id: <none>, AP MLO Affiliated links: <none>, Vendor Data: <none>> SignalStrength: -61 UnderlyingNetworks: Null]
11-21 22:41:06.095  8769 13096 D WM-GreedyScheduler: Constraints met: Scheduling work ID WorkGenerationalId(workSpecId=a1c4507e-e320-4651-8212-6ec88e506b90, generation=0)
11-21 22:41:06.096  8769 13096 D WM-Processor: C1f: processing WorkGenerationalId(workSpecId=a1c4507e-e320-4651-8212-6ec88e506b90, generation=0)
11-21 22:41:06.096  3869  4961 D AmlWifiScoreReportInjector: suspect data stall: false actual:false
11-21 22:41:06.096   963  3741 D WM-GreedyScheduler: Constraints met: Scheduling work ID WorkGenerationalId(workSpecId=c25acda1-d468-4763-b4f7-685d608b273b, generation=0)
11-21 22:41:06.096   963  3741 D WM-Processor: Processor: processing WorkGenerationalId(workSpecId=c25acda1-d468-4763-b4f7-685d608b273b, generation=0)
11-21 22:41:06.096  3437  3671 I EventMonitor: notifyEvent resId=256
11-21 22:41:06.096  3869  4940 I MiuiNetworkPolicy: updateUidState uid = 99077, uidState = 8
11-21 22:41:06.096  3869  4940 I MiuiNetworkPolicy: updateUidState uid = 10501, uidState = 8
11-21 22:41:06.096 22192 22298 D WM-GreedyScheduler: Constraints met: Scheduling work ID WorkGenerationalId(workSpecId=cee6286d-d154-440b-bb00-bc9c518d62d5, generation=0)
11-21 22:41:06.097  3869  5236 D BackgroundInstallControlService: Package event received: 0
11-21 22:41:06.097  3869  5956 I ClipboardServiceI: checkProviderWakePathForClipboard: com.google.android.apps.messagingis not a activePermissionOwner
11-21 22:41:06.098  1872  1872 I vendor.qti.hardware.servicetrackeraidl-service: bindService is called for service : ru.vk.store/androidx.work.impl.background.systemjob.SystemJobService and for client system
11-21 22:41:06.098  1872  1872 I vendor.qti.hardware.servicetrackeraidl-service: total connections for service : ru.vk.store/androidx.work.impl.background.systemjob.SystemJobServiceare :1
11-21 22:41:06.098  1872  1872 I vendor.qti.hardware.servicetrackeraidl-service: total connections for client : systemare :39
11-21 22:41:06.098  8769  8769 D WM-WorkerWrapper: Starting work for com.whatsapp.messaging.xmpp.XmppLifecycleWorker
11-21 22:41:06.099  3869  4940 I MiuiNetworkPolicy: updateUidState uid = 10439, uidState = 8
11-21 22:41:06.099  3869  4233 W ActivityManager: Unable to open /sys/fs/cgroup/apps/uid_10501/pid_22650/cgroup.procs
11-21 22:41:06.099  3869  4233 W ActivityManager: java.io.FileNotFoundException: /sys/fs/cgroup/apps/uid_10501/pid_22650/cgroup.procs: open failed: ENOENT (No such file or directory)
11-21 22:41:06.099  3869  4233 W ActivityManager: 	at libcore.io.IoBridge.open(IoBridge.java:574)
11-21 22:41:06.099  3869  4233 W ActivityManager: 	at java.io.FileInputStream.<init>(FileInputStream.java:179)
11-21 22:41:06.099  3869  4233 W ActivityManager: 	at java.io.FileInputStream.<init>(FileInputStream.java:133)
11-21 22:41:06.099  3869  4233 W ActivityManager: 	at com.android.server.am.PhantomProcessList$Injector.openCgroupProcs(PhantomProcessList.java:616)
11-21 22:41:06.099  3869  4233 W ActivityManager: 	at com.android.server.am.PhantomProcessList.lookForPhantomProcessesLocked(PhantomProcessList.java:150)
11-21 22:41:06.099  3869  4233 W ActivityManager: 	at com.android.server.am.PhantomProcessList.setProcessGroupForPhantomProcessOfApp(PhantomProcessList.java:545)
11-21 22:41:06.099  3869  4233 W ActivityManager: 	at com.android.server.am.OomAdjuster.lambda$new$0(OomAdjuster.java:586)
11-21 22:41:06.099  3869  4233 W ActivityManager: 	at com.android.server.am.OomAdjuster.$r8$lambda$uOb2fkEfiodlL-R7ljyXmiY1wCQ(Unknown Source:0)
11-21 22:41:06.099  3869  4233 W ActivityManager: 	at com.android.server.am.OomAdjuster$$ExternalSyntheticLambda0.handleMessage(D8$$SyntheticClass:0)
11-21 22:41:06.099  3869  4233 W ActivityManager: 	at android.os.Handler.dispatchMessage(Handler.java:106)
11-21 22:41:06.099  3869  4233 W ActivityManager: 	at android.os.Looper.loopOnce(Looper.java:265)
11-21 22:41:06.099  3869  4233 W ActivityManager: 	at android.os.Looper.loop(Looper.java:358)
11-21 22:41:06.099  3869  4233 W ActivityManager: 	at android.os.HandlerThread.run(HandlerThread.java:85)
11-21 22:41:06.099  3869  4233 W ActivityManager: 	at com.android.server.ServiceThread.run(ServiceThread.java:49)
11-21 22:41:06.099  3869  4233 W ActivityManager: Caused by: android.system.ErrnoException: open failed: ENOENT (No such file or directory)
11-21 22:41:06.099  3869  4233 W ActivityManager: 	at libcore.io.Linux.open(Native Method)
11-21 22:41:06.099  3869  4233 W ActivityManager: 	at libcore.io.ForwardingOs.open(ForwardingOs.java:568)
11-21 22:41:06.099  3869  4233 W ActivityManager: 	at libcore.io.BlockGuardOs.open(BlockGuardOs.java:274)
11-21 22:41:06.099  3869  4233 W ActivityManager: 	at libcore.io.IoBridge.open(IoBridge.java:560)
11-21 22:41:06.099  3869  4233 W ActivityManager: 	... 13 more
11-21 22:41:06.099  3869  4734 D ActivityManager: Logging bindService for ru.vk.store, stopped=false, firstLaunch=false
11-21 22:41:06.100   963   963 D WM-WorkerWrapper: Starting work for slack.services.activityfeed.impl.repository.work.ActivityFeedRepositoryWork
11-21 22:41:06.100  3869  4084 D GnssSsruImpl: onLocationPermissionsChanged provider:network packageName:com.vodafone.selfservis
11-21 22:41:06.100  3869  4084 D GnssSsruImpl: onLocationPermissionsChanged provider:passive packageName:com.vodafone.selfservis
11-21 22:41:06.100  3869  4084 D GnssSsruImpl: onLocationPermissionsChanged provider:gps packageName:com.vodafone.selfservis
11-21 22:41:06.100   771  2872 I BugleRcsEngine: Rcs is enabled from user settings: true [CONTEXT log_prefix="ProvisioningEngineDataRetriever" thread_id=407 ]
11-21 22:41:06.100  3869  4084 D GnssSsruImpl: onLocationPermissionsChanged provider:network packageName:ru.vk.store
11-21 22:41:06.101  3869  4084 D GnssSsruImpl: onLocationPermissionsChanged provider:passive packageName:ru.vk.store
11-21 22:41:06.101  3869  4084 D GnssSsruImpl: onLocationPermissionsChanged provider:gps packageName:ru.vk.store
11-21 22:41:06.101  1863  3263 I vendor.qti.hardware.display.composer-service: Sensor: notify citsensorservice to trigger cwb, misForced = 0
11-21 22:41:06.101  3869  4734 D BatteryStatsManagerStub: notifyEvent for resId=256 used 0ms
11-21 22:41:06.102  3869  4734 E JobScheduler: ResourceBudgetManagerInternal is null
11-21 22:41:06.102  3869  5149 I whetstone.activity: processNotifyEvent1 resId = 256, bundle = Bundle[{startTime=72920164, sourcePkg=ru.vk.store, sourceUid=10439, status=1, jobId=6935, batteryName=@androidx.work.systemjobscheduler@ru.vk.store/androidx.work.impl.background.systemjob.SystemJobService, elapsedRealtime=72920164}]
11-21 22:41:06.102  1863  1863 I SDM     : CWB config passed by cwb_client : tappoint 1  CWB_ROI : (480.000000 159.000000 721.000000 400.000000) for display-0
11-21 22:41:06.102  3437 12151 I EventMonitor: notifyEvent resId=256
11-21 22:41:06.102  1872  1872 I vendor.qti.hardware.servicetrackeraidl-service: bindService is called for service : com.Slack/androidx.work.impl.background.systemjob.SystemJobService and for client system
11-21 22:41:06.102  1872  1872 I vendor.qti.hardware.servicetrackeraidl-service: total connections for service : com.Slack/androidx.work.impl.background.systemjob.SystemJobServiceare :1
11-21 22:41:06.102  1872  1872 I vendor.qti.hardware.servicetrackeraidl-service: total connections for client : systemare :40
11-21 22:41:06.103  3869  4940 I MiuiNetworkPolicy: updateUidState uid = 10492, uidState = 8
11-21 22:41:06.103  3869  4734 I SmartPower: com.Slack/10492(963): idle->background(107737ms) R(service create com.Slack/androidx.work.impl.background.systemjob.SystemJobService) adj=0.
11-21 22:41:06.103  3869  4233 W ActivityManager: Unable to open /sys/fs/cgroup/apps/uid_10501/pid_22650/cgroup.procs
11-21 22:41:06.103  3869  4233 W ActivityManager: java.io.FileNotFoundException: /sys/fs/cgroup/apps/uid_10501/pid_22650/cgroup.procs: open failed: ENOENT (No such file or directory)
11-21 22:41:06.103  3869  4233 W ActivityManager: 	at libcore.io.IoBridge.open(IoBridge.java:574)
11-21 22:41:06.103  3869  4233 W ActivityManager: 	at java.io.FileInputStream.<init>(FileInputStream.java:179)
11-21 22:41:06.103  3869  4233 W ActivityManager: 	at java.io.FileInputStream.<init>(FileInputStream.java:133)
11-21 22:41:06.103  3869  4233 W ActivityManager: 	at com.android.server.am.PhantomProcessList$Injector.openCgroupProcs(PhantomProcessList.java:616)
11-21 22:41:06.103  3869  4233 W ActivityManager: 	at com.android.server.am.PhantomProcessList.lookForPhantomProcessesLocked(PhantomProcessList.java:150)
11-21 22:41:06.103  3869  4233 W ActivityManager: 	at com.android.server.am.PhantomProcessList.setProcessGroupForPhantomProcessOfApp(PhantomProcessList.java:545)
11-21 22:41:06.103  3869  4233 W ActivityManager: 	at com.android.server.am.OomAdjuster.lambda$new$0(OomAdjuster.java:586)
11-21 22:41:06.103  3869  4233 W ActivityManager: 	at com.android.server.am.OomAdjuster.$r8$lambda$uOb2fkEfiodlL-R7ljyXmiY1wCQ(Unknown Source:0)
11-21 22:41:06.103  3869  4233 W ActivityManager: 	at com.android.server.am.OomAdjuster$$ExternalSyntheticLambda0.handleMessage(D8$$SyntheticClass:0)
11-21 22:41:06.103  3869  4233 W ActivityManager: 	at android.os.Handler.dispatchMessage(Handler.java:106)
11-21 22:41:06.103  3869  4233 W ActivityManager: 	at android.os.Looper.loopOnce(Looper.java:265)
11-21 22:41:06.103  3869  4233 W ActivityManager: 	at android.os.Looper.loop(Looper.java:358)
11-21 22:41:06.103  3869  4233 W ActivityManager: 	at android.os.HandlerThread.run(HandlerThread.java:85)
11-21 22:41:06.103  3869  4233 W ActivityManager: 	at com.android.server.ServiceThread.run(ServiceThread.java:49)
11-21 22:41:06.103  3869  4233 W ActivityManager: Caused by: android.system.ErrnoException: open failed: ENOENT (No such file or directory)
11-21 22:41:06.103  3869  4233 W ActivityManager: 	at libcore.io.Linux.open(Native Method)
11-21 22:41:06.103  3869  4233 W ActivityManager: 	at libcore.io.ForwardingOs.open(ForwardingOs.java:568)
11-21 22:41:06.103  3869  4233 W ActivityManager: 	at libcore.io.BlockGuardOs.open(BlockGuardOs.java:274)
11-21 22:41:06.103  3869  4233 W ActivityManager: 	at libcore.io.IoBridge.open(IoBridge.java:560)
11-21 22:41:06.103  3869  4233 W ActivityManager: 	... 13 more
11-21 22:41:06.103  3869  4734 D ActivityManager: Logging bindService for com.Slack, stopped=false, firstLaunch=false
11-21 22:41:06.104  3869  4734 D BatteryStatsManagerStub: notifyEvent for resId=256 used 0ms
11-21 22:41:06.104  3869  5149 I whetstone.activity: processNotifyEvent1 resId = 256, bundle = Bundle[{startTime=72920166, sourcePkg=com.Slack, sourceUid=10492, status=1, jobId=31960, batteryName=@androidx.work.systemjobscheduler@com.Slack/androidx.work.impl.background.systemjob.SystemJobService, elapsedRealtime=72920166}]
11-21 22:41:06.104  3437 12151 I EventMonitor: notifyEvent resId=256
11-21 22:41:06.104 22192 22298 D WM-Processor: q: processing WorkGenerationalId(workSpecId=cee6286d-d154-440b-bb00-bc9c518d62d5, generation=0)
11-21 22:41:06.105  3869  4734 W JobServiceContext: Sending onNetworkChanged for a job that isn't started. JobStatus{bc26120 #u0a186/-546068258 com.google.android.as.oss/com.google.android.gms.learning.internal.training.InAppJobService u=0 s=10186 TIME=-41s278ms:none NET CHARGING PERSISTED READY}
11-21 22:41:06.105  3869  4734 W JobServiceContext: Sending onNetworkChanged for a job that isn't started. JobStatus{904cee7 #u0a186/-605916168 com.google.android.as.oss/com.google.android.gms.learning.internal.training.InAppJobService u=0 s=10186 TIME=-5m12s777ms:none NET CHARGING PERSISTED READY}
11-21 22:41:06.105  3869  4734 W JobServiceContext: Sending onNetworkChanged for a job that isn't started. JobStatus{720f356 #u0a501/27040210 com.vodafone.selfservis/com.vodafone.netperform.runtime.NetPerformJobService u=0 s=10501 TIME=-1m15s842ms:+13m44s158ms NET PERIODIC PERSISTED READY}
11-21 22:41:06.105  3869  4734 W JobServiceContext: Sending onNetworkChanged for a job that isn't started. JobStatus{73d8b5a androidx.work.systemjobscheduler:u0a492/31960 @androidx.work.systemjobscheduler@com.Slack/androidx.work.impl.background.systemjob.SystemJobService u=0 s=10492 NET READY}
11-21 22:41:06.106  3869  7196 D ConnectivityService: Returning UNBLOCKED NetworkInfo to uid=10501
11-21 22:41:06.107 22192 22192 D WM-SystemJobService: onStartJob for WorkGenerationalId(workSpecId=cee6286d-d154-440b-bb00-bc9c518d62d5, generation=0)
11-21 22:41:06.106 15312 15550 E WM-WorkerWrapper: Didn't find WorkSpec for id 2cc29847-cb43-4777-ad54-2fa08f363edf
11-21 22:41:06.107   963   963 D WM-SystemJobService: onStartJob for WorkGenerationalId(workSpecId=c25acda1-d468-4763-b4f7-685d608b273b, generation=0)
11-21 22:41:06.107   963  3737 D WM-Processor: Work WorkGenerationalId(workSpecId=c25acda1-d468-4763-b4f7-685d608b273b, generation=0) is already enqueued for processing
11-21 22:41:06.107  5834  6635 D IWlanJni: new aidl event arrived
11-21 22:41:06.107  5834  6635 D IWlanJni: handleEvent 3
11-21 22:41:06.107  5834  6635 D IWlanJni: isThreadAttached start
11-21 22:41:06.107  5834  6635 D IWlanJni: jni detached
11-21 22:41:06.107  5834  6635 D IWlanJni: jni attached
11-21 22:41:06.107  5834  6635 D IWlanJni: dataRegistrationStateChangeIndication start
11-21 22:41:06.107  5834  6635 D IWlanJni: getJavaCallbackClass start
11-21 22:41:06.107  5834  6635 D IWlanJni: getJavaCallbackClass End midIs[1]
11-21 22:41:06.107  5834  6635 I IWlanAidlClient: dataRegistrationStateChangeIndication called
11-21 22:41:06.108 14211 14211 E wpa_supplicant: this is p2p_get_hc_enable
11-21 22:41:06.108 14211 14211 I wpa_supplicant: p2phc cloud control is close.
11-21 22:41:06.109  2801  2957 D wlc     : Interface change event received
11-21 22:41:06.110 15312 15550 I WM-WorkerWrapper: Worker result SUCCESS for Work [ id=6b836501-baea-44f6-b24f-ba5e38efe5b3, tags={ com.xiaomi.market.push.timedPush.TimedPushWorker } ]
11-21 22:41:06.110  5834  6652 D IWlanJni: new aidl event arrived
11-21 22:41:06.110  5834  6652 D IWlanJni: handleEvent 5
11-21 22:41:06.110  5834  6652 D IWlanJni: isThreadAttached start
11-21 22:41:06.110  5834  6652 D IWlanJni: jni detached
11-21 22:41:06.110  5834  6652 D IWlanJni: jni attached
11-21 22:41:06.110  5834  6652 D IWlanJni: qualifiedNetworksChangeIndication start
11-21 22:41:06.110  5834  6652 D IWlanJni: getJavaCallbackClass start
11-21 22:41:06.110  5834  6652 D IWlanJni: getJavaCallbackClass End midIs[1]
11-21 22:41:06.110  5834  6634 D IWlanJni: responseAcknowledgement start
11-21 22:41:06.110  5834  6652 I IWlanAidlClient: qualifiedNetworksChangeIndication called
11-21 22:41:06.110  5834  6652 D IWlanJni: handleEvent 3
11-21 22:41:06.110  5834  6652 D IWlanJni: isThreadAttached start
11-21 22:41:06.110  5834  6652 D IWlanJni: jni detached
11-21 22:41:06.110  5834  6652 D IWlanJni: jni attached
11-21 22:41:06.110  5834  6652 D IWlanJni: dataRegistrationStateChangeIndication start
11-21 22:41:06.110  5834  6652 D IWlanJni: getJavaCallbackClass start
11-21 22:41:06.110  5834  6652 D IWlanJni: getJavaCallbackClass End midIs[1]
11-21 22:41:06.110  5834  6652 I IWlanAidlClient: dataRegistrationStateChangeIndication called
11-21 22:41:06.111 22192 22192 D WM-WorkerWrapper: Starting work for com.vk.push.pushsdk.work.OneTimePushReceiveWorker
11-21 22:41:06.111  5834  6651 D IWlanJni: responseAcknowledgement start
11-21 22:41:06.111 22192  8285 I VkpnsPushProvider:OneTimePushReceiveWorker: Work has started
11-21 22:41:06.111 22192 22300 D WM-Processor: Work WorkGenerationalId(workSpecId=cee6286d-d154-440b-bb00-bc9c518d62d5, generation=0) is already enqueued for processing
11-21 22:41:06.112  5834  6651 D IWlanJni: responseAcknowledgement start
11-21 22:41:06.113  2551  2551 I cnd     :  OperatorLookup Enter : ICCID String Passed : 89902860300326488453
11-21 22:41:06.113  2551  2551 I cnd     : OperatorLookup: No Match Found for iccid: [89902860300326488453] - Returning default operator: [ROW]
11-21 22:41:06.113  2551  2551 I cnd     :  OperatorLookup Enter : ICCID String Passed : 89902860300326488453
11-21 22:41:06.113  2551  2551 I cnd     : OperatorLookup: No Match Found for iccid: [89902860300326488453] - Returning default operator: [ROW]
11-21 22:41:06.113  2551  2551 I cnd     :  OperatorLookup Enter : ICCID String Passed : 89902860300326488453
11-21 22:41:06.113  2551  2551 I cnd     : OperatorLookup: No Match Found for iccid: [89902860300326488453] - Returning default operator: [ROW]
11-21 22:41:06.113  2551  2551 I cnd     :  OperatorLookup Enter : ICCID String Passed : 89902860300326488453
11-21 22:41:06.113  2551  2551 I cnd     : OperatorLookup: No Match Found for iccid: [89902860300326488453] - Returning default operator: [ROW]
11-21 22:41:06.113  2551  2551 I cnd     :  OperatorLookup Enter : ICCID String Passed : 89902860300326488453
11-21 22:41:06.113  2551  2551 I cnd     : OperatorLookup: No Match Found for iccid: [89902860300326488453] - Returning default operator: [ROW]
11-21 22:41:06.113 22192  8291 I VkpnsPushProvider:OneTimePushReceiveWorker:OneTimePushReceiveHelper: Sync pushes started, available timeout: 300
11-21 22:41:06.113 22192  8291 I VkpnsPushProvider:OneTimePushReceiveWorker:OneTimePushReceiveHelper:StateMachine: Consume event: com.vk.push.pushsdk.receiver.q$a$b@812a070
11-21 22:41:06.113 22192  8291 I VkpnsPushProvider:OneTimePushReceiveWorker:OneTimePushReceiveHelper:StateMachine: New state is com.vk.push.pushsdk.receiver.q$b$e@3709fe9
11-21 22:41:06.113 22192  8291 D VkpnsPushProvider:CachingPushMessagesReceiver: Start receive messages
11-21 22:41:06.113 22192  8291 D VkpnsPushProvider:MergedReceiver: Start receive messages
11-21 22:41:06.114  2491  3615 D qcrilNrd: SUB[1][xiaomi_qcril_new_rat.cpp:47] xiaomi_qcril_update_four_point_fiveg_unsol: function entry ------------->
11-21 22:41:06.114  2491  3615 D qcrilNrd: SUB[1][xiaomi_qcril_new_rat.cpp:50] xiaomi_qcril_update_four_point_fiveg_unsol: customized_name: 
11-21 22:41:06.114  3869  7194 D BatteryStatsManagerStub: notifyEvent for resId=256 used 0ms
11-21 22:41:06.114  3869  5149 I whetstone.activity: processNotifyEvent1 resId = 256, bundle = Bundle[{startTime=72920177, sourcePkg=com.vodafone.selfservis, sourceUid=10501, status=0, jobId=27040210, batteryName=com.vodafone.selfservis/com.vodafone.netperform.runtime.NetPerformJobService, elapsedRealtime=72920177}]
11-21 22:41:06.115  2491  3615 D qcrilNrd: SUB[1][xiaomi_qcril_new_rat.cpp:47] xiaomi_qcril_update_four_point_fiveg_unsol: function entry ------------->
11-21 22:41:06.115  2491  3615 D qcrilNrd: SUB[1][xiaomi_qcril_new_rat.cpp:50] xiaomi_qcril_update_four_point_fiveg_unsol: customized_name: 
11-21 22:41:06.115  1872  1872 I vendor.qti.hardware.servicetrackeraidl-service: unbindService is called for service : com.vodafone.selfservis/com.vodafone.netperform.runtime.NetPerformJobService and for client system
11-21 22:41:06.115  1872  1872 I vendor.qti.hardware.servicetrackeraidl-service: size of service connections for service: com.vodafone.selfservis/com.vodafone.netperform.runtime.NetPerformJobServiceafter removal is 0
11-21 22:41:06.115  1872  1872 I vendor.qti.hardware.servicetrackeraidl-service: size of client connections for client: systemafter removal is 39
11-21 22:41:06.115  1872  1872 I vendor.qti.hardware.servicetrackeraidl-service: destroyService is called for service : com.vodafone.selfservis/com.vodafone.netperform.runtime.NetPerformJobService
11-21 22:41:06.115 27952 28148 I Cello   : [28148:NonCelloThread] cello.cc:958:operator() got notified of network change to online
11-21 22:41:06.115 27952 28204 I Cello   : [28204:NonCelloThread] cello.cc:958:operator() got notified of network change to online
11-21 22:41:06.116  3869  4940 I MiuiNetworkPolicy: updateUidState uid = 99077, uidState = 10
11-21 22:41:06.116  3869  4940 I MiuiNetworkPolicy: updateUidState uid = 10501, uidState = 10
11-21 22:41:06.117  1863  2473 I SDM     : HWDeviceDRM::SetupConcurrentWriteback: Tear down the Concurrent Writeback topology
11-21 22:41:06.114  3437 12151 I EventMonitor: notifyEvent resId=256
11-21 22:41:06.118  5834  6617 D IWlanJni: getDataRegistrationState start
11-21 22:41:06.118 27952 28246 I Cello   : [28246:NonCelloThread] cello.cc:958:operator() got notified of network change to online
11-21 22:41:06.118 27952 28230 I Cello   : [28230:NonCelloThread] cello.cc:958:operator() got notified of network change to online
11-21 22:41:06.118  5834  6635 D IWlanJni: new aidl event arrived
11-21 22:41:06.118  5834  6635 D IWlanJni: handleEvent 10
11-21 22:41:06.118  5834  6635 D IWlanJni: isThreadAttached start
11-21 22:41:06.118  5834  6635 D IWlanJni: jni detached
11-21 22:41:06.118  5834  6635 D IWlanJni: jni attached
11-21 22:41:06.118  5834  6635 D IWlanJni: getDataRegistrationStateResponse start
11-21 22:41:06.118  5834  6635 D IWlanJni: getJavaCallbackClass start
11-21 22:41:06.118  5834  6635 D IWlanJni: getJavaCallbackClass End midIs[1]
11-21 22:41:06.118  5834  6635 I IWlanAidlClient: getDataRegistrationStateResponse called
11-21 22:41:06.118 12746 13099 D AudioManager: getMode: mode=0, callApp=com.staircase3.opensignal
11-21 22:41:06.118  5834  6634 W IWlanNetworkService: 1456 > Response Processed
11-21 22:41:06.118  3869  7194 E JobScheduler: ResourceBudgetManagerInternal is null
11-21 22:41:06.119 12746 13099 D AudioManager: getMode: mode=0, callApp=com.staircase3.opensignal
11-21 22:41:06.119 12746 13099 D AudioManager: getMode: mode=0, callApp=com.staircase3.opensignal
11-21 22:41:06.119 12746 13099 D AudioManager: getMode: mode=0, callApp=com.staircase3.opensignal
11-21 22:41:06.119  1872  1872 I vendor.qti.hardware.servicetrackeraidl-service: bindService is called for service : com.whatsapp/androidx.work.impl.background.systemjob.SystemJobService and for client system
11-21 22:41:06.119  1872  1872 I vendor.qti.hardware.servicetrackeraidl-service: total connections for service : com.whatsapp/androidx.work.impl.background.systemjob.SystemJobServiceare :1
11-21 22:41:06.119  1872  1872 I vendor.qti.hardware.servicetrackeraidl-service: total connections for client : systemare :40
11-21 22:41:06.120  3869  4940 I MiuiNetworkPolicy: updateUidState uid = 10339, uidState = 8
11-21 22:41:06.121  3869  7194 D ActivityManager: Logging bindService for com.whatsapp, stopped=false, firstLaunch=false
11-21 22:41:06.121  3869  7194 D BatteryStatsManagerStub: notifyEvent for resId=256 used 0ms
