11-21 22:40:29.104  3869  6545 D ActivityManager: Logging startService for com.google.android.gms, stopped=false, firstLaunch=false, intent=Intent { xflg=0x4 cmp=com.google.android.gms/.chimera.GmsBoundBrokerService (has extras) }, r.app=ProcessRecord{ab60f63 10545:com.google.android.gms/u0a165}
11-21 22:40:29.107  3869  6545 D ActivityManager: Logging bindService for com.google.android.gms, stopped=false, firstLaunch=false
11-21 22:40:29.107  1872  1872 I vendor.qti.hardware.servicetrackeraidl-service: bindService is called for service : com.google.android.gms/.chimera.PersistentDirectBootAwareApiService and for client com.google.android.gms
11-21 22:40:29.107  1872  1872 I vendor.qti.hardware.servicetrackeraidl-service: total connections for service : com.google.android.gms/.chimera.PersistentDirectBootAwareApiServiceare :18
11-21 22:40:29.107  1872  1872 I vendor.qti.hardware.servicetrackeraidl-service: total connections for client : com.google.android.gmsare :2
11-21 22:40:29.109 10545 10648 W Binder  : Caught a RuntimeException from the binder stub implementation.
11-21 22:40:29.109 10545 10648 W Binder  : java.lang.UnsupportedOperationException
11-21 22:40:29.109 10545 10648 W Binder  : 	at bbaj.b(:com.google.android.gms@254632035@25.46.32 (260400-834478335):3)
11-21 22:40:29.109 10545 10648 W Binder  : 	at bbaj.dispatchTransaction(:com.google.android.gms@254632035@25.46.32 (260400-834478335):33)
11-21 22:40:29.109 10545 10648 W Binder  : 	at buem.a(:com.google.android.gms@254632035@25.46.32 (260400-834478335):50)
11-21 22:40:29.109 10545 10648 W Binder  : 	at xom.onTransact(:com.google.android.gms@254632035@25.46.32 (260400-834478335):23)
11-21 22:40:29.109 10545 10648 W Binder  : 	at android.os.Binder.execTransactInternal(Binder.java:1433)
11-21 22:40:29.109 10545 10648 W Binder  : 	at android.os.Binder.execTransact(Binder.java:1372)
11-21 22:40:29.110 22400 24747 D JavaheapMonitor: Java heap used=21M max=512M, proc: com.google.android.apps.photos
11-21 22:40:29.110 22400 24747 V JavaheapMonitor: Check java heap usage finished! Next check delay: 300000
11-21 22:40:29.111  1872  1872 I vendor.qti.hardware.servicetrackeraidl-service: bindService is called for service : com.google.android.gms/.chimera.GmsInternalBoundBrokerService and for client com.google.android.gms
11-21 22:40:29.111  1872  1872 I vendor.qti.hardware.servicetrackeraidl-service: total connections for service : com.google.android.gms/.chimera.GmsInternalBoundBrokerServiceare :1
11-21 22:40:29.111  1872  1872 I vendor.qti.hardware.servicetrackeraidl-service: total connections for client : com.google.android.gmsare :3
11-21 22:40:29.111  3869  6545 D ActivityManager: Logging bindService for com.google.android.gms, stopped=false, firstLaunch=false
11-21 22:40:29.112 10545 10545 D BoundBrokerSvc: onBind: Intent { act=com.google.android.gms.common.BIND_SHARED_PREFS xflg=0x4 pkg=com.google.android.gms }
11-21 22:40:29.112 10545 10545 D BoundBrokerSvc: Loading bound service for intent: Intent { act=com.google.android.gms.common.BIND_SHARED_PREFS xflg=0x4 pkg=com.google.android.gms }
11-21 22:40:29.113 10545 10648 W Binder  : Caught a RuntimeException from the binder stub implementation.
11-21 22:40:29.113 10545 10648 W Binder  : java.lang.UnsupportedOperationException
11-21 22:40:29.113 10545 10648 W Binder  : 	at bbaj.b(:com.google.android.gms@254632035@25.46.32 (260400-834478335):3)
11-21 22:40:29.113 10545 10648 W Binder  : 	at bbaj.dispatchTransaction(:com.google.android.gms@254632035@25.46.32 (260400-834478335):33)
11-21 22:40:29.113 10545 10648 W Binder  : 	at buem.a(:com.google.android.gms@254632035@25.46.32 (260400-834478335):50)
11-21 22:40:29.113 10545 10648 W Binder  : 	at xom.onTransact(:com.google.android.gms@254632035@25.46.32 (260400-834478335):23)
11-21 22:40:29.113 10545 10648 W Binder  : 	at android.os.Binder.execTransactInternal(Binder.java:1433)
11-21 22:40:29.113 10545 10648 W Binder  : 	at android.os.Binder.execTransact(Binder.java:1372)
11-21 22:40:29.114  1872  1872 I vendor.qti.hardware.servicetrackeraidl-service: bindService is called for service : com.google.android.gms/.droidguard.DroidGuardService and for client com.google.android.apps.messaging
11-21 22:40:29.114  1872  1872 I vendor.qti.hardware.servicetrackeraidl-service: total connections for service : com.google.android.gms/.droidguard.DroidGuardServiceare :1
11-21 22:40:29.114  1872  1872 I vendor.qti.hardware.servicetrackeraidl-service: total connections for client : com.google.android.apps.messagingare :2
11-21 22:40:29.115  3869  5236 D BackgroundInstallControlService: Package event received: 0
11-21 22:40:29.115  3869  5236 D BackgroundInstallControlService: Package event received: 0
11-21 22:40:29.115  3869  6545 I SmartPower: com.google.android.gms.unstable/10165(26163): idle->background(70205ms) R(service create com.google.android.gms/.droidguard.DroidGuardService) adj=0.
11-21 22:40:29.115  3869  6545 D ActivityManager: Logging bindService for com.google.android.gms, stopped=false, firstLaunch=false
11-21 22:40:29.127  3869  6545 D ActivityManager: Logging bindService for com.google.android.gms, stopped=false, firstLaunch=false
11-21 22:40:29.127  1872  1872 I vendor.qti.hardware.servicetrackeraidl-service: bindService is called for service : com.google.android.gms/.chimera.PersistentDirectBootAwareApiService and for client com.google.android.gms.unstable
11-21 22:40:29.127  1872  1872 I vendor.qti.hardware.servicetrackeraidl-service: total connections for service : com.google.android.gms/.chimera.PersistentDirectBootAwareApiServiceare :19
11-21 22:40:29.127  1872  1872 I vendor.qti.hardware.servicetrackeraidl-service: total connections for client : com.google.android.gms.unstableare :2
11-21 22:40:29.128  3869  6545 D ActivityManager: Logging bindService for com.google.android.gms, stopped=false, firstLaunch=false
11-21 22:40:29.128  1872  1872 I vendor.qti.hardware.servicetrackeraidl-service: bindService is called for service : com.google.android.gms/.chimera.PersistentDirectBootAwareApiService and for client com.google.android.gms.unstable
11-21 22:40:29.128  1872  1872 I vendor.qti.hardware.servicetrackeraidl-service: total connections for service : com.google.android.gms/.chimera.PersistentDirectBootAwareApiServiceare :19
11-21 22:40:29.128  1872  1872 I vendor.qti.hardware.servicetrackeraidl-service: total connections for client : com.google.android.gms.unstableare :2
11-21 22:40:29.130 26163 26180 W Binder  : Caught a RuntimeException from the binder stub implementation.
11-21 22:40:29.130 26163 26180 W Binder  : java.lang.UnsupportedOperationException
11-21 22:40:29.130 26163 26180 W Binder  : 	at bbaj.b(:com.google.android.gms@254632035@25.46.32 (260400-834478335):3)
11-21 22:40:29.130 26163 26180 W Binder  : 	at bbaj.dispatchTransaction(:com.google.android.gms@254632035@25.46.32 (260400-834478335):33)
11-21 22:40:29.130 26163 26180 W Binder  : 	at buem.a(:com.google.android.gms@254632035@25.46.32 (260400-834478335):50)
11-21 22:40:29.130 26163 26180 W Binder  : 	at xom.onTransact(:com.google.android.gms@254632035@25.46.32 (260400-834478335):23)
11-21 22:40:29.130 26163 26180 W Binder  : 	at android.os.Binder.execTransactInternal(Binder.java:1433)
11-21 22:40:29.130 26163 26180 W Binder  : 	at android.os.Binder.execTransact(Binder.java:1372)
11-21 22:40:29.142  3869  4237 D SsruManagerImpl: MiSsru Sensor not init!!!!
11-21 22:40:29.142  1841  1841 I sensors-hal: batch:141, android.sensor.linear_acceleration/101, period=20000000, max_latency=0
11-21 22:40:29.142  1841  1841 I sensors-hal: set_config:56, sample_period_ns is adjusted to 20000000 based on min/max delay_ns
11-21 22:40:29.142  1841  1841 I sensors-hal: batch:150, android.sensor.linear_acceleration/101, period=20000000, max_latency=0 request completed
11-21 22:40:29.143  3869  6545 I SensorService: 	>>> actuating h/w activate handle=0x65 enabled=1
11-21 22:40:29.143  1841  1841 I sensors-hal: activate:108, android.sensor.linear_acceleration/101 en=1
11-21 22:40:29.143  1841  1841 I sensors-hal: acquire_qsh_interface:123, acquire_qsh_interface with sensor_id 39 , conn_type 2 
11-21 22:40:29.145  1841  1841 I sensors-hal: qsh_qmi:41, qsh_qmi
11-21 22:40:29.145  1841  1841 I sensors-hal: send_sync_sensor_request:471, send sync request
11-21 22:40:29.145  1841  1841 I sensors-hal: send_sync_sensor_request:500, wait for notification of response
11-21 22:40:29.146  1841 15260 I sensors-hal: qsh_conn_resp_cb:825, resp_value = 0 for gravity 
11-21 22:40:29.146  1841  1841 I sensors-hal: send_sync_sensor_request:506, takes 0 ms to receive the response with 0
11-21 22:40:29.146  1841  1841 I sensors-hal: activate:119, android.sensor.linear_acceleration/101 en=1 completed
11-21 22:40:29.147  1841  1841 I sensors-hal: batch:141, android.sensor.rotation_vector/111, period=20000000, max_latency=0
11-21 22:40:29.147  1841  1841 I sensors-hal: set_config:56, sample_period_ns is adjusted to 20000000 based on min/max delay_ns
11-21 22:40:29.147  1841  1841 I sensors-hal: batch:150, android.sensor.rotation_vector/111, period=20000000, max_latency=0 request completed
11-21 22:40:29.147  3869  4237 D SsruManagerImpl: MiSsru Sensor not init!!!!
11-21 22:40:29.148  3869  6545 I SensorService: 	>>> actuating h/w activate handle=0x6f enabled=1
11-21 22:40:29.148  1841  1841 I sensors-hal: activate:108, android.sensor.rotation_vector/111 en=1
11-21 22:40:29.150  1841  1841 I sensors-hal: set_config:56, sample_period_ns is adjusted to 20000000 based on min/max delay_ns
11-21 22:40:29.150  1841  1841 I sensors-hal: acquire_qsh_interface:123, acquire_qsh_interface with sensor_id 74 , conn_type 2 
11-21 22:40:29.151  1841  1841 I sensors-hal: qsh_qmi:41, qsh_qmi
11-21 22:40:29.151  1841  1841 I sensors-hal: send_sync_sensor_request:471, send sync request
11-21 22:40:29.151  1841  1841 I sensors-hal: send_sync_sensor_request:500, wait for notification of response
11-21 22:40:29.152  1841 15262 I sensors-hal: qsh_conn_resp_cb:825, resp_value = 0 for akm_rotv 
11-21 22:40:29.152  1841  1841 I sensors-hal: send_sync_sensor_request:506, takes 0 ms to receive the response with 0
11-21 22:40:29.152  1841  1841 I sensors-hal: activate:119, android.sensor.rotation_vector/111 en=1 completed
11-21 22:40:29.152  1841 15262 I sensors-hal: qsh_conn_event_cb:756, SCHED_FIFO(10) for qmi_cbk
11-21 22:40:29.164  1863  2473 I SDM     : DisplayBase::CommitThread: Received Idle Timeout, panel: cmd, timeout: 70000 us
11-21 22:40:29.177  1841 15260 I sensors-hal: qsh_conn_event_cb:756, SCHED_FIFO(10) for qmi_cbk
11-21 22:40:29.202 26163 26244 W libc    : Access denied finding property "persist.adb.tls_server.enable"
11-21 22:40:29.201 26163 26163 W binder:26163_5: type=1400 audit(0.0:94588): avc:  denied  { read } for  name="u:object_r:system_adbd_prop:s0" dev="tmpfs" ino=400 scontext=u:r:gmscore_app:s0:c512,c768 tcontext=u:object_r:system_adbd_prop:s0 tclass=file permissive=0 app=com.google.android.gms
11-21 22:40:29.203  3869  6545 D FileUtils: Rounded bytes from 11662168064 to 16000000000
11-21 22:40:29.208  3046 17632 D DGInternalHandle: maybeAddInteractionEvents(): The EventCollector is not initialized. This means that the client hasn't intended to collect any interaction events so far.
11-21 22:40:29.209  3869  6545 I ClipboardServiceI: checkProviderWakePathForClipboard: com.google.android.apps.messagingis not a activePermissionOwner
11-21 22:40:29.211  3869  6545 D ActivityManager: Logging bindService for com.google.android.gms, stopped=false, firstLaunch=false
11-21 22:40:29.211  1872  1872 I vendor.qti.hardware.servicetrackeraidl-service: bindService is called for service : com.google.android.gms/.chimera.PersistentApiService and for client com.google.android.apps.messaging
11-21 22:40:29.211  1872  1872 I vendor.qti.hardware.servicetrackeraidl-service: total connections for service : com.google.android.gms/.chimera.PersistentApiServiceare :47
11-21 22:40:29.211  1872  1872 I vendor.qti.hardware.servicetrackeraidl-service: total connections for client : com.google.android.apps.messagingare :3
11-21 22:40:29.211 24472 24472 D BoundBrokerSvc: onRebind: Intent { act=com.google.android.gms.common.telemetry.service.START dat=chimera-action:/... xflg=0x4 cmp=com.google.android.gms/.chimera.PersistentApiService }
11-21 22:40:29.212  3869  6920 I SensorService: 	>>> actuating h/w activate handle=0x6f enabled=0
11-21 22:40:29.212  3869  4237 D SsruManagerImpl: MiSsru Sensor not init!!!!
11-21 22:40:29.212  1841  1841 I sensors-hal: activate:108, android.sensor.rotation_vector/111 en=0
11-21 22:40:29.212  1841  1841 I sensors-hal: send_sync_sensor_request:471, send sync request
11-21 22:40:29.212  1841  1841 I sensors-hal: send_sync_sensor_request:500, wait for notification of response
11-21 22:40:29.213  1841 15262 I sensors-hal: qsh_conn_resp_cb:825, resp_value = 0 for akm_rotv 
11-21 22:40:29.213  1841  1841 I sensors-hal: send_sync_sensor_request:506, takes 1 ms to receive the response with 0
11-21 22:40:29.213  1841  1841 I sensors-hal: ~qsh_qmi:68, ~qsh_qmi
11-21 22:40:29.213  1841  1841 I sensors-hal: activate:119, android.sensor.rotation_vector/111 en=0 completed
11-21 22:40:29.213  3869  6545 I SensorService: 	>>> actuating h/w activate handle=0x65 enabled=0
11-21 22:40:29.214  3869  4237 D SsruManagerImpl: MiSsru Sensor not init!!!!
11-21 22:40:29.214  1841  1841 I sensors-hal: activate:108, android.sensor.linear_acceleration/101 en=0
11-21 22:40:29.214  1841  1841 I sensors-hal: send_sync_sensor_request:471, send sync request
11-21 22:40:29.214  1841  1841 I sensors-hal: send_sync_sensor_request:500, wait for notification of response
11-21 22:40:29.215  1841 15260 I sensors-hal: qsh_conn_resp_cb:825, resp_value = 0 for gravity 
11-21 22:40:29.215  1841  1841 I sensors-hal: send_sync_sensor_request:506, takes 1 ms to receive the response with 0
11-21 22:40:29.216  1841  1841 I sensors-hal: ~qsh_qmi:68, ~qsh_qmi
11-21 22:40:29.216  1841  1841 I sensors-hal: activate:119, android.sensor.linear_acceleration/101 en=0 completed
11-21 22:40:29.218  1673  1692 D vendor.xiaomi.hardware.mimd2-service: psi 10 is triggered, settimer.
11-21 22:40:29.218  1673  1692 D vendor.xiaomi.hardware.mimd2-service: psi partial stall call back reclaimed -1 delay tasks
11-21 22:40:29.220  3046  3359 I BugleProtoData: TachyonPhoneDataService: Setting probationary values, state: 3, client feature flags: [6, 15, 17], client capabilities extension: [# fkhs@903cf161, # fkhs@21a40069, # fkhs@2ed15938, # fkhs@e07b5824, # fkhs@d53aab91, # fkhs@1575ce86, # fkhs@a2ba5d75, # fkhs@4e083e2b, # fkhs@6e0da6cf, # fkhs@5fe00964, # fkhs@5a823ddb, # fkhs@7f9bd6b7, # fkhs@b2051f47, # fkhs@db7b0b8c, # fkhs@12c40670, # fkhs@14f9d732, # fkhs@4b92e0b7, # fkhs@6db73379, # fkhs@5d8c23e4, # fkhs@8a0c8992, # fkhs@67d273c6, # fkhs@67e25aa1, # fkhs@2216766b], client caps: [3, 1, 2, 5]
11-21 22:40:29.238  1863  2473 I SDM     : DisplayBase::CommitThread: Received Idle Timeout, panel: cmd, timeout: 69999 us
11-21 22:40:29.258  1863  5144 I SDM     : NotifyCWBStatus: Notify the client about buffer (0x18c35f90) status 0 for display-0.
11-21 22:40:29.258  1863  5144 I SDM     : SDMConcurrentWriteBack::ProcessCWBStatus: CWB queue is empty. Display: 0
11-21 22:40:29.262  5898  5898 D ArtChoreographerMonitor: invoke error.
11-21 22:40:29.314  1863  2473 I SDM     : DisplayBase::CommitThread: Received Idle Timeout, panel: cmd, timeout: 70000 us
11-21 22:40:29.423  3869  5119 D ActionExecute: setPkgData uid = 10188 time=8000
11-21 22:40:29.423  3869  5119 D ExternalInterface: setUidState, uid = 10188 allow = true
11-21 22:40:29.423  3869  5119 D MiSensorServiceImpl: PowerKeeperSensor resume iUid:10188 but app has not in Controlled
11-21 22:40:29.645  5840  6656 E PhoneAdapter: get ntnphones failed, exception: java.lang.IllegalStateException: Default phones haven't been made yet!
11-21 22:40:29.650 22199 22480 D AudioManager: getMode: mode=0, callApp=com.vodafone.selfservis
11-21 22:40:29.721 24854 27243 D JavaheapMonitor: Java heap used=13M max=512M, proc: com.miui.guardprovider
11-21 22:40:29.721 24854 27243 V JavaheapMonitor: Check java heap usage finished! Next check delay: 300000
11-21 22:40:29.732 22192  8291 I VkpnsPushProvider:CheckServiceAlive: Service PushService is active
11-21 22:40:29.925  2679  4958 I libsensor-boledalgo: dbv:324,lux:96.5,cct:5634.1,hsv:-1.0,CWB R:38121.3,G:39262.5,B:37634.5Event C:4933.9,R:2414.4,G:1822.7,B:816.8Cali C:1928.9,R:996.6,G:723.7,B:325.6 
11-21 22:40:29.925  2679  4958 I libsensor-boledalgo: dbv:324,lux:91.6,cct:5189.7,hsv:-1.0,CWB R:38121.3,G:39262.5,B:37634.5Event C:4707.8,R:2295.3,G:1728.3,B:750.0Cali C:1928.9,R:996.6,G:723.7,B:325.6 
11-21 22:40:29.926  2679  4958 I libsensor-boledalgo: dbv:324,lux:93.1,cct:5500.0,hsv:-1.0,CWB R:38121.3,G:39262.5,B:37634.5Event C:4794.0,R:2352.6,G:1781.1,B:786.6Cali C:1928.9,R:996.6,G:723.7,B:325.6 
11-21 22:40:29.928  2679  4958 I libsensor-boledalgo: dbv:324,lux:95.5,cct:5373.2,hsv:-1.0,CWB R:38121.3,G:39262.5,B:37634.5Event C:4839.6,R:2361.8,G:1792.5,B:784.1Cali C:1928.9,R:996.6,G:723.7,B:325.6 
11-21 22:40:29.929  2679  4958 I libsensor-boledalgo: dbv:324,lux:94.2,cct:5496.9,hsv:-1.0,CWB R:38121.3,G:39262.5,B:37634.5Event C:4835.2,R:2373.0,G:1791.9,B:792.8Cali C:1928.9,R:996.6,G:723.7,B:325.6 
11-21 22:40:30.035  1872  1872 I vendor.qti.hardware.servicetrackeraidl-service: bindService is called for service : com.google.android.gms/.chimera.PersistentDirectBootAwareApiService and for client com.google.android.apps.messaging
11-21 22:40:30.035  3869  6545 D ActivityManager: Logging bindService for com.google.android.gms, stopped=false, firstLaunch=false
11-21 22:40:30.035  1872  1872 I vendor.qti.hardware.servicetrackeraidl-service: total connections for service : com.google.android.gms/.chimera.PersistentDirectBootAwareApiServiceare :19
11-21 22:40:30.035  1872  1872 I vendor.qti.hardware.servicetrackeraidl-service: total connections for client : com.google.android.apps.messagingare :4
11-21 22:40:30.040  3046 12646 W Binder  : Caught a RuntimeException from the binder stub implementation.
11-21 22:40:30.040  3046 12646 W Binder  : java.lang.UnsupportedOperationException
11-21 22:40:30.040  3046 12646 W Binder  : 	at com.google.android.gms.clearcut.internal.DefaultClearcutLoggerCallbacks.onLogError(PG:3)
11-21 22:40:30.040  3046 12646 W Binder  : 	at com.google.android.gms.clearcut.internal.IClearcutLoggerCallbacks$Stub.dispatchTransaction(PG:33)
11-21 22:40:30.040  3046 12646 W Binder  : 	at com.google.android.aidl.BaseStub.onTransact(PG:13)
11-21 22:40:30.040  3046 12646 W Binder  : 	at android.os.Binder.execTransactInternal(Binder.java:1433)
11-21 22:40:30.040  3046 12646 W Binder  : 	at android.os.Binder.execTransact(Binder.java:1372)
11-21 22:40:30.079  3046 12646 W Binder  : Caught a RuntimeException from the binder stub implementation.
11-21 22:40:30.079  3046 12646 W Binder  : java.lang.UnsupportedOperationException
11-21 22:40:30.079  3046 12646 W Binder  : 	at com.google.android.gms.clearcut.internal.DefaultClearcutLoggerCallbacks.onLogError(PG:3)
11-21 22:40:30.079  3046 12646 W Binder  : 	at com.google.android.gms.clearcut.internal.IClearcutLoggerCallbacks$Stub.dispatchTransaction(PG:33)
11-21 22:40:30.079  3046 12646 W Binder  : 	at com.google.android.aidl.BaseStub.onTransact(PG:13)
11-21 22:40:30.079  3046 12646 W Binder  : 	at android.os.Binder.execTransactInternal(Binder.java:1433)
11-21 22:40:30.079  3046 12646 W Binder  : 	at android.os.Binder.execTransact(Binder.java:1372)
11-21 22:40:30.089  3046 12646 W Binder  : Caught a RuntimeException from the binder stub implementation.
11-21 22:40:30.089  3046 12646 W Binder  : java.lang.UnsupportedOperationException
11-21 22:40:30.089  3046 12646 W Binder  : 	at com.google.android.gms.clearcut.internal.DefaultClearcutLoggerCallbacks.onLogError(PG:3)
11-21 22:40:30.089  3046 12646 W Binder  : 	at com.google.android.gms.clearcut.internal.IClearcutLoggerCallbacks$Stub.dispatchTransaction(PG:33)
11-21 22:40:30.089  3046 12646 W Binder  : 	at com.google.android.aidl.BaseStub.onTransact(PG:13)
11-21 22:40:30.089  3046 12646 W Binder  : 	at android.os.Binder.execTransactInternal(Binder.java:1433)
11-21 22:40:30.089  3046 12646 W Binder  : 	at android.os.Binder.execTransact(Binder.java:1372)
11-21 22:40:30.112  3869  6545 D ActivityManager: Logging bindService for com.google.android.gms, stopped=false, firstLaunch=false
11-21 22:40:30.112  1872  1872 I vendor.qti.hardware.servicetrackeraidl-service: bindService is called for service : com.google.android.gms/.chimera.PersistentDirectBootAwareApiService and for client com.google.android.gms.persistent
11-21 22:40:30.112  1872  1872 I vendor.qti.hardware.servicetrackeraidl-service: total connections for service : com.google.android.gms/.chimera.PersistentDirectBootAwareApiServiceare :20
11-21 22:40:30.112  1872  1872 I vendor.qti.hardware.servicetrackeraidl-service: total connections for client : com.google.android.gms.persistentare :3
11-21 22:40:30.113 24472 24472 D BoundBrokerSvc: onRebind: Intent { act=com.google.android.gms.libs.gmscorelogger.service.START dat=chimera-action:/... xflg=0x4 cmp=com.google.android.gms/.chimera.PersistentDirectBootAwareApiService }
11-21 22:40:30.126 25190 27166 D JavaheapMonitor: Java heap used=8M max=256M, proc: com.android.htmlviewer:remote
11-21 22:40:30.126 25190 27166 V JavaheapMonitor: Check java heap usage finished! Next check delay: 300000
11-21 22:40:30.128  3869  6545 D ActivityManager: Logging bindService for com.google.android.gms, stopped=false, firstLaunch=false
11-21 22:40:30.128  1872  1872 I vendor.qti.hardware.servicetrackeraidl-service: bindService is called for service : com.google.android.gms/.chimera.PersistentDirectBootAwareApiService and for client com.google.android.gms.unstable
11-21 22:40:30.128  1872  1872 I vendor.qti.hardware.servicetrackeraidl-service: total connections for service : com.google.android.gms/.chimera.PersistentDirectBootAwareApiServiceare :20
11-21 22:40:30.128  1872  1872 I vendor.qti.hardware.servicetrackeraidl-service: total connections for client : com.google.android.gms.unstableare :2
11-21 22:40:30.137  2679  4958 I libsensor-boledalgo: dbv:324,lux:93.0,cct:5436.9,hsv:-1.0,CWB R:38121.3,G:39262.5,B:37634.5Event C:4782.1,R:2337.2,G:1769.3,B:779.3Cali C:1928.9,R:996.6,G:723.7,B:325.6 
11-21 22:40:30.138  2462 20121 D JavaheapMonitor: Java heap used=11M max=256M, proc: com.android.updater
11-21 22:40:30.139  2462 20121 V JavaheapMonitor: Check java heap usage finished! Next check delay: 300000
11-21 22:40:30.264  3869  5155 I SmartPower: com.google.android.apps.messaging/10188(3046): background->idle(3000ms) R(content provider start ContentProviderRecord{a92dd7b u0 com.google.android.apps.messaging/.shared.datamodel.provider.sharedstorage.SharedStorageProvider}) adj=200.
11-21 22:40:30.349  2679  4958 I libsensor-boledalgo: dbv:324,lux:93.4,cct:5582.8,hsv:-1.0,CWB R:38121.3,G:39262.5,B:37634.5Event C:4817.8,R:2359.1,G:1785.5,B:794.9Cali C:1928.9,R:996.6,G:723.7,B:325.6 
11-21 22:40:30.350  2679  4958 I libsensor-boledalgo: dbv:324,lux:94.1,cct:5419.6,hsv:-1.0,CWB R:38121.3,G:39262.5,B:37634.5Event C:4801.9,R:2345.8,G:1782.1,B:781.5Cali C:1928.9,R:996.6,G:723.7,B:325.6 
11-21 22:40:30.352  2679  4958 I libsensor-boledalgo: dbv:324,lux:94.9,cct:5472.9,hsv:-1.0,CWB R:38121.3,G:39262.5,B:37634.5Event C:4831.6,R:2351.4,G:1789.7,B:788.7Cali C:1928.9,R:996.6,G:723.7,B:325.6 
11-21 22:40:30.379  3869  6545 W ActivityManagerServiceImpl: Sending non-protected broadcast com.modemenhance.ACTION_MODEMWIFI_RSSI_POLL from system 5840:com.android.phone/1001 pkg com.android.phone. Callers=
11-21 22:40:30.381  3869  4188 D BroadcastQueue: Logging broadcast for com.android.phone, stopped=false, firstLaunch=false
11-21 22:40:30.383  5840  5840 D AmlSlaveWifiManager: getWifiSlaveConnectionInfo
11-21 22:40:30.442  3046  9689 I cn_CronetUrlRequestContext: destroyNativeStreamLocked org.chromium.net.impl.CronetBidirectionalStream@f1bb70a
11-21 22:40:30.447  3046  3409 I BugleNetwork: RegistrationProvider: Received Tachyon registration refresh token
11-21 22:40:30.451  3046 15244 I BugleProtoData: TachyonPhoneDataService: Setting probationary values, state: 3, client feature flags: [6, 15, 17], client capabilities extension: [# fkhs@903cf161, # fkhs@21a40069, # fkhs@2ed15938, # fkhs@e07b5824, # fkhs@d53aab91, # fkhs@1575ce86, # fkhs@a2ba5d75, # fkhs@4e083e2b, # fkhs@6e0da6cf, # fkhs@5fe00964, # fkhs@5a823ddb, # fkhs@7f9bd6b7, # fkhs@b2051f47, # fkhs@db7b0b8c, # fkhs@12c40670, # fkhs@14f9d732, # fkhs@4b92e0b7, # fkhs@6db73379, # fkhs@5d8c23e4, # fkhs@8a0c8992, # fkhs@67d273c6, # fkhs@67e25aa1, # fkhs@2216766b], client caps: [3, 1, 2, 5]
11-21 22:40:30.459  3046  9327 I BugleE2eeEtouffee: EtouffeeStateMachine: onRegistrationUpdate from Tachyon, previousState: REGISTERED_WITH_PREKEYS, newState: REGISTERED_WITH_PREKEYS, reason: TACHYON_UPDATE_REFRESH
11-21 22:40:30.459  3046  9327 I BugleE2eeEtouffee: EtouffeeStateMachine: E2EE provisioning state update, Previous Etouffee status: PROVISIONED, New Etouffee status: PROVISIONED
11-21 22:40:30.460  3046  9327 I BugleE2eeMls: MLS provisioning not enabled, skip certificate refresh with KDS
11-21 22:40:30.467  3869  6545 I ClipboardServiceI: checkProviderWakePathForClipboard: com.google.android.apps.messagingis not a activePermissionOwner
11-21 22:40:30.469  3046 12646 W Binder  : Caught a RuntimeException from the binder stub implementation.
11-21 22:40:30.469  3046 12646 W Binder  : java.lang.UnsupportedOperationException
11-21 22:40:30.469  3046 12646 W Binder  : 	at com.google.android.gms.clearcut.internal.DefaultClearcutLoggerCallbacks.onLogError(PG:3)
11-21 22:40:30.469  3046 12646 W Binder  : 	at com.google.android.gms.clearcut.internal.IClearcutLoggerCallbacks$Stub.dispatchTransaction(PG:33)
11-21 22:40:30.469  3046 12646 W Binder  : 	at com.google.android.aidl.BaseStub.onTransact(PG:13)
11-21 22:40:30.469  3046 12646 W Binder  : 	at android.os.Binder.execTransactInternal(Binder.java:1433)
11-21 22:40:30.469  3046 12646 W Binder  : 	at android.os.Binder.execTransact(Binder.java:1372)
11-21 22:40:30.563  2679  4958 I libsensor-boledalgo: dbv:324,lux:94.0,cct:5410.0,hsv:-1.0,CWB R:38121.3,G:39262.5,B:37634.5Event C:4803.7,R:2354.5,G:1784.1,B:782.0Cali C:1928.9,R:996.6,G:723.7,B:325.6 
11-21 22:40:30.563  2679  4958 I libsensor-boledalgo: dbv:324,lux:90.3,cct:5544.8,hsv:-1.0,CWB R:38121.3,G:39262.5,B:37634.5Event C:4699.1,R:2302.4,G:1752.0,B:773.9Cali C:1928.9,R:996.6,G:723.7,B:325.6 
11-21 22:40:30.564  2679  4958 I libsensor-boledalgo: dbv:324,lux:93.6,cct:5359.3,hsv:-1.0,CWB R:38121.3,G:39262.5,B:37634.5Event C:4784.3,R:2342.3,G:1774.7,B:775.2Cali C:1928.9,R:996.6,G:723.7,B:325.6 
11-21 22:40:30.564  2679  4958 I libsensor-boledalgo: dbv:324,lux:94.4,cct:5453.1,hsv:-1.0,CWB R:38121.3,G:39262.5,B:37634.5Event C:4809.6,R:2347.2,G:1786.8,B:784.8Cali C:1928.9,R:996.6,G:723.7,B:325.6 
11-21 22:40:30.565  2679  4958 I libsensor-boledalgo: dbv:324,lux:92.1,cct:5551.1,hsv:-1.0,CWB R:38121.3,G:39262.5,B:37634.5Event C:4766.3,R:2325.4,G:1764.3,B:783.6Cali C:1928.9,R:996.6,G:723.7,B:325.6 
11-21 22:40:30.655  5840  6656 E PhoneAdapter: get ntnphones failed, exception: java.lang.IllegalStateException: Default phones haven't been made yet!
11-21 22:40:30.659 22199 22480 D AudioManager: getMode: mode=0, callApp=com.vodafone.selfservis
11-21 22:40:30.677  1845  2034 E WifiHAL : wifi_get_cached_scan_results: Wifi Cached Scan Result not supported by driver
11-21 22:40:30.677  3869  4946 E WifiStaIfaceAidlImpl: getCachedScanData failed with service-specific exception: android.os.ServiceSpecificException:  (code 4)
11-21 22:40:30.774  2679  4958 I libsensor-boledalgo: dbv:324,lux:94.0,cct:5444.8,hsv:-1.0,CWB R:38121.3,G:39262.5,B:37634.5Event C:4803.9,R:2345.6,G:1781.6,B:783.3Cali C:1928.9,R:996.6,G:723.7,B:325.6 
11-21 22:40:30.775  2679  4958 I libsensor-boledalgo: dbv:324,lux:92.4,cct:5391.5,hsv:-1.0,CWB R:38121.3,G:39262.5,B:37634.5Event C:4750.8,R:2311.4,G:1752.0,B:770.0Cali C:1928.9,R:996.6,G:723.7,B:325.6 
11-21 22:40:30.776  2679  4958 I libsensor-boledalgo: dbv:324,lux:93.7,cct:5442.7,hsv:-1.0,CWB R:38121.3,G:39262.5,B:37634.5Event C:4807.9,R:2358.3,G:1782.1,B:784.8Cali C:1928.9,R:996.6,G:723.7,B:325.6 
11-21 22:40:30.938  3869  4753 D AlarmManager: mBroadcastRefCount -> 1
11-21 22:40:30.939  3869  4753 D AlarmManager: mBroadcastRefCount -> 2
11-21 22:40:30.939  3869  4753 I SmartPower: com.radolyn.ayugram/10519(2109): idle->background(56998ms) R(alarm start) adj=200.
11-21 22:40:30.940  3869  4753 D AlarmManager: mBroadcastRefCount -> 3
11-21 22:40:30.941  3869  4753 D BatteryStatsManagerStub: notifyEvent for resId=128 used 0ms
11-21 22:40:30.941  3869  5149 I whetstone.activity: processNotifyEvent1 resId = 128, bundle = Bundle[{startTime=72885003, sourcePkg=com.radolyn.ayugram, type=RTC_WAKEUP, statsTag=*walarm*:com.radolyn.ayugram/org.telegram.messenger.NotificationsService, creatorUid=10519, elapsedRealtime=72885000}]
11-21 22:40:30.941  3869  3869 D AlarmManager: mBroadcastRefCount -> 2
11-21 22:40:30.941  3869  3869 D AlarmManager: mPendingIntent -> PendingIntent{d3d596b: PendingIntentRecord{fcf065e com.radolyn.ayugram broadcastIntent}}
11-21 22:40:30.941  3869  4734 D AlarmManager: mBroadcastRefCount -> 1
11-21 22:40:30.941  3869  4734 D AlarmManager: mPendingIntent -> null
11-21 22:40:30.943  3437  9552 I EventMonitor: notifyEvent resId=128
11-21 22:40:30.943  3869  4734 E JobScheduler: ResourceBudgetManagerInternal is null
11-21 22:40:30.945  1872  1872 I vendor.qti.hardware.servicetrackeraidl-service: bindService is called for service : com.alibaba.intl.android.apps.poseidon/com.taobao.accs.internal.AccsJobService and for client system
11-21 22:40:30.945  1872  1872 I vendor.qti.hardware.servicetrackeraidl-service: total connections for service : com.alibaba.intl.android.apps.poseidon/com.taobao.accs.internal.AccsJobServiceare :1
11-21 22:40:30.945  1872  1872 I vendor.qti.hardware.servicetrackeraidl-service: total connections for client : systemare :37
11-21 22:40:30.948  3869  4734 I SmartPower: com.alibaba.intl.android.apps.poseidon:channel/10414(25653): idle->background(72042ms) R(service create com.alibaba.intl.android.apps.poseidon/com.taobao.accs.internal.AccsJobService) adj=0.
11-21 22:40:30.948  3869  4734 D ActivityManager: Logging bindService for com.alibaba.intl.android.apps.poseidon, stopped=false, firstLaunch=false
11-21 22:40:30.949  3869  4734 D BatteryStatsManagerStub: notifyEvent for resId=256 used 0ms
11-21 22:40:30.949  3869  4084 D GnssSsruImpl: onLocationPermissionsChanged provider:network packageName:com.alibaba.intl.android.apps.poseidon
11-21 22:40:30.951  3869  4084 D GnssSsruImpl: onLocationPermissionsChanged provider:passive packageName:com.alibaba.intl.android.apps.poseidon
11-21 22:40:30.951  3869  4940 I MiuiNetworkPolicy: updateUidState uid = 10414, uidState = 8
11-21 22:40:30.951  3869  4084 D GnssSsruImpl: onLocationPermissionsChanged provider:gps packageName:com.alibaba.intl.android.apps.poseidon
11-21 22:40:30.951  3869  4940 I MiuiNetworkPolicy: updateUidState uid = 10211, uidState = 8
11-21 22:40:30.951  3869  5149 I whetstone.activity: processNotifyEvent1 resId = 256, bundle = Bundle[{startTime=72885011, sourcePkg=com.alibaba.intl.android.apps.poseidon, sourceUid=10414, status=1, jobId=2050, batteryName=com.alibaba.intl.android.apps.poseidon/com.taobao.accs.internal.AccsJobService, elapsedRealtime=72885011}]
11-21 22:40:30.951  3869  4734 E JobScheduler: ResourceBudgetManagerInternal is null
11-21 22:40:30.951  3437  3671 I EventMonitor: notifyEvent resId=256
11-21 22:40:30.951  1872  1872 I vendor.qti.hardware.servicetrackeraidl-service: bindService is called for service : com.staircase3.opensignal/com.opensignal.sdk.data.task.NoOpJobService and for client system
11-21 22:40:30.951  1872  1872 I vendor.qti.hardware.servicetrackeraidl-service: total connections for service : com.staircase3.opensignal/com.opensignal.sdk.data.task.NoOpJobServiceare :1
11-21 22:40:30.951  1872  1872 I vendor.qti.hardware.servicetrackeraidl-service: total connections for client : systemare :38
11-21 22:40:30.951  3869  4734 I SmartPower: com.staircase3.opensignal/10462(12746): idle->background(31035ms) R(service create com.staircase3.opensignal/com.opensignal.sdk.data.task.NoOpJobService) adj=250.
11-21 22:40:30.952  3869  4734 D ActivityManager: Logging bindService for com.staircase3.opensignal, stopped=false, firstLaunch=false
11-21 22:40:30.952  3869  4734 D BatteryStatsManagerStub: notifyEvent for resId=256 used 0ms
11-21 22:40:30.952  3869  5149 I whetstone.activity: processNotifyEvent1 resId = 256, bundle = Bundle[{startTime=72885015, sourcePkg=com.staircase3.opensignal, sourceUid=10462, status=1, jobId=1122115566, batteryName=com.staircase3.opensignal/com.opensignal.sdk.data.task.NoOpJobService, elapsedRealtime=72885015}]
11-21 22:40:30.953  3437  3671 I EventMonitor: notifyEvent resId=256
11-21 22:40:30.955  3869  4734 D AlarmManager: mBroadcastRefCount -> 0
11-21 22:40:30.955  3869  4734 D AlarmManager: mPendingIntent -> null
11-21 22:40:30.955  3869  6800 D BatteryStatsManagerStub: notifyEvent for resId=256 used 0ms
11-21 22:40:30.955  3869  5149 I whetstone.activity: processNotifyEvent1 resId = 256, bundle = Bundle[{startTime=72885017, sourcePkg=com.alibaba.intl.android.apps.poseidon, sourceUid=10414, status=0, jobId=2050, batteryName=com.alibaba.intl.android.apps.poseidon/com.taobao.accs.internal.AccsJobService, elapsedRealtime=72885017}]
11-21 22:40:30.955  3437  3671 I EventMonitor: notifyEvent resId=256
11-21 22:40:30.955  1872  1872 I vendor.qti.hardware.servicetrackeraidl-service: unbindService is called for service : com.alibaba.intl.android.apps.poseidon/com.taobao.accs.internal.AccsJobService and for client system
11-21 22:40:30.955  1872  1872 I vendor.qti.hardware.servicetrackeraidl-service: size of service connections for service: com.alibaba.intl.android.apps.poseidon/com.taobao.accs.internal.AccsJobServiceafter removal is 0
11-21 22:40:30.955  1872  1872 I vendor.qti.hardware.servicetrackeraidl-service: size of client connections for client: systemafter removal is 37
11-21 22:40:30.955  1872  1872 I vendor.qti.hardware.servicetrackeraidl-service: destroyService is called for service : com.alibaba.intl.android.apps.poseidon/com.taobao.accs.internal.AccsJobService
11-21 22:40:30.956  3869  4940 I MiuiNetworkPolicy: updateUidState uid = 10414, uidState = 10
11-21 22:40:30.956  3869  4940 I MiuiNetworkPolicy: updateUidState uid = 10211, uidState = 10
11-21 22:40:30.956  1872  1872 I vendor.qti.hardware.servicetrackeraidl-service: bindService is called for service : com.alibaba.intl.android.apps.poseidon/com.taobao.accs.ChannelService and for client com.alibaba.intl.android.apps.poseidon:channel
11-21 22:40:30.956  3869  6545 D ActivityManager: Logging bindService for com.alibaba.intl.android.apps.poseidon, stopped=false, firstLaunch=false
11-21 22:40:30.956  1872  1872 I vendor.qti.hardware.servicetrackeraidl-service: total connections for service : com.alibaba.intl.android.apps.poseidon/com.taobao.accs.ChannelServiceare :1
11-21 22:40:30.956  1872  1872 I vendor.qti.hardware.servicetrackeraidl-service: total connections for client : com.alibaba.intl.android.apps.poseidon:channelare :7
11-21 22:40:30.957  3869  4940 I MiuiNetworkPolicy: updateUidState uid = 10414, uidState = 19
11-21 22:40:30.957  1872  1872 I vendor.qti.hardware.servicetrackeraidl-service: unbindService is called for service : com.alibaba.intl.android.apps.poseidon/com.taobao.accs.ChannelService and for client com.alibaba.intl.android.apps.poseidon:channel
11-21 22:40:30.957  3869  4940 I MiuiNetworkPolicy: updateUidState uid = 10211, uidState = 19
11-21 22:40:30.959  3869  6800 D ConnectivityService: Returning UNBLOCKED NetworkInfo to uid=10414
11-21 22:40:30.987  2679  4958 I libsensor-boledalgo: dbv:324,lux:91.4,cct:5577.3,hsv:-1.0,CWB R:38121.3,G:39262.5,B:37634.5Event C:4742.4,R:2313.6,G:1757.8,B:781.4Cali C:1928.9,R:996.6,G:723.7,B:325.6 
11-21 22:40:30.988  2679  4958 I libsensor-boledalgo: dbv:324,lux:93.3,cct:5372.2,hsv:-1.0,CWB R:38121.3,G:39262.5,B:37634.5Event C:4789.8,R:2352.3,G:1773.2,B:777.5Cali C:1928.9,R:996.6,G:723.7,B:325.6 
11-21 22:40:30.988  2679  4958 I libsensor-boledalgo: dbv:324,lux:92.3,cct:5475.8,hsv:-1.0,CWB R:38121.3,G:39262.5,B:37634.5Event C:4766.0,R:2334.2,G:1765.8,B:779.8Cali C:1928.9,R:996.6,G:723.7,B:325.6 
11-21 22:40:30.989  2679  4958 I libsensor-boledalgo: dbv:324,lux:93.5,cct:5359.8,hsv:-1.0,CWB R:38121.3,G:39262.5,B:37634.5Event C:4792.0,R:2347.2,G:1770.7,B:776.2Cali C:1928.9,R:996.6,G:723.7,B:325.6 
11-21 22:40:30.989  2679  4958 I libsensor-boledalgo: dbv:324,lux:91.7,cct:5416.3,hsv:-1.0,CWB R:38121.3,G:39262.5,B:37634.5Event C:4752.6,R:2335.8,G:1757.7,B:774.5Cali C:1928.9,R:996.6,G:723.7,B:325.6 
11-21 22:40:30.990  2679  4958 I libsensor-boledalgo: dbv:324,lux:92.7,cct:5571.0,hsv:-1.0,CWB R:38121.3,G:39262.5,B:37634.5Event C:4824.5,R:2367.3,G:1774.2,B:794.9Cali C:1928.9,R:996.6,G:723.7,B:325.6 
11-21 22:40:31.019  3869  5119 D PolicyMaker: HasForegroundService pkgName=com.radolyn.ayugram uid:10519
11-21 22:40:31.182  3046  9689 I cn_CronetUrlRequestContext: destroyNativeStreamLocked org.chromium.net.impl.CronetBidirectionalStream@a2b1ae3
11-21 22:40:31.187  3046  9610 I BugleTachygram: [Tachygram] 46 registrations were fetched from the network for 46 requested users
11-21 22:40:31.188  3046 12646 W Binder  : Caught a RuntimeException from the binder stub implementation.
11-21 22:40:31.188  3046 12646 W Binder  : java.lang.UnsupportedOperationException
11-21 22:40:31.188  3046 12646 W Binder  : 	at com.google.android.gms.clearcut.internal.DefaultClearcutLoggerCallbacks.onLogError(PG:3)
11-21 22:40:31.188  3046 12646 W Binder  : 	at com.google.android.gms.clearcut.internal.IClearcutLoggerCallbacks$Stub.dispatchTransaction(PG:33)
11-21 22:40:31.188  3046 12646 W Binder  : 	at com.google.android.aidl.BaseStub.onTransact(PG:13)
11-21 22:40:31.188  3046 12646 W Binder  : 	at android.os.Binder.execTransactInternal(Binder.java:1433)
11-21 22:40:31.188  3046 12646 W Binder  : 	at android.os.Binder.execTransact(Binder.java:1372)
11-21 22:40:31.198  2679  4958 I libsensor-boledalgo: dbv:324,lux:96.1,cct:5382.1,hsv:-1.0,CWB R:38121.3,G:39262.5,B:37634.5Event C:4884.0,R:2398.6,G:1806.7,B:793.2Cali C:1928.9,R:996.6,G:723.7,B:325.6 
11-21 22:40:31.198  2679  4958 I libsensor-boledalgo: dbv:324,lux:95.1,cct:5440.5,hsv:-1.0,CWB R:38121.3,G:39262.5,B:37634.5Event C:4863.6,R:2389.4,G:1798.9,B:793.8Cali C:1928.9,R:996.6,G:723.7,B:325.6 
11-21 22:40:31.199  2679  4958 I libsensor-boledalgo: dbv:324,lux:94.4,cct:5547.9,hsv:-1.0,CWB R:38121.3,G:39262.5,B:37634.5Event C:4871.3,R:2399.6,G:1798.9,B:802.5Cali C:1928.9,R:996.6,G:723.7,B:325.6 
11-21 22:40:31.199  2679  4958 I libsensor-boledalgo: dbv:324,lux:93.3,cct:5338.5,hsv:-1.0,CWB R:38121.3,G:39262.5,B:37634.5Event C:4798.0,R:2356.4,G:1769.5,B:776.2Cali C:1928.9,R:996.6,G:723.7,B:325.6 
11-21 22:40:31.209  3046  9327 I BugleRcsCapabilities: RCS-capable ChatEndpoints: redacted-pii[13-chars],redacted-pii[13-chars],redacted-pii[13-chars],redacted-pii[13-chars],redacted-pii[13-chars],redacted-pii[13-chars],redacted-pii[13-chars],redacted-pii[13-chars],redacted-pii[13-chars],redacted-pii[13-chars],redacted-pii[13-chars],redacted-pii[13-chars],redacted-pii[13-chars],redacted-pii[13-chars],redacted-pii[13-chars],redacted-pii[13-chars],redacted-pii[13-chars],redacted-pii[13-chars],redacted-pii[13-chars],redacted-pii[13-chars],redacted-pii[13-chars],
11-21 22:40:31.209  3046  9327 I BugleRcsCapabilities: Non-RCS ChatEndpoints: redacted-pii[13-chars],redacted-pii[13-chars],redacted-pii[12-chars],redacted-pii[13-chars],redacted-pii[13-chars],redacted-pii[13-chars],redacted-pii[14-chars],redacted-pii[13-chars],redacted-pii[13-chars],redacted-pii[13-chars],redacted-pii[13-chars],redacted-pii[13-chars],redacted-pii[13-chars],redacted-pii[13-chars],redacted-pii[13-chars],redacted-pii[13-chars],redacted-pii[13-chars],redacted-pii[13-chars],redacted-pii[13-chars],redacted-pii[13-chars],redacted-pii[13-chars],redacted-pii[13-chars],redacted-pii[13-chars],redacted-pii[13-chars],redacted-pii[13-chars],
11-21 22:40:31.214 11019 11250 I DialerBatchCapabilityPuller: com.android.dialer.peertopeer.capabilities.registrar.impl.cache.batch.BatchCapabilityPuller$run$2.invokeSuspend:83 refresh the capability db successfully
11-21 22:40:31.220  3046 12646 W Binder  : Caught a RuntimeException from the binder stub implementation.
11-21 22:40:31.220  3046 12646 W Binder  : java.lang.UnsupportedOperationException
11-21 22:40:31.220  3046 12646 W Binder  : 	at com.google.android.gms.clearcut.internal.DefaultClearcutLoggerCallbacks.onLogError(PG:3)
11-21 22:40:31.220  3046 12646 W Binder  : 	at com.google.android.gms.clearcut.internal.IClearcutLoggerCallbacks$Stub.dispatchTransaction(PG:33)
11-21 22:40:31.220  3046 12646 W Binder  : 	at com.google.android.aidl.BaseStub.onTransact(PG:13)
11-21 22:40:31.220  3046 12646 W Binder  : 	at android.os.Binder.execTransactInternal(Binder.java:1433)
11-21 22:40:31.220  3046 12646 W Binder  : 	at android.os.Binder.execTransact(Binder.java:1372)
11-21 22:40:31.412  2679  4958 I libsensor-boledalgo: dbv:324,lux:95.3,cct:5419.5,hsv:-1.0,CWB R:38121.3,G:39262.5,B:37634.5Event C:4867.3,R:2373.1,G:1784.6,B:790.4Cali C:1928.9,R:996.6,G:723.7,B:325.6 
11-21 22:40:31.413  2679  4958 I libsensor-boledalgo: dbv:324,lux:94.5,cct:5354.9,hsv:-1.0,CWB R:38121.3,G:39262.5,B:37634.5Event C:4837.4,R:2371.8,G:1781.3,B:783.1Cali C:1928.9,R:996.6,G:723.7,B:325.6 
11-21 22:40:31.414  2679  4958 I libsensor-boledalgo: dbv:324,lux:92.0,cct:5533.4,hsv:-1.0,CWB R:38121.3,G:39262.5,B:37634.5Event C:4777.0,R:2345.0,G:1769.3,B:785.7Cali C:1928.9,R:996.6,G:723.7,B:325.6 
11-21 22:40:31.415  5840  6656 E PhoneAdapter: get ntnphones failed, exception: java.lang.IllegalStateException: Default phones haven't been made yet!
11-21 22:40:31.418  3869  3869 E AmlWifiScoreReportInjector: current network is in roaming environment
11-21 22:40:31.450  3046 12646 W Binder  : Caught a RuntimeException from the binder stub implementation.
11-21 22:40:31.450  3046 12646 W Binder  : java.lang.UnsupportedOperationException
11-21 22:40:31.450  3046 12646 W Binder  : 	at com.google.android.gms.clearcut.internal.DefaultClearcutLoggerCallbacks.onLogError(PG:3)
11-21 22:40:31.450  3046 12646 W Binder  : 	at com.google.android.gms.clearcut.internal.IClearcutLoggerCallbacks$Stub.dispatchTransaction(PG:33)
11-21 22:40:31.450  3046 12646 W Binder  : 	at com.google.android.aidl.BaseStub.onTransact(PG:13)
11-21 22:40:31.450  3046 12646 W Binder  : 	at android.os.Binder.execTransactInternal(Binder.java:1433)
11-21 22:40:31.450  3046 12646 W Binder  : 	at android.os.Binder.execTransact(Binder.java:1372)
11-21 22:40:31.451  3046 12652 W Binder  : Caught a RuntimeException from the binder stub implementation.
11-21 22:40:31.451  3046 12652 W Binder  : java.lang.UnsupportedOperationException
11-21 22:40:31.451  3046 12652 W Binder  : 	at com.google.android.gms.clearcut.internal.DefaultClearcutLoggerCallbacks.onLogError(PG:3)
11-21 22:40:31.451  3046 12652 W Binder  : 	at com.google.android.gms.clearcut.internal.IClearcutLoggerCallbacks$Stub.dispatchTransaction(PG:33)
11-21 22:40:31.451  3046 12652 W Binder  : 	at com.google.android.aidl.BaseStub.onTransact(PG:13)
11-21 22:40:31.451  3046 12652 W Binder  : 	at android.os.Binder.execTransactInternal(Binder.java:1433)
11-21 22:40:31.451  3046 12652 W Binder  : 	at android.os.Binder.execTransact(Binder.java:1372)
11-21 22:40:31.468  3046  9689 I cn_CronetUrlRequestContext: destroyNativeStreamLocked org.chromium.net.impl.CronetBidirectionalStream@d5e5f27
11-21 22:40:31.470  3046  9614 I BugleTachygram: [Tachygram] 46 registrations were fetched from the network for 46 requested users
11-21 22:40:31.471  3046 12652 W Binder  : Caught a RuntimeException from the binder stub implementation.
11-21 22:40:31.471  3046 12652 W Binder  : java.lang.UnsupportedOperationException
11-21 22:40:31.471  3046 12652 W Binder  : 	at com.google.android.gms.clearcut.internal.DefaultClearcutLoggerCallbacks.onLogError(PG:3)
11-21 22:40:31.471  3046 12652 W Binder  : 	at com.google.android.gms.clearcut.internal.IClearcutLoggerCallbacks$Stub.dispatchTransaction(PG:33)
11-21 22:40:31.471  3046 12652 W Binder  : 	at com.google.android.aidl.BaseStub.onTransact(PG:13)
11-21 22:40:31.471  3046 12652 W Binder  : 	at android.os.Binder.execTransactInternal(Binder.java:1433)
11-21 22:40:31.471  3046 12652 W Binder  : 	at android.os.Binder.execTransact(Binder.java:1372)
11-21 22:40:31.480  3046  9327 I BugleRcsCapabilities: RCS-capable ChatEndpoints: redacted-pii[13-chars],redacted-pii[13-chars],redacted-pii[13-chars],redacted-pii[13-chars],redacted-pii[13-chars],redacted-pii[13-chars],redacted-pii[13-chars],redacted-pii[13-chars],redacted-pii[13-chars],redacted-pii[13-chars],redacted-pii[13-chars],redacted-pii[13-chars],
11-21 22:40:31.480  3046  9327 I BugleRcsCapabilities: Non-RCS ChatEndpoints: redacted-pii[13-chars],redacted-pii[13-chars],redacted-pii[13-chars],redacted-pii[13-chars],redacted-pii[13-chars],redacted-pii[13-chars],redacted-pii[13-chars],redacted-pii[13-chars],redacted-pii[13-chars],redacted-pii[13-chars],redacted-pii[13-chars],redacted-pii[13-chars],redacted-pii[13-chars],redacted-pii[13-chars],redacted-pii[13-chars],redacted-pii[13-chars],redacted-pii[13-chars],redacted-pii[13-chars],redacted-pii[13-chars],redacted-pii[13-chars],redacted-pii[13-chars],redacted-pii[13-chars],redacted-pii[13-chars],redacted-pii[13-chars],redacted-pii[13-chars],redacted-pii[13-chars],redacted-pii[13-chars],redacted-pii[13-chars],redacted-pii[13-chars],redacted-pii[13-chars],redacted-pii[13-chars],redacted-pii[13-chars],redacted-pii[13-chars],redacted-pii[13-chars],redacted-pii[13-chars],redacted-pii[13-chars],redacted-pii[13-chars],
11-21 22:40:31.481 11019 11268 I DialerBatchCapabilityPuller: com.android.dialer.peertopeer.capabilities.registrar.impl.cache.batch.BatchCapabilityPuller$run$2.invokeSuspend:83 refresh the capability db successfully
11-21 22:40:31.485  3046 12652 W Binder  : Caught a RuntimeException from the binder stub implementation.
11-21 22:40:31.485  3046 12652 W Binder  : java.lang.UnsupportedOperationException
11-21 22:40:31.485  3046 12652 W Binder  : 	at com.google.android.gms.clearcut.internal.DefaultClearcutLoggerCallbacks.onLogError(PG:3)
11-21 22:40:31.485  3046 12652 W Binder  : 	at com.google.android.gms.clearcut.internal.IClearcutLoggerCallbacks$Stub.dispatchTransaction(PG:33)
11-21 22:40:31.485  3046 12652 W Binder  : 	at com.google.android.aidl.BaseStub.onTransact(PG:13)
11-21 22:40:31.485  3046 12652 W Binder  : 	at android.os.Binder.execTransactInternal(Binder.java:1433)
11-21 22:40:31.485  3046 12652 W Binder  : 	at android.os.Binder.execTransact(Binder.java:1372)
11-21 22:40:31.536  3046  3069 W .apps.messaging: Reducing the number of considered missed Gc histogram windows from 179 to 100
11-21 22:40:31.541  3046 11321 D JavaheapMonitor: Java heap used=15M max=256M, proc: com.google.android.apps.messaging
11-21 22:40:31.541  3046 11321 V JavaheapMonitor: Check java heap usage finished! Next check delay: 300000
11-21 22:40:31.601   771 11029 D JavaheapMonitor: Java heap used=5M max=256M, proc: com.google.android.apps.messaging:rcs
11-21 22:40:31.601   771 11029 V JavaheapMonitor: Check java heap usage finished! Next check delay: 300000
11-21 22:40:31.624  2679  4958 I libsensor-boledalgo: dbv:324,lux:95.4,cct:5342.0,hsv:-1.0,CWB R:38121.3,G:39262.5,B:37634.5Event C:4854.9,R:2388.3,G:1798.1,B:786.3Cali C:1928.9,R:996.6,G:723.7,B:325.6 
11-21 22:40:31.625  2679  4958 I libsensor-boledalgo: dbv:324,lux:98.4,cct:5288.6,hsv:-1.0,CWB R:38121.3,G:39262.5,B:37634.5Event C:4940.5,R:2439.6,G:1835.1,B:797.4Cali C:1928.9,R:996.6,G:723.7,B:325.6 
11-21 22:40:31.626  2679  4958 I libsensor-boledalgo: dbv:324,lux:92.4,cct:5475.9,hsv:-1.0,CWB R:38121.3,G:39262.5,B:37634.5Event C:4794.0,R:2359.1,G:1770.2,B:785.1Cali C:1928.9,R:996.6,G:723.7,B:325.6 
11-21 22:40:31.626  2679  4958 I libsensor-boledalgo: dbv:324,lux:95.3,cct:5339.0,hsv:-1.0,CWB R:38121.3,G:39262.5,B:37634.5Event C:4851.5,R:2381.5,G:1792.2,B:784.8Cali C:1928.9,R:996.6,G:723.7,B:325.6 
11-21 22:40:31.627  2679  4958 I libsensor-boledalgo: dbv:324,lux:95.1,cct:5430.5,hsv:-1.0,CWB R:38121.3,G:39262.5,B:37634.5Event C:4856.6,R:2382.0,G:1795.6,B:791.6Cali C:1928.9,R:996.6,G:723.7,B:325.6 
11-21 22:40:31.627  2679  4958 I libsensor-boledalgo: dbv:324,lux:94.7,cct:5366.4,hsv:-1.0,CWB R:38121.3,G:39262.5,B:37634.5Event C:4833.9,R:2371.2,G:1788.0,B:783.8Cali C:1928.9,R:996.6,G:723.7,B:325.6 
11-21 22:40:31.654  1879  1879 E SLM-HAL-SladSocketClient: connect failed:-1, socket:201, error:No such file or directory
11-21 22:40:31.654  1879  1879 W vendor.qti.sla.service@2.0-service: PerfMonitor async binderTransact :  time=20009ms interface=vendor.qti.sla.service.ISlaAIDLService code=8
11-21 22:40:31.654  1879  1879 I SLM-HAL : setSLAUidList 10363,10503,10333,10241,
11-21 22:40:31.654  1879  1879 I SLM-HAL-SladSocketClient: createSocket
11-21 22:40:31.654  1879  1879 I SLM-HAL-SladSocketClient: connectServer /dev/socket/slad
11-21 22:40:31.667  5840  6392 E PhoneAdapter: get ntnphones failed, exception: java.lang.IllegalStateException: Default phones haven't been made yet!
11-21 22:40:31.673 22199 22480 D AudioManager: getMode: mode=0, callApp=com.vodafone.selfservis
11-21 22:40:31.709  3869  6318 I NetworkAccelerateSwitchService: EVENT_RSSI_POLL. mRssiPoll=true
11-21 22:40:31.710  3869  6318 I NetworkAccelerateSwitchService: checkWifiRssiAndLinkSpeed mWifiFastFade:false mWifiFastFadeAdjustThreshold:false
11-21 22:40:31.710  3869  6318 I NetworkAccelerateSwitchService: getAverageWifiRssi:59
