11-21 22:40:45.431  2679  4958 I libsensor-boledalgo: dbv:324,lux:92.7,cct:5441.1,hsv:-1.0,CWB R:38121.3,G:39262.5,B:37634.5Event C:4780.6,R:2339.9,G:1766.5,B:779.5Cali C:1928.9,R:996.6,G:723.7,B:325.6 
11-21 22:40:45.534  1841 27864 E sensors-hal: handle_sns_client_event:58, har: time = 72899595722698 data 0.000000
11-21 22:40:45.535  3869  3869 I NetworkAccelerateSwitchService: onSensorChanged:33171070
11-21 22:40:45.535  3869  6318 I NetworkAccelerateSwitchService: onMovementSensorChanged State:false
11-21 22:40:45.655  3869  6800 W ActivityManagerServiceImpl: Sending non-protected broadcast com.modemenhance.ACTION_MODEMWIFI_RSSI_POLL from system 5840:com.android.phone/1001 pkg com.android.phone. Callers=
11-21 22:40:45.657  3869  4188 D BroadcastQueue: Logging broadcast for com.android.phone, stopped=false, firstLaunch=false
11-21 22:40:45.658  5840  5840 D AmlSlaveWifiManager: getWifiSlaveConnectionInfo
11-21 22:40:45.757  1845  2034 E WifiHAL : wifi_get_cached_scan_results: Wifi Cached Scan Result not supported by driver
11-21 22:40:45.757  3869  4946 E WifiStaIfaceAidlImpl: getCachedScanData failed with service-specific exception: android.os.ServiceSpecificException:  (code 4)
11-21 22:40:45.820  5840  6596 E PhoneAdapter: get ntnphones failed, exception: java.lang.IllegalStateException: Default phones haven't been made yet!
11-21 22:40:45.825 22199 22480 D AudioManager: getMode: mode=0, callApp=com.vodafone.selfservis
11-21 22:40:45.855  2679  4958 I libsensor-boledalgo: dbv:324,lux:94.0,cct:5336.1,hsv:-1.0,CWB R:38121.3,G:39262.5,B:37634.5Event C:4782.8,R:2338.4,G:1777.8,B:773.3Cali C:1928.9,R:996.6,G:723.7,B:325.6 
11-21 22:40:45.893  7903 14229 D JavaheapMonitor: Java heap used=10M max=256M, proc: com.xiaomi.mi_connect_service:idm
11-21 22:40:45.893  7903 14229 V JavaheapMonitor: Check java heap usage finished! Next check delay: 300000
11-21 22:40:45.952  3869  4734 I JobServiceContext: Client timed out while executing (no jobFinished received). Sending onStop: e9f5b03 #u0a462/44884494 com.staircase3.opensignal/com.opensignal.sdk.data.task.ExecutingJobService
11-21 22:40:45.952   771 11029 D JavaheapMonitor: Java heap used=5M max=256M, proc: com.google.android.apps.messaging:rcs
11-21 22:40:45.953   771 11029 V JavaheapMonitor: Check java heap usage finished! Next check delay: 300000
11-21 22:40:45.955  3869  6800 D BatteryStatsManagerStub: notifyEvent for resId=256 used 0ms
11-21 22:40:45.955  3869  5149 I whetstone.activity: processNotifyEvent1 resId = 256, bundle = Bundle[{startTime=72900017, sourcePkg=com.staircase3.opensignal, sourceUid=10462, status=0, jobId=44884494, batteryName=com.staircase3.opensignal/com.opensignal.sdk.data.task.ExecutingJobService, elapsedRealtime=72900017}]
11-21 22:40:45.955  3437  3671 I EventMonitor: notifyEvent resId=256
11-21 22:40:45.955  1872  1872 I vendor.qti.hardware.servicetrackeraidl-service: unbindService is called for service : com.staircase3.opensignal/com.opensignal.sdk.data.task.ExecutingJobService and for client system
11-21 22:40:45.955  1872  1872 I vendor.qti.hardware.servicetrackeraidl-service: size of service connections for service: com.staircase3.opensignal/com.opensignal.sdk.data.task.ExecutingJobServiceafter removal is 0
11-21 22:40:45.956  3869  6800 I SmartPower: com.staircase3.opensignal/10462(12746): idle->background(12003ms) R(service unbind com.staircase3.opensignal/com.opensignal.sdk.data.task.ExecutingJobService) adj=250.
11-21 22:40:45.955  1872  1872 I vendor.qti.hardware.servicetrackeraidl-service: size of client connections for client: systemafter removal is 36
11-21 22:40:45.956  1872  1872 I vendor.qti.hardware.servicetrackeraidl-service: destroyService is called for service : com.staircase3.opensignal/com.opensignal.sdk.data.task.ExecutingJobService
11-21 22:40:45.957  3869  6800 W AppStandbyController: Tried to restrict recently used app: com.staircase3.opensignal due to 1540
11-21 22:40:46.040  3869  5119 D PolicyMaker: HasForegroundService pkgName=com.radolyn.ayugram uid:10519
11-21 22:40:46.066  2679  4958 I libsensor-boledalgo: dbv:324,lux:93.9,cct:5483.6,hsv:-1.0,CWB R:38121.3,G:39262.5,B:37634.5Event C:4813.6,R:2351.5,G:1782.6,B:787.3Cali C:1928.9,R:996.6,G:723.7,B:325.6 
11-21 22:40:46.066  2679  4958 I libsensor-boledalgo: dbv:324,lux:92.0,cct:5424.8,hsv:-1.0,CWB R:38121.3,G:39262.5,B:37634.5Event C:4748.4,R:2325.3,G:1760.1,B:773.7Cali C:1928.9,R:996.6,G:723.7,B:325.6 
11-21 22:40:46.067  2679  4958 I libsensor-boledalgo: dbv:324,lux:92.5,cct:5509.4,hsv:-1.0,CWB R:38121.3,G:39262.5,B:37634.5Event C:4769.6,R:2322.7,G:1763.5,B:780.9Cali C:1928.9,R:996.6,G:723.7,B:325.6 
11-21 22:40:46.141 15312 16267 D JavaheapMonitor: Java heap used=20M max=256M, proc: com.xiaomi.mipicks
11-21 22:40:46.141 15312 16267 V JavaheapMonitor: Check java heap usage finished! Next check delay: 300000
11-21 22:40:46.240  8547  8931 D JavaheapMonitor: Java heap used=13M max=256M, proc: com.xiaomi.joyose
11-21 22:40:46.241  8547  8931 V JavaheapMonitor: Check java heap usage finished! Next check delay: 300000
11-21 22:40:46.278  2679  4958 I libsensor-boledalgo: dbv:324,lux:92.0,cct:5439.5,hsv:-1.0,CWB R:38121.3,G:39262.5,B:37634.5Event C:4756.1,R:2325.6,G:1757.4,B:775.2Cali C:1928.9,R:996.6,G:723.7,B:325.6 
11-21 22:40:46.279  2679  4958 I libsensor-boledalgo: dbv:324,lux:93.2,cct:5495.5,hsv:-1.0,CWB R:38121.3,G:39262.5,B:37634.5Event C:4797.7,R:2342.1,G:1771.7,B:785.1Cali C:1928.9,R:996.6,G:723.7,B:325.6 
11-21 22:40:46.280  2679  4958 I libsensor-boledalgo: dbv:324,lux:92.9,cct:5354.0,hsv:-1.0,CWB R:38121.3,G:39262.5,B:37634.5Event C:4763.4,R:2328.4,G:1762.7,B:770.9Cali C:1928.9,R:996.6,G:723.7,B:325.6 
11-21 22:40:46.280  2679  4958 I libsensor-boledalgo: dbv:324,lux:93.5,cct:5477.0,hsv:-1.0,CWB R:38121.3,G:39262.5,B:37634.5Event C:4791.5,R:2335.0,G:1774.7,B:782.8Cali C:1928.9,R:996.6,G:723.7,B:325.6 
11-21 22:40:46.281  2679  4958 I libsensor-boledalgo: dbv:324,lux:93.0,cct:5422.8,hsv:-1.0,CWB R:38121.3,G:39262.5,B:37634.5Event C:4762.5,R:2320.3,G:1766.4,B:774.7Cali C:1928.9,R:996.6,G:723.7,B:325.6 
11-21 22:40:46.283  2679  4958 I libsensor-boledalgo: dbv:324,lux:93.0,cct:5571.6,hsv:-1.0,CWB R:38121.3,G:39262.5,B:37634.5Event C:4789.6,R:2341.2,G:1780.2,B:789.5Cali C:1928.9,R:996.6,G:723.7,B:325.6 
11-21 22:40:46.351  3869  5774 I NetworkBoostStatusManager: handle: 107
11-21 22:40:46.353  5840  6596 E PhoneAdapter: get ntnphones failed, exception: java.lang.IllegalStateException: Default phones haven't been made yet!
11-21 22:40:46.355  3869  5774 D SLM-SRV-SLAService: isModemSingnalStrengthStatus = 0
11-21 22:40:46.448   643   904 D JavaheapMonitor: Java heap used=6M max=256M, proc: com.google.android.providers.media.module
11-21 22:40:46.448   643   904 V JavaheapMonitor: Check java heap usage finished! Next check delay: 300000
11-21 22:40:46.450  5840  6596 E PhoneAdapter: get ntnphones failed, exception: java.lang.IllegalStateException: Default phones haven't been made yet!
11-21 22:40:46.453  3869  3869 E AmlWifiScoreReportInjector: current network is in roaming environment
11-21 22:40:46.490  2679  4958 I libsensor-boledalgo: dbv:324,lux:92.0,cct:5480.7,hsv:-1.0,CWB R:38121.3,G:39262.5,B:37634.5Event C:4750.4,R:2311.5,G:1754.2,B:775.7Cali C:1928.9,R:996.6,G:723.7,B:325.6 
11-21 22:40:46.491  2679  4958 I libsensor-boledalgo: dbv:324,lux:92.6,cct:5422.4,hsv:-1.0,CWB R:38121.3,G:39262.5,B:37634.5Event C:4752.4,R:2317.2,G:1761.9,B:773.2Cali C:1928.9,R:996.6,G:723.7,B:325.6 
11-21 22:40:46.493  2679  4958 I libsensor-boledalgo: dbv:324,lux:92.8,cct:5567.2,hsv:-1.0,CWB R:38121.3,G:39262.5,B:37634.5Event C:4787.8,R:2336.9,G:1775.2,B:788.4Cali C:1928.9,R:996.6,G:723.7,B:325.6 
11-21 22:40:46.494  1176 20000 D JavaheapMonitor: Java heap used=2M max=256M, proc: com.qualcomm.qti.workloadclassifier
11-21 22:40:46.494  1176 20000 V JavaheapMonitor: Check java heap usage finished! Next check delay: 300000
11-21 22:40:46.534  1841 27864 E sensors-hal: handle_sns_client_event:58, har: time = 72900595783219 data 5.000000
11-21 22:40:46.535  3869  3869 I NetworkAccelerateSwitchService: onSensorChanged:33171070
11-21 22:40:46.535  3869  6318 I NetworkAccelerateSwitchService: onMovementSensorChanged State:false
11-21 22:40:46.536  9264  9363 D JavaheapMonitor: Java heap used=34M max=256M, proc: com.google.android.permissioncontroller
11-21 22:40:46.536  9264  9363 V JavaheapMonitor: Check java heap usage finished! Next check delay: 300000
11-21 22:40:46.703  2679  4958 I libsensor-boledalgo: dbv:324,lux:92.6,cct:5473.5,hsv:-1.0,CWB R:38121.3,G:39262.5,B:37634.5Event C:4768.2,R:2324.5,G:1763.8,B:778.8Cali C:1928.9,R:996.6,G:723.7,B:325.6 
11-21 22:40:46.704  2679  4958 I libsensor-boledalgo: dbv:324,lux:97.4,cct:5379.2,hsv:-1.0,CWB R:38121.3,G:39262.5,B:37634.5Event C:4886.2,R:2377.5,G:1813.2,B:791.4Cali C:1928.9,R:996.6,G:723.7,B:325.6 
11-21 22:40:46.705  2679  4958 I libsensor-boledalgo: dbv:324,lux:92.0,cct:5475.1,hsv:-1.0,CWB R:38121.3,G:39262.5,B:37634.5Event C:4755.4,R:2324.8,G:1760.4,B:777.5Cali C:1928.9,R:996.6,G:723.7,B:325.6 
11-21 22:40:46.705  2679  4958 I libsensor-boledalgo: dbv:324,lux:91.1,cct:5419.3,hsv:-1.0,CWB R:38121.3,G:39262.5,B:37634.5Event C:4723.3,R:2304.5,G:1742.1,B:768.0Cali C:1928.9,R:996.6,G:723.7,B:325.6 
11-21 22:40:46.706  2679  4958 I libsensor-boledalgo: dbv:324,lux:92.5,cct:5491.1,hsv:-1.0,CWB R:38121.3,G:39262.5,B:37634.5Event C:4770.2,R:2333.7,G:1769.5,B:781.3Cali C:1928.9,R:996.6,G:723.7,B:325.6 
11-21 22:40:46.707  2679  4958 I libsensor-boledalgo: dbv:324,lux:92.3,cct:5439.5,hsv:-1.0,CWB R:38121.3,G:39262.5,B:37634.5Event C:4768.2,R:2333.1,G:1760.1,B:777.2Cali C:1928.9,R:996.6,G:723.7,B:325.6 
11-21 22:40:46.707  2679  4958 I libsensor-boledalgo: dbv:324,lux:93.2,cct:5505.7,hsv:-1.0,CWB R:38121.3,G:39262.5,B:37634.5Event C:4799.9,R:2350.4,G:1777.6,B:787.1Cali C:1928.9,R:996.6,G:723.7,B:325.6 
11-21 22:40:46.727  3869  6318 I NetworkAccelerateSwitchService: EVENT_RSSI_POLL. mRssiPoll=true
11-21 22:40:46.728  3869  6318 I NetworkAccelerateSwitchService: checkWifiRssiAndLinkSpeed mWifiFastFade:false mWifiFastFadeAdjustThreshold:false
11-21 22:40:46.728  3869  6318 I NetworkAccelerateSwitchService: getAverageWifiRssi:60
11-21 22:40:46.728  3869  6318 D NetworkAccelerateSwitchService: checkIntervalModeChange mMovementState:false mIntervalMode:0 mIsBadLinkLayerQoE:false mBadLinkLayerQoETimes = 0
11-21 22:40:46.783  6726  7068 D JavaheapMonitor: Java heap used=5M max=512M, proc: com.miui.cleaner
11-21 22:40:46.783  6726  7068 V JavaheapMonitor: Check java heap usage finished! Next check delay: 300000
11-21 22:40:46.831  5840  6173 E PhoneAdapter: get ntnphones failed, exception: java.lang.IllegalStateException: Default phones haven't been made yet!
11-21 22:40:46.835 22199 22480 D AudioManager: getMode: mode=0, callApp=com.vodafone.selfservis
11-21 22:40:46.839  5840  6596 E PhoneAdapter: get ntnphones failed, exception: java.lang.IllegalStateException: Default phones haven't been made yet!
11-21 22:40:46.843  5840  6596 E PhoneAdapter: get ntnphones failed, exception: java.lang.IllegalStateException: Default phones haven't been made yet!
11-21 22:40:46.845  5840  6596 E PhoneAdapter: get ntnphones failed, exception: java.lang.IllegalStateException: Default phones haven't been made yet!
11-21 22:40:46.846  5840  6173 E PhoneAdapter: get ntnphones failed, exception: java.lang.IllegalStateException: Default phones haven't been made yet!
11-21 22:40:46.848  5840  6596 E PhoneAdapter: get ntnphones failed, exception: java.lang.IllegalStateException: Default phones haven't been made yet!
11-21 22:40:46.849  3869  6545 D CustFeatureResolve:  The result of feature always_enable_data_roaming is true
11-21 22:40:46.866  1116  1116 E KeymasterUtils: IKMHal_sendCmd failed with rsp_header->status: -28
11-21 22:40:46.866  1116  1116 E KeyMasterHalDevice: abort_operation
11-21 22:40:46.866  1116  1116 E KeyMasterHalDevice: ret: -28
11-21 22:40:46.915  2679  4958 I libsensor-boledalgo: dbv:324,lux:95.9,cct:5580.5,hsv:-1.0,CWB R:38121.3,G:39262.5,B:37634.5Event C:4914.9,R:2403.4,G:1807.3,B:809.5Cali C:1928.9,R:996.6,G:723.7,B:325.6 
11-21 22:40:46.916  2679  4958 I libsensor-boledalgo: dbv:324,lux:92.0,cct:5485.5,hsv:-1.0,CWB R:38121.3,G:39262.5,B:37634.5Event C:4762.3,R:2325.6,G:1758.4,B:778.8Cali C:1928.9,R:996.6,G:723.7,B:325.6 
11-21 22:40:46.917  2679  4958 I libsensor-boledalgo: dbv:324,lux:94.2,cct:5359.1,hsv:-1.0,CWB R:38121.3,G:39262.5,B:37634.5Event C:4808.8,R:2345.5,G:1773.4,B:777.7Cali C:1928.9,R:996.6,G:723.7,B:325.6 
11-21 22:40:46.917  2679  4958 I libsensor-boledalgo: dbv:324,lux:93.1,cct:5449.1,hsv:-1.0,CWB R:38121.3,G:39262.5,B:37634.5Event C:4788.1,R:2342.3,G:1772.5,B:781.3Cali C:1928.9,R:996.6,G:723.7,B:325.6 
11-21 22:40:46.918  2679  4958 I libsensor-boledalgo: dbv:324,lux:92.8,cct:5645.6,hsv:-1.0,CWB R:38121.3,G:39262.5,B:37634.5Event C:4811.7,R:2351.3,G:1778.3,B:797.0Cali C:1928.9,R:996.6,G:723.7,B:325.6 
11-21 22:40:46.918  2679  4958 I libsensor-boledalgo: dbv:324,lux:93.0,cct:5393.1,hsv:-1.0,CWB R:38121.3,G:39262.5,B:37634.5Event C:4772.2,R:2326.1,G:1760.9,B:774.0Cali C:1928.9,R:996.6,G:723.7,B:325.6 
11-21 22:40:46.919  2679  4958 I libsensor-boledalgo: dbv:324,lux:93.9,cct:5479.8,hsv:-1.0,CWB R:38121.3,G:39262.5,B:37634.5Event C:4806.8,R:2347.0,G:1781.6,B:786.0Cali C:1928.9,R:996.6,G:723.7,B:325.6 
11-21 22:40:46.957  1872  1872 I vendor.qti.hardware.servicetrackeraidl-service: unbindService is called for service : com.google.android.gms/.chimera.PersistentDirectBootAwareApiService and for client com.google.android.dialer
11-21 22:40:47.026  8145  8434 I AppOpsAdapter: persist start
11-21 22:40:47.029  8145 28293 I AppOpsAdapter: onApplyCacheOperation start, size 0
11-21 22:40:47.030  8145 28293 I AppOpsAdapter: onApplyCacheOperation end
11-21 22:40:47.030  8145  8434 I AppOpsAdapter: persist continue
11-21 22:40:47.033  8145  8434 I AppOpsAdapter: persist end
11-21 22:40:47.043  8761  8804 I System.out: 22:40:47.043 [pool-4-thread-1] ERROR q3.b - Error result code from EuiccCardManager is -1
11-21 22:40:47.044  8761  8804 I System.out: 22:40:47.043 [pool-4-thread-1] ERROR q3.g - frameworkEs10xExecute: failed, error code: -1, error message: Error result code from EuiccCardManager. (Error Code=-1)
11-21 22:40:47.044  8761  8804 I System.out: com.miui.euicc.core.internal.protocol.phase.es10x.EuiccServiceException: Error result code from EuiccCardManager. (Error Code=-1)
11-21 22:40:47.044  8761  8804 I System.out: 	at q3.b$a.c(Unknown Source:72)
11-21 22:40:47.044  8761  8804 I System.out: 	at q3.c.c(Unknown Source:33)
11-21 22:40:47.044  8761  8804 I System.out: 	at q3.g.b(Unknown Source:17)
11-21 22:40:47.044  8761  8804 I System.out: 	at p3.r.h(Unknown Source:45)
11-21 22:40:47.044  8761  8804 I System.out: 	at p3.r.b(Unknown Source:6)
11-21 22:40:47.044  8761  8804 I System.out: 	at com.miui.euicc.core.internal.protocol.d.d(Unknown Source:9)
11-21 22:40:47.044  8761  8804 I System.out: 	at com.miui.euicc.core.internal.protocol.d.b(Unknown Source:0)
11-21 22:40:47.044  8761  8804 I System.out: 	at m3.d.a(Unknown Source:0)
11-21 22:40:47.044  8761  8804 I System.out: 	at h4.a.e(Unknown Source:0)
11-21 22:40:47.044  8761  8804 I System.out: 	at h4.a$a.call(Unknown Source:6)
11-21 22:40:47.044  8761  8804 I System.out: 	at java.util.concurrent.FutureTask.run(FutureTask.java:317)
11-21 22:40:47.044  8761  8804 I System.out: 	at java.util.concurrent.ThreadPoolExecutor.runWorker(ThreadPoolExecutor.java:1156)
11-21 22:40:47.044  8761  8804 I System.out: 	at java.util.concurrent.ThreadPoolExecutor$Worker.run(ThreadPoolExecutor.java:651)
11-21 22:40:47.044  8761  8804 I System.out: 	at java.lang.Thread.run(Thread.java:1119)
11-21 22:40:47.044  8761  8804 I System.out: 22:40:47.044 [pool-4-thread-1] ERROR n3.b - frameworkEs10xExecute: failed Error result code from EuiccCardManager. (Error Code=-1)
11-21 22:40:47.044  8761  8804 I System.out: com.miui.euicc.core.internal.protocol.phase.es10x.EuiccServiceException: Error result code from EuiccCardManager. (Error Code=-1)
11-21 22:40:47.044  8761  8804 I System.out: 	at q3.b$a.c(Unknown Source:72)
11-21 22:40:47.044  8761  8804 I System.out: 	at q3.c.c(Unknown Source:33)
11-21 22:40:47.044  8761  8804 I System.out: 	at q3.g.b(Unknown Source:17)
11-21 22:40:47.044  8761  8804 I System.out: 	at p3.r.h(Unknown Source:45)
11-21 22:40:47.044  8761  8804 I System.out: 	at p3.r.b(Unknown Source:6)
11-21 22:40:47.044  8761  8804 I System.out: 	at com.miui.euicc.core.internal.protocol.d.d(Unknown Source:9)
11-21 22:40:47.044  8761  8804 I System.out: 	at com.miui.euicc.core.internal.protocol.d.b(Unknown Source:0)
11-21 22:40:47.044  8761  8804 I System.out: 	at m3.d.a(Unknown Source:0)
11-21 22:40:47.044  8761  8804 I System.out: 	at h4.a.e(Unknown Source:0)
11-21 22:40:47.044  8761  8804 I System.out: 	at h4.a$a.call(Unknown Source:6)
11-21 22:40:47.044  8761  8804 I System.out: 	at java.util.concurrent.FutureTask.run(FutureTask.java:317)
11-21 22:40:47.044  8761  8804 I System.out: 	at java.util.concurrent.ThreadPoolExecutor.runWorker(ThreadPoolExecutor.java:1156)
11-21 22:40:47.044  8761  8804 I System.out: 	at java.util.concurrent.ThreadPoolExecutor$Worker.run(ThreadPoolExecutor.java:651)
11-21 22:40:47.044  8761  8804 I System.out: 	at java.lang.Thread.run(Thread.java:1119)
11-21 22:40:47.044  8761  8804 I System.out: 22:40:47.044 [pool-4-thread-1] INFO n3.b - Restore and close the logical channel automatically.
11-21 22:40:47.045  8761  8804 I System.out: 22:40:47.045 [pool-4-thread-1] ERROR n3.b - closeChannelEsim: failed length=1; index=1
11-21 22:40:47.045  8761  8804 I System.out: java.lang.ArrayIndexOutOfBoundsException: length=1; index=1
11-21 22:40:47.045  8761  8804 I System.out: 	at p3.r.g(Unknown Source:71)
11-21 22:40:47.045  8761  8804 I System.out: 	at p3.r.h(Unknown Source:114)
11-21 22:40:47.045  8761  8804 I System.out: 	at p3.r.b(Unknown Source:6)
11-21 22:40:47.045  8761  8804 I System.out: 	at com.miui.euicc.core.internal.protocol.d.d(Unknown Source:9)
11-21 22:40:47.045  8761  8804 I System.out: 	at com.miui.euicc.core.internal.protocol.d.b(Unknown Source:0)
11-21 22:40:47.045  8761  8804 I System.out: 	at m3.d.a(Unknown Source:0)
11-21 22:40:47.045  8761  8804 I System.out: 	at h4.a.e(Unknown Source:0)
11-21 22:40:47.045  8761  8804 I System.out: 	at h4.a$a.call(Unknown Source:6)
11-21 22:40:47.045  8761  8804 I System.out: 	at java.util.concurrent.FutureTask.run(FutureTask.java:317)
11-21 22:40:47.045  8761  8804 I System.out: 	at java.util.concurrent.ThreadPoolExecutor.runWorker(ThreadPoolExecutor.java:1156)
11-21 22:40:47.045  8761  8804 I System.out: 	at java.util.concurrent.ThreadPoolExecutor$Worker.run(ThreadPoolExecutor.java:651)
11-21 22:40:47.045  8761  8804 I System.out: 	at java.lang.Thread.run(Thread.java:1119)
11-21 22:40:47.046  8761  8804 I System.out: 22:40:47.046 [pool-4-thread-1] ERROR m3.d - run: JobException {"description":{"code":-1,"message":"Error result code from EuiccCardManager. (Error Code=-1)","statusWord":36864},"origin":2200,"type":1}
11-21 22:40:47.046  8761  8804 I System.out: com.miui.euicc.core.internal.job.JobException: null
11-21 22:40:47.046  8761  8804 I System.out: 	at p3.r.n(Unknown Source:20)
11-21 22:40:47.046  8761  8804 I System.out: 	at p3.r.h(Unknown Source:123)
11-21 22:40:47.046  8761  8804 I System.out: 	at p3.r.b(Unknown Source:6)
11-21 22:40:47.046  8761  8804 I System.out: 	at com.miui.euicc.core.internal.protocol.d.d(Unknown Source:9)
11-21 22:40:47.046  8761  8804 I System.out: 	at com.miui.euicc.core.internal.protocol.d.b(Unknown Source:0)
11-21 22:40:47.046  8761  8804 I System.out: 	at m3.d.a(Unknown Source:0)
11-21 22:40:47.046  8761  8804 I System.out: 	at h4.a.e(Unknown Source:0)
11-21 22:40:47.046  8761  8804 I System.out: 	at h4.a$a.call(Unknown Source:6)
11-21 22:40:47.046  8761  8804 I System.out: 	at java.util.concurrent.FutureTask.run(FutureTask.java:317)
11-21 22:40:47.046  8761  8804 I System.out: 	at java.util.concurrent.ThreadPoolExecutor.runWorker(ThreadPoolExecutor.java:1156)
11-21 22:40:47.046  8761  8804 I System.out: 	at java.util.concurrent.ThreadPoolExecutor$Worker.run(ThreadPoolExecutor.java:651)
11-21 22:40:47.046  8761  8804 I System.out: 	at java.lang.Thread.run(Thread.java:1119)
11-21 22:40:47.046  8761  8761 D a       : getOrigin(): context = [com.miui.euicc.LpaApplication@39eff69], origin = [2200]
11-21 22:40:47.046  8761  8761 D a       : getOrigin: index = 12
11-21 22:40:47.046  8761  8761 D a       : getOrigin: Is index in bounds: true
11-21 22:40:47.046  8761  8761 D Euicc-XmLPAService: getEuiccInfo : onError()
11-21 22:40:47.046  8761  8761 E Euicc-XmLPAService: eSIM bilgilerini al ile ilgili hata
11-21 22:40:47.046  8761  8761 E Euicc-XmLPAService: 
11-21 22:40:47.046  8761  8761 E Euicc-XmLPAService: Konu kodu: 2200
11-21 22:40:47.046  8761  8761 E Euicc-XmLPAService: Neden kodu: -1
11-21 22:40:47.046  5840  6277 D EuiccConnector: handleMessage: E msg.what=6
11-21 22:40:47.046  5840  6277 D EuiccConnector: processMsg: ConnectedState
11-21 22:40:47.046  5840  6277 D EuiccConnector: handleMessage: X
11-21 22:40:47.046 12746 13836 W BpBinder: PerfMonitor binderTransact: time=20007ms interface=com.android.internal.telephony.euicc.IEuiccController code=7
11-21 22:40:47.128  2679  4958 I libsensor-boledalgo: dbv:324,lux:94.3,cct:5542.2,hsv:-1.0,CWB R:38121.3,G:39262.5,B:37634.5Event C:4836.0,R:2357.5,G:1785.8,B:793.9Cali C:1928.9,R:996.6,G:723.7,B:325.6 
11-21 22:40:47.128  2679  4958 I libsensor-boledalgo: dbv:324,lux:92.3,cct:5418.8,hsv:-1.0,CWB R:38121.3,G:39262.5,B:37634.5Event C:4753.7,R:2321.1,G:1757.7,B:773.3Cali C:1928.9,R:996.6,G:723.7,B:325.6 
11-21 22:40:47.129  2679  4958 I libsensor-boledalgo: dbv:324,lux:92.7,cct:5477.5,hsv:-1.0,CWB R:38121.3,G:39262.5,B:37634.5Event C:4768.0,R:2316.7,G:1760.1,B:778.0Cali C:1928.9,R:996.6,G:723.7,B:325.6 
11-21 22:40:47.130  2679  4958 I libsensor-boledalgo: dbv:324,lux:93.1,cct:5553.7,hsv:-1.0,CWB R:38121.3,G:39262.5,B:37634.5Event C:4796.0,R:2356.6,G:1787.9,B:790.9Cali C:1928.9,R:996.6,G:723.7,B:325.6 
11-21 22:40:47.131  2679  4958 I libsensor-boledalgo: dbv:324,lux:93.0,cct:5453.8,hsv:-1.0,CWB R:38121.3,G:39262.5,B:37634.5Event C:4784.1,R:2332.1,G:1764.8,B:779.8Cali C:1928.9,R:996.6,G:723.7,B:325.6 
11-21 22:40:47.131  2679  4958 I libsensor-boledalgo: dbv:324,lux:92.7,cct:5533.8,hsv:-1.0,CWB R:38121.3,G:39262.5,B:37634.5Event C:4774.4,R:2330.3,G:1771.3,B:784.1Cali C:1928.9,R:996.6,G:723.7,B:325.6 
11-21 22:40:47.141  3869  5155 I SmartPower: com.google.android.gms/10165(10545): background->idle(3001ms) R(service unbind com.google.android.gms/.chimera.GmsBoundBrokerService) adj=250.
11-21 22:40:47.189 10545 10622 D JavaheapMonitor: Java heap used=25M max=256M, proc: com.google.android.gms
11-21 22:40:47.189 10545 10622 V JavaheapMonitor: Check java heap usage finished! Next check delay: 300000
11-21 22:40:47.340  2679  4958 I libsensor-boledalgo: dbv:324,lux:94.1,cct:5410.7,hsv:-1.0,CWB R:38121.3,G:39262.5,B:37634.5Event C:4809.6,R:2357.7,G:1785.8,B:783.1Cali C:1928.9,R:996.6,G:723.7,B:325.6 
11-21 22:40:47.342  2679  4958 I libsensor-boledalgo: dbv:324,lux:92.5,cct:5503.5,hsv:-1.0,CWB R:38121.3,G:39262.5,B:37634.5Event C:4754.1,R:2313.4,G:1763.8,B:778.3Cali C:1928.9,R:996.6,G:723.7,B:325.6 
11-21 22:40:47.343  2679  4958 I libsensor-boledalgo: dbv:324,lux:92.7,cct:5561.7,hsv:-1.0,CWB R:38121.3,G:39262.5,B:37634.5Event C:4772.9,R:2330.6,G:1776.7,B:786.1Cali C:1928.9,R:996.6,G:723.7,B:325.6 
11-21 22:40:47.344  2679  4958 I libsensor-boledalgo: dbv:324,lux:92.1,cct:5422.9,hsv:-1.0,CWB R:38121.3,G:39262.5,B:37634.5Event C:4746.4,R:2323.1,G:1760.4,B:773.2Cali C:1928.9,R:996.6,G:723.7,B:325.6 
11-21 22:40:47.345  2679  4958 I libsensor-boledalgo: dbv:324,lux:93.0,cct:5478.2,hsv:-1.0,CWB R:38121.3,G:39262.5,B:37634.5Event C:4778.1,R:2329.9,G:1768.5,B:780.8Cali C:1928.9,R:996.6,G:723.7,B:325.6 
11-21 22:40:47.451 12746 13836 D AudioManager: getMode: mode=0, callApp=com.staircase3.opensignal
11-21 22:40:47.452  3869  6800 D FileUtils: Rounded bytes from 11662168064 to 16000000000
11-21 22:40:47.454  3869  4237 D SsruManagerImpl: MiSsru Sensor not init!!!!
11-21 22:40:47.454  1841  1841 I sensors-hal: batch:141, android.sensor.light/51, period=1000000, max_latency=0
11-21 22:40:47.454  1841  1841 I sensors-hal: set_config:60, no need to adjust sample_period_ns due to reporting_mode = 2
11-21 22:40:47.454  1841  1841 I sensors-hal: batch:150, android.sensor.light/51, period=1000000, max_latency=0 request completed
11-21 22:40:47.482 12746 13836 W JobInfo : Job 'com.staircase3.opensignal/com.opensignal.sdk.data.task.NoOpJobService#1122115566' has a deadline with no functional constraints. The deadline won't improve job execution latency. Consider removing the deadline.
11-21 22:40:47.482  3869  5956 W JobInfo : Job 'com.staircase3.opensignal/com.opensignal.sdk.data.task.NoOpJobService#1122115566' has a deadline with no functional constraints. The deadline won't improve job execution latency. Consider removing the deadline.
11-21 22:40:47.482  3869  6800 D BatteryStatsManagerStub: notifyEvent for resId=256 used 0ms
11-21 22:40:47.482  3869  5149 I whetstone.activity: processNotifyEvent1 resId = 256, bundle = Bundle[{startTime=72901545, sourcePkg=com.staircase3.opensignal, sourceUid=10462, status=0, jobId=1122115566, batteryName=com.staircase3.opensignal/com.opensignal.sdk.data.task.NoOpJobService, elapsedRealtime=72901545}]
11-21 22:40:47.482  3437  3671 I EventMonitor: notifyEvent resId=256
11-21 22:40:47.483  1872  1872 I vendor.qti.hardware.servicetrackeraidl-service: unbindService is called for service : com.staircase3.opensignal/com.opensignal.sdk.data.task.NoOpJobService and for client system
11-21 22:40:47.483  1872  1872 I vendor.qti.hardware.servicetrackeraidl-service: size of service connections for service: com.staircase3.opensignal/com.opensignal.sdk.data.task.NoOpJobServiceafter removal is 0
11-21 22:40:47.483  1872  1872 I vendor.qti.hardware.servicetrackeraidl-service: size of client connections for client: systemafter removal is 35
11-21 22:40:47.483  1872  1872 I vendor.qti.hardware.servicetrackeraidl-service: destroyService is called for service : com.staircase3.opensignal/com.opensignal.sdk.data.task.NoOpJobService
11-21 22:40:47.483  3869  6800 W JobScheduler: Job didn't exist in JobStore: 
11-21 22:40:47.483  3869  4940 I MiuiNetworkPolicy: updateUidState uid = 10462, uidState = 10
11-21 22:40:47.485  3869  4940 I MiuiNetworkPolicy: updateUidState uid = 10462, uidState = 19
11-21 22:40:47.489  3046 11321 D JavaheapMonitor: Java heap used=16M max=256M, proc: com.google.android.apps.messaging
11-21 22:40:47.489  3046 11321 V JavaheapMonitor: Check java heap usage finished! Next check delay: 300000
11-21 22:40:47.493 12746 13836 D AudioManager: getMode: mode=0, callApp=com.staircase3.opensignal
11-21 22:40:47.493 12746 13836 D AudioManager: getMode: mode=0, callApp=com.staircase3.opensignal
11-21 22:40:47.493 12746 13836 D AudioManager: getMode: mode=0, callApp=com.staircase3.opensignal
11-21 22:40:47.493 12746 13836 D AudioManager: getMode: mode=0, callApp=com.staircase3.opensignal
11-21 22:40:47.498 12746 13836 D AudioManager: getMode: mode=0, callApp=com.staircase3.opensignal
11-21 22:40:47.498 12746 13836 D AudioManager: getMode: mode=0, callApp=com.staircase3.opensignal
11-21 22:40:47.498 12746 13836 D AudioManager: getMode: mode=0, callApp=com.staircase3.opensignal
11-21 22:40:47.498 12746 13836 D AudioManager: getMode: mode=0, callApp=com.staircase3.opensignal
11-21 22:40:47.501 12746 13836 D AudioManager: getMode: mode=0, callApp=com.staircase3.opensignal
11-21 22:40:47.501 12746 13836 D AudioManager: getMode: mode=0, callApp=com.staircase3.opensignal
11-21 22:40:47.501 12746 13836 D AudioManager: getMode: mode=0, callApp=com.staircase3.opensignal
11-21 22:40:47.501 12746 13836 D AudioManager: getMode: mode=0, callApp=com.staircase3.opensignal
11-21 22:40:47.506  1872  1872 I vendor.qti.hardware.servicetrackeraidl-service: unbindService is called for service : com.google.android.gms/.chimera.PersistentDirectBootAwareApiService and for client com.google.android.apps.messaging
11-21 22:40:47.506  1872  1872 I vendor.qti.hardware.servicetrackeraidl-service: size of client connections for client: com.google.android.apps.messagingafter removal is 0
11-21 22:40:47.551  2679  4958 I libsensor-boledalgo: dbv:324,lux:93.3,cct:5573.3,hsv:-1.0,CWB R:38121.3,G:39262.5,B:37634.5Event C:4791.0,R:2348.4,G:1791.5,B:791.1Cali C:1928.9,R:996.6,G:723.7,B:325.6 
11-21 22:40:47.552  2679  4958 I libsensor-boledalgo: dbv:324,lux:93.9,cct:5464.1,hsv:-1.0,CWB R:38121.3,G:39262.5,B:37634.5Event C:4796.0,R:2331.3,G:1775.2,B:782.0Cali C:1928.9,R:996.6,G:723.7,B:325.6 
11-21 22:40:47.552  2679  4958 I libsensor-boledalgo: dbv:324,lux:86.9,cct:5667.4,hsv:-1.0,CWB R:38121.3,G:39262.5,B:37634.5Event C:4637.4,R:2270.7,G:1711.3,B:769.7Cali C:1928.9,R:996.6,G:723.7,B:325.6 
11-21 22:40:47.553  2679  4958 I libsensor-boledalgo: dbv:324,lux:93.9,cct:5523.3,hsv:-1.0,CWB R:38121.3,G:39262.5,B:37634.5Event C:4809.6,R:2346.1,G:1784.8,B:789.1Cali C:1928.9,R:996.6,G:723.7,B:325.6 
11-21 22:40:47.553  2679  4958 I libsensor-boledalgo: dbv:324,lux:91.7,cct:5467.9,hsv:-1.0,CWB R:38121.3,G:39262.5,B:37634.5Event C:4742.5,R:2318.3,G:1756.2,B:775.0Cali C:1928.9,R:996.6,G:723.7,B:325.6 
11-21 22:40:47.555  2679  4958 I libsensor-boledalgo: dbv:324,lux:93.2,cct:5357.4,hsv:-1.0,CWB R:38121.3,G:39262.5,B:37634.5Event C:4772.2,R:2329.6,G:1764.8,B:772.2Cali C:1928.9,R:996.6,G:723.7,B:325.6 
11-21 22:40:47.555  2679  4958 I libsensor-boledalgo: dbv:324,lux:96.4,cct:5488.1,hsv:-1.0,CWB R:38121.3,G:39262.5,B:37634.5Event C:4875.3,R:2361.2,G:1799.2,B:795.3Cali C:1928.9,R:996.6,G:723.7,B:325.6 
11-21 22:40:47.555  2679  4958 I libsensor-boledalgo: dbv:324,lux:85.7,cct:5916.0,hsv:-1.0,CWB R:38121.3,G:39262.5,B:37634.5Event C:4626.3,R:2268.0,G:1716.2,B:782.3Cali C:1928.9,R:996.6,G:723.7,B:325.6 
11-21 22:40:47.764  2679  4958 I libsensor-boledalgo: dbv:324,lux:94.3,cct:5440.2,hsv:-1.0,CWB R:38121.3,G:39262.5,B:37634.5Event C:4819.1,R:2359.4,G:1786.9,B:786.1Cali C:1928.9,R:996.6,G:723.7,B:325.6 
11-21 22:40:47.766  2679  4958 I libsensor-boledalgo: dbv:324,lux:93.4,cct:5595.6,hsv:-1.0,CWB R:38121.3,G:39262.5,B:37634.5Event C:4811.3,R:2344.5,G:1780.6,B:793.4Cali C:1928.9,R:996.6,G:723.7,B:325.6 
11-21 22:40:47.767  2679  4958 I libsensor-boledalgo: dbv:324,lux:94.1,cct:5412.3,hsv:-1.0,CWB R:38121.3,G:39262.5,B:37634.5Event C:4806.1,R:2346.1,G:1778.6,B:781.3Cali C:1928.9,R:996.6,G:723.7,B:325.6 
11-21 22:40:47.767  2679  4958 I libsensor-boledalgo: dbv:324,lux:92.3,cct:5488.9,hsv:-1.0,CWB R:38121.3,G:39262.5,B:37634.5Event C:4756.1,R:2318.8,G:1763.1,B:778.0Cali C:1928.9,R:996.6,G:723.7,B:325.6 
11-21 22:40:47.768  2679  4958 I libsensor-boledalgo: dbv:324,lux:92.7,cct:5412.6,hsv:-1.0,CWB R:38121.3,G:39262.5,B:37634.5Event C:4756.6,R:2319.1,G:1762.8,B:773.2Cali C:1928.9,R:996.6,G:723.7,B:325.6 
11-21 22:40:47.769  2679  4958 I libsensor-boledalgo: dbv:324,lux:92.3,cct:5466.9,hsv:-1.0,CWB R:38121.3,G:39262.5,B:37634.5Event C:4761.3,R:2324.4,G:1761.5,B:777.6Cali C:1928.9,R:996.6,G:723.7,B:325.6 
11-21 22:40:47.855  5840  6597 E PhoneAdapter: get ntnphones failed, exception: java.lang.IllegalStateException: Default phones haven't been made yet!
11-21 22:40:47.860 22199 22480 D AudioManager: getMode: mode=0, callApp=com.vodafone.selfservis
11-21 22:40:47.978  2679  4958 I libsensor-boledalgo: dbv:324,lux:91.7,cct:5397.9,hsv:-1.0,CWB R:38121.3,G:39262.5,B:37634.5Event C:4736.5,R:2316.9,G:1753.0,B:769.7Cali C:1928.9,R:996.6,G:723.7,B:325.6 
11-21 22:40:47.978  2679  4958 I libsensor-boledalgo: dbv:324,lux:92.7,cct:5451.8,hsv:-1.0,CWB R:38121.3,G:39262.5,B:37634.5Event C:4774.2,R:2337.5,G:1769.3,B:779.5Cali C:1928.9,R:996.6,G:723.7,B:325.6 
11-21 22:40:47.979  2679  4958 I libsensor-boledalgo: dbv:324,lux:94.9,cct:5388.5,hsv:-1.0,CWB R:38121.3,G:39262.5,B:37634.5Event C:4825.7,R:2354.8,G:1786.5,B:782.8Cali C:1928.9,R:996.6,G:723.7,B:325.6 
11-21 22:40:47.979  2679  4958 I libsensor-boledalgo: dbv:324,lux:94.5,cct:5445.1,hsv:-1.0,CWB R:38121.3,G:39262.5,B:37634.5Event C:4827.8,R:2363.5,G:1789.8,B:787.8Cali C:1928.9,R:996.6,G:723.7,B:325.6 
11-21 22:40:47.981  2679  4958 I libsensor-boledalgo: dbv:324,lux:96.3,cct:5388.6,hsv:-1.0,CWB R:38121.3,G:39262.5,B:37634.5Event C:4848.3,R:2371.4,G:1811.8,B:787.9Cali C:1928.9,R:996.6,G:723.7,B:325.6 
11-21 22:40:48.022   847 11058 D JavaheapMonitor: Java heap used=2M max=256M, proc: com.android.nfc
11-21 22:40:48.022   847 11058 V JavaheapMonitor: Check java heap usage finished! Next check delay: 300000
11-21 22:40:48.033  3869  5804 D SLM-SRV-SLAService: checktemp temperature = 34998 temperature_average = 35277 isPerformanceMode = false thermal_enable_slm = true
11-21 22:40:48.190  2679  4958 I libsensor-boledalgo: dbv:324,lux:93.9,cct:5515.4,hsv:-1.0,CWB R:38121.3,G:39262.5,B:37634.5Event C:4831.4,R:2362.3,G:1783.3,B:792.1Cali C:1928.9,R:996.6,G:723.7,B:325.6 
11-21 22:40:48.191  2679  4958 I libsensor-boledalgo: dbv:324,lux:95.7,cct:5609.1,hsv:-1.0,CWB R:38121.3,G:39262.5,B:37634.5Event C:4868.0,R:2366.6,G:1807.2,B:803.4Cali C:1928.9,R:996.6,G:723.7,B:325.6 
11-21 22:40:48.192  2679  4958 I libsensor-boledalgo: dbv:324,lux:93.7,cct:5374.0,hsv:-1.0,CWB R:38121.3,G:39262.5,B:37634.5Event C:4794.6,R:2346.5,G:1774.2,B:777.5Cali C:1928.9,R:996.6,G:723.7,B:325.6 
11-21 22:40:48.192  2679  4958 I libsensor-boledalgo: dbv:324,lux:95.3,cct:5448.0,hsv:-1.0,CWB R:38121.3,G:39262.5,B:37634.5Event C:4844.5,R:2364.2,G:1795.2,B:789.9Cali C:1928.9,R:996.6,G:723.7,B:325.6 
11-21 22:40:48.193  2679  4958 I libsensor-boledalgo: dbv:324,lux:93.0,cct:5527.1,hsv:-1.0,CWB R:38121.3,G:39262.5,B:37634.5Event C:4794.0,R:2347.2,G:1778.1,B:787.6Cali C:1928.9,R:996.6,G:723.7,B:325.6 
11-21 22:40:48.194  2679  4958 I libsensor-boledalgo: dbv:324,lux:93.3,cct:5353.1,hsv:-1.0,CWB R:38121.3,G:39262.5,B:37634.5Event C:4788.1,R:2346.1,G:1768.8,B:775.2Cali C:1928.9,R:996.6,G:723.7,B:325.6 
11-21 22:40:48.194  2679  4958 I libsensor-boledalgo: dbv:324,lux:94.0,cct:5498.4,hsv:-1.0,CWB R:38121.3,G:39262.5,B:37634.5Event C:4813.8,R:2352.3,G:1786.3,B:788.6Cali C:1928.9,R:996.6,G:723.7,B:325.6 
11-21 22:40:48.276  5585 15316 D NetworkMonitor/195: PROBE_FALLBACK http://play.googleapis.com/generate_204 Probe failed with exception java.net.SocketTimeoutException: timeout
11-21 22:40:48.277  5585 15316 D NetworkMonitor/195: isCaptivePortal: isSuccessful()=false isPortal()=false RedirectUrl=null isPartialConnectivity()=false Time=13024ms
11-21 22:40:48.278  3869  4961 D ConnectivityService: [195 WIFI] validation failed
11-21 22:40:48.279  3869  4961 D AmlWifiScoreReportInjector: suspect data stall: false actual:true
11-21 22:40:48.403  2679  4958 I libsensor-boledalgo: dbv:324,lux:95.0,cct:5412.6,hsv:-1.0,CWB R:38121.3,G:39262.5,B:37634.5Event C:4819.8,R:2348.3,G:1788.5,B:783.3Cali C:1928.9,R:996.6,G:723.7,B:325.6 
11-21 22:40:48.403  2679  4958 I libsensor-boledalgo: dbv:324,lux:95.8,cct:5494.3,hsv:-1.0,CWB R:38121.3,G:39262.5,B:37634.5Event C:4862.5,R:2371.5,G:1805.2,B:795.8Cali C:1928.9,R:996.6,G:723.7,B:325.6 
11-21 22:40:48.404  2679  4958 I libsensor-boledalgo: dbv:324,lux:94.0,cct:5435.3,hsv:-1.0,CWB R:38121.3,G:39262.5,B:37634.5Event C:4813.9,R:2355.8,G:1781.6,B:784.6Cali C:1928.9,R:996.6,G:723.7,B:325.6 
11-21 22:40:48.487  3869  4084 D GnssSsruImpl: onLocationPermissionsChanged provider:network packageName:com.staircase3.opensignal
11-21 22:40:48.487  3869  4084 D GnssSsruImpl: onLocationPermissionsChanged provider:passive packageName:com.staircase3.opensignal
11-21 22:40:48.487  3869  4084 D GnssSsruImpl: onLocationPermissionsChanged provider:gps packageName:com.staircase3.opensignal
11-21 22:40:48.614  2679  4958 I libsensor-boledalgo: dbv:324,lux:93.2,cct:5493.6,hsv:-1.0,CWB R:38121.3,G:39262.5,B:37634.5Event C:4780.1,R:2335.8,G:1777.6,B:783.1Cali C:1928.9,R:996.6,G:723.7,B:325.6 
11-21 22:40:48.615  2679  4958 I libsensor-boledalgo: dbv:324,lux:93.5,cct:5567.5,hsv:-1.0,CWB R:38121.3,G:39262.5,B:37634.5Event C:4791.0,R:2332.2,G:1781.6,B:788.6Cali C:1928.9,R:996.6,G:723.7,B:325.6 
11-21 22:40:48.616  2679  4958 I libsensor-boledalgo: dbv:324,lux:95.8,cct:5466.2,hsv:-1.0,CWB R:38121.3,G:39262.5,B:37634.5Event C:4847.3,R:2353.4,G:1797.4,B:790.4Cali C:1928.9,R:996.6,G:723.7,B:325.6 
11-21 22:40:48.672  1863  3263 I vendor.qti.hardware.display.composer-service: Sensor: notify citsensorservice to trigger cwb, misForced = 0
11-21 22:40:48.673  1863  1863 I SDM     : CWB config passed by cwb_client : tappoint 1  CWB_ROI : (480.000000 159.000000 721.000000 400.000000) for display-0
11-21 22:40:48.685  1863  3261 I SDM     : DemuraTnCaptureIntfImpl::ProcessCapturePanelData: Screen capture status = 0
11-21 22:40:48.708  3869  5956 W ActivityManagerServiceImpl: Sending non-protected broadcast com.modemenhance.ACTION_MODEMWIFI_RSSI_POLL from system 5840:com.android.phone/1001 pkg com.android.phone. Callers=
11-21 22:40:48.709  3869  4188 D BroadcastQueue: Logging broadcast for com.android.phone, stopped=false, firstLaunch=false
11-21 22:40:48.709  5840  5840 D AmlSlaveWifiManager: getWifiSlaveConnectionInfo
11-21 22:40:48.743  1863  2473 I SDM     : DisplayBase::CommitThread: Received Idle Timeout, panel: cmd, timeout: 69999 us
11-21 22:40:48.747  7522  7541 D QLM-Service: check_headroom_zone: Timer EVT, Temp: 36544
11-21 22:40:48.767  1845  2034 E WifiHAL : wifi_get_cached_scan_results: Wifi Cached Scan Result not supported by driver
11-21 22:40:48.768  3869  4946 E WifiStaIfaceAidlImpl: getCachedScanData failed with service-specific exception: android.os.ServiceSpecificException:  (code 4)
11-21 22:40:48.776  1863  5144 I SDM     : NotifyCWBStatus: Notify the client about buffer (0x18c38da0) status 0 for display-0.
11-21 22:40:48.776  1863  5144 I SDM     : SDMConcurrentWriteBack::ProcessCWBStatus: CWB queue is empty. Display: 0
11-21 22:40:48.826  1863  2473 I SDM     : DisplayBase::CommitThread: Received Idle Timeout, panel: cmd, timeout: 70000 us
11-21 22:40:48.864  5840  6597 E PhoneAdapter: get ntnphones failed, exception: java.lang.IllegalStateException: Default phones haven't been made yet!
11-21 22:40:48.870 22199 22480 D AudioManager: getMode: mode=0, callApp=com.vodafone.selfservis
11-21 22:40:48.870 25287 30800 D JavaheapMonitor: Java heap used=6M max=256M, proc: com.google.android.as.oss
11-21 22:40:48.870 25287 30800 V JavaheapMonitor: Check java heap usage finished! Next check delay: 300000
11-21 22:40:48.956  3869  5155 I SmartPower: com.staircase3.opensignal/10462(12746): background->idle(3001ms) R(service unbind com.staircase3.opensignal/com.opensignal.sdk.data.task.ExecutingJobService) adj=905.
11-21 22:40:49.179  5898  5898 D ArtChoreographerMonitor: invoke error.
11-21 22:40:49.184  5898  5898 D ControlCenterHeaderExpandController: onExpansionChanged: progress =  0.0
11-21 22:40:49.185  5898  5898 D ControlCenterHeaderExpandController: onExpansionChanged: progress =  0.0
11-21 22:40:49.188  5898  5898 D ControlCenterHeaderExpandController: onExpansionChanged: progress =  0.0
11-21 22:40:49.196  5898  5898 D ControlCenterHeaderExpandController: onExpansionChanged: progress =  0.0
11-21 22:40:49.196  1863  2473 I SDM     : HWDeviceDRM::SetupConcurrentWriteback: Tear down the Concurrent Writeback topology
11-21 22:40:49.197  1863  3263 I vendor.qti.hardware.display.composer-service: Sensor: notify citsensorservice to trigger cwb, misForced = 0
11-21 22:40:49.198  1863  1863 I SDM     : CWB config passed by cwb_client : tappoint 1  CWB_ROI : (480.000000 159.000000 721.000000 400.000000) for display-0
11-21 22:40:49.267  1863  2473 I SDM     : DisplayBase::CommitThread: Received Idle Timeout, panel: cmd, timeout: 70000 us
11-21 22:40:49.349  1863  2473 I SDM     : DisplayBase::CommitThread: Received Idle Timeout, panel: cmd, timeout: 69999 us
11-21 22:40:49.357 15233 21824 D JavaheapMonitor: Java heap used=7M max=256M, proc: com.xiaomi.misettings
11-21 22:40:49.357 15233 21824 V JavaheapMonitor: Check java heap usage finished! Next check delay: 300000
11-21 22:40:49.363  5898  5898 D ArtChoreographerMonitor: invoke error.
11-21 22:40:49.367  1863  5144 I SDM     : NotifyCWBStatus: Notify the client about buffer (0x18c3b6e0) status 0 for display-0.
11-21 22:40:49.367  1863  5144 I SDM     : SDMConcurrentWriteBack::ProcessCWBStatus: CWB queue is empty. Display: 0
11-21 22:40:49.424  1863  2473 I SDM     : DisplayBase::CommitThread: Received Idle Timeout, panel: cmd, timeout: 70000 us
11-21 22:40:49.458  5840  6597 E PhoneAdapter: get ntnphones failed, exception: java.lang.IllegalStateException: Default phones haven't been made yet!
11-21 22:40:49.461  3869  3869 E AmlWifiScoreReportInjector: current network is in roaming environment
11-21 22:40:49.464  2679  4958 I libsensor-boledalgo: dbv:324,lux:94.2,cct:5601.3,hsv:-1.0,CWB R:38121.3,G:39262.5,B:37634.5Event C:4827.4,R:2359.8,G:1797.4,B:797.8Cali C:1928.9,R:996.6,G:723.7,B:325.6 
11-21 22:40:49.731  3869  6318 I NetworkAccelerateSwitchService: EVENT_RSSI_POLL. mRssiPoll=true
11-21 22:40:49.731  3869  6318 I NetworkAccelerateSwitchService: checkWifiRssiAndLinkSpeed mWifiFastFade:false mWifiFastFadeAdjustThreshold:false
11-21 22:40:49.732  3869  6318 I NetworkAccelerateSwitchService: getAverageWifiRssi:59
11-21 22:40:49.732  3869  6318 D NetworkAccelerateSwitchService: checkIntervalModeChange mMovementState:false mIntervalMode:0 mIsBadLinkLayerQoE:false mBadLinkLayerQoETimes = 0
11-21 22:40:49.734 22192  8285 I VkpnsPushProvider:CheckServiceAlive: Service PushService is active
11-21 22:40:49.874  5840  6596 E PhoneAdapter: get ntnphones failed, exception: java.lang.IllegalStateException: Default phones haven't been made yet!
11-21 22:40:49.879 22199 22480 D AudioManager: getMode: mode=0, callApp=com.vodafone.selfservis
11-21 22:40:49.890  2679  4958 I libsensor-boledalgo: dbv:324,lux:91.3,cct:5501.9,hsv:-1.0,CWB R:38121.3,G:39262.5,B:37634.5Event C:4742.5,R:2318.8,G:1753.5,B:777.0Cali C:1928.9,R:996.6,G:723.7,B:325.6 
11-21 22:40:49.890  2679  4958 I libsensor-boledalgo: dbv:324,lux:93.0,cct:5441.3,hsv:-1.0,CWB R:38121.3,G:39262.5,B:37634.5Event C:4776.2,R:2333.5,G:1770.3,B:778.7Cali C:1928.9,R:996.6,G:723.7,B:325.6 
11-21 22:40:50.101  2679  4958 I libsensor-boledalgo: dbv:324,lux:93.0,cct:5347.8,hsv:-1.0,CWB R:38121.3,G:39262.5,B:37634.5Event C:4756.1,R:2321.5,G:1762.3,B:769.2Cali C:1928.9,R:996.6,G:723.7,B:325.6 
11-21 22:40:50.102  2679  4958 I libsensor-boledalgo: dbv:324,lux:93.6,cct:5507.5,hsv:-1.0,CWB R:38121.3,G:39262.5,B:37634.5Event C:4800.2,R:2344.0,G:1781.8,B:786.8Cali C:1928.9,R:996.6,G:723.7,B:325.6 
11-21 22:40:50.106  3845 11649 D JavaheapMonitor: Java heap used=13M max=256M, proc: com.miui.securitycenter.remote
11-21 22:40:50.106  3845 11649 V JavaheapMonitor: Check java heap usage finished! Next check delay: 300000
11-21 22:40:50.313  2679  4958 I libsensor-boledalgo: dbv:324,lux:95.1,cct:5455.9,hsv:-1.0,CWB R:38121.3,G:39262.5,B:37634.5Event C:4829.7,R:2353.1,G:1793.9,B:787.8Cali C:1928.9,R:996.6,G:723.7,B:325.6 
11-21 22:40:50.314  2679  4958 I libsensor-boledalgo: dbv:324,lux:92.9,cct:5567.0,hsv:-1.0,CWB R:38121.3,G:39262.5,B:37634.5Event C:4789.5,R:2339.6,G:1777.4,B:788.9Cali C:1928.9,R:996.6,G:723.7,B:325.6 
11-21 22:40:50.315  2679  4958 I libsensor-boledalgo: dbv:324,lux:93.3,cct:5505.1,hsv:-1.0,CWB R:38121.3,G:39262.5,B:37634.5Event C:4780.1,R:2322.3,G:1770.5,B:782.0Cali C:1928.9,R:996.6,G:723.7,B:325.6 
11-21 22:40:50.315  2679  4958 I libsensor-boledalgo: dbv:324,lux:94.9,cct:5437.8,hsv:-1.0,CWB R:38121.3,G:39262.5,B:37634.5Event C:4818.0,R:2347.7,G:1789.7,B:784.8Cali C:1928.9,R:996.6,G:723.7,B:325.6 
11-21 22:40:50.316  2679  4958 I libsensor-boledalgo: dbv:324,lux:90.4,cct:5343.0,hsv:-1.0,CWB R:38121.3,G:39262.5,B:37634.5Event C:4714.2,R:2300.5,G:1722.4,B:760.8Cali C:1928.9,R:996.6,G:723.7,B:325.6 
11-21 22:40:50.338   728 11913 D JavaheapMonitor: Java heap used=14M max=512M, proc: com.google.android.googlequicksearchbox:interactor
11-21 22:40:50.338   728 11913 V JavaheapMonitor: Check java heap usage finished! Next check delay: 300000
11-21 22:40:50.526  2679  4958 I libsensor-boledalgo: dbv:324,lux:93.4,cct:5448.6,hsv:-1.0,CWB R:38121.3,G:39262.5,B:37634.5Event C:4784.8,R:2338.3,G:1776.4,B:780.8Cali C:1928.9,R:996.6,G:723.7,B:325.6 
11-21 22:40:50.527  2679  4958 I libsensor-boledalgo: dbv:324,lux:93.4,cct:5626.9,hsv:-1.0,CWB R:38121.3,G:39262.5,B:37634.5Event C:4825.3,R:2367.5,G:1791.5,B:799.5Cali C:1928.9,R:996.6,G:723.7,B:325.6 
11-21 22:40:50.738  2679  4958 I libsensor-boledalgo: dbv:324,lux:94.7,cct:5465.9,hsv:-1.0,CWB R:38121.3,G:39262.5,B:37634.5Event C:4819.5,R:2341.0,G:1784.6,B:785.8Cali C:1928.9,R:996.6,G:723.7,B:325.6 
11-21 22:40:50.739  2880  2880 W adbd    : timeout expired while reading data after flushing socket, closing
11-21 22:40:50.873 11732 12253 D JavaheapMonitor: Java heap used=9M max=512M, proc: com.android.camera
11-21 22:40:50.873 11732 12253 V JavaheapMonitor: Check java heap usage finished! Next check delay: 300000
11-21 22:40:50.883  5840  6596 E PhoneAdapter: get ntnphones failed, exception: java.lang.IllegalStateException: Default phones haven't been made yet!
11-21 22:40:50.888 22199 22480 D AudioManager: getMode: mode=0, callApp=com.vodafone.selfservis
11-21 22:40:50.951  2679  4958 I libsensor-boledalgo: dbv:324,lux:95.9,cct:5381.3,hsv:-1.0,CWB R:38121.3,G:39262.5,B:37634.5Event C:4850.2,R:2364.1,G:1796.4,B:786.0Cali C:1928.9,R:996.6,G:723.7,B:325.6 
11-21 22:40:50.952  2679  4958 I libsensor-boledalgo: dbv:324,lux:94.3,cct:5436.8,hsv:-1.0,CWB R:38121.3,G:39262.5,B:37634.5Event C:4814.1,R:2341.8,G:1776.4,B:783.1Cali C:1928.9,R:996.6,G:723.7,B:325.6 
11-21 22:40:50.953  2679  4958 I libsensor-boledalgo: dbv:324,lux:94.6,cct:5352.4,hsv:-1.0,CWB R:38121.3,G:39262.5,B:37634.5Event C:4819.5,R:2339.0,G:1768.0,B:777.2Cali C:1928.9,R:996.6,G:723.7,B:325.6 
11-21 22:40:50.953  2679  4958 I libsensor-boledalgo: dbv:324,lux:93.6,cct:5432.4,hsv:-1.0,CWB R:38121.3,G:39262.5,B:37634.5Event C:4790.0,R:2334.2,G:1771.2,B:779.5Cali C:1928.9,R:996.6,G:723.7,B:325.6 
11-21 22:40:50.955 13433 19243 E msgr.msys: E[N mns]_OnDiskCacheGetData(632)=>Start post callback cache refresh DNS resolution
11-21 22:40:50.955 13433 19243 W LibevQuicAsyncUDPSocket.h: setTosOrTrafficClass not implemented in LibevQuicAsyncUDPSocket
11-21 22:40:50.961 13433 19243 E MvfstCallbacks.cpp: onConnectionSetupError: error=TransportError: Internal Error, Error on socket write Operation not permitted, 
11-21 22:40:50.961 13433 19243 E msgr.msys: E[N mns]_LogError(228)=>Failed to resolve using system DNS resolver, getaddrinfo(): No address associated with hostname
11-21 22:40:50.961 13433 19243 E msgr.msys: E[N mns]_OnDiskCacheGetData(632)=>Start post callback cache refresh DNS resolution
11-21 22:40:50.962 13433 19243 E msgr.msys: E[N mns]_LogError(228)=>Failed to resolve using system DNS resolver, getaddrinfo(): No address associated with hostname
11-21 22:40:51.050  3869  5119 D PolicyMaker: HasForegroundService pkgName=com.radolyn.ayugram uid:10519
11-21 22:40:51.163  2679  4958 I libsensor-boledalgo: dbv:324,lux:94.2,cct:5498.3,hsv:-1.0,CWB R:38121.3,G:39262.5,B:37634.5Event C:4815.5,R:2348.3,G:1786.0,B:788.4Cali C:1928.9,R:996.6,G:723.7,B:325.6 
11-21 22:40:51.164  2679  4958 I libsensor-boledalgo: dbv:324,lux:92.1,cct:5582.7,hsv:-1.0,CWB R:38121.3,G:39262.5,B:37634.5Event C:4774.2,R:2328.6,G:1764.8,B:786.6Cali C:1928.9,R:996.6,G:723.7,B:325.6 
11-21 22:40:51.165  2679  4958 I libsensor-boledalgo: dbv:324,lux:93.8,cct:5458.8,hsv:-1.0,CWB R:38121.3,G:39262.5,B:37634.5Event C:4807.9,R:2352.9,G:1782.1,B:785.3Cali C:1928.9,R:996.6,G:723.7,B:325.6 
11-21 22:40:51.165  2679  4958 I libsensor-boledalgo: dbv:324,lux:92.8,cct:5369.6,hsv:-1.0,CWB R:38121.3,G:39262.5,B:37634.5Event C:4742.7,R:2312.2,G:1761.9,B:768.4Cali C:1928.9,R:996.6,G:723.7,B:325.6 
11-21 22:40:51.376  2679  4958 I libsensor-boledalgo: dbv:324,lux:98.9,cct:5375.3,hsv:-1.0,CWB R:38121.3,G:39262.5,B:37634.5Event C:4922.8,R:2389.3,G:1828.0,B:796.4Cali C:1928.9,R:996.6,G:723.7,B:325.6 
11-21 22:40:51.377  2679  4958 I libsensor-boledalgo: dbv:324,lux:92.5,cct:5474.1,hsv:-1.0,CWB R:38121.3,G:39262.5,B:37634.5Event C:4760.3,R:2323.1,G:1765.1,B:778.0Cali C:1928.9,R:996.6,G:723.7,B:325.6 
11-21 22:40:51.377  2679  4958 I libsensor-boledalgo: dbv:324,lux:92.5,cct:5583.5,hsv:-1.0,CWB R:38121.3,G:39262.5,B:37634.5Event C:4771.2,R:2326.5,G:1772.4,B:786.6Cali C:1928.9,R:996.6,G:723.7,B:325.6 
11-21 22:40:51.378  2679  4958 I libsensor-boledalgo: dbv:324,lux:93.1,cct:5453.3,hsv:-1.0,CWB R:38121.3,G:39262.5,B:37634.5Event C:4774.2,R:2319.6,G:1763.1,B:777.5Cali C:1928.9,R:996.6,G:723.7,B:325.6 
11-21 22:40:51.380  2679  4958 I libsensor-boledalgo: dbv:324,lux:90.2,cct:5608.1,hsv:-1.0,CWB R:38121.3,G:39262.5,B:37634.5Event C:4733.2,R:2313.1,G:1743.8,B:781.5Cali C:1928.9,R:996.6,G:723.7,B:325.6 
11-21 22:40:51.380  2679  4958 I libsensor-boledalgo: dbv:324,lux:92.0,cct:5481.9,hsv:-1.0,CWB R:38121.3,G:39262.5,B:37634.5Event C:4752.1,R:2317.2,G:1757.9,B:776.7Cali C:1928.9,R:996.6,G:723.7,B:325.6 
11-21 22:40:51.381  2679  4958 I libsensor-boledalgo: dbv:324,lux:93.5,cct:5540.4,hsv:-1.0,CWB R:38121.3,G:39262.5,B:37634.5Event C:4790.3,R:2336.5,G:1783.0,B:787.3Cali C:1928.9,R:996.6,G:723.7,B:325.6 
11-21 22:40:51.587  2679  4958 I libsensor-boledalgo: dbv:324,lux:93.4,cct:5471.0,hsv:-1.0,CWB R:38121.3,G:39262.5,B:37634.5Event C:4784.1,R:2331.0,G:1773.9,B:781.3Cali C:1928.9,R:996.6,G:723.7,B:325.6 
11-21 22:40:51.590  2679  4958 I libsensor-boledalgo: dbv:324,lux:93.6,cct:5535.0,hsv:-1.0,CWB R:38121.3,G:39262.5,B:37634.5Event C:4801.9,R:2340.7,G:1780.6,B:788.4Cali C:1928.9,R:996.6,G:723.7,B:325.6 
