11-27 20:24:03.326 D/MiuiDecorationController( 6013): relayout::taskId=772, visible=true, bounds=Rect(0, 0 - 1200, 2670), focused=false, oldImmersive=false, newImmersive=false, windowMode=1, activityType=1, displayId=0, baseActivity=ComponentInfo{com.hyperxray.an/com.hyperxray.an.activity.MainActivity}, topActivity=ComponentInfo{com.hyperxray.an/com.hyperxray.an.activity.MainActivity}, callers=com.android.wm.shell.multitasking.miuimultiwinswitch.miuiwindowdecor.decoration.MiuiDecorationController.relayout:4 com.android.wm.shell.multitasking.miuimultiwinswitch.miuiwindowdecor.MulWinSwitchDecorViewModel.onTaskInfoChanged:18 com.android.wm.shell.multitasking.common.taskmanager.MultiTaskingTaskListener.onTaskInfoChanged:47 com.android.wm.shell.ShellTaskOrganizer.onTaskInfoChanged:129 android.window.TaskOrganizer$1.lambda$onTaskInfoChanged$6:300 
11-27 20:24:03.326 I/SurfaceFlinger( 2003): SF-MICapture: mode:0, layerName:com.hyperxray.an/com.hyperxray.an.activity.MainActivity#18236
11-27 20:24:03.328 I/NavStubView( 5385): getClosingApp mRunningTaskComponentName=ComponentInfo{com.hyperxray.an/com.hyperxray.an.activity.MainActivity}, launcher=com.miui.home.launcher.Launcher@358f16a
11-27 20:24:03.328 D/NavStubView( 5385): findClosingAnimTarget, closingApp=ClosingAppInfo{componentName=ComponentInfo{com.hyperxray.an/com.hyperxray.an.activity.MainActivity}, userId=0, isAppPair=false, isIconLayoutFromSoscChange=false}
11-27 20:24:03.328 D/StatusBarIconTypeAnimHelper( 5385): isNeedShowStatusBarTypeAnim:false judgePackage=com.hyperxray.an
11-27 20:24:03.328 I/NavStubView( 5385): startAppToHomeAnim launchAppAndBackHomeAnimTarget=com.miui.home.launcher.ShortcutIcon{aa57234 VFED..CL. ........ 600,855-882,1140}(HyperXray), appAndBackHomeAnimTarget=null
11-27 20:24:03.328 D/WindowElementab7b712( 5385): animTo, params=RectFParams(targetApps=null, windowAnimParams=WindowAnimParams(startRect=null, targetRect=RectF(652.0, 1071.0, 829.0, 1248.0), startRadii=[134.0,134.0,134.0,134.0], endRadii=[47.487804,1.947,1.947,47.487804], startAlpha=1.0, endAlpha=0.0, velocityParams=VelocityParams(leftVelocity=0.0, topVelocity=0.0, widthVelocity=0.0, heightVelocity=0.0, ratioVelocity=0.0, radiusRatioVelocity=0.0, alphaVelocity=0.0), extraSpringsBundles=null), animType=CLOSE_TO_HOME, ignoreIcon=false, showTask=false, isQuickSwitchMode=false, targetView=com.miui.home.launcher.ShortcutIcon{aa57234 VFED..CL. ........ 600,855-882,1140}(HyperXray), animListener=com.miui.home.recents.NavStubView$9@ba54782, clipAnimationHelper=null, clearLastListener=true, currentDisplayRotation=0, homeRotation=0, gestureHomeCalculator=com.miui.home.recents.GestureHomeCalculator@6d6325e, needFinishOnAnimEnd=true, currentTaskIndex=0, isSplitModeBack=false, isUseTranslucentAnim=false, runningTaskId=0, touchRange=2, hasAnimTarget=true, isCloseAppToDefaultCenter=false, isHoldSmallWindowCropForCloseToDrag=false), isRunning()=true
11-27 20:24:03.328 D/WindowElementab7b712( 5385): updateFloatingIconView, oldTargetView=null, params.targetView=com.miui.home.launcher.ShortcutIcon{aa57234 VFED..CL. ........ 600,855-882,1140}(HyperXray)
11-27 20:24:03.328 D/WindowElementab7b712( 5385): replaceFloatingIconViewContent, init floatingIconView if needed floatingIcon = [Lcom.miui.home.recents.FloatingIconInterface;@1b53e93 params = RectFParams(targetApps=null, windowAnimParams=WindowAnimParams(startRect=null, targetRect=RectF(652.0, 1071.0, 829.0, 1248.0), startRadii=[134.0,134.0,134.0,134.0], endRadii=[47.487804,1.947,1.947,47.487804], startAlpha=1.0, endAlpha=0.0, velocityParams=VelocityParams(leftVelocity=0.0, topVelocity=0.0, widthVelocity=0.0, heightVelocity=0.0, ratioVelocity=0.0, radiusRatioVelocity=0.0, alphaVelocity=0.0), extraSpringsBundles=null), animType=CLOSE_TO_HOME, ignoreIcon=false, showTask=false, isQuickSwitchMode=false, targetView=com.miui.home.launcher.ShortcutIcon{aa57234 VFED..CL. ........ 600,855-882,1140}(HyperXray), animListener=com.miui.home.recents.NavStubView$9@ba54782, clipAnimationHelper=null, clearLastListener=true, currentDisplayRotation=0, homeRotation=0, gestureHomeCalculator=com.miui.home.recents.GestureHomeCalculator@6d6325e, needFinishOnAnimEnd=true, currentTaskIndex=0, isSplitModeBack=false, isUseTranslucentAnim=false, runningTaskId=0, touchRange=2, hasAnimTarget=true, isCloseAppToDefaultCenter=false, isHoldSmallWindowCropForCloseToDrag=false) isInit 
11-27 20:24:03.328 D/FloatingIconView2bee9ed0( 5385): init addView: com.hyperxray.an, index: 2, rootView:com.miui.home.launcher.StrictFrameLayout{f80ee3 V.E...... ......ID 0,0-1200,2670}
11-27 20:24:03.328 D/FloatingIconView2bee9ed0( 5385): init, icon=com.miui.home.launcher.ShortcutIcon{aa57234 VFED..CL. ........ 600,855-882,1140}(HyperXray), mIsAdaptiveIcon=true, iconOffset=44, isBigIcon=false, isVerticalShape=false, isVerticalClip=false, mIsClamp=false, mDrawablecom.miui.home.common.drawable.LayerAdaptiveIconDrawable@7e629bd, clipToOutlinefalse
11-27 20:24:03.329 D/WindowElementab7b712( 5385): bindIconLayerLeashIfNeeded true  null  Surface(name=Surface(name=Task=1#51)/@0x40bac86_transition-leash#18251)/@0xc4d66a3 target = com.miui.home.launcher.ShortcutIcon{aa57234 VFED..CL. ........ 600,855-882,1140}(HyperXray)
11-27 20:24:03.329 D/LocalWindowAnimImplementor( 5385): animTo, params=RectFParams(targetApps=null, windowAnimParams=WindowAnimParams(startRect=null, targetRect=RectF(652.0, 1071.0, 829.0, 1248.0), startRadii=[134.0,134.0,134.0,134.0], endRadii=[47.487804,1.947,1.947,47.487804], startAlpha=1.0, endAlpha=0.0, velocityParams=VelocityParams(leftVelocity=0.0, topVelocity=0.0, widthVelocity=0.0, heightVelocity=0.0, ratioVelocity=0.0, radiusRatioVelocity=0.0, alphaVelocity=0.0), extraSpringsBundles=null), animType=CLOSE_TO_HOME, ignoreIcon=false, showTask=false, isQuickSwitchMode=false, targetView=com.miui.home.launcher.ShortcutIcon{aa57234 VFED..CL. ........ 600,855-882,1140}(HyperXray), animListener=com.miui.home.recents.NavStubView$9@ba54782, clipAnimationHelper=null, clearLastListener=true, currentDisplayRotation=0, homeRotation=0, gestureHomeCalculator=com.miui.home.recents.GestureHomeCalculator@6d6325e, needFinishOnAnimEnd=true, currentTaskIndex=0, isSplitModeBack=false, isUseTranslucentAnim=false, runningTaskId=0, touchRange=2, hasAnimTarget=true, isCloseAppToDefaultCenter=false, isHoldSmallWindowCropForCloseToDrag=false), isRunningAndNotRequestEndOrCancel()=true
11-27 20:24:03.329 D/PauseAdvancedHelper( 5385): needPauseAdvance=false   packageName=com.hyperxray.an
11-27 20:24:03.329 D/K8FrontCameraManager( 5385): needPauseAdvance=false   packageName=com.hyperxray.an
11-27 20:24:03.329 D/K8FrontCameraManager( 5385): needPauseAdvance=false   packageName=com.hyperxray.an
11-27 20:24:03.330 D/WindowManager( 3688): snapshot isNothing = false source = Task{968a7d7 #772 type=standard I=com.hyperxray.an/.activity.MainActivity}
11-27 20:24:03.333 D/ActivityTaskManager( 3688):  setSkipCaptureLayers tr: Task{968a7d7 #772 type=standard I=com.hyperxray.an/.activity.MainActivity}
11-27 20:24:03.334 D/BarFollowAnimation( 3688): isAppTaskBarOnTop win:Window{b9539c4 u0 com.miui.home/com.miui.home.launcher.Launcher} (mCurrentTopTask:Task{968a7d7 #772 type=standard I=com.hyperxray.an/.activity.MainActivity} : true); (mAssociatedTask:Task{968a7d7 #772 type=standard I=com.hyperxray.an/.activity.MainActivity} : true); (mHomeTask:Task{c7eba92 #1 type=home} : true); mReparentToOriginParent:false mLastAppBarVisible:false mLastHomeBarVisible:true
11-27 20:24:03.338 D/DynamicIslandSafeguardsController( 6013): cancelDelayExitApp com.miui.home com.hyperxray.an
11-27 20:24:03.872 E/WindowManager( 3688):  source = Task{968a7d7 #772 type=standard I=com.hyperxray.an/.activity.MainActivity} excludeMiuiNavBar = true excludeMiuiStatusBar = true excludeIme = false excludeNavBar = true miuiNavSurfaceControl = Surface(name=NavigationBar Container of Task = 772#18076)/@0xbfd28c4 miuiStatusSurfaceControl = Surface(name=StatusBar Container of Task = 772#18077)/@0x8ce43ad
11-27 20:24:03.874 I/SurfaceFlinger( 2003): SF-MICapture: mode:0, layerName:com.hyperxray.an/com.hyperxray.an.activity.MainActivity#18236
11-27 20:24:03.884 D/WindowManager( 3688): snapshot isNothing = false source = Task{968a7d7 #772 type=standard I=com.hyperxray.an/.activity.MainActivity}
11-27 20:24:03.885 I/ANDR-PWR-OPT( 1796): GAMEPOWEROPT: sendEvents() 231: Start hint for app com.hyperxray.an/com.hyperxray.an.activity.MainActivity/38, hintID : 4100, hintID hex : 1004 value: -1
11-27 20:24:03.886 I/ANDR-PWR-OPT( 1796): PowerAppClassifier: getAppType() 59: checking app [com.hyperxray.an] is type 1
11-27 20:24:03.886 I/ANDR-PWR-OPT( 1796): GAMEPOWEROPT: isGame() 348: com.hyperxray.an is Game = 1
11-27 20:24:03.887 D/Transition( 3688): setToBackByHome for Task{968a7d7 #772 type=standard I=com.hyperxray.an/.activity.MainActivity}
11-27 20:24:03.887 D/BarFollowAnimation( 3688): onTaskInfoChanedForCaptionBar Task{968a7d7 #772 type=standard I=com.hyperxray.an/.activity.MainActivity} shouldbeVisible:false isVisible:false windowMode:1 mCaptionAssociatedTask:null mIsTouchedInCaption:false
11-27 20:24:03.887 I/TransitionImpl( 3688): finishTransition: updateLastSurfacePosition tf=Task{968a7d7 #772 type=standard I=com.hyperxray.an/.activity.MainActivity}
11-27 20:24:03.888 D/BarFollowAnimation( 3688): checkBarStatus mReparentToOriginParent:false hasTopFullAppTask:false mHomeTask:Task{c7eba92 #1 type=home} mCurrentTopTask: Task{968a7d7 #772 type=standard I=com.hyperxray.an/.activity.MainActivity} mAssociatedTask: Task{968a7d7 #772 type=standard I=com.hyperxray.an/.activity.MainActivity} homeTaskonTop:true mLastAppBarVisible:false mLastHomeBarVisible:true isInSplitScreen:false
11-27 20:24:03.900 I/SmartPower: com.hyperxray.an/10570(11740)( 3688): visible->invisible(9801ms) R(become invisible) adj=200.
11-27 20:24:03.900 I/SmartPower: com.hyperxray.an:native/10570(19222)( 3688): invisible->background(9806ms) R(become background) adj=200.
11-27 20:24:03.900 I/SmartPower: com.hyperxray.an/10570(11740)( 3688): invisible->background(0ms) R(become background) adj=200.
11-27 20:24:03.902 D/BarFollowAnimation( 3688): isAppTaskBarOnTop win:Window{b9539c4 u0 com.miui.home/com.miui.home.launcher.Launcher} (mCurrentTopTask:Task{dc4d689 #768 type=standard A=10195:com.android.chrome} : true); (mAssociatedTask:Task{968a7d7 #772 type=standard I=com.hyperxray.an/.activity.MainActivity} : false); (mHomeTask:Task{c7eba92 #1 type=home} : false); mReparentToOriginParent:false mLastAppBarVisible:false mLastHomeBarVisible:true
11-27 20:24:03.907 D/BarFollowAnimation( 3688): isAppTaskBarOnTop win:Window{b9539c4 u0 com.miui.home/com.miui.home.launcher.Launcher} (mCurrentTopTask:Task{dc4d689 #768 type=standard A=10195:com.android.chrome} : true); (mAssociatedTask:Task{968a7d7 #772 type=standard I=com.hyperxray.an/.activity.MainActivity} : false); (mHomeTask:Task{c7eba92 #1 type=home} : false); mReparentToOriginParent:false mLastAppBarVisible:false mLastHomeBarVisible:true
11-27 20:24:03.911 I/WindowManager( 3688): wms.hideSurface mWin:Window{803559d u0 com.hyperxray.an/com.hyperxray.an.activity.MainActivity} reason:(prepareSurfaceLocked) in Surface(name=com.hyperxray.an/com.hyperxray.an.activity.MainActivity#18236)/@0x93cbeb4
11-27 20:24:03.914 D/MiuiDecorationController( 6013): relayout::taskId=772, visible=false, bounds=Rect(0, 0 - 1200, 2670), focused=false, oldImmersive=false, newImmersive=false, windowMode=1, activityType=1, displayId=0, baseActivity=ComponentInfo{com.hyperxray.an/com.hyperxray.an.activity.MainActivity}, topActivity=ComponentInfo{com.hyperxray.an/com.hyperxray.an.activity.MainActivity}, callers=com.android.wm.shell.multitasking.miuimultiwinswitch.miuiwindowdecor.decoration.MiuiDecorationController.relayout:4 com.android.wm.shell.multitasking.miuimultiwinswitch.miuiwindowdecor.MulWinSwitchDecorViewModel.onTaskInfoChanged:18 com.android.wm.shell.multitasking.common.taskmanager.MultiTaskingTaskListener.onTaskInfoChanged:47 com.android.wm.shell.ShellTaskOrganizer.onTaskInfoChanged:129 android.window.TaskOrganizer$1.lambda$onTaskInfoChanged$6:300 
11-27 20:24:03.923 E/ActivityManagerWrapper( 5385):  mainTaskId=772   userId=0   windowMode=1   isExcludedFromRecents=false   baseIntent=Intent { act=android.intent.action.MAIN flag=270532608 cmp=ComponentInfo{com.hyperxray.an/com.hyperxray.an.activity.MainActivity} }
11-27 20:24:03.929 D/RecentsTaskLoader( 5385): reloadTasksData [TaskKey{id=772, stackId=0, baseIntent=Intent { act=android.intent.action.MAIN cat=[android.intent.category.LAUNCHER] flg=0x10200000 cmp=com.hyperxray.an/.activity.MainActivity }, userId=0, lastActiveTime=41473345, windowingMode=1, isThumbnailBlur=false, isAccessLocked=false, isScreening=false, topActivity=ComponentInfo{com.hyperxray.an/com.hyperxray.an.activity.MainActivity}, mHashCode=23922204}, title=HyperXray, titleDescription=HyperXray, bounds=null, isLaunchTarget=false, isStackTask=true, isSystemApp=false, isDockable=true, baseActivity=ComponentInfo{com.hyperxray.an/com.hyperxray.an.activity.MainActivity}, isLocked=false, mNeedHide=false, hasMultipleTasks=false, cti1Key=, cti2Key=] 
11-27 20:24:03.975 I/SmartPower( 3688): Miui monitor launch : com.android.chrome/com.google.android.apps.chrome.Main  transitionTime:0  launchTime:81  launchFrom:com.hyperxray.an  launchType:3
11-27 20:24:04.003 E/ActivityManagerWrapper( 5385):  mainTaskId=772   userId=0   windowMode=1   isExcludedFromRecents=false   baseIntent=Intent { act=android.intent.action.MAIN flag=270532608 cmp=ComponentInfo{com.hyperxray.an/com.hyperxray.an.activity.MainActivity} }
11-27 20:24:04.003 D/RecentsTaskLoader( 5385): reloadTasksData [TaskKey{id=772, stackId=0, baseIntent=Intent { act=android.intent.action.MAIN cat=[android.intent.category.LAUNCHER] flg=0x10200000 cmp=com.hyperxray.an/.activity.MainActivity }, userId=0, lastActiveTime=41473345, windowingMode=1, isThumbnailBlur=false, isAccessLocked=false, isScreening=false, topActivity=ComponentInfo{com.hyperxray.an/com.hyperxray.an.activity.MainActivity}, mHashCode=23922204}, title=HyperXray, titleDescription=HyperXray, bounds=null, isLaunchTarget=false, isStackTask=true, isSystemApp=false, isDockable=true, baseActivity=ComponentInfo{com.hyperxray.an/com.hyperxray.an.activity.MainActivity}, isLocked=false, mNeedHide=false, hasMultipleTasks=false, cti1Key=, cti2Key=] 
11-27 20:24:04.013 I/LaunchAppAndBackHomeAnimTarget( 5385): resetShortcutIcon, icon=com.miui.home.launcher.ShortcutIcon{aa57234 VFED..CL. ........ 600,855-882,1140}(HyperXray)
11-27 20:24:04.177 D/Aurogon ( 3688):  onForegroundActivitiesChanged packageName = com.hyperxray.an
11-27 20:24:04.932 D/AppPredictionTag( 5385): dataChanged[com.android.chrome,UserHandle{0},0];[org.zwanoo.android.speedtest,UserHandle{0},634];[com.hyperxray.an,UserHandle{0},658];[com.instagram.android,UserHandle{0},710];[com.zhiliaoapp.musically,UserHandle{0},782];[com.facebook.katana,UserHandle{0},791];[com.radolyn.ayugram,UserHandle{0},837];[com.google.android.apps.bard,UserHandle{0},915];[com.twitter.android,UserHandle{0},916];
11-27 20:24:04.933 D/AppPredictionTag( 5385): rankData[Brave - Beta,UserHandle{0}];[Speedtest,UserHandle{0}];[HyperXray,UserHandle{0}];[Instagram,UserHandle{0}];[TikTok,UserHandle{0}];[Facebook,UserHandle{0}];[AyuGram,UserHandle{0}];[Gemini,UserHandle{0}];
11-27 20:24:07.480 D/HyperXray-JNI(19222): getTunnelStats called
11-27 20:24:07.983 D/BroadcastQueue( 3688): Logging broadcast for com.hyperxray.an, stopped=false, firstLaunch=false
11-27 20:24:09.179 D/PolicyMaker( 3688): uid =10570 pkg=com.hyperxray.an reason=VPN_APP
11-27 20:24:10.658 D/HyperVpnService(19222): Heartbeat - VPN running for 208s
11-27 20:24:11.162 D/BroadcastQueue( 3688): Logging broadcast for com.hyperxray.an, stopped=false, firstLaunch=false
11-27 20:24:11.164 W/Bundle  (11740): 	at com.hyperxray.an.core.service.ServiceEventObserver$logUpdateReceiver$1.onReceive(ServiceEventObserver.kt:108)
11-27 20:24:12.485 D/HyperXray-JNI(19222): getTunnelStats called
11-27 20:24:12.990 D/BroadcastQueue( 3688): Logging broadcast for com.hyperxray.an, stopped=false, firstLaunch=false
11-27 20:24:17.494 D/HyperXray-JNI(19222): getTunnelStats called
11-27 20:24:17.998 D/BroadcastQueue( 3688): Logging broadcast for com.hyperxray.an, stopped=false, firstLaunch=false
11-27 20:24:22.502 D/HyperXray-JNI(19222): getTunnelStats called
11-27 20:24:23.005 D/BroadcastQueue( 3688): Logging broadcast for com.hyperxray.an, stopped=false, firstLaunch=false
11-27 20:24:27.508 D/HyperXray-JNI(19222): getTunnelStats called
11-27 20:24:28.012 D/BroadcastQueue( 3688): Logging broadcast for com.hyperxray.an, stopped=false, firstLaunch=false
11-27 20:24:32.515 D/HyperXray-JNI(19222): getTunnelStats called
11-27 20:24:33.020 D/BroadcastQueue( 3688): Logging broadcast for com.hyperxray.an, stopped=false, firstLaunch=false
11-27 20:24:37.523 D/HyperXray-JNI(19222): getTunnelStats called
11-27 20:24:38.026 D/BroadcastQueue( 3688): Logging broadcast for com.hyperxray.an, stopped=false, firstLaunch=false
11-27 20:24:40.659 D/HyperVpnService(19222): Heartbeat - VPN running for 238s
11-27 20:24:41.163 D/BroadcastQueue( 3688): Logging broadcast for com.hyperxray.an, stopped=false, firstLaunch=false
11-27 20:24:41.166 W/Bundle  (11740): 	at com.hyperxray.an.core.service.ServiceEventObserver$logUpdateReceiver$1.onReceive(ServiceEventObserver.kt:108)
11-27 20:24:42.529 D/HyperXray-JNI(19222): getTunnelStats called
11-27 20:24:43.033 D/BroadcastQueue( 3688): Logging broadcast for com.hyperxray.an, stopped=false, firstLaunch=false
11-27 20:24:47.534 D/HyperXray-JNI(19222): getTunnelStats called
11-27 20:24:48.038 D/BroadcastQueue( 3688): Logging broadcast for com.hyperxray.an, stopped=false, firstLaunch=false
11-27 20:24:52.542 D/HyperXray-JNI(19222): getTunnelStats called
11-27 20:24:53.047 D/BroadcastQueue( 3688): Logging broadcast for com.hyperxray.an, stopped=false, firstLaunch=false
11-27 20:24:57.549 D/HyperXray-JNI(19222): getTunnelStats called
11-27 20:24:58.054 D/BroadcastQueue( 3688): Logging broadcast for com.hyperxray.an, stopped=false, firstLaunch=false
11-27 20:25:02.556 D/HyperXray-JNI(19222): getTunnelStats called
11-27 20:25:03.060 D/BroadcastQueue( 3688): Logging broadcast for com.hyperxray.an, stopped=false, firstLaunch=false
11-27 20:25:07.564 D/HyperXray-JNI(19222): getTunnelStats called
11-27 20:25:08.070 D/BroadcastQueue( 3688): Logging broadcast for com.hyperxray.an, stopped=false, firstLaunch=false
11-27 20:25:10.661 D/HyperVpnService(19222): Heartbeat - VPN running for 268s
11-27 20:25:11.164 D/BroadcastQueue( 3688): Logging broadcast for com.hyperxray.an, stopped=false, firstLaunch=false
11-27 20:25:11.165 W/Bundle  (11740): 	at com.hyperxray.an.core.service.ServiceEventObserver$logUpdateReceiver$1.onReceive(ServiceEventObserver.kt:108)
11-27 20:25:12.571 D/HyperXray-JNI(19222): getTunnelStats called
11-27 20:25:13.075 D/BroadcastQueue( 3688): Logging broadcast for com.hyperxray.an, stopped=false, firstLaunch=false
11-27 20:25:15.829 I/artd    (31455): GetBestInfo: /data/app/~~-QaAmrTDjtxNB5u8LH3M0g==/com.hyperxray.an-uNzZlhpmjpwsbMHttvFCJw==/base.apk has no usable artifacts
11-27 20:25:15.831 I/artd    (31455): GetBestInfo: /data/app/~~-QaAmrTDjtxNB5u8LH3M0g==/com.hyperxray.an-uNzZlhpmjpwsbMHttvFCJw==/base.apk has no usable artifacts
11-27 20:25:15.831 E/DexOptHelperImpl( 3688): Fail to get art odex vdex with path :/data/app/~~-QaAmrTDjtxNB5u8LH3M0g==/com.hyperxray.an-uNzZlhpmjpwsbMHttvFCJw==/base.apk
11-27 20:25:17.577 D/HyperXray-JNI(19222): getTunnelStats called
