11-27 20:21:17.197 I/WindowManager( 3688): wms.showSurfaceRobustly mWin:Window{803559d u0 com.hyperxray.an/com.hyperxray.an.activity.MainActivity} in Surface(name=com.hyperxray.an/com.hyperxray.an.activity.MainActivity#18194)/@0x1050e6c
11-27 20:21:17.212 I/ImeTracker( 3688): com.hyperxray.an:68fe931b: onRequestHide at ORIGIN_SERVER reason HIDE_UNSPECIFIED_WINDOW fromUser false
11-27 20:21:17.213 I/ImeTracker(11740): com.hyperxray.an:68fe931b: onCancelled at PHASE_CLIENT_ALREADY_HIDDEN
11-27 20:21:17.216 I/GoogleInputMethodService(10886): GoogleInputMethodService.onStartInput():1347 onStartInput(EditorInfo{EditorInfo{packageName=com.hyperxray.an, inputType=0, inputTypeString=NULL, enableLearning=false, autoCorrection=false, autoComplete=false, imeOptions=0, privateImeOptions=null, actionName=UNSPECIFIED, actionLabel=null, initialSelStart=-1, initialSelEnd=-1, initialCapsMode=0, label=null, fieldId=0, fieldName=null, extras=Bundle[mParcelledData.dataSize=72], hintText=null, hintLocales=[]}}, false)
11-27 20:21:17.217 D/BarFollowAnimation( 3688): pairAppearanceRegionAndWin win=Window{803559d u0 com.hyperxray.an/com.hyperxray.an.activity.MainActivity} 0
11-27 20:21:17.217 D/BarFollowAnimation( 3688): isAppTaskBarOnTop win:Window{803559d u0 com.hyperxray.an/com.hyperxray.an.activity.MainActivity} (mCurrentTopTask:Task{968a7d7 #772 type=standard I=com.hyperxray.an/.activity.MainActivity} : true); (mAssociatedTask:Task{968a7d7 #772 type=standard I=com.hyperxray.an/.activity.MainActivity} : true); (mHomeTask:Task{c7eba92 #1 type=home} : false); mReparentToOriginParent:false mLastAppBarVisible:true mLastHomeBarVisible:false
11-27 20:21:17.218 W/PackageConfigPersister( 3688): App-specific configuration not found for packageName: com.hyperxray.an and userId: 0
11-27 20:21:17.220 D/BarFollowAnimation( 3688): pairAppearanceRegionAndWin win=Window{803559d u0 com.hyperxray.an/com.hyperxray.an.activity.MainActivity} 0
11-27 20:21:17.221 D/BarFollowAnimation( 3688): isAppTaskBarOnTop win:Window{803559d u0 com.hyperxray.an/com.hyperxray.an.activity.MainActivity} (mCurrentTopTask:Task{968a7d7 #772 type=standard I=com.hyperxray.an/.activity.MainActivity} : true); (mAssociatedTask:Task{968a7d7 #772 type=standard I=com.hyperxray.an/.activity.MainActivity} : true); (mHomeTask:Task{c7eba92 #1 type=home} : false); mReparentToOriginParent:false mLastAppBarVisible:true mLastHomeBarVisible:false
11-27 20:21:17.221 I/WindowManager( 3688): Allow fixed rotation for not collecting:ActivityRecord{38535537 u0 com.hyperxray.an/.activity.MainActivity t772}
11-27 20:21:17.234 D/BarFollowAnimation( 3688): pairAppearanceRegionAndWin win=Window{803559d u0 com.hyperxray.an/com.hyperxray.an.activity.MainActivity} 0
11-27 20:21:17.234 D/BarFollowAnimation( 3688): isAppTaskBarOnTop win:Window{803559d u0 com.hyperxray.an/com.hyperxray.an.activity.MainActivity} (mCurrentTopTask:Task{968a7d7 #772 type=standard I=com.hyperxray.an/.activity.MainActivity} : true); (mAssociatedTask:Task{968a7d7 #772 type=standard I=com.hyperxray.an/.activity.MainActivity} : true); (mHomeTask:Task{c7eba92 #1 type=home} : false); mReparentToOriginParent:false mLastAppBarVisible:true mLastHomeBarVisible:false
11-27 20:21:17.235 I/WindowManager( 3688): Allow fixed rotation for not collecting:ActivityRecord{38535537 u0 com.hyperxray.an/.activity.MainActivity t772}
11-27 20:21:17.236 D/DynamicIslandTopActivityController( 6013): fullscreen: com.hyperxray.an
11-27 20:21:17.236 D/DynamicIslandController( 6013): onTopActivityChanged: ComponentInfo{com.hyperxray.an/com.hyperxray.an.activity.MainActivity}
11-27 20:21:17.236 D/DynamicIslandWindowViewController( 6013): onTopActivityChange: topActivity ComponentInfo{com.hyperxray.an/com.hyperxray.an.activity.MainActivity}, inSmallWindow false, isSupportPip false, isFocus true fullScreenPkg com.hyperxray.an
11-27 20:21:17.236 D/DynamicIslandSafeguardsController( 6013): cancelDelayEnterApp com.hyperxray.an app.revanced.android.apps.youtube.music
11-27 20:21:17.236 D/DynamicIslandSafeguardsController( 6013): cancelDelayEnterMiniWindow com.hyperxray.an com.hyperxray.an null
11-27 20:21:17.236 D/DynamicIslandSafeguardsController( 6013): cancelDelayExitApp com.hyperxray.an com.miui.home
11-27 20:21:17.236 D/DynamicIslandSafeguardsController( 6013): delayExitApp com.hyperxray.an
11-27 20:21:17.236 D/DynamicIslandSafeguardsController( 6013): cancelDelayExitApp com.hyperxray.an com.hyperxray.an
11-27 20:21:17.270 E/ActivityManagerWrapper( 5385):  mainTaskId=772   userId=0   windowMode=1   isExcludedFromRecents=false   baseIntent=Intent { act=android.intent.action.MAIN flag=270532608 cmp=ComponentInfo{com.hyperxray.an/com.hyperxray.an.activity.MainActivity} }
11-27 20:21:17.270 D/RecentsTaskLoader( 5385): reloadTasksData [TaskKey{id=772, stackId=0, baseIntent=Intent { act=android.intent.action.MAIN cat=[android.intent.category.LAUNCHER] flg=0x10200000 cmp=com.hyperxray.an/.activity.MainActivity }, userId=0, lastActiveTime=41306629, windowingMode=1, isThumbnailBlur=false, isAccessLocked=false, isScreening=false, topActivity=ComponentInfo{com.hyperxray.an/com.hyperxray.an.activity.MainActivity}, mHashCode=23922204}, title=HyperXray, titleDescription=HyperXray, bounds=null, isLaunchTarget=false, isStackTask=true, isSystemApp=false, isDockable=true, baseActivity=ComponentInfo{com.hyperxray.an/com.hyperxray.an.activity.MainActivity}, isLocked=false, mNeedHide=false, hasMultipleTasks=false, cti1Key=, cti2Key=] 
11-27 20:21:17.297 D/BarFollowAnimation( 3688): pairAppearanceRegionAndWin win=Window{803559d u0 com.hyperxray.an/com.hyperxray.an.activity.MainActivity} 0
11-27 20:21:17.297 D/BarFollowAnimation( 3688): isAppTaskBarOnTop win:Window{803559d u0 com.hyperxray.an/com.hyperxray.an.activity.MainActivity} (mCurrentTopTask:Task{968a7d7 #772 type=standard I=com.hyperxray.an/.activity.MainActivity} : true); (mAssociatedTask:Task{968a7d7 #772 type=standard I=com.hyperxray.an/.activity.MainActivity} : true); (mHomeTask:Task{c7eba92 #1 type=home} : false); mReparentToOriginParent:false mLastAppBarVisible:true mLastHomeBarVisible:false
11-27 20:21:17.298 D/BarFollowAnimation( 3688): pairAppearanceRegionAndWin win=Window{803559d u0 com.hyperxray.an/com.hyperxray.an.activity.MainActivity} 0
11-27 20:21:17.298 D/BarFollowAnimation( 3688): isAppTaskBarOnTop win:Window{803559d u0 com.hyperxray.an/com.hyperxray.an.activity.MainActivity} (mCurrentTopTask:Task{968a7d7 #772 type=standard I=com.hyperxray.an/.activity.MainActivity} : true); (mAssociatedTask:Task{968a7d7 #772 type=standard I=com.hyperxray.an/.activity.MainActivity} : true); (mHomeTask:Task{c7eba92 #1 type=home} : false); mReparentToOriginParent:false mLastAppBarVisible:true mLastHomeBarVisible:false
11-27 20:21:17.386 D/DynamicIslandSafeguardsController( 6013): delayExitApp: com.hyperxray.an com.hyperxray.an count = 0
11-27 20:21:17.391 I/HeavyPackageIdentify(16020): splitMode: false, splitPackages: null, foregroundPkg: com.hyperxray.an
11-27 20:21:17.445 W/TaskSnapshot_CInjector( 3688): isTop()...current=com.hyperxray.an/.activity.MainActivity, topActivity=com.hyperxray.an/.activity.MainActivity
11-27 20:21:17.461 D/WindowManager( 3688): postWindowRemoveCleanupLocked: Removing startingWindow Window{29668e6 u0 SnapshotStartingWindow for taskId=772} from ActivityRecord{38535537 u0 com.hyperxray.an/.activity.MainActivity t772} activity = ActivityRecord{38535537 u0 com.hyperxray.an/.activity.MainActivity t772}
11-27 20:21:17.461 D/BarFollowAnimation( 3688): pairAppearanceRegionAndWin win=Window{803559d u0 com.hyperxray.an/com.hyperxray.an.activity.MainActivity} 0
11-27 20:21:17.461 D/BarFollowAnimation( 3688): isAppTaskBarOnTop win:Window{803559d u0 com.hyperxray.an/com.hyperxray.an.activity.MainActivity} (mCurrentTopTask:Task{968a7d7 #772 type=standard I=com.hyperxray.an/.activity.MainActivity} : true); (mAssociatedTask:Task{968a7d7 #772 type=standard I=com.hyperxray.an/.activity.MainActivity} : true); (mHomeTask:Task{c7eba92 #1 type=home} : false); mReparentToOriginParent:false mLastAppBarVisible:true mLastHomeBarVisible:false
11-27 20:21:17.469 D/BarFollowAnimation( 3688): pairAppearanceRegionAndWin win=Window{803559d u0 com.hyperxray.an/com.hyperxray.an.activity.MainActivity} 0
11-27 20:21:17.469 D/BarFollowAnimation( 3688): isAppTaskBarOnTop win:Window{803559d u0 com.hyperxray.an/com.hyperxray.an.activity.MainActivity} (mCurrentTopTask:Task{968a7d7 #772 type=standard I=com.hyperxray.an/.activity.MainActivity} : true); (mAssociatedTask:Task{968a7d7 #772 type=standard I=com.hyperxray.an/.activity.MainActivity} : true); (mHomeTask:Task{c7eba92 #1 type=home} : false); mReparentToOriginParent:false mLastAppBarVisible:true mLastHomeBarVisible:false
11-27 20:21:17.653 I/MIUIInput( 3688): [MotionEvent] publisher action=0x0, deviceId=8, 36898748, channel '803559d com.hyperxray.an/com.hyperxray.an.activity.MainActivity'
11-27 20:21:17.654 I/MIUIInput(11740): [MotionEvent] ViewRootImpl windowName 'com.hyperxray.an/com.hyperxray.an.activity.MainActivity', { action=ACTION_DOWN, id[0]=0, pointerCount=1, eventTime=36898748, downTime=36898748, phoneEventTime=20:21:17.652 } moveCount:0
11-27 20:21:17.722 D/ScrollScenario( 3688): ScrollState: scroll start on com.hyperxray.an
11-27 20:21:17.821 I/TransitionImpl( 3688): finishTransition: updateLastSurfacePosition tf=Task{968a7d7 #772 type=standard I=com.hyperxray.an/.activity.MainActivity}
11-27 20:21:17.821 D/ZeroMaskAdapter( 5385): onBindHolder:com.hyperxray.an, showDot:false
11-27 20:21:17.822 D/BarFollowAnimation( 3688): checkBarStatus mReparentToOriginParent:false hasTopFullAppTask:true mHomeTask:Task{c7eba92 #1 type=home} mCurrentTopTask: Task{968a7d7 #772 type=standard I=com.hyperxray.an/.activity.MainActivity} mAssociatedTask: Task{968a7d7 #772 type=standard I=com.hyperxray.an/.activity.MainActivity} homeTaskonTop:false mLastAppBarVisible:true mLastHomeBarVisible:false isInSplitScreen:false
11-27 20:21:17.822 D/BarFollowAnimation( 3688):  showAppNavBar  packageName = com.hyperxray.an mHasHideAppSurface = false mIsKeyguardGoingAway = false mNavBarState = -1
11-27 20:21:17.822 D/BarFollowAnimation( 3688): calculateAppSurface: task=Task{968a7d7 #772 type=standard I=com.hyperxray.an/.activity.MainActivity} appSurface=Surface(name=NavigationBar Container of Task = 772#18076)/@0xbfd28c4
11-27 20:21:17.825 D/BarFollowAnimation( 3688): pairAppearanceRegionAndWin win=Window{803559d u0 com.hyperxray.an/com.hyperxray.an.activity.MainActivity} 0
11-27 20:21:17.825 D/BarFollowAnimation( 3688): isAppTaskBarOnTop win:Window{803559d u0 com.hyperxray.an/com.hyperxray.an.activity.MainActivity} (mCurrentTopTask:Task{968a7d7 #772 type=standard I=com.hyperxray.an/.activity.MainActivity} : true); (mAssociatedTask:Task{968a7d7 #772 type=standard I=com.hyperxray.an/.activity.MainActivity} : true); (mHomeTask:Task{c7eba92 #1 type=home} : false); mReparentToOriginParent:false mLastAppBarVisible:true mLastHomeBarVisible:false
11-27 20:21:17.832 D/BarFollowAnimation( 3688): pairAppearanceRegionAndWin win=Window{803559d u0 com.hyperxray.an/com.hyperxray.an.activity.MainActivity} 0
11-27 20:21:17.832 D/BarFollowAnimation( 3688): isAppTaskBarOnTop win:Window{803559d u0 com.hyperxray.an/com.hyperxray.an.activity.MainActivity} (mCurrentTopTask:Task{968a7d7 #772 type=standard I=com.hyperxray.an/.activity.MainActivity} : true); (mAssociatedTask:Task{968a7d7 #772 type=standard I=com.hyperxray.an/.activity.MainActivity} : true); (mHomeTask:Task{c7eba92 #1 type=home} : false); mReparentToOriginParent:false mLastAppBarVisible:true mLastHomeBarVisible:false
11-27 20:21:17.834 D/BarFollowAnimation( 3688): pairAppearanceRegionAndWin win=Window{803559d u0 com.hyperxray.an/com.hyperxray.an.activity.MainActivity} 0
11-27 20:21:17.835 D/BarFollowAnimation( 3688): isAppTaskBarOnTop win:Window{803559d u0 com.hyperxray.an/com.hyperxray.an.activity.MainActivity} (mCurrentTopTask:Task{968a7d7 #772 type=standard I=com.hyperxray.an/.activity.MainActivity} : true); (mAssociatedTask:Task{968a7d7 #772 type=standard I=com.hyperxray.an/.activity.MainActivity} : true); (mHomeTask:Task{c7eba92 #1 type=home} : false); mReparentToOriginParent:false mLastAppBarVisible:true mLastHomeBarVisible:false
11-27 20:21:17.836 D/BarFollowAnimation( 3688): pairAppearanceRegionAndWin win=Window{803559d u0 com.hyperxray.an/com.hyperxray.an.activity.MainActivity} 0
11-27 20:21:17.836 D/BarFollowAnimation( 3688): isAppTaskBarOnTop win:Window{803559d u0 com.hyperxray.an/com.hyperxray.an.activity.MainActivity} (mCurrentTopTask:Task{968a7d7 #772 type=standard I=com.hyperxray.an/.activity.MainActivity} : true); (mAssociatedTask:Task{968a7d7 #772 type=standard I=com.hyperxray.an/.activity.MainActivity} : true); (mHomeTask:Task{c7eba92 #1 type=home} : false); mReparentToOriginParent:false mLastAppBarVisible:true mLastHomeBarVisible:false
11-27 20:21:17.841 D/BarFollowAnimation( 3688): pairAppearanceRegionAndWin win=Window{803559d u0 com.hyperxray.an/com.hyperxray.an.activity.MainActivity} 0
11-27 20:21:17.841 D/BarFollowAnimation( 3688): isAppTaskBarOnTop win:Window{803559d u0 com.hyperxray.an/com.hyperxray.an.activity.MainActivity} (mCurrentTopTask:Task{968a7d7 #772 type=standard I=com.hyperxray.an/.activity.MainActivity} : true); (mAssociatedTask:Task{968a7d7 #772 type=standard I=com.hyperxray.an/.activity.MainActivity} : true); (mHomeTask:Task{c7eba92 #1 type=home} : false); mReparentToOriginParent:false mLastAppBarVisible:true mLastHomeBarVisible:false
11-27 20:21:17.847 D/BarFollowAnimation( 3688): pairAppearanceRegionAndWin win=Window{803559d u0 com.hyperxray.an/com.hyperxray.an.activity.MainActivity} 0
11-27 20:21:17.848 D/BarFollowAnimation( 3688): isAppTaskBarOnTop win:Window{803559d u0 com.hyperxray.an/com.hyperxray.an.activity.MainActivity} (mCurrentTopTask:Task{968a7d7 #772 type=standard I=com.hyperxray.an/.activity.MainActivity} : true); (mAssociatedTask:Task{968a7d7 #772 type=standard I=com.hyperxray.an/.activity.MainActivity} : true); (mHomeTask:Task{c7eba92 #1 type=home} : false); mReparentToOriginParent:false mLastAppBarVisible:true mLastHomeBarVisible:false
11-27 20:21:17.883 I/MIUIInput( 3688): [MotionEvent] publisher action=0x1, deviceId=8, 36898978, channel '803559d com.hyperxray.an/com.hyperxray.an.activity.MainActivity'
11-27 20:21:17.883 D/ScrollScenario( 3688): ScrollState: scroll end on com.hyperxray.an
11-27 20:21:17.884 D/ScrollScenario( 3688): ScrollState: fling start on com.hyperxray.an
11-27 20:21:17.885 I/DPSImpl ( 3688): boost for touch up, package:com.hyperxray.an
11-27 20:21:17.885 I/MIUIInput(11740): [MotionEvent] ViewRootImpl windowName 'com.hyperxray.an/com.hyperxray.an.activity.MainActivity', { action=ACTION_UP, id[0]=0, pointerCount=1, eventTime=36898978, downTime=36898748, phoneEventTime=20:21:17.882 } moveCount:21
11-27 20:21:18.165 I/MIUIInput( 3688): [MotionEvent] publisher action=0x0, deviceId=8, 36899261, channel '803559d com.hyperxray.an/com.hyperxray.an.activity.MainActivity'
11-27 20:21:18.166 I/MIUIInput(11740): [MotionEvent] ViewRootImpl windowName 'com.hyperxray.an/com.hyperxray.an.activity.MainActivity', { action=ACTION_DOWN, id[0]=0, pointerCount=1, eventTime=36899261, downTime=36899261, phoneEventTime=20:21:18.165 } moveCount:0
11-27 20:21:18.269 I/MIUIInput( 3688): [MotionEvent] publisher action=0x1, deviceId=8, 36899364, channel '803559d com.hyperxray.an/com.hyperxray.an.activity.MainActivity'
11-27 20:21:18.270 I/DPSImpl ( 3688): boost for touch up failed because of timediff < 1, package:com.hyperxray.an
11-27 20:21:18.270 I/MIUIInput(11740): [MotionEvent] ViewRootImpl windowName 'com.hyperxray.an/com.hyperxray.an.activity.MainActivity', { action=ACTION_UP, id[0]=0, pointerCount=1, eventTime=36899364, downTime=36899261, phoneEventTime=20:21:18.267 } moveCount:0
11-27 20:21:18.619 I/TransitionCallback( 5385): clear leash = Surface(name=TL_Surface(name=Task=772#18075)/@0x86471fe_transition-leash#18188)/@0x6549329, key = ComponentInfo{com.hyperxray.an/com.hyperxray.an.activity.MainActivity}#772
11-27 20:21:19.349 I/MIUIInput( 3688): [MotionEvent] publisher action=0x0, deviceId=8, 36900443, channel '803559d com.hyperxray.an/com.hyperxray.an.activity.MainActivity'
11-27 20:21:19.352 I/MIUIInput(11740): [MotionEvent] ViewRootImpl windowName 'com.hyperxray.an/com.hyperxray.an.activity.MainActivity', { action=ACTION_DOWN, id[0]=0, pointerCount=1, eventTime=36900443, downTime=36900443, phoneEventTime=20:21:19.347 } moveCount:0
11-27 20:21:19.406 I/MIUIInput( 3688): [MotionEvent] publisher action=0x1, deviceId=8, 36900502, channel '803559d com.hyperxray.an/com.hyperxray.an.activity.MainActivity'
11-27 20:21:19.408 I/DPSImpl ( 3688): boost for touch up, package:com.hyperxray.an
11-27 20:21:19.411 I/MIUIInput(11740): [MotionEvent] ViewRootImpl windowName 'com.hyperxray.an/com.hyperxray.an.activity.MainActivity', { action=ACTION_UP, id[0]=0, pointerCount=1, eventTime=36900502, downTime=36900443, phoneEventTime=20:21:19.406 } moveCount:0
11-27 20:21:19.415 D/VibratorManagerService( 3688): Check AppOp mode VIBRATE for uid 10570 and package com.hyperxray.an returned audio=allow, op=allow
11-27 20:21:19.418 D/VibratorManagerService( 3688): Start AppOp mode VIBRATE for uid 10570 and package com.hyperxray.an returned allow
11-27 20:21:19.464 D/CoreBackPreview( 3688): Window{803559d u0 com.hyperxray.an/com.hyperxray.an.activity.MainActivity}: Setting back callback OnBackInvokedCallbackInfo{mCallback=android.window.IOnBackInvokedCallback$Stub$Proxy@874dedf, mPriority=0, mIsAnimationCallback=true, mOverrideBehavior=0}
11-27 20:21:19.476 D/VibratorManagerService( 3688): Finish AppOp mode VIBRATE for uid 10570 and package com.hyperxray.an
11-27 20:21:19.481 D/AiLogCapture(11740): Starting AI log capture for tags: DeepPolicyModel, HyperXrayApplication, ModelFallbackHandler, ModelDeploymentSummary, ModelSignatureVerifier, OptimizerOrchestrator, RealityBandit, ShadowTester, Scaler, DeepTrainer
11-27 20:21:19.706 I/om.hyperxray.an(11740): Compiler allocated 5204KB to compile java.lang.Object com.hyperxray.an.data.source.AiLogCapture$startCapture$1.invokeSuspend(java.lang.Object)
11-27 20:21:20.168 I/MIUIInput( 3688): [MotionEvent] publisher action=0x0, deviceId=8, 36901263, channel '803559d com.hyperxray.an/com.hyperxray.an.activity.MainActivity'
11-27 20:21:20.169 I/MIUIInput(11740): [MotionEvent] ViewRootImpl windowName 'com.hyperxray.an/com.hyperxray.an.activity.MainActivity', { action=ACTION_DOWN, id[0]=0, pointerCount=1, eventTime=36901263, downTime=36901263, phoneEventTime=20:21:20.166 } moveCount:0
11-27 20:21:20.226 D/ScrollScenario( 3688): ScrollState: fling end on com.hyperxray.an
11-27 20:21:20.226 D/ScrollScenario( 3688): ScrollState: scroll start on com.hyperxray.an
11-27 20:21:20.389 I/MIUIInput( 3688): [MotionEvent] publisher action=0x1, deviceId=8, 36901485, channel '803559d com.hyperxray.an/com.hyperxray.an.activity.MainActivity'
11-27 20:21:20.389 D/ScrollScenario( 3688): ScrollState: scroll end on com.hyperxray.an
11-27 20:21:20.389 D/ScrollScenario( 3688): ScrollState: fling start on com.hyperxray.an
11-27 20:21:20.390 I/DPSImpl ( 3688): boost for touch up failed because of timediff < 1, package:com.hyperxray.an
11-27 20:21:20.390 I/MIUIInput(11740): [MotionEvent] ViewRootImpl windowName 'com.hyperxray.an/com.hyperxray.an.activity.MainActivity', { action=ACTION_UP, id[0]=0, pointerCount=1, eventTime=36901485, downTime=36901263, phoneEventTime=20:21:20.389 } moveCount:22
11-27 20:21:20.709 I/MIUIInput( 3688): [MotionEvent] publisher action=0x0, deviceId=8, 36901804, channel '803559d com.hyperxray.an/com.hyperxray.an.activity.MainActivity'
11-27 20:21:20.710 I/MIUIInput(11740): [MotionEvent] ViewRootImpl windowName 'com.hyperxray.an/com.hyperxray.an.activity.MainActivity', { action=ACTION_DOWN, id[0]=0, pointerCount=1, eventTime=36901804, downTime=36901804, phoneEventTime=20:21:20.707 } moveCount:0
11-27 20:21:20.724 D/ScrollScenario( 3688): ScrollState: fling end on com.hyperxray.an
11-27 20:21:20.724 D/ScrollScenario( 3688): ScrollState: scroll start on com.hyperxray.an
11-27 20:21:20.797 I/MIUIInput( 3688): [MotionEvent] publisher action=0x1, deviceId=8, 36901893, channel '803559d com.hyperxray.an/com.hyperxray.an.activity.MainActivity'
11-27 20:21:20.798 D/ScrollScenario( 3688): ScrollState: scroll end on com.hyperxray.an
11-27 20:21:20.798 D/ScrollScenario( 3688): ScrollState: fling start on com.hyperxray.an
11-27 20:21:20.798 I/DPSImpl ( 3688): boost for touch up, package:com.hyperxray.an
11-27 20:21:20.798 I/MIUIInput(11740): [MotionEvent] ViewRootImpl windowName 'com.hyperxray.an/com.hyperxray.an.activity.MainActivity', { action=ACTION_UP, id[0]=0, pointerCount=1, eventTime=36901893, downTime=36901804, phoneEventTime=20:21:20.797 } moveCount:5
11-27 20:21:20.954 I/MIUIInput( 3688): [MotionEvent] publisher action=0x0, deviceId=8, 36902049, channel '803559d com.hyperxray.an/com.hyperxray.an.activity.MainActivity'
11-27 20:21:20.955 I/MIUIInput(11740): [MotionEvent] ViewRootImpl windowName 'com.hyperxray.an/com.hyperxray.an.activity.MainActivity', { action=ACTION_DOWN, id[0]=0, pointerCount=1, eventTime=36902049, downTime=36902049, phoneEventTime=20:21:20.953 } moveCount:0
11-27 20:21:22.070 I/MIUIInput( 3688): [MotionEvent] publisher action=0x1, deviceId=8, 36903163, channel '803559d com.hyperxray.an/com.hyperxray.an.activity.MainActivity'
11-27 20:21:22.071 I/MIUIInput(11740): [MotionEvent] ViewRootImpl windowName 'com.hyperxray.an/com.hyperxray.an.activity.MainActivity', { action=ACTION_UP, id[0]=0, pointerCount=1, eventTime=36903163, downTime=36902049, phoneEventTime=20:21:22.067 } moveCount:68
11-27 20:21:22.071 I/DPSImpl ( 3688): boost for touch up, package:com.hyperxray.an
11-27 20:21:22.187 D/HyperXray-JNI(19222): getTunnelStats called
11-27 20:21:22.189 D/BroadcastQueue( 3688): Logging broadcast for com.hyperxray.an, stopped=false, firstLaunch=false
11-27 20:21:22.313 I/MIUIInput( 3688): [MotionEvent] publisher action=0x0, deviceId=8, 36903409, channel '803559d com.hyperxray.an/com.hyperxray.an.activity.MainActivity'
11-27 20:21:22.317 I/MIUIInput(11740): [MotionEvent] ViewRootImpl windowName 'com.hyperxray.an/com.hyperxray.an.activity.MainActivity', { action=ACTION_DOWN, id[0]=0, pointerCount=1, eventTime=36903409, downTime=36903409, phoneEventTime=20:21:22.313 } moveCount:0
11-27 20:21:22.350 D/ScrollScenario( 3688): ScrollState: fling end on com.hyperxray.an
11-27 20:21:22.350 D/ScrollScenario( 3688): ScrollState: scroll start on com.hyperxray.an
11-27 20:21:22.409 I/MIUIInput( 3688): [MotionEvent] publisher action=0x1, deviceId=8, 36903505, channel '803559d com.hyperxray.an/com.hyperxray.an.activity.MainActivity'
11-27 20:21:22.410 D/ScrollScenario( 3688): ScrollState: scroll end on com.hyperxray.an
11-27 20:21:22.410 D/ScrollScenario( 3688): ScrollState: fling start on com.hyperxray.an
11-27 20:21:22.410 I/DPSImpl ( 3688): boost for touch up failed because of timediff < 1, package:com.hyperxray.an
11-27 20:21:22.410 I/MIUIInput(11740): [MotionEvent] ViewRootImpl windowName 'com.hyperxray.an/com.hyperxray.an.activity.MainActivity', { action=ACTION_UP, id[0]=0, pointerCount=1, eventTime=36903505, downTime=36903409, phoneEventTime=20:21:22.409 } moveCount:8
11-27 20:21:22.551 I/MIUIInput( 3688): [MotionEvent] publisher action=0x0, deviceId=8, 36903647, channel '803559d com.hyperxray.an/com.hyperxray.an.activity.MainActivity'
11-27 20:21:22.556 I/MIUIInput(11740): [MotionEvent] ViewRootImpl windowName 'com.hyperxray.an/com.hyperxray.an.activity.MainActivity', { action=ACTION_DOWN, id[0]=0, pointerCount=1, eventTime=36903647, downTime=36903647, phoneEventTime=20:21:22.550 } moveCount:0
11-27 20:21:22.754 D/ScrollScenario( 3688): ScrollState: fling end on com.hyperxray.an
11-27 20:21:22.754 D/ScrollScenario( 3688): ScrollState: scroll start on com.hyperxray.an
11-27 20:21:23.011 I/MIUIInput( 3688): [MotionEvent] publisher action=0x1, deviceId=8, 36904107, channel '803559d com.hyperxray.an/com.hyperxray.an.activity.MainActivity'
11-27 20:21:23.011 D/ScrollScenario( 3688): ScrollState: scroll end on com.hyperxray.an
11-27 20:21:23.012 D/ScrollScenario( 3688): ScrollState: fling start on com.hyperxray.an
11-27 20:21:23.012 I/DPSImpl ( 3688): boost for touch up failed because of timediff < 1, package:com.hyperxray.an
11-27 20:21:23.013 I/MIUIInput(11740): [MotionEvent] ViewRootImpl windowName 'com.hyperxray.an/com.hyperxray.an.activity.MainActivity', { action=ACTION_UP, id[0]=0, pointerCount=1, eventTime=36904107, downTime=36903647, phoneEventTime=20:21:23.010 } moveCount:33
11-27 20:21:23.420 I/MIUIInput( 3688): [MotionEvent] publisher action=0x0, deviceId=8, 36904515, channel '803559d com.hyperxray.an/com.hyperxray.an.activity.MainActivity'
11-27 20:21:23.421 I/MIUIInput(11740): [MotionEvent] ViewRootImpl windowName 'com.hyperxray.an/com.hyperxray.an.activity.MainActivity', { action=ACTION_DOWN, id[0]=0, pointerCount=1, eventTime=36904515, downTime=36904515, phoneEventTime=20:21:23.419 } moveCount:0
11-27 20:21:23.435 D/ScrollScenario( 3688): ScrollState: fling end on com.hyperxray.an
11-27 20:21:23.435 D/ScrollScenario( 3688): ScrollState: scroll start on com.hyperxray.an
11-27 20:21:23.494 I/MIUIInput( 3688): [MotionEvent] publisher action=0x1, deviceId=8, 36904590, channel '803559d com.hyperxray.an/com.hyperxray.an.activity.MainActivity'
11-27 20:21:23.494 D/ScrollScenario( 3688): ScrollState: scroll end on com.hyperxray.an
11-27 20:21:23.495 D/ScrollScenario( 3688): ScrollState: fling start on com.hyperxray.an
11-27 20:21:23.495 I/DPSImpl ( 3688): boost for touch up, package:com.hyperxray.an
11-27 20:21:23.495 I/MIUIInput(11740): [MotionEvent] ViewRootImpl windowName 'com.hyperxray.an/com.hyperxray.an.activity.MainActivity', { action=ACTION_UP, id[0]=0, pointerCount=1, eventTime=36904590, downTime=36904515, phoneEventTime=20:21:23.494 } moveCount:8
11-27 20:21:24.760 D/InternationalPolicyManager( 3688): cancelJobTimeout pkg=com.hyperxray.an uid=10570
11-27 20:21:26.496 D/ScrollScenario( 3688): ScrollState: fling end on com.hyperxray.an
11-27 20:21:27.191 D/HyperXray-JNI(19222): getTunnelStats called
11-27 20:21:27.195 D/BroadcastQueue( 3688): Logging broadcast for com.hyperxray.an, stopped=false, firstLaunch=false
11-27 20:21:32.198 D/HyperXray-JNI(19222): getTunnelStats called
11-27 20:21:32.201 D/BroadcastQueue( 3688): Logging broadcast for com.hyperxray.an, stopped=false, firstLaunch=false
11-27 20:21:35.863 D/BarFollowAnimation( 3688): pairAppearanceRegionAndWin win=Window{803559d u0 com.hyperxray.an/com.hyperxray.an.activity.MainActivity} 0
11-27 20:21:35.863 D/BarFollowAnimation( 3688): isAppTaskBarOnTop win:Window{803559d u0 com.hyperxray.an/com.hyperxray.an.activity.MainActivity} (mCurrentTopTask:Task{968a7d7 #772 type=standard I=com.hyperxray.an/.activity.MainActivity} : true); (mAssociatedTask:Task{968a7d7 #772 type=standard I=com.hyperxray.an/.activity.MainActivity} : true); (mHomeTask:Task{c7eba92 #1 type=home} : false); mReparentToOriginParent:false mLastAppBarVisible:true mLastHomeBarVisible:false
11-27 20:21:37.204 D/HyperXray-JNI(19222): getTunnelStats called
11-27 20:21:37.208 D/BroadcastQueue( 3688): Logging broadcast for com.hyperxray.an, stopped=false, firstLaunch=false
11-27 20:21:39.047 I/MIUIInput( 3688): [MotionEvent] publisher action=0x0, deviceId=8, 36920142, channel '803559d com.hyperxray.an/com.hyperxray.an.activity.MainActivity'
11-27 20:21:39.048 I/MIUIInput(11740): [MotionEvent] ViewRootImpl windowName 'com.hyperxray.an/com.hyperxray.an.activity.MainActivity', { action=ACTION_DOWN, id[0]=0, pointerCount=1, eventTime=36920142, downTime=36920142, phoneEventTime=20:21:39.046 } moveCount:0
11-27 20:21:39.066 D/BarFollowAnimation( 3688): pairAppearanceRegionAndWin win=Window{803559d u0 com.hyperxray.an/com.hyperxray.an.activity.MainActivity} 0
11-27 20:21:39.066 D/BarFollowAnimation( 3688): isAppTaskBarOnTop win:Window{803559d u0 com.hyperxray.an/com.hyperxray.an.activity.MainActivity} (mCurrentTopTask:Task{968a7d7 #772 type=standard I=com.hyperxray.an/.activity.MainActivity} : true); (mAssociatedTask:Task{968a7d7 #772 type=standard I=com.hyperxray.an/.activity.MainActivity} : true); (mHomeTask:Task{c7eba92 #1 type=home} : false); mReparentToOriginParent:false mLastAppBarVisible:true mLastHomeBarVisible:false
11-27 20:21:39.091 D/ScrollScenario( 3688): ScrollState: scroll start on com.hyperxray.an
11-27 20:21:39.172 I/MIUIInput( 3688): [MotionEvent] publisher action=0x1, deviceId=8, 36920267, channel '803559d com.hyperxray.an/com.hyperxray.an.activity.MainActivity'
11-27 20:21:39.173 I/MIUIInput(11740): [MotionEvent] ViewRootImpl windowName 'com.hyperxray.an/com.hyperxray.an.activity.MainActivity', { action=ACTION_UP, id[0]=0, pointerCount=1, eventTime=36920267, downTime=36920142, phoneEventTime=20:21:39.171 } moveCount:10
11-27 20:21:39.173 D/ScrollScenario( 3688): ScrollState: scroll end on com.hyperxray.an
11-27 20:21:39.173 D/ScrollScenario( 3688): ScrollState: fling start on com.hyperxray.an
11-27 20:21:39.174 I/DPSImpl ( 3688): boost for touch up, package:com.hyperxray.an
11-27 20:21:39.781 I/MIUIInput( 3688): [MotionEvent] publisher action=0x0, deviceId=8, 36920877, channel '803559d com.hyperxray.an/com.hyperxray.an.activity.MainActivity'
11-27 20:21:39.782 I/MIUIInput(11740): [MotionEvent] ViewRootImpl windowName 'com.hyperxray.an/com.hyperxray.an.activity.MainActivity', { action=ACTION_DOWN, id[0]=0, pointerCount=1, eventTime=36920877, downTime=36920877, phoneEventTime=20:21:39.781 } moveCount:0
11-27 20:21:39.788 I/MIUIInput( 3688): [MotionEvent] publisher action=0x1, deviceId=8, 36920884, channel '803559d com.hyperxray.an/com.hyperxray.an.activity.MainActivity'
11-27 20:21:39.789 I/DPSImpl ( 3688): boost for touch up failed because of timediff < 1, package:com.hyperxray.an
11-27 20:21:39.792 I/MIUIInput(11740): [MotionEvent] ViewRootImpl windowName 'com.hyperxray.an/com.hyperxray.an.activity.MainActivity', { action=ACTION_UP, id[0]=0, pointerCount=1, eventTime=36920884, downTime=36920877, phoneEventTime=20:21:39.788 } moveCount:0
11-27 20:21:39.795 D/VibratorManagerService( 3688): Check AppOp mode VIBRATE for uid 10570 and package com.hyperxray.an returned audio=allow, op=allow
11-27 20:21:39.797 D/VibratorManagerService( 3688): Start AppOp mode VIBRATE for uid 10570 and package com.hyperxray.an returned allow
11-27 20:21:39.814 D/CoreBackPreview( 3688): Window{803559d u0 com.hyperxray.an/com.hyperxray.an.activity.MainActivity}: Setting back callback OnBackInvokedCallbackInfo{mCallback=android.window.IOnBackInvokedCallback$Stub$Proxy@da9b975, mPriority=-1, mIsAnimationCallback=false, mOverrideBehavior=0}
11-27 20:21:39.856 D/VibratorManagerService( 3688): Finish AppOp mode VIBRATE for uid 10570 and package com.hyperxray.an
11-27 20:21:40.643 D/HyperVpnService(19222): Heartbeat - VPN running for 58s
11-27 20:21:40.646 D/BroadcastQueue( 3688): Logging broadcast for com.hyperxray.an, stopped=false, firstLaunch=false
11-27 20:21:40.647 W/Bundle  (11740): 	at com.hyperxray.an.core.service.ServiceEventObserver$logUpdateReceiver$1.onReceive(ServiceEventObserver.kt:108)
11-27 20:21:41.216 I/MIUIInput( 3688): [MotionEvent] publisher action=0x0, deviceId=8, 36922311, channel '803559d com.hyperxray.an/com.hyperxray.an.activity.MainActivity'
11-27 20:21:41.217 I/MIUIInput(11740): [MotionEvent] ViewRootImpl windowName 'com.hyperxray.an/com.hyperxray.an.activity.MainActivity', { action=ACTION_DOWN, id[0]=0, pointerCount=1, eventTime=36922311, downTime=36922311, phoneEventTime=20:21:41.214 } moveCount:0
11-27 20:21:41.304 I/MIUIInput( 3688): [MotionEvent] publisher action=0x1, deviceId=8, 36922399, channel '803559d com.hyperxray.an/com.hyperxray.an.activity.MainActivity'
11-27 20:21:41.305 I/MIUIInput(11740): [MotionEvent] ViewRootImpl windowName 'com.hyperxray.an/com.hyperxray.an.activity.MainActivity', { action=ACTION_UP, id[0]=0, pointerCount=1, eventTime=36922399, downTime=36922311, phoneEventTime=20:21:41.303 } moveCount:0
11-27 20:21:41.305 I/DPSImpl ( 3688): boost for touch up, package:com.hyperxray.an
11-27 20:21:41.308 D/ActivityManager( 3688): Logging startService for com.hyperxray.an, stopped=false, firstLaunch=false, intent=Intent { act=com.hyperxray.an.HYPER_VPN_START xflg=0x4 cmp=com.hyperxray.an/.vpn.HyperVpnService }, r.app=ProcessRecord{3dfe7a6 19222:com.hyperxray.an:native/u0a570}
11-27 20:21:41.308 D/HyperVpnHelper(11740):  Started HyperVpnService with WARP
11-27 20:21:41.309 D/HyperVpnService(19222): onStartCommand: action=com.hyperxray.an.HYPER_VPN_START
11-27 20:21:41.311 D/HyperVpnService(19222): Foreground service started with placeholder notification
11-27 20:21:41.311 W/HyperVpnService(19222): VPN is already running
11-27 20:21:41.312 D/BroadcastQueue( 3688): Logging broadcast for com.hyperxray.an, stopped=false, firstLaunch=false
11-27 20:21:41.313 D/BroadcastQueue( 3688): Logging broadcast for com.hyperxray.an, stopped=false, firstLaunch=false
11-27 20:21:41.321 W/Bundle  (11740): 	at com.hyperxray.an.core.service.ServiceEventObserver$logUpdateReceiver$1.onReceive(ServiceEventObserver.kt:108)
11-27 20:21:41.322 W/Bundle  (11740): 	at com.hyperxray.an.core.service.ServiceEventObserver$logUpdateReceiver$1.onReceive(ServiceEventObserver.kt:108)
11-27 20:21:42.173 D/ScrollScenario( 3688): ScrollState: fling end on com.hyperxray.an
11-27 20:21:42.211 D/HyperXray-JNI(19222): getTunnelStats called
11-27 20:21:42.213 D/BroadcastQueue( 3688): Logging broadcast for com.hyperxray.an, stopped=false, firstLaunch=false
11-27 20:21:44.334 I/MIUIInput( 3688): [MotionEvent] publisher action=0x0, deviceId=8, 36925429, channel '803559d com.hyperxray.an/com.hyperxray.an.activity.MainActivity'
11-27 20:21:44.336 I/MIUIInput(11740): [MotionEvent] ViewRootImpl windowName 'com.hyperxray.an/com.hyperxray.an.activity.MainActivity', { action=ACTION_DOWN, id[0]=0, pointerCount=1, eventTime=36925429, downTime=36925429, phoneEventTime=20:21:44.333 } moveCount:0
11-27 20:21:44.370 D/ScrollScenario( 3688): ScrollState: scroll start on com.hyperxray.an
11-27 20:21:44.704 I/MIUIInput( 3688): [MotionEvent] publisher action=0x1, deviceId=8, 36925800, channel '803559d com.hyperxray.an/com.hyperxray.an.activity.MainActivity'
11-27 20:21:44.705 D/ScrollScenario( 3688): ScrollState: scroll end on com.hyperxray.an
11-27 20:21:44.705 D/ScrollScenario( 3688): ScrollState: fling start on com.hyperxray.an
11-27 20:21:44.706 I/DPSImpl ( 3688): boost for touch up, package:com.hyperxray.an
11-27 20:21:44.706 I/MIUIInput(11740): [MotionEvent] ViewRootImpl windowName 'com.hyperxray.an/com.hyperxray.an.activity.MainActivity', { action=ACTION_UP, id[0]=0, pointerCount=1, eventTime=36925800, downTime=36925429, phoneEventTime=20:21:44.704 } moveCount:33
11-27 20:21:45.729 I/MIUIInput( 3688): [MotionEvent] publisher action=0x0, deviceId=8, 36926824, channel '803559d com.hyperxray.an/com.hyperxray.an.activity.MainActivity'
11-27 20:21:45.730 I/MIUIInput(11740): [MotionEvent] ViewRootImpl windowName 'com.hyperxray.an/com.hyperxray.an.activity.MainActivity', { action=ACTION_DOWN, id[0]=0, pointerCount=1, eventTime=36926824, downTime=36926824, phoneEventTime=20:21:45.728 } moveCount:0
11-27 20:21:45.824 I/MIUIInput( 3688): [MotionEvent] publisher action=0x1, deviceId=8, 36926920, channel '803559d com.hyperxray.an/com.hyperxray.an.activity.MainActivity'
11-27 20:21:45.825 I/MIUIInput(11740): [MotionEvent] ViewRootImpl windowName 'com.hyperxray.an/com.hyperxray.an.activity.MainActivity', { action=ACTION_UP, id[0]=0, pointerCount=1, eventTime=36926920, downTime=36926824, phoneEventTime=20:21:45.824 } moveCount:0
11-27 20:21:45.826 I/DPSImpl ( 3688): boost for touch up, package:com.hyperxray.an
11-27 20:21:45.828 D/VibratorManagerService( 3688): Check AppOp mode VIBRATE for uid 10570 and package com.hyperxray.an returned audio=allow, op=allow
11-27 20:21:45.831 D/VibratorManagerService( 3688): Start AppOp mode VIBRATE for uid 10570 and package com.hyperxray.an returned allow
11-27 20:21:45.857 D/CoreBackPreview( 3688): Window{803559d u0 com.hyperxray.an/com.hyperxray.an.activity.MainActivity}: Setting back callback OnBackInvokedCallbackInfo{mCallback=android.window.IOnBackInvokedCallback$Stub$Proxy@d5224dc, mPriority=0, mIsAnimationCallback=true, mOverrideBehavior=0}
11-27 20:21:45.891 D/VibratorManagerService( 3688): Finish AppOp mode VIBRATE for uid 10570 and package com.hyperxray.an
11-27 20:21:46.665 I/MIUIInput( 3688): [MotionEvent] publisher action=0x0, deviceId=8, 36927761, channel '803559d com.hyperxray.an/com.hyperxray.an.activity.MainActivity'
11-27 20:21:46.666 I/MIUIInput(11740): [MotionEvent] ViewRootImpl windowName 'com.hyperxray.an/com.hyperxray.an.activity.MainActivity', { action=ACTION_DOWN, id[0]=0, pointerCount=1, eventTime=36927761, downTime=36927761, phoneEventTime=20:21:46.665 } moveCount:0
11-27 20:21:46.754 I/MIUIInput( 3688): [MotionEvent] publisher action=0x1, deviceId=8, 36927850, channel '803559d com.hyperxray.an/com.hyperxray.an.activity.MainActivity'
11-27 20:21:46.755 I/DPSImpl ( 3688): boost for touch up failed because of timediff < 1, package:com.hyperxray.an
11-27 20:21:46.756 I/MIUIInput(11740): [MotionEvent] ViewRootImpl windowName 'com.hyperxray.an/com.hyperxray.an.activity.MainActivity', { action=ACTION_UP, id[0]=0, pointerCount=1, eventTime=36927850, downTime=36927761, phoneEventTime=20:21:46.754 } moveCount:0
11-27 20:21:46.759 D/VibratorManagerService( 3688): Check AppOp mode VIBRATE for uid 10570 and package com.hyperxray.an returned audio=allow, op=allow
11-27 20:21:46.760 D/VibratorManagerService( 3688): Start AppOp mode VIBRATE for uid 10570 and package com.hyperxray.an returned allow
11-27 20:21:46.783 D/CoreBackPreview( 3688): Window{803559d u0 com.hyperxray.an/com.hyperxray.an.activity.MainActivity}: Setting back callback OnBackInvokedCallbackInfo{mCallback=android.window.IOnBackInvokedCallback$Stub$Proxy@495c76b, mPriority=-1, mIsAnimationCallback=false, mOverrideBehavior=0}
11-27 20:21:46.818 D/VibratorManagerService( 3688): Finish AppOp mode VIBRATE for uid 10570 and package com.hyperxray.an
11-27 20:21:47.216 D/HyperXray-JNI(19222): getTunnelStats called
11-27 20:21:47.221 D/BroadcastQueue( 3688): Logging broadcast for com.hyperxray.an, stopped=false, firstLaunch=false
11-27 20:21:47.705 D/ScrollScenario( 3688): ScrollState: fling end on com.hyperxray.an
11-27 20:21:52.224 D/HyperXray-JNI(19222): getTunnelStats called
11-27 20:21:52.226 D/BroadcastQueue( 3688): Logging broadcast for com.hyperxray.an, stopped=false, firstLaunch=false
11-27 20:21:57.229 D/HyperXray-JNI(19222): getTunnelStats called
11-27 20:21:57.234 D/BroadcastQueue( 3688): Logging broadcast for com.hyperxray.an, stopped=false, firstLaunch=false
11-27 20:21:57.409 I/MIUIInput( 3688): [MotionEvent] publisher action=0x0, deviceId=8, 36938504, channel '803559d com.hyperxray.an/com.hyperxray.an.activity.MainActivity'
11-27 20:21:57.412 I/MIUIInput(11740): [MotionEvent] ViewRootImpl windowName 'com.hyperxray.an/com.hyperxray.an.activity.MainActivity', { action=ACTION_DOWN, id[0]=0, pointerCount=1, eventTime=36938504, downTime=36938504, phoneEventTime=20:21:57.408 } moveCount:0
11-27 20:21:57.444 I/MIUIInput( 3688): [MotionEvent] publisher action=0x1, deviceId=8, 36938540, channel '803559d com.hyperxray.an/com.hyperxray.an.activity.MainActivity'
11-27 20:21:57.445 I/DPSImpl ( 3688): boost for touch up, package:com.hyperxray.an
11-27 20:21:57.446 I/MIUIInput(11740): [MotionEvent] ViewRootImpl windowName 'com.hyperxray.an/com.hyperxray.an.activity.MainActivity', { action=ACTION_UP, id[0]=0, pointerCount=1, eventTime=36938540, downTime=36938504, phoneEventTime=20:21:57.443 } moveCount:0
11-27 20:21:57.448 D/VibratorManagerService( 3688): Check AppOp mode VIBRATE for uid 10570 and package com.hyperxray.an returned audio=allow, op=allow
11-27 20:21:57.450 D/VibratorManagerService( 3688): Start AppOp mode VIBRATE for uid 10570 and package com.hyperxray.an returned allow
11-27 20:21:57.481 D/CoreBackPreview( 3688): Window{803559d u0 com.hyperxray.an/com.hyperxray.an.activity.MainActivity}: Setting back callback OnBackInvokedCallbackInfo{mCallback=android.window.IOnBackInvokedCallback$Stub$Proxy@b21d222, mPriority=0, mIsAnimationCallback=true, mOverrideBehavior=0}
11-27 20:21:57.492 D/AiLogCapture(11740): Starting AI log capture for tags: DeepPolicyModel, HyperXrayApplication, ModelFallbackHandler, ModelDeploymentSummary, ModelSignatureVerifier, OptimizerOrchestrator, RealityBandit, ShadowTester, Scaler, DeepTrainer
11-27 20:21:57.495 E/HyperSentinel( 3688): ->pid:11740,processName:"com.hyperxray.an",Rss Memory Size Change 558772kb -> 670576kb
11-27 20:21:57.507 D/VibratorManagerService( 3688): Finish AppOp mode VIBRATE for uid 10570 and package com.hyperxray.an
11-27 20:22:00.055 D/BarFollowAnimation( 3688): pairAppearanceRegionAndWin win=Window{803559d u0 com.hyperxray.an/com.hyperxray.an.activity.MainActivity} 0
11-27 20:22:00.056 D/BarFollowAnimation( 3688): isAppTaskBarOnTop win:Window{803559d u0 com.hyperxray.an/com.hyperxray.an.activity.MainActivity} (mCurrentTopTask:Task{968a7d7 #772 type=standard I=com.hyperxray.an/.activity.MainActivity} : true); (mAssociatedTask:Task{968a7d7 #772 type=standard I=com.hyperxray.an/.activity.MainActivity} : true); (mHomeTask:Task{c7eba92 #1 type=home} : false); mReparentToOriginParent:false mLastAppBarVisible:true mLastHomeBarVisible:false
11-27 20:22:00.505 I/MIUIInput( 3688): [MotionEvent] publisher action=0x0, deviceId=8, 36941601, channel '803559d com.hyperxray.an/com.hyperxray.an.activity.MainActivity'
11-27 20:22:00.506 I/MIUIInput(11740): [MotionEvent] ViewRootImpl windowName 'com.hyperxray.an/com.hyperxray.an.activity.MainActivity', { action=ACTION_DOWN, id[0]=0, pointerCount=1, eventTime=36941601, downTime=36941601, phoneEventTime=20:22:00.505 } moveCount:0
11-27 20:22:00.519 D/BarFollowAnimation( 3688): pairAppearanceRegionAndWin win=Window{803559d u0 com.hyperxray.an/com.hyperxray.an.activity.MainActivity} 0
11-27 20:22:00.519 D/BarFollowAnimation( 3688): isAppTaskBarOnTop win:Window{803559d u0 com.hyperxray.an/com.hyperxray.an.activity.MainActivity} (mCurrentTopTask:Task{968a7d7 #772 type=standard I=com.hyperxray.an/.activity.MainActivity} : true); (mAssociatedTask:Task{968a7d7 #772 type=standard I=com.hyperxray.an/.activity.MainActivity} : true); (mHomeTask:Task{c7eba92 #1 type=home} : false); mReparentToOriginParent:false mLastAppBarVisible:true mLastHomeBarVisible:false
11-27 20:22:00.644 I/MIUIInput( 3688): [MotionEvent] publisher action=0x1, deviceId=8, 36941740, channel '803559d com.hyperxray.an/com.hyperxray.an.activity.MainActivity'
11-27 20:22:00.645 I/MIUIInput(11740): [MotionEvent] ViewRootImpl windowName 'com.hyperxray.an/com.hyperxray.an.activity.MainActivity', { action=ACTION_UP, id[0]=0, pointerCount=1, eventTime=36941740, downTime=36941601, phoneEventTime=20:22:00.644 } moveCount:0
11-27 20:22:00.645 I/DPSImpl ( 3688): boost for touch up, package:com.hyperxray.an
11-27 20:22:00.659 I/ForceDarkHelperStubImpl(11740): setViewRootImplForceDark: false for com.hyperxray.an.activity.MainActivity@1f1d82d, reason: AppDarkModeEnable
11-27 20:22:00.659 I/ViewRootImpl(11740): com.hyperxray.an/com.hyperxray.an.activity.MainActivity use first frame acceleration
11-27 20:22:00.660 D/BarFollowAnimation( 3688): isAppTaskBarOnTop win:Window{98c80a3 u0 com.hyperxray.an/com.hyperxray.an.activity.MainActivity} (mCurrentTopTask:Task{968a7d7 #772 type=standard I=com.hyperxray.an/.activity.MainActivity} : true); (mAssociatedTask:Task{968a7d7 #772 type=standard I=com.hyperxray.an/.activity.MainActivity} : true); (mHomeTask:Task{c7eba92 #1 type=home} : false); mReparentToOriginParent:false mLastAppBarVisible:true mLastHomeBarVisible:false
11-27 20:22:00.661 D/WindowManager( 3688): wms.Input focus has changed to Window{98c80a3 u0 com.hyperxray.an/com.hyperxray.an.activity.MainActivity} display=0 updateInputWindows = false
11-27 20:22:00.661 D/WindowManager( 3688): wms.Focus not requested for window=Window{98c80a3 u0 com.hyperxray.an/com.hyperxray.an.activity.MainActivity} because it has no surface or is not focusable.
11-27 20:22:00.663 D/CoreBackPreview( 3688): Window{98c80a3 u0 com.hyperxray.an/com.hyperxray.an.activity.MainActivity}: Setting back callback OnBackInvokedCallbackInfo{mCallback=android.window.IOnBackInvokedCallback$Stub$Proxy@334c2b8, mPriority=-1, mIsAnimationCallback=false, mOverrideBehavior=0}
11-27 20:22:00.663 D/CoreBackPreview( 3688): Window{98c80a3 u0 com.hyperxray.an/com.hyperxray.an.activity.MainActivity}: Setting back callback OnBackInvokedCallbackInfo{mCallback=android.window.IOnBackInvokedCallback$Stub$Proxy@31b2891, mPriority=0, mIsAnimationCallback=true, mOverrideBehavior=0}
11-27 20:22:00.664 D/CoreBackPreview( 3688): Window{98c80a3 u0 com.hyperxray.an/com.hyperxray.an.activity.MainActivity}: Setting back callback OnBackInvokedCallbackInfo{mCallback=android.window.IOnBackInvokedCallback$Stub$Proxy@a12a3f6, mPriority=0, mIsAnimationCallback=true, mOverrideBehavior=0}
11-27 20:22:00.697 W/AppCompatLetterboxPolicy( 3688): start not layout letterbox Window{98c80a3 u0 com.hyperxray.an/com.hyperxray.an.activity.MainActivity}
11-27 20:22:00.697 D/BarFollowAnimation( 3688): pairAppearanceRegionAndWin win=Window{98c80a3 u0 com.hyperxray.an/com.hyperxray.an.activity.MainActivity} 0
11-27 20:22:00.697 D/BarFollowAnimation( 3688): isAppTaskBarOnTop win:Window{98c80a3 u0 com.hyperxray.an/com.hyperxray.an.activity.MainActivity} (mCurrentTopTask:Task{968a7d7 #772 type=standard I=com.hyperxray.an/.activity.MainActivity} : true); (mAssociatedTask:Task{968a7d7 #772 type=standard I=com.hyperxray.an/.activity.MainActivity} : true); (mHomeTask:Task{c7eba92 #1 type=home} : false); mReparentToOriginParent:false mLastAppBarVisible:true mLastHomeBarVisible:false
11-27 20:22:00.700 I/ForceDarkHelperStubImpl(11740): setViewRootImplForceDark: false for com.hyperxray.an.activity.MainActivity@1f1d82d, reason: AppDarkModeEnable
11-27 20:22:00.738 D/WindowManager( 3688): wms.finishDrawingLocked: mDrawState=COMMIT_DRAW_PENDING Window{98c80a3 u0 com.hyperxray.an/com.hyperxray.an.activity.MainActivity} in Surface(name=com.hyperxray.an/com.hyperxray.an.activity.MainActivity#18201)/@0xcbd0982
11-27 20:22:00.739 W/AppCompatLetterboxPolicy( 3688): start not layout letterbox Window{98c80a3 u0 com.hyperxray.an/com.hyperxray.an.activity.MainActivity}
11-27 20:22:00.739 D/BarFollowAnimation( 3688): pairAppearanceRegionAndWin win=Window{98c80a3 u0 com.hyperxray.an/com.hyperxray.an.activity.MainActivity} 0
11-27 20:22:00.739 D/BarFollowAnimation( 3688): isAppTaskBarOnTop win:Window{98c80a3 u0 com.hyperxray.an/com.hyperxray.an.activity.MainActivity} (mCurrentTopTask:Task{968a7d7 #772 type=standard I=com.hyperxray.an/.activity.MainActivity} : true); (mAssociatedTask:Task{968a7d7 #772 type=standard I=com.hyperxray.an/.activity.MainActivity} : true); (mHomeTask:Task{c7eba92 #1 type=home} : false); mReparentToOriginParent:false mLastAppBarVisible:true mLastHomeBarVisible:false
11-27 20:22:00.741 D/WindowManager( 3688): wms.commitFinishDrawingLocked: mDrawState=READY_TO_SHOW Window{98c80a3 u0 com.hyperxray.an/com.hyperxray.an.activity.MainActivity} in Surface(name=com.hyperxray.an/com.hyperxray.an.activity.MainActivity#18201)/@0xcbd0982
11-27 20:22:00.743 W/AppCompatLetterboxPolicy( 3688): start not layout letterbox Window{98c80a3 u0 com.hyperxray.an/com.hyperxray.an.activity.MainActivity}
11-27 20:22:00.743 D/BarFollowAnimation( 3688): pairAppearanceRegionAndWin win=Window{98c80a3 u0 com.hyperxray.an/com.hyperxray.an.activity.MainActivity} 0
11-27 20:22:00.743 D/BarFollowAnimation( 3688): isAppTaskBarOnTop win:Window{98c80a3 u0 com.hyperxray.an/com.hyperxray.an.activity.MainActivity} (mCurrentTopTask:Task{968a7d7 #772 type=standard I=com.hyperxray.an/.activity.MainActivity} : true); (mAssociatedTask:Task{968a7d7 #772 type=standard I=com.hyperxray.an/.activity.MainActivity} : true); (mHomeTask:Task{c7eba92 #1 type=home} : false); mReparentToOriginParent:false mLastAppBarVisible:true mLastHomeBarVisible:false
11-27 20:22:00.744 W/AppCompatLetterboxPolicy( 3688): start not layout letterbox Window{98c80a3 u0 com.hyperxray.an/com.hyperxray.an.activity.MainActivity}
11-27 20:22:00.744 D/BarFollowAnimation( 3688): pairAppearanceRegionAndWin win=Window{98c80a3 u0 com.hyperxray.an/com.hyperxray.an.activity.MainActivity} 0
11-27 20:22:00.744 D/BarFollowAnimation( 3688): isAppTaskBarOnTop win:Window{98c80a3 u0 com.hyperxray.an/com.hyperxray.an.activity.MainActivity} (mCurrentTopTask:Task{968a7d7 #772 type=standard I=com.hyperxray.an/.activity.MainActivity} : true); (mAssociatedTask:Task{968a7d7 #772 type=standard I=com.hyperxray.an/.activity.MainActivity} : true); (mHomeTask:Task{c7eba92 #1 type=home} : false); mReparentToOriginParent:false mLastAppBarVisible:true mLastHomeBarVisible:false
11-27 20:22:00.748 I/WindowManager( 3688): wms.showSurfaceRobustly mWin:Window{98c80a3 u0 com.hyperxray.an/com.hyperxray.an.activity.MainActivity} in Surface(name=com.hyperxray.an/com.hyperxray.an.activity.MainActivity#18201)/@0xcbd0982
11-27 20:22:00.772 I/ImeTracker( 3688): com.hyperxray.an:6a788bec: onRequestHide at ORIGIN_SERVER reason HIDE_UNSPECIFIED_WINDOW fromUser false
11-27 20:22:00.773 I/ImeTracker(11740): com.hyperxray.an:6a788bec: onCancelled at PHASE_CLIENT_ALREADY_HIDDEN
11-27 20:22:00.776 I/GoogleInputMethodService(10886): GoogleInputMethodService.onStartInput():1347 onStartInput(EditorInfo{EditorInfo{packageName=com.hyperxray.an, inputType=0, inputTypeString=NULL, enableLearning=false, autoCorrection=false, autoComplete=false, imeOptions=0, privateImeOptions=null, actionName=UNSPECIFIED, actionLabel=null, initialSelStart=-1, initialSelEnd=-1, initialCapsMode=0, label=null, fieldId=0, fieldName=null, extras=Bundle[mParcelledData.dataSize=72], hintText=null, hintLocales=[]}}, false)
