11-27 20:22:50.696 I/PowerRankHelperHolder(13712): mDesktopPkgSet =[com.firsty.app, com.ubercab, com.garanti.cepsubesi, com.wyrhub.lite, xyz.eutvpn.app, travel.eskimo.esim, com.rhmsoft.edit, com.cricfy.tv, com.miui.compass, com.turknet.oim, tr.gov.tarimorman.tarimcebimde, com.miui.huanji, com.banggood.client, com.miui.calculator, app.revanced.android.gms, com.android.deskclock, com.zi.zivpn, com.halkbank.parafmobil, tr.gov.saglik.enabiz, org.zwanoo.android.speedtest, com.xiaomi.finddevice, com.google.android.apps.photos, me.syncrex.goldv2ray, com.android.nfc, com.nextcx.nays, com.google.android.GoogleCameraEng, com.duokan.phone.remotecontroller, com.ebay.mobile, com.yohomobile.yoho_esim, com.canva.editor, com.google.earth, com.virusModz.dumper, oracle.idm.mobile.authenticator, com.pttem.epttavm, com.simon.harmonichackernews, com.mfashiongallery.emag, com.google.android.apps.credentialmanager, com.ifttt.ifttt, com.keenetic.kn, com.erdils.getprops, com.miui.home, com.tmobtech.halkbank, com.alibaba.intl.android.apps.poseidon, app.revanced.android.apps.youtube.music, com.android.quicksearchbox, ai.x.grok, com.facebook.katana, com.vphonegaga.titan, com.niksoftware.snapseed, com.xiaomi.smarthome, com.miui.miwallpaper, com.google.android.apps.playconsole, com.staircase3.opensignal, com.gigsky.gigsky, com.pcapdroid.mitm, com.android.thememanager, com.newtoolsworks.sockstunnel, com.android.incallui, com.martitech.marti, com.hyperxray.an, com.xiaomi.glgm, com.deepseek.chat, com.v2ray.ang, com.vkontakte.android, cn.com.broadlink.econtrol.international, com.google.android.apps.translate, com.tkgm.parselsorgu, com.google.android.apps.youtube.music, io.esim, com.linkedin.android, com.softtech.imece, com.turkcell.paycell, org.xbmc.kodi, com.BNeoTech.BNV2ray, com.vk.vkvideo, com.miui.mishare.connectivity, com.Slack, com.google.android.apps.docs.editors.docs, com.samsung.agc.gcam92, com.xiaomi.scanner, com.netmod.syna, com.wireguard.android, com.mobile.legends, com.einnovation.temu, org.bepass.oblivion, ru.yandex.cloud, com.google.android.apps.paidtasks, com.microsoft.office.excel, com.yerli.sosyal, com.mi.android.globalFileexplorer, com.openai.chatgpt, tr.gov.turkiye.edevlet.kapisi, com.google.android.apps.docs, com.miui.gallery, com.microblink.photomath, com.reddit.frontpage, com.alibaba.aliexpresshd, com.azure.authenticator, ch.protonvpn.android, com.google.android.apps.adm, com.spotify.music, com.fbd.tunnel, com.dolap.android, com.google.android.videos, com.miui.notes, com.vsco.cam, net.darktunnel.app, com.microsoft.office.officehubrow, com.lagradost.cloudstream3.prerelease, com.whatsapp, ai.perplexity.comet, com.v2ray.v2fly, com.bankkart.mobil, com.google.android.apps.wallpaper, com.google.android.apps.docs.editors.sheets, com.xiaomi.calendar, com.google.android.dialer, com.yablio.sendfilestotv, com.lucky.v2ray, com.nk.net, fr.husi, com.mi.global.bbs, com.google.android.apps.authenticator2, com.pinkypromise.v2rayconfig, com.windscribe.vpn, com.garantibbvadigitalassets.crypto, com.milink.service, com.google.android.keep, com.google.android.apps.cloud.cloudbi, com.v2cross.proxy, com.radolyn.ayugram, com.miui.player, com.google.android.apps.play.billingtestcompanion, com.lotusflare.nomad.mobile.android, com.brave.browser_beta, com.newtoolsworks.tun2tap, com.ttech.android.onlineislem, com.cloud.tr, com.xiaomi.mipicks, com.ycc365plus.aws, com.termux, com.github.dyhkwong.sagernet, ru.zdevs.zarchiver, com.github.anyportal.anyportal, com.twitter.android, com.google.android.deskclock, com.google.chromeremotedesktop, com.google.android.apps.bard, com.pozitron.hepsiburada, com.touchfield.appbackuprestore, com.google.android.apps.safetyhub, com.google.android.apps.giant, com.tss.tunnel, xyz.easypro.httpcustom, com.google.android.apps.maps, com.clone.android.dual.space, com.google.android.apps.tachyon, com.tcl.tclhome, com.vodafone.selfservis, com.cloudflare.onedotonedotonedotone, com.flightradar24free, com.kastfinance.app, com.google.android.apps.messaging, mega.privacy.android.app, com.google.android.googlequicksearchbox, com.google.ar.lens, 
11-27 20:22:52.314 D/HyperXray-JNI(19222): getTunnelStats called
11-27 20:22:52.318 D/PowerManagerService( 3688): [xiaomi_power]acquireWakeLockInternal: lock=78154020, flags=0x1, tag="NotificationManagerService:post:com.hyperxray.an", ws=WorkSource{10570 com.hyperxray.an}, uid=1000, pid=3688
11-27 20:22:52.320 D/PowerManagerService( 3688): [xiaomi_power]releaseWakeLockInternal: lock=78154020 [NotificationManagerService:post:com.hyperxray.an], flags=0x0
11-27 20:22:52.817 D/BroadcastQueue( 3688): Logging broadcast for com.hyperxray.an, stopped=false, firstLaunch=false
11-27 20:22:57.321 D/HyperXray-JNI(19222): getTunnelStats called
11-27 20:22:57.325 D/PowerManagerService( 3688): [xiaomi_power]acquireWakeLockInternal: lock=201942153, flags=0x1, tag="NotificationManagerService:post:com.hyperxray.an", ws=WorkSource{10570 com.hyperxray.an}, uid=1000, pid=3688
11-27 20:22:57.327 D/PowerManagerService( 3688): [xiaomi_power]releaseWakeLockInternal: lock=201942153 [NotificationManagerService:post:com.hyperxray.an], flags=0x0
11-27 20:22:57.825 D/BroadcastQueue( 3688): Logging broadcast for com.hyperxray.an, stopped=false, firstLaunch=false
11-27 20:23:02.329 D/HyperXray-JNI(19222): getTunnelStats called
11-27 20:23:02.341 D/PowerManagerService( 3688): [xiaomi_power]acquireWakeLockInternal: lock=2634923, flags=0x1, tag="NotificationManagerService:post:com.hyperxray.an", ws=WorkSource{10570 com.hyperxray.an}, uid=1000, pid=3688
11-27 20:23:02.344 D/PowerManagerService( 3688): [xiaomi_power]releaseWakeLockInternal: lock=2634923 [NotificationManagerService:post:com.hyperxray.an], flags=0x0
11-27 20:23:02.834 D/BroadcastQueue( 3688): Logging broadcast for com.hyperxray.an, stopped=false, firstLaunch=false
11-27 20:23:07.078 D/ConnectivityService( 3688): requestNetwork for uid/pid:10570/11740 activeRequest: null callbackRequest: 5367 [NetworkRequest [ REQUEST id=5368, [ Capabilities: INTERNET&NOT_RESTRICTED&TRUSTED&NOT_VCN_MANAGED&NOT_BANDWIDTH_CONSTRAINED Uid: 10570 RequestorUid: 10570 RequestorPkg: com.hyperxray.an UnderlyingNetworks: Null] ]] callback flags: 0 order: 2147483647 isUidTracked: false declaredMethods: AVAIL|LOST|NC
11-27 20:23:07.085 D/UntrustedWifiNetworkFactory( 3688): got request NetworkRequest [ REQUEST id=5368, [ Capabilities: INTERNET&NOT_RESTRICTED&TRUSTED&NOT_VCN_MANAGED&NOT_BANDWIDTH_CONSTRAINED Uid: 10570 RequestorUid: 10570 RequestorPkg: com.hyperxray.an UnderlyingNetworks: Null] ]
11-27 20:23:07.085 D/OemPaidWifiNetworkFactory( 3688): got request NetworkRequest [ REQUEST id=5368, [ Capabilities: INTERNET&NOT_RESTRICTED&TRUSTED&NOT_VCN_MANAGED&NOT_BANDWIDTH_CONSTRAINED Uid: 10570 RequestorUid: 10570 RequestorPkg: com.hyperxray.an UnderlyingNetworks: Null] ]
11-27 20:23:07.086 D/MultiInternetWifiNetworkFactory( 3688): got request NetworkRequest [ REQUEST id=5368, [ Capabilities: INTERNET&NOT_RESTRICTED&TRUSTED&NOT_VCN_MANAGED&NOT_BANDWIDTH_CONSTRAINED Uid: 10570 RequestorUid: 10570 RequestorPkg: com.hyperxray.an UnderlyingNetworks: Null] ]
11-27 20:23:07.095 D/TlsSniModel(11740): Initializing ONNX Runtime environment
11-27 20:23:07.160 I/RealityAdvisor(11740): Written policy to /data/user/0/com.hyperxray.an/files/xray_config/xray_runtime_policy_v5.json
11-27 20:23:07.160 I/RealityAdvisor(11740): Written profile to /data/user/0/com.hyperxray.an/files/xray_config/xray_reality_profile_v5.json
11-27 20:23:07.161 I/WM-WorkerWrapper(11740): Worker result SUCCESS for Work [ id=01f32bf2-e14a-4ff5-8055-6875e907aeea, tags={ com.hyperxray.an.workers.TlsRuntimeWorker } ]
11-27 20:23:07.346 D/HyperXray-JNI(19222): getTunnelStats called
11-27 20:23:07.351 D/PowerManagerService( 3688): [xiaomi_power]acquireWakeLockInternal: lock=7954208, flags=0x1, tag="NotificationManagerService:post:com.hyperxray.an", ws=WorkSource{10570 com.hyperxray.an}, uid=1000, pid=3688
11-27 20:23:07.353 D/PowerManagerService( 3688): [xiaomi_power]releaseWakeLockInternal: lock=7954208 [NotificationManagerService:post:com.hyperxray.an], flags=0x0
11-27 20:23:07.850 D/BroadcastQueue( 3688): Logging broadcast for com.hyperxray.an, stopped=false, firstLaunch=false
11-27 20:23:10.653 D/HyperVpnService(19222): Heartbeat - VPN running for 148s
11-27 20:23:11.158 D/BroadcastQueue( 3688): Logging broadcast for com.hyperxray.an, stopped=false, firstLaunch=false
11-27 20:23:11.159 D/BroadcastQueue( 3688): Logging broadcast for com.hyperxray.an, stopped=false, firstLaunch=false
11-27 20:23:11.161 W/Bundle  (11740): 	at com.hyperxray.an.core.service.ServiceEventObserver$logUpdateReceiver$1.onReceive(ServiceEventObserver.kt:108)
11-27 20:23:12.355 D/HyperXray-JNI(19222): getTunnelStats called
11-27 20:23:12.361 D/PowerManagerService( 3688): [xiaomi_power]acquireWakeLockInternal: lock=34424339, flags=0x1, tag="NotificationManagerService:post:com.hyperxray.an", ws=WorkSource{10570 com.hyperxray.an}, uid=1000, pid=3688
11-27 20:23:12.365 D/PowerManagerService( 3688): [xiaomi_power]releaseWakeLockInternal: lock=34424339 [NotificationManagerService:post:com.hyperxray.an], flags=0x0
11-27 20:23:12.860 D/BroadcastQueue( 3688): Logging broadcast for com.hyperxray.an, stopped=false, firstLaunch=false
11-27 20:23:17.368 D/HyperXray-JNI(19222): getTunnelStats called
11-27 20:23:17.375 D/PowerManagerService( 3688): [xiaomi_power]acquireWakeLockInternal: lock=159162748, flags=0x1, tag="NotificationManagerService:post:com.hyperxray.an", ws=WorkSource{10570 com.hyperxray.an}, uid=1000, pid=3688
11-27 20:23:17.380 D/PowerManagerService( 3688): [xiaomi_power]releaseWakeLockInternal: lock=159162748 [NotificationManagerService:post:com.hyperxray.an], flags=0x0
11-27 20:23:17.664 D/ConnectivityService( 3688): requestNetwork for uid/pid:10570/11740 activeRequest: null callbackRequest: 5369 [NetworkRequest [ REQUEST id=5370, [ Capabilities: INTERNET&NOT_RESTRICTED&TRUSTED&NOT_VCN_MANAGED&NOT_BANDWIDTH_CONSTRAINED Uid: 10570 RequestorUid: 10570 RequestorPkg: com.hyperxray.an UnderlyingNetworks: Null] ]] callback flags: 0 order: 2147483647 isUidTracked: false declaredMethods: AVAIL|LOST|NC
11-27 20:23:17.672 D/UntrustedWifiNetworkFactory( 3688): got request NetworkRequest [ REQUEST id=5370, [ Capabilities: INTERNET&NOT_RESTRICTED&TRUSTED&NOT_VCN_MANAGED&NOT_BANDWIDTH_CONSTRAINED Uid: 10570 RequestorUid: 10570 RequestorPkg: com.hyperxray.an UnderlyingNetworks: Null] ]
11-27 20:23:17.672 D/OemPaidWifiNetworkFactory( 3688): got request NetworkRequest [ REQUEST id=5370, [ Capabilities: INTERNET&NOT_RESTRICTED&TRUSTED&NOT_VCN_MANAGED&NOT_BANDWIDTH_CONSTRAINED Uid: 10570 RequestorUid: 10570 RequestorPkg: com.hyperxray.an UnderlyingNetworks: Null] ]
11-27 20:23:17.672 D/MultiInternetWifiNetworkFactory( 3688): got request NetworkRequest [ REQUEST id=5370, [ Capabilities: INTERNET&NOT_RESTRICTED&TRUSTED&NOT_VCN_MANAGED&NOT_BANDWIDTH_CONSTRAINED Uid: 10570 RequestorUid: 10570 RequestorPkg: com.hyperxray.an UnderlyingNetworks: Null] ]
11-27 20:23:17.681 D/TlsSniModel(11740): Initializing ONNX Runtime environment
11-27 20:23:17.699 D/TlsSniModel(11740): Initializing ONNX Runtime environment
11-27 20:23:17.757 I/RealityAdvisor(11740): Written policy to /data/user/0/com.hyperxray.an/files/xray_config/xray_runtime_policy_v5.json
11-27 20:23:17.758 I/RealityAdvisor(11740): Written profile to /data/user/0/com.hyperxray.an/files/xray_config/xray_reality_profile_v5.json
11-27 20:23:17.758 I/RealityAdvisor(11740): Written policy to /data/user/0/com.hyperxray.an/files/xray_config/xray_runtime_policy_v5.json
11-27 20:23:17.758 I/RealityAdvisor(11740): Written profile to /data/user/0/com.hyperxray.an/files/xray_config/xray_reality_profile_v5.json
11-27 20:23:17.758 I/WM-WorkerWrapper(11740): Worker result SUCCESS for Work [ id=bce5831c-44f5-4cb4-93f6-193419e48a8f, tags={ com.hyperxray.an.workers.TlsRuntimeWorker } ]
11-27 20:23:17.759 I/WM-WorkerWrapper(11740): Worker result SUCCESS for Work [ id=cb4ce20b-639d-4bdf-9a9f-215c19eacf19, tags={ com.hyperxray.an.workers.TlsRuntimeWorker } ]
11-27 20:23:17.873 D/BroadcastQueue( 3688): Logging broadcast for com.hyperxray.an, stopped=false, firstLaunch=false
11-27 20:23:19.697 D/powerkeeper.dfsmutstart(12969): Key: SCREEN_OFF, Value: 472.0;Key: com.hyperxray.an, Value: 95.0;Key: com.android.chrome, Value: 25.0
11-27 20:23:19.698 D/MiSightJni(12969): MiSight: Java_com_miui_misight_MiSight_nativeSendEvent enter called. '{"time":"20:23:19","broadTemp":34229,"packageName":"com.hyperxray.an","scenarioName":"normal","packageNames":"Key: SCREEN_OFF, Value: 472.0;Key: com.hyperxray.an, Value: 95.0;Key: com.android.chrome, Value: 25.0"}'
11-27 20:23:19.698 D/MiEvent (12969): flatten EventId 905001001 -t 1764264199 -paraList {"broadTemp":34229,"packageName":"com.hyperxray.an","packageNames":"Key: SCREEN_OFF, Value: 472.0;Key: com.hyperxray.an, Value: 95.0;Key: com.android.chrome, Value: 25.0","scenarioName":"normal","time":"20:23:19"}
11-27 20:23:19.698 D/MiEvent (12969): report:EventId 905001001 -t 1764264199 -paraList {"broadTemp":34229,"packageName":"com.hyperxray.an","packageNames":"Key: SCREEN_OFF, Value: 472.0;Key: com.hyperxray.an, Value: 95.0;Key: com.android.chrome, Value: 25.0","scenarioName":"normal","time":"20:23:19"} success
11-27 20:23:22.383 D/HyperXray-JNI(19222): getTunnelStats called
11-27 20:23:22.391 D/PowerManagerService( 3688): [xiaomi_power]acquireWakeLockInternal: lock=75689344, flags=0x1, tag="NotificationManagerService:post:com.hyperxray.an", ws=WorkSource{10570 com.hyperxray.an}, uid=1000, pid=3688
11-27 20:23:22.394 D/PowerManagerService( 3688): [xiaomi_power]releaseWakeLockInternal: lock=75689344 [NotificationManagerService:post:com.hyperxray.an], flags=0x0
11-27 20:23:22.889 D/BroadcastQueue( 3688): Logging broadcast for com.hyperxray.an, stopped=false, firstLaunch=false
11-27 20:23:27.396 D/HyperXray-JNI(19222): getTunnelStats called
11-27 20:23:27.405 D/PowerManagerService( 3688): [xiaomi_power]acquireWakeLockInternal: lock=19476085, flags=0x1, tag="NotificationManagerService:post:com.hyperxray.an", ws=WorkSource{10570 com.hyperxray.an}, uid=1000, pid=3688
11-27 20:23:27.407 D/PowerManagerService( 3688): [xiaomi_power]releaseWakeLockInternal: lock=19476085 [NotificationManagerService:post:com.hyperxray.an], flags=0x0
11-27 20:23:27.904 D/BroadcastQueue( 3688): Logging broadcast for com.hyperxray.an, stopped=false, firstLaunch=false
11-27 20:23:32.409 D/HyperXray-JNI(19222): getTunnelStats called
11-27 20:23:32.415 D/PowerManagerService( 3688): [xiaomi_power]acquireWakeLockInternal: lock=35888869, flags=0x1, tag="NotificationManagerService:post:com.hyperxray.an", ws=WorkSource{10570 com.hyperxray.an}, uid=1000, pid=3688
11-27 20:23:32.417 D/PowerManagerService( 3688): [xiaomi_power]releaseWakeLockInternal: lock=35888869 [NotificationManagerService:post:com.hyperxray.an], flags=0x0
11-27 20:23:32.914 D/BroadcastQueue( 3688): Logging broadcast for com.hyperxray.an, stopped=false, firstLaunch=false
11-27 20:23:37.419 D/HyperXray-JNI(19222): getTunnelStats called
11-27 20:23:37.425 D/PowerManagerService( 3688): [xiaomi_power]acquireWakeLockInternal: lock=165469062, flags=0x1, tag="NotificationManagerService:post:com.hyperxray.an", ws=WorkSource{10570 com.hyperxray.an}, uid=1000, pid=3688
11-27 20:23:37.429 D/PowerManagerService( 3688): [xiaomi_power]releaseWakeLockInternal: lock=165469062 [NotificationManagerService:post:com.hyperxray.an], flags=0x0
11-27 20:23:37.925 D/BroadcastQueue( 3688): Logging broadcast for com.hyperxray.an, stopped=false, firstLaunch=false
11-27 20:23:40.656 D/HyperVpnService(19222): Heartbeat - VPN running for 178s
11-27 20:23:41.162 D/BroadcastQueue( 3688): Logging broadcast for com.hyperxray.an, stopped=false, firstLaunch=false
11-27 20:23:41.164 W/Bundle  (11740): 	at com.hyperxray.an.core.service.ServiceEventObserver$logUpdateReceiver$1.onReceive(ServiceEventObserver.kt:108)
11-27 20:23:41.165 D/BroadcastQueue( 3688): Logging broadcast for com.hyperxray.an, stopped=false, firstLaunch=false
11-27 20:23:42.431 D/HyperXray-JNI(19222): getTunnelStats called
11-27 20:23:42.437 D/PowerManagerService( 3688): [xiaomi_power]acquireWakeLockInternal: lock=252380471, flags=0x1, tag="NotificationManagerService:post:com.hyperxray.an", ws=WorkSource{10570 com.hyperxray.an}, uid=1000, pid=3688
11-27 20:23:42.439 D/PowerManagerService( 3688): [xiaomi_power]releaseWakeLockInternal: lock=252380471 [NotificationManagerService:post:com.hyperxray.an], flags=0x0
11-27 20:23:42.937 D/BroadcastQueue( 3688): Logging broadcast for com.hyperxray.an, stopped=false, firstLaunch=false
11-27 20:23:47.441 D/HyperXray-JNI(19222): getTunnelStats called
11-27 20:23:47.448 D/PowerManagerService( 3688): [xiaomi_power]acquireWakeLockInternal: lock=22629648, flags=0x1, tag="NotificationManagerService:post:com.hyperxray.an", ws=WorkSource{10570 com.hyperxray.an}, uid=1000, pid=3688
11-27 20:23:47.453 D/PowerManagerService( 3688): [xiaomi_power]releaseWakeLockInternal: lock=22629648 [NotificationManagerService:post:com.hyperxray.an], flags=0x0
11-27 20:23:47.947 D/BroadcastQueue( 3688): Logging broadcast for com.hyperxray.an, stopped=false, firstLaunch=false
11-27 20:23:52.455 D/HyperXray-JNI(19222): getTunnelStats called
11-27 20:23:52.464 D/PowerManagerService( 3688): [xiaomi_power]acquireWakeLockInternal: lock=84972400, flags=0x1, tag="NotificationManagerService:post:com.hyperxray.an", ws=WorkSource{10570 com.hyperxray.an}, uid=1000, pid=3688
11-27 20:23:52.469 D/PowerManagerService( 3688): [xiaomi_power]releaseWakeLockInternal: lock=84972400 [NotificationManagerService:post:com.hyperxray.an], flags=0x0
11-27 20:23:52.679 D/BarFollowAnimation( 3688): isAppTaskBarOnTop win:Window{13f7236 u0 NotificationShade} (mCurrentTopTask:Task{968a7d7 #772 type=standard I=com.hyperxray.an/.activity.MainActivity} : true); (mAssociatedTask:Task{968a7d7 #772 type=standard I=com.hyperxray.an/.activity.MainActivity} : true); (mHomeTask:Task{c7eba92 #1 type=home} : false); mReparentToOriginParent:false mLastAppBarVisible:true mLastHomeBarVisible:false
11-27 20:23:52.689 D/BarFollowAnimation( 3688): isAppTaskBarOnTop win:Window{13f7236 u0 NotificationShade} (mCurrentTopTask:Task{968a7d7 #772 type=standard I=com.hyperxray.an/.activity.MainActivity} : true); (mAssociatedTask:Task{968a7d7 #772 type=standard I=com.hyperxray.an/.activity.MainActivity} : true); (mHomeTask:Task{c7eba92 #1 type=home} : false); mReparentToOriginParent:false mLastAppBarVisible:true mLastHomeBarVisible:false
11-27 20:23:52.690 D/BarFollowAnimation( 3688): isAppTaskBarOnTop win:Window{13f7236 u0 NotificationShade} (mCurrentTopTask:Task{968a7d7 #772 type=standard I=com.hyperxray.an/.activity.MainActivity} : true); (mAssociatedTask:Task{968a7d7 #772 type=standard I=com.hyperxray.an/.activity.MainActivity} : true); (mHomeTask:Task{c7eba92 #1 type=home} : false); mReparentToOriginParent:false mLastAppBarVisible:true mLastHomeBarVisible:false
11-27 20:23:52.692 D/BarFollowAnimation( 3688): isAppTaskBarOnTop win:Window{13f7236 u0 NotificationShade} (mCurrentTopTask:Task{968a7d7 #772 type=standard I=com.hyperxray.an/.activity.MainActivity} : true); (mAssociatedTask:Task{968a7d7 #772 type=standard I=com.hyperxray.an/.activity.MainActivity} : true); (mHomeTask:Task{c7eba92 #1 type=home} : false); mReparentToOriginParent:false mLastAppBarVisible:true mLastHomeBarVisible:false
11-27 20:23:52.692 D/BarFollowAnimation( 3688): isAppTaskBarOnTop win:Window{13f7236 u0 NotificationShade} (mCurrentTopTask:Task{968a7d7 #772 type=standard I=com.hyperxray.an/.activity.MainActivity} : true); (mAssociatedTask:Task{968a7d7 #772 type=standard I=com.hyperxray.an/.activity.MainActivity} : true); (mHomeTask:Task{c7eba92 #1 type=home} : false); mReparentToOriginParent:false mLastAppBarVisible:true mLastHomeBarVisible:false
11-27 20:23:52.697 D/BarFollowAnimation( 3688): isAppTaskBarOnTop win:Window{13f7236 u0 NotificationShade} (mCurrentTopTask:Task{968a7d7 #772 type=standard I=com.hyperxray.an/.activity.MainActivity} : true); (mAssociatedTask:Task{968a7d7 #772 type=standard I=com.hyperxray.an/.activity.MainActivity} : true); (mHomeTask:Task{c7eba92 #1 type=home} : false); mReparentToOriginParent:false mLastAppBarVisible:true mLastHomeBarVisible:false
11-27 20:23:52.699 D/BarFollowAnimation( 3688): isAppTaskBarOnTop win:Window{13f7236 u0 NotificationShade} (mCurrentTopTask:Task{968a7d7 #772 type=standard I=com.hyperxray.an/.activity.MainActivity} : true); (mAssociatedTask:Task{968a7d7 #772 type=standard I=com.hyperxray.an/.activity.MainActivity} : true); (mHomeTask:Task{c7eba92 #1 type=home} : false); mReparentToOriginParent:false mLastAppBarVisible:true mLastHomeBarVisible:false
11-27 20:23:52.700 D/BarFollowAnimation( 3688): isAppTaskBarOnTop win:Window{13f7236 u0 NotificationShade} (mCurrentTopTask:Task{968a7d7 #772 type=standard I=com.hyperxray.an/.activity.MainActivity} : true); (mAssociatedTask:Task{968a7d7 #772 type=standard I=com.hyperxray.an/.activity.MainActivity} : true); (mHomeTask:Task{c7eba92 #1 type=home} : false); mReparentToOriginParent:false mLastAppBarVisible:true mLastHomeBarVisible:false
11-27 20:23:52.702 D/BarFollowAnimation( 3688): isAppTaskBarOnTop win:Window{13f7236 u0 NotificationShade} (mCurrentTopTask:Task{968a7d7 #772 type=standard I=com.hyperxray.an/.activity.MainActivity} : true); (mAssociatedTask:Task{968a7d7 #772 type=standard I=com.hyperxray.an/.activity.MainActivity} : true); (mHomeTask:Task{c7eba92 #1 type=home} : false); mReparentToOriginParent:false mLastAppBarVisible:true mLastHomeBarVisible:false
11-27 20:23:52.705 D/BarFollowAnimation( 3688): isAppTaskBarOnTop win:Window{13f7236 u0 NotificationShade} (mCurrentTopTask:Task{968a7d7 #772 type=standard I=com.hyperxray.an/.activity.MainActivity} : true); (mAssociatedTask:Task{968a7d7 #772 type=standard I=com.hyperxray.an/.activity.MainActivity} : true); (mHomeTask:Task{c7eba92 #1 type=home} : false); mReparentToOriginParent:false mLastAppBarVisible:true mLastHomeBarVisible:false
11-27 20:23:52.706 D/BarFollowAnimation( 3688): isAppTaskBarOnTop win:Window{13f7236 u0 NotificationShade} (mCurrentTopTask:Task{968a7d7 #772 type=standard I=com.hyperxray.an/.activity.MainActivity} : true); (mAssociatedTask:Task{968a7d7 #772 type=standard I=com.hyperxray.an/.activity.MainActivity} : true); (mHomeTask:Task{c7eba92 #1 type=home} : false); mReparentToOriginParent:false mLastAppBarVisible:true mLastHomeBarVisible:false
11-27 20:23:52.708 I/BeautyService(13712): updateForegroundInfo new = ComponentInfo{com.hyperxray.an/com.hyperxray.an.activity.MainActivity}, old Pkg = com.hyperxray.an, old ClsName = com.hyperxray.an.activity.MainActivity
11-27 20:23:52.731 D/BarFollowAnimation( 3688): isAppTaskBarOnTop win:Window{13f7236 u0 NotificationShade} (mCurrentTopTask:Task{968a7d7 #772 type=standard I=com.hyperxray.an/.activity.MainActivity} : true); (mAssociatedTask:Task{968a7d7 #772 type=standard I=com.hyperxray.an/.activity.MainActivity} : true); (mHomeTask:Task{c7eba92 #1 type=home} : false); mReparentToOriginParent:false mLastAppBarVisible:true mLastHomeBarVisible:false
11-27 20:23:52.738 D/BarFollowAnimation( 3688): isAppTaskBarOnTop win:Window{13f7236 u0 NotificationShade} (mCurrentTopTask:Task{968a7d7 #772 type=standard I=com.hyperxray.an/.activity.MainActivity} : true); (mAssociatedTask:Task{968a7d7 #772 type=standard I=com.hyperxray.an/.activity.MainActivity} : true); (mHomeTask:Task{c7eba92 #1 type=home} : false); mReparentToOriginParent:false mLastAppBarVisible:true mLastHomeBarVisible:false
11-27 20:23:52.739 D/BarFollowAnimation( 3688): isAppTaskBarOnTop win:Window{13f7236 u0 NotificationShade} (mCurrentTopTask:Task{968a7d7 #772 type=standard I=com.hyperxray.an/.activity.MainActivity} : true); (mAssociatedTask:Task{968a7d7 #772 type=standard I=com.hyperxray.an/.activity.MainActivity} : true); (mHomeTask:Task{c7eba92 #1 type=home} : false); mReparentToOriginParent:false mLastAppBarVisible:true mLastHomeBarVisible:false
11-27 20:23:52.739 D/BarFollowAnimation( 3688): isAppTaskBarOnTop win:Window{13f7236 u0 NotificationShade} (mCurrentTopTask:Task{968a7d7 #772 type=standard I=com.hyperxray.an/.activity.MainActivity} : true); (mAssociatedTask:Task{968a7d7 #772 type=standard I=com.hyperxray.an/.activity.MainActivity} : true); (mHomeTask:Task{c7eba92 #1 type=home} : false); mReparentToOriginParent:false mLastAppBarVisible:true mLastHomeBarVisible:false
11-27 20:23:52.747 D/BarFollowAnimation( 3688): isAppTaskBarOnTop win:Window{13f7236 u0 NotificationShade} (mCurrentTopTask:Task{968a7d7 #772 type=standard I=com.hyperxray.an/.activity.MainActivity} : true); (mAssociatedTask:Task{968a7d7 #772 type=standard I=com.hyperxray.an/.activity.MainActivity} : true); (mHomeTask:Task{c7eba92 #1 type=home} : false); mReparentToOriginParent:false mLastAppBarVisible:true mLastHomeBarVisible:false
11-27 20:23:52.749 D/BarFollowAnimation( 3688): isAppTaskBarOnTop win:Window{13f7236 u0 NotificationShade} (mCurrentTopTask:Task{968a7d7 #772 type=standard I=com.hyperxray.an/.activity.MainActivity} : true); (mAssociatedTask:Task{968a7d7 #772 type=standard I=com.hyperxray.an/.activity.MainActivity} : true); (mHomeTask:Task{c7eba92 #1 type=home} : false); mReparentToOriginParent:false mLastAppBarVisible:true mLastHomeBarVisible:false
11-27 20:23:52.752 D/DFS-AppUsageTracker(12969): Fg changed, new=com.hyperxray.an, but charging.
11-27 20:23:52.957 D/BroadcastQueue( 3688): Logging broadcast for com.hyperxray.an, stopped=false, firstLaunch=false
11-27 20:23:54.088 D/PerfStubImpl( 3688): perfWarmLaunchBoost: com.hyperxray.an, -1, 1
11-27 20:23:54.089 D/WindowManager( 3688): Collecting in transition 800: ActivityRecord{38535537 u0 com.hyperxray.an/.activity.MainActivity t772} init visibleRequested:false
11-27 20:23:54.089 I/ANDR-PWR-OPT( 1796): GAMEPOWEROPT: sendEvents() 231: Start hint for app com.hyperxray.an/com.hyperxray.an.activity.MainActivity/38, hintID : 4099, hintID hex : 1003 value: -1
11-27 20:23:54.089 I/ANDR-PWR-OPT( 1796): PowerAppClassifier: getAppType() 59: checking app [com.hyperxray.an] is type 1
11-27 20:23:54.089 I/ANDR-PWR-OPT( 1796): GAMEPOWEROPT: isGame() 348: com.hyperxray.an is Game = 1
11-27 20:23:54.089 I/ForceDarkHelperStubImpl(11740): setViewRootImplForceDark: false for com.hyperxray.an.activity.MainActivity@1f1d82d, reason: AppDarkModeEnable
11-27 20:23:54.092 D/BarFollowAnimation( 3688): onTaskInfoChanedForCaptionBar Task{968a7d7 #772 type=standard I=com.hyperxray.an/.activity.MainActivity} shouldbeVisible:true isVisible:false windowMode:1 mCaptionAssociatedTask:null mIsTouchedInCaption:false
11-27 20:23:54.093 I/SmartPower: com.hyperxray.an:native/10570(19222)( 3688): background->invisible(91954ms) R(become foreground) adj=200.
11-27 20:23:54.095 I/SmartPower: com.hyperxray.an/10570(11740)( 3688): background->invisible(91954ms) R(become foreground) adj=0.
11-27 20:23:54.097 I/WindowManager( 3688): Try to add startingWindow type = STARTING_WINDOW_TYPE_SNAPSHOT this = ActivityRecord{38535537 u0 com.hyperxray.an/.activity.MainActivity t772} mOccludesParent = true preAllowTaskSnapshot = true afterAllowTaskSnapshot = true newTask = false taskSwitch = true processRunning = true activityCreated = true activityAllDrawn = false isSnapshotCompatible = true snapshotRotation = 0 resolvedTheme = 2131821150 theme = 2131821150
11-27 20:23:54.097 D/BarFollowAnimation( 3688): isAppTaskBarOnTop win:Window{13f7236 u0 NotificationShade} (mCurrentTopTask:Task{968a7d7 #772 type=standard I=com.hyperxray.an/.activity.MainActivity} : true); (mAssociatedTask:Task{968a7d7 #772 type=standard I=com.hyperxray.an/.activity.MainActivity} : true); (mHomeTask:Task{c7eba92 #1 type=home} : false); mReparentToOriginParent:false mLastAppBarVisible:true mLastHomeBarVisible:false
11-27 20:23:54.098 D/WindowManager( 3688):    ChangeInfo{3a96297 container=ActivityRecord{38535537 u0 com.hyperxray.an/.activity.MainActivity t772} flags=0x0}
11-27 20:23:54.098 D/WindowManager( 3688):    ChangeInfo{b325c6d container=Task{968a7d7 #772 type=standard I=com.hyperxray.an/.activity.MainActivity} flags=0x0}
11-27 20:23:54.099 D/BarFollowAnimation( 3688): isAppTaskBarOnTop win:Window{13f7236 u0 NotificationShade} (mCurrentTopTask:Task{968a7d7 #772 type=standard I=com.hyperxray.an/.activity.MainActivity} : true); (mAssociatedTask:Task{968a7d7 #772 type=standard I=com.hyperxray.an/.activity.MainActivity} : true); (mHomeTask:Task{c7eba92 #1 type=home} : false); mReparentToOriginParent:false mLastAppBarVisible:true mLastHomeBarVisible:false
11-27 20:23:54.099 D/MiuiDecorationController( 6013): relayout::taskId=772, visible=false, bounds=Rect(0, 0 - 1200, 2670), focused=true, oldImmersive=false, newImmersive=false, windowMode=1, activityType=1, displayId=0, baseActivity=ComponentInfo{com.hyperxray.an/com.hyperxray.an.activity.MainActivity}, topActivity=ComponentInfo{com.hyperxray.an/com.hyperxray.an.activity.MainActivity}, callers=com.android.wm.shell.multitasking.miuimultiwinswitch.miuiwindowdecor.decoration.MiuiDecorationController.relayout:4 com.android.wm.shell.multitasking.miuimultiwinswitch.miuiwindowdecor.MulWinSwitchDecorViewModel.onTaskInfoChanged:18 com.android.wm.shell.multitasking.common.taskmanager.MultiTaskingTaskListener.onTaskInfoChanged:47 com.android.wm.shell.ShellTaskOrganizer.onTaskInfoChanged:129 android.window.TaskOrganizer$1.lambda$onTaskInfoChanged$6:300 
11-27 20:23:54.099 D/WindowManager( 3688): isSyncFinished true. ar: ActivityRecord{38535537 u0 com.hyperxray.an/.activity.MainActivity t772}
11-27 20:23:54.099 I/SmartPower: com.hyperxray.an/10570(11740)( 3688): invisible->visible(4ms) R(become visible) adj=0.
11-27 20:23:54.099 D/BarFollowAnimation( 3688): onTaskInfoChanedForCaptionBar Task{968a7d7 #772 type=standard I=com.hyperxray.an/.activity.MainActivity} shouldbeVisible:true isVisible:true windowMode:1 mCaptionAssociatedTask:null mIsTouchedInCaption:false
11-27 20:23:54.100 D/WindowManager( 3688): Final targets: [ChangeInfo{b325c6d container=Task{968a7d7 #772 type=standard I=com.hyperxray.an/.activity.MainActivity} flags=0x10}, ChangeInfo{2f32c84 container=DefaultTaskDisplayArea@131802490 flags=0x10}, ChangeInfo{ceb2916 container=WallpaperWindowToken{22d72ad showWhenLocked=true} flags=0x0}]
11-27 20:23:54.100 D/WindowManager( 3688): Calling onTransitionReady info={id=800 t=TO_BACK f=0x108 trk=0 r=[0@Point(0, 0)] c=[{WCT{RemoteToken{e2b1319 Task{968a7d7 #772 type=standard I=com.hyperxray.an/.activity.MainActivity}}} m=TO_FRONT f=NONE p=WCT{RemoteToken{59a681a DefaultTaskDisplayArea@131802490}} leash=Surface(name=Task=772#18075)/@0x1333b56 sb=Rect(0, 0 - 1200, 2670) eb=Rect(0, 0 - 1200, 2670) epz=Point(1200, 2670) d=0 taskParent=-1 v=trueMiuiChangeImpl {miuiEmbedding:false, scale:1.0}},{WCT{RemoteToken{59a681a DefaultTaskDisplayArea@131802490}} m=TO_FRONT f=FLAG_IS_TASK_DISPLAY_AREA leash=Surface(name=DefaultTaskDisplayArea#10)/@0x84f8cc9 sb=Rect(0, 0 - 1200, 2670) eb=Rect(0, 0 - 1200, 2670) epz=Point(1200, 2670) d=0 v=trueMiuiChangeImpl {miuiEmbedding:false, scale:1.0}},{m=CHANGE f=IS_WALLPAPER leash=Surface(name=WallpaperWindowToken{22d72ad showWhenLocked=false}#69)/@0x518b9e2 sb=Rect(0, 0 - 1200, 2670) eb=Rect(0, 0 - 1200, 2670) epz=Point(1200, 2670) d=0 v=trueMiuiChangeImpl {miuiEmbedding:false, scale:1.0}}] mk=[false] noAni=[false] df=[false] rsa=[false] oa=[false] nc=[0] ho=[false] hla=[false] iSync=[-1]}, mToken=Token{1255269 TransitionRecord{d343e9f id=800 type=TO_BACK flags=0x108 c=[
11-27 20:23:54.100 D/WindowManager( 3688):    ChangeInfo{3a96297 container=ActivityRecord{38535537 u0 com.hyperxray.an/.activity.MainActivity t772} flags=0x0}
11-27 20:23:54.100 D/WindowManager( 3688):    ChangeInfo{b325c6d container=Task{968a7d7 #772 type=standard I=com.hyperxray.an/.activity.MainActivity} flags=0x10}
11-27 20:23:54.103 D/BarFollowAnimation( 3688): pairAppearanceRegionAndWin win=Window{803559d u0 com.hyperxray.an/com.hyperxray.an.activity.MainActivity} 0
11-27 20:23:54.103 D/BarFollowAnimation( 3688): isAppTaskBarOnTop win:Window{13f7236 u0 NotificationShade} (mCurrentTopTask:Task{968a7d7 #772 type=standard I=com.hyperxray.an/.activity.MainActivity} : true); (mAssociatedTask:Task{968a7d7 #772 type=standard I=com.hyperxray.an/.activity.MainActivity} : true); (mHomeTask:Task{c7eba92 #1 type=home} : false); mReparentToOriginParent:false mLastAppBarVisible:true mLastHomeBarVisible:false
11-27 20:23:54.104 D/MiuiDecorationController( 6013): relayout::taskId=772, visible=true, bounds=Rect(0, 0 - 1200, 2670), focused=true, oldImmersive=false, newImmersive=false, windowMode=1, activityType=1, displayId=0, baseActivity=ComponentInfo{com.hyperxray.an/com.hyperxray.an.activity.MainActivity}, topActivity=ComponentInfo{com.hyperxray.an/com.hyperxray.an.activity.MainActivity}, callers=com.android.wm.shell.multitasking.miuimultiwinswitch.miuiwindowdecor.MulWinSwitchDecorViewModel.onTaskChanging:110 com.android.wm.shell.freeform.FreeformTaskTransitionObserver.onTransitionReady:211 com.android.wm.shell.transition.Transitions.dispatchReady:237 com.android.wm.shell.transition.Transitions.onTransitionReady:246 com.android.wm.shell.transition.Transitions$TransitionPlayerImpl$$ExternalSyntheticLambda1.run:42 
11-27 20:23:54.104 I/WindowManager( 3688): Allow fixed rotation for not collecting:ActivityRecord{38535537 u0 com.hyperxray.an/.activity.MainActivity t772}
11-27 20:23:54.105 D/BarFollowAnimation( 3688): pairAppearanceRegionAndWin win=Window{803559d u0 com.hyperxray.an/com.hyperxray.an.activity.MainActivity} 0
11-27 20:23:54.105 D/BarFollowAnimation( 3688): isAppTaskBarOnTop win:Window{13f7236 u0 NotificationShade} (mCurrentTopTask:Task{968a7d7 #772 type=standard I=com.hyperxray.an/.activity.MainActivity} : true); (mAssociatedTask:Task{968a7d7 #772 type=standard I=com.hyperxray.an/.activity.MainActivity} : true); (mHomeTask:Task{c7eba92 #1 type=home} : false); mReparentToOriginParent:false mLastAppBarVisible:true mLastHomeBarVisible:false
11-27 20:23:54.105 I/WindowManager( 3688): Allow fixed rotation for not collecting:ActivityRecord{38535537 u0 com.hyperxray.an/.activity.MainActivity t772}
11-27 20:23:54.106 D/MiuiDecorationController( 6013): relayout::taskId=772, visible=true, bounds=Rect(0, 0 - 1200, 2670), focused=true, oldImmersive=false, newImmersive=false, windowMode=1, activityType=1, displayId=0, baseActivity=ComponentInfo{com.hyperxray.an/com.hyperxray.an.activity.MainActivity}, topActivity=ComponentInfo{com.hyperxray.an/com.hyperxray.an.activity.MainActivity}, callers=com.android.wm.shell.multitasking.miuimultiwinswitch.miuiwindowdecor.decoration.MiuiDecorationController.relayout:4 com.android.wm.shell.multitasking.miuimultiwinswitch.miuiwindowdecor.MulWinSwitchDecorViewModel.onTaskInfoChanged:18 com.android.wm.shell.multitasking.common.taskmanager.MultiTaskingTaskListener.onTaskInfoChanged:47 com.android.wm.shell.ShellTaskOrganizer.onTaskInfoChanged:129 android.window.TaskOrganizer$1.lambda$onTaskInfoChanged$6:300 
11-27 20:23:54.107 D/Activity(11740): Activity = ActivityInfo{e807767 com.hyperxray.an.activity.MainActivity}, Resume onConfigurationChanged = {1.0 286mcc1mnc [tr_TR] ldltr sw369dp w369dp h822dp 520dpi nrml long hdr widecg port night finger -keyb/v/h -nav/h winConfig={ mBounds=Rect(0, 0 - 1200, 2670) mAppBounds=Rect(0, 0 - 1200, 2670) mMaxBounds=Rect(0, 0 - 1200, 2670) mDisplayRotation=ROTATION_0 mWindowingMode=fullscreen mActivityType=standard mAlwaysOnTop=undefined mRotation=ROTATION_0 mInSplitScreen=false letterBoxed=false foScaled=false isSpecificEmbedded=false embeddingScale=1.0} s.2 fontWeightAdjustment=0/d/o themeChanged=0 themeChangedFlags=0 display=0 extraData = Bundle[{}] screenType=0/o}
11-27 20:23:54.107 D/BarFollowAnimation( 3688): disableBarAnimation change={WCT{RemoteToken{e2b1319 Task{968a7d7 #772 type=standard I=com.hyperxray.an/.activity.MainActivity}}} m=TO_FRONT f=NONE p=WCT{RemoteToken{59a681a DefaultTaskDisplayArea@131802490}} leash=Surface(name=Task=772#18075)/@0x1333b56 sb=Rect(0, 0 - 1200, 2670) eb=Rect(0, 0 - 1200, 2670) epz=Point(1200, 2670) d=0 taskParent=-1 v=trueMiuiChangeImpl {miuiEmbedding:false, scale:1.0}} 1 1
11-27 20:23:54.108 D/BarFollowAnimation( 3688): startStatusBarAnimation change= {WCT{RemoteToken{e2b1319 Task{968a7d7 #772 type=standard I=com.hyperxray.an/.activity.MainActivity}}} m=TO_FRONT f=NONE p=WCT{RemoteToken{59a681a DefaultTaskDisplayArea@131802490}} leash=Surface(name=Task=772#18075)/@0x1333b56 sb=Rect(0, 0 - 1200, 2670) eb=Rect(0, 0 - 1200, 2670) epz=Point(1200, 2670) d=0 taskParent=-1 v=trueMiuiChangeImpl {miuiEmbedding:false, scale:1.0}} isRecent=false startWindowMode=1 endWindowMode=1 statusState=-1 isRotationAnimation=false
11-27 20:23:54.108 D/BarFollowAnimation( 3688): startStatusBarAnimation task=Task{968a7d7 #772 type=standard I=com.hyperxray.an/.activity.MainActivity}
11-27 20:23:54.108 D/BarFollowAnimation( 3688): bindAssociatedTask task=Task{968a7d7 #772 type=standard I=com.hyperxray.an/.activity.MainActivity}
11-27 20:23:54.108 D/BarFollowAnimation( 3688): bindAssociatedTask task=Task{968a7d7 #772 type=standard I=com.hyperxray.an/.activity.MainActivity}
11-27 20:23:54.111 D/BarFollowAnimation( 3688): pairAppearanceRegionAndWin win=Window{803559d u0 com.hyperxray.an/com.hyperxray.an.activity.MainActivity} 0
11-27 20:23:54.112 D/BarFollowAnimation( 3688): isAppTaskBarOnTop win:Window{13f7236 u0 NotificationShade} (mCurrentTopTask:Task{968a7d7 #772 type=standard I=com.hyperxray.an/.activity.MainActivity} : true); (mAssociatedTask:Task{968a7d7 #772 type=standard I=com.hyperxray.an/.activity.MainActivity} : true); (mHomeTask:Task{c7eba92 #1 type=home} : false); mReparentToOriginParent:false mLastAppBarVisible:true mLastHomeBarVisible:false
11-27 20:23:54.112 I/WindowManager( 3688): Allow fixed rotation for not collecting:ActivityRecord{38535537 u0 com.hyperxray.an/.activity.MainActivity t772}
11-27 20:23:54.112 D/ActivityTaskManager( 3688):  setSkipCaptureLayers tr: Task{968a7d7 #772 type=standard I=com.hyperxray.an/.activity.MainActivity}
11-27 20:23:54.112 D/ActivityTaskManager( 3688):  setSkipCaptureLayers tr: Task{968a7d7 #772 type=standard I=com.hyperxray.an/.activity.MainActivity}
11-27 20:23:54.113 D/RecentsImpl( 5385): mActivityStateObserver com.hyperxray.an.activity.MainActivity
11-27 20:23:54.113 W/RecentsImpl( 5385): updateGestureWindowVisibleImpl, className=com.hyperxray.an.activity.MainActivity
11-27 20:23:54.113 D/BarFollowAnimation( 3688): pairAppearanceRegionAndWin win=Window{803559d u0 com.hyperxray.an/com.hyperxray.an.activity.MainActivity} 0
11-27 20:23:54.113 D/BarFollowAnimation( 3688): isAppTaskBarOnTop win:Window{13f7236 u0 NotificationShade} (mCurrentTopTask:Task{968a7d7 #772 type=standard I=com.hyperxray.an/.activity.MainActivity} : true); (mAssociatedTask:Task{968a7d7 #772 type=standard I=com.hyperxray.an/.activity.MainActivity} : true); (mHomeTask:Task{c7eba92 #1 type=home} : false); mReparentToOriginParent:false mLastAppBarVisible:true mLastHomeBarVisible:false
11-27 20:23:54.115 D/BarFollowAnimation( 3688): pairAppearanceRegionAndWin win=Window{803559d u0 com.hyperxray.an/com.hyperxray.an.activity.MainActivity} 0
11-27 20:23:54.115 D/BarFollowAnimation( 3688): isAppTaskBarOnTop win:Window{13f7236 u0 NotificationShade} (mCurrentTopTask:Task{968a7d7 #772 type=standard I=com.hyperxray.an/.activity.MainActivity} : true); (mAssociatedTask:Task{968a7d7 #772 type=standard I=com.hyperxray.an/.activity.MainActivity} : true); (mHomeTask:Task{c7eba92 #1 type=home} : false); mReparentToOriginParent:false mLastAppBarVisible:true mLastHomeBarVisible:false
11-27 20:23:54.115 I/WindowManager( 3688): Allow fixed rotation for not collecting:ActivityRecord{38535537 u0 com.hyperxray.an/.activity.MainActivity t772}
11-27 20:23:54.115 D/CoreBackPreview( 3688): Window{803559d u0 com.hyperxray.an/com.hyperxray.an.activity.MainActivity}: Setting back callback OnBackInvokedCallbackInfo{mCallback=android.window.IOnBackInvokedCallback$Stub$Proxy@e669652, mPriority=0, mIsAnimationCallback=true, mOverrideBehavior=0}
11-27 20:23:54.116 D/BarFollowAnimation( 3688): isAppTaskBarOnTop win:Window{13f7236 u0 NotificationShade} (mCurrentTopTask:Task{968a7d7 #772 type=standard I=com.hyperxray.an/.activity.MainActivity} : true); (mAssociatedTask:Task{968a7d7 #772 type=standard I=com.hyperxray.an/.activity.MainActivity} : true); (mHomeTask:Task{c7eba92 #1 type=home} : false); mReparentToOriginParent:false mLastAppBarVisible:true mLastHomeBarVisible:false
11-27 20:23:54.116 D/BarFollowAnimation( 3688): pairAppearanceRegionAndWin win=Window{803559d u0 com.hyperxray.an/com.hyperxray.an.activity.MainActivity} 0
11-27 20:23:54.116 D/BarFollowAnimation( 3688): isAppTaskBarOnTop win:Window{13f7236 u0 NotificationShade} (mCurrentTopTask:Task{968a7d7 #772 type=standard I=com.hyperxray.an/.activity.MainActivity} : true); (mAssociatedTask:Task{968a7d7 #772 type=standard I=com.hyperxray.an/.activity.MainActivity} : true); (mHomeTask:Task{c7eba92 #1 type=home} : false); mReparentToOriginParent:false mLastAppBarVisible:true mLastHomeBarVisible:false
11-27 20:23:54.129 D/BarFollowAnimation( 3688): pairAppearanceRegionAndWin win=Window{803559d u0 com.hyperxray.an/com.hyperxray.an.activity.MainActivity} 0
11-27 20:23:54.129 D/BarFollowAnimation( 3688): isAppTaskBarOnTop win:Window{13f7236 u0 NotificationShade} (mCurrentTopTask:Task{968a7d7 #772 type=standard I=com.hyperxray.an/.activity.MainActivity} : true); (mAssociatedTask:Task{968a7d7 #772 type=standard I=com.hyperxray.an/.activity.MainActivity} : true); (mHomeTask:Task{c7eba92 #1 type=home} : false); mReparentToOriginParent:false mLastAppBarVisible:true mLastHomeBarVisible:false
11-27 20:23:54.132 D/MiuiDecorationController( 6013): relayout::taskId=772, visible=true, bounds=Rect(0, 0 - 1200, 2670), focused=true, oldImmersive=false, newImmersive=false, windowMode=1, activityType=1, displayId=0, baseActivity=ComponentInfo{com.hyperxray.an/com.hyperxray.an.activity.MainActivity}, topActivity=ComponentInfo{com.hyperxray.an/com.hyperxray.an.activity.MainActivity}, callers=com.android.wm.shell.multitasking.miuimultiwinswitch.miuiwindowdecor.decoration.MiuiDecorationController.relayout:4 com.android.wm.shell.multitasking.miuimultiwinswitch.miuiwindowdecor.decoration.MiuiDecorationController.updateNeedShowAndRelayout:38 com.android.wm.shell.multitasking.miuimultiwinswitch.miuiwindowdecor.MulWinSwitchDecorViewModel.lambda$disable$4:3 com.android.wm.shell.multitasking.miuimultiwinswitch.miuiwindowdecor.MulWinSwitchDecorViewModel.$r8$lambda$lfZznhn5bTM5EA7GvCf8XHKgFAY:1 com.android.wm.shell.multitasking.miuimultiwinswitch.miuiwindowdecor.MulWinSwitchDecorViewModel$$ExternalSyntheticLambda6.accept:12 
11-27 20:23:54.133 D/ActivityTaskManager( 3688):  setSkipCaptureLayers tr: Task{968a7d7 #772 type=standard I=com.hyperxray.an/.activity.MainActivity}
11-27 20:23:54.136 W/RecentsImpl( 5385): getTopActivity from observer.   cn=ComponentInfo{com.hyperxray.an/com.hyperxray.an.activity.MainActivity}
11-27 20:23:54.136 W/RecentsImpl( 5385): adaptToTopActivity   cn=ComponentInfo{com.hyperxray.an/com.hyperxray.an.activity.MainActivity}
11-27 20:23:54.136 W/RecentsImpl( 5385): updateGestureWindowVisibleImpl, className=com.hyperxray.an.activity.MainActivity
11-27 20:23:54.138 E/ActivityManagerWrapper( 5385):  mainTaskId=772   userId=0   windowMode=1   isExcludedFromRecents=false   baseIntent=Intent { act=android.intent.action.MAIN flag=270532608 cmp=ComponentInfo{com.hyperxray.an/com.hyperxray.an.activity.MainActivity} }
11-27 20:23:54.139 D/RecentsTaskLoader( 5385): reloadTasksData [TaskKey{id=772, stackId=0, baseIntent=Intent { act=android.intent.action.MAIN cat=[android.intent.category.LAUNCHER] flg=0x10200000 cmp=com.hyperxray.an/.activity.MainActivity }, userId=0, lastActiveTime=41463549, windowingMode=1, isThumbnailBlur=false, isAccessLocked=false, isScreening=false, topActivity=ComponentInfo{com.hyperxray.an/com.hyperxray.an.activity.MainActivity}, mHashCode=23922204}, title=HyperXray, titleDescription=HyperXray, bounds=null, isLaunchTarget=false, isStackTask=true, isSystemApp=false, isDockable=true, baseActivity=ComponentInfo{com.hyperxray.an/com.hyperxray.an.activity.MainActivity}, isLocked=false, mNeedHide=false, hasMultipleTasks=false, cti1Key=, cti2Key=] 
11-27 20:23:54.139 D/RecentsImpl( 5385): onSysUIFlagsChangedchangedFlags=80000040, mLastResumedClassName=com.hyperxray.an.activity.MainActivity, mForegroundPackageName=com.hyperxray.an
11-27 20:23:54.139 W/RecentsImpl( 5385): updateGestureWindowVisibleImpl, className=com.hyperxray.an.activity.MainActivity
11-27 20:23:54.146 D/BarFollowAnimation( 3688): pairAppearanceRegionAndWin win=Window{803559d u0 com.hyperxray.an/com.hyperxray.an.activity.MainActivity} 0
11-27 20:23:54.146 D/BarFollowAnimation( 3688): isAppTaskBarOnTop win:Window{13f7236 u0 NotificationShade} (mCurrentTopTask:Task{968a7d7 #772 type=standard I=com.hyperxray.an/.activity.MainActivity} : true); (mAssociatedTask:Task{968a7d7 #772 type=standard I=com.hyperxray.an/.activity.MainActivity} : true); (mHomeTask:Task{c7eba92 #1 type=home} : false); mReparentToOriginParent:false mLastAppBarVisible:true mLastHomeBarVisible:false
11-27 20:23:54.148 D/WindowManager( 3688): wms.finishDrawingLocked: mDrawState=COMMIT_DRAW_PENDING Window{803559d u0 com.hyperxray.an/com.hyperxray.an.activity.MainActivity} in Surface(name=com.hyperxray.an/com.hyperxray.an.activity.MainActivity#18236)/@0x93cbeb4
11-27 20:23:54.149 D/BarFollowAnimation( 3688): pairAppearanceRegionAndWin win=Window{803559d u0 com.hyperxray.an/com.hyperxray.an.activity.MainActivity} 0
11-27 20:23:54.149 D/BarFollowAnimation( 3688): isAppTaskBarOnTop win:Window{13f7236 u0 NotificationShade} (mCurrentTopTask:Task{968a7d7 #772 type=standard I=com.hyperxray.an/.activity.MainActivity} : true); (mAssociatedTask:Task{968a7d7 #772 type=standard I=com.hyperxray.an/.activity.MainActivity} : true); (mHomeTask:Task{c7eba92 #1 type=home} : false); mReparentToOriginParent:false mLastAppBarVisible:true mLastHomeBarVisible:false
11-27 20:23:54.150 D/WindowManager( 3688): wms.commitFinishDrawingLocked: mDrawState=READY_TO_SHOW Window{803559d u0 com.hyperxray.an/com.hyperxray.an.activity.MainActivity} in Surface(name=com.hyperxray.an/com.hyperxray.an.activity.MainActivity#18236)/@0x93cbeb4
11-27 20:23:54.150 I/WindowManager( 3688): onFirstWindowDrawn, try to remove startingWindow. ar: ActivityRecord{38535537 u0 com.hyperxray.an/.activity.MainActivity t772}  associatedTask: null  isMainWindow: true  startingWindow: Window{c31881c u0 SnapshotStartingWindow for taskId=772}  startingData: SnapshotStartingData{ba825bb removeAfterTransaction= 0}
11-27 20:23:54.151 W/TaskSnapshot_CInjector( 3688): doSnapshotQS()...ago! activity=com.hyperxray.an/.activity.MainActivity, state=RESUMED, lastVisibleTime=36898292
11-27 20:23:54.151 D/BarFollowAnimation( 3688): pairAppearanceRegionAndWin win=Window{803559d u0 com.hyperxray.an/com.hyperxray.an.activity.MainActivity} 0
11-27 20:23:54.152 D/BarFollowAnimation( 3688): isAppTaskBarOnTop win:Window{13f7236 u0 NotificationShade} (mCurrentTopTask:Task{968a7d7 #772 type=standard I=com.hyperxray.an/.activity.MainActivity} : true); (mAssociatedTask:Task{968a7d7 #772 type=standard I=com.hyperxray.an/.activity.MainActivity} : true); (mHomeTask:Task{c7eba92 #1 type=home} : false); mReparentToOriginParent:false mLastAppBarVisible:true mLastHomeBarVisible:false
11-27 20:23:54.152 D/BarFollowAnimation( 3688): pairAppearanceRegionAndWin win=Window{803559d u0 com.hyperxray.an/com.hyperxray.an.activity.MainActivity} 0
11-27 20:23:54.152 D/BarFollowAnimation( 3688): isAppTaskBarOnTop win:Window{13f7236 u0 NotificationShade} (mCurrentTopTask:Task{968a7d7 #772 type=standard I=com.hyperxray.an/.activity.MainActivity} : true); (mAssociatedTask:Task{968a7d7 #772 type=standard I=com.hyperxray.an/.activity.MainActivity} : true); (mHomeTask:Task{c7eba92 #1 type=home} : false); mReparentToOriginParent:false mLastAppBarVisible:true mLastHomeBarVisible:false
11-27 20:23:54.152 D/BarFollowAnimation( 3688): isAppTaskBarOnTop win:Window{803559d u0 com.hyperxray.an/com.hyperxray.an.activity.MainActivity} (mCurrentTopTask:Task{968a7d7 #772 type=standard I=com.hyperxray.an/.activity.MainActivity} : true); (mAssociatedTask:Task{968a7d7 #772 type=standard I=com.hyperxray.an/.activity.MainActivity} : true); (mHomeTask:Task{c7eba92 #1 type=home} : false); mReparentToOriginParent:false mLastAppBarVisible:true mLastHomeBarVisible:false
11-27 20:23:54.153 D/WindowManager( 3688): updateSystemBarAttributes displayId: 16777216 Window{803559d u0 com.hyperxray.an/com.hyperxray.an.activity.MainActivity} winAppearance=
11-27 20:23:54.153 D/WindowManager( 3688): wms.Input focus has changed to Window{803559d u0 com.hyperxray.an/com.hyperxray.an.activity.MainActivity} display=0 updateInputWindows = true
11-27 20:23:54.153 D/WmSystemUiDebug( 3688): on system bar attributes changed displayId=16777216 appearance= appearanceRegions=[AppearanceRegion{ bounds=[0,0][1200,2670]}] navbarColorManagedByIme=false behavior=1 requestedVisibleTypes=[statusBars navigationBars captionBar systemGestures mandatorySystemGestures tappableElement displayCutout windowDecor systemOverlays] packageName=com.hyperxray.an letterboxDetails=[]
11-27 20:23:54.153 I/WindowManager( 3688): Allow fixed rotation for not collecting:ActivityRecord{38535537 u0 com.hyperxray.an/.activity.MainActivity t772}
11-27 20:23:54.154 I/WindowManager( 3688): wms.showSurfaceRobustly mWin:Window{803559d u0 com.hyperxray.an/com.hyperxray.an.activity.MainActivity} in Surface(name=com.hyperxray.an/com.hyperxray.an.activity.MainActivity#18236)/@0x93cbeb4
11-27 20:23:54.155 D/BarFollowAnimation( 3688): pairAppearanceRegionAndWin win=Window{803559d u0 com.hyperxray.an/com.hyperxray.an.activity.MainActivity} 0
