11-27 20:22:00.777 W/PackageConfigPersister( 3688): App-specific configuration not found for packageName: com.hyperxray.an and userId: 0
11-27 20:22:00.778 D/BarFollowAnimation( 3688): pairAppearanceRegionAndWin win=Window{98c80a3 u0 com.hyperxray.an/com.hyperxray.an.activity.MainActivity} 0
11-27 20:22:00.778 D/BarFollowAnimation( 3688): isAppTaskBarOnTop win:Window{98c80a3 u0 com.hyperxray.an/com.hyperxray.an.activity.MainActivity} (mCurrentTopTask:Task{968a7d7 #772 type=standard I=com.hyperxray.an/.activity.MainActivity} : true); (mAssociatedTask:Task{968a7d7 #772 type=standard I=com.hyperxray.an/.activity.MainActivity} : true); (mHomeTask:Task{c7eba92 #1 type=home} : false); mReparentToOriginParent:false mLastAppBarVisible:true mLastHomeBarVisible:false
11-27 20:22:00.971 D/BarFollowAnimation( 3688): pairAppearanceRegionAndWin win=Window{98c80a3 u0 com.hyperxray.an/com.hyperxray.an.activity.MainActivity} 0
11-27 20:22:00.971 D/BarFollowAnimation( 3688): isAppTaskBarOnTop win:Window{98c80a3 u0 com.hyperxray.an/com.hyperxray.an.activity.MainActivity} (mCurrentTopTask:Task{968a7d7 #772 type=standard I=com.hyperxray.an/.activity.MainActivity} : true); (mAssociatedTask:Task{968a7d7 #772 type=standard I=com.hyperxray.an/.activity.MainActivity} : true); (mHomeTask:Task{c7eba92 #1 type=home} : false); mReparentToOriginParent:false mLastAppBarVisible:true mLastHomeBarVisible:false
11-27 20:22:00.979 D/BarFollowAnimation( 3688): pairAppearanceRegionAndWin win=Window{98c80a3 u0 com.hyperxray.an/com.hyperxray.an.activity.MainActivity} 0
11-27 20:22:00.979 D/BarFollowAnimation( 3688): isAppTaskBarOnTop win:Window{98c80a3 u0 com.hyperxray.an/com.hyperxray.an.activity.MainActivity} (mCurrentTopTask:Task{968a7d7 #772 type=standard I=com.hyperxray.an/.activity.MainActivity} : true); (mAssociatedTask:Task{968a7d7 #772 type=standard I=com.hyperxray.an/.activity.MainActivity} : true); (mHomeTask:Task{c7eba92 #1 type=home} : false); mReparentToOriginParent:false mLastAppBarVisible:true mLastHomeBarVisible:false
11-27 20:22:01.476 I/MIUIInput( 3688): [MotionEvent] publisher action=0x0, deviceId=8, 36942571, channel '98c80a3 com.hyperxray.an/com.hyperxray.an.activity.MainActivity'
11-27 20:22:01.476 I/MIUIInput(11740): [MotionEvent] ViewRootImpl windowName 'com.hyperxray.an/com.hyperxray.an.activity.MainActivity', { action=ACTION_DOWN, id[0]=0, pointerCount=1, eventTime=36942571, downTime=36942571, phoneEventTime=20:22:01.475 } moveCount:0
11-27 20:22:01.513 D/ScrollScenario( 3688): ScrollState: scroll start on com.hyperxray.an
11-27 20:22:01.840 I/MIUIInput( 3688): [MotionEvent] publisher action=0x1, deviceId=8, 36942935, channel '98c80a3 com.hyperxray.an/com.hyperxray.an.activity.MainActivity'
11-27 20:22:01.841 I/MIUIInput(11740): [MotionEvent] ViewRootImpl windowName 'com.hyperxray.an/com.hyperxray.an.activity.MainActivity', { action=ACTION_UP, id[0]=0, pointerCount=1, eventTime=36942935, downTime=36942571, phoneEventTime=20:22:01.838 } moveCount:40
11-27 20:22:01.841 D/ScrollScenario( 3688): ScrollState: scroll end on com.hyperxray.an
11-27 20:22:01.841 D/ScrollScenario( 3688): ScrollState: fling start on com.hyperxray.an
11-27 20:22:01.842 I/DPSImpl ( 3688): boost for touch up, package:com.hyperxray.an
11-27 20:22:02.237 D/HyperXray-JNI(19222): getTunnelStats called
11-27 20:22:02.240 D/BroadcastQueue( 3688): Logging broadcast for com.hyperxray.an, stopped=false, firstLaunch=false
11-27 20:22:02.382 D/ScrollScenario( 3688): ScrollState: fling end on com.hyperxray.an
11-27 20:22:02.382 D/ScrollScenario( 3688): ScrollState: scroll start on com.hyperxray.an
11-27 20:22:02.391 D/CoreBackPreview( 3688): startBackNavigation currentTask=Task{968a7d7 #772 type=standard I=com.hyperxray.an/.activity.MainActivity}, topRunningActivity=ActivityRecord{38535537 u0 com.hyperxray.an/.activity.MainActivity t772}, callbackInfo=OnBackInvokedCallbackInfo{mCallback=android.window.IOnBackInvokedCallback$Stub$Proxy@a12a3f6, mPriority=0, mIsAnimationCallback=true, mOverrideBehavior=0}, currentFocus=Window{98c80a3 u0 com.hyperxray.an/com.hyperxray.an.activity.MainActivity}
11-27 20:22:02.392 W/AppCompatLetterboxPolicy( 3688): start not layout letterbox Window{98c80a3 u0 com.hyperxray.an/com.hyperxray.an.activity.MainActivity}
11-27 20:22:02.392 D/BarFollowAnimation( 3688): pairAppearanceRegionAndWin win=Window{98c80a3 u0 com.hyperxray.an/com.hyperxray.an.activity.MainActivity} 0
11-27 20:22:02.393 D/BarFollowAnimation( 3688): isAppTaskBarOnTop win:Window{98c80a3 u0 com.hyperxray.an/com.hyperxray.an.activity.MainActivity} (mCurrentTopTask:Task{968a7d7 #772 type=standard I=com.hyperxray.an/.activity.MainActivity} : true); (mAssociatedTask:Task{968a7d7 #772 type=standard I=com.hyperxray.an/.activity.MainActivity} : true); (mHomeTask:Task{c7eba92 #1 type=home} : false); mReparentToOriginParent:false mLastAppBarVisible:true mLastHomeBarVisible:false
11-27 20:22:02.395 W/AppCompatLetterboxPolicy( 3688): start not layout letterbox Window{98c80a3 u0 com.hyperxray.an/com.hyperxray.an.activity.MainActivity}
11-27 20:22:02.396 D/BarFollowAnimation( 3688): pairAppearanceRegionAndWin win=Window{98c80a3 u0 com.hyperxray.an/com.hyperxray.an.activity.MainActivity} 0
11-27 20:22:02.396 D/BarFollowAnimation( 3688): isAppTaskBarOnTop win:Window{98c80a3 u0 com.hyperxray.an/com.hyperxray.an.activity.MainActivity} (mCurrentTopTask:Task{968a7d7 #772 type=standard I=com.hyperxray.an/.activity.MainActivity} : true); (mAssociatedTask:Task{968a7d7 #772 type=standard I=com.hyperxray.an/.activity.MainActivity} : true); (mHomeTask:Task{c7eba92 #1 type=home} : false); mReparentToOriginParent:false mLastAppBarVisible:true mLastHomeBarVisible:false
11-27 20:22:02.509 I/DPSImpl ( 3688): boost for touch up failed because of timediff < 1, package:com.hyperxray.an
11-27 20:22:02.510 D/ScrollScenario( 3688): ScrollState: scroll end on com.hyperxray.an
11-27 20:22:02.510 D/ScrollScenario( 3688): ScrollState: fling start on com.hyperxray.an
11-27 20:22:02.628 W/AppCompatLetterboxPolicy( 3688): start not layout letterbox Window{98c80a3 u0 com.hyperxray.an/com.hyperxray.an.activity.MainActivity}
11-27 20:22:02.629 D/BarFollowAnimation( 3688): pairAppearanceRegionAndWin win=Window{98c80a3 u0 com.hyperxray.an/com.hyperxray.an.activity.MainActivity} 0
11-27 20:22:02.629 D/BarFollowAnimation( 3688): isAppTaskBarOnTop win:Window{98c80a3 u0 com.hyperxray.an/com.hyperxray.an.activity.MainActivity} (mCurrentTopTask:Task{968a7d7 #772 type=standard I=com.hyperxray.an/.activity.MainActivity} : true); (mAssociatedTask:Task{968a7d7 #772 type=standard I=com.hyperxray.an/.activity.MainActivity} : true); (mHomeTask:Task{c7eba92 #1 type=home} : false); mReparentToOriginParent:false mLastAppBarVisible:true mLastHomeBarVisible:false
11-27 20:22:02.631 W/AppCompatLetterboxPolicy( 3688): start not layout letterbox Window{98c80a3 u0 com.hyperxray.an/com.hyperxray.an.activity.MainActivity}
11-27 20:22:02.631 D/BarFollowAnimation( 3688): pairAppearanceRegionAndWin win=Window{98c80a3 u0 com.hyperxray.an/com.hyperxray.an.activity.MainActivity} 0
11-27 20:22:02.632 D/BarFollowAnimation( 3688): isAppTaskBarOnTop win:Window{98c80a3 u0 com.hyperxray.an/com.hyperxray.an.activity.MainActivity} (mCurrentTopTask:Task{968a7d7 #772 type=standard I=com.hyperxray.an/.activity.MainActivity} : true); (mAssociatedTask:Task{968a7d7 #772 type=standard I=com.hyperxray.an/.activity.MainActivity} : true); (mHomeTask:Task{c7eba92 #1 type=home} : false); mReparentToOriginParent:false mLastAppBarVisible:true mLastHomeBarVisible:false
11-27 20:22:03.153 D/CoreBackPreview( 3688): Window{98c80a3 u0 com.hyperxray.an/com.hyperxray.an.activity.MainActivity}: Setting back callback null
11-27 20:22:03.170 D/BarFollowAnimation( 3688): isAppTaskBarOnTop win:Window{803559d u0 com.hyperxray.an/com.hyperxray.an.activity.MainActivity} (mCurrentTopTask:Task{968a7d7 #772 type=standard I=com.hyperxray.an/.activity.MainActivity} : true); (mAssociatedTask:Task{968a7d7 #772 type=standard I=com.hyperxray.an/.activity.MainActivity} : true); (mHomeTask:Task{c7eba92 #1 type=home} : false); mReparentToOriginParent:false mLastAppBarVisible:true mLastHomeBarVisible:false
11-27 20:22:03.171 D/WindowManager( 3688): wms.Input focus has changed to Window{803559d u0 com.hyperxray.an/com.hyperxray.an.activity.MainActivity} display=0 updateInputWindows = false
11-27 20:22:03.171 W/AppCompatLetterboxPolicy( 3688): start not layout letterbox Window{98c80a3 u0 com.hyperxray.an/com.hyperxray.an.activity.MainActivity EXITING}
11-27 20:22:03.171 D/BarFollowAnimation( 3688): pairAppearanceRegionAndWin win=Window{98c80a3 u0 com.hyperxray.an/com.hyperxray.an.activity.MainActivity EXITING} 0
11-27 20:22:03.171 D/BarFollowAnimation( 3688): isAppTaskBarOnTop win:Window{803559d u0 com.hyperxray.an/com.hyperxray.an.activity.MainActivity} (mCurrentTopTask:Task{968a7d7 #772 type=standard I=com.hyperxray.an/.activity.MainActivity} : true); (mAssociatedTask:Task{968a7d7 #772 type=standard I=com.hyperxray.an/.activity.MainActivity} : true); (mHomeTask:Task{c7eba92 #1 type=home} : false); mReparentToOriginParent:false mLastAppBarVisible:true mLastHomeBarVisible:false
11-27 20:22:03.172 D/BarFollowAnimation( 3688): pairAppearanceRegionAndWin win=Window{98c80a3 u0 com.hyperxray.an/com.hyperxray.an.activity.MainActivity EXITING} 0
11-27 20:22:03.172 D/BarFollowAnimation( 3688): isAppTaskBarOnTop win:Window{803559d u0 com.hyperxray.an/com.hyperxray.an.activity.MainActivity} (mCurrentTopTask:Task{968a7d7 #772 type=standard I=com.hyperxray.an/.activity.MainActivity} : true); (mAssociatedTask:Task{968a7d7 #772 type=standard I=com.hyperxray.an/.activity.MainActivity} : true); (mHomeTask:Task{c7eba92 #1 type=home} : false); mReparentToOriginParent:false mLastAppBarVisible:true mLastHomeBarVisible:false
11-27 20:22:03.188 I/ImeTracker( 3688): com.hyperxray.an:5ef170ac: onRequestHide at ORIGIN_SERVER reason HIDE_UNSPECIFIED_WINDOW fromUser false
11-27 20:22:03.189 I/ImeTracker(11740): com.hyperxray.an:5ef170ac: onCancelled at PHASE_CLIENT_ALREADY_HIDDEN
11-27 20:22:03.191 I/GoogleInputMethodService(10886): GoogleInputMethodService.onStartInput():1347 onStartInput(EditorInfo{EditorInfo{packageName=com.hyperxray.an, inputType=0, inputTypeString=NULL, enableLearning=false, autoCorrection=false, autoComplete=false, imeOptions=0, privateImeOptions=null, actionName=UNSPECIFIED, actionLabel=null, initialSelStart=-1, initialSelEnd=-1, initialCapsMode=0, label=null, fieldId=0, fieldName=null, extras=Bundle[mParcelledData.dataSize=72], hintText=null, hintLocales=[]}}, false)
11-27 20:22:03.191 D/BarFollowAnimation( 3688): pairAppearanceRegionAndWin win=Window{98c80a3 u0 com.hyperxray.an/com.hyperxray.an.activity.MainActivity EXITING} 0
11-27 20:22:03.192 D/BarFollowAnimation( 3688): isAppTaskBarOnTop win:Window{803559d u0 com.hyperxray.an/com.hyperxray.an.activity.MainActivity} (mCurrentTopTask:Task{968a7d7 #772 type=standard I=com.hyperxray.an/.activity.MainActivity} : true); (mAssociatedTask:Task{968a7d7 #772 type=standard I=com.hyperxray.an/.activity.MainActivity} : true); (mHomeTask:Task{c7eba92 #1 type=home} : false); mReparentToOriginParent:false mLastAppBarVisible:true mLastHomeBarVisible:false
11-27 20:22:03.192 W/PackageConfigPersister( 3688): App-specific configuration not found for packageName: com.hyperxray.an and userId: 0
11-27 20:22:03.325 I/WindowManager( 3688): wms.hideSurface mWin:Window{98c80a3 u0 com.hyperxray.an/com.hyperxray.an.activity.MainActivity EXITING} reason:(onExitAnimationDone) in Surface(name=com.hyperxray.an/com.hyperxray.an.activity.MainActivity#18201)/@0xcbd0982
11-27 20:22:03.327 D/BarFollowAnimation( 3688): pairAppearanceRegionAndWin win=Window{803559d u0 com.hyperxray.an/com.hyperxray.an.activity.MainActivity} 0
11-27 20:22:03.327 D/BarFollowAnimation( 3688): isAppTaskBarOnTop win:Window{803559d u0 com.hyperxray.an/com.hyperxray.an.activity.MainActivity} (mCurrentTopTask:Task{968a7d7 #772 type=standard I=com.hyperxray.an/.activity.MainActivity} : true); (mAssociatedTask:Task{968a7d7 #772 type=standard I=com.hyperxray.an/.activity.MainActivity} : true); (mHomeTask:Task{c7eba92 #1 type=home} : false); mReparentToOriginParent:false mLastAppBarVisible:true mLastHomeBarVisible:false
11-27 20:22:03.334 D/BarFollowAnimation( 3688): pairAppearanceRegionAndWin win=Window{803559d u0 com.hyperxray.an/com.hyperxray.an.activity.MainActivity} 0
11-27 20:22:03.334 D/BarFollowAnimation( 3688): isAppTaskBarOnTop win:Window{803559d u0 com.hyperxray.an/com.hyperxray.an.activity.MainActivity} (mCurrentTopTask:Task{968a7d7 #772 type=standard I=com.hyperxray.an/.activity.MainActivity} : true); (mAssociatedTask:Task{968a7d7 #772 type=standard I=com.hyperxray.an/.activity.MainActivity} : true); (mHomeTask:Task{c7eba92 #1 type=home} : false); mReparentToOriginParent:false mLastAppBarVisible:true mLastHomeBarVisible:false
11-27 20:22:04.682 D/BarFollowAnimation( 3688): pairAppearanceRegionAndWin win=Window{803559d u0 com.hyperxray.an/com.hyperxray.an.activity.MainActivity} 0
11-27 20:22:04.682 D/BarFollowAnimation( 3688): isAppTaskBarOnTop win:Window{803559d u0 com.hyperxray.an/com.hyperxray.an.activity.MainActivity} (mCurrentTopTask:Task{968a7d7 #772 type=standard I=com.hyperxray.an/.activity.MainActivity} : true); (mAssociatedTask:Task{968a7d7 #772 type=standard I=com.hyperxray.an/.activity.MainActivity} : true); (mHomeTask:Task{c7eba92 #1 type=home} : false); mReparentToOriginParent:false mLastAppBarVisible:true mLastHomeBarVisible:false
11-27 20:22:05.512 D/ScrollScenario( 3688): ScrollState: fling end on com.hyperxray.an
11-27 20:22:07.244 D/HyperXray-JNI(19222): getTunnelStats called
11-27 20:22:07.247 D/BroadcastQueue( 3688): Logging broadcast for com.hyperxray.an, stopped=false, firstLaunch=false
11-27 20:22:10.644 D/HyperVpnService(19222): Heartbeat - VPN running for 88s
11-27 20:22:10.647 D/BroadcastQueue( 3688): Logging broadcast for com.hyperxray.an, stopped=false, firstLaunch=false
11-27 20:22:10.648 D/BroadcastQueue( 3688): Logging broadcast for com.hyperxray.an, stopped=false, firstLaunch=false
11-27 20:22:10.648 W/Bundle  (11740): 	at com.hyperxray.an.core.service.ServiceEventObserver$logUpdateReceiver$1.onReceive(ServiceEventObserver.kt:108)
11-27 20:22:12.250 D/HyperXray-JNI(19222): getTunnelStats called
11-27 20:22:12.253 D/BroadcastQueue( 3688): Logging broadcast for com.hyperxray.an, stopped=false, firstLaunch=false
11-27 20:22:17.256 D/HyperXray-JNI(19222): getTunnelStats called
11-27 20:22:17.258 D/BroadcastQueue( 3688): Logging broadcast for com.hyperxray.an, stopped=false, firstLaunch=false
11-27 20:22:22.107 E/WindowManager( 3688):  source = Task{968a7d7 #772 type=standard I=com.hyperxray.an/.activity.MainActivity} excludeMiuiNavBar = true excludeMiuiStatusBar = true excludeIme = false excludeNavBar = true miuiNavSurfaceControl = Surface(name=NavigationBar Container of Task = 772#18076)/@0xbfd28c4 miuiStatusSurfaceControl = Surface(name=StatusBar Container of Task = 772#18077)/@0x8ce43ad
11-27 20:22:22.108 I/SurfaceFlinger( 2003): SF-MICapture: mode:0, layerName:com.hyperxray.an/com.hyperxray.an.activity.MainActivity#18194
11-27 20:22:22.117 D/WindowManager( 3688): snapshot isNothing = false source = Task{968a7d7 #772 type=standard I=com.hyperxray.an/.activity.MainActivity}
11-27 20:22:22.120 I/ImeTracker(11740): com.hyperxray.an:1c972d08: onRequestHide at ORIGIN_CLIENT reason HIDE_SOFT_INPUT_BY_INSETS_API fromUser false
11-27 20:22:22.120 I/ImeTracker(11740): com.hyperxray.an:1c972d08: onCancelled at PHASE_CLIENT_ALREADY_HIDDEN
11-27 20:22:22.121 D/WindowManager( 3688): Collecting in transition 798: ActivityRecord{38535537 u0 com.hyperxray.an/.activity.MainActivity t772} init visibleRequested:true
11-27 20:22:22.122 D/WindowManager( 3688):    ChangeInfo{9493411 container=ActivityRecord{38535537 u0 com.hyperxray.an/.activity.MainActivity t772} flags=0x0}
11-27 20:22:22.122 D/WindowManager( 3688):    ChangeInfo{f6ab77 container=Task{968a7d7 #772 type=standard I=com.hyperxray.an/.activity.MainActivity} flags=0x0}
11-27 20:22:22.122 D/BarFollowAnimation( 3688): pairAppearanceRegionAndWin win=Window{803559d u0 com.hyperxray.an/com.hyperxray.an.activity.MainActivity} 0
11-27 20:22:22.122 D/BarFollowAnimation( 3688): isAppTaskBarOnTop win:Window{803559d u0 com.hyperxray.an/com.hyperxray.an.activity.MainActivity} (mCurrentTopTask:Task{968a7d7 #772 type=standard I=com.hyperxray.an/.activity.MainActivity} : true); (mAssociatedTask:Task{968a7d7 #772 type=standard I=com.hyperxray.an/.activity.MainActivity} : true); (mHomeTask:Task{c7eba92 #1 type=home} : false); mReparentToOriginParent:false mLastAppBarVisible:true mLastHomeBarVisible:false
11-27 20:22:22.123 D/WindowManager( 3688): Final targets: [ChangeInfo{f6ab77 container=Task{968a7d7 #772 type=standard I=com.hyperxray.an/.activity.MainActivity} flags=0x10}, ChangeInfo{82e8976 container=DefaultTaskDisplayArea@131802490 flags=0x10}]
11-27 20:22:22.123 D/WindowManager( 3688): Calling onTransitionReady info={id=798 t=TO_FRONT f=0x840 trk=0 r=[0@Point(0, 0)] c=[{WCT{RemoteToken{e2b1319 Task{968a7d7 #772 type=standard I=com.hyperxray.an/.activity.MainActivity}}} m=TO_BACK f=NONE p=WCT{RemoteToken{59a681a DefaultTaskDisplayArea@131802490}} leash=Surface(name=Task=772#18075)/@0x1333b56 sb=Rect(0, 0 - 1200, 2670) eb=Rect(0, 0 - 1200, 2670) epz=Point(1200, 2670) d=0 taskParent=-1 v=falseMiuiChangeImpl {miuiEmbedding:false, scale:1.0}},{WCT{RemoteToken{59a681a DefaultTaskDisplayArea@131802490}} m=TO_BACK f=FLAG_IS_TASK_DISPLAY_AREA leash=Surface(name=DefaultTaskDisplayArea#10)/@0x84f8cc9 sb=Rect(0, 0 - 1200, 2670) eb=Rect(0, 0 - 1200, 2670) epz=Point(1200, 2670) d=0 v=falseMiuiChangeImpl {miuiEmbedding:false, scale:1.0}}] mk=[false] noAni=[false] df=[false] rsa=[false] oa=[false] nc=[0] ho=[false] hla=[false] iSync=[-1]}, mToken=Token{471c702 TransitionRecord{76dcc38 id=798 type=TO_FRONT flags=0x840 c=[
11-27 20:22:22.123 D/WindowManager( 3688):    ChangeInfo{9493411 container=ActivityRecord{38535537 u0 com.hyperxray.an/.activity.MainActivity t772} flags=0x0}
11-27 20:22:22.123 D/WindowManager( 3688):    ChangeInfo{f6ab77 container=Task{968a7d7 #772 type=standard I=com.hyperxray.an/.activity.MainActivity} flags=0x10}
11-27 20:22:22.124 D/RecentsImpl( 5385): onSysUIFlagsChangedchangedFlags=40, mLastResumedClassName=com.hyperxray.an.activity.MainActivity, mForegroundPackageName=com.hyperxray.an
11-27 20:22:22.124 W/RecentsImpl( 5385): updateGestureWindowVisibleImpl, className=com.hyperxray.an.activity.MainActivity
11-27 20:22:22.124 E/WindowManager( 3688):  source = Task{968a7d7 #772 type=standard I=com.hyperxray.an/.activity.MainActivity} excludeMiuiNavBar = true excludeMiuiStatusBar = true excludeIme = false excludeNavBar = true miuiNavSurfaceControl = Surface(name=NavigationBar Container of Task = 772#18076)/@0xbfd28c4 miuiStatusSurfaceControl = Surface(name=StatusBar Container of Task = 772#18077)/@0x8ce43ad
11-27 20:22:22.124 I/SurfaceFlinger( 2003): SF-MICapture: mode:0, layerName:com.hyperxray.an/com.hyperxray.an.activity.MainActivity#18194
11-27 20:22:22.125 D/MiuiDecorationController( 6013): relayout::taskId=772, visible=true, bounds=Rect(0, 0 - 1200, 2670), focused=true, oldImmersive=false, newImmersive=false, windowMode=1, activityType=1, displayId=0, baseActivity=ComponentInfo{com.hyperxray.an/com.hyperxray.an.activity.MainActivity}, topActivity=ComponentInfo{com.hyperxray.an/com.hyperxray.an.activity.MainActivity}, callers=com.android.wm.shell.multitasking.miuimultiwinswitch.miuiwindowdecor.MulWinSwitchDecorViewModel.onTaskChanging:110 com.android.wm.shell.freeform.FreeformTaskTransitionObserver.onTransitionReady:187 com.android.wm.shell.transition.Transitions.dispatchReady:237 com.android.wm.shell.transition.Transitions.onTransitionReady:246 com.android.wm.shell.transition.Transitions$TransitionPlayerImpl$$ExternalSyntheticLambda1.run:42 
11-27 20:22:22.125 I/ANDR-PWR-OPT( 1796): GAMEPOWEROPT: sendEvents() 231: Start hint for app com.hyperxray.an/com.hyperxray.an.activity.MainActivity/38, hintID : 4100, hintID hex : 1004 value: -1
11-27 20:22:22.126 I/ANDR-PWR-OPT( 1796): PowerAppClassifier: getAppType() 59: checking app [com.hyperxray.an] is type 1
11-27 20:22:22.126 I/ANDR-PWR-OPT( 1796): GAMEPOWEROPT: isGame() 348: com.hyperxray.an is Game = 1
11-27 20:22:22.128 D/BarFollowAnimation( 3688): disableBarAnimation change={WCT{RemoteToken{e2b1319 Task{968a7d7 #772 type=standard I=com.hyperxray.an/.activity.MainActivity}}} m=TO_BACK f=NONE p=WCT{RemoteToken{59a681a DefaultTaskDisplayArea@131802490}} leash=Surface(name=Task=772#18075)/@0x1333b56 sb=Rect(0, 0 - 1200, 2670) eb=Rect(0, 0 - 1200, 2670) epz=Point(1200, 2670) d=0 taskParent=-1 v=falseMiuiChangeImpl {miuiEmbedding:false, scale:1.0}} 1 1
11-27 20:22:22.128 D/BarFollowAnimation( 3688): startStatusBarAnimation change= {WCT{RemoteToken{e2b1319 Task{968a7d7 #772 type=standard I=com.hyperxray.an/.activity.MainActivity}}} m=TO_BACK f=NONE p=WCT{RemoteToken{59a681a DefaultTaskDisplayArea@131802490}} leash=Surface(name=Task=772#18075)/@0x1333b56 sb=Rect(0, 0 - 1200, 2670) eb=Rect(0, 0 - 1200, 2670) epz=Point(1200, 2670) d=0 taskParent=-1 v=falseMiuiChangeImpl {miuiEmbedding:false, scale:1.0}} isRecent=false startWindowMode=1 endWindowMode=1 statusState=-1 isRotationAnimation=false
11-27 20:22:22.131 D/WindowManager( 3688): snapshot isNothing = false source = Task{968a7d7 #772 type=standard I=com.hyperxray.an/.activity.MainActivity}
11-27 20:22:22.132 D/BarFollowAnimation( 3688): onTaskInfoChanedForCaptionBar Task{968a7d7 #772 type=standard I=com.hyperxray.an/.activity.MainActivity} shouldbeVisible:true isVisible:false windowMode:1 mCaptionAssociatedTask:null mIsTouchedInCaption:false
11-27 20:22:22.132 I/WindowManager( 3688): wms.hideSurface mWin:Window{803559d u0 com.hyperxray.an/com.hyperxray.an.activity.MainActivity} reason:(prepareSurfaceLocked) in Surface(name=com.hyperxray.an/com.hyperxray.an.activity.MainActivity#18194)/@0x1050e6c
11-27 20:22:22.133 D/BarFollowAnimation( 3688): isAppTaskBarOnTop win:Window{803559d u0 com.hyperxray.an/com.hyperxray.an.activity.MainActivity} (mCurrentTopTask:Task{968a7d7 #772 type=standard I=com.hyperxray.an/.activity.MainActivity} : true); (mAssociatedTask:Task{968a7d7 #772 type=standard I=com.hyperxray.an/.activity.MainActivity} : true); (mHomeTask:Task{c7eba92 #1 type=home} : false); mReparentToOriginParent:false mLastAppBarVisible:true mLastHomeBarVisible:false
11-27 20:22:22.133 D/BarFollowAnimation( 3688): checkBarStatus mReparentToOriginParent:false hasTopFullAppTask:true mHomeTask:Task{c7eba92 #1 type=home} mCurrentTopTask: Task{968a7d7 #772 type=standard I=com.hyperxray.an/.activity.MainActivity} mAssociatedTask: Task{968a7d7 #772 type=standard I=com.hyperxray.an/.activity.MainActivity} homeTaskonTop:false mLastAppBarVisible:true mLastHomeBarVisible:false isInSplitScreen:false
11-27 20:22:22.134 D/ActivityTaskManager( 3688):  setSkipCaptureLayers tr: Task{968a7d7 #772 type=standard I=com.hyperxray.an/.activity.MainActivity}
11-27 20:22:22.136 D/MiuiDecorationController( 6013): relayout::taskId=772, visible=false, bounds=Rect(0, 0 - 1200, 2670), focused=true, oldImmersive=false, newImmersive=false, windowMode=1, activityType=1, displayId=0, baseActivity=ComponentInfo{com.hyperxray.an/com.hyperxray.an.activity.MainActivity}, topActivity=ComponentInfo{com.hyperxray.an/com.hyperxray.an.activity.MainActivity}, callers=com.android.wm.shell.multitasking.miuimultiwinswitch.miuiwindowdecor.decoration.MiuiDecorationController.relayout:4 com.android.wm.shell.multitasking.miuimultiwinswitch.miuiwindowdecor.MulWinSwitchDecorViewModel.onTaskInfoChanged:18 com.android.wm.shell.multitasking.common.taskmanager.MultiTaskingTaskListener.onTaskInfoChanged:47 com.android.wm.shell.ShellTaskOrganizer.onTaskInfoChanged:129 android.window.TaskOrganizer$1.lambda$onTaskInfoChanged$6:300 
11-27 20:22:22.136 E/ActivityManagerWrapper( 5385):  mainTaskId=772   userId=0   windowMode=1   isExcludedFromRecents=false   baseIntent=Intent { act=android.intent.action.MAIN flag=270532608 cmp=ComponentInfo{com.hyperxray.an/com.hyperxray.an.activity.MainActivity} }
11-27 20:22:22.137 D/RecentsTaskLoader( 5385): reloadTasksData [TaskKey{id=772, stackId=0, baseIntent=Intent { act=android.intent.action.MAIN cat=[android.intent.category.LAUNCHER] flg=0x10200000 cmp=com.hyperxray.an/.activity.MainActivity }, userId=0, lastActiveTime=41371581, windowingMode=1, isThumbnailBlur=false, isAccessLocked=false, isScreening=false, topActivity=ComponentInfo{com.hyperxray.an/com.hyperxray.an.activity.MainActivity}, mHashCode=23922204}, title=HyperXray, titleDescription=HyperXray, bounds=null, isLaunchTarget=false, isStackTask=true, isSystemApp=false, isDockable=true, baseActivity=ComponentInfo{com.hyperxray.an/com.hyperxray.an.activity.MainActivity}, isLocked=false, mNeedHide=false, hasMultipleTasks=false, cti1Key=, cti2Key=] 
11-27 20:22:22.140 I/ActivityTaskManager( 3688):  ar:ActivityRecord{38535537 u0 com.hyperxray.an/.activity.MainActivity t772} prev:ActivityRecord{38535537 u0 com.hyperxray.an/.activity.MainActivity t772}, ar.launchFromActivity=ActivityRecord{17645345 u0 com.miui.home/.launcher.Launcher t2}, canShowWhenLocked:false, state:PAUSED, prev.packageName=com.hyperxray.an, ar.launchedFromPackage=com.miui.home, isCanstartOnKeyguard=false, isCanResumeActivity=false
11-27 20:22:22.140 I/SmartPower: com.hyperxray.an/10570(11740)( 3688): visible->invisible(64966ms) R(become invisible) adj=0.
11-27 20:22:22.140 I/SmartPower: com.hyperxray.an:native/10570(19222)( 3688): invisible->background(64970ms) R(become background) adj=200.
11-27 20:22:22.140 I/SmartPower: com.hyperxray.an/10570(11740)( 3688): invisible->background(1ms) R(become background) adj=0.
11-27 20:22:22.167 D/BarFollowAnimation( 3688): isAppTaskBarOnTop win:Window{13f7236 u0 NotificationShade} (mCurrentTopTask:Task{968a7d7 #772 type=standard I=com.hyperxray.an/.activity.MainActivity} : true); (mAssociatedTask:Task{968a7d7 #772 type=standard I=com.hyperxray.an/.activity.MainActivity} : true); (mHomeTask:Task{c7eba92 #1 type=home} : false); mReparentToOriginParent:false mLastAppBarVisible:true mLastHomeBarVisible:false
11-27 20:22:22.171 D/MiuiDecorationController( 6013): relayout::taskId=772, visible=false, bounds=Rect(0, 0 - 1200, 2670), focused=true, oldImmersive=false, newImmersive=false, windowMode=1, activityType=1, displayId=0, baseActivity=ComponentInfo{com.hyperxray.an/com.hyperxray.an.activity.MainActivity}, topActivity=ComponentInfo{com.hyperxray.an/com.hyperxray.an.activity.MainActivity}, callers=com.android.wm.shell.multitasking.miuimultiwinswitch.miuiwindowdecor.decoration.MiuiDecorationController.relayout:4 com.android.wm.shell.multitasking.miuimultiwinswitch.miuiwindowdecor.decoration.MiuiDecorationController.updateNeedShowAndRelayout:38 com.android.wm.shell.multitasking.miuimultiwinswitch.miuiwindowdecor.MulWinSwitchDecorViewModel.lambda$disable$4:3 com.android.wm.shell.multitasking.miuimultiwinswitch.miuiwindowdecor.MulWinSwitchDecorViewModel.$r8$lambda$lfZznhn5bTM5EA7GvCf8XHKgFAY:1 com.android.wm.shell.multitasking.miuimultiwinswitch.miuiwindowdecor.MulWinSwitchDecorViewModel$$ExternalSyntheticLambda6.accept:12 
11-27 20:22:22.173 D/BarFollowAnimation( 3688): isAppTaskBarOnTop win:Window{13f7236 u0 NotificationShade} (mCurrentTopTask:Task{968a7d7 #772 type=standard I=com.hyperxray.an/.activity.MainActivity} : true); (mAssociatedTask:Task{968a7d7 #772 type=standard I=com.hyperxray.an/.activity.MainActivity} : true); (mHomeTask:Task{c7eba92 #1 type=home} : false); mReparentToOriginParent:false mLastAppBarVisible:true mLastHomeBarVisible:false
11-27 20:22:22.174 D/BarFollowAnimation( 3688): isAppTaskBarOnTop win:Window{13f7236 u0 NotificationShade} (mCurrentTopTask:Task{968a7d7 #772 type=standard I=com.hyperxray.an/.activity.MainActivity} : true); (mAssociatedTask:Task{968a7d7 #772 type=standard I=com.hyperxray.an/.activity.MainActivity} : true); (mHomeTask:Task{c7eba92 #1 type=home} : false); mReparentToOriginParent:false mLastAppBarVisible:true mLastHomeBarVisible:false
11-27 20:22:22.183 D/BarFollowAnimation( 3688): isAppTaskBarOnTop win:Window{13f7236 u0 NotificationShade} (mCurrentTopTask:Task{968a7d7 #772 type=standard I=com.hyperxray.an/.activity.MainActivity} : true); (mAssociatedTask:Task{968a7d7 #772 type=standard I=com.hyperxray.an/.activity.MainActivity} : true); (mHomeTask:Task{c7eba92 #1 type=home} : false); mReparentToOriginParent:false mLastAppBarVisible:true mLastHomeBarVisible:false
11-27 20:22:22.184 D/BarFollowAnimation( 3688): isAppTaskBarOnTop win:Window{13f7236 u0 NotificationShade} (mCurrentTopTask:Task{968a7d7 #772 type=standard I=com.hyperxray.an/.activity.MainActivity} : true); (mAssociatedTask:Task{968a7d7 #772 type=standard I=com.hyperxray.an/.activity.MainActivity} : true); (mHomeTask:Task{c7eba92 #1 type=home} : false); mReparentToOriginParent:false mLastAppBarVisible:true mLastHomeBarVisible:false
11-27 20:22:22.186 D/CoreBackPreview( 3688): Window{803559d u0 com.hyperxray.an/com.hyperxray.an.activity.MainActivity}: Setting back callback OnBackInvokedCallbackInfo{mCallback=android.window.IOnBackInvokedCallback$Stub$Proxy@6adbd55, mPriority=-1, mIsAnimationCallback=false, mOverrideBehavior=0}
11-27 20:22:22.187 D/BarFollowAnimation( 3688): isAppTaskBarOnTop win:Window{13f7236 u0 NotificationShade} (mCurrentTopTask:Task{968a7d7 #772 type=standard I=com.hyperxray.an/.activity.MainActivity} : true); (mAssociatedTask:Task{968a7d7 #772 type=standard I=com.hyperxray.an/.activity.MainActivity} : true); (mHomeTask:Task{c7eba92 #1 type=home} : false); mReparentToOriginParent:false mLastAppBarVisible:true mLastHomeBarVisible:false
11-27 20:22:22.188 D/BarFollowAnimation( 3688): isAppTaskBarOnTop win:Window{13f7236 u0 NotificationShade} (mCurrentTopTask:Task{968a7d7 #772 type=standard I=com.hyperxray.an/.activity.MainActivity} : true); (mAssociatedTask:Task{968a7d7 #772 type=standard I=com.hyperxray.an/.activity.MainActivity} : true); (mHomeTask:Task{c7eba92 #1 type=home} : false); mReparentToOriginParent:false mLastAppBarVisible:true mLastHomeBarVisible:false
11-27 20:22:22.207 D/BarFollowAnimation( 3688): isAppTaskBarOnTop win:Window{13f7236 u0 NotificationShade} (mCurrentTopTask:Task{968a7d7 #772 type=standard I=com.hyperxray.an/.activity.MainActivity} : true); (mAssociatedTask:Task{968a7d7 #772 type=standard I=com.hyperxray.an/.activity.MainActivity} : true); (mHomeTask:Task{c7eba92 #1 type=home} : false); mReparentToOriginParent:false mLastAppBarVisible:true mLastHomeBarVisible:false
11-27 20:22:22.209 D/BarFollowAnimation( 3688): isAppTaskBarOnTop win:Window{13f7236 u0 NotificationShade} (mCurrentTopTask:Task{968a7d7 #772 type=standard I=com.hyperxray.an/.activity.MainActivity} : true); (mAssociatedTask:Task{968a7d7 #772 type=standard I=com.hyperxray.an/.activity.MainActivity} : true); (mHomeTask:Task{c7eba92 #1 type=home} : false); mReparentToOriginParent:false mLastAppBarVisible:true mLastHomeBarVisible:false
11-27 20:22:22.213 D/BarFollowAnimation( 3688): isAppTaskBarOnTop win:Window{13f7236 u0 NotificationShade} (mCurrentTopTask:Task{968a7d7 #772 type=standard I=com.hyperxray.an/.activity.MainActivity} : true); (mAssociatedTask:Task{968a7d7 #772 type=standard I=com.hyperxray.an/.activity.MainActivity} : true); (mHomeTask:Task{c7eba92 #1 type=home} : false); mReparentToOriginParent:false mLastAppBarVisible:true mLastHomeBarVisible:false
11-27 20:22:22.228 D/BarFollowAnimation( 3688): isAppTaskBarOnTop win:Window{13f7236 u0 NotificationShade} (mCurrentTopTask:Task{968a7d7 #772 type=standard I=com.hyperxray.an/.activity.MainActivity} : true); (mAssociatedTask:Task{968a7d7 #772 type=standard I=com.hyperxray.an/.activity.MainActivity} : true); (mHomeTask:Task{c7eba92 #1 type=home} : false); mReparentToOriginParent:false mLastAppBarVisible:true mLastHomeBarVisible:false
11-27 20:22:22.237 D/BarFollowAnimation( 3688): isAppTaskBarOnTop win:Window{13f7236 u0 NotificationShade} (mCurrentTopTask:Task{968a7d7 #772 type=standard I=com.hyperxray.an/.activity.MainActivity} : true); (mAssociatedTask:Task{968a7d7 #772 type=standard I=com.hyperxray.an/.activity.MainActivity} : true); (mHomeTask:Task{c7eba92 #1 type=home} : false); mReparentToOriginParent:false mLastAppBarVisible:true mLastHomeBarVisible:false
11-27 20:22:22.242 D/powerkeeper.dfsmutstart(12969): get last app com.hyperxray.an duration is over 1 min
11-27 20:22:22.244 D/BarFollowAnimation( 3688): isAppTaskBarOnTop win:Window{13f7236 u0 NotificationShade} (mCurrentTopTask:Task{968a7d7 #772 type=standard I=com.hyperxray.an/.activity.MainActivity} : true); (mAssociatedTask:Task{968a7d7 #772 type=standard I=com.hyperxray.an/.activity.MainActivity} : true); (mHomeTask:Task{c7eba92 #1 type=home} : false); mReparentToOriginParent:false mLastAppBarVisible:true mLastHomeBarVisible:false
11-27 20:22:22.244 D/BarFollowAnimation( 3688): isAppTaskBarOnTop win:Window{13f7236 u0 NotificationShade} (mCurrentTopTask:Task{968a7d7 #772 type=standard I=com.hyperxray.an/.activity.MainActivity} : true); (mAssociatedTask:Task{968a7d7 #772 type=standard I=com.hyperxray.an/.activity.MainActivity} : true); (mHomeTask:Task{c7eba92 #1 type=home} : false); mReparentToOriginParent:false mLastAppBarVisible:true mLastHomeBarVisible:false
11-27 20:22:22.247 D/BarFollowAnimation( 3688): isAppTaskBarOnTop win:Window{13f7236 u0 NotificationShade} (mCurrentTopTask:Task{968a7d7 #772 type=standard I=com.hyperxray.an/.activity.MainActivity} : true); (mAssociatedTask:Task{968a7d7 #772 type=standard I=com.hyperxray.an/.activity.MainActivity} : true); (mHomeTask:Task{c7eba92 #1 type=home} : false); mReparentToOriginParent:false mLastAppBarVisible:true mLastHomeBarVisible:false
11-27 20:22:22.251 D/BarFollowAnimation( 3688): isAppTaskBarOnTop win:Window{13f7236 u0 NotificationShade} (mCurrentTopTask:Task{968a7d7 #772 type=standard I=com.hyperxray.an/.activity.MainActivity} : true); (mAssociatedTask:Task{968a7d7 #772 type=standard I=com.hyperxray.an/.activity.MainActivity} : true); (mHomeTask:Task{c7eba92 #1 type=home} : false); mReparentToOriginParent:false mLastAppBarVisible:true mLastHomeBarVisible:false
11-27 20:22:22.253 D/BarFollowAnimation( 3688): isAppTaskBarOnTop win:Window{13f7236 u0 NotificationShade} (mCurrentTopTask:Task{968a7d7 #772 type=standard I=com.hyperxray.an/.activity.MainActivity} : true); (mAssociatedTask:Task{968a7d7 #772 type=standard I=com.hyperxray.an/.activity.MainActivity} : true); (mHomeTask:Task{c7eba92 #1 type=home} : false); mReparentToOriginParent:false mLastAppBarVisible:true mLastHomeBarVisible:false
11-27 20:22:22.255 E/ActivityManagerWrapper( 5385):  mainTaskId=772   userId=0   windowMode=1   isExcludedFromRecents=false   baseIntent=Intent { act=android.intent.action.MAIN flag=270532608 cmp=ComponentInfo{com.hyperxray.an/com.hyperxray.an.activity.MainActivity} }
11-27 20:22:22.256 D/RecentsTaskLoader( 5385): reloadTasksData [TaskKey{id=772, stackId=0, baseIntent=Intent { act=android.intent.action.MAIN cat=[android.intent.category.LAUNCHER] flg=0x10200000 cmp=com.hyperxray.an/.activity.MainActivity }, userId=0, lastActiveTime=41371581, windowingMode=1, isThumbnailBlur=false, isAccessLocked=false, isScreening=false, topActivity=ComponentInfo{com.hyperxray.an/com.hyperxray.an.activity.MainActivity}, mHashCode=23922204}, title=HyperXray, titleDescription=HyperXray, bounds=null, isLaunchTarget=false, isStackTask=true, isSystemApp=false, isDockable=true, baseActivity=ComponentInfo{com.hyperxray.an/com.hyperxray.an.activity.MainActivity}, isLocked=false, mNeedHide=false, hasMultipleTasks=false, cti1Key=, cti2Key=] 
11-27 20:22:22.264 D/HyperXray-JNI(19222): getTunnelStats called
11-27 20:22:22.267 D/BarFollowAnimation( 3688): isAppTaskBarOnTop win:Window{13f7236 u0 NotificationShade} (mCurrentTopTask:Task{968a7d7 #772 type=standard I=com.hyperxray.an/.activity.MainActivity} : true); (mAssociatedTask:Task{968a7d7 #772 type=standard I=com.hyperxray.an/.activity.MainActivity} : true); (mHomeTask:Task{c7eba92 #1 type=home} : false); mReparentToOriginParent:false mLastAppBarVisible:true mLastHomeBarVisible:false
11-27 20:22:22.268 D/PowerManagerService( 3688): [xiaomi_power]acquireWakeLockInternal: lock=143502509, flags=0x1, tag="NotificationManagerService:post:com.hyperxray.an", ws=WorkSource{10570 com.hyperxray.an}, uid=1000, pid=3688
11-27 20:22:22.272 D/PowerManagerService( 3688): [xiaomi_power]releaseWakeLockInternal: lock=143502509 [NotificationManagerService:post:com.hyperxray.an], flags=0x0
11-27 20:22:22.768 D/BroadcastQueue( 3688): Logging broadcast for com.hyperxray.an, stopped=false, firstLaunch=false
11-27 20:22:23.124 D/BarFollowAnimation( 3688): isAppTaskBarOnTop win:Window{13f7236 u0 NotificationShade} (mCurrentTopTask:Task{968a7d7 #772 type=standard I=com.hyperxray.an/.activity.MainActivity} : true); (mAssociatedTask:Task{968a7d7 #772 type=standard I=com.hyperxray.an/.activity.MainActivity} : true); (mHomeTask:Task{c7eba92 #1 type=home} : false); mReparentToOriginParent:false mLastAppBarVisible:true mLastHomeBarVisible:false
11-27 20:22:23.125 D/BarFollowAnimation( 3688): checkBarStatus mReparentToOriginParent:false hasTopFullAppTask:true mHomeTask:Task{c7eba92 #1 type=home} mCurrentTopTask: Task{968a7d7 #772 type=standard I=com.hyperxray.an/.activity.MainActivity} mAssociatedTask: Task{968a7d7 #772 type=standard I=com.hyperxray.an/.activity.MainActivity} homeTaskonTop:false mLastAppBarVisible:true mLastHomeBarVisible:false isInSplitScreen:false
11-27 20:22:27.199 D/BarFollowAnimation( 3688): isAppTaskBarOnTop win:Window{13f7236 u0 NotificationShade} (mCurrentTopTask:Task{968a7d7 #772 type=standard I=com.hyperxray.an/.activity.MainActivity} : true); (mAssociatedTask:Task{968a7d7 #772 type=standard I=com.hyperxray.an/.activity.MainActivity} : true); (mHomeTask:Task{c7eba92 #1 type=home} : false); mReparentToOriginParent:false mLastAppBarVisible:true mLastHomeBarVisible:false
11-27 20:22:27.274 D/HyperXray-JNI(19222): getTunnelStats called
11-27 20:22:27.278 D/PowerManagerService( 3688): [xiaomi_power]acquireWakeLockInternal: lock=186844557, flags=0x1, tag="NotificationManagerService:post:com.hyperxray.an", ws=WorkSource{10570 com.hyperxray.an}, uid=1000, pid=3688
11-27 20:22:27.279 D/PowerManagerService( 3688): [xiaomi_power]releaseWakeLockInternal: lock=186844557 [NotificationManagerService:post:com.hyperxray.an], flags=0x0
11-27 20:22:27.778 D/BroadcastQueue( 3688): Logging broadcast for com.hyperxray.an, stopped=false, firstLaunch=false
11-27 20:22:28.246 D/BarFollowAnimation( 3688): isAppTaskBarOnTop win:Window{13f7236 u0 NotificationShade} (mCurrentTopTask:Task{968a7d7 #772 type=standard I=com.hyperxray.an/.activity.MainActivity} : true); (mAssociatedTask:Task{968a7d7 #772 type=standard I=com.hyperxray.an/.activity.MainActivity} : true); (mHomeTask:Task{c7eba92 #1 type=home} : false); mReparentToOriginParent:false mLastAppBarVisible:true mLastHomeBarVisible:false
11-27 20:22:28.248 D/BarFollowAnimation( 3688): isAppTaskBarOnTop win:Window{13f7236 u0 NotificationShade} (mCurrentTopTask:Task{968a7d7 #772 type=standard I=com.hyperxray.an/.activity.MainActivity} : true); (mAssociatedTask:Task{968a7d7 #772 type=standard I=com.hyperxray.an/.activity.MainActivity} : true); (mHomeTask:Task{c7eba92 #1 type=home} : false); mReparentToOriginParent:false mLastAppBarVisible:true mLastHomeBarVisible:false
11-27 20:22:28.347 D/BarFollowAnimation( 3688): isAppTaskBarOnTop win:Window{13f7236 u0 NotificationShade} (mCurrentTopTask:Task{968a7d7 #772 type=standard I=com.hyperxray.an/.activity.MainActivity} : true); (mAssociatedTask:Task{968a7d7 #772 type=standard I=com.hyperxray.an/.activity.MainActivity} : true); (mHomeTask:Task{c7eba92 #1 type=home} : false); mReparentToOriginParent:false mLastAppBarVisible:true mLastHomeBarVisible:false
11-27 20:22:28.379 D/BarFollowAnimation( 3688): isAppTaskBarOnTop win:Window{13f7236 u0 NotificationShade} (mCurrentTopTask:Task{968a7d7 #772 type=standard I=com.hyperxray.an/.activity.MainActivity} : true); (mAssociatedTask:Task{968a7d7 #772 type=standard I=com.hyperxray.an/.activity.MainActivity} : true); (mHomeTask:Task{c7eba92 #1 type=home} : false); mReparentToOriginParent:false mLastAppBarVisible:true mLastHomeBarVisible:false
11-27 20:22:28.385 D/BarFollowAnimation( 3688): isAppTaskBarOnTop win:Window{13f7236 u0 NotificationShade} (mCurrentTopTask:Task{968a7d7 #772 type=standard I=com.hyperxray.an/.activity.MainActivity} : true); (mAssociatedTask:Task{968a7d7 #772 type=standard I=com.hyperxray.an/.activity.MainActivity} : true); (mHomeTask:Task{c7eba92 #1 type=home} : false); mReparentToOriginParent:false mLastAppBarVisible:true mLastHomeBarVisible:false
11-27 20:22:28.388 D/BarFollowAnimation( 3688): isAppTaskBarOnTop win:Window{13f7236 u0 NotificationShade} (mCurrentTopTask:Task{968a7d7 #772 type=standard I=com.hyperxray.an/.activity.MainActivity} : true); (mAssociatedTask:Task{968a7d7 #772 type=standard I=com.hyperxray.an/.activity.MainActivity} : true); (mHomeTask:Task{c7eba92 #1 type=home} : false); mReparentToOriginParent:false mLastAppBarVisible:true mLastHomeBarVisible:false
11-27 20:22:32.281 D/HyperXray-JNI(19222): getTunnelStats called
11-27 20:22:32.286 D/PowerManagerService( 3688): [xiaomi_power]acquireWakeLockInternal: lock=6933241, flags=0x1, tag="NotificationManagerService:post:com.hyperxray.an", ws=WorkSource{10570 com.hyperxray.an}, uid=1000, pid=3688
11-27 20:22:32.287 D/PowerManagerService( 3688): [xiaomi_power]releaseWakeLockInternal: lock=6933241 [NotificationManagerService:post:com.hyperxray.an], flags=0x0
11-27 20:22:32.348 D/BarFollowAnimation( 3688): isAppTaskBarOnTop win:Window{13f7236 u0 NotificationShade} (mCurrentTopTask:Task{968a7d7 #772 type=standard I=com.hyperxray.an/.activity.MainActivity} : true); (mAssociatedTask:Task{968a7d7 #772 type=standard I=com.hyperxray.an/.activity.MainActivity} : true); (mHomeTask:Task{c7eba92 #1 type=home} : false); mReparentToOriginParent:false mLastAppBarVisible:true mLastHomeBarVisible:false
11-27 20:22:32.349 D/BarFollowAnimation( 3688): isAppTaskBarOnTop win:Window{13f7236 u0 NotificationShade} (mCurrentTopTask:Task{968a7d7 #772 type=standard I=com.hyperxray.an/.activity.MainActivity} : true); (mAssociatedTask:Task{968a7d7 #772 type=standard I=com.hyperxray.an/.activity.MainActivity} : true); (mHomeTask:Task{c7eba92 #1 type=home} : false); mReparentToOriginParent:false mLastAppBarVisible:true mLastHomeBarVisible:false
11-27 20:22:32.785 D/BroadcastQueue( 3688): Logging broadcast for com.hyperxray.an, stopped=false, firstLaunch=false
11-27 20:22:36.241 D/BarFollowAnimation( 3688): isAppTaskBarOnTop win:Window{13f7236 u0 NotificationShade} (mCurrentTopTask:Task{968a7d7 #772 type=standard I=com.hyperxray.an/.activity.MainActivity} : true); (mAssociatedTask:Task{968a7d7 #772 type=standard I=com.hyperxray.an/.activity.MainActivity} : true); (mHomeTask:Task{c7eba92 #1 type=home} : false); mReparentToOriginParent:false mLastAppBarVisible:true mLastHomeBarVisible:false
11-27 20:22:36.242 D/BarFollowAnimation( 3688): isAppTaskBarOnTop win:Window{13f7236 u0 NotificationShade} (mCurrentTopTask:Task{968a7d7 #772 type=standard I=com.hyperxray.an/.activity.MainActivity} : true); (mAssociatedTask:Task{968a7d7 #772 type=standard I=com.hyperxray.an/.activity.MainActivity} : true); (mHomeTask:Task{c7eba92 #1 type=home} : false); mReparentToOriginParent:false mLastAppBarVisible:true mLastHomeBarVisible:false
11-27 20:22:37.289 D/HyperXray-JNI(19222): getTunnelStats called
11-27 20:22:37.294 D/PowerManagerService( 3688): [xiaomi_power]acquireWakeLockInternal: lock=205227159, flags=0x1, tag="NotificationManagerService:post:com.hyperxray.an", ws=WorkSource{10570 com.hyperxray.an}, uid=1000, pid=3688
11-27 20:22:37.296 D/PowerManagerService( 3688): [xiaomi_power]releaseWakeLockInternal: lock=205227159 [NotificationManagerService:post:com.hyperxray.an], flags=0x0
11-27 20:22:37.793 D/BroadcastQueue( 3688): Logging broadcast for com.hyperxray.an, stopped=false, firstLaunch=false
11-27 20:22:38.059 D/BarFollowAnimation( 3688): isAppTaskBarOnTop win:Window{13f7236 u0 NotificationShade} (mCurrentTopTask:Task{968a7d7 #772 type=standard I=com.hyperxray.an/.activity.MainActivity} : true); (mAssociatedTask:Task{968a7d7 #772 type=standard I=com.hyperxray.an/.activity.MainActivity} : true); (mHomeTask:Task{c7eba92 #1 type=home} : false); mReparentToOriginParent:false mLastAppBarVisible:true mLastHomeBarVisible:false
11-27 20:22:38.061 D/BarFollowAnimation( 3688): isAppTaskBarOnTop win:Window{13f7236 u0 NotificationShade} (mCurrentTopTask:Task{968a7d7 #772 type=standard I=com.hyperxray.an/.activity.MainActivity} : true); (mAssociatedTask:Task{968a7d7 #772 type=standard I=com.hyperxray.an/.activity.MainActivity} : true); (mHomeTask:Task{c7eba92 #1 type=home} : false); mReparentToOriginParent:false mLastAppBarVisible:true mLastHomeBarVisible:false
11-27 20:22:40.650 D/HyperVpnService(19222): Heartbeat - VPN running for 118s
11-27 20:22:41.154 D/BroadcastQueue( 3688): Logging broadcast for com.hyperxray.an, stopped=false, firstLaunch=false
11-27 20:22:41.155 D/BroadcastQueue( 3688): Logging broadcast for com.hyperxray.an, stopped=false, firstLaunch=false
11-27 20:22:41.155 W/Bundle  (11740): 	at com.hyperxray.an.core.service.ServiceEventObserver$logUpdateReceiver$1.onReceive(ServiceEventObserver.kt:108)
11-27 20:22:42.298 D/HyperXray-JNI(19222): getTunnelStats called
11-27 20:22:42.303 D/PowerManagerService( 3688): [xiaomi_power]acquireWakeLockInternal: lock=128576966, flags=0x1, tag="NotificationManagerService:post:com.hyperxray.an", ws=WorkSource{10570 com.hyperxray.an}, uid=1000, pid=3688
11-27 20:22:42.305 D/PowerManagerService( 3688): [xiaomi_power]releaseWakeLockInternal: lock=128576966 [NotificationManagerService:post:com.hyperxray.an], flags=0x0
11-27 20:22:42.803 D/BroadcastQueue( 3688): Logging broadcast for com.hyperxray.an, stopped=false, firstLaunch=false
11-27 20:22:47.307 D/HyperXray-JNI(19222): getTunnelStats called
11-27 20:22:47.311 D/PowerManagerService( 3688): [xiaomi_power]acquireWakeLockInternal: lock=152320473, flags=0x1, tag="NotificationManagerService:post:com.hyperxray.an", ws=WorkSource{10570 com.hyperxray.an}, uid=1000, pid=3688
11-27 20:22:47.313 D/PowerManagerService( 3688): [xiaomi_power]releaseWakeLockInternal: lock=152320473 [NotificationManagerService:post:com.hyperxray.an], flags=0x0
11-27 20:22:47.811 D/BroadcastQueue( 3688): Logging broadcast for com.hyperxray.an, stopped=false, firstLaunch=false
