11-27 23:16:15.781 D/BarFollowAnimation( 3688): pairAppearanceRegionAndWin win=Window{d46054e u0 com.hyperxray.an/com.hyperxray.an.activity.MainActivity} 0
11-27 23:16:15.781 D/BarFollowAnimation( 3688): isAppTaskBarOnTop win:Window{d46054e u0 com.hyperxray.an/com.hyperxray.an.activity.MainActivity} (mCurrentTopTask:Task{fd8810 #809 type=standard I=com.hyperxray.an/.activity.MainActivity} : true); (mAssociatedTask:Task{fd8810 #809 type=standard I=com.hyperxray.an/.activity.MainActivity} : true); (mHomeTask:Task{c7eba92 #1 type=home} : false); mReparentToOriginParent:false mLastAppBarVisible:true mLastHomeBarVisible:false
11-27 23:16:15.783 D/BarFollowAnimation( 3688): pairAppearanceRegionAndWin win=Window{d46054e u0 com.hyperxray.an/com.hyperxray.an.activity.MainActivity} 0
11-27 23:16:15.783 D/BarFollowAnimation( 3688): checkBarStatus mReparentToOriginParent:false hasTopFullAppTask:true mHomeTask:Task{c7eba92 #1 type=home} mCurrentTopTask: Task{fd8810 #809 type=standard I=com.hyperxray.an/.activity.MainActivity} mAssociatedTask: Task{fd8810 #809 type=standard I=com.hyperxray.an/.activity.MainActivity} homeTaskonTop:false mLastAppBarVisible:true mLastHomeBarVisible:false isInSplitScreen:false
11-27 23:16:15.783 D/BarFollowAnimation( 3688):  showAppNavBar  packageName = com.hyperxray.an mHasHideAppSurface = false mIsKeyguardGoingAway = false mNavBarState = -1
11-27 23:16:15.783 D/BarFollowAnimation( 3688): isAppTaskBarOnTop win:Window{d46054e u0 com.hyperxray.an/com.hyperxray.an.activity.MainActivity} (mCurrentTopTask:Task{fd8810 #809 type=standard I=com.hyperxray.an/.activity.MainActivity} : true); (mAssociatedTask:Task{fd8810 #809 type=standard I=com.hyperxray.an/.activity.MainActivity} : true); (mHomeTask:Task{c7eba92 #1 type=home} : false); mReparentToOriginParent:false mLastAppBarVisible:true mLastHomeBarVisible:false
11-27 23:16:15.783 D/BarFollowAnimation( 3688): calculateAppSurface: task=Task{fd8810 #809 type=standard I=com.hyperxray.an/.activity.MainActivity} appSurface=Surface(name=NavigationBar Container of Task = 809#20915)/@0xe1b153c
11-27 23:16:15.795 D/BarFollowAnimation( 3688): pairAppearanceRegionAndWin win=Window{d46054e u0 com.hyperxray.an/com.hyperxray.an.activity.MainActivity} 0
11-27 23:16:15.795 D/BarFollowAnimation( 3688): isAppTaskBarOnTop win:Window{d46054e u0 com.hyperxray.an/com.hyperxray.an.activity.MainActivity} (mCurrentTopTask:Task{fd8810 #809 type=standard I=com.hyperxray.an/.activity.MainActivity} : true); (mAssociatedTask:Task{fd8810 #809 type=standard I=com.hyperxray.an/.activity.MainActivity} : true); (mHomeTask:Task{c7eba92 #1 type=home} : false); mReparentToOriginParent:false mLastAppBarVisible:true mLastHomeBarVisible:false
11-27 23:16:15.802 W/PackageConfigPersister( 3688): App-specific configuration not found for packageName: com.hyperxray.an and userId: 0
11-27 23:16:15.806 D/BarFollowAnimation( 3688): pairAppearanceRegionAndWin win=Window{d46054e u0 com.hyperxray.an/com.hyperxray.an.activity.MainActivity} 0
11-27 23:16:15.806 D/BarFollowAnimation( 3688): isAppTaskBarOnTop win:Window{d46054e u0 com.hyperxray.an/com.hyperxray.an.activity.MainActivity} (mCurrentTopTask:Task{a64f5b8 #810 type=standard A=1000:com.miui.securitycenter nonResizable} : false); (mAssociatedTask:Task{fd8810 #809 type=standard I=com.hyperxray.an/.activity.MainActivity} : true); (mHomeTask:Task{c7eba92 #1 type=home} : false); mReparentToOriginParent:false mLastAppBarVisible:true mLastHomeBarVisible:false
11-27 23:16:15.838 I/PackageManager( 3688): Update package com.hyperxray.an code path from /data/app/~~YqF4TKa-EZ-XTp4NxebPJw==/com.hyperxray.an-10V3D02rqFSS8lKB5P84nw== to /data/app/vmdl724977413.tmp; Retain data and using new
11-27 23:16:15.882 I/AppsFilter( 3688): interaction: PackageSetting{7f931d1 com.android.microdroid.empty_payload/10308} -> PackageSetting{e07e59e com.hyperxray.an/10570} BLOCKED
11-27 23:16:15.882 I/AppsFilter( 3688): interaction: PackageSetting{7f931d1 com.android.microdroid.empty_payload/10308} -> PackageSetting{e07e59e com.hyperxray.an/10570} BLOCKED
11-27 23:16:15.882 I/AppsFilter( 3688): interaction: PackageSetting{7f931d1 com.android.microdroid.empty_payload/10308} -> PackageSetting{37816bd com.hyperxray.an/10570} BLOCKED
11-27 23:16:15.882 I/AppsFilter( 3688): interaction: PackageSetting{7f931d1 com.android.microdroid.empty_payload/10308} -> PackageSetting{37816bd com.hyperxray.an/10570} BLOCKED
11-27 23:16:15.906 I/BaselineProfile( 3688): com.hyperxray.an dexmetadataFile does not exist.
11-27 23:16:15.906 I/ActivityManager( 3688): Force stopping com.hyperxray.an appid=10570 user=-1: installPackageLI
11-27 23:16:15.906 D/MiuiDamonService( 3688): report App died, packageName = com.hyperxray.an, pid = 16447
11-27 23:16:15.907 W/PackageFreezer( 3688): Freeze package com.hyperxray.an about 0.024 seconds for reason: installPackageLI
11-27 23:16:15.907 I/InstallationTiming( 3688): com.hyperxray.an|null|2898|226|131|792|1|1546|2
11-27 23:16:15.907 I/PackageManager( 3688): installation completed for package:com.hyperxray.an. Final code path: /data/app/~~9oS0bt83hcUAQDnr9JWYBA==/com.hyperxray.an-PQRyrZHSEudMNDxjgKNykA==
11-27 23:16:15.907 I/AppsFilter( 3688): interaction: PackageSetting{1497da6 com.android.microdroid.empty_payload/10308} -> PackageSetting{5cf5e2d com.hyperxray.an/10570} BLOCKED
11-27 23:16:15.915 D/ActivityManager( 3688): Force removing proc 28664:com.hyperxray.an:native/u0a570 (com.hyperxray.an:native/10570)
11-27 23:16:15.915 I/ActivityManager( 3688): Killing 28664:com.hyperxray.an:native/u0a570 (adj 200): stop com.hyperxray.an due to installPackageLI
11-27 23:16:15.915 I/ActivityManager( 3688): note: ProcessRecord{b61e7c3 28664:com.hyperxray.an:native/u0a570} is being killed, reason: PACKAGE UPDATED, sub-reason: UNKNOWN, message: stop com.hyperxray.an due to installPackageLI
11-27 23:16:15.917 I/ActivityManager( 3688): Cancel FGS notification userId: 0 definingUid: 10570 packageName: com.hyperxray.an processName:com.hyperxray.an:native ChannelId:hyper_vpn_channel foregroundNotiWhen:1764274350488 Notiflags:66
11-27 23:16:15.917 I/ActivityManager( 3688): note: ProcessRecord{b61e7c3 28664:com.hyperxray.an:native/u0a570} died, saving the exit info
11-27 23:16:15.917 I/ActivityManager( 3688): Update process exit info for com.hyperxray.an(28664/u10570)
11-27 23:16:15.917 D/ActivityManager( 3688): Force removing proc 16447:com.hyperxray.an/u0a570 (com.hyperxray.an/10570)
11-27 23:16:15.918 I/ActivityManager( 3688): Killing 16447:com.hyperxray.an/u0a570 (adj 0): stop com.hyperxray.an due to installPackageLI
11-27 23:16:15.918 I/ActivityManager( 3688): note: ProcessRecord{415485e 16447:com.hyperxray.an/u0a570} is being killed, reason: PACKAGE UPDATED, sub-reason: UNKNOWN, message: stop com.hyperxray.an due to installPackageLI
11-27 23:16:15.921 I/ActivityManager( 3688): note: ProcessRecord{415485e 16447:com.hyperxray.an/u0a570} died, saving the exit info
11-27 23:16:15.922 W/ActivityTaskManager( 3688): Force removing ActivityRecord{168509122 u0 com.hyperxray.an/.activity.MainActivity t809 f}}: app died, no saved state
11-27 23:16:15.922 D/WindowManager( 3688): Collecting in transition 939: Task{fd8810 #809 type=standard I=com.hyperxray.an/.activity.MainActivity} init visibleRequested:true
11-27 23:16:15.922 D/WindowManager( 3688): Collecting in transition 939: ActivityRecord{168509122 u0 com.hyperxray.an/.activity.MainActivity t809 f}} init visibleRequested:false
11-27 23:16:15.922 D/BarFollowAnimation( 3688): onTaskInfoChanedForCaptionBar Task{fd8810 #809 type=standard I=com.hyperxray.an/.activity.MainActivity} shouldbeVisible:false isVisible:true windowMode:1 mCaptionAssociatedTask:null mIsTouchedInCaption:false
11-27 23:16:15.922 D/BarFollowAnimation( 3688): isAppTaskBarOnTop win:Window{d46054e u0 com.hyperxray.an/com.hyperxray.an.activity.MainActivity} (mCurrentTopTask:Task{a64f5b8 #810 type=standard A=1000:com.miui.securitycenter nonResizable} : false); (mAssociatedTask:Task{fd8810 #809 type=standard I=com.hyperxray.an/.activity.MainActivity} : false); (mHomeTask:Task{c7eba92 #1 type=home} : false); mReparentToOriginParent:false mLastAppBarVisible:true mLastHomeBarVisible:false
11-27 23:16:15.925 I/SoScStageCoordinator( 6013): Transition requested:TransitionRequestInfo { type = CLOSE, triggerTask = TaskInfo{userId=0 taskId=809 effectiveUid=10570 displayId=0 isRunning=false baseIntent=Intent { act=android.intent.action.MAIN cat=[android.intent.category.LAUNCHER] flg=0x10200000 cmp=com.hyperxray.an/.activity.MainActivity } baseActivity=null topActivity=null origActivity=null realActivity=ComponentInfo{com.hyperxray.an/com.hyperxray.an.activity.MainActivity} numActivities=0 lastActiveTime=51805230 supportsSplitScreenMultiWindow=true mSoScDisplayMode=-1 supportsMultiWindow=true resizeMode=1 isResizeable=true minWidth=-1 minHeight=-1 defaultMinSize=200 token=WCT{android.window.IWindowContainerToken$Stub$Proxy@4f9281b} topActivityType=1 pictureInPictureParams=null shouldDockBigOverlays=false launchIntoPipHostTaskId=-1 lastParentTaskIdBeforePip=-1 displayCutoutSafeInsets=Rect(0, 0 - 0, 0) topActivityInfo=null launchCookies=[] positionInParent=Point(0, 0) parentTaskId=-1 isFocused=true isVisible=true isVisibleRequested=true isTopActivityNoDisplay=false isSleeping=false locusId=null displayAreaFeatureId=1 isTopActivityTransparent=false isActivityStackTransparent=true lastNonFullscreenBounds=Rect(310, 779 - 891, 1979) capturedLink=null capturedLinkTimestamp=0 requestedVisibleTypes=-9 topActivityRequestOpenInBrowserEducationTimestamp=0 appCompatTaskInfo=AppCompatTaskInfo { topActivityInSizeCompat=false eligibleForLetterboxEducation= false topActivityInMiuiSizeCompat=false isLetterboxEducationEnabled= false isLetterboxDoubleTapEnabled= false eligibleForUserAspectRatioButton= false topActivityBoundsLetterboxed= false isFromLetterboxDoubleTap= false topActivityLetterboxVerticalPosition= -1 topActivityLetterboxHorizontalPosition= -1 topActivityLetterboxWidth=-1 topActivityLetterboxHeight=-1 topActivityAppBounds=Rect(0, 0 - 0, 0) isUserFullscreenOverrideEnabled=false isSystemFullscreenOverrideEnabled=false hasMinAspectRatioOverride=false topActivityLetterboxBounds=null cameraCompatTaskInfo=CameraCompatTaskInfo { freeformCameraCompatMode=undefined}} isImmersive=false mTopActivityRequestOrientation=-2 mStatusBarParent=null mNavBarParent=null mBehindAppLockPkg=null mOriginatingUid=0 isEmbedded=false shouldBeVisible=false isCreatedByOrganizer=false mIsCastMode=false mTopActivityMediaSize=null mTopActivityRecordName=null mTopActivityOrientation=-2 topActivityMainWindowFrame=null}, pipChange = null, remoteTransition = null, displayChange = null, flags = 0, debugId = 939 } isSoScActive:false triggerTask:TaskInfo{userId=0 taskId=809 effectiveUid=10570 displayId=0 isRunning=false baseIntent=Intent { act=android.intent.action.MAIN cat=[android.intent.category.LAUNCHER] flg=0x10200000 cmp=com.hyperxray.an/.activity.MainActivity } baseActivity=null topActivity=null origActivity=null realActivity=ComponentInfo{com.hyperxray.an/com.hyperxray.an.activity.MainActivity} numActivities=0 lastActiveTime=51805230 supportsSplitScreenMultiWindow=true mSoScDisplayMode=-1 supportsMultiWindow=true resizeMode=1 isResizeable=true minWidth=-1 minHeight=-1 defaultMinSize=200 token=WCT{android.window.IWindowContainerToken$Stub$Proxy@4f9281b} topActivityType=1 pictureInPictureParams=null shouldDockBigOverlays=false launchIntoPipHostTaskId=-1 lastParentTaskIdBeforePip=-1 displayCutoutSafeInsets=Rect(0, 0 - 0, 0) topActivityInfo=null launchCookies=[] positionInParent=Point(0, 0) parentTaskId=-1 isFocused=true isVisible=true isVisibleRequested=true isTopActivityNoDisplay=false isSleeping=false locusId=null displayAreaFeatureId=1 isTopActivityTransparent=false isActivityStackTransparent=true lastNonFullscreenBounds=Rect(310, 779 - 891, 1979) capturedLink=null capturedLinkTimestamp=0 requestedVisibleTypes=-9 topActivityRequestOpenInBrowserEducationTimestamp=0 appCompatTaskInfo=AppCompatTaskInfo { topActivityInSizeCompat=false eligibleForLetterboxEducation= false topActivityInMiuiSizeCompat=false isLetterboxEducationEnabled= false isLetterboxDoubleTapEnabled= false eligibleForUserAspectRatioButton= false topActivityBoundsLetterboxed= false isFrom
11-27 23:16:15.926 I/ActivityManager( 3688): Update process exit info for com.hyperxray.an(16447/u10570)
11-27 23:16:15.927 D/BarFollowAnimation( 3688): pairAppearanceRegionAndWin win=Window{d46054e u0 com.hyperxray.an/com.hyperxray.an.activity.MainActivity} 0
11-27 23:16:15.927 D/BarFollowAnimation( 3688): isAppTaskBarOnTop win:Window{d46054e u0 com.hyperxray.an/com.hyperxray.an.activity.MainActivity} (mCurrentTopTask:Task{a64f5b8 #810 type=standard A=1000:com.miui.securitycenter nonResizable} : false); (mAssociatedTask:Task{fd8810 #809 type=standard I=com.hyperxray.an/.activity.MainActivity} : false); (mHomeTask:Task{c7eba92 #1 type=home} : true); mReparentToOriginParent:false mLastAppBarVisible:true mLastHomeBarVisible:false
11-27 23:16:15.928 D/WindowManager( 3688):    ChangeInfo{2fd3b61 container=Task{fd8810 #809 type=standard I=com.hyperxray.an/.activity.MainActivity} flags=0x0}
11-27 23:16:15.928 D/WindowManager( 3688):    ChangeInfo{bf12c9d container=ActivityRecord{168509122 u0 com.hyperxray.an/.activity.MainActivity t809 f} isExiting} flags=0x0}
11-27 23:16:15.929 D/WallpaperWindowTokenImpl( 3688):    ChangeInfo{2fd3b61 container=Task{fd8810 #809 type=standard I=com.hyperxray.an/.activity.MainActivity} flags=0x0}
11-27 23:16:15.929 D/WallpaperWindowTokenImpl( 3688):    ChangeInfo{bf12c9d container=ActivityRecord{168509122 u0 com.hyperxray.an/.activity.MainActivity t809 f} isExiting} flags=0x0}
11-27 23:16:15.929 D/BarFollowAnimation( 3688): pairAppearanceRegionAndWin win=Window{d46054e u0 com.hyperxray.an/com.hyperxray.an.activity.MainActivity} 0
11-27 23:16:15.929 D/BarFollowAnimation( 3688): isAppTaskBarOnTop win:Window{d46054e u0 com.hyperxray.an/com.hyperxray.an.activity.MainActivity} (mCurrentTopTask:Task{a64f5b8 #810 type=standard A=1000:com.miui.securitycenter nonResizable} : false); (mAssociatedTask:Task{fd8810 #809 type=standard I=com.hyperxray.an/.activity.MainActivity} : false); (mHomeTask:Task{c7eba92 #1 type=home} : true); mReparentToOriginParent:false mLastAppBarVisible:true mLastHomeBarVisible:false
11-27 23:16:15.934 D/BarFollowAnimation( 3688): pairAppearanceRegionAndWin win=Window{d46054e u0 com.hyperxray.an/com.hyperxray.an.activity.MainActivity} 0
11-27 23:16:15.934 D/BarFollowAnimation( 3688): isAppTaskBarOnTop win:Window{d46054e u0 com.hyperxray.an/com.hyperxray.an.activity.MainActivity} (mCurrentTopTask:Task{a64f5b8 #810 type=standard A=1000:com.miui.securitycenter nonResizable} : false); (mAssociatedTask:Task{fd8810 #809 type=standard I=com.hyperxray.an/.activity.MainActivity} : false); (mHomeTask:Task{c7eba92 #1 type=home} : true); mReparentToOriginParent:false mLastAppBarVisible:true mLastHomeBarVisible:false
11-27 23:16:15.935 E/TransitionChain( 3688):    ChangeInfo{2fd3b61 container=Task{fd8810 #809 type=standard I=com.hyperxray.an/.activity.MainActivity} flags=0x0}
11-27 23:16:15.935 E/TransitionChain( 3688):    ChangeInfo{bf12c9d container=ActivityRecord{168509122 u0 com.hyperxray.an/.activity.MainActivity t809 f} isExiting} flags=0x0}
11-27 23:16:15.935 E/TransitionChain( 3688):    ChangeInfo{2fd3b61 container=Task{fd8810 #809 type=standard I=com.hyperxray.an/.activity.MainActivity} flags=0x0}
11-27 23:16:15.935 E/TransitionChain( 3688):    ChangeInfo{bf12c9d container=ActivityRecord{168509122 u0 com.hyperxray.an/.activity.MainActivity t809 f} isExiting} flags=0x0}
11-27 23:16:15.935 D/ActivityTaskManager( 3688):  setSkipCaptureLayers tr: Task{fd8810 #809 type=standard I=com.hyperxray.an/.activity.MainActivity}
11-27 23:16:15.938 D/WindowManager( 3688):    ChangeInfo{2fd3b61 container=Task{fd8810 #809 type=standard I=com.hyperxray.an/.activity.MainActivity} flags=0x0}
11-27 23:16:15.938 D/WindowManager( 3688):    ChangeInfo{bf12c9d container=ActivityRecord{168509122 u0 com.hyperxray.an/.activity.MainActivity t809 f} isExiting} flags=0x0}
11-27 23:16:15.938 D/WindowManager( 3688):    ChangeInfo{2fd3b61 container=Task{fd8810 #809 type=standard I=com.hyperxray.an/.activity.MainActivity} flags=0x0}
11-27 23:16:15.938 D/WindowManager( 3688):    ChangeInfo{bf12c9d container=ActivityRecord{168509122 u0 com.hyperxray.an/.activity.MainActivity t809 f} isExiting} flags=0x0}
11-27 23:16:15.939 I/ActivityManager( 3688): Force stopping com.hyperxray.an appid=10570 user=0: pkg removed
11-27 23:16:15.939 I/WindowManager( 3688):   Force removing ActivityRecord{168509122 u0 com.hyperxray.an/.activity.MainActivity t809 f} isExiting}
11-27 23:16:15.939 W/WindowManager( 3688): removeAppToken: Attempted to remove non-existing token: Token{7c7ff09 ActivityRecord{168509122 u0 com.hyperxray.an/.activity.MainActivity t809 f} isExiting}}
11-27 23:16:15.943 D/WindowManager( 3688):    ChangeInfo{2fd3b61 container=Task{fd8810 #809 type=standard I=com.hyperxray.an/.activity.MainActivity} flags=0x0}
11-27 23:16:15.943 D/WindowManager( 3688):    ChangeInfo{bf12c9d container=ActivityRecord{168509122 u0 com.hyperxray.an/.activity.MainActivity t809 f} isExiting} flags=0x0}
11-27 23:16:15.943 D/WindowManager( 3688):    ChangeInfo{2fd3b61 container=Task{fd8810 #809 type=standard I=com.hyperxray.an/.activity.MainActivity} flags=0x0}
11-27 23:16:15.943 D/WindowManager( 3688):    ChangeInfo{bf12c9d container=ActivityRecord{168509122 u0 com.hyperxray.an/.activity.MainActivity t809 f} isExiting} flags=0x0}
11-27 23:16:15.949 W/ActivityManager( 3688): 	at libcore.io.Linux.open(Native Method)
11-27 23:16:15.956 E/AppOps  ( 3688): Operation not started: uid=10570 pkg=com.hyperxray.an(null) op=WAKE_LOCK
11-27 23:16:15.967 D/BarFollowAnimation( 3688): pairAppearanceRegionAndWin win=Window{d46054e u0 com.hyperxray.an/com.hyperxray.an.activity.MainActivity} 0
11-27 23:16:15.967 D/BarFollowAnimation( 3688): isAppTaskBarOnTop win:Window{d46054e u0 com.hyperxray.an/com.hyperxray.an.activity.MainActivity} (mCurrentTopTask:Task{a64f5b8 #810 type=standard A=1000:com.miui.securitycenter nonResizable} : false); (mAssociatedTask:Task{fd8810 #809 type=standard I=com.hyperxray.an/.activity.MainActivity} : false); (mHomeTask:Task{c7eba92 #1 type=home} : true); mReparentToOriginParent:false mLastAppBarVisible:true mLastHomeBarVisible:false
11-27 23:16:15.975 D/BarFollowAnimation( 3688): pairAppearanceRegionAndWin win=Window{d46054e u0 com.hyperxray.an/com.hyperxray.an.activity.MainActivity} 0
11-27 23:16:15.976 D/BarFollowAnimation( 3688): isAppTaskBarOnTop win:Window{d46054e u0 com.hyperxray.an/com.hyperxray.an.activity.MainActivity} (mCurrentTopTask:Task{a64f5b8 #810 type=standard A=1000:com.miui.securitycenter nonResizable} : false); (mAssociatedTask:Task{fd8810 #809 type=standard I=com.hyperxray.an/.activity.MainActivity} : false); (mHomeTask:Task{c7eba92 #1 type=home} : true); mReparentToOriginParent:false mLastAppBarVisible:true mLastHomeBarVisible:false
11-27 23:16:15.977 D/BarFollowAnimation( 3688): isAppTaskBarOnTop win:Window{b9539c4 u0 com.miui.home/com.miui.home.launcher.Launcher} (mCurrentTopTask:Task{a64f5b8 #810 type=standard A=1000:com.miui.securitycenter nonResizable} : false); (mAssociatedTask:Task{fd8810 #809 type=standard I=com.hyperxray.an/.activity.MainActivity} : false); (mHomeTask:Task{c7eba92 #1 type=home} : true); mReparentToOriginParent:false mLastAppBarVisible:true mLastHomeBarVisible:false
11-27 23:16:15.979 D/BarFollowAnimation( 3688): pairAppearanceRegionAndWin win=Window{d46054e u0 com.hyperxray.an/com.hyperxray.an.activity.MainActivity} 0
11-27 23:16:15.979 D/BarFollowAnimation( 3688): isAppTaskBarOnTop win:Window{b9539c4 u0 com.miui.home/com.miui.home.launcher.Launcher} (mCurrentTopTask:Task{a64f5b8 #810 type=standard A=1000:com.miui.securitycenter nonResizable} : false); (mAssociatedTask:Task{fd8810 #809 type=standard I=com.hyperxray.an/.activity.MainActivity} : false); (mHomeTask:Task{c7eba92 #1 type=home} : true); mReparentToOriginParent:false mLastAppBarVisible:true mLastHomeBarVisible:false
11-27 23:16:15.979 D/BarFollowAnimation( 3688): pairAppearanceRegionAndWin win=Window{d46054e u0 com.hyperxray.an/com.hyperxray.an.activity.MainActivity} 0
11-27 23:16:15.979 D/BarFollowAnimation( 3688): isAppTaskBarOnTop win:Window{b9539c4 u0 com.miui.home/com.miui.home.launcher.Launcher} (mCurrentTopTask:Task{a64f5b8 #810 type=standard A=1000:com.miui.securitycenter nonResizable} : false); (mAssociatedTask:Task{fd8810 #809 type=standard I=com.hyperxray.an/.activity.MainActivity} : false); (mHomeTask:Task{c7eba92 #1 type=home} : true); mReparentToOriginParent:false mLastAppBarVisible:true mLastHomeBarVisible:false
11-27 23:16:15.980 D/BarFollowAnimation( 3688): pairAppearanceRegionAndWin win=Window{d46054e u0 com.hyperxray.an/com.hyperxray.an.activity.MainActivity} 0
11-27 23:16:15.980 D/BarFollowAnimation( 3688): isAppTaskBarOnTop win:Window{b9539c4 u0 com.miui.home/com.miui.home.launcher.Launcher} (mCurrentTopTask:Task{a64f5b8 #810 type=standard A=1000:com.miui.securitycenter nonResizable} : false); (mAssociatedTask:Task{fd8810 #809 type=standard I=com.hyperxray.an/.activity.MainActivity} : false); (mHomeTask:Task{c7eba92 #1 type=home} : true); mReparentToOriginParent:false mLastAppBarVisible:true mLastHomeBarVisible:false
11-27 23:16:15.986 W/PackageConfigPersister( 3688): App-specific configuration not found for packageName: com.hyperxray.an and userId: 0
11-27 23:16:15.994 D/BarFollowAnimation( 3688): pairAppearanceRegionAndWin win=Window{d46054e u0 com.hyperxray.an/com.hyperxray.an.activity.MainActivity} 0
11-27 23:16:15.994 D/BarFollowAnimation( 3688): isAppTaskBarOnTop win:Window{b9539c4 u0 com.miui.home/com.miui.home.launcher.Launcher} (mCurrentTopTask:Task{a64f5b8 #810 type=standard A=1000:com.miui.securitycenter nonResizable} : false); (mAssociatedTask:Task{fd8810 #809 type=standard I=com.hyperxray.an/.activity.MainActivity} : false); (mHomeTask:Task{c7eba92 #1 type=home} : true); mReparentToOriginParent:false mLastAppBarVisible:true mLastHomeBarVisible:false
11-27 23:16:16.000 I/Telecom ( 3688): CarModeTracker: Package com.hyperxray.an is not tracked.: SSH.oR@MiY
11-27 23:16:16.015 D/BarFollowAnimation( 3688): pairAppearanceRegionAndWin win=Window{d46054e u0 com.hyperxray.an/com.hyperxray.an.activity.MainActivity} 0
11-27 23:16:16.015 D/BarFollowAnimation( 3688): isAppTaskBarOnTop win:Window{b9539c4 u0 com.miui.home/com.miui.home.launcher.Launcher} (mCurrentTopTask:Task{a64f5b8 #810 type=standard A=1000:com.miui.securitycenter nonResizable} : false); (mAssociatedTask:Task{fd8810 #809 type=standard I=com.hyperxray.an/.activity.MainActivity} : false); (mHomeTask:Task{c7eba92 #1 type=home} : true); mReparentToOriginParent:false mLastAppBarVisible:true mLastHomeBarVisible:false
11-27 23:16:16.016 D/BarFollowAnimation( 3688): pairAppearanceRegionAndWin win=Window{d46054e u0 com.hyperxray.an/com.hyperxray.an.activity.MainActivity} 0
11-27 23:16:16.016 D/BarFollowAnimation( 3688): isAppTaskBarOnTop win:Window{b9539c4 u0 com.miui.home/com.miui.home.launcher.Launcher} (mCurrentTopTask:Task{a64f5b8 #810 type=standard A=1000:com.miui.securitycenter nonResizable} : false); (mAssociatedTask:Task{fd8810 #809 type=standard I=com.hyperxray.an/.activity.MainActivity} : false); (mHomeTask:Task{c7eba92 #1 type=home} : true); mReparentToOriginParent:false mLastAppBarVisible:true mLastHomeBarVisible:false
11-27 23:16:16.024 D/ShortcutService( 3688): replacing package: com.hyperxray.an userId=0
11-27 23:16:16.024 D/GreezeManager( 3688): uid: 10570  pkg:com.hyperxray.an package added.
11-27 23:16:16.027 I/MiuiCompatModePackages( 3688): package com.hyperxray.an updated, removing config
11-27 23:16:16.044 D/BarFollowAnimation( 3688): pairAppearanceRegionAndWin win=Window{d46054e u0 com.hyperxray.an/com.hyperxray.an.activity.MainActivity} 0
11-27 23:16:16.044 D/BarFollowAnimation( 3688): isAppTaskBarOnTop win:Window{b9539c4 u0 com.miui.home/com.miui.home.launcher.Launcher} (mCurrentTopTask:Task{a64f5b8 #810 type=standard A=1000:com.miui.securitycenter nonResizable} : false); (mAssociatedTask:Task{fd8810 #809 type=standard I=com.hyperxray.an/.activity.MainActivity} : false); (mHomeTask:Task{c7eba92 #1 type=home} : true); mReparentToOriginParent:false mLastAppBarVisible:true mLastHomeBarVisible:false
11-27 23:16:16.045 D/TransitionImpl( 3688): forceAddToTransition Task{fd8810 #809 type=standard I=com.hyperxray.an/.activity.MainActivity}
11-27 23:16:16.045 D/WindowManager( 3688): Final targets: [ChangeInfo{3f7d4e3 container=Task{c7eba92 #1 type=home} flags=0x30}, ChangeInfo{2fd3b61 container=Task{fd8810 #809 type=standard I=com.hyperxray.an/.activity.MainActivity} flags=0x0}, ChangeInfo{c0ffc18 container=WallpaperWindowToken{22d72ad showWhenLocked=true} flags=0x0}]
11-27 23:16:16.046 I/DynamicIslandService( 3688): elementSurfaceTransition is null for:com.hyperxray.an
11-27 23:16:16.046 D/WindowManager( 3688): Calling onTransitionReady info={id=939 t=CLOSE f=0x0 trk=0 r=[0@Point(0, 0)] c=[{WCT{RemoteToken{6bc96c5 Task{c7eba92 #1 type=home}}} m=TO_FRONT f=SHOW_WALLPAPER|MOVE_TO_TOP leash=Surface(name=Task=1#51)/@0xa589ac7 sb=Rect(0, 0 - 1200, 2670) eb=Rect(0, 0 - 1200, 2670) epz=Point(1200, 2670) d=0 taskParent=-1 v=trueMiuiChangeImpl {miuiEmbedding:false, scale:1.0}},{WCT{RemoteToken{dec456c Task{fd8810 #809 type=standard I=com.hyperxray.an/.activity.MainActivity}}} m=CLOSE f=NONE leash=Surface(name=Task=809#20914)/@0xff504d3 sb=Rect(0, 0 - 1200, 2670) eb=Rect(0, 0 - 1200, 2670) epz=Point(1200, 2670) d=0 taskParent=-1 v=falseMiuiChangeImpl {miuiEmbedding:false, scale:1.0}},{m=TO_FRONT f=IS_WALLPAPER leash=Surface(name=WallpaperWindowToken{22d72ad showWhenLocked=false}#69)/@0x518b9e2 sb=Rect(0, 0 - 1200, 2670) eb=Rect(0, 0 - 1200, 2670) epz=Point(1200, 2670) d=0 v=trueMiuiChangeImpl {miuiEmbedding:false, scale:1.0}}] mk=[false] noAni=[false] df=[false] rsa=[false] oa=[false] nc=[0] ho=[true] hla=[false] iSync=[-1]}, mToken=Token{8f777e2 TransitionRecord{6fb1ec8 id=939 type=CLOSE flags=0x0 c=[
11-27 23:16:16.046 D/WindowManager( 3688):    ChangeInfo{2fd3b61 container=Task{fd8810 #809 type=standard I=com.hyperxray.an/.activity.MainActivity} flags=0x0}
11-27 23:16:16.046 D/WindowManager( 3688):    ChangeInfo{bf12c9d container=ActivityRecord{168509122 u0 com.hyperxray.an/.activity.MainActivity t809 f} isExiting} flags=0x0}
11-27 23:16:16.047 E/WindowManager( 3688):  source = Task{fd8810 #809 type=standard I=com.hyperxray.an/.activity.MainActivity} excludeMiuiNavBar = true excludeMiuiStatusBar = true excludeIme = false excludeNavBar = true miuiNavSurfaceControl = Surface(name=NavigationBar Container of Task = 809#20915)/@0xe1b153c miuiStatusSurfaceControl = Surface(name=StatusBar Container of Task = 809#20917)/@0xa6882c5
11-27 23:16:16.047 D/BarFollowAnimation( 3688): disableBarAnimation change={WCT{RemoteToken{dec456c Task{fd8810 #809 type=standard I=com.hyperxray.an/.activity.MainActivity}}} m=CLOSE f=NONE leash=Surface(name=Task=809#20914)/@0xff504d3 sb=Rect(0, 0 - 1200, 2670) eb=Rect(0, 0 - 1200, 2670) epz=Point(1200, 2670) d=0 taskParent=-1 v=falseMiuiChangeImpl {miuiEmbedding:false, scale:1.0}} 1 1
11-27 23:16:16.047 D/BarFollowAnimation( 3688): startStatusBarAnimation change= {WCT{RemoteToken{dec456c Task{fd8810 #809 type=standard I=com.hyperxray.an/.activity.MainActivity}}} m=CLOSE f=NONE leash=Surface(name=Task=809#20914)/@0xff504d3 sb=Rect(0, 0 - 1200, 2670) eb=Rect(0, 0 - 1200, 2670) epz=Point(1200, 2670) d=0 taskParent=-1 v=falseMiuiChangeImpl {miuiEmbedding:false, scale:1.0}} isRecent=false startWindowMode=1 endWindowMode=1 statusState=-1 isRotationAnimation=false
11-27 23:16:16.053 D/WindowManager( 3688): snapshot isNothing = false source = Task{fd8810 #809 type=standard I=com.hyperxray.an/.activity.MainActivity}
11-27 23:16:16.054 D/BarFollowAnimation( 3688): isAppTaskBarOnTop win:Window{b9539c4 u0 com.miui.home/com.miui.home.launcher.Launcher} (mCurrentTopTask:Task{a64f5b8 #810 type=standard A=1000:com.miui.securitycenter nonResizable} : false); (mAssociatedTask:Task{fd8810 #809 type=standard I=com.hyperxray.an/.activity.MainActivity} : false); (mHomeTask:Task{c7eba92 #1 type=home} : true); mReparentToOriginParent:false mLastAppBarVisible:false mLastHomeBarVisible:true
11-27 23:16:16.055 D/ActivityThread( 8302): Package [com.hyperxray.an] reported as REPLACED, but missing application info. Assuming REMOVED.
11-27 23:16:16.055 D/ActivityThread(11411): Package [com.hyperxray.an] reported as REPLACED, but missing application info. Assuming REMOVED.
11-27 23:16:16.056 D/ActivityThread(13712): Package [com.hyperxray.an] reported as REPLACED, but missing application info. Assuming REMOVED.
11-27 23:16:16.056 D/ActivityThread(18318): Package [com.hyperxray.an] reported as REPLACED, but missing application info. Assuming REMOVED.
11-27 23:16:16.056 D/ActivityThread(13770): Package [com.hyperxray.an] reported as REPLACED, but missing application info. Assuming REMOVED.
11-27 23:16:16.056 D/ActivityThread( 6328): Package [com.hyperxray.an] reported as REPLACED, but missing application info. Assuming REMOVED.
11-27 23:16:16.056 D/ActivityThread(17187): Package [com.hyperxray.an] reported as REPLACED, but missing application info. Assuming REMOVED.
11-27 23:16:16.056 D/ActivityThread(20373): Package [com.hyperxray.an] reported as REPLACED, but missing application info. Assuming REMOVED.
11-27 23:16:16.056 D/ActivityThread(23866): Package [com.hyperxray.an] reported as REPLACED, but missing application info. Assuming REMOVED.
11-27 23:16:16.057 D/ActivityThread(11570): Package [com.hyperxray.an] reported as REPLACED, but missing application info. Assuming REMOVED.
11-27 23:16:16.058 D/ActivityThread(20570): Package [com.hyperxray.an] reported as REPLACED, but missing application info. Assuming REMOVED.
11-27 23:16:16.058 D/ActivityThread(21730): Package [com.hyperxray.an] reported as REPLACED, but missing application info. Assuming REMOVED.
11-27 23:16:16.058 D/ActivityThread(12969): Package [com.hyperxray.an] reported as REPLACED, but missing application info. Assuming REMOVED.
11-27 23:16:16.058 D/ActivityThread(16020): Package [com.hyperxray.an] reported as REPLACED, but missing application info. Assuming REMOVED.
11-27 23:16:16.058 D/ActivityThread(19572): Package [com.hyperxray.an] reported as REPLACED, but missing application info. Assuming REMOVED.
11-27 23:16:16.058 D/ActivityThread(30349): Package [com.hyperxray.an] reported as REPLACED, but missing application info. Assuming REMOVED.
11-27 23:16:16.059 D/ActivityThread(27396): Package [com.hyperxray.an] reported as REPLACED, but missing application info. Assuming REMOVED.
11-27 23:16:16.059 D/ActivityThread( 5629): Package [com.hyperxray.an] reported as REPLACED, but missing application info. Assuming REMOVED.
11-27 23:16:16.059 D/ActivityThread(14989): Package [com.hyperxray.an] reported as REPLACED, but missing application info. Assuming REMOVED.
11-27 23:16:16.059 D/ActivityThread( 8292): Package [com.hyperxray.an] reported as REPLACED, but missing application info. Assuming REMOVED.
11-27 23:16:16.059 D/ActivityThread(18704): Package [com.hyperxray.an] reported as REPLACED, but missing application info. Assuming REMOVED.
11-27 23:16:16.059 D/ActivityThread(10959): Package [com.hyperxray.an] reported as REPLACED, but missing application info. Assuming REMOVED.
11-27 23:16:16.059 D/ActivityThread(31316): Package [com.hyperxray.an] reported as REPLACED, but missing application info. Assuming REMOVED.
11-27 23:16:16.059 D/ActivityThread(23103): Package [com.hyperxray.an] reported as REPLACED, but missing application info. Assuming REMOVED.
11-27 23:16:16.059 D/ActivityThread( 7727): Package [com.hyperxray.an] reported as REPLACED, but missing application info. Assuming REMOVED.
11-27 23:16:16.060 D/ActivityThread(12087): Package [com.hyperxray.an] reported as REPLACED, but missing application info. Assuming REMOVED.
11-27 23:16:16.060 D/ActivityThread(12763): Package [com.hyperxray.an] reported as REPLACED, but missing application info. Assuming REMOVED.
11-27 23:16:16.060 D/ActivityThread(11041): Package [com.hyperxray.an] reported as REPLACED, but missing application info. Assuming REMOVED.
11-27 23:16:16.060 D/ActivityThread(22628): Package [com.hyperxray.an] reported as REPLACED, but missing application info. Assuming REMOVED.
11-27 23:16:16.060 D/ActivityThread(18268): Package [com.hyperxray.an] reported as REPLACED, but missing application info. Assuming REMOVED.
11-27 23:16:16.060 D/ActivityThread(15978): Package [com.hyperxray.an] reported as REPLACED, but missing application info. Assuming REMOVED.
11-27 23:16:16.060 D/ActivityThread(23217): Package [com.hyperxray.an] reported as REPLACED, but missing application info. Assuming REMOVED.
11-27 23:16:16.060 D/ActivityThread( 4666): Package [com.hyperxray.an] reported as REPLACED, but missing application info. Assuming REMOVED.
11-27 23:16:16.060 D/ActivityThread(27529): Package [com.hyperxray.an] reported as REPLACED, but missing application info. Assuming REMOVED.
11-27 23:16:16.060 D/ActivityThread(12920): Package [com.hyperxray.an] reported as REPLACED, but missing application info. Assuming REMOVED.
11-27 23:16:16.060 D/ActivityThread(30596): Package [com.hyperxray.an] reported as REPLACED, but missing application info. Assuming REMOVED.
11-27 23:16:16.060 D/ActivityThread( 8428): Package [com.hyperxray.an] reported as REPLACED, but missing application info. Assuming REMOVED.
11-27 23:16:16.061 D/ActivityThread(  759): Package [com.hyperxray.an] reported as REPLACED, but missing application info. Assuming REMOVED.
11-27 23:16:16.061 D/ActivityThread( 6635): Package [com.hyperxray.an] reported as REPLACED, but missing application info. Assuming REMOVED.
11-27 23:16:16.061 D/ActivityThread(23506): Package [com.hyperxray.an] reported as REPLACED, but missing application info. Assuming REMOVED.
11-27 23:16:16.061 D/ActivityThread(25877): Package [com.hyperxray.an] reported as REPLACED, but missing application info. Assuming REMOVED.
11-27 23:16:16.061 D/ActivityThread( 7546): Package [com.hyperxray.an] reported as REPLACED, but missing application info. Assuming REMOVED.
11-27 23:16:16.061 D/ActivityThread(19046): Package [com.hyperxray.an] reported as REPLACED, but missing application info. Assuming REMOVED.
11-27 23:16:16.061 D/ActivityThread(16863): Package [com.hyperxray.an] reported as REPLACED, but missing application info. Assuming REMOVED.
11-27 23:16:16.062 D/ActivityThread(31762): Package [com.hyperxray.an] reported as REPLACED, but missing application info. Assuming REMOVED.
11-27 23:16:16.062 D/ActivityThread(21518): Package [com.hyperxray.an] reported as REPLACED, but missing application info. Assuming REMOVED.
11-27 23:16:16.062 D/ActivityThread(23493): Package [com.hyperxray.an] reported as REPLACED, but missing application info. Assuming REMOVED.
11-27 23:16:16.062 D/ActivityThread(24778): Package [com.hyperxray.an] reported as REPLACED, but missing application info. Assuming REMOVED.
11-27 23:16:16.062 D/ActivityThread(26466): Package [com.hyperxray.an] reported as REPLACED, but missing application info. Assuming REMOVED.
11-27 23:16:16.062 D/ActivityThread(10837): Package [com.hyperxray.an] reported as REPLACED, but missing application info. Assuming REMOVED.
11-27 23:16:16.062 D/ActivityThread(11425): Package [com.hyperxray.an] reported as REPLACED, but missing application info. Assuming REMOVED.
11-27 23:16:16.062 D/ActivityThread(12248): Package [com.hyperxray.an] reported as REPLACED, but missing application info. Assuming REMOVED.
11-27 23:16:16.063 D/ActivityThread( 3185): Package [com.hyperxray.an] reported as REPLACED, but missing application info. Assuming REMOVED.
11-27 23:16:16.063 D/ActivityThread(13047): Package [com.hyperxray.an] reported as REPLACED, but missing application info. Assuming REMOVED.
11-27 23:16:16.063 D/ActivityThread(23999): Package [com.hyperxray.an] reported as REPLACED, but missing application info. Assuming REMOVED.
11-27 23:16:16.064 D/ActivityThread(25833): Package [com.hyperxray.an] reported as REPLACED, but missing application info. Assuming REMOVED.
11-27 23:16:16.064 D/ActivityThread(10941): Package [com.hyperxray.an] reported as REPLACED, but missing application info. Assuming REMOVED.
11-27 23:16:16.064 D/ActivityThread( 5385): Package [com.hyperxray.an] reported as REPLACED, but missing application info. Assuming REMOVED.
11-27 23:16:16.065 D/ActivityThread(26384): Package [com.hyperxray.an] reported as REPLACED, but missing application info. Assuming REMOVED.
11-27 23:16:16.065 D/ActivityThread( 2961): Package [com.hyperxray.an] reported as REPLACED, but missing application info. Assuming REMOVED.
11-27 23:16:16.065 D/ActivityThread(23919): Package [com.hyperxray.an] reported as REPLACED, but missing application info. Assuming REMOVED.
11-27 23:16:16.066 D/ActivityThread( 7573): Package [com.hyperxray.an] reported as REPLACED, but missing application info. Assuming REMOVED.
11-27 23:16:16.066 D/ActivityThread( 6388): Package [com.hyperxray.an] reported as REPLACED, but missing application info. Assuming REMOVED.
11-27 23:16:16.067 D/ActivityThread(15494): Package [com.hyperxray.an] reported as REPLACED, but missing application info. Assuming REMOVED.
11-27 23:16:16.067 D/ActivityThread(26029): Package [com.hyperxray.an] reported as REPLACED, but missing application info. Assuming REMOVED.
11-27 23:16:16.067 D/ActivityThread(10886): Package [com.hyperxray.an] reported as REPLACED, but missing application info. Assuming REMOVED.
11-27 23:16:16.067 D/ActivityThread(  805): Package [com.hyperxray.an] reported as REPLACED, but missing application info. Assuming REMOVED.
11-27 23:16:16.068 D/ActivityThread(19716): Package [com.hyperxray.an] reported as REPLACED, but missing application info. Assuming REMOVED.
11-27 23:16:16.068 D/ActivityThread(13131): Package [com.hyperxray.an] reported as REPLACED, but missing application info. Assuming REMOVED.
11-27 23:16:16.068 D/ActivityThread(11286): Package [com.hyperxray.an] reported as REPLACED, but missing application info. Assuming REMOVED.
11-27 23:16:16.068 D/ActivityThread(31934): Package [com.hyperxray.an] reported as REPLACED, but missing application info. Assuming REMOVED.
11-27 23:16:16.068 D/ActivityThread(11208): Package [com.hyperxray.an] reported as REPLACED, but missing application info. Assuming REMOVED.
11-27 23:16:16.068 D/ActivityThread(29063): Package [com.hyperxray.an] reported as REPLACED, but missing application info. Assuming REMOVED.
11-27 23:16:16.068 D/ActivityThread(13031): Package [com.hyperxray.an] reported as REPLACED, but missing application info. Assuming REMOVED.
11-27 23:16:16.069 D/ActivityThread(11184): Package [com.hyperxray.an] reported as REPLACED, but missing application info. Assuming REMOVED.
11-27 23:16:16.069 D/ActivityThread(11112): Package [com.hyperxray.an] reported as REPLACED, but missing application info. Assuming REMOVED.
11-27 23:16:16.069 D/ActivityThread(11071): Package [com.hyperxray.an] reported as REPLACED, but missing application info. Assuming REMOVED.
11-27 23:16:16.069 D/ActivityThread(20958): Package [com.hyperxray.an] reported as REPLACED, but missing application info. Assuming REMOVED.
11-27 23:16:16.069 D/ActivityThread( 2043): Package [com.hyperxray.an] reported as REPLACED, but missing application info. Assuming REMOVED.
11-27 23:16:16.069 D/ActivityThread( 6013): Package [com.hyperxray.an] reported as REPLACED, but missing application info. Assuming REMOVED.
11-27 23:16:16.069 D/ActivityThread(25785): Package [com.hyperxray.an] reported as REPLACED, but missing application info. Assuming REMOVED.
11-27 23:16:16.069 D/ActivityThread(31251): Package [com.hyperxray.an] reported as REPLACED, but missing application info. Assuming REMOVED.
11-27 23:16:16.069 D/ActivityThread(19103): Package [com.hyperxray.an] reported as REPLACED, but missing application info. Assuming REMOVED.
11-27 23:16:16.069 D/ActivityThread(19075): Package [com.hyperxray.an] reported as REPLACED, but missing application info. Assuming REMOVED.
11-27 23:16:16.070 D/ActivityThread( 6037): Package [com.hyperxray.an] reported as REPLACED, but missing application info. Assuming REMOVED.
11-27 23:16:16.070 D/ActivityThread( 4875): Package [com.hyperxray.an] reported as REPLACED, but missing application info. Assuming REMOVED.
11-27 23:16:16.070 D/ActivityThread( 3646): Package [com.hyperxray.an] reported as REPLACED, but missing application info. Assuming REMOVED.
11-27 23:16:16.070 D/ActivityThread(11167): Package [com.hyperxray.an] reported as REPLACED, but missing application info. Assuming REMOVED.
11-27 23:16:16.070 D/ActivityThread(21731): Package [com.hyperxray.an] reported as REPLACED, but missing application info. Assuming REMOVED.
11-27 23:16:16.070 D/ActivityTaskManager( 3688):  setSkipCaptureLayers tr: Task{fd8810 #809 type=standard I=com.hyperxray.an/.activity.MainActivity}
11-27 23:16:16.070 D/ActivityThread( 5890): Package [com.hyperxray.an] reported as REPLACED, but missing application info. Assuming REMOVED.
11-27 23:16:16.070 D/ActivityThread( 5788): Package [com.hyperxray.an] reported as REPLACED, but missing application info. Assuming REMOVED.
11-27 23:16:16.070 D/ActivityThread( 5949): Package [com.hyperxray.an] reported as REPLACED, but missing application info. Assuming REMOVED.
11-27 23:16:16.070 D/ActivityThread(11127): Package [com.hyperxray.an] reported as REPLACED, but missing application info. Assuming REMOVED.
11-27 23:16:16.071 D/ActivityThread(19573): Package [com.hyperxray.an] reported as REPLACED, but missing application info. Assuming REMOVED.
11-27 23:16:16.071 D/ActivityThread(27687): Package [com.hyperxray.an] reported as REPLACED, but missing application info. Assuming REMOVED.
11-27 23:16:16.071 D/ActivityThread( 5745): Package [com.hyperxray.an] reported as REPLACED, but missing application info. Assuming REMOVED.
11-27 23:16:16.071 D/ActivityThread( 3103): Package [com.hyperxray.an] reported as REPLACED, but missing application info. Assuming REMOVED.
11-27 23:16:16.071 D/ActivityThread( 5685): Package [com.hyperxray.an] reported as REPLACED, but missing application info. Assuming REMOVED.
11-27 23:16:16.071 D/ActivityThread( 5812): Package [com.hyperxray.an] reported as REPLACED, but missing application info. Assuming REMOVED.
11-27 23:16:16.071 D/ActivityThread( 4584): Package [com.hyperxray.an] reported as REPLACED, but missing application info. Assuming REMOVED.
11-27 23:16:16.071 D/ActivityThread( 5920): Package [com.hyperxray.an] reported as REPLACED, but missing application info. Assuming REMOVED.
11-27 23:16:16.071 D/ActivityThread( 3559): Package [com.hyperxray.an] reported as REPLACED, but missing application info. Assuming REMOVED.
11-27 23:16:16.071 D/ActivityThread(26067): Package [com.hyperxray.an] reported as REPLACED, but missing application info. Assuming REMOVED.
11-27 23:16:16.072 D/ActivityThread( 5831): Package [com.hyperxray.an] reported as REPLACED, but missing application info. Assuming REMOVED.
11-27 23:16:16.074 D/ActivityThread( 5857): Package [com.hyperxray.an] reported as REPLACED, but missing application info. Assuming REMOVED.
11-27 23:16:16.074 D/ActivityThread( 5709): Package [com.hyperxray.an] reported as REPLACED, but missing application info. Assuming REMOVED.
11-27 23:16:16.074 D/ActivityThread(23352): Package [com.hyperxray.an] reported as REPLACED, but missing application info. Assuming REMOVED.
11-27 23:16:16.076 D/ActivityThread( 7762): Package [com.hyperxray.an] reported as REPLACED, but missing application info. Assuming REMOVED.
11-27 23:16:16.076 D/ActivityThread( 5723): Package [com.hyperxray.an] reported as REPLACED, but missing application info. Assuming REMOVED.
11-27 23:16:16.076 D/ActivityThread(28663): Package [com.hyperxray.an] reported as REPLACED, but missing application info. Assuming REMOVED.
11-27 23:16:16.084 D/ActivityThread(11089): Package [com.hyperxray.an] reported as REPLACED, but missing application info. Assuming REMOVED.
11-27 23:16:16.087 W/AlarmManager( 3688): Package com.hyperxray.an, uid 10570 lost permission to set exact alarms!
11-27 23:16:16.087 D/ActivityThread( 3688): Package [com.hyperxray.an] reported as REPLACED, but missing application info. Assuming REMOVED.
11-27 23:16:16.099 D/ActivityThread(11425): Package [com.hyperxray.an] reported as REPLACED, but missing application info. Assuming REMOVED.
11-27 23:16:16.099 D/ActivityThread(11411): Package [com.hyperxray.an] reported as REPLACED, but missing application info. Assuming REMOVED.
11-27 23:16:16.099 D/ActivityThread(18318): Package [com.hyperxray.an] reported as REPLACED, but missing application info. Assuming REMOVED.
11-27 23:16:16.099 D/ActivityThread( 8302): Package [com.hyperxray.an] reported as REPLACED, but missing application info. Assuming REMOVED.
11-27 23:16:16.100 D/ActivityThread(20373): Package [com.hyperxray.an] reported as REPLACED, but missing application info. Assuming REMOVED.
11-27 23:16:16.100 D/ActivityThread(13770): Package [com.hyperxray.an] reported as REPLACED, but missing application info. Assuming REMOVED.
11-27 23:16:16.100 D/ActivityThread(13031): Package [com.hyperxray.an] reported as REPLACED, but missing application info. Assuming REMOVED.
11-27 23:16:16.100 D/BarFollowAnimation( 3688): isAppTaskBarOnTop win:Window{b9539c4 u0 com.miui.home/com.miui.home.launcher.Launcher} (mCurrentTopTask:Task{a64f5b8 #810 type=standard A=1000:com.miui.securitycenter nonResizable} : false); (mAssociatedTask:Task{fd8810 #809 type=standard I=com.hyperxray.an/.activity.MainActivity} : false); (mHomeTask:Task{c7eba92 #1 type=home} : true); mReparentToOriginParent:false mLastAppBarVisible:false mLastHomeBarVisible:true
11-27 23:16:16.101 D/ActivityThread( 6328): Package [com.hyperxray.an] reported as REPLACED, but missing application info. Assuming REMOVED.
11-27 23:16:16.101 D/ActivityThread(13712): Package [com.hyperxray.an] reported as REPLACED, but missing application info. Assuming REMOVED.
11-27 23:16:16.101 D/ActivityThread(12969): Package [com.hyperxray.an] reported as REPLACED, but missing application info. Assuming REMOVED.
11-27 23:16:16.101 D/ActivityThread(27529): Package [com.hyperxray.an] reported as REPLACED, but missing application info. Assuming REMOVED.
11-27 23:16:16.101 D/ActivityThread(23866): Package [com.hyperxray.an] reported as REPLACED, but missing application info. Assuming REMOVED.
11-27 23:16:16.101 D/ActivityThread(11570): Package [com.hyperxray.an] reported as REPLACED, but missing application info. Assuming REMOVED.
11-27 23:16:16.101 D/ActivityThread(17187): Package [com.hyperxray.an] reported as REPLACED, but missing application info. Assuming REMOVED.
11-27 23:16:16.101 D/ActivityThread(12920): Package [com.hyperxray.an] reported as REPLACED, but missing application info. Assuming REMOVED.
11-27 23:16:16.101 D/ActivityThread(12248): Package [com.hyperxray.an] reported as REPLACED, but missing application info. Assuming REMOVED.
11-27 23:16:16.101 D/ActivityThread(16863): Package [com.hyperxray.an] reported as REPLACED, but missing application info. Assuming REMOVED.
11-27 23:16:16.101 D/ActivityThread(23919): Package [com.hyperxray.an] reported as REPLACED, but missing application info. Assuming REMOVED.
11-27 23:16:16.101 D/ActivityThread( 5629): Package [com.hyperxray.an] reported as REPLACED, but missing application info. Assuming REMOVED.
11-27 23:16:16.101 D/ActivityThread( 6388): Package [com.hyperxray.an] reported as REPLACED, but missing application info. Assuming REMOVED.
11-27 23:16:16.101 D/ActivityThread(21730): Package [com.hyperxray.an] reported as REPLACED, but missing application info. Assuming REMOVED.
11-27 23:16:16.102 D/ActivityThread(  759): Package [com.hyperxray.an] reported as REPLACED, but missing application info. Assuming REMOVED.
11-27 23:16:16.102 D/ActivityThread(20570): Package [com.hyperxray.an] reported as REPLACED, but missing application info. Assuming REMOVED.
11-27 23:16:16.102 D/ActivityThread( 3185): Package [com.hyperxray.an] reported as REPLACED, but missing application info. Assuming REMOVED.
11-27 23:16:16.102 D/ActivityThread(11041): Package [com.hyperxray.an] reported as REPLACED, but missing application info. Assuming REMOVED.
11-27 23:16:16.102 D/ActivityThread(16020): Package [com.hyperxray.an] reported as REPLACED, but missing application info. Assuming REMOVED.
11-27 23:16:16.102 D/ActivityThread(30349): Package [com.hyperxray.an] reported as REPLACED, but missing application info. Assuming REMOVED.
11-27 23:16:16.103 D/ActivityThread(10941): Package [com.hyperxray.an] reported as REPLACED, but missing application info. Assuming REMOVED.
11-27 23:16:16.103 D/ActivityThread( 7573): Package [com.hyperxray.an] reported as REPLACED, but missing application info. Assuming REMOVED.
11-27 23:16:16.103 D/ActivityThread(23352): Package [com.hyperxray.an] reported as REPLACED, but missing application info. Assuming REMOVED.
11-27 23:16:16.103 D/ActivityThread( 8428): Package [com.hyperxray.an] reported as REPLACED, but missing application info. Assuming REMOVED.
11-27 23:16:16.103 D/ActivityThread(27687): Package [com.hyperxray.an] reported as REPLACED, but missing application info. Assuming REMOVED.
11-27 23:16:16.103 D/ActivityThread(26466): Package [com.hyperxray.an] reported as REPLACED, but missing application info. Assuming REMOVED.
11-27 23:16:16.103 D/ActivityThread(15978): Package [com.hyperxray.an] reported as REPLACED, but missing application info. Assuming REMOVED.
11-27 23:16:16.103 D/ActivityThread(18704): Package [com.hyperxray.an] reported as REPLACED, but missing application info. Assuming REMOVED.
11-27 23:16:16.103 D/ActivityThread(28663): Package [com.hyperxray.an] reported as REPLACED, but missing application info. Assuming REMOVED.
