11-27 23:21:44.171 E/WindowManager(12920): 	at android.os.Looper.loop(Looper.java:360)
11-27 23:21:44.171 E/WindowManager(12920): 	at android.app.ActivityThread.main(ActivityThread.java:10088)
11-27 23:21:44.171 E/WindowManager(12920): 	at java.lang.reflect.Method.invoke(Native Method)
11-27 23:21:44.171 E/WindowManager(12920): 	at com.android.internal.os.RuntimeInit$MethodAndArgsCaller.run(RuntimeInit.java:616)
11-27 23:21:44.171 E/WindowManager(12920): 	at com.android.internal.os.ZygoteInit.main(ZygoteInit.java:1113)
11-27 23:21:44.184 E/ActivityManagerWrapper( 5385): get all recent tasks force including -1 userId =0
11-27 23:21:44.185 E/ActivityManagerWrapper( 5385): getRecentTasksForceIncludingTaskIdIfValid: getRecentTasks: size=1
11-27 23:21:44.185 E/ActivityManagerWrapper( 5385):  mainTaskId=811   userId=0   windowMode=1   isExcludedFromRecents=false   baseIntent=Intent { act=android.intent.action.MAIN flag=270532608 cmp=ComponentInfo{com.hyperxray.an/com.hyperxray.an.activity.MainActivity} }
11-27 23:21:44.233 E/ProcessManager( 3688): error write exception log
11-27 23:21:44.233 E/ProcessManager( 3688): error write exception log
11-27 23:21:44.234 E/ConversionHelperAidl( 1945): Function: parseAndSetVendorParameters Line: 94 Failed 
11-27 23:21:44.234 E/ConversionHelperAidl( 1945): Function: parseAndSetVendorParameters Line: 94 Failed 
11-27 23:21:44.234 E/ConversionHelperAidl( 1945): Function: parseAndSetVendorParameters Line: 94 Failed 
11-27 23:21:44.243 E/PERFHAL-SERVICE( 1820): PERFHAL-SERVICE: perfHintAsync() 599: perfHintAsync SubmitScenarioDRequest initcomplete
11-27 23:21:44.244 E/PERFHAL-UTIL( 1820): PERFHAL-UTIL: save_node_val() 266: Failed to read /sys/class/mmc_host/mmc0/clk_scaling/enable
11-27 23:21:44.244 E/PERFHAL-OPTSHANDLER( 1820): PERFHAL-OPTSHANDLER: modify_sysfsnode() 1409: Failed to read /sys/class/mmc_host/mmc0/clk_scaling/enable
11-27 23:21:44.244 E/PERFHAL-RESOURCEQS( 1820): PERFHAL-RESOURCEQS: AddAndApply() 159: Failed to apply optimization [11, 4]
11-27 23:21:44.250 E/ActivityManagerWrapper( 5385): get all recent tasks force including -1 userId =0
11-27 23:21:44.251 E/TransitionChain( 3688): Mismatch between current collecting (TransitionRecord{d918d6 id=942 type=CLOSE flags=0x0 c=[
11-27 23:21:44.251 E/TransitionChain( 3688):    ChangeInfo{d84f757 container=ActivityRecord{17645345 u0 com.miui.home/.launcher.Launcher t2} flags=0x0}
11-27 23:21:44.251 E/TransitionChain( 3688):    ChangeInfo{9440244 container=DefaultTaskDisplayArea@131802490 flags=0x0}
11-27 23:21:44.251 E/TransitionChain( 3688):    ChangeInfo{f3ddf2d container=Task{96769ee #811 type=standard I=com.hyperxray.an/.activity.MainActivity} flags=0x0}
11-27 23:21:44.251 E/TransitionChain( 3688):    ChangeInfo{125ec62 container=Display{#0 state=ON size=1200x2670 ROTATION_0} flags=0x0}
11-27 23:21:44.251 E/TransitionChain( 3688):    ChangeInfo{f7b1f3 container=Task{c7dd988 #2 type=home I=com.miui.home/.launcher.Launcher} flags=0x0}
11-27 23:21:44.251 E/TransitionChain( 3688):    ChangeInfo{6a0feb0 container=Task{c7eba92 #1 type=home} flags=0x0}
11-27 23:21:44.251 E/TransitionChain( 3688):    ChangeInfo{c464129 container=ActivityRecord{233433584 u0 com.hyperxray.an/.activity.MainActivity t811 f} isExiting} flags=0x0}
11-27 23:21:44.251 E/TransitionChain( 3688): ]
11-27 23:21:44.251 E/TransitionChain( 3688): }) and chain (TransitionRecord{d918d6 id=942 type=CLOSE flags=0x0 c=[
11-27 23:21:44.251 E/TransitionChain( 3688):    ChangeInfo{d84f757 container=ActivityRecord{17645345 u0 com.miui.home/.launcher.Launcher t2} flags=0x0}
11-27 23:21:44.251 E/TransitionChain( 3688):    ChangeInfo{9440244 container=DefaultTaskDisplayArea@131802490 flags=0x0}
11-27 23:21:44.251 E/TransitionChain( 3688):    ChangeInfo{f3ddf2d container=Task{96769ee #811 type=standard I=com.hyperxray.an/.activity.MainActivity} flags=0x0}
11-27 23:21:44.251 E/TransitionChain( 3688):    ChangeInfo{125ec62 container=Display{#0 state=ON size=1200x2670 ROTATION_0} flags=0x0}
11-27 23:21:44.251 E/TransitionChain( 3688):    ChangeInfo{f7b1f3 container=Task{c7dd988 #2 type=home I=com.miui.home/.launcher.Launcher} flags=0x0}
11-27 23:21:44.251 E/TransitionChain( 3688):    ChangeInfo{6a0feb0 container=Task{c7eba92 #1 type=home} flags=0x0}
11-27 23:21:44.251 E/TransitionChain( 3688):    ChangeInfo{c464129 container=ActivityRecord{233433584 u0 com.hyperxray.an/.activity.MainActivity t811 f} isExiting} flags=0x0}
11-27 23:21:44.251 E/TransitionChain( 3688): ]
11-27 23:21:44.251 E/TransitionChain( 3688): })
11-27 23:21:44.251 E/CountableHandler( 5949): Pending message count is over 200, drop message.msg.what = 10007 handler = Handler (com.android.phone.statistics.utils.ModemHydraStat$ModemHydraHandler) {e826771}
11-27 23:21:44.255 E/BluetoothAdapterService( 7727): getActiveDevices: A2dpService is null
11-27 23:21:44.255 E/ActivityManagerWrapper( 5385): getRecentTasksForceIncludingTaskIdIfValid: getRecentTasks: size=1
11-27 23:21:44.255 E/ActivityManagerWrapper( 5385):  mainTaskId=811   userId=0   windowMode=1   isExcludedFromRecents=false   baseIntent=Intent { act=android.intent.action.MAIN flag=270532608 cmp=ComponentInfo{com.hyperxray.an/com.hyperxray.an.activity.MainActivity} }
11-27 23:21:44.256 E/ActivityManagerWrapper( 5385): get all recent tasks force including -1 userId =0
11-27 23:21:44.256 E/BluetoothAdapterService( 7727): getActiveDevices: HeadsetService is null
11-27 23:21:44.256 E/ConversionHelperAidl( 1945): Function: parseAndSetVendorParameters Line: 94 Failed 
11-27 23:21:44.256 E/ConversionHelperAidl( 1945): Function: parseAndSetVendorParameters Line: 94 Failed 
11-27 23:21:44.257 E/ConversionHelperAidl( 1945): Function: parseAndSetVendorParameters Line: 94 Failed 
11-27 23:21:44.257 E/BluetoothAdapterService( 7727): getActiveDevices: LeAudioService is null
11-27 23:21:44.258 E/ActivityManagerWrapper( 5385): getRecentTasksForceIncludingTaskIdIfValid: getRecentTasks: size=1
11-27 23:21:44.258 E/ActivityManagerWrapper( 5385):  mainTaskId=811   userId=0   windowMode=1   isExcludedFromRecents=false   baseIntent=Intent { act=android.intent.action.MAIN flag=270532608 cmp=ComponentInfo{com.hyperxray.an/com.hyperxray.an.activity.MainActivity} }
11-27 23:21:44.258 E/ConversionHelperAidl( 1945): Function: parseAndSetVendorParameters Line: 94 Failed 
11-27 23:21:44.258 E/ConversionHelperAidl( 1945): Function: parseAndSetVendorParameters Line: 94 Failed 
11-27 23:21:44.258 E/ConversionHelperAidl( 1945): Function: parseAndSetVendorParameters Line: 94 Failed 
11-27 23:21:44.264 E/AppOps  ( 3688): Operation not started: uid=10570 pkg=com.hyperxray.an(null) op=WAKE_LOCK
11-27 23:21:44.280 E/Parcel  (11071): Reading a NULL string not supported here.
11-27 23:21:44.281 E/JobScheduler( 3688): ResourceBudgetManagerInternal is null
11-27 23:21:44.282 E/AppOps  ( 3688): attributionTag VCN not declared in manifest of android
11-27 23:21:44.282 E/AppOps  ( 3688): attributionTag VCN not declared in manifest of android
11-27 23:21:44.284 E/DynamicIslandEventCoordinator( 6013): updatePkgSupportFreeform : com.hyperxray.an, true
11-27 23:21:44.284 E/DynamicIslandEventCoordinator( 6013): updatePkgSupportFreeform : com.hyperxray.an, true
11-27 23:21:44.294 E/Launcher.application( 5385): setClickAppWaitForCallback = false
11-27 23:21:44.303 E/GreezeManager( 3688): can not found the app for com.sdu.didi.gsui#0
11-27 23:21:44.303 E/GreezeManager( 3688): can not found the app for com.meituan.qcs.r.android#0
11-27 23:21:44.303 E/GreezeManager( 3688): can not found the app for com.sankuai.meituan.meituanwaimaibusiness#0
11-27 23:21:44.303 E/GreezeManager( 3688): can not found the app for me.ele.napos#0
11-27 23:21:44.303 E/GreezeManager( 3688): can not found the app for me.ele.crowdsource#0
11-27 23:21:44.303 E/GreezeManager( 3688): can not found the app for com.sankuai.meituan.dispatch.homebrew#0
11-27 23:21:44.303 E/GreezeManager( 3688): can not found the app for com.sankuai.meituan.dispatch.crowdsource#0
11-27 23:21:44.303 E/GreezeManager( 3688): can not found the app for com.cainiao.cs#0
11-27 23:21:44.316 E/surfaceflinger( 2003): Cannot find perfservice
11-27 23:21:44.317 E/com.miui.home( 5385): backgroundBlur makeBackgroundImage if(!mSnapshot && mSurfaceTex). will return
11-27 23:21:44.321 E/Zygote  ( 6767): process_name_ptr:6767 com.google.android.youtube
11-27 23:21:44.321 E/Zygote  ( 6767): SetMemoryProtected process_name_ptr:6767 com.google.android.youtube
11-27 23:21:44.321 E/SLM-SRV-SLAAppLib( 3688): initBroadcastReceivercom.hyperxray.an
11-27 23:21:44.322 E/SmsApplication( 5949): com.google.android.apps.messaging lost android:read_cell_broadcasts:  (fixing)
11-27 23:21:44.325 E/Launcher( 5385): mFsGestureStatusRefreshRunnable:run usingFsGesture=true   show=true   focus=false   pause=false
11-27 23:21:44.325 E/InstallApkReceiver( 5385): uninstall:package:com.hyperxray.an
11-27 23:21:44.330 E/InstallApkReceiver( 5385): install:package:com.hyperxray.an
11-27 23:21:44.333 E/WindowManager( 3688):  source = Task{96769ee #811 type=standard I=com.hyperxray.an/.activity.MainActivity} excludeMiuiNavBar = true excludeMiuiStatusBar = true excludeIme = false excludeNavBar = true miuiNavSurfaceControl = Surface(name=NavigationBar Container of Task = 811#20983)/@0xf62ce8f miuiStatusSurfaceControl = Surface(name=StatusBar Container of Task = 811#20984)/@0x99bb51c
11-27 23:21:44.337 E/SmsApplication( 5949): com.google.android.apps.messaging lost android:read_cell_broadcasts:  (fixing)
11-27 23:21:44.339 E/android.youtube( 6767): Not starting debugger since process cannot load the jdwp agent.
11-27 23:21:44.340 E/TransitionController( 3688): Set visible without transition WallpaperWindowToken{22d72ad showWhenLocked=true} playing=true caller=com.android.server.wm.WallpaperControllerImpl.updateWallpaperTokens:178 
11-27 23:21:44.343 E/TransitionChain( 3688): Can't collect into a chain with no transition
11-27 23:21:44.348 E/WindowTransitionCompat( 5385): TransitionTest wrapRemoteTransition
11-27 23:21:44.348 E/WindowTransitionCompat( 5385): startAnimation isFastLaunch = false
11-27 23:21:44.349 E/WindowTransitionCompat( 5385): 0, check isClosingType type = 2, mode = 3
11-27 23:21:44.349 E/WindowTransitionCompat( 5385): 1, check isClosingType type = 1, mode = 2
11-27 23:21:44.355 E/RoleControllerServiceImpl( 3688): Default/fallback role holder package doesn't qualify for the role, package: com.google.android.gms.supervision, role: android.app.role.SYSTEM_SUPERVISION, user: 0
11-27 23:21:44.357 E/RoleControllerServiceImpl( 3688): Default/fallback role holder package doesn't qualify for the role, package: com.google.android.gms, role: android.app.role.SYSTEM_DEPENDENCY_INSTALLER, user: 0
11-27 23:21:44.358 E/AppOpService( 3688): Blocked setUidMode call for runtime permission app op: uid = 10174, code = COARSE_LOCATION, mode = foreground, callingUid = 1000, oldMode = allow
11-27 23:21:44.358 E/AppOpService( 3688): java.lang.RuntimeException
11-27 23:21:44.358 E/AppOpService( 3688): 	at com.android.server.permission.access.appop.AppOpService.setUidMode(AppOpService.kt:283)
11-27 23:21:44.358 E/AppOpService( 3688): 	at com.android.server.appop.AppOpsCheckingServiceTracingDecorator.setUidMode(AppOpsCheckingServiceTracingDecorator.java:120)
11-27 23:21:44.358 E/AppOpService( 3688): 	at com.android.server.appop.AppOpsService.setUidMode(AppOpsService.java:2217)
11-27 23:21:44.358 E/AppOpService( 3688): 	at com.android.server.appop.AppOpsService.setUidMode(AppOpsService.java:2161)
11-27 23:21:44.358 E/AppOpService( 3688): 	at android.app.AppOpsManager.setUidMode(AppOpsManager.java:8850)
11-27 23:21:44.358 E/AppOpService( 3688): 	at com.android.role.controller.model.Permissions.setAppOpModeAsUser(Permissions.java:908)
11-27 23:21:44.358 E/AppOpService( 3688): 	at com.android.role.controller.model.Permissions.setAppOpUidModeAsUser(Permissions.java:885)
11-27 23:21:44.358 E/AppOpService( 3688): 	at com.android.role.controller.model.Permissions.grantPermissionAndAppOpAsUser(Permissions.java:373)
11-27 23:21:44.358 E/AppOpService( 3688): 	at com.android.role.controller.model.Permissions.grantSingleAsUser(Permissions.java:247)
11-27 23:21:44.358 E/AppOpService( 3688): 	at com.android.role.controller.model.Permissions.grantAsUser(Permissions.java:205)
11-27 23:21:44.358 E/AppOpService( 3688): 	at com.android.role.controller.model.Role.grantAsUser(Role.java:867)
11-27 23:21:44.358 E/AppOpService( 3688): 	at com.android.role.controller.service.RoleControllerServiceImpl.addRoleHolderInternal(RoleControllerServiceImpl.java:380)
11-27 23:21:44.358 E/AppOpService( 3688): 	at com.android.role.controller.service.RoleControllerServiceImpl.onGrantDefaultRoles(RoleControllerServiceImpl.java:163)
11-27 23:21:44.358 E/AppOpService( 3688): 	at com.android.role.LocalRoleController.lambda$grantDefaultRoles$1(LocalRoleController.java:56)
11-27 23:21:44.358 E/AppOpService( 3688): 	at com.android.role.LocalRoleController.$r8$lambda$ye-flP7Mf14AbTzwSmiTgndT6Cg(LocalRoleController.java:0)
11-27 23:21:44.358 E/AppOpService( 3688): 	at com.android.role.LocalRoleController$$ExternalSyntheticLambda1.run(R8$$SyntheticClass:0)
11-27 23:21:44.358 E/AppOpService( 3688): 	at android.os.Handler.handleCallback(Handler.java:995)
11-27 23:21:44.358 E/AppOpService( 3688): 	at android.os.Handler.dispatchMessage(Handler.java:103)
11-27 23:21:44.358 E/AppOpService( 3688): 	at android.os.Looper.loopOnce(Looper.java:267)
11-27 23:21:44.358 E/AppOpService( 3688): 	at android.os.Looper.loop(Looper.java:360)
11-27 23:21:44.358 E/AppOpService( 3688): 	at android.os.HandlerThread.run(HandlerThread.java:85)
11-27 23:21:44.358 E/AppOpService( 3688): Blocked setUidMode call for runtime permission app op: uid = 10147, code = FINE_LOCATION, mode = foreground, callingUid = 1000, oldMode = allow
11-27 23:21:44.358 E/AppOpService( 3688): java.lang.RuntimeException
11-27 23:21:44.358 E/AppOpService( 3688): 	at com.android.server.permission.access.appop.AppOpService.setUidMode(AppOpService.kt:283)
11-27 23:21:44.358 E/AppOpService( 3688): 	at com.android.server.appop.AppOpsCheckingServiceTracingDecorator.setUidMode(AppOpsCheckingServiceTracingDecorator.java:120)
11-27 23:21:44.358 E/AppOpService( 3688): 	at com.android.server.appop.AppOpsService.setUidMode(AppOpsService.java:2217)
11-27 23:21:44.358 E/AppOpService( 3688): 	at com.android.server.appop.AppOpsService.setUidMode(AppOpsService.java:2161)
11-27 23:21:44.358 E/AppOpService( 3688): 	at android.app.AppOpsManager.setUidMode(AppOpsManager.java:8850)
11-27 23:21:44.358 E/AppOpService( 3688): 	at com.android.role.controller.model.Permissions.setAppOpModeAsUser(Permissions.java:908)
11-27 23:21:44.358 E/AppOpService( 3688): 	at com.android.role.controller.model.Permissions.setAppOpUidModeAsUser(Permissions.java:885)
11-27 23:21:44.358 E/AppOpService( 3688): 	at com.android.role.controller.model.Permissions.grantPermissionAndAppOpAsUser(Permissions.java:373)
11-27 23:21:44.358 E/AppOpService( 3688): 	at com.android.role.controller.model.Permissions.grantSingleAsUser(Permissions.java:247)
11-27 23:21:44.358 E/AppOpService( 3688): 	at com.android.role.controller.model.Permissions.grantAsUser(Permissions.java:205)
11-27 23:21:44.358 E/AppOpService( 3688): 	at com.android.role.controller.model.Role.grantAsUser(Role.java:867)
11-27 23:21:44.358 E/AppOpService( 3688): 	at com.android.role.controller.service.RoleControllerServiceImpl.addRoleHolderInternal(RoleControllerServiceImpl.java:380)
11-27 23:21:44.358 E/AppOpService( 3688): 	at com.android.role.controller.service.RoleControllerServiceImpl.onGrantDefaultRoles(RoleControllerServiceImpl.java:163)
11-27 23:21:44.358 E/AppOpService( 3688): 	at com.android.role.LocalRoleController.lambda$grantDefaultRoles$1(LocalRoleController.java:56)
11-27 23:21:44.358 E/AppOpService( 3688): 	at com.android.role.LocalRoleController.$r8$lambda$ye-flP7Mf14AbTzwSmiTgndT6Cg(LocalRoleController.java:0)
11-27 23:21:44.358 E/AppOpService( 3688): 	at com.android.role.LocalRoleController$$ExternalSyntheticLambda1.run(R8$$SyntheticClass:0)
11-27 23:21:44.358 E/AppOpService( 3688): 	at android.os.Handler.handleCallback(Handler.java:995)
11-27 23:21:44.358 E/AppOpService( 3688): 	at android.os.Handler.dispatchMessage(Handler.java:103)
11-27 23:21:44.358 E/AppOpService( 3688): 	at android.os.Looper.loopOnce(Looper.java:267)
11-27 23:21:44.358 E/AppOpService( 3688): 	at android.os.Looper.loop(Looper.java:360)
11-27 23:21:44.358 E/AppOpService( 3688): 	at android.os.HandlerThread.run(HandlerThread.java:85)
11-27 23:21:44.358 E/AppOpService( 3688): Blocked setUidMode call for runtime permission app op: uid = 10147, code = COARSE_LOCATION, mode = foreground, callingUid = 1000, oldMode = allow
11-27 23:21:44.358 E/AppOpService( 3688): java.lang.RuntimeException
11-27 23:21:44.358 E/AppOpService( 3688): 	at com.android.server.permission.access.appop.AppOpService.setUidMode(AppOpService.kt:283)
11-27 23:21:44.358 E/AppOpService( 3688): 	at com.android.server.appop.AppOpsCheckingServiceTracingDecorator.setUidMode(AppOpsCheckingServiceTracingDecorator.java:120)
11-27 23:21:44.358 E/AppOpService( 3688): 	at com.android.server.appop.AppOpsService.setUidMode(AppOpsService.java:2217)
11-27 23:21:44.358 E/AppOpService( 3688): 	at com.android.server.appop.AppOpsService.setUidMode(AppOpsService.java:2161)
11-27 23:21:44.358 E/AppOpService( 3688): 	at android.app.AppOpsManager.setUidMode(AppOpsManager.java:8850)
11-27 23:21:44.358 E/AppOpService( 3688): 	at com.android.role.controller.model.Permissions.setAppOpModeAsUser(Permissions.java:908)
11-27 23:21:44.358 E/AppOpService( 3688): 	at com.android.role.controller.model.Permissions.setAppOpUidModeAsUser(Permissions.java:885)
11-27 23:21:44.358 E/AppOpService( 3688): 	at com.android.role.controller.model.Permissions.grantPermissionAndAppOpAsUser(Permissions.java:373)
11-27 23:21:44.358 E/AppOpService( 3688): 	at com.android.role.controller.model.Permissions.grantSingleAsUser(Permissions.java:247)
11-27 23:21:44.358 E/AppOpService( 3688): 	at com.android.role.controller.model.Permissions.grantAsUser(Permissions.java:205)
11-27 23:21:44.358 E/AppOpService( 3688): 	at com.android.role.controller.model.Role.grantAsUser(Role.java:867)
11-27 23:21:44.358 E/AppOpService( 3688): 	at com.android.role.controller.service.RoleControllerServiceImpl.addRoleHolderInternal(RoleControllerServiceImpl.java:380)
11-27 23:21:44.358 E/AppOpService( 3688): 	at com.android.role.controller.service.RoleControllerServiceImpl.onGrantDefaultRoles(RoleControllerServiceImpl.java:163)
11-27 23:21:44.358 E/AppOpService( 3688): 	at com.android.role.LocalRoleController.lambda$grantDefaultRoles$1(LocalRoleController.java:56)
11-27 23:21:44.358 E/AppOpService( 3688): 	at com.android.role.LocalRoleController.$r8$lambda$ye-flP7Mf14AbTzwSmiTgndT6Cg(LocalRoleController.java:0)
11-27 23:21:44.358 E/AppOpService( 3688): 	at com.android.role.LocalRoleController$$ExternalSyntheticLambda1.run(R8$$SyntheticClass:0)
11-27 23:21:44.358 E/AppOpService( 3688): 	at android.os.Handler.handleCallback(Handler.java:995)
11-27 23:21:44.358 E/AppOpService( 3688): 	at android.os.Handler.dispatchMessage(Handler.java:103)
11-27 23:21:44.358 E/AppOpService( 3688): 	at android.os.Looper.loopOnce(Looper.java:267)
11-27 23:21:44.358 E/AppOpService( 3688): 	at android.os.Looper.loop(Looper.java:360)
11-27 23:21:44.358 E/AppOpService( 3688): 	at android.os.HandlerThread.run(HandlerThread.java:85)
11-27 23:21:44.360 E/SLM-SRV-SLAAppLib( 3688): initBroadcastReceivercom.hyperxray.an
11-27 23:21:44.360 E/ConversionHelperAidl( 1945): Function: parseAndSetVendorParameters Line: 94 Failed 
11-27 23:21:44.360 E/ConversionHelperAidl( 1945): Function: parseAndSetVendorParameters Line: 94 Failed 
11-27 23:21:44.360 E/ConversionHelperAidl( 1945): Function: parseAndSetVendorParameters Line: 94 Failed 
11-27 23:21:44.367 E/WindowAnimParamsProvider( 5385): getWindowTargetBounds    bounds=Rect(0, 0 - 1200, 2670)
11-27 23:21:44.368 E/ClipAnimationHelper( 5385): updateSourceStack  mSourceInsets=Rect(0, 0 - 0, 0), mSourceStackBounds=Rect(0, 0 - 1200, 2670)
11-27 23:21:44.368 E/ClipAnimationHelper( 5385): updateHomeStack  mSourceInsets=Rect(0, 0 - 0, 0), mHomeStackBounds=Rect(0, 0 - 1200, 2670)
11-27 23:21:44.368 E/ClipAnimationHelper( 5385): updateTargetRect  mSourceRect=RectF(0.0, 0.0, 1200.0, 2670.0)   mTargetRect=RectF(0.0, 0.0, 1200.0, 2670.0)   mSourceWindowClipInsets=RectF(0.0, 0.0, 0.0, 0.0)   mHomeStackBounds=Rect(0, 0 - 1200, 2670)   targetRect=Rect(0, 0 - 1200, 2670)
11-27 23:21:44.370 E/MultiSpringDynamicAnimation21691bf( 5385): ERROR Not Found Bundle Radius
11-27 23:21:44.370 E/MultiSpringDynamicAnimation21691bf( 5385): ERROR Not Found Bundle SurfaceExtAlpha
11-27 23:21:44.370 E/MultiSpringDynamicAnimation21691bf( 5385): ERROR Not Found Bundle appLeashBlurRadius
11-27 23:21:44.370 E/MultiSpringDynamicAnimation21691bf( 5385): ERROR Not Found Bundle SurfaceExtAlpha
11-27 23:21:44.370 E/MultiSpringDynamicAnimation21691bf( 5385): ERROR Not Found Bundle SurfaceExtAlpha
11-27 23:21:44.370 E/MultiSpringDynamicAnimation21691bf( 5385): ERROR Not Found Bundle appLeashBlurRadius
11-27 23:21:44.373 E/AppOpService( 3688): Blocked setUidMode call for runtime permission app op: uid = 10174, code = COARSE_LOCATION, mode = foreground, callingUid = 1000, oldMode = allow
11-27 23:21:44.373 E/AppOpService( 3688): java.lang.RuntimeException
11-27 23:21:44.373 E/AppOpService( 3688): 	at com.android.server.permission.access.appop.AppOpService.setUidMode(AppOpService.kt:283)
11-27 23:21:44.373 E/AppOpService( 3688): 	at com.android.server.appop.AppOpsCheckingServiceTracingDecorator.setUidMode(AppOpsCheckingServiceTracingDecorator.java:120)
11-27 23:21:44.373 E/AppOpService( 3688): 	at com.android.server.appop.AppOpsService.setUidMode(AppOpsService.java:2217)
11-27 23:21:44.373 E/AppOpService( 3688): 	at com.android.server.appop.AppOpsService.setUidMode(AppOpsService.java:2161)
11-27 23:21:44.373 E/AppOpService( 3688): 	at android.app.AppOpsManager.setUidMode(AppOpsManager.java:8850)
11-27 23:21:44.373 E/AppOpService( 3688): 	at com.android.role.controller.model.Permissions.setAppOpModeAsUser(Permissions.java:908)
11-27 23:21:44.373 E/AppOpService( 3688): 	at com.android.role.controller.model.Permissions.setAppOpUidModeAsUser(Permissions.java:885)
11-27 23:21:44.373 E/AppOpService( 3688): 	at com.android.role.controller.model.Permissions.grantPermissionAndAppOpAsUser(Permissions.java:373)
11-27 23:21:44.373 E/AppOpService( 3688): 	at com.android.role.controller.model.Permissions.grantSingleAsUser(Permissions.java:247)
11-27 23:21:44.373 E/AppOpService( 3688): 	at com.android.role.controller.model.Permissions.grantAsUser(Permissions.java:205)
11-27 23:21:44.373 E/AppOpService( 3688): 	at com.android.role.controller.model.Role.grantAsUser(Role.java:867)
11-27 23:21:44.373 E/AppOpService( 3688): 	at com.android.role.controller.service.RoleControllerServiceImpl.addRoleHolderInternal(RoleControllerServiceImpl.java:380)
11-27 23:21:44.373 E/AppOpService( 3688): 	at com.android.role.controller.service.RoleControllerServiceImpl.onGrantDefaultRoles(RoleControllerServiceImpl.java:163)
11-27 23:21:44.373 E/AppOpService( 3688): 	at com.android.role.LocalRoleController.lambda$grantDefaultRoles$1(LocalRoleController.java:56)
11-27 23:21:44.373 E/AppOpService( 3688): 	at com.android.role.LocalRoleController.$r8$lambda$ye-flP7Mf14AbTzwSmiTgndT6Cg(LocalRoleController.java:0)
11-27 23:21:44.373 E/AppOpService( 3688): 	at com.android.role.LocalRoleController$$ExternalSyntheticLambda1.run(R8$$SyntheticClass:0)
11-27 23:21:44.373 E/AppOpService( 3688): 	at android.os.Handler.handleCallback(Handler.java:995)
11-27 23:21:44.373 E/AppOpService( 3688): 	at android.os.Handler.dispatchMessage(Handler.java:103)
11-27 23:21:44.373 E/AppOpService( 3688): 	at android.os.Looper.loopOnce(Looper.java:267)
11-27 23:21:44.373 E/AppOpService( 3688): 	at android.os.Looper.loop(Looper.java:360)
11-27 23:21:44.373 E/AppOpService( 3688): 	at android.os.HandlerThread.run(HandlerThread.java:85)
11-27 23:21:44.384 E/DynamicIslandEventCoordinator( 6013): updatePkgSupportFreeform : com.hyperxray.an, true
11-27 23:21:44.387 E/GreezeManager( 3688): can not found the app for com.sdu.didi.gsui#0
11-27 23:21:44.387 E/GreezeManager( 3688): can not found the app for com.meituan.qcs.r.android#0
11-27 23:21:44.387 E/GreezeManager( 3688): can not found the app for com.sankuai.meituan.meituanwaimaibusiness#0
11-27 23:21:44.387 E/GreezeManager( 3688): can not found the app for me.ele.napos#0
11-27 23:21:44.387 E/GreezeManager( 3688): can not found the app for me.ele.crowdsource#0
11-27 23:21:44.387 E/GreezeManager( 3688): can not found the app for com.sankuai.meituan.dispatch.homebrew#0
11-27 23:21:44.387 E/GreezeManager( 3688): can not found the app for com.sankuai.meituan.dispatch.crowdsource#0
11-27 23:21:44.387 E/GreezeManager( 3688): can not found the app for com.cainiao.cs#0
11-27 23:21:44.391 E/AppOpService( 3688): Blocked setUidMode call for runtime permission app op: uid = 10195, code = FINE_LOCATION, mode = foreground, callingUid = 1000, oldMode = allow
11-27 23:21:44.391 E/AppOpService( 3688): java.lang.RuntimeException
11-27 23:21:44.391 E/AppOpService( 3688): 	at com.android.server.permission.access.appop.AppOpService.setUidMode(AppOpService.kt:283)
11-27 23:21:44.391 E/AppOpService( 3688): 	at com.android.server.appop.AppOpsCheckingServiceTracingDecorator.setUidMode(AppOpsCheckingServiceTracingDecorator.java:120)
11-27 23:21:44.391 E/AppOpService( 3688): 	at com.android.server.appop.AppOpsService.setUidMode(AppOpsService.java:2217)
11-27 23:21:44.391 E/AppOpService( 3688): 	at com.android.server.appop.AppOpsService.setUidMode(AppOpsService.java:2161)
11-27 23:21:44.391 E/AppOpService( 3688): 	at android.app.AppOpsManager.setUidMode(AppOpsManager.java:8850)
11-27 23:21:44.391 E/AppOpService( 3688): 	at com.android.role.controller.model.Permissions.setAppOpModeAsUser(Permissions.java:908)
11-27 23:21:44.391 E/AppOpService( 3688): 	at com.android.role.controller.model.Permissions.setAppOpUidModeAsUser(Permissions.java:885)
11-27 23:21:44.391 E/AppOpService( 3688): 	at com.android.role.controller.model.Permissions.grantPermissionAndAppOpAsUser(Permissions.java:373)
11-27 23:21:44.391 E/AppOpService( 3688): 	at com.android.role.controller.model.Permissions.grantSingleAsUser(Permissions.java:247)
11-27 23:21:44.391 E/AppOpService( 3688): 	at com.android.role.controller.model.Permissions.grantAsUser(Permissions.java:205)
11-27 23:21:44.391 E/AppOpService( 3688): 	at com.android.role.controller.behavior.BrowserRoleBehavior.grantAsUser(BrowserRoleBehavior.java:142)
11-27 23:21:44.391 E/AppOpService( 3688): 	at com.android.role.controller.model.Role.grantAsUser(Role.java:893)
11-27 23:21:44.391 E/AppOpService( 3688): 	at com.android.role.controller.service.RoleControllerServiceImpl.addRoleHolderInternal(RoleControllerServiceImpl.java:380)
11-27 23:21:44.391 E/AppOpService( 3688): 	at com.android.role.controller.service.RoleControllerServiceImpl.onGrantDefaultRoles(RoleControllerServiceImpl.java:163)
11-27 23:21:44.391 E/AppOpService( 3688): 	at com.android.role.LocalRoleController.lambda$grantDefaultRoles$1(LocalRoleController.java:56)
11-27 23:21:44.391 E/AppOpService( 3688): 	at com.android.role.LocalRoleController.$r8$lambda$ye-flP7Mf14AbTzwSmiTgndT6Cg(LocalRoleController.java:0)
11-27 23:21:44.391 E/AppOpService( 3688): 	at com.android.role.LocalRoleController$$ExternalSyntheticLambda1.run(R8$$SyntheticClass:0)
11-27 23:21:44.391 E/AppOpService( 3688): 	at android.os.Handler.handleCallback(Handler.java:995)
11-27 23:21:44.391 E/AppOpService( 3688): 	at android.os.Handler.dispatchMessage(Handler.java:103)
11-27 23:21:44.391 E/AppOpService( 3688): 	at android.os.Looper.loopOnce(Looper.java:267)
11-27 23:21:44.391 E/AppOpService( 3688): 	at android.os.Looper.loop(Looper.java:360)
11-27 23:21:44.391 E/AppOpService( 3688): 	at android.os.HandlerThread.run(HandlerThread.java:85)
11-27 23:21:44.391 E/AppOpService( 3688): Blocked setUidMode call for runtime permission app op: uid = 10195, code = COARSE_LOCATION, mode = foreground, callingUid = 1000, oldMode = allow
11-27 23:21:44.391 E/AppOpService( 3688): java.lang.RuntimeException
11-27 23:21:44.391 E/AppOpService( 3688): 	at com.android.server.permission.access.appop.AppOpService.setUidMode(AppOpService.kt:283)
11-27 23:21:44.391 E/AppOpService( 3688): 	at com.android.server.appop.AppOpsCheckingServiceTracingDecorator.setUidMode(AppOpsCheckingServiceTracingDecorator.java:120)
11-27 23:21:44.391 E/AppOpService( 3688): 	at com.android.server.appop.AppOpsService.setUidMode(AppOpsService.java:2217)
11-27 23:21:44.391 E/AppOpService( 3688): 	at com.android.server.appop.AppOpsService.setUidMode(AppOpsService.java:2161)
11-27 23:21:44.391 E/AppOpService( 3688): 	at android.app.AppOpsManager.setUidMode(AppOpsManager.java:8850)
11-27 23:21:44.391 E/AppOpService( 3688): 	at com.android.role.controller.model.Permissions.setAppOpModeAsUser(Permissions.java:908)
11-27 23:21:44.391 E/AppOpService( 3688): 	at com.android.role.controller.model.Permissions.setAppOpUidModeAsUser(Permissions.java:885)
11-27 23:21:44.391 E/AppOpService( 3688): 	at com.android.role.controller.model.Permissions.grantPermissionAndAppOpAsUser(Permissions.java:373)
11-27 23:21:44.391 E/AppOpService( 3688): 	at com.android.role.controller.model.Permissions.grantSingleAsUser(Permissions.java:247)
11-27 23:21:44.391 E/AppOpService( 3688): 	at com.android.role.controller.model.Permissions.grantAsUser(Permissions.java:205)
11-27 23:21:44.391 E/AppOpService( 3688): 	at com.android.role.controller.behavior.BrowserRoleBehavior.grantAsUser(BrowserRoleBehavior.java:142)
11-27 23:21:44.391 E/AppOpService( 3688): 	at com.android.role.controller.model.Role.grantAsUser(Role.java:893)
11-27 23:21:44.391 E/AppOpService( 3688): 	at com.android.role.controller.service.RoleControllerServiceImpl.addRoleHolderInternal(RoleControllerServiceImpl.java:380)
11-27 23:21:44.391 E/AppOpService( 3688): 	at com.android.role.controller.service.RoleControllerServiceImpl.onGrantDefaultRoles(RoleControllerServiceImpl.java:163)
11-27 23:21:44.391 E/AppOpService( 3688): 	at com.android.role.LocalRoleController.lambda$grantDefaultRoles$1(LocalRoleController.java:56)
11-27 23:21:44.391 E/AppOpService( 3688): 	at com.android.role.LocalRoleController.$r8$lambda$ye-flP7Mf14AbTzwSmiTgndT6Cg(LocalRoleController.java:0)
11-27 23:21:44.391 E/AppOpService( 3688): 	at com.android.role.LocalRoleController$$ExternalSyntheticLambda1.run(R8$$SyntheticClass:0)
11-27 23:21:44.391 E/AppOpService( 3688): 	at android.os.Handler.handleCallback(Handler.java:995)
11-27 23:21:44.391 E/AppOpService( 3688): 	at android.os.Handler.dispatchMessage(Handler.java:103)
11-27 23:21:44.391 E/AppOpService( 3688): 	at android.os.Looper.loopOnce(Looper.java:267)
11-27 23:21:44.391 E/AppOpService( 3688): 	at android.os.Looper.loop(Looper.java:360)
11-27 23:21:44.391 E/AppOpService( 3688): 	at android.os.HandlerThread.run(HandlerThread.java:85)
11-27 23:21:44.403 E/StateNotifyUtils( 5385): sendFsStateBroadCast state=closeWindow   channel=navigation_bar   packageName=
11-27 23:21:44.425 E/IDM-IDMConfigCache(19075): clearInternalCache clientIds == 0
11-27 23:21:44.434 E/HyperSentinel( 3688): ->pid:3688,processName:"system_server",Rss Memory Size Change 595340kb -> 716752kb
11-27 23:21:44.443 E/Finsky  ( 1331): [3104] [Counters] attempted to use a non-positive increment for: 4752
11-27 23:21:44.443 E/Finsky  ( 1331): [3104] [Counters] attempted to use a non-positive increment for: 4753
11-27 23:21:44.445 E/Finsky  ( 1331): [3104] [Counters] attempted to use a non-positive increment for: 4752
11-27 23:21:44.448 E/Zygote  ( 6831): process_name_ptr:6831 com.qualcomm.qti.workloadclassifier
11-27 23:21:44.448 E/Zygote  ( 6831): SetMemoryProtected process_name_ptr:6831 com.qualcomm.qti.workloadclassifier
11-27 23:21:44.455 E/Finsky  ( 1331): [3102] [Counters] attempted to use a non-positive increment for: 4753
11-27 23:21:44.456 E/kloadclassifier( 6831): Not starting debugger since process cannot load the jdwp agent.
11-27 23:21:44.458 E/SLM-SRV-SLAAppLib( 3688): initBroadcastReceivercom.hyperxray.an
11-27 23:21:44.470 E/Finsky  ( 1331): [3098] [Counters] attempted to use a non-positive increment for: 4752
11-27 23:21:44.470 E/Finsky  ( 1331): [3093] [Counters] attempted to use a non-positive increment for: 4752
11-27 23:21:44.470 E/Finsky  ( 1331): [3093] [Counters] attempted to use a non-positive increment for: 4753
11-27 23:21:44.470 E/Finsky  ( 1331): [3102] [Counters] attempted to use a non-positive increment for: 4753
11-27 23:21:44.471 E/PackageUtil(13770): getApplicationInfo fail. pkg: null null
11-27 23:21:44.483 E/PackageUtil(13770): getApplicationInfo fail. pkg: null null
11-27 23:21:44.492 E/PackageUtil(13770): getApplicationInfo fail. pkg: null null
11-27 23:21:44.493 E/PackageUtil(13770): getApplicationInfo fail. pkg: null null
11-27 23:21:44.497 E/PackageUtil(13770): getApplicationInfo fail. pkg: null null
11-27 23:21:44.501 E/PackageUtil(13770): getApplicationInfo fail. pkg: null null
11-27 23:21:44.501 E/MiuiPreloadClassImpl( 6767): invoke error.
11-27 23:21:44.502 E/MiuiPreloadClassImpl( 6831): invoke error.
11-27 23:21:44.502 E/IPCThreadState( 3688): Binder transaction failure. id: 39910826, BR_*: 29201, error: -28 (No space left on device)
11-27 23:21:44.502 E/JavaBinder( 3688): !!! FAILED BINDER TRANSACTION !!!  (parcel size = 854492)
11-27 23:21:44.509 E/ashmem  ( 6831): Pinning is deprecated since Android Q. Please use trim or other methods.
11-27 23:21:44.511 E/ashmem  ( 6767): Pinning is deprecated since Android Q. Please use trim or other methods.
11-27 23:21:44.526 E/ANDR-PERF-CLIENT-SYS( 6831): death recipent object is fine
11-27 23:21:44.707 E/AlarmManager( 3688): not align this alarm: Alarm{b39ffe9 type 3 origWhen 52148923 whenElapsed 52148923 android}, reason=0
11-27 23:21:44.713 E/ANDR-PERF( 1820): ExtendedPerfBoost: trigger_rearm_timer() 179: setthermalbreak req empty boostparam=boost:0
11-27 23:21:44.714 E/AlarmManager( 3688): not align this alarm: Alarm{3ba339c type 3 origWhen 52262169 whenElapsed 52262169 android}, reason=0
11-27 23:21:44.715 E/AlarmManager( 3688): not align this alarm: Alarm{eff197a type 3 origWhen 52148907 whenElapsed 52148907 android}, reason=0
11-27 23:21:44.770 E/PERFHAL-CLIENT( 1820): PERFHAL-CLIENT: perf_lock_acq_rel() 496: opcode=1149239296 isMvOpcode=0
11-27 23:21:44.779 E/PackageUtil(14989): getPackageInfoAsUser failed com.hyperxray.an , 999
11-27 23:21:44.790 E/AlarmManager( 3688): not align this alarm: Alarm{d9d102c type 3 origWhen 315412134250 whenElapsed 315412134250 com.google.android.gms}, reason=0
11-27 23:21:44.791 E/AlarmManager( 3688): not align this alarm: Alarm{4d57af5 type 3 origWhen 315412134251 whenElapsed 315412134251 com.google.android.gms}, reason=0
11-27 23:21:44.820 E/AlarmManager( 3688): not align this alarm: Alarm{3fca76 type 3 origWhen 52144276 whenElapsed 52144276 com.google.android.gms}, reason=0
11-27 23:21:45.070 E/MultiSpringDynamicAnimation21691bf( 5385): ERROR Not Found Bundle Radius
11-27 23:21:45.071 E/FloatingIconView223a4df9( 5385): recycleView
11-27 23:21:45.104 E/WindowElementcbe708c( 5385): com.miui.home.recents.anim.WindowElement@cbe708c finishTransition toHome = true isHalf = false runningTaskId = 0
11-27 23:21:45.104 E/WindowTransitionCompat( 5385): com.android.systemui.shared.recents.system.WindowTransitionCompat@4280978 finishTransition toHome = true
11-27 23:21:45.107 E/IPCThreadState( 3688): Binder transaction failure. id: 39915766, BR_*: 29189, error: -22 (Invalid argument)
11-27 23:21:45.109 E/RotationHelper( 5385): setCurrentTransitionRequest: request=0
11-27 23:21:45.122 E/ActivityManagerWrapper( 5385): get all recent tasks force including -1 userId =0
11-27 23:21:45.123 E/ActivityManagerWrapper( 5385): getRecentTasksForceIncludingTaskIdIfValid: getRecentTasks: size=1
11-27 23:21:45.123 E/ActivityManagerWrapper( 5385):  mainTaskId=811   userId=0   windowMode=1   isExcludedFromRecents=false   baseIntent=Intent { act=android.intent.action.MAIN flag=270532608 cmp=ComponentInfo{com.hyperxray.an/com.hyperxray.an.activity.MainActivity} }
11-27 23:21:45.146 E/YouTube ( 6767): #### Startup.criticalStartupComplete error, likely timeout
11-27 23:21:45.146 E/YouTube ( 6767): java.util.concurrent.TimeoutException: The source did not signal an event for 400 mllseconds and has been terminated.
11-27 23:21:45.146 E/YouTube ( 6767): 	at binv.run(PG:34)
11-27 23:21:45.146 E/YouTube ( 6767): 	at bjlc.call(PG:10)
11-27 23:21:45.146 E/YouTube ( 6767): 	at aqsc.call(PG:17)
11-27 23:21:45.146 E/YouTube ( 6767): 	at java.util.concurrent.FutureTask.run(FutureTask.java:317)
11-27 23:21:45.146 E/YouTube ( 6767): 	at aqne.run(PG:44)
11-27 23:21:45.146 E/YouTube ( 6767): 	at rty.run(PG:658)
11-27 23:21:45.146 E/YouTube ( 6767): 	at evw.run(PG:710)
11-27 23:21:45.146 E/YouTube ( 6767): 	at java.lang.Thread.run(Thread.java:1119)
11-27 23:21:45.146 E/YouTube ( 6767): 	at rvp.run(PG:61)
11-27 23:21:45.152 E/BpTransactionCompletedListener( 2003): Failed to transact (-32)
11-27 23:21:45.162 E/YT.mlplayer( 6767): setAudioDrc(enabled=1)
11-27 23:21:45.283 E/AppOps  ( 3688): attributionTag VCN not declared in manifest of android
11-27 23:21:45.531 E/PhoneInterfaceManager( 5949): queryModemActivityInfo: invalid response
11-27 23:21:45.792 E/PhoneAdapter( 5949): get ntnphones failed, exception: java.lang.IllegalStateException: not support satellite!
11-27 23:21:46.032 E/MiuiInputManagerService( 3688): pokeUserActivity display id 0
11-27 23:21:46.069 E/ConversionHelperAidl( 1945): Function: parseAndSetVendorParameters Line: 94 Failed 
11-27 23:21:46.069 E/ConversionHelperAidl( 1945): Function: parseAndSetVendorParameters Line: 94 Failed 
11-27 23:21:46.069 E/ConversionHelperAidl( 1945): Function: parseAndSetVendorParameters Line: 94 Failed 
11-27 23:21:46.743 E/Zygote  ( 7158): process_name_ptr:7158 com.android.chrome
11-27 23:21:46.744 E/Zygote  ( 7158): SetMemoryProtected process_name_ptr:7158 com.android.chrome
11-27 23:21:46.753 E/.android.chrome( 7158): Not starting debugger since process cannot load the jdwp agent.
11-27 23:21:46.762 E/android.youtube( 6767): No package ID 6a found for resource ID 0x6a0b0013.
11-27 23:21:46.791 E/MiuiPreloadClassImpl( 7158): invoke error.
11-27 23:21:46.793 E/ashmem  ( 7158): Pinning is deprecated since Android Q. Please use trim or other methods.
11-27 23:21:46.798 E/TurboSchedMonitor( 7158): failed to find setSchedAffinity method com.android.chrome
11-27 23:21:46.799 E/TurboSchedMonitor( 7158): failed to find setSchedAffinity method com.android.chrome
11-27 23:21:46.819 E/TurboSchedMonitor( 7158): failed to find setSchedAffinity method com.android.chrome
11-27 23:21:46.819 E/TurboSchedMonitor( 7158): failed to find setSchedAffinity method com.android.chrome
11-27 23:21:46.834 E/PhoneAdapter( 5949): get ntnphones failed, exception: java.lang.IllegalStateException: not support satellite!
11-27 23:21:46.870 E/TurboSchedMonitor( 7158): failed to find setSchedAffinity method com.android.chrome
11-27 23:21:46.870 E/TurboSchedMonitor( 7158): failed to find setSchedAffinity method com.android.chrome
11-27 23:21:46.953 E/Zygote  ( 7235): process_name_ptr:7235 com.android.chrome:privileged_process0
11-27 23:21:46.953 E/Zygote  ( 7235): SetMemoryProtected process_name_ptr:7235 com.android.chrome:privileged_process0
11-27 23:21:46.961 E/ileged_process0( 7235): Not starting debugger since process cannot load the jdwp agent.
11-27 23:21:46.984 E/FilePhenotypeFlags( 7158): Config package com.google.android.gms.auth_account_client#com.android.chrome cannot use FILE backing without declarative registration. See go/phenotype-android-integration#phenotype for more information. This will lead to stale flags.
11-27 23:21:46.985 E/MiuiPreloadClassImpl( 7235): invoke error.
11-27 23:21:46.996 E/ashmem  ( 7235): Pinning is deprecated since Android Q. Please use trim or other methods.
11-27 23:21:47.016 E/cr_ChromiumAndroidLinker( 7235): RelroIsIdentical: Relocations are not identical, giving up.
11-27 23:21:47.016 E/cr_ChromiumAndroidLinker( 7235): CompareRelroAndReplaceItBy: RELRO is not identical
11-27 23:21:47.054 E/PreStartUtils( 5385): preLaunchProcess success infoPackage: com.hyperxray.an
11-27 23:21:47.067 E/Zygote  (21363): process_name_ptr:21363 com.hyperxray.an
11-27 23:21:47.067 E/Zygote  (21363): SetMemoryProtected process_name_ptr:21363 com.hyperxray.an
11-27 23:21:47.091 E/Launcher.application( 5385): setClickAppWaitForCallback = true
11-27 23:21:47.091 E/PerfShielderService( 3688): onScenarioChanged start type: 296 time:52136551
11-27 23:21:47.091 E/Launcher.application( 5385): setClickAppWaitForCallback = true
11-27 23:21:47.091 E/Launcher( 5385): superStartActivity   type=13
11-27 23:21:47.097 E/PERFHAL-SERVICE( 1820): PERFHAL-SERVICE: perfHintAsync() 599: perfHintAsync SubmitScenarioDRequest initcomplete
11-27 23:21:47.097 E/PERFHAL-WLC-SCENARIO( 1820): PERFHAL-WLC-SCENARIO: GetType() 104: empty appName  or WLC is not initialized
11-27 23:21:47.097 E/PERFHAL-WLC-SCENARIO( 1820): PERFHAL-WLC-SCENARIO: GetWeight() 127: empty appName or WLC is not initialized
11-27 23:21:47.097 E/PERFHAL-WLC-SCENARIO( 1820): PERFHAL-WLC-SCENARIO: GetType() 104: empty appName  or WLC is not initialized
11-27 23:21:47.097 E/PERFHAL-SCENARIOD( 1820): PERFHAL-SCENARIOD: applyLLBaseBoost() 481: MPCTL-NOW hint:0x1081,2, size:1
11-27 23:21:47.097 E/PERFHAL-WLC-SCENARIO( 1820): PERFHAL-WLC-SCENARIO: GetType() 104: empty appName  or WLC is not initialized
11-27 23:21:47.097 E/PERFHAL-WLC-SCENARIO( 1820): PERFHAL-WLC-SCENARIO: GetWeight() 127: empty appName or WLC is not initialized
11-27 23:21:47.097 E/PERFHAL-UTIL( 1820): PERFHAL-UTIL: save_node_val() 266: Failed to read /sys/class/mmc_host/mmc0/clk_scaling/enable
11-27 23:21:47.097 E/PERFHAL-OPTSHANDLER( 1820): PERFHAL-OPTSHANDLER: modify_sysfsnode() 1409: Failed to read /sys/class/mmc_host/mmc0/clk_scaling/enable
11-27 23:21:47.097 E/PERFHAL-RESOURCEQS( 1820): PERFHAL-RESOURCEQS: AddAndApply() 159: Failed to apply optimization [11, 4]
11-27 23:21:47.098 E/PERFHAL-UTIL( 1820): PERFHAL-UTIL: save_node_val() 266: Failed to read /sys/class/mmc_host/mmc0/clk_scaling/enable
11-27 23:21:47.098 E/PERFHAL-OPTSHANDLER( 1820): PERFHAL-OPTSHANDLER: modify_sysfsnode() 1409: Failed to read /sys/class/mmc_host/mmc0/clk_scaling/enable
11-27 23:21:47.098 E/PERFHAL-RESOURCEQS( 1820): PERFHAL-RESOURCEQS: AddAndApply() 159: Failed to apply optimization [11, 4]
11-27 23:21:47.098 E/PERFHAL-RESOURCEQS( 1820): PERFHAL-RESOURCEQS: AddAndApply() 136: Resource value ffffffff is not supported
11-27 23:21:47.102 E/PERFHAL-SERVICE( 1820): PERFHAL-SERVICE: perfHintAsync() 599: perfHintAsync SubmitScenarioDRequest initcomplete
11-27 23:21:47.104 E/MultiSpringDynamicAnimationca554c6( 5385): ERROR Not Found Bundle Radius
11-27 23:21:47.104 E/MultiSpringDynamicAnimationca554c6( 5385): ERROR Not Found Bundle SurfaceExtAlpha
11-27 23:21:47.104 E/MultiSpringDynamicAnimationca554c6( 5385): ERROR Not Found Bundle appLeashBlurRadius
11-27 23:21:47.104 E/MultiSpringDynamicAnimationca554c6( 5385): ERROR Not Found Bundle SurfaceExtAlpha
11-27 23:21:47.104 E/MultiSpringDynamicAnimationca554c6( 5385): ERROR Not Found Bundle SurfaceExtAlpha
11-27 23:21:47.104 E/MultiSpringDynamicAnimationca554c6( 5385): ERROR Not Found Bundle appLeashBlurRadius
11-27 23:21:47.105 E/Launcher.application( 5385): setClickAppWaitForCallback = false
11-27 23:21:47.105 E/PerfShielderService( 3688): onScenarioChanged end type: 296 time:52136564, startTime : 52136551
11-27 23:21:47.111 E/ActivityManagerWrapper( 5385): get all recent tasks force including -1 userId =0
11-27 23:21:47.114 E/HyperSentinel( 3688): ->pid:21363,processName:"usap64",Rss Memory Size Change 68652kb -> 91412kb
11-27 23:21:47.114 E/ActivityManagerWrapper( 5385): getRecentTasksForceIncludingTaskIdIfValid: getRecentTasks: size=1
11-27 23:21:47.114 E/ActivityManagerWrapper( 5385):  mainTaskId=813   userId=0   windowMode=1   isExcludedFromRecents=false   baseIntent=Intent { act=android.intent.action.MAIN flag=270532608 cmp=ComponentInfo{com.hyperxray.an/com.hyperxray.an.activity.MainActivity} }
11-27 23:21:47.117 E/BarFollowAnimation( 3688): navBarVisible throw Exception
11-27 23:21:47.118 E/HyperSentinel( 3688): ->pid:21363,processName:"<pre-initialized>",Rss Memory Size Change 91412kb -> 119576kb
11-27 23:21:47.120 E/WindowTransitionCompat( 5385): startAnimation isFastLaunch = true
11-27 23:21:47.120 E/WindowTransitionCompat( 5385): 0, check isClosingType type = 1, mode = 1
11-27 23:21:47.120 E/WindowTransitionCompat( 5385): 1, check isClosingType type = 2, mode = 4
11-27 23:21:47.120 E/ActivityManagerWrapper( 5385): get all recent tasks force including -1 userId =0
11-27 23:21:47.121 E/ActivityManagerWrapper( 5385): getRecentTasksForceIncludingTaskIdIfValid: getRecentTasks: size=1
11-27 23:21:47.121 E/ActivityManagerWrapper( 5385):  mainTaskId=813   userId=0   windowMode=1   isExcludedFromRecents=false   baseIntent=Intent { act=android.intent.action.MAIN flag=270532608 cmp=ComponentInfo{com.hyperxray.an/com.hyperxray.an.activity.MainActivity} }
11-27 23:21:47.130 E/ClipAnimationHelper( 5385): updateSourceStack  mSourceInsets=Rect(0, 0 - 0, 0), mSourceStackBounds=Rect(0, 0 - 1200, 2670)
11-27 23:21:47.130 E/ClipAnimationHelper( 5385): updateHomeStack  mSourceInsets=Rect(0, 0 - 0, 0), mHomeStackBounds=Rect(0, 0 - 1200, 2670)
11-27 23:21:47.130 E/WindowAnimParamsProvider( 5385): getWindowTargetBounds    bounds=Rect(0, 0 - 1200, 2670)
11-27 23:21:47.130 E/ClipAnimationHelper( 5385): updateTargetRect  mSourceRect=RectF(0.0, 0.0, 1200.0, 2670.0)   mTargetRect=RectF(0.0, 0.0, 1200.0, 2670.0)   mSourceWindowClipInsets=RectF(0.0, 0.0, 0.0, 0.0)   mHomeStackBounds=Rect(0, 0 - 1200, 2670)   targetRect=Rect(0, 0 - 1200, 2670)
11-27 23:21:47.130 E/MultiSpringDynamicAnimationca554c6( 5385): ERROR Not Found Bundle SurfaceExtAlpha
11-27 23:21:47.130 E/MultiSpringDynamicAnimationca554c6( 5385): ERROR Not Found Bundle Radius
11-27 23:21:47.130 E/MultiSpringDynamicAnimationca554c6( 5385): ERROR Not Found Bundle appLeashBlurRadius
11-27 23:21:47.140 E/qspmHal ( 1829): GPU profile file NOT found !!
11-27 23:21:47.142 E/TransitionChain( 3688): Can't collect into a chain with no transition
11-27 23:21:47.159 E/ProcessManager( 3688): error write exception log
11-27 23:21:47.177 E/PERFHAL-CLIENT( 1820): PERFHAL-CLIENT: perf_lock_acq_rel() 496: opcode=1149239296 isMvOpcode=0
11-27 23:21:47.178 E/ProcessManager( 3688): error write exception log
11-27 23:21:47.184 E/TurboSchedMonitor( 7158): failed to find setSchedAffinity method com.android.chrome
11-27 23:21:47.184 E/TurboSchedMonitor( 7158): failed to find setSchedAffinity method com.android.chrome
11-27 23:21:47.186 E/HyperSentinel( 3688): ->pid:21363,processName:"<pre-initialized>",Rss Memory Size Change 119576kb -> 160056kb
11-27 23:21:47.191 E/Euicc-XmLPAService(27989): onFailure: Profil bilgilerini al ile ilgili hata
11-27 23:21:47.191 E/Euicc-XmLPAService(27989): 
11-27 23:21:47.191 E/Euicc-XmLPAService(27989): Konu kodu: 100
11-27 23:21:47.191 E/Euicc-XmLPAService(27989): Neden kodu: 131081
11-27 23:21:47.191 E/Euicc-XmLPAService(27989): error: 
11-27 23:21:47.198 E/qspmHal ( 1829): GPU profile file NOT found !!
11-27 23:21:47.202 E/ActivityManagerWrapper( 5385): get all recent tasks force including -1 userId =0
11-27 23:21:47.203 E/Zygote  ( 7327): process_name_ptr:7327 com.android.chrome_zygote
11-27 23:21:47.203 E/Zygote  ( 7327): SetMemoryProtected process_name_ptr:7327 com.android.chrome_zygote
11-27 23:21:47.204 E/ActivityManagerWrapper( 5385): getRecentTasksForceIncludingTaskIdIfValid: getRecentTasks: size=1
11-27 23:21:47.204 E/ActivityManagerWrapper( 5385):  mainTaskId=813   userId=0   windowMode=1   isExcludedFromRecents=false   baseIntent=Intent { act=android.intent.action.MAIN flag=270532608 cmp=ComponentInfo{com.hyperxray.an/com.hyperxray.an.activity.MainActivity} }
11-27 23:21:47.239 E/HyperSentinel( 3688): ->pid:21363,processName:"com.hyperxray.an",Rss Memory Size Change 160056kb -> 208208kb
11-27 23:21:47.241 E/AlarmManager( 3688): not align this alarm: Alarm{29c0b70 type 3 origWhen 52137693 whenElapsed 52141695 com.google.android.gms}, reason=0
11-27 23:21:47.246 E/AlarmManager( 3688): not align this alarm: Alarm{8094c7a type 3 origWhen 52144276 whenElapsed 52144276 com.google.android.gms}, reason=0
11-27 23:21:47.279 E/AlarmManager( 3688): not align this alarm: Alarm{872b5a3 type 3 origWhen 52144277 whenElapsed 52144277 com.google.android.gms}, reason=0
11-27 23:21:47.279 E/MiuiPreloadClassImpl(21363): invoke error.
11-27 23:21:47.294 E/ashmem  (21363): Pinning is deprecated since Android Q. Please use trim or other methods.
11-27 23:21:47.311 E/libc    ( 7373): SetHeapTaggingLevel: re-enabling tagging after it was disabled is not supported
11-27 23:21:47.313 E/TurboSchedMonitor(21363): failed to find setSchedAffinity method com.hyperxray.an
11-27 23:21:47.314 E/TurboSchedMonitor(21363): failed to find setSchedAffinity method com.hyperxray.an
11-27 23:21:47.317 E/ocessService0:0( 7373): Not starting debugger since process cannot load the jdwp agent.
11-27 23:21:47.327 E/TurboSchedMonitor( 7158): failed to find setSchedAffinity method com.android.chrome
11-27 23:21:47.330 E/TurboSchedMonitor( 7158): failed to find setSchedAffinity method com.android.chrome
11-27 23:21:47.331 E/MQSEventManagerDelegate( 7373): failed to get MQSService.
11-27 23:21:47.340 E/AlarmManager( 3688): not align this alarm: Alarm{9cca38a type 3 origWhen 52144277 whenElapsed 52144277 com.google.android.gms}, reason=0
11-27 23:21:47.342 E/ForceDarkHelperStubImpl( 7373): getForceDarkOriginState transact failed , mService: null
11-27 23:21:47.343 E/MQSEventManagerDelegate( 7373): failed to get MQSService.
