11-27 23:16:16.103 D/ActivityThread(12087): Package [com.hyperxray.an] reported as REPLACED, but missing application info. Assuming REMOVED.
11-27 23:16:16.103 D/ActivityThread(23103): Package [com.hyperxray.an] reported as REPLACED, but missing application info. Assuming REMOVED.
11-27 23:16:16.103 D/ActivityThread(31316): Package [com.hyperxray.an] reported as REPLACED, but missing application info. Assuming REMOVED.
11-27 23:16:16.104 D/ActivityThread(25785): Package [com.hyperxray.an] reported as REPLACED, but missing application info. Assuming REMOVED.
11-27 23:16:16.104 D/ActivityThread(27396): Package [com.hyperxray.an] reported as REPLACED, but missing application info. Assuming REMOVED.
11-27 23:16:16.104 D/ActivityThread(19075): Package [com.hyperxray.an] reported as REPLACED, but missing application info. Assuming REMOVED.
11-27 23:16:16.104 D/ActivityThread(10837): Package [com.hyperxray.an] reported as REPLACED, but missing application info. Assuming REMOVED.
11-27 23:16:16.104 D/ActivityThread(19572): Package [com.hyperxray.an] reported as REPLACED, but missing application info. Assuming REMOVED.
11-27 23:16:16.105 D/ActivityThread(29063): Package [com.hyperxray.an] reported as REPLACED, but missing application info. Assuming REMOVED.
11-27 23:16:16.105 D/ActivityThread(14989): Package [com.hyperxray.an] reported as REPLACED, but missing application info. Assuming REMOVED.
11-27 23:16:16.105 D/ActivityThread( 8292): Package [com.hyperxray.an] reported as REPLACED, but missing application info. Assuming REMOVED.
11-27 23:16:16.106 D/ActivityThread(12763): Package [com.hyperxray.an] reported as REPLACED, but missing application info. Assuming REMOVED.
11-27 23:16:16.106 D/ActivityThread(10959): Package [com.hyperxray.an] reported as REPLACED, but missing application info. Assuming REMOVED.
11-27 23:16:16.106 D/ActivityThread(23217): Package [com.hyperxray.an] reported as REPLACED, but missing application info. Assuming REMOVED.
11-27 23:16:16.106 D/ActivityThread( 7727): Package [com.hyperxray.an] reported as REPLACED, but missing application info. Assuming REMOVED.
11-27 23:16:16.108 I/WindowManager( 3688): WIN DEATH: Window{d46054e u0 com.hyperxray.an/com.hyperxray.an.activity.MainActivity}
11-27 23:16:16.109 D/ActivityThread( 7546): Package [com.hyperxray.an] reported as REPLACED, but missing application info. Assuming REMOVED.
11-27 23:16:16.109 D/ActivityThread( 4666): Package [com.hyperxray.an] reported as REPLACED, but missing application info. Assuming REMOVED.
11-27 23:16:16.109 D/ActivityThread(22628): Package [com.hyperxray.an] reported as REPLACED, but missing application info. Assuming REMOVED.
11-27 23:16:16.110 D/ActivityThread(23506): Package [com.hyperxray.an] reported as REPLACED, but missing application info. Assuming REMOVED.
11-27 23:16:16.110 D/ActivityThread(13047): Package [com.hyperxray.an] reported as REPLACED, but missing application info. Assuming REMOVED.
11-27 23:16:16.110 D/ActivityThread(30596): Package [com.hyperxray.an] reported as REPLACED, but missing application info. Assuming REMOVED.
11-27 23:16:16.110 D/ActivityThread(26384): Package [com.hyperxray.an] reported as REPLACED, but missing application info. Assuming REMOVED.
11-27 23:16:16.111 D/ActivityThread(31762): Package [com.hyperxray.an] reported as REPLACED, but missing application info. Assuming REMOVED.
11-27 23:16:16.111 D/ActivityThread( 2961): Package [com.hyperxray.an] reported as REPLACED, but missing application info. Assuming REMOVED.
11-27 23:16:16.111 D/ActivityThread(25833): Package [com.hyperxray.an] reported as REPLACED, but missing application info. Assuming REMOVED.
11-27 23:16:16.111 D/ActivityThread(21518): Package [com.hyperxray.an] reported as REPLACED, but missing application info. Assuming REMOVED.
11-27 23:16:16.111 D/ActivityThread(23999): Package [com.hyperxray.an] reported as REPLACED, but missing application info. Assuming REMOVED.
11-27 23:16:16.111 D/ActivityThread(19716): Package [com.hyperxray.an] reported as REPLACED, but missing application info. Assuming REMOVED.
11-27 23:16:16.112 D/ActivityThread( 6635): Package [com.hyperxray.an] reported as REPLACED, but missing application info. Assuming REMOVED.
11-27 23:16:16.112 D/ActivityThread(21731): Package [com.hyperxray.an] reported as REPLACED, but missing application info. Assuming REMOVED.
11-27 23:16:16.113 D/ActivityThread(19103): Package [com.hyperxray.an] reported as REPLACED, but missing application info. Assuming REMOVED.
11-27 23:16:16.113 D/ActivityThread(19573): Package [com.hyperxray.an] reported as REPLACED, but missing application info. Assuming REMOVED.
11-27 23:16:16.113 D/ActivityThread( 7762): Package [com.hyperxray.an] reported as REPLACED, but missing application info. Assuming REMOVED.
11-27 23:16:16.113 D/ActivityThread( 4584): Package [com.hyperxray.an] reported as REPLACED, but missing application info. Assuming REMOVED.
11-27 23:16:16.113 D/ActivityThread(20958): Package [com.hyperxray.an] reported as REPLACED, but missing application info. Assuming REMOVED.
11-27 23:16:16.113 D/ActivityThread(15494): Package [com.hyperxray.an] reported as REPLACED, but missing application info. Assuming REMOVED.
11-27 23:16:16.113 D/ActivityThread(19046): Package [com.hyperxray.an] reported as REPLACED, but missing application info. Assuming REMOVED.
11-27 23:16:16.113 D/ActivityThread( 3559): Package [com.hyperxray.an] reported as REPLACED, but missing application info. Assuming REMOVED.
11-27 23:16:16.113 D/ActivityThread(  805): Package [com.hyperxray.an] reported as REPLACED, but missing application info. Assuming REMOVED.
11-27 23:16:16.113 D/ActivityThread( 2043): Package [com.hyperxray.an] reported as REPLACED, but missing application info. Assuming REMOVED.
11-27 23:16:16.114 D/BarFollowAnimation( 3688): isAppTaskBarOnTop win:Window{b9539c4 u0 com.miui.home/com.miui.home.launcher.Launcher} (mCurrentTopTask:Task{a64f5b8 #810 type=standard A=1000:com.miui.securitycenter nonResizable} : false); (mAssociatedTask:Task{fd8810 #809 type=standard I=com.hyperxray.an/.activity.MainActivity} : false); (mHomeTask:Task{c7eba92 #1 type=home} : true); mReparentToOriginParent:false mLastAppBarVisible:false mLastHomeBarVisible:true
11-27 23:16:16.114 D/ActivityThread( 5385): Package [com.hyperxray.an] reported as REPLACED, but missing application info. Assuming REMOVED.
11-27 23:16:16.114 D/ActivityThread( 3646): Package [com.hyperxray.an] reported as REPLACED, but missing application info. Assuming REMOVED.
11-27 23:16:16.114 D/ActivityThread(10886): Package [com.hyperxray.an] reported as REPLACED, but missing application info. Assuming REMOVED.
11-27 23:16:16.115 D/ActivityThread( 4875): Package [com.hyperxray.an] reported as REPLACED, but missing application info. Assuming REMOVED.
11-27 23:16:16.115 D/ActivityThread(24778): Package [com.hyperxray.an] reported as REPLACED, but missing application info. Assuming REMOVED.
11-27 23:16:16.115 D/ActivityThread(26029): Package [com.hyperxray.an] reported as REPLACED, but missing application info. Assuming REMOVED.
11-27 23:16:16.116 D/ActivityThread( 3103): Package [com.hyperxray.an] reported as REPLACED, but missing application info. Assuming REMOVED.
11-27 23:16:16.116 D/ActivityThread(13131): Package [com.hyperxray.an] reported as REPLACED, but missing application info. Assuming REMOVED.
11-27 23:16:16.116 D/ActivityThread(11286): Package [com.hyperxray.an] reported as REPLACED, but missing application info. Assuming REMOVED.
11-27 23:16:16.116 D/ActivityThread(11208): Package [com.hyperxray.an] reported as REPLACED, but missing application info. Assuming REMOVED.
11-27 23:16:16.116 D/ActivityThread(31251): Package [com.hyperxray.an] reported as REPLACED, but missing application info. Assuming REMOVED.
11-27 23:16:16.116 D/ActivityThread(31934): Package [com.hyperxray.an] reported as REPLACED, but missing application info. Assuming REMOVED.
11-27 23:16:16.116 D/ActivityThread(23493): Package [com.hyperxray.an] reported as REPLACED, but missing application info. Assuming REMOVED.
11-27 23:16:16.116 D/ActivityThread(18268): Package [com.hyperxray.an] reported as REPLACED, but missing application info. Assuming REMOVED.
11-27 23:16:16.117 D/ActivityThread(11089): Package [com.hyperxray.an] reported as REPLACED, but missing application info. Assuming REMOVED.
11-27 23:16:16.116 D/ActivityThread(11184): Package [com.hyperxray.an] reported as REPLACED, but missing application info. Assuming REMOVED.
11-27 23:16:16.117 D/ActivityThread( 6037): Package [com.hyperxray.an] reported as REPLACED, but missing application info. Assuming REMOVED.
11-27 23:16:16.117 D/ActivityThread(11127): Package [com.hyperxray.an] reported as REPLACED, but missing application info. Assuming REMOVED.
11-27 23:16:16.117 D/ActivityThread(11071): Package [com.hyperxray.an] reported as REPLACED, but missing application info. Assuming REMOVED.
11-27 23:16:16.117 D/ActivityThread(26067): Package [com.hyperxray.an] reported as REPLACED, but missing application info. Assuming REMOVED.
11-27 23:16:16.117 D/ActivityThread(11112): Package [com.hyperxray.an] reported as REPLACED, but missing application info. Assuming REMOVED.
11-27 23:16:16.117 D/ActivityThread(11167): Package [com.hyperxray.an] reported as REPLACED, but missing application info. Assuming REMOVED.
11-27 23:16:16.119 D/ActivityThread( 6013): Package [com.hyperxray.an] reported as REPLACED, but missing application info. Assuming REMOVED.
11-27 23:16:16.119 D/ActivityThread( 5949): Package [com.hyperxray.an] reported as REPLACED, but missing application info. Assuming REMOVED.
11-27 23:16:16.119 D/ActivityThread( 5890): Package [com.hyperxray.an] reported as REPLACED, but missing application info. Assuming REMOVED.
11-27 23:16:16.119 D/ActivityThread( 5812): Package [com.hyperxray.an] reported as REPLACED, but missing application info. Assuming REMOVED.
11-27 23:16:16.119 D/ActivityThread( 5788): Package [com.hyperxray.an] reported as REPLACED, but missing application info. Assuming REMOVED.
11-27 23:16:16.119 D/ActivityThread( 3688): Package [com.hyperxray.an] reported as REPLACED, but missing application info. Assuming REMOVED.
11-27 23:16:16.119 D/ActivityThread( 5709): Package [com.hyperxray.an] reported as REPLACED, but missing application info. Assuming REMOVED.
11-27 23:16:16.120 D/ActivityThread( 5685): Package [com.hyperxray.an] reported as REPLACED, but missing application info. Assuming REMOVED.
11-27 23:16:16.120 D/ActivityThread( 5723): Package [com.hyperxray.an] reported as REPLACED, but missing application info. Assuming REMOVED.
11-27 23:16:16.120 D/ActivityThread( 5920): Package [com.hyperxray.an] reported as REPLACED, but missing application info. Assuming REMOVED.
11-27 23:16:16.120 D/ActivityThread( 5745): Package [com.hyperxray.an] reported as REPLACED, but missing application info. Assuming REMOVED.
11-27 23:16:16.121 D/ActivityThread( 5831): Package [com.hyperxray.an] reported as REPLACED, but missing application info. Assuming REMOVED.
11-27 23:16:16.121 D/ActivityThread( 5857): Package [com.hyperxray.an] reported as REPLACED, but missing application info. Assuming REMOVED.
11-27 23:16:16.121 D/ActivityThread(25877): Package [com.hyperxray.an] reported as REPLACED, but missing application info. Assuming REMOVED.
11-27 23:16:16.137 D/ActivityThread(25258): Package [com.hyperxray.an] reported as REPLACED, but missing application info. Assuming REMOVED.
11-27 23:16:16.137 D/ActivityThread(25258): Package [com.hyperxray.an] reported as REPLACED, but missing application info. Assuming REMOVED.
11-27 23:16:16.167 D/ActivityThread(32743): Package [com.hyperxray.an] reported as REPLACED, but missing application info. Assuming REMOVED.
11-27 23:16:16.170 D/ActivityThread( 1331): Package [com.hyperxray.an] reported as REPLACED, but missing application info. Assuming REMOVED.
11-27 23:16:16.172 D/ActivityThread( 1331): Package [com.hyperxray.an] reported as REPLACED, but missing application info. Assuming REMOVED.
11-27 23:16:16.281 W/CacheQuotaStrategy( 3688): 	at android.os.BinderProxy.transactNative(Native Method)
11-27 23:16:16.805 D/Transition( 3688): setToBackByHome for Task{fd8810 #809 type=standard I=com.hyperxray.an/.activity.MainActivity}
11-27 23:16:16.805 D/BarFollowAnimation( 3688): onTaskInfoChanedForCaptionBar Task{fd8810 #809 type=standard I=com.hyperxray.an/.activity.MainActivity} shouldbeVisible:false isVisible:false windowMode:1 mCaptionAssociatedTask:null mIsTouchedInCaption:false
11-27 23:16:16.805 W/WindowManager( 3688): Exception thrown during dispatchAppVisibility Window{d46054e u0 com.hyperxray.an/com.hyperxray.an.activity.MainActivity EXITING}
11-27 23:16:16.805 W/WindowManager( 3688): 	at android.os.BinderProxy.transactNative(Native Method)
11-27 23:16:16.805 I/TransitionImpl( 3688): finishTransition: updateLastSurfacePosition tf=Task{fd8810 #809 type=standard I=com.hyperxray.an/.activity.MainActivity}
11-27 23:16:16.806 D/BarFollowAnimation( 3688): isAppTaskBarOnTop win:Window{b9539c4 u0 com.miui.home/com.miui.home.launcher.Launcher} (mCurrentTopTask:Task{a64f5b8 #810 type=standard A=1000:com.miui.securitycenter nonResizable} : false); (mAssociatedTask:Task{fd8810 #809 type=standard I=com.hyperxray.an/.activity.MainActivity} : false); (mHomeTask:Task{c7eba92 #1 type=home} : true); mReparentToOriginParent:false mLastAppBarVisible:false mLastHomeBarVisible:true
11-27 23:16:16.807 D/BarFollowAnimation( 3688): isAppTaskBarOnTop win:Window{b9539c4 u0 com.miui.home/com.miui.home.launcher.Launcher} (mCurrentTopTask:Task{a64f5b8 #810 type=standard A=1000:com.miui.securitycenter nonResizable} : false); (mAssociatedTask:Task{fd8810 #809 type=standard I=com.hyperxray.an/.activity.MainActivity} : false); (mHomeTask:Task{c7eba92 #1 type=home} : true); mReparentToOriginParent:false mLastAppBarVisible:false mLastHomeBarVisible:true
11-27 23:16:16.807 D/BarFollowAnimation( 3688): isAppTaskBarOnTop win:Window{b9539c4 u0 com.miui.home/com.miui.home.launcher.Launcher} (mCurrentTopTask:Task{a64f5b8 #810 type=standard A=1000:com.miui.securitycenter nonResizable} : false); (mAssociatedTask:Task{fd8810 #809 type=standard I=com.hyperxray.an/.activity.MainActivity} : false); (mHomeTask:Task{c7eba92 #1 type=home} : true); mReparentToOriginParent:false mLastAppBarVisible:false mLastHomeBarVisible:true
11-27 23:16:16.807 D/BarFollowAnimation( 3688): onTaskInfoChanedForCaptionBar Task{fd8810 #809 type=standard I=com.hyperxray.an/.activity.MainActivity} shouldbeVisible:false isVisible:false windowMode:1 mCaptionAssociatedTask:null mIsTouchedInCaption:false
11-27 23:16:16.808 D/BarFollowAnimation( 3688): onTaskValishedForCaptionBar Task{fd8810 #809 type=standard I=com.hyperxray.an/.activity.MainActivity}
11-27 23:16:18.773 D/ActivityThread( 5507): Package [com.hyperxray.an] reported as REPLACED, but missing application info. Assuming REMOVED.
11-27 23:16:18.773 D/ActivityThread( 5507): Package [com.hyperxray.an] reported as REPLACED, but missing application info. Assuming REMOVED.
11-27 23:16:18.774 D/ActivityThread( 5760): Package [com.hyperxray.an] reported as REPLACED, but missing application info. Assuming REMOVED.
11-27 23:16:18.775 D/ActivityThread( 5760): Package [com.hyperxray.an] reported as REPLACED, but missing application info. Assuming REMOVED.
11-27 23:16:18.776 D/ActivityThread( 5973): Package [com.hyperxray.an] reported as REPLACED, but missing application info. Assuming REMOVED.
11-27 23:16:18.777 D/ActivityThread( 8690): Package [com.hyperxray.an] reported as REPLACED, but missing application info. Assuming REMOVED.
11-27 23:16:18.777 D/ActivityThread( 5973): Package [com.hyperxray.an] reported as REPLACED, but missing application info. Assuming REMOVED.
11-27 23:16:18.778 D/ActivityThread(27989): Package [com.hyperxray.an] reported as REPLACED, but missing application info. Assuming REMOVED.
11-27 23:16:18.779 D/ActivityThread(27989): Package [com.hyperxray.an] reported as REPLACED, but missing application info. Assuming REMOVED.
11-27 23:16:18.779 D/ActivityThread( 8690): Package [com.hyperxray.an] reported as REPLACED, but missing application info. Assuming REMOVED.
11-27 23:16:18.779 D/ActivityThread(11245): Package [com.hyperxray.an] reported as REPLACED, but missing application info. Assuming REMOVED.
11-27 23:16:18.779 D/ActivityThread(26446): Package [com.hyperxray.an] reported as REPLACED, but missing application info. Assuming REMOVED.
11-27 23:16:18.780 D/ActivityThread(11245): Package [com.hyperxray.an] reported as REPLACED, but missing application info. Assuming REMOVED.
11-27 23:16:18.782 D/ActivityThread( 3252): Package [com.hyperxray.an] reported as REPLACED, but missing application info. Assuming REMOVED.
11-27 23:16:18.783 D/ActivityThread(26446): Package [com.hyperxray.an] reported as REPLACED, but missing application info. Assuming REMOVED.
11-27 23:16:18.784 D/ActivityThread( 3252): Package [com.hyperxray.an] reported as REPLACED, but missing application info. Assuming REMOVED.
11-27 23:16:18.784 D/ActivityThread(28239): Package [com.hyperxray.an] reported as REPLACED, but missing application info. Assuming REMOVED.
11-27 23:16:18.784 D/ActivityThread(28239): Package [com.hyperxray.an] reported as REPLACED, but missing application info. Assuming REMOVED.
11-27 23:16:18.784 D/ActivityThread(32463): Package [com.hyperxray.an] reported as REPLACED, but missing application info. Assuming REMOVED.
11-27 23:16:18.784 D/ActivityThread(32463): Package [com.hyperxray.an] reported as REPLACED, but missing application info. Assuming REMOVED.
11-27 23:16:18.784 D/ActivityThread(27312): Package [com.hyperxray.an] reported as REPLACED, but missing application info. Assuming REMOVED.
11-27 23:16:18.785 D/ActivityThread(27312): Package [com.hyperxray.an] reported as REPLACED, but missing application info. Assuming REMOVED.
11-27 23:16:18.785 D/ActivityThread(32435): Package [com.hyperxray.an] reported as REPLACED, but missing application info. Assuming REMOVED.
11-27 23:16:18.785 D/ActivityThread(21466): Package [com.hyperxray.an] reported as REPLACED, but missing application info. Assuming REMOVED.
11-27 23:16:18.785 D/ActivityThread(21466): Package [com.hyperxray.an] reported as REPLACED, but missing application info. Assuming REMOVED.
11-27 23:16:18.786 D/ActivityThread(32435): Package [com.hyperxray.an] reported as REPLACED, but missing application info. Assuming REMOVED.
11-27 23:16:18.787 D/ActivityThread(31975): Package [com.hyperxray.an] reported as REPLACED, but missing application info. Assuming REMOVED.
11-27 23:16:18.787 D/ActivityThread(31975): Package [com.hyperxray.an] reported as REPLACED, but missing application info. Assuming REMOVED.
11-27 23:16:18.787 D/ActivityThread( 6194): Package [com.hyperxray.an] reported as REPLACED, but missing application info. Assuming REMOVED.
11-27 23:16:18.788 D/ActivityThread( 6194): Package [com.hyperxray.an] reported as REPLACED, but missing application info. Assuming REMOVED.
11-27 23:16:18.788 D/ActivityThread(28019): Package [com.hyperxray.an] reported as REPLACED, but missing application info. Assuming REMOVED.
11-27 23:16:18.788 D/ActivityThread(28737): Package [com.hyperxray.an] reported as REPLACED, but missing application info. Assuming REMOVED.
11-27 23:16:18.788 D/ActivityThread(28737): Package [com.hyperxray.an] reported as REPLACED, but missing application info. Assuming REMOVED.
11-27 23:16:18.789 D/ActivityThread(32520): Package [com.hyperxray.an] reported as REPLACED, but missing application info. Assuming REMOVED.
11-27 23:16:18.789 D/ActivityThread(32520): Package [com.hyperxray.an] reported as REPLACED, but missing application info. Assuming REMOVED.
11-27 23:16:18.789 D/ActivityThread(22354): Package [com.hyperxray.an] reported as REPLACED, but missing application info. Assuming REMOVED.
11-27 23:16:18.790 D/ActivityThread(22354): Package [com.hyperxray.an] reported as REPLACED, but missing application info. Assuming REMOVED.
11-27 23:16:18.791 D/ActivityThread(28019): Package [com.hyperxray.an] reported as REPLACED, but missing application info. Assuming REMOVED.
11-27 23:16:21.763 D/PreStartingManager( 3688): Load bitmap start, fileName: /data/system_ce/0/pre_starting_bitmap/com.hyperxray.an_0_normal_night.webp
11-27 23:16:21.763 D/MiuiEmbeddingWindow( 3688): blacklistedAppRunningOnPhone: package=com.hyperxray.anisNotProjeciton=true isHavingJeppackDisabledConfig=false isRunningOnPhone=true isAppleConnection=false
11-27 23:16:21.763 D/MiuiEmbeddingWindow( 3688): MiuiEmbeddingWindowService: updateApplicationInfo for com.hyperxray.an, blacklistedAppRunningOnPhone updated: clear
11-27 23:16:21.766 I/Perf[AppStartScene]( 3688): onSceneChangeNotify:Bundle[{hostingRecordName={com.hyperxray.an/com.hyperxray.an.activity.MainActivity}, hostingRecordType=prestart-top-activity, uid=10570, type=0, state=1, processName=com.hyperxray.an, packageName=com.hyperxray.an}]
11-27 23:16:21.767 I/ActivityManager( 3688): Posting procStart msg for 0:com.hyperxray.an/u0a570
11-27 23:16:21.769 I/Perf[AppStartScene]( 3688): onSceneChangeNotify:Bundle[{hostingRecordName={com.hyperxray.an/com.hyperxray.an.activity.MainActivity}, hostingRecordType=prestart-top-activity, pid=20553, uid=10570, type=0, state=2, processName=com.hyperxray.an, packageName=com.hyperxray.an}]
11-27 23:16:21.770 I/ActivityManager( 3688): Start proc 20553:com.hyperxray.an/u0a570 for prestart-top-activity {com.hyperxray.an/com.hyperxray.an.activity.MainActivity} caller=null
11-27 23:16:21.785 D/PreStartingCapture( 3688): Load bitmap end, fileName: /data/system_ce/0/pre_starting_bitmap/com.hyperxray.an_0_normal_night.webp  mBitmapDrawableCache: {com.hyperxray.an=android.graphics.drawable.BitmapDrawable@a09a275}
11-27 23:16:21.812 D/MiuiForceVkService( 3688): shouldUseVk, pkg=com.hyperxray.an useVk 0
11-27 23:16:21.815 I/CamOpt_Service( 3688): notifyActivityStart: intent = Intent { act=android.intent.action.MAIN cat=[android.intent.category.LAUNCHER] flg=0x10200000 xflg=0x4 cmp=com.hyperxray.an/.activity.MainActivity bnds=[52,25][229,202] (has extras) }
11-27 23:16:21.815 W/XSpaceManagerServiceImpl( 3688): checkXSpaceControl, from:com.miui.home, to:com.hyperxray.an, with act:android.intent.action.MAIN, callingUserId:0, toUserId:0
11-27 23:16:21.815 I/Perf[AppStartScene]( 3688): onSceneChangeNotify:Bundle[{applicationThread=android.os.BinderProxy@d5ef0f1, hostingRecordName={com.hyperxray.an/com.hyperxray.an.activity.MainActivity}, hostingRecordType=prestart-top-activity, pid=20553, uid=10570, type=0, state=3, processName=com.hyperxray.an, packageName=com.hyperxray.an, applicationThreadExt=android.os.BinderProxy@a3c34d6}]
11-27 23:16:21.816 I/SmartPower: com.hyperxray.an/10570(20553)( 3688): died->background(5898ms) R(process start ) adj=-10000.
11-27 23:16:21.820 D/AurogonImmobulusMode( 3688): launch app processName = com.hyperxray.an uid = 10570
11-27 23:16:21.820 I/SmartPower: com.hyperxray.an/10570(20553)( 3688): background->invisible(5ms) R(become foreground) adj=-10000.
11-27 23:16:21.820 D/WindowManager( 3688): Collecting in transition 940: ActivityRecord{233433584 u0 com.hyperxray.an/.activity.MainActivity init visibleRequested:false
11-27 23:16:21.820 I/ActivityStarterImpl( 3688): boost warm start activity for com.hyperxray.an
11-27 23:16:21.822 D/WindowManager( 3688): Collecting in transition 940: Task{96769ee #811 type=standard I=com.hyperxray.an/.activity.MainActivity} init visibleRequested:false
11-27 23:16:21.822 D/BarFollowAnimation( 3688):  CreateBarRunnable  mTask = Task{96769ee #811 type=standard I=com.hyperxray.an/.activity.MainActivity} mSurfaceControl = Surface(name=Task=811#20982)/@0x17feb69 currentPid = 3688 currentThread name = BarFollowAnimation Thread currentThread id = 380
11-27 23:16:21.822 D/BarFollowAnimation( 3688): onTaskInfoChanedForCaptionBar Task{96769ee #811 type=standard I=com.hyperxray.an/.activity.MainActivity} shouldbeVisible:true isVisible:false windowMode:1 mCaptionAssociatedTask:null mIsTouchedInCaption:false
11-27 23:16:21.822 D/BarFollowAnimation( 3688): onTaskInfoChanedForCaptionBar Task{96769ee #811 type=standard I=com.hyperxray.an/.activity.MainActivity} shouldbeVisible:true isVisible:false windowMode:1 mCaptionAssociatedTask:null mIsTouchedInCaption:false
11-27 23:16:21.823 D/BarFollowAnimation( 3688): onTaskInfoChanedForCaptionBar Task{96769ee #811 type=standard I=com.hyperxray.an/.activity.MainActivity} shouldbeVisible:true isVisible:false windowMode:1 mCaptionAssociatedTask:null mIsTouchedInCaption:false
11-27 23:16:21.823 D/MiuiFreeFormManagerService( 3688): onStartActivityInner as = Task{96769ee #811 type=standard I=com.hyperxray.an/.activity.MainActivity} op = ActivityOptions(164086955), mPackageName=null, mAnimationType=13, mStartX=0, mStartY=0, mWidth=0, mHeight=0, mLaunchDisplayId=-1, mLaunchBoundsnull, mElementSurfaceTransition = null, activityOptionsInjector=ActivityOptionsInjector={freeformScale: -1.0 mIsNormalFreeForm: true}
11-27 23:16:21.823 I/ActivityTaskManager( 3688): moveTaskToFront: Task{96769ee #811 type=standard I=com.hyperxray.an/.activity.MainActivity} caller trace:com.android.server.wm.TaskDisplayArea.onTaskMoved:461 com.android.server.wm.Task.updateTaskMovement:1756 com.android.server.wm.TaskDisplayArea.positionChildTaskAt:425 com.android.server.wm.TaskDisplayArea.positionChildAt:386 com.android.server.wm.Task.moveToFront:6218 com.android.server.wm.Task.moveToFront:6188 com.android.server.wm.ActivityStarter.startActivityInner:2429 com.android.server.wm.ActivityStarter.startActivityUnchecked:1932 com.android.server.wm.ActivityStarter.executeRequest:1744 com.android.server.wm.ActivityStarter.execute:976 
11-27 23:16:21.823 I/WindowManager( 3688): Try to add startingWindow type = STARTING_WINDOW_TYPE_SPLASH_SCREEN this = ActivityRecord{233433584 u0 com.hyperxray.an/.activity.MainActivity t811} mOccludesParent = true preAllowTaskSnapshot = true afterAllowTaskSnapshot = true newTask = true taskSwitch = true processRunning = true activityCreated = false activityAllDrawn = false isSnapshotCompatible = false snapshotRotation = NaN resolvedTheme = 2131821150 theme = 2131821150
11-27 23:16:21.824 D/PreStartingManager( 3688): Get background color: ff101018  key: com.hyperxray.an_night  containColor: true
11-27 23:16:21.824 D/WindowManager( 3688): Collecting in transition 940: ActivityRecord{233433584 u0 com.hyperxray.an/.activity.MainActivity t811} init visibleRequested:false
11-27 23:16:21.824 D/WindowManager( 3688):    ChangeInfo{d3783dd container=Task{96769ee #811 type=standard I=com.hyperxray.an/.activity.MainActivity} flags=0x0}
11-27 23:16:21.824 D/WindowManager( 3688):    ChangeInfo{ce1e23 container=ActivityRecord{233433584 u0 com.hyperxray.an/.activity.MainActivity t811} flags=0x0}
11-27 23:16:21.825 I/SmartPower: com.hyperxray.an/10570(20553)( 3688): invisible->background(4ms) R(become background) adj=-10000.
11-27 23:16:21.825 I/ActivityTaskManager( 3688): The Process com.hyperxray.an Already Exists in BG. So sending its PID: 20553
11-27 23:16:21.825 D/BarFollowAnimation( 3688): onTaskInfoChanedForCaptionBar Task{96769ee #811 type=standard I=com.hyperxray.an/.activity.MainActivity} shouldbeVisible:true isVisible:false windowMode:1 mCaptionAssociatedTask:null mIsTouchedInCaption:false
11-27 23:16:21.825 D/WindowManager( 3688): Collecting in transition 940: ActivityRecord{233433584 u0 com.hyperxray.an/.activity.MainActivity t811} init visibleRequested:true
11-27 23:16:21.826 I/SmartPower: com.hyperxray.an/10570(20553)( 3688): background->invisible(1ms) R(become foreground) adj=-10000.
11-27 23:16:21.826 D/BarFollowAnimation( 3688): onTaskInfoChanedForCaptionBar Task{96769ee #811 type=standard I=com.hyperxray.an/.activity.MainActivity} shouldbeVisible:true isVisible:false windowMode:1 mCaptionAssociatedTask:null mIsTouchedInCaption:false
11-27 23:16:21.827 D/BarFollowAnimation( 3688): isAppTaskBarOnTop win:Window{b9539c4 u0 com.miui.home/com.miui.home.launcher.Launcher} (mCurrentTopTask:Task{96769ee #811 type=standard I=com.hyperxray.an/.activity.MainActivity} : true); (mAssociatedTask:null : false); (mHomeTask:Task{c7eba92 #1 type=home} : false); mReparentToOriginParent:true mLastAppBarVisible:false mLastHomeBarVisible:true
11-27 23:16:21.828 I/ActivityTaskManager( 3688): removedForAddTask notifyTaskRemoved Task{fd8810 #809 type=standard I=com.hyperxray.an/.activity.MainActivity}, call from com.android.server.wm.ActivityTaskSupervisor.updateTopResumedActivityIfNeeded:2558 com.android.server.wm.TaskFragment.setResumedActivity:737 com.android.server.wm.TaskFragment.onActivityStateChanged:1111 com.android.server.wm.ActivityRecord.setState:6548 com.android.server.wm.ActivityTaskSupervisor.realStartActivityLocked:976 com.android.server.wm.ActivityTaskSupervisor.startSpecificActivity:1227 com.android.server.wm.TaskFragment.resumeTopActivity:2025 com.android.server.wm.Task.resumeTopActivityInnerLocked:6588 
11-27 23:16:21.828 I/ActivityTaskSupervisor( 3688): ActivityRecord{233433584 u0 com.hyperxray.an/.activity.MainActivity t811} launched from package com.miui.home, so schedule top resumed activity immediately.
11-27 23:16:21.828 D/WindowManager( 3688):    ChangeInfo{d3783dd container=Task{96769ee #811 type=standard I=com.hyperxray.an/.activity.MainActivity} flags=0x0}
11-27 23:16:21.828 D/WindowManager( 3688):    ChangeInfo{ce1e23 container=ActivityRecord{233433584 u0 com.hyperxray.an/.activity.MainActivity t811} flags=0x0}
11-27 23:16:21.828 D/WindowManager( 3688): Collecting in transition 940: ActivityRecord{233433584 u0 com.hyperxray.an/.activity.MainActivity t811} init visibleRequested:true
11-27 23:16:21.828 I/Perf[AppStartScene]( 3688): onSceneChangeNotify:Bundle[{renderThreadId=0, applicationThread=android.os.BinderProxy@d5ef0f1, pid=20553, uid=10570, name=com.hyperxray.an.activity.MainActivity, type=1, preStartProc=true, begin=true, state=0, processName=com.hyperxray.an, packageName=com.hyperxray.an, homeApp=false, appSwitch=true}]
11-27 23:16:21.828 D/PreStartingManager( 3688): Get background color: ff101018  key: com.hyperxray.an_night  containColor: true
11-27 23:16:21.828 D/ActivityStarterImpl( 3688): notifyHomeStartActivityFinish info = ActivityStartInfo{mPackageName='com.hyperxray.an', mIsTranslucent=false, mTransitionSyncId=940, mStartingWindowColor=ff101018, mBounds=Rect(0, 0 - 1200, 2670), mLaunchFromHome=true, mLaunchSuccess=true, mFixedRotation=0, mStartingWindowType=0, mTaskId=811, mHomeActivityLeash=Surface(name=ActivityRecord{17645345 u0 com.miui.home/.launcher.Launcher t2}#58)/@0x35dac5d, mHomeTaskLeash=Surface(name=Task=2#55)/@0x416512b, mWindowRotation=-1}
11-27 23:16:21.829 I/SoScStageCoordinator( 6013): Transition requested:TransitionRequestInfo { type = OPEN, triggerTask = TaskInfo{userId=0 taskId=811 effectiveUid=10570 displayId=0 isRunning=true baseIntent=Intent { act=android.intent.action.MAIN cat=[android.intent.category.LAUNCHER] flg=0x10200000 cmp=com.hyperxray.an/.activity.MainActivity } baseActivity=ComponentInfo{com.hyperxray.an/com.hyperxray.an.activity.MainActivity} topActivity=ComponentInfo{com.hyperxray.an/com.hyperxray.an.activity.MainActivity} origActivity=null realActivity=ComponentInfo{com.hyperxray.an/com.hyperxray.an.activity.MainActivity} numActivities=1 lastActiveTime=51811288 supportsSplitScreenMultiWindow=true mSoScDisplayMode=-1 supportsMultiWindow=true resizeMode=1 isResizeable=true minWidth=-1 minHeight=-1 defaultMinSize=200 token=WCT{android.window.IWindowContainerToken$Stub$Proxy@c88ec69} topActivityType=1 pictureInPictureParams=null shouldDockBigOverlays=false launchIntoPipHostTaskId=-1 lastParentTaskIdBeforePip=-1 displayCutoutSafeInsets=Rect(0, 140 - 0, 0) topActivityInfo=ActivityInfo{8ad6ee com.hyperxray.an.activity.MainActivity} launchCookies=[] positionInParent=Point(0, 0) parentTaskId=-1 isFocused=true isVisible=false isVisibleRequested=true isTopActivityNoDisplay=false isSleeping=false locusId=null displayAreaFeatureId=1 isTopActivityTransparent=false isActivityStackTransparent=false lastNonFullscreenBounds=Rect(310, 779 - 891, 1979) capturedLink=null capturedLinkTimestamp=0 requestedVisibleTypes=-9 topActivityRequestOpenInBrowserEducationTimestamp=0 appCompatTaskInfo=AppCompatTaskInfo { topActivityInSizeCompat=false eligibleForLetterboxEducation= false topActivityInMiuiSizeCompat=false isLetterboxEducationEnabled= false isLetterboxDoubleTapEnabled= false eligibleForUserAspectRatioButton= false topActivityBoundsLetterboxed= false isFromLetterboxDoubleTap= false topActivityLetterboxVerticalPosition= -1 topActivityLetterboxHorizontalPosition= -1 topActivityLetterboxWidth=-1 topActivityLetterboxHeight=-1 topActivityAppBounds=Rect(0, 0 - 1200, 2670) isUserFullscreenOverrideEnabled=false isSystemFullscreenOverrideEnabled=false hasMinAspectRatioOverride=false topActivityLetterboxBounds=null cameraCompatTaskInfo=CameraCompatTaskInfo { freeformCameraCompatMode=inactive}} isImmersive=false mTopActivityRequestOrientation=-1 mStatusBarParent=null mNavBarParent=null mBehindAppLockPkg=null mOriginatingUid=0 isEmbedded=false shouldBeVisible=true isCreatedByOrganizer=false mIsCastMode=false mTopActivityMediaSize=null mTopActivityRecordName=ActivityRecord{233433584 u0 com.hyperxray.an/.activity.MainActivity t811} mTopActivityOrientation=-1 topActivityMainWindowFrame=null}, pipChange = null, remoteTransition = RemoteTransition { remoteTransition = android.window.IRemoteTransition$Stub$Proxy@2ae378f, appThread = null, debugName = null, hyperRemoteTransition = android.window.IHyperRemoteTransition$Stub$Proxy@b56a1c }, displayChange = null, flags = 0, debugId = 940 } isSoScActive:false triggerTask:TaskInfo{userId=0 taskId=811 effectiveUid=10570 displayId=0 isRunning=true baseIntent=Intent { act=android.intent.action.MAIN cat=[android.intent.category.LAUNCHER] flg=0x10200000 cmp=com.hyperxray.an/.activity.MainActivity } baseActivity=ComponentInfo{com.hyperxray.an/com.hyperxray.an.activity.MainActivity} topActivity=ComponentInfo{com.hyperxray.an/com.hyperxray.an.activity.MainActivity} origActivity=null realActivity=ComponentInfo{com.hyperxray.an/com.hyperxray.an.activity.MainActivity} numActivities=1 lastActiveTime=51811288 supportsSplitScreenMultiWindow=true mSoScDisplayMode=-1 supportsMultiWindow=true resizeMode=1 isResizeable=true minWidth=-1 minHeight=-1 defaultMinSize=200 token=WCT{android.window.IWindowContainerToken$Stub$Proxy@c88ec69} topActivityType=1 pictureInPictureParams=null shouldDockBigOverlays=false launchIntoPipHostTaskId=-1 lastParentTaskIdBeforePip=-1 displayCutoutSafeInsets=Rect(0, 140 - 0, 0) topActivityInfo=ActivityInfo{8ad6ee com.hyperxray.an.activity.MainActivity} launchCookies=[] positionInParent=Point(0, 0) parentTaskId=-1 isFocu
11-27 23:16:21.829 D/BarFollowAnimation( 3688): isAppTaskBarOnTop win:Window{b9539c4 u0 com.miui.home/com.miui.home.launcher.Launcher} (mCurrentTopTask:Task{96769ee #811 type=standard I=com.hyperxray.an/.activity.MainActivity} : true); (mAssociatedTask:null : false); (mHomeTask:Task{c7eba92 #1 type=home} : false); mReparentToOriginParent:true mLastAppBarVisible:false mLastHomeBarVisible:true
11-27 23:16:21.829 D/WindowManager( 3688): isSyncFinished true. ar: ActivityRecord{233433584 u0 com.hyperxray.an/.activity.MainActivity t811}
11-27 23:16:21.829 D/WindowManager( 3688): isSyncFinished true. ar: ActivityRecord{233433584 u0 com.hyperxray.an/.activity.MainActivity t811}
11-27 23:16:21.830 I/SmartPower: com.hyperxray.an/10570(20553)( 3688): invisible->visible(4ms) R(become visible) adj=-10000.
11-27 23:16:21.830 D/BarFollowAnimation( 3688): onTaskInfoChanedForCaptionBar Task{96769ee #811 type=standard I=com.hyperxray.an/.activity.MainActivity} shouldbeVisible:true isVisible:true windowMode:1 mCaptionAssociatedTask:null mIsTouchedInCaption:false
11-27 23:16:21.830 D/BarFollowAnimation( 3688): onTaskAppearedForCaptionBar Task{96769ee #811 type=standard I=com.hyperxray.an/.activity.MainActivity}
11-27 23:16:21.830 D/TransitionImpl( 3688): forceAddToTransition Task{96769ee #811 type=standard I=com.hyperxray.an/.activity.MainActivity}
11-27 23:16:21.830 D/TransitionImpl( 3688): forceAddToTransition Task{96769ee #811 type=standard I=com.hyperxray.an/.activity.MainActivity}
11-27 23:16:21.830 D/WindowManager( 3688): Final targets: [ChangeInfo{d3783dd container=Task{96769ee #811 type=standard I=com.hyperxray.an/.activity.MainActivity} flags=0x10}, ChangeInfo{3da797f container=Task{c7eba92 #1 type=home} flags=0x10}, ChangeInfo{ead80d9 container=WallpaperWindowToken{22d72ad showWhenLocked=true} flags=0x0}]
11-27 23:16:21.830 I/DynamicIslandService( 3688): elementSurfaceTransition is null for:com.hyperxray.an
11-27 23:16:21.831 D/WindowManager( 3688): Calling onTransitionReady info={id=940 t=OPEN f=0x0 trk=0 r=[0@Point(0, 0)] c=[{WCT{RemoteToken{70d7211 Task{96769ee #811 type=standard I=com.hyperxray.an/.activity.MainActivity}}} m=OPEN f=NONE leash=Surface(name=Task=811#20982)/@0x17feb69 sb=Rect(0, 0 - 1200, 2670) eb=Rect(0, 0 - 1200, 2670) epz=Point(1200, 2670) d=0 taskParent=-1 v=trueMiuiChangeImpl {miuiEmbedding:false, scale:1.0}},{WCT{RemoteToken{6bc96c5 Task{c7eba92 #1 type=home}}} m=TO_BACK f=SHOW_WALLPAPER leash=Surface(name=Task=1#51)/@0xa589ac7 sb=Rect(0, 0 - 1200, 2670) eb=Rect(0, 0 - 1200, 2670) epz=Point(1200, 2670) d=0 taskParent=-1 v=falseMiuiChangeImpl {miuiEmbedding:false, scale:1.0}},{m=TO_BACK f=IS_WALLPAPER leash=Surface(name=WallpaperWindowToken{22d72ad showWhenLocked=false}#69)/@0x518b9e2 sb=Rect(0, 0 - 1200, 2670) eb=Rect(0, 0 - 1200, 2670) epz=Point(1200, 2670) d=0 v=falseMiuiChangeImpl {miuiEmbedding:false, scale:1.0}}] mk=[false] noAni=[false] df=[false] rsa=[false] oa=[false] nc=[0] ho=[false] hla=[true] iSync=[-1]}, mToken=Token{3a0ef76 TransitionRecord{1f04233 id=940 type=OPEN flags=0x0 c=[
11-27 23:16:21.831 D/WindowManager( 3688):    ChangeInfo{d3783dd container=Task{96769ee #811 type=standard I=com.hyperxray.an/.activity.MainActivity} flags=0x10}
11-27 23:16:21.831 D/WindowManager( 3688):    ChangeInfo{ce1e23 container=ActivityRecord{233433584 u0 com.hyperxray.an/.activity.MainActivity t811} flags=0x0}
11-27 23:16:21.831 I/ActivityTaskManager( 3688): START u0 {act=android.intent.action.MAIN cat=[android.intent.category.LAUNCHER] flg=0x10200000 xflg=0x4 cmp=com.hyperxray.an/.activity.MainActivity bnds=[52,25][229,202] (has extras)} with LAUNCH_SINGLE_TASK from uid 10170 from pid 5385 callingPackage com.miui.home (sr=17645345) (BAL_ALLOW_VISIBLE_WINDOW) result code=0
11-27 23:16:21.832 D/BarFollowAnimation( 3688): disableBarAnimation change={WCT{RemoteToken{70d7211 Task{96769ee #811 type=standard I=com.hyperxray.an/.activity.MainActivity}}} m=OPEN f=NONE leash=Surface(name=Task=811#20982)/@0x17feb69 sb=Rect(0, 0 - 1200, 2670) eb=Rect(0, 0 - 1200, 2670) epz=Point(1200, 2670) d=0 taskParent=-1 v=trueMiuiChangeImpl {miuiEmbedding:false, scale:1.0}} 1 1
11-27 23:16:21.832 D/BarFollowAnimation( 3688): startStatusBarAnimation change= {WCT{RemoteToken{70d7211 Task{96769ee #811 type=standard I=com.hyperxray.an/.activity.MainActivity}}} m=OPEN f=NONE leash=Surface(name=Task=811#20982)/@0x17feb69 sb=Rect(0, 0 - 1200, 2670) eb=Rect(0, 0 - 1200, 2670) epz=Point(1200, 2670) d=0 taskParent=-1 v=trueMiuiChangeImpl {miuiEmbedding:false, scale:1.0}} isRecent=false startWindowMode=1 endWindowMode=1 statusState=-1 isRotationAnimation=false
11-27 23:16:21.832 D/BarFollowAnimation( 3688): startStatusBarAnimation task=Task{96769ee #811 type=standard I=com.hyperxray.an/.activity.MainActivity}
11-27 23:16:21.832 D/BarFollowAnimation( 3688): bindAssociatedTask task=Task{96769ee #811 type=standard I=com.hyperxray.an/.activity.MainActivity}
11-27 23:16:21.832 D/BarFollowAnimation( 3688): bindAssociatedTask task=Task{96769ee #811 type=standard I=com.hyperxray.an/.activity.MainActivity}
11-27 23:16:21.832 I/WindowManager( 3688): Add startingWindow, surfaceControl = Surface(name=4461e4d Splash Screen com.hyperxray.an#20990)/@0x852774e layerId = 20990
11-27 23:16:21.832 D/PreStartingManager( 3688): Get background color: ff101018  key: com.hyperxray.an_night  containColor: true
11-27 23:16:21.832 I/WindowManager( 3688): Allow fixed rotation for not collecting:ActivityRecord{233433584 u0 com.hyperxray.an/.activity.MainActivity t811}
11-27 23:16:21.834 D/BarFollowAnimation( 3688): pairAppearanceRegionAndWin win=Window{4461e4d u0 Splash Screen com.hyperxray.an} 0
11-27 23:16:21.834 D/BarFollowAnimation( 3688): isAppTaskBarOnTop win:Window{4461e4d u0 Splash Screen com.hyperxray.an} (mCurrentTopTask:Task{96769ee #811 type=standard I=com.hyperxray.an/.activity.MainActivity} : true); (mAssociatedTask:Task{96769ee #811 type=standard I=com.hyperxray.an/.activity.MainActivity} : true); (mHomeTask:Task{c7eba92 #1 type=home} : false); mReparentToOriginParent:false mLastAppBarVisible:true mLastHomeBarVisible:false
11-27 23:16:21.834 D/MiuiDecorationController( 6013): relayout::taskId=811, visible=true, bounds=Rect(0, 0 - 1200, 2670), focused=true, oldImmersive=false, newImmersive=false, windowMode=1, activityType=1, displayId=0, baseActivity=ComponentInfo{com.hyperxray.an/com.hyperxray.an.activity.MainActivity}, topActivity=ComponentInfo{com.hyperxray.an/com.hyperxray.an.activity.MainActivity}, callers=com.android.wm.shell.multitasking.miuimultiwinswitch.miuiwindowdecor.MulWinSwitchDecorViewModel.createWindowDecoration:317 com.android.wm.shell.multitasking.miuimultiwinswitch.miuiwindowdecor.MulWinSwitchDecorViewModel.onTaskOpening:7 com.android.wm.shell.freeform.FreeformTaskTransitionObserver.onTransitionReady:262 com.android.wm.shell.transition.Transitions.dispatchReady:237 com.android.wm.shell.transition.Transitions.onTransitionReady:246 
11-27 23:16:21.834 D/WindowManager( 3688): updateSystemBarAttributes displayId: 16777216 Window{4461e4d u0 Splash Screen com.hyperxray.an} winAppearance=
11-27 23:16:21.834 I/WindowManager( 3688): Allow fixed rotation for not collecting:ActivityRecord{233433584 u0 com.hyperxray.an/.activity.MainActivity t811}
11-27 23:16:21.835 D/ActivityTaskManager( 3688):  setSkipCaptureLayers tr: Task{96769ee #811 type=standard I=com.hyperxray.an/.activity.MainActivity}
11-27 23:16:21.835 D/BarFollowAnimation( 3688): pairAppearanceRegionAndWin win=Window{4461e4d u0 Splash Screen com.hyperxray.an} 0
11-27 23:16:21.835 D/BarFollowAnimation( 3688): isAppTaskBarOnTop win:Window{4461e4d u0 Splash Screen com.hyperxray.an} (mCurrentTopTask:Task{96769ee #811 type=standard I=com.hyperxray.an/.activity.MainActivity} : true); (mAssociatedTask:Task{96769ee #811 type=standard I=com.hyperxray.an/.activity.MainActivity} : true); (mHomeTask:Task{c7eba92 #1 type=home} : false); mReparentToOriginParent:false mLastAppBarVisible:true mLastHomeBarVisible:false
11-27 23:16:21.837 D/WmSystemUiDebug( 3688): on system bar attributes changed displayId=16777216 appearance= appearanceRegions=[AppearanceRegion{ bounds=[0,0][1200,2670]}] navbarColorManagedByIme=false behavior=1 requestedVisibleTypes=[statusBars navigationBars captionBar systemGestures mandatorySystemGestures tappableElement displayCutout windowDecor systemOverlays] packageName=com.hyperxray.an letterboxDetails=[]
11-27 23:16:21.837 D/CoreBackPreview( 3688): Window{4461e4d u0 Splash Screen com.hyperxray.an}: Setting back callback OnBackInvokedCallbackInfo{mCallback=android.window.IOnBackInvokedCallback$Stub$Proxy@c5e3ab2, mPriority=0, mIsAnimationCallback=false, mOverrideBehavior=0}
11-27 23:16:21.840 D/PerfShielderService( 3688): Add animation response: HOME_START_APP_ANIMATION_RESPONSE  package:com.hyperxray.an duration:20 startTime: 51811273 endTime:51811293
11-27 23:16:21.842 D/MiuiIntegratedMemorySwap( 3688): uid:10570, packageName: com.hyperxray.an
11-27 23:16:21.850 D/WindowManager( 3688): Finishing drawing starting window: Window{4461e4d u0 Splash Screen com.hyperxray.an} mDrawState: DRAW_PENDING
11-27 23:16:21.850 D/BarFollowAnimation( 3688): pairAppearanceRegionAndWin win=Window{4461e4d u0 Splash Screen com.hyperxray.an} 0
11-27 23:16:21.850 D/BarFollowAnimation( 3688): isAppTaskBarOnTop win:Window{4461e4d u0 Splash Screen com.hyperxray.an} (mCurrentTopTask:Task{96769ee #811 type=standard I=com.hyperxray.an/.activity.MainActivity} : true); (mAssociatedTask:Task{96769ee #811 type=standard I=com.hyperxray.an/.activity.MainActivity} : true); (mHomeTask:Task{c7eba92 #1 type=home} : false); mReparentToOriginParent:false mLastAppBarVisible:true mLastHomeBarVisible:false
11-27 23:16:21.851 W/ActivityManager( 3688): 	at libcore.io.Linux.open(Native Method)
11-27 23:16:21.858 I/WindowManager( 3688): wms.showSurfaceRobustly mWin:Window{4461e4d u0 Splash Screen com.hyperxray.an} in Surface(name=Splash Screen com.hyperxray.an#20992)/@0xce2ba5a
11-27 23:16:21.983 I/UiModeManager( 3688): systemserver package:com.hyperxray.an null
11-27 23:16:22.006 I/NativeTurboSchedManager(20553): Load libmiui_runtime
11-27 23:16:22.006 E/TurboSchedMonitor(20553): failed to find setSchedAffinity method com.hyperxray.an
11-27 23:16:22.008 E/TurboSchedMonitor(20553): failed to find setSchedAffinity method com.hyperxray.an
11-27 23:16:22.056 D/BroadcastQueue( 3688): Logging broadcast for com.hyperxray.an, stopped=false, firstLaunch=false
11-27 23:16:22.069 D/BarFollowAnimation( 3688): onTaskInfoChanedForCaptionBar Task{96769ee #811 type=standard I=com.hyperxray.an/.activity.MainActivity} shouldbeVisible:true isVisible:true windowMode:1 mCaptionAssociatedTask:null mIsTouchedInCaption:false
11-27 23:16:22.074 D/WmSystemUiDebug(20553): set navigation bar color,Alpha=0.0, RGB:0,0,0 caller:androidx.activity.EdgeToEdgeApi29.setUp:290 androidx.activity.EdgeToEdge.enable:89 androidx.activity.EdgeToEdge.enable$default:71 com.hyperxray.an.activity.MainActivity.onCreate:56 android.app.Activity.performCreate:9380 android.app.Activity.performCreate:9323 android.app.Instrumentation.callActivityOnCreate:1537 android.app.ActivityThread.performLaunchActivity:4684 android.app.ActivityThread.handleLaunchActivity:4931 android.app.servertransaction.LaunchActivityItem.execute:222 
11-27 23:16:22.099 D/Activity(20553): Activity = ActivityInfo{e314f26 com.hyperxray.an.activity.MainActivity}, Resume onConfigurationChanged = {1.0 286mcc1mnc [tr_TR] ldltr sw369dp w369dp h822dp 520dpi nrml long hdr widecg port night finger -keyb/v/h -nav/h winConfig={ mBounds=Rect(0, 0 - 1200, 2670) mAppBounds=Rect(0, 0 - 1200, 2670) mMaxBounds=Rect(0, 0 - 1200, 2670) mDisplayRotation=ROTATION_0 mWindowingMode=fullscreen mActivityType=standard mAlwaysOnTop=undefined mRotation=ROTATION_0 mInSplitScreen=false letterBoxed=false foScaled=false isSpecificEmbedded=false embeddingScale=1.0} s.2 fontWeightAdjustment=0/d/o themeChanged=0 themeChangedFlags=0 display=0 extraData = Bundle[{}] screenType=0/o}
11-27 23:16:22.110 I/ForceDarkHelperStubImpl(20553): setViewRootImplForceDark: false for com.hyperxray.an.activity.MainActivity@d83f44, reason: AppDarkModeEnable
11-27 23:16:22.113 D/CoreBackPreview( 3688): Window{d8461cd u0 com.hyperxray.an/com.hyperxray.an.activity.MainActivity}: Setting back callback OnBackInvokedCallbackInfo{mCallback=android.window.IOnBackInvokedCallback$Stub$Proxy@9824dc9, mPriority=-1, mIsAnimationCallback=false, mOverrideBehavior=0}
11-27 23:16:22.115 D/MiuiDecorationController( 6013): relayout::taskId=811, visible=true, bounds=Rect(0, 0 - 1200, 2670), focused=true, oldImmersive=false, newImmersive=false, windowMode=1, activityType=1, displayId=0, baseActivity=ComponentInfo{com.hyperxray.an/com.hyperxray.an.activity.MainActivity}, topActivity=ComponentInfo{com.hyperxray.an/com.hyperxray.an.activity.MainActivity}, callers=com.android.wm.shell.multitasking.miuimultiwinswitch.miuiwindowdecor.decoration.MiuiDecorationController.relayout:4 com.android.wm.shell.multitasking.miuimultiwinswitch.miuiwindowdecor.MulWinSwitchDecorViewModel.onTaskInfoChanged:18 com.android.wm.shell.multitasking.common.taskmanager.MultiTaskingTaskListener.onTaskInfoChanged:47 com.android.wm.shell.ShellTaskOrganizer.onTaskInfoChanged:129 android.window.TaskOrganizer$1.lambda$onTaskInfoChanged$6:300 
