11-27 23:19:38.745 E/Cello   (25833): [26003:NonCelloThread] drive_v2_cloud_store.cc:6855:DumpToLog req.hdr 0xb400007085ef50b0: Content-Type=
11-27 23:19:38.745 E/Cello   (25833): [26003:NonCelloThread] drive_v2_cloud_store.cc:6855:DumpToLog Response body 0xb400007085ef50b0: (no response body)
11-27 23:19:38.745 E/Cello   (25833): [26170:NonCelloThread] drive_v2_cloud_store.cc:6855:DumpToLog Request 0xb400007085f1e4b0: 0 transport: drive::ds::Status::UNAVAILABLE_WHILE_OFFLINE reader: drive::ds::Status::SUCCESS url: https://play.googleapis.com/log
11-27 23:19:38.745 E/Cello   (25833): [26170:NonCelloThread] drive_v2_cloud_store.cc:6855:DumpToLog req.hdr 0xb400007085f1e4b0: Content-Type=
11-27 23:19:38.745 E/Cello   (25833): [26170:NonCelloThread] drive_v2_cloud_store.cc:6855:DumpToLog Response body 0xb400007085f1e4b0: (no response body)
11-27 23:19:38.746 E/Cello   (25833): [26005:MetricsTransportThread-CELLO] metrics_transport.cc:242:SendRequest Request failed: drive::ds::Status::UNAVAILABLE_WHILE_OFFLINE
11-27 23:19:38.746 E/Cello   (25833): [26175:MetricsTransportThread-CELLO] metrics_transport.cc:242:SendRequest Request failed: drive::ds::Status::UNAVAILABLE_WHILE_OFFLINE
11-27 23:19:38.792 E/Cello   (25833): [26230:NonCelloThread] drive_v2_cloud_store.cc:6855:DumpToLog Request 0xb400007085f30830: 0 transport: drive::ds::Status::UNAVAILABLE_WHILE_OFFLINE reader: drive::ds::Status::SUCCESS url: https://play.googleapis.com/log
11-27 23:19:38.792 E/Cello   (25833): [26230:NonCelloThread] drive_v2_cloud_store.cc:6855:DumpToLog req.hdr 0xb400007085f30830: Content-Type=
11-27 23:19:38.792 E/Cello   (25833): [26230:NonCelloThread] drive_v2_cloud_store.cc:6855:DumpToLog Response body 0xb400007085f30830: (no response body)
11-27 23:19:38.792 E/Cello   (25833): [26232:MetricsTransportThread-CELLO] metrics_transport.cc:242:SendRequest Request failed: drive::ds::Status::UNAVAILABLE_WHILE_OFFLINE
11-27 23:19:38.882 E/Cello   (25833): [25952:NonCelloThread] drive_v2_cloud_store.cc:6855:DumpToLog Request 0xb400007085ed61b0: 0 transport: drive::ds::Status::UNAVAILABLE_WHILE_OFFLINE reader: drive::ds::Status::SUCCESS url: https://play.googleapis.com/log
11-27 23:19:38.882 E/Cello   (25833): [26084:NonCelloThread] drive_v2_cloud_store.cc:6855:DumpToLog Request 0xb400007085ef33d0: 0 transport: drive::ds::Status::UNAVAILABLE_WHILE_OFFLINE reader: drive::ds::Status::SUCCESS url: https://play.googleapis.com/log
11-27 23:19:38.882 E/Cello   (25833): [26084:NonCelloThread] drive_v2_cloud_store.cc:6855:DumpToLog req.hdr 0xb400007085ef33d0: Content-Type=
11-27 23:19:38.882 E/Cello   (25833): [26084:NonCelloThread] drive_v2_cloud_store.cc:6855:DumpToLog Response body 0xb400007085ef33d0: (no response body)
11-27 23:19:38.882 E/Cello   (25833): [25952:NonCelloThread] drive_v2_cloud_store.cc:6855:DumpToLog req.hdr 0xb400007085ed61b0: Content-Type=
11-27 23:19:38.882 E/Cello   (25833): [25952:NonCelloThread] drive_v2_cloud_store.cc:6855:DumpToLog Response body 0xb400007085ed61b0: (no response body)
11-27 23:19:38.882 E/Cello   (25833): [26094:MetricsTransportThread-CELLO] metrics_transport.cc:242:SendRequest Request failed: drive::ds::Status::UNAVAILABLE_WHILE_OFFLINE
11-27 23:19:38.882 E/Cello   (25833): [25954:MetricsTransportThread-CELLO] metrics_transport.cc:242:SendRequest Request failed: drive::ds::Status::UNAVAILABLE_WHILE_OFFLINE
11-27 23:19:39.534 E/PhoneAdapter( 5949): get ntnphones failed, exception: java.lang.IllegalStateException: not support satellite!
11-27 23:19:40.713 E/CountableHandler( 5949): Pending message count is over 200, drop message.msg.what = 105 handler = Handler (com.android.phone.statistics.utils.ModemHydraStat$ModemHydraHandler) {e826771}
11-27 23:19:40.713 E/CountableHandler( 5949): Pending message count is over 200, drop message.msg.what = 105 handler = Handler (com.android.phone.statistics.utils.ModemHydraStat$ModemHydraHandler) {e826771}
11-27 23:19:42.542 E/PhoneAdapter( 5949): get ntnphones failed, exception: java.lang.IllegalStateException: not support satellite!
11-27 23:19:45.349 E/CountableHandler( 5949): Pending message count is over 200, drop message.msg.what = 105 handler = Handler (com.android.phone.statistics.utils.ModemHydraStat$ModemHydraHandler) {e826771}
11-27 23:19:45.350 E/CountableHandler( 5949): Pending message count is over 200, drop message.msg.what = 105 handler = Handler (com.android.phone.statistics.utils.ModemHydraStat$ModemHydraHandler) {e826771}
11-27 23:19:45.542 E/LOCRIL_SESSION( 1845): operator():200] SubId: 1 Failed to get sim IO with error: 38
11-27 23:19:45.544 E/LOCRIL_SESSION( 1845): operator():241] SubId: 1 Failed to get sim IMSI with error: 38
11-27 23:19:45.550 E/PhoneAdapter( 5949): get ntnphones failed, exception: java.lang.IllegalStateException: not support satellite!
11-27 23:19:45.552 E/PhoneAdapter( 5949): get ntnphones failed, exception: java.lang.IllegalStateException: not support satellite!
11-27 23:19:45.554 E/PhoneAdapter( 5949): get ntnphones failed, exception: java.lang.IllegalStateException: not support satellite!
11-27 23:19:45.559 E/SatelliteController( 5949): registerForSatelliteModemStateChanged: mSatelliteSessionController is not initialized yet
11-27 23:19:45.559 E/SatelliteController( 5949): unregisterForModemStateChanged: mSatelliteSessionController is not initialized yet
11-27 23:19:46.737 E/PhoneAdapter( 5949): get ntnphones failed, exception: java.lang.IllegalStateException: not support satellite!
11-27 23:19:46.921 E/DisplayModeController( 2003): setDesiredMode : Idle status skip setActiveMode, isDdicIdleMode: 1
11-27 23:19:48.555 E/PhoneAdapter( 5949): get ntnphones failed, exception: java.lang.IllegalStateException: not support satellite!
11-27 23:19:50.930 E/DisplayModeController( 2003): setDesiredMode : Idle status skip setActiveMode, isDdicIdleMode: 1
11-27 23:19:51.560 E/PhoneAdapter( 5949): get ntnphones failed, exception: java.lang.IllegalStateException: not support satellite!
11-27 23:19:52.901 E/AlarmManager( 3688): not align this alarm: Alarm{9f68db3 type 2 origWhen 52052361 whenElapsed 52052361 android}, reason=0
11-27 23:19:52.902 E/IMiCharge( 3688): MiCharge method 9 val = 362
11-27 23:19:52.903 E/IMiCharge( 3688): MiCharge method 10 val = 11
11-27 23:19:54.016 E/DisplayModeController( 2003): setDesiredMode : Idle status skip setActiveMode, isDdicIdleMode: 1
11-27 23:19:54.566 E/PhoneAdapter( 5949): get ntnphones failed, exception: java.lang.IllegalStateException: not support satellite!
11-27 23:19:55.048 E/u4native(22290): [InfoLevelMessage] [INFO:not_a_file.cc(0)] BrowserIOThread heartbeat, pid/tid: 22290/896, interval/index: 30s/151, ucCoreSoImplVersion: 5.18.9.0_250713225318
11-27 23:19:55.048 E/u4native(22290): [InfoLevelMessage] [INFO:not_a_file.cc(0)] NetworkServiceThread heartbeat, pid/tid: 22290/918, interval/index: 30s/151
11-27 23:19:55.529 E/LOCRIL_SESSION( 1845): operator():200] SubId: 1 Failed to get sim IO with error: 38
11-27 23:19:55.529 E/LOCRIL_SESSION( 1845): operator():241] SubId: 1 Failed to get sim IMSI with error: 38
11-27 23:19:55.538 E/SatelliteController( 5949): registerForSatelliteModemStateChanged: mSatelliteSessionController is not initialized yet
11-27 23:19:55.538 E/SatelliteController( 5949): unregisterForModemStateChanged: mSatelliteSessionController is not initialized yet
11-27 23:19:55.539 E/SatelliteController( 5949): registerForSatelliteModemStateChanged: mSatelliteSessionController is not initialized yet
11-27 23:19:55.539 E/SatelliteController( 5949): unregisterForModemStateChanged: mSatelliteSessionController is not initialized yet
11-27 23:19:55.548 E/PhoneAdapter( 5949): get ntnphones failed, exception: java.lang.IllegalStateException: not support satellite!
11-27 23:19:55.549 E/PhoneAdapter( 5949): get ntnphones failed, exception: java.lang.IllegalStateException: not support satellite!
11-27 23:19:56.533 E/AlarmManager( 3688): not align this alarm: Alarm{bdc002b type 2 origWhen 53194352 whenElapsed 53194352 android}, reason=0
11-27 23:19:56.535 E/JobScheduler( 3688): ResourceBudgetManagerInternal is null
11-27 23:19:56.543 E/AlarmManager( 3688): not align this alarm: Alarm{f187407 type 3 origWhen 52262169 whenElapsed 52262169 android}, reason=0
11-27 23:19:56.788 E/LOCRIL_SESSION( 1845): operator():200] SubId: 1 Failed to get sim IO with error: 38
11-27 23:19:56.789 E/LOCRIL_SESSION( 1845): operator():241] SubId: 1 Failed to get sim IMSI with error: 38
11-27 23:19:56.798 E/PhoneAdapter( 5949): get ntnphones failed, exception: java.lang.IllegalStateException: not support satellite!
11-27 23:19:56.799 E/PhoneAdapter( 5949): get ntnphones failed, exception: java.lang.IllegalStateException: not support satellite!
11-27 23:19:56.801 E/SatelliteController( 5949): registerForSatelliteModemStateChanged: mSatelliteSessionController is not initialized yet
11-27 23:19:56.801 E/SatelliteController( 5949): unregisterForModemStateChanged: mSatelliteSessionController is not initialized yet
11-27 23:19:56.804 E/PhoneAdapter( 5949): get ntnphones failed, exception: java.lang.IllegalStateException: not support satellite!
11-27 23:19:56.805 E/PhoneAdapter( 5949): get ntnphones failed, exception: java.lang.IllegalStateException: not support satellite!
11-27 23:19:57.569 E/PhoneAdapter( 5949): get ntnphones failed, exception: java.lang.IllegalStateException: not support satellite!
11-27 23:19:58.969 E/DisplayModeController( 2003): setDesiredMode : Idle status skip setActiveMode, isDdicIdleMode: 1
11-27 23:20:00.000 E/AlarmManager( 3688): not align this alarm: Alarm{c0860f6 type 3 origWhen 52089460 whenElapsed 52089460 android}, reason=0
11-27 23:20:00.572 E/PhoneAdapter( 5949): get ntnphones failed, exception: java.lang.IllegalStateException: not support satellite!
11-27 23:20:02.233 E/CountableHandler( 5949): Pending message count is over 200, drop message.msg.what = 105 handler = Handler (com.android.phone.statistics.utils.ModemHydraStat$ModemHydraHandler) {e826771}
11-27 23:20:02.978 E/DisplayModeController( 2003): setDesiredMode : Idle status skip setActiveMode, isDdicIdleMode: 1
11-27 23:20:03.577 E/PhoneAdapter( 5949): get ntnphones failed, exception: java.lang.IllegalStateException: not support satellite!
11-27 23:20:05.348 E/BluetoothPowerStatsCollector( 3688): Cannot acquire BluetoothActivityEnergyInfo
11-27 23:20:05.348 E/BluetoothPowerStatsCollector( 3688): java.util.concurrent.ExecutionException: java.lang.RuntimeException: error: 11
11-27 23:20:05.348 E/BluetoothPowerStatsCollector( 3688): 	at java.util.concurrent.CompletableFuture.reportGet(CompletableFuture.java:372)
11-27 23:20:05.348 E/BluetoothPowerStatsCollector( 3688): 	at java.util.concurrent.CompletableFuture.get(CompletableFuture.java:2072)
11-27 23:20:05.348 E/BluetoothPowerStatsCollector( 3688): 	at com.android.server.power.stats.BluetoothPowerStatsCollector.collectBluetoothActivityInfo(BluetoothPowerStatsCollector.java:192)
11-27 23:20:05.348 E/BluetoothPowerStatsCollector( 3688): 	at com.android.server.power.stats.BluetoothPowerStatsCollector.collectStats(BluetoothPowerStatsCollector.java:155)
11-27 23:20:05.348 E/BluetoothPowerStatsCollector( 3688): 	at com.android.server.power.stats.PowerStatsCollector.collectAndDeliverStats(PowerStatsCollector.java:176)
11-27 23:20:05.348 E/BluetoothPowerStatsCollector( 3688): 	at com.android.server.power.stats.PowerStatsCollector$$ExternalSyntheticLambda0.run(D8$$SyntheticClass:0)
11-27 23:20:05.348 E/BluetoothPowerStatsCollector( 3688): 	at android.os.Handler.handleCallback(Handler.java:995)
11-27 23:20:05.348 E/BluetoothPowerStatsCollector( 3688): 	at android.os.Handler.dispatchMessage(Handler.java:103)
11-27 23:20:05.348 E/BluetoothPowerStatsCollector( 3688): 	at android.os.Looper.loopOnce(Looper.java:267)
11-27 23:20:05.348 E/BluetoothPowerStatsCollector( 3688): 	at android.os.Looper.loop(Looper.java:360)
11-27 23:20:05.348 E/BluetoothPowerStatsCollector( 3688): 	at android.os.HandlerThread.run(HandlerThread.java:85)
11-27 23:20:05.348 E/BluetoothPowerStatsCollector( 3688): Caused by: java.lang.RuntimeException: error: 11
11-27 23:20:05.348 E/BluetoothPowerStatsCollector( 3688): 	at com.android.server.power.stats.BluetoothPowerStatsCollector$1.onBluetoothActivityEnergyInfoError(BluetoothPowerStatsCollector.java:181)
11-27 23:20:05.348 E/BluetoothPowerStatsCollector( 3688): 	at android.bluetooth.BluetoothAdapter$OnBluetoothActivityEnergyInfoProxy.lambda$onBluetoothActivityEnergyInfoAvailable$0(BluetoothAdapter.java:1057)
11-27 23:20:05.348 E/BluetoothPowerStatsCollector( 3688): 	at android.bluetooth.BluetoothAdapter$OnBluetoothActivityEnergyInfoProxy$$ExternalSyntheticLambda1.run(D8$$SyntheticClass:0)
11-27 23:20:05.348 E/BluetoothPowerStatsCollector( 3688): 	at android.bluetooth.BluetoothUtils.lambda$executeFromBinder$0(BluetoothUtils.java:343)
11-27 23:20:05.348 E/BluetoothPowerStatsCollector( 3688): 	at android.bluetooth.BluetoothUtils$$ExternalSyntheticLambda1.run(D8$$SyntheticClass:0)
11-27 23:20:05.348 E/BluetoothPowerStatsCollector( 3688): 	at com.android.server.SystemServerInitThreadPool$$ExternalSyntheticLambda0.execute(D8$$SyntheticClass:0)
11-27 23:20:05.348 E/BluetoothPowerStatsCollector( 3688): 	at android.bluetooth.BluetoothUtils.executeFromBinder(BluetoothUtils.java:343)
11-27 23:20:05.348 E/BluetoothPowerStatsCollector( 3688): 	at android.bluetooth.BluetoothAdapter$OnBluetoothActivityEnergyInfoProxy.onBluetoothActivityEnergyInfoAvailable(BluetoothAdapter.java:1055)
11-27 23:20:05.348 E/BluetoothPowerStatsCollector( 3688): 	at android.bluetooth.IBluetoothActivityEnergyInfoListener$Stub.onTransact(IBluetoothActivityEnergyInfoListener.java:98)
11-27 23:20:05.348 E/BluetoothPowerStatsCollector( 3688): 	at android.os.Binder.execTransactInternal(Binder.java:1433)
11-27 23:20:05.348 E/BluetoothPowerStatsCollector( 3688): 	at android.os.Binder.execTransact(Binder.java:1372)
11-27 23:20:06.584 E/PhoneAdapter( 5949): get ntnphones failed, exception: java.lang.IllegalStateException: not support satellite!
11-27 23:20:06.995 E/DisplayModeController( 2003): setDesiredMode : Idle status skip setActiveMode, isDdicIdleMode: 1
11-27 23:20:08.095 E/Cello   (10837): [12481:NonCelloThread] drive_v2_cloud_store.cc:6855:DumpToLog Request 0xb400007085eb6a70: 0 transport: drive::ds::Status::UNAVAILABLE_WHILE_OFFLINE reader: drive::ds::Status::SUCCESS url: https://play.googleapis.com/log
11-27 23:20:08.095 E/Cello   (10837): [12481:NonCelloThread] drive_v2_cloud_store.cc:6855:DumpToLog req.hdr 0xb400007085eb6a70: Content-Type=
11-27 23:20:08.095 E/Cello   (10837): [12481:NonCelloThread] drive_v2_cloud_store.cc:6855:DumpToLog Response body 0xb400007085eb6a70: (no response body)
11-27 23:20:08.095 E/Cello   (10837): [12488:MetricsTransportThread-CELLO] metrics_transport.cc:242:SendRequest Request failed: drive::ds::Status::UNAVAILABLE_WHILE_OFFLINE
11-27 23:20:08.104 E/Cello   (10837): [12520:NonCelloThread] drive_v2_cloud_store.cc:6855:DumpToLog Request 0xb400007085eaa1b0: 0 transport: drive::ds::Status::UNAVAILABLE_WHILE_OFFLINE reader: drive::ds::Status::SUCCESS url: https://play.googleapis.com/log
11-27 23:20:08.104 E/Cello   (10837): [12520:NonCelloThread] drive_v2_cloud_store.cc:6855:DumpToLog req.hdr 0xb400007085eaa1b0: Content-Type=
11-27 23:20:08.104 E/Cello   (10837): [12520:NonCelloThread] drive_v2_cloud_store.cc:6855:DumpToLog Response body 0xb400007085eaa1b0: (no response body)
11-27 23:20:08.104 E/Cello   (10837): [12523:MetricsTransportThread-CELLO] metrics_transport.cc:242:SendRequest Request failed: drive::ds::Status::UNAVAILABLE_WHILE_OFFLINE
11-27 23:20:08.162 E/Cello   (10837): [12500:NonCelloThread] drive_v2_cloud_store.cc:6855:DumpToLog Request 0xb400007085f15b30: 0 transport: drive::ds::Status::UNAVAILABLE_WHILE_OFFLINE reader: drive::ds::Status::SUCCESS url: https://play.googleapis.com/log
11-27 23:20:08.162 E/Cello   (10837): [12500:NonCelloThread] drive_v2_cloud_store.cc:6855:DumpToLog req.hdr 0xb400007085f15b30: Content-Type=
11-27 23:20:08.162 E/Cello   (10837): [12500:NonCelloThread] drive_v2_cloud_store.cc:6855:DumpToLog Response body 0xb400007085f15b30: (no response body)
11-27 23:20:08.163 E/Cello   (10837): [12505:MetricsTransportThread-CELLO] metrics_transport.cc:242:SendRequest Request failed: drive::ds::Status::UNAVAILABLE_WHILE_OFFLINE
11-27 23:20:08.181 E/Cello   (10837): [12537:NonCelloThread] drive_v2_cloud_store.cc:6855:DumpToLog Request 0xb400007085eadb70: 0 transport: drive::ds::Status::UNAVAILABLE_WHILE_OFFLINE reader: drive::ds::Status::SUCCESS url: https://play.googleapis.com/log
11-27 23:20:08.181 E/Cello   (10837): [12537:NonCelloThread] drive_v2_cloud_store.cc:6855:DumpToLog req.hdr 0xb400007085eadb70: Content-Type=
11-27 23:20:08.181 E/Cello   (10837): [12537:NonCelloThread] drive_v2_cloud_store.cc:6855:DumpToLog Response body 0xb400007085eadb70: (no response body)
11-27 23:20:08.181 E/Cello   (10837): [12543:MetricsTransportThread-CELLO] metrics_transport.cc:242:SendRequest Request failed: drive::ds::Status::UNAVAILABLE_WHILE_OFFLINE
11-27 23:20:08.188 E/Cello   (10837): [12557:NonCelloThread] drive_v2_cloud_store.cc:6855:DumpToLog Request 0xb400007085edaa90: 0 transport: drive::ds::Status::UNAVAILABLE_WHILE_OFFLINE reader: drive::ds::Status::SUCCESS url: https://play.googleapis.com/log
11-27 23:20:08.188 E/Cello   (10837): [12557:NonCelloThread] drive_v2_cloud_store.cc:6855:DumpToLog req.hdr 0xb400007085edaa90: Content-Type=
11-27 23:20:08.188 E/Cello   (10837): [12557:NonCelloThread] drive_v2_cloud_store.cc:6855:DumpToLog Response body 0xb400007085edaa90: (no response body)
11-27 23:20:08.188 E/Cello   (10837): [12562:MetricsTransportThread-CELLO] metrics_transport.cc:242:SendRequest Request failed: drive::ds::Status::UNAVAILABLE_WHILE_OFFLINE
11-27 23:20:09.591 E/PhoneAdapter( 5949): get ntnphones failed, exception: java.lang.IllegalStateException: not support satellite!
11-27 23:20:12.594 E/PhoneAdapter( 5949): get ntnphones failed, exception: java.lang.IllegalStateException: not support satellite!
11-27 23:20:15.022 E/DisplayModeController( 2003): setDesiredMode : Idle status skip setActiveMode, isDdicIdleMode: 1
11-27 23:20:15.602 E/PhoneAdapter( 5949): get ntnphones failed, exception: java.lang.IllegalStateException: not support satellite!
11-27 23:20:16.767 E/PhoneAdapter( 5949): get ntnphones failed, exception: java.lang.IllegalStateException: not support satellite!
11-27 23:20:18.607 E/PhoneAdapter( 5949): get ntnphones failed, exception: java.lang.IllegalStateException: not support satellite!
11-27 23:20:18.764 E/LOCRIL_SESSION( 1845): operator():200] SubId: 1 Failed to get sim IO with error: 38
11-27 23:20:18.764 E/LOCRIL_SESSION( 1845): operator():241] SubId: 1 Failed to get sim IMSI with error: 38
11-27 23:20:18.776 E/SatelliteController( 5949): registerForSatelliteModemStateChanged: mSatelliteSessionController is not initialized yet
11-27 23:20:18.776 E/SatelliteController( 5949): unregisterForModemStateChanged: mSatelliteSessionController is not initialized yet
11-27 23:20:18.777 E/SatelliteController( 5949): registerForSatelliteModemStateChanged: mSatelliteSessionController is not initialized yet
11-27 23:20:18.777 E/SatelliteController( 5949): unregisterForModemStateChanged: mSatelliteSessionController is not initialized yet
11-27 23:20:18.787 E/PhoneAdapter( 5949): get ntnphones failed, exception: java.lang.IllegalStateException: not support satellite!
11-27 23:20:18.788 E/PhoneAdapter( 5949): get ntnphones failed, exception: java.lang.IllegalStateException: not support satellite!
11-27 23:20:20.625 E/LOCRIL_SESSION( 1845): operator():200] SubId: 1 Failed to get sim IO with error: 38
11-27 23:20:20.626 E/LOCRIL_SESSION( 1845): operator():241] SubId: 1 Failed to get sim IMSI with error: 38
11-27 23:20:20.632 E/SatelliteController( 5949): registerForSatelliteModemStateChanged: mSatelliteSessionController is not initialized yet
11-27 23:20:20.632 E/SatelliteController( 5949): unregisterForModemStateChanged: mSatelliteSessionController is not initialized yet
11-27 23:20:20.633 E/SatelliteController( 5949): registerForSatelliteModemStateChanged: mSatelliteSessionController is not initialized yet
11-27 23:20:20.633 E/SatelliteController( 5949): unregisterForModemStateChanged: mSatelliteSessionController is not initialized yet
11-27 23:20:20.646 E/PhoneAdapter( 5949): get ntnphones failed, exception: java.lang.IllegalStateException: not support satellite!
11-27 23:20:20.647 E/PhoneAdapter( 5949): get ntnphones failed, exception: java.lang.IllegalStateException: not support satellite!
11-27 23:20:21.612 E/PhoneAdapter( 5949): get ntnphones failed, exception: java.lang.IllegalStateException: not support satellite!
11-27 23:20:22.289 E/DisplayModeController( 2003): setDesiredMode : Idle status skip setActiveMode, isDdicIdleMode: 1
11-27 23:20:22.908 E/AlarmManager( 3688): not align this alarm: Alarm{36b3d06 type 2 origWhen 52082368 whenElapsed 52082368 android}, reason=0
11-27 23:20:22.909 E/IMiCharge( 3688): MiCharge method 9 val = 361
11-27 23:20:22.910 E/IMiCharge( 3688): MiCharge method 10 val = 11
11-27 23:20:24.619 E/PhoneAdapter( 5949): get ntnphones failed, exception: java.lang.IllegalStateException: not support satellite!
11-27 23:20:25.075 E/u4native(22290): [InfoLevelMessage] [INFO:not_a_file.cc(0)] BrowserIOThread heartbeat, pid/tid: 22290/896, interval/index: 30s/152, ucCoreSoImplVersion: 5.18.9.0_250713225318
11-27 23:20:25.076 E/u4native(22290): [InfoLevelMessage] [INFO:not_a_file.cc(0)] NetworkServiceThread heartbeat, pid/tid: 22290/918, interval/index: 30s/152
11-27 23:20:25.791 E/LOCRIL_SESSION( 1845): operator():200] SubId: 1 Failed to get sim IO with error: 38
11-27 23:20:25.792 E/LOCRIL_SESSION( 1845): operator():241] SubId: 1 Failed to get sim IMSI with error: 38
11-27 23:20:25.793 E/PhoneAdapter( 5949): get ntnphones failed, exception: java.lang.IllegalStateException: not support satellite!
11-27 23:20:25.794 E/PhoneAdapter( 5949): get ntnphones failed, exception: java.lang.IllegalStateException: not support satellite!
11-27 23:20:25.802 E/PhoneAdapter( 5949): get ntnphones failed, exception: java.lang.IllegalStateException: not support satellite!
11-27 23:20:25.804 E/PhoneAdapter( 5949): get ntnphones failed, exception: java.lang.IllegalStateException: not support satellite!
11-27 23:20:25.809 E/SatelliteController( 5949): registerForSatelliteModemStateChanged: mSatelliteSessionController is not initialized yet
11-27 23:20:25.809 E/SatelliteController( 5949): unregisterForModemStateChanged: mSatelliteSessionController is not initialized yet
11-27 23:20:27.053 E/DisplayModeController( 2003): setDesiredMode : Idle status skip setActiveMode, isDdicIdleMode: 1
11-27 23:20:27.625 E/PhoneAdapter( 5949): get ntnphones failed, exception: java.lang.IllegalStateException: not support satellite!
11-27 23:20:28.243 E/sensors-hal( 1788): handle_sns_client_event:54, knuckle_event: ts=52057703299197, event=0.000000 now = 52057703964503
11-27 23:20:28.571 E/LOCRIL_SESSION( 1845): operator():200] SubId: 1 Failed to get sim IO with error: 38
11-27 23:20:28.572 E/LOCRIL_SESSION( 1845): operator():241] SubId: 1 Failed to get sim IMSI with error: 38
11-27 23:20:28.582 E/SatelliteController( 5949): registerForSatelliteModemStateChanged: mSatelliteSessionController is not initialized yet
11-27 23:20:28.582 E/SatelliteController( 5949): unregisterForModemStateChanged: mSatelliteSessionController is not initialized yet
11-27 23:20:28.823 E/sensors-hal( 1788): handle_sns_client_event:54, knuckle_event: ts=52058282683312, event=0.000000 now = 52058283431065
11-27 23:20:29.031 E/sensors-hal( 1788): handle_sns_client_event:58, har: time = 52058491043260 data 0.000000
11-27 23:20:30.031 E/sensors-hal( 1788): handle_sns_client_event:58, har: time = 52059491029666 data 5.000000
11-27 23:20:30.630 E/PhoneAdapter( 5949): get ntnphones failed, exception: java.lang.IllegalStateException: not support satellite!
11-27 23:20:31.078 E/DisplayModeController( 2003): setDesiredMode : Idle status skip setActiveMode, isDdicIdleMode: 1
11-27 23:20:31.547 E/CountableHandler( 5949): Pending message count is over 200, drop message.msg.what = 105 handler = Handler (com.android.phone.statistics.utils.ModemHydraStat$ModemHydraHandler) {e826771}
11-27 23:20:33.636 E/PhoneAdapter( 5949): get ntnphones failed, exception: java.lang.IllegalStateException: not support satellite!
11-27 23:20:33.715 E/LOCRIL_SESSION( 1845): operator():200] SubId: 1 Failed to get sim IO with error: 38
11-27 23:20:33.715 E/LOCRIL_SESSION( 1845): operator():241] SubId: 1 Failed to get sim IMSI with error: 38
11-27 23:20:33.717 E/CountableHandler( 5949): Pending message count is over 200, drop message.msg.what = 105 handler = Handler (com.android.phone.statistics.utils.ModemHydraStat$ModemHydraHandler) {e826771}
11-27 23:20:33.719 E/CountableHandler( 5949): Pending message count is over 200, drop message.msg.what = 105 handler = Handler (com.android.phone.statistics.utils.ModemHydraStat$ModemHydraHandler) {e826771}
11-27 23:20:33.732 E/LOCRIL_SESSION( 1845): operator():200] SubId: 1 Failed to get sim IO with error: 38
11-27 23:20:33.732 E/LOCRIL_SESSION( 1845): operator():241] SubId: 1 Failed to get sim IMSI with error: 38
11-27 23:20:33.736 E/SatelliteController( 5949): registerForSatelliteModemStateChanged: mSatelliteSessionController is not initialized yet
11-27 23:20:33.736 E/SatelliteController( 5949): unregisterForModemStateChanged: mSatelliteSessionController is not initialized yet
11-27 23:20:33.737 E/SatelliteController( 5949): registerForSatelliteModemStateChanged: mSatelliteSessionController is not initialized yet
11-27 23:20:33.737 E/SatelliteController( 5949): unregisterForModemStateChanged: mSatelliteSessionController is not initialized yet
11-27 23:20:33.745 E/PhoneAdapter( 5949): get ntnphones failed, exception: java.lang.IllegalStateException: not support satellite!
11-27 23:20:33.745 E/SatelliteController( 5949): registerForSatelliteModemStateChanged: mSatelliteSessionController is not initialized yet
11-27 23:20:33.745 E/SatelliteController( 5949): unregisterForModemStateChanged: mSatelliteSessionController is not initialized yet
11-27 23:20:33.746 E/PhoneAdapter( 5949): get ntnphones failed, exception: java.lang.IllegalStateException: not support satellite!
11-27 23:20:36.644 E/PhoneAdapter( 5949): get ntnphones failed, exception: java.lang.IllegalStateException: not support satellite!
11-27 23:20:37.030 E/FirebaseMessaging(20570): Failed to sync topics. Won't retry sync. TOO_MANY_SUBSCRIBERS
11-27 23:20:39.651 E/PhoneAdapter( 5949): get ntnphones failed, exception: java.lang.IllegalStateException: not support satellite!
11-27 23:20:42.658 E/PhoneAdapter( 5949): get ntnphones failed, exception: java.lang.IllegalStateException: not support satellite!
11-27 23:20:45.666 E/PhoneAdapter( 5949): get ntnphones failed, exception: java.lang.IllegalStateException: not support satellite!
11-27 23:20:46.801 E/PhoneAdapter( 5949): get ntnphones failed, exception: java.lang.IllegalStateException: not support satellite!
11-27 23:20:47.106 E/DisplayModeController( 2003): setDesiredMode : Idle status skip setActiveMode, isDdicIdleMode: 1
11-27 23:20:48.674 E/PhoneAdapter( 5949): get ntnphones failed, exception: java.lang.IllegalStateException: not support satellite!
11-27 23:20:51.681 E/PhoneAdapter( 5949): get ntnphones failed, exception: java.lang.IllegalStateException: not support satellite!
11-27 23:20:52.916 E/AlarmManager( 3688): not align this alarm: Alarm{7bab252 type 2 origWhen 52112376 whenElapsed 52112376 android}, reason=0
11-27 23:20:52.917 E/IMiCharge( 3688): MiCharge method 9 val = 360
11-27 23:20:52.917 E/IMiCharge( 3688): MiCharge method 10 val = 11
11-27 23:20:54.014 E/DisplayModeController( 2003): setDesiredMode : Idle status skip setActiveMode, isDdicIdleMode: 1
11-27 23:20:54.689 E/PhoneAdapter( 5949): get ntnphones failed, exception: java.lang.IllegalStateException: not support satellite!
11-27 23:20:55.094 E/u4native(22290): [InfoLevelMessage] [INFO:not_a_file.cc(0)] BrowserIOThread heartbeat, pid/tid: 22290/896, interval/index: 30s/153, ucCoreSoImplVersion: 5.18.9.0_250713225318
11-27 23:20:55.104 E/u4native(22290): [InfoLevelMessage] [INFO:not_a_file.cc(0)] NetworkServiceThread heartbeat, pid/tid: 22290/918, interval/index: 30s/153
11-27 23:20:55.140 E/DisplayModeController( 2003): setDesiredMode : Idle status skip setActiveMode, isDdicIdleMode: 1
11-27 23:20:57.693 E/PhoneAdapter( 5949): get ntnphones failed, exception: java.lang.IllegalStateException: not support satellite!
11-27 23:20:59.158 E/DisplayModeController( 2003): setDesiredMode : Idle status skip setActiveMode, isDdicIdleMode: 1
11-27 23:21:00.000 E/AlarmManager( 3688): not align this alarm: Alarm{360138 type 3 origWhen 52149460 whenElapsed 52149460 android}, reason=0
11-27 23:21:00.038 E/DisplayModeController( 2003): setDesiredMode : Idle status skip setActiveMode, isDdicIdleMode: 1
11-27 23:21:00.701 E/PhoneAdapter( 5949): get ntnphones failed, exception: java.lang.IllegalStateException: not support satellite!
11-27 23:21:01.856 E/LOCRIL_SESSION( 1845): operator():200] SubId: 1 Failed to get sim IO with error: 38
11-27 23:21:01.857 E/LOCRIL_SESSION( 1845): operator():241] SubId: 1 Failed to get sim IMSI with error: 38
11-27 23:21:01.872 E/SatelliteController( 5949): registerForSatelliteModemStateChanged: mSatelliteSessionController is not initialized yet
11-27 23:21:01.872 E/SatelliteController( 5949): unregisterForModemStateChanged: mSatelliteSessionController is not initialized yet
11-27 23:21:01.872 E/SatelliteController( 5949): registerForSatelliteModemStateChanged: mSatelliteSessionController is not initialized yet
11-27 23:21:01.872 E/SatelliteController( 5949): unregisterForModemStateChanged: mSatelliteSessionController is not initialized yet
11-27 23:21:01.882 E/PhoneAdapter( 5949): get ntnphones failed, exception: java.lang.IllegalStateException: not support satellite!
11-27 23:21:01.883 E/PhoneAdapter( 5949): get ntnphones failed, exception: java.lang.IllegalStateException: not support satellite!
11-27 23:21:03.708 E/PhoneAdapter( 5949): get ntnphones failed, exception: java.lang.IllegalStateException: not support satellite!
11-27 23:21:04.051 E/LOCRIL_SESSION( 1845): operator():200] SubId: 1 Failed to get sim IO with error: 38
11-27 23:21:04.051 E/LOCRIL_SESSION( 1845): operator():241] SubId: 1 Failed to get sim IMSI with error: 38
11-27 23:21:04.062 E/SatelliteController( 5949): registerForSatelliteModemStateChanged: mSatelliteSessionController is not initialized yet
11-27 23:21:04.062 E/SatelliteController( 5949): unregisterForModemStateChanged: mSatelliteSessionController is not initialized yet
11-27 23:21:04.063 E/SatelliteController( 5949): registerForSatelliteModemStateChanged: mSatelliteSessionController is not initialized yet
11-27 23:21:04.063 E/SatelliteController( 5949): unregisterForModemStateChanged: mSatelliteSessionController is not initialized yet
11-27 23:21:04.063 E/PhoneAdapter( 5949): get ntnphones failed, exception: java.lang.IllegalStateException: not support satellite!
11-27 23:21:04.064 E/PhoneAdapter( 5949): get ntnphones failed, exception: java.lang.IllegalStateException: not support satellite!
11-27 23:21:04.071 E/PhoneAdapter( 5949): get ntnphones failed, exception: java.lang.IllegalStateException: not support satellite!
11-27 23:21:04.071 E/PhoneAdapter( 5949): get ntnphones failed, exception: java.lang.IllegalStateException: not support satellite!
11-27 23:21:05.787 E/LOCRIL_SESSION( 1845): operator():200] SubId: 1 Failed to get sim IO with error: 38
11-27 23:21:05.787 E/LOCRIL_SESSION( 1845): operator():241] SubId: 1 Failed to get sim IMSI with error: 38
11-27 23:21:05.789 E/PhoneAdapter( 5949): get ntnphones failed, exception: java.lang.IllegalStateException: not support satellite!
11-27 23:21:05.790 E/PhoneAdapter( 5949): get ntnphones failed, exception: java.lang.IllegalStateException: not support satellite!
11-27 23:21:05.799 E/AlarmManager( 3688): not align this alarm: Alarm{572d2b9 type 2 origWhen 52405256 whenElapsed 52405256 com.google.android.gms}, reason=0
11-27 23:21:05.800 E/AlarmManager( 3688): not align this alarm: Alarm{dc9ce5f type 2 origWhen 52405259 whenElapsed 52405259 com.google.android.gms}, reason=0
11-27 23:21:05.800 E/PhoneAdapter( 5949): get ntnphones failed, exception: java.lang.IllegalStateException: not support satellite!
11-27 23:21:05.801 E/PhoneAdapter( 5949): get ntnphones failed, exception: java.lang.IllegalStateException: not support satellite!
11-27 23:21:05.805 E/SatelliteController( 5949): registerForSatelliteModemStateChanged: mSatelliteSessionController is not initialized yet
11-27 23:21:05.805 E/SatelliteController( 5949): unregisterForModemStateChanged: mSatelliteSessionController is not initialized yet
11-27 23:21:06.713 E/PhoneAdapter( 5949): get ntnphones failed, exception: java.lang.IllegalStateException: not support satellite!
11-27 23:21:07.305 E/CountableHandler( 5949): Pending message count is over 200, drop message.msg.what = 105 handler = Handler (com.android.phone.statistics.utils.ModemHydraStat$ModemHydraHandler) {e826771}
11-27 23:21:07.305 E/CountableHandler( 5949): Pending message count is over 200, drop message.msg.what = 105 handler = Handler (com.android.phone.statistics.utils.ModemHydraStat$ModemHydraHandler) {e826771}
11-27 23:21:08.752 E/Cello   (25833): [26003:NonCelloThread] drive_v2_cloud_store.cc:6855:DumpToLog Request 0xb400007085ef33d0: 0 transport: drive::ds::Status::UNAVAILABLE_WHILE_OFFLINE reader: drive::ds::Status::SUCCESS url: https://play.googleapis.com/log
11-27 23:21:08.752 E/Cello   (25833): [26003:NonCelloThread] drive_v2_cloud_store.cc:6855:DumpToLog req.hdr 0xb400007085ef33d0: Content-Type=
11-27 23:21:08.752 E/Cello   (25833): [26003:NonCelloThread] drive_v2_cloud_store.cc:6855:DumpToLog Response body 0xb400007085ef33d0: (no response body)
11-27 23:21:08.752 E/Cello   (25833): [26170:NonCelloThread] drive_v2_cloud_store.cc:6855:DumpToLog Request 0xb400007085edc090: 0 transport: drive::ds::Status::UNAVAILABLE_WHILE_OFFLINE reader: drive::ds::Status::SUCCESS url: https://play.googleapis.com/log
11-27 23:21:08.752 E/Cello   (25833): [26170:NonCelloThread] drive_v2_cloud_store.cc:6855:DumpToLog req.hdr 0xb400007085edc090: Content-Type=
11-27 23:21:08.752 E/Cello   (25833): [26170:NonCelloThread] drive_v2_cloud_store.cc:6855:DumpToLog Response body 0xb400007085edc090: (no response body)
11-27 23:21:08.753 E/Cello   (25833): [26005:MetricsTransportThread-CELLO] metrics_transport.cc:242:SendRequest Request failed: drive::ds::Status::UNAVAILABLE_WHILE_OFFLINE
11-27 23:21:08.753 E/Cello   (25833): [26175:MetricsTransportThread-CELLO] metrics_transport.cc:242:SendRequest Request failed: drive::ds::Status::UNAVAILABLE_WHILE_OFFLINE
11-27 23:21:08.796 E/Cello   (25833): [26230:NonCelloThread] drive_v2_cloud_store.cc:6855:DumpToLog Request 0xb400007085f29b90: 0 transport: drive::ds::Status::UNAVAILABLE_WHILE_OFFLINE reader: drive::ds::Status::SUCCESS url: https://play.googleapis.com/log
11-27 23:21:08.796 E/Cello   (25833): [26230:NonCelloThread] drive_v2_cloud_store.cc:6855:DumpToLog req.hdr 0xb400007085f29b90: Content-Type=
11-27 23:21:08.796 E/Cello   (25833): [26230:NonCelloThread] drive_v2_cloud_store.cc:6855:DumpToLog Response body 0xb400007085f29b90: (no response body)
11-27 23:21:08.796 E/Cello   (25833): [26232:MetricsTransportThread-CELLO] metrics_transport.cc:242:SendRequest Request failed: drive::ds::Status::UNAVAILABLE_WHILE_OFFLINE
11-27 23:21:08.885 E/Cello   (25833): [26084:NonCelloThread] drive_v2_cloud_store.cc:6855:DumpToLog Request 0xb400007085f15c90: 0 transport: drive::ds::Status::UNAVAILABLE_WHILE_OFFLINE reader: drive::ds::Status::SUCCESS url: https://play.googleapis.com/log
11-27 23:21:08.885 E/Cello   (25833): [26084:NonCelloThread] drive_v2_cloud_store.cc:6855:DumpToLog req.hdr 0xb400007085f15c90: Content-Type=
11-27 23:21:08.885 E/Cello   (25833): [26084:NonCelloThread] drive_v2_cloud_store.cc:6855:DumpToLog Response body 0xb400007085f15c90: (no response body)
11-27 23:21:08.886 E/Cello   (25833): [26094:MetricsTransportThread-CELLO] metrics_transport.cc:242:SendRequest Request failed: drive::ds::Status::UNAVAILABLE_WHILE_OFFLINE
11-27 23:21:08.886 E/Cello   (25833): [25952:NonCelloThread] drive_v2_cloud_store.cc:6855:DumpToLog Request 0xb400007085ed0dd0: 0 transport: drive::ds::Status::UNAVAILABLE_WHILE_OFFLINE reader: drive::ds::Status::SUCCESS url: https://play.googleapis.com/log
11-27 23:21:08.886 E/Cello   (25833): [25952:NonCelloThread] drive_v2_cloud_store.cc:6855:DumpToLog req.hdr 0xb400007085ed0dd0: Content-Type=
11-27 23:21:08.886 E/Cello   (25833): [25952:NonCelloThread] drive_v2_cloud_store.cc:6855:DumpToLog Response body 0xb400007085ed0dd0: (no response body)
11-27 23:21:08.886 E/Cello   (25833): [25954:MetricsTransportThread-CELLO] metrics_transport.cc:242:SendRequest Request failed: drive::ds::Status::UNAVAILABLE_WHILE_OFFLINE
11-27 23:21:09.720 E/PhoneAdapter( 5949): get ntnphones failed, exception: java.lang.IllegalStateException: not support satellite!
11-27 23:21:11.183 E/DisplayModeController( 2003): setDesiredMode : Idle status skip setActiveMode, isDdicIdleMode: 1
11-27 23:21:12.728 E/PhoneAdapter( 5949): get ntnphones failed, exception: java.lang.IllegalStateException: not support satellite!
11-27 23:21:15.189 E/DisplayModeController( 2003): setDesiredMode : Idle status skip setActiveMode, isDdicIdleMode: 1
11-27 23:21:15.733 E/PhoneAdapter( 5949): get ntnphones failed, exception: java.lang.IllegalStateException: not support satellite!
11-27 23:21:16.829 E/PhoneAdapter( 5949): get ntnphones failed, exception: java.lang.IllegalStateException: not support satellite!
11-27 23:21:18.740 E/PhoneAdapter( 5949): get ntnphones failed, exception: java.lang.IllegalStateException: not support satellite!
11-27 23:21:21.747 E/PhoneAdapter( 5949): get ntnphones failed, exception: java.lang.IllegalStateException: not support satellite!
11-27 23:21:22.348 E/DisplayModeController( 2003): setDesiredMode : Idle status skip setActiveMode, isDdicIdleMode: 1
11-27 23:21:22.924 E/AlarmManager( 3688): not align this alarm: Alarm{6ad1c5e type 2 origWhen 52142384 whenElapsed 52142384 android}, reason=0
11-27 23:21:22.925 E/IMiCharge( 3688): MiCharge method 9 val = 359
11-27 23:21:22.925 E/IMiCharge( 3688): MiCharge method 10 val = 11
11-27 23:21:23.793 E/LOCRIL_SESSION( 1845): operator():200] SubId: 1 Failed to get sim IO with error: 38
11-27 23:21:23.794 E/LOCRIL_SESSION( 1845): operator():241] SubId: 1 Failed to get sim IMSI with error: 38
11-27 23:21:23.811 E/SatelliteController( 5949): registerForSatelliteModemStateChanged: mSatelliteSessionController is not initialized yet
11-27 23:21:23.811 E/SatelliteController( 5949): unregisterForModemStateChanged: mSatelliteSessionController is not initialized yet
11-27 23:21:23.812 E/SatelliteController( 5949): registerForSatelliteModemStateChanged: mSatelliteSessionController is not initialized yet
11-27 23:21:23.812 E/SatelliteController( 5949): unregisterForModemStateChanged: mSatelliteSessionController is not initialized yet
11-27 23:21:23.820 E/PhoneAdapter( 5949): get ntnphones failed, exception: java.lang.IllegalStateException: not support satellite!
11-27 23:21:23.821 E/PhoneAdapter( 5949): get ntnphones failed, exception: java.lang.IllegalStateException: not support satellite!
11-27 23:21:24.752 E/PhoneAdapter( 5949): get ntnphones failed, exception: java.lang.IllegalStateException: not support satellite!
11-27 23:21:25.119 E/u4native(22290): [InfoLevelMessage] [INFO:not_a_file.cc(0)] BrowserIOThread heartbeat, pid/tid: 22290/896, interval/index: 30s/154, ucCoreSoImplVersion: 5.18.9.0_250713225318
11-27 23:21:25.130 E/u4native(22290): [InfoLevelMessage] [INFO:not_a_file.cc(0)] NetworkServiceThread heartbeat, pid/tid: 22290/918, interval/index: 30s/154
11-27 23:21:25.743 E/LOCRIL_SESSION( 1845): operator():200] SubId: 1 Failed to get sim IO with error: 38
11-27 23:21:25.744 E/LOCRIL_SESSION( 1845): operator():241] SubId: 1 Failed to get sim IMSI with error: 38
11-27 23:21:25.751 E/PhoneAdapter( 5949): get ntnphones failed, exception: java.lang.IllegalStateException: not support satellite!
11-27 23:21:25.753 E/PhoneAdapter( 5949): get ntnphones failed, exception: java.lang.IllegalStateException: not support satellite!
11-27 23:21:25.757 E/PhoneAdapter( 5949): get ntnphones failed, exception: java.lang.IllegalStateException: not support satellite!
11-27 23:21:25.757 E/PhoneAdapter( 5949): get ntnphones failed, exception: java.lang.IllegalStateException: not support satellite!
11-27 23:21:25.759 E/SatelliteController( 5949): registerForSatelliteModemStateChanged: mSatelliteSessionController is not initialized yet
11-27 23:21:25.759 E/SatelliteController( 5949): unregisterForModemStateChanged: mSatelliteSessionController is not initialized yet
11-27 23:21:25.759 E/SatelliteController( 5949): registerForSatelliteModemStateChanged: mSatelliteSessionController is not initialized yet
11-27 23:21:25.759 E/SatelliteController( 5949): unregisterForModemStateChanged: mSatelliteSessionController is not initialized yet
11-27 23:21:25.766 E/PhoneAdapter( 5949): get ntnphones failed, exception: java.lang.IllegalStateException: not support satellite!
11-27 23:21:25.767 E/PhoneAdapter( 5949): get ntnphones failed, exception: java.lang.IllegalStateException: not support satellite!
11-27 23:21:27.265 E/DisplayModeController( 2003): setDesiredMode : Idle status skip setActiveMode, isDdicIdleMode: 1
11-27 23:21:27.757 E/PhoneAdapter( 5949): get ntnphones failed, exception: java.lang.IllegalStateException: not support satellite!
11-27 23:21:30.765 E/PhoneAdapter( 5949): get ntnphones failed, exception: java.lang.IllegalStateException: not support satellite!
11-27 23:21:31.266 E/DisplayModeController( 2003): setDesiredMode : Idle status skip setActiveMode, isDdicIdleMode: 1
11-27 23:21:33.771 E/PhoneAdapter( 5949): get ntnphones failed, exception: java.lang.IllegalStateException: not support satellite!
11-27 23:21:34.868 E/Parcel  ( 6557): Reading a NULL string not supported here.
11-27 23:21:34.869 E/Parcel  ( 6557): Reading a NULL string not supported here.
11-27 23:21:34.873 E/IPCThreadState( 6557): Binder transaction failure. id: 39896950, BR_*: 29201, error: -1 (Operation not permitted)
11-27 23:21:34.873 E/IPCThreadState( 6557): Binder transaction failure. id: 39896954, BR_*: 29201, error: -1 (Operation not permitted)
11-27 23:21:34.873 E/IPCThreadState( 6557): Binder transaction failure. id: 39896958, BR_*: 29201, error: -1 (Operation not permitted)
11-27 23:21:34.873 E/IPCThreadState( 6557): Binder transaction failure. id: 39896962, BR_*: 29201, error: -1 (Operation not permitted)
11-27 23:21:34.873 E/IPCThreadState( 6557): Binder transaction failure. id: 39896966, BR_*: 29201, error: -1 (Operation not permitted)
11-27 23:21:34.873 E/IPCThreadState( 6557): Binder transaction failure. id: 39896970, BR_*: 29201, error: -1 (Operation not permitted)
11-27 23:21:34.874 E/IPCThreadState( 6557): Binder transaction failure. id: 39896979, BR_*: 29201, error: -1 (Operation not permitted)
11-27 23:21:34.874 E/IPCThreadState( 6557): Binder transaction failure. id: 39896983, BR_*: 29201, error: -1 (Operation not permitted)
11-27 23:21:34.874 E/IPCThreadState( 6557): Binder transaction failure. id: 39896987, BR_*: 29201, error: -1 (Operation not permitted)
11-27 23:21:34.874 E/IPCThreadState( 6557): Binder transaction failure. id: 39896991, BR_*: 29201, error: -1 (Operation not permitted)
11-27 23:21:34.874 E/IPCThreadState( 6557): Binder transaction failure. id: 39896995, BR_*: 29201, error: -1 (Operation not permitted)
11-27 23:21:34.874 E/IPCThreadState( 6557): Binder transaction failure. id: 39896999, BR_*: 29201, error: -1 (Operation not permitted)
11-27 23:21:34.874 E/IPCThreadState( 6557): Binder transaction failure. id: 39897003, BR_*: 29201, error: -1 (Operation not permitted)
11-27 23:21:34.875 E/IPCThreadState( 6557): Binder transaction failure. id: 39897012, BR_*: 29201, error: -1 (Operation not permitted)
11-27 23:21:34.876 E/IPCThreadState( 6557): Binder transaction failure. id: 39897031, BR_*: 29201, error: -1 (Operation not permitted)
11-27 23:21:34.876 E/IPCThreadState( 6557): Binder transaction failure. id: 39897035, BR_*: 29201, error: -1 (Operation not permitted)
11-27 23:21:34.876 E/IPCThreadState( 6557): Binder transaction failure. id: 39897049, BR_*: 29201, error: -1 (Operation not permitted)
11-27 23:21:34.876 E/IPCThreadState( 6557): Binder transaction failure. id: 39897053, BR_*: 29201, error: -1 (Operation not permitted)
11-27 23:21:34.877 E/IPCThreadState( 6557): Binder transaction failure. id: 39897057, BR_*: 29201, error: -1 (Operation not permitted)
11-27 23:21:34.878 E/IPCThreadState( 6557): Binder transaction failure. id: 39897086, BR_*: 29201, error: -1 (Operation not permitted)
11-27 23:21:34.878 E/IPCThreadState( 6557): Binder transaction failure. id: 39897090, BR_*: 29201, error: -1 (Operation not permitted)
11-27 23:21:34.878 E/IPCThreadState( 6557): Binder transaction failure. id: 39897094, BR_*: 29201, error: -1 (Operation not permitted)
11-27 23:21:34.881 E/IPCThreadState( 6557): Binder transaction failure. id: 39897183, BR_*: 29201, error: -1 (Operation not permitted)
11-27 23:21:34.882 E/IPCThreadState( 6557): Binder transaction failure. id: 39897204, BR_*: 29201, error: -1 (Operation not permitted)
11-27 23:21:34.882 E/IPCThreadState( 6557): Binder transaction failure. id: 39897208, BR_*: 29201, error: -1 (Operation not permitted)
11-27 23:21:34.883 E/IPCThreadState( 6557): Binder transaction failure. id: 39897212, BR_*: 29201, error: -1 (Operation not permitted)
11-27 23:21:34.883 E/IPCThreadState( 6557): Binder transaction failure. id: 39897216, BR_*: 29201, error: -1 (Operation not permitted)
11-27 23:21:34.883 E/IPCThreadState( 6557): Binder transaction failure. id: 39897220, BR_*: 29201, error: -1 (Operation not permitted)
11-27 23:21:34.883 E/IPCThreadState( 6557): Binder transaction failure. id: 39897224, BR_*: 29201, error: -1 (Operation not permitted)
11-27 23:21:34.883 E/IPCThreadState( 6557): Binder transaction failure. id: 39897228, BR_*: 29201, error: -1 (Operation not permitted)
11-27 23:21:34.883 E/IPCThreadState( 6557): Binder transaction failure. id: 39897232, BR_*: 29201, error: -1 (Operation not permitted)
11-27 23:21:34.883 E/IPCThreadState( 6557): Binder transaction failure. id: 39897236, BR_*: 29201, error: -1 (Operation not permitted)
11-27 23:21:34.884 E/IPCThreadState( 6557): Binder transaction failure. id: 39897245, BR_*: 29201, error: -1 (Operation not permitted)
11-27 23:21:34.884 E/IPCThreadState( 6557): Binder transaction failure. id: 39897249, BR_*: 29201, error: -1 (Operation not permitted)
11-27 23:21:34.885 E/IPCThreadState( 6557): Binder transaction failure. id: 39897295, BR_*: 29201, error: -1 (Operation not permitted)
11-27 23:21:34.886 E/IPCThreadState( 6557): Binder transaction failure. id: 39897299, BR_*: 29201, error: -1 (Operation not permitted)
11-27 23:21:34.886 E/IPCThreadState( 6557): Binder transaction failure. id: 39897308, BR_*: 29201, error: -1 (Operation not permitted)
11-27 23:21:34.886 E/Parcel  ( 6557): Reading a NULL string not supported here.
11-27 23:21:34.887 E/IPCThreadState( 6557): Binder transaction failure. id: 39897357, BR_*: 29201, error: -1 (Operation not permitted)
11-27 23:21:34.887 E/Parcel  ( 6557): Reading a NULL string not supported here.
11-27 23:21:34.888 E/Parcel  ( 6557): Reading a NULL string not supported here.
11-27 23:21:34.888 E/Parcel  ( 6557): Reading a NULL string not supported here.
11-27 23:21:34.888 E/Parcel  ( 6557): Reading a NULL string not supported here.
11-27 23:21:34.889 E/Parcel  ( 6557): Reading a NULL string not supported here.
11-27 23:21:34.890 E/JavaBinder( 3688): *** Uncaught remote exception! Exceptions are not yet supported across processes. Client PID 6557 UID 2000.
11-27 23:21:34.890 E/JavaBinder( 3688): java.lang.RuntimeException: android.os.RemoteException: Caller is not allowed
11-27 23:21:34.890 E/JavaBinder( 3688): 	at android.os.Parcel.writeException(Parcel.java:3129)
11-27 23:21:34.890 E/JavaBinder( 3688): 	at android.os.Binder.execTransactInternal(Binder.java:1457)
11-27 23:21:34.890 E/JavaBinder( 3688): 	at android.os.Binder.execTransact(Binder.java:1372)
11-27 23:21:34.890 E/JavaBinder( 3688): Caused by: android.os.RemoteException: Caller is not allowed
11-27 23:21:34.890 E/JavaBinder( 3688): 	at com.android.server.wm.CrossDeviceService.onTransact(CrossDeviceService.java:158)
11-27 23:21:34.890 E/JavaBinder( 3688): 	at android.os.Binder.execTransactInternal(Binder.java:1433)
11-27 23:21:34.890 E/JavaBinder( 3688): 	... 1 more
11-27 23:21:34.890 E/Parcel  ( 6557): Reading a NULL string not supported here.
11-27 23:21:34.890 E/Parcel  ( 6557): Reading a NULL string not supported here.
11-27 23:21:34.890 E/Parcel  ( 6557): Reading a NULL string not supported here.
11-27 23:21:34.890 E/Parcel  ( 6557): Reading a NULL string not supported here.
11-27 23:21:34.891 E/Parcel  ( 6557): Reading a NULL string not supported here.
11-27 23:21:34.892 E/Parcel  ( 6557): Reading a NULL string not supported here.
11-27 23:21:34.892 E/Parcel  ( 6557): Reading a NULL string not supported here.
11-27 23:21:34.895 E/Parcel  ( 6557): Reading a NULL string not supported here.
11-27 23:21:34.895 E/Parcel  ( 6557): Reading a NULL string not supported here.
11-27 23:21:34.897 E/Parcel  ( 6557): Reading a NULL string not supported here.
11-27 23:21:34.898 E/IPCThreadState( 6557): Binder transaction failure. id: 39898020, BR_*: 29201, error: -1 (Operation not permitted)
11-27 23:21:34.898 E/Parcel  ( 6557): Reading a NULL string not supported here.
11-27 23:21:34.898 E/Parcel  ( 6557): Reading a NULL string not supported here.
11-27 23:21:34.899 E/Parcel  ( 6557): Reading a NULL string not supported here.
