11-27 23:21:47.204 D/RecentsTaskLoader( 5385): reloadTasksData [TaskKey{id=813, stackId=0, baseIntent=Intent { act=android.intent.action.MAIN cat=[android.intent.category.LAUNCHER] flg=0x10200000 cmp=com.hyperxray.an/.activity.MainActivity }, userId=0, lastActiveTime=52136561, windowingMode=1, isThumbnailBlur=false, isAccessLocked=false, isScreening=false, topActivity=ComponentInfo{com.hyperxray.an/com.hyperxray.an.activity.MainActivity}, mHashCode=25143635}, title=HyperXray, titleDescription=HyperXray, bounds=null, isLaunchTarget=false, isStackTask=true, isSystemApp=false, isDockable=true, baseActivity=ComponentInfo{com.hyperxray.an/com.hyperxray.an.activity.MainActivity}, isLocked=false, mNeedHide=false, hasMultipleTasks=false, cti1Key=, cti2Key=] 
11-27 23:21:47.239 E/HyperSentinel( 3688): ->pid:21363,processName:"com.hyperxray.an",Rss Memory Size Change 160056kb -> 208208kb
11-27 23:21:47.255 D/nativeloader( 7327): Configuring clns-10 for other apk /data/app/~~b3vTM1QSrmtu06dkK2fM7Q==/com.google.android.trichromelibrary_744417133-QwvNwjBUXk9yrn6tDUgCAQ==/base.apk. target_sdk_version=36, uses_libraries=ALL, library_path=/data/app/~~EovATU0q2xmlY-47Lj-_qA==/com.android.chrome-44fdzz3f34xRKvzwX0EGzw==/lib/arm64:/data/app/~~EovATU0q2xmlY-47Lj-_qA==/com.android.chrome-44fdzz3f34xRKvzwX0EGzw==/base.apk!/lib/arm64-v8a:/data/app/~~b3vTM1QSrmtu06dkK2fM7Q==/com.google.android.trichromelibrary_744417133-QwvNwjBUXk9yrn6tDUgCAQ==/base.apk!/lib/arm64-v8a, permitted_path=/data:/mnt/expand
11-27 23:21:47.255 D/nativeloader( 7327): Extending system_exposed_libraries: libbinauralrenderer_wrapper.qti.so:libhoaeffects.qti.so:libmisys_jni.xiaomi.so:libpag.hyperos.so:libffavc.hyperos.so:libxiaomi_modemdumpsdx55_jni.modem.so:libxiaomi_modemdump_jni.modem.so:libmodemsmartengine_jni.modem.so:libupdateprof.qti.so:libthermalclient.qti.so:libdiag_system.qti.so:libqape.qti.so:libqesdk_ndk_platform.qti.so:liblistenjni.qti.so
11-27 23:21:47.262 D/nativeloader( 7327): Configuring clns-11 for other apk /data/app/~~EovATU0q2xmlY-47Lj-_qA==/com.android.chrome-44fdzz3f34xRKvzwX0EGzw==/base.apk. target_sdk_version=36, uses_libraries=, library_path=/data/app/~~EovATU0q2xmlY-47Lj-_qA==/com.android.chrome-44fdzz3f34xRKvzwX0EGzw==/lib/arm64:/data/app/~~EovATU0q2xmlY-47Lj-_qA==/com.android.chrome-44fdzz3f34xRKvzwX0EGzw==/base.apk!/lib/arm64-v8a:/data/app/~~b3vTM1QSrmtu06dkK2fM7Q==/com.google.android.trichromelibrary_744417133-QwvNwjBUXk9yrn6tDUgCAQ==/base.apk!/lib/arm64-v8a, permitted_path=/data:/mnt/expand
11-27 23:21:47.265 D/nativeloader( 7327): Load /data/app/~~EovATU0q2xmlY-47Lj-_qA==/com.android.chrome-44fdzz3f34xRKvzwX0EGzw==/base.apk!/lib/arm64-v8a/libchromium_android_linker.so using class loader ns clns-11 (caller=/data/app/~~EovATU0q2xmlY-47Lj-_qA==/com.android.chrome-44fdzz3f34xRKvzwX0EGzw==/base.apk): ok
11-27 23:21:47.276 D/nativeloader(21363): Configuring clns-10 for other apk /data/app/~~5kmoFovFs3Jgm-rvM-Ky4Q==/com.hyperxray.an-q2ieX-rtM1gpR8Qo_You0g==/base.apk. target_sdk_version=35, uses_libraries=, library_path=/data/app/~~5kmoFovFs3Jgm-rvM-Ky4Q==/com.hyperxray.an-q2ieX-rtM1gpR8Qo_You0g==/lib/arm64:/data/app/~~5kmoFovFs3Jgm-rvM-Ky4Q==/com.hyperxray.an-q2ieX-rtM1gpR8Qo_You0g==/base.apk!/lib/arm64-v8a, permitted_path=/data:/mnt/expand:/data/user/0/com.hyperxray.an
11-27 23:21:47.276 D/nativeloader( 7327): Load /data/app/~~b3vTM1QSrmtu06dkK2fM7Q==/com.google.android.trichromelibrary_744417133-QwvNwjBUXk9yrn6tDUgCAQ==/base.apk!/lib/arm64-v8a/libmonochrome_64.so using class loader ns clns-11 (caller=/data/app/~~EovATU0q2xmlY-47Lj-_qA==/com.android.chrome-44fdzz3f34xRKvzwX0EGzw==/base.apk): ok
11-27 23:21:47.278 I/om.hyperxray.an(21363): AssetManager2(0xb400007075e9da98) locale list changing from [] to [tr-TR]
11-27 23:21:47.281 V/GraphicsEnvironment(21363):   angle_gl_driver_selection_values=[angle, native, native, native]
11-27 23:21:47.281 V/GraphicsEnvironment(21363): com.hyperxray.an is not listed in per-application setting
11-27 23:21:47.281 V/GraphicsEnvironment(21363): com.hyperxray.an is not listed in ANGLE allowlist or settings, returning default
11-27 23:21:47.283 D/ResMonitorStub(21363): The current process type is: third_party_app, process name is: com.hyperxray.an
11-27 23:21:47.284 I/UiModeManager( 3688): systemserver package:com.hyperxray.an null
11-27 23:21:47.284 I/ForceDarkHelperStubImpl(21363): initialize for com.hyperxray.an , ForceDarkAppConfig: null
11-27 23:21:47.284 D/nativeloader(21363): Load libforcedarkimpl.so using system ns (caller=/system_ext/framework/miui-framework.jar): ok
11-27 23:21:47.298 I/Zygote  ( 7327): Entering forkRepeatedly native zygote loop
11-27 23:21:47.308 D/LogFileManager(21363): Log file path: /data/user/0/com.hyperxray.an/files/app_log.txt
11-27 23:21:47.310 D/HyperXrayApplication(21363): HyperXrayApplication onCreate - initializing components
11-27 23:21:47.311 D/HyperXrayApplication(21363): HyperXrayApplication onCreate - initializing components
11-27 23:21:47.311 D/HyperXrayApplication(21363): WorkManager already initialized
11-27 23:21:47.313 I/NativeTurboSchedManager(21363): Load libmiui_runtime
11-27 23:21:47.313 E/TurboSchedMonitor(21363): failed to find setSchedAffinity method com.hyperxray.an
11-27 23:21:47.314 E/TurboSchedMonitor(21363): failed to find setSchedAffinity method com.hyperxray.an
11-27 23:21:47.320 D/DynamicIslandSafeguardsController( 6013): delayExitApp: com.hyperxray.an com.hyperxray.an count = 0
11-27 23:21:47.322 D/nativeloader( 7373): Load libframework-connectivity-tiramisu-jni.so using APEX ns com_android_tethering for caller /apex/com.android.tethering/javalib/framework-connectivity-t.jar: ok
11-27 23:21:47.331 D/nativeloader(21363): Load /data/app/~~5kmoFovFs3Jgm-rvM-Ky4Q==/com.hyperxray.an-q2ieX-rtM1gpR8Qo_You0g==/lib/arm64/libconscrypt_jni.so using class loader ns clns-10 (caller=/data/app/~~5kmoFovFs3Jgm-rvM-Ky4Q==/com.hyperxray.an-q2ieX-rtM1gpR8Qo_You0g==/base.apk!classes36.dex): ok
11-27 23:21:47.332 V/NativeCrypto(21363): Registering org/conscrypt/NativeCrypto's 288 native methods...
11-27 23:21:47.333 I/om.hyperxray.an(21363): hiddenapi: Accessing hidden method Ljava/security/spec/ECParameterSpec;->getCurveName()Ljava/lang/String; (runtime_flags=0, domain=core-platform, api=unsupported) from Lorg/conscrypt/Platform; (domain=app) using reflection: allowed
11-27 23:21:47.343 D/nativeloader( 7373): Load libforcedarkimpl.so using system ns (caller=/system_ext/framework/miui-framework.jar): ok
11-27 23:21:47.344 D/nativeloader(21363): Load /data/app/~~5kmoFovFs3Jgm-rvM-Ky4Q==/com.hyperxray.an-q2ieX-rtM1gpR8Qo_You0g==/lib/arm64/libcronet.119.0.6045.31.so using class loader ns clns-10 (caller=/data/app/~~5kmoFovFs3Jgm-rvM-Ky4Q==/com.hyperxray.an-q2ieX-rtM1gpR8Qo_You0g==/base.apk!classes36.dex): ok
11-27 23:21:47.362 I/cr_LibraryLoader( 7373): Successfully loaded native library
11-27 23:21:47.365 D/ConnectivityService( 3688): requestNetwork for uid/pid:10570/21363 activeRequest: null callbackRequest: 6670 [NetworkRequest [ REQUEST id=6671, [ Capabilities: INTERNET&NOT_RESTRICTED&TRUSTED&NOT_VCN_MANAGED&NOT_BANDWIDTH_CONSTRAINED Uid: 10570 RequestorUid: 10570 RequestorPkg: com.hyperxray.an UnderlyingNetworks: Null] ]] callback flags: 0 order: 2147483647 isUidTracked: false declaredMethods: AVAIL|LOST|NC|LP
11-27 23:21:47.370 D/HyperXrayApplication(21363): NetworkModule initialized (Conscrypt TLS acceleration enabled)
11-27 23:21:47.371 D/HyperXrayApplication(21363): NetworkModule initialized (Conscrypt TLS acceleration enabled)
11-27 23:21:47.371 D/WifiNetworkFactory( 3688): got request NetworkRequest [ REQUEST id=6671, [ Capabilities: INTERNET&NOT_RESTRICTED&TRUSTED&NOT_VCN_MANAGED&NOT_BANDWIDTH_CONSTRAINED Uid: 10570 RequestorUid: 10570 RequestorPkg: com.hyperxray.an UnderlyingNetworks: Null] ]
11-27 23:21:47.371 D/UntrustedWifiNetworkFactory( 3688): got request NetworkRequest [ REQUEST id=6671, [ Capabilities: INTERNET&NOT_RESTRICTED&TRUSTED&NOT_VCN_MANAGED&NOT_BANDWIDTH_CONSTRAINED Uid: 10570 RequestorUid: 10570 RequestorPkg: com.hyperxray.an UnderlyingNetworks: Null] ]
11-27 23:21:47.371 D/OemPaidWifiNetworkFactory( 3688): got request NetworkRequest [ REQUEST id=6671, [ Capabilities: INTERNET&NOT_RESTRICTED&TRUSTED&NOT_VCN_MANAGED&NOT_BANDWIDTH_CONSTRAINED Uid: 10570 RequestorUid: 10570 RequestorPkg: com.hyperxray.an UnderlyingNetworks: Null] ]
11-27 23:21:47.371 D/MultiInternetWifiNetworkFactory( 3688): got request NetworkRequest [ REQUEST id=6671, [ Capabilities: INTERNET&NOT_RESTRICTED&TRUSTED&NOT_VCN_MANAGED&NOT_BANDWIDTH_CONSTRAINED Uid: 10570 RequestorUid: 10570 RequestorPkg: com.hyperxray.an UnderlyingNetworks: Null] ]
11-27 23:21:47.371 D/AppInitializer(21363): === HyperXray AI Optimizer Initialization ===
11-27 23:21:47.372 I/AppInitializer(21363): === HyperXray AI Optimizer Initialization ===
11-27 23:21:47.372 I/WindowManager( 3688): Allow fixed rotation for not collecting:ActivityRecord{39673125 u0 com.hyperxray.an/.activity.MainActivity t813}
11-27 23:21:47.372 I/WindowManager( 3688): Allow fixed rotation for not collecting:ActivityRecord{39673125 u0 com.hyperxray.an/.activity.MainActivity t813}
11-27 23:21:47.372 D/BarFollowAnimation( 3688): onTaskInfoChanedForCaptionBar Task{1998cab #813 type=standard I=com.hyperxray.an/.activity.MainActivity} shouldbeVisible:true isVisible:true windowMode:1 mCaptionAssociatedTask:null mIsTouchedInCaption:false
11-27 23:21:47.373 D/BarFollowAnimation( 3688): onTaskInfoChanedForCaptionBar Task{1998cab #813 type=standard I=com.hyperxray.an/.activity.MainActivity} shouldbeVisible:true isVisible:true windowMode:1 mCaptionAssociatedTask:null mIsTouchedInCaption:false
11-27 23:21:47.373 I/ActivityTaskSupervisor( 3688): ActivityRecord{39673125 u0 com.hyperxray.an/.activity.MainActivity t813} launched from package com.miui.home, so schedule top resumed activity immediately.
11-27 23:21:47.374 D/DFS-AppUsageTracker(12969): Fg changed, new=com.hyperxray.an, but charging.
11-27 23:21:47.374 I/ProcessMonitor(13712): onForegroundInfoChanged: ForegroundInfo{mForegroundPackageName='com.hyperxray.an', mForegroundUid=10570, mForegroundPid=21363, mForegroundDisplayId=0, mLastForegroundPackageName='com.miui.home', mLastForegroundUid=10170, mLastForegroundPid=5385, mLastForegroundDisplayId=0, mMultiWindowForegroundPackageName='com.hyperxray.an', mMultiWindowForegroundUid=10570, mFlags=1}
11-27 23:21:47.376 D/om.hyperxray.an(21363): blurUtils, initBackgroundBlurMinInterval processName(com.hyperxray.an), inWhiteLists(0)
11-27 23:21:47.376 D/MiuiIntegratedMemorySwap( 3688): uid:10570, packageName: com.hyperxray.an
11-27 23:21:47.376 D/PerfEngineController(12969): ForegroundInfo{mForegroundPackageName='com.hyperxray.an', mForegroundUid=10570, mForegroundPid=21363, mForegroundDisplayId=0, mLastForegroundPackageName='com.miui.home', mLastForegroundUid=10170, mLastForegroundPid=5385, mLastForegroundDisplayId=0, mMultiWindowForegroundPackageName='com.hyperxray.an', mMultiWindowForegroundUid=10570, mFlags=1}
11-27 23:21:47.376 I/om.hyperxray.an(21363): AssetManager2(0xb400007075ea2ef8) locale list changing from [] to [tr-TR]
11-27 23:21:47.377 D/RecentsImpl( 5385): onForegroundChanged, foregroundPackageName=com.hyperxray.an
11-27 23:21:47.377 D/nativeloader(21363): Load /data/app/~~5kmoFovFs3Jgm-rvM-Ky4Q==/com.hyperxray.an-q2ieX-rtM1gpR8Qo_You0g==/lib/arm64/libonnxruntime4j_jni.so using class loader ns clns-10 (caller=/data/app/~~5kmoFovFs3Jgm-rvM-Ky4Q==/com.hyperxray.an-q2ieX-rtM1gpR8Qo_You0g==/base.apk): ok
11-27 23:21:47.378 D/MiuiDecorationController( 6013): relayout::taskId=813, visible=true, bounds=Rect(0, 0 - 1200, 2670), focused=false, oldImmersive=false, newImmersive=false, windowMode=1, activityType=1, displayId=0, baseActivity=ComponentInfo{com.hyperxray.an/com.hyperxray.an.activity.MainActivity}, topActivity=ComponentInfo{com.hyperxray.an/com.hyperxray.an.activity.MainActivity}, callers=com.android.wm.shell.multitasking.miuimultiwinswitch.miuiwindowdecor.decoration.MiuiDecorationController.relayout:4 com.android.wm.shell.multitasking.miuimultiwinswitch.miuiwindowdecor.MulWinSwitchDecorViewModel.onTaskInfoChanged:18 com.android.wm.shell.multitasking.common.taskmanager.MultiTaskingTaskListener.onTaskInfoChanged:47 com.android.wm.shell.ShellTaskOrganizer.onTaskInfoChanged:129 android.window.TaskOrganizer$1.lambda$onTaskInfoChanged$6:300 
11-27 23:21:47.378 E/HyperSentinel( 3688): ->pid:21363,processName:"com.hyperxray.an",Rss Memory Size Change 208208kb -> 274444kb
11-27 23:21:47.378 I/GameBoosterService(13712): onForegroundInfoChanged: Cur=com.hyperxray.an	 last=com.miui.home
11-27 23:21:47.379 D/GameBoosterService(13712): onGameStatusChange foreground:ForegroundInfo{mForegroundPackageName='com.hyperxray.an', mForegroundUid=10570, mForegroundPid=21363, mForegroundDisplayId=0, mLastForegroundPackageName='com.miui.home', mLastForegroundUid=10170, mLastForegroundPid=5385, mLastForegroundDisplayId=0, mMultiWindowForegroundPackageName='com.hyperxray.an', mMultiWindowForegroundUid=10570, mFlags=1}
11-27 23:21:47.379 I/BeautyService(13712): onForegroundInfoChanged: Cur=com.hyperxray.an	 last=com.miui.home
11-27 23:21:47.380 D/EventReceiver( 3688): foregroundChange uid  uid=10570 pkg=com.hyperxray.an
11-27 23:21:47.381 D/NetworkMetricsController( 5949): processUidChangeEvent :activity is:ComponentInfo{com.hyperxray.an/com.hyperxray.an.activity.MainActivity}
11-27 23:21:47.381 I/GST     (16020): forePkg: com.hyperxray.an, preForePkg: com.miui.home
11-27 23:21:47.384 D/ModelSignatureVerifier(21363): Manifest loaded: hyperxray_policy v1.0.0
11-27 23:21:47.384 D/vulkan  (21363): searching for layers in '/data/app/~~5kmoFovFs3Jgm-rvM-Ky4Q==/com.hyperxray.an-q2ieX-rtM1gpR8Qo_You0g==/lib/arm64'
11-27 23:21:47.384 D/vulkan  (21363): searching for layers in '/data/app/~~5kmoFovFs3Jgm-rvM-Ky4Q==/com.hyperxray.an-q2ieX-rtM1gpR8Qo_You0g==/base.apk!/lib/arm64-v8a'
11-27 23:21:47.388 D/BroadcastQueue( 3688): Logging broadcast for com.hyperxray.an, stopped=false, firstLaunch=false
11-27 23:21:47.388 D/ActivityTaskManager( 3688):  setSkipCaptureLayers tr: Task{1998cab #813 type=standard I=com.hyperxray.an/.activity.MainActivity}
11-27 23:21:47.390 D/BarFollowAnimation( 3688): onTaskInfoChanedForCaptionBar Task{1998cab #813 type=standard I=com.hyperxray.an/.activity.MainActivity} shouldbeVisible:true isVisible:true windowMode:1 mCaptionAssociatedTask:null mIsTouchedInCaption:false
11-27 23:21:47.393 I/qspmHal ( 1829): gpuProfName:com.hyperxray.an-gpu - gpu prof_info.path:/data/vendor/gaming/com.hyperxray.an-gpu
11-27 23:21:47.394 I/ModelSignatureVerifier(21363): Model verification PASSED: hyperxray_policy v1.0.0
11-27 23:21:47.395 I/AppInitializer(21363): Model verification passed: hyperxray_policy v1.0.0
11-27 23:21:47.395 I/AppInitializer(21363): Model verification passed: hyperxray_policy v1.0.0
11-27 23:21:47.395 D/WmSystemUiDebug(21363): set navigation bar color,Alpha=0.0, RGB:0,0,0 caller:androidx.activity.EdgeToEdgeApi29.setUp:290 androidx.activity.EdgeToEdge.enable:89 androidx.activity.EdgeToEdge.enable$default:71 com.hyperxray.an.activity.MainActivity.onCreate:56 android.app.Activity.performCreate:9380 android.app.Activity.performCreate:9323 android.app.Instrumentation.callActivityOnCreate:1537 android.app.ActivityThread.performLaunchActivity:4684 android.app.ActivityThread.handleLaunchActivity:4931 android.app.servertransaction.LaunchActivityItem.execute:222 
11-27 23:21:47.406 D/Preferences(21363): xrayCoreInstanceCount get() returning: 2 (from prefs: 2, parsed: 2)
11-27 23:21:47.407 I/AdrenoVK-0(21363): Process Name        : com.hyperxray.an
11-27 23:21:47.414 D/HyperVpnStateManager(21363): Started observing HyperVpnService broadcasts
11-27 23:21:47.415 D/ServiceEventObserver(21363): HyperVpnService receivers registered.
11-27 23:21:47.418 D/DeepPolicyModel(21363): Loading ONNX model with verification: models/hyperxray_policy.onnx
11-27 23:21:47.419 D/ModelSignatureVerifier(21363): Manifest loaded: hyperxray_policy v1.0.0
11-27 23:21:47.421 D/Activity(21363): Activity = ActivityInfo{9c281 com.hyperxray.an.activity.MainActivity}, Resume onConfigurationChanged = {1.0 286mcc1mnc [tr_TR] ldltr sw369dp w369dp h822dp 520dpi nrml long hdr widecg port night finger -keyb/v/h -nav/h winConfig={ mBounds=Rect(0, 0 - 1200, 2670) mAppBounds=Rect(0, 0 - 1200, 2670) mMaxBounds=Rect(0, 0 - 1200, 2670) mDisplayRotation=ROTATION_0 mWindowingMode=fullscreen mActivityType=standard mAlwaysOnTop=undefined mRotation=ROTATION_0 mInSplitScreen=false letterBoxed=false foScaled=false isSpecificEmbedded=false embeddingScale=1.0} s.2 fontWeightAdjustment=0/d/o themeChanged=0 themeChangedFlags=0 display=0 extraData = Bundle[{}] screenType=0/o}
11-27 23:21:47.423 I/ModelSignatureVerifier(21363): Model verification PASSED: hyperxray_policy v1.0.0
11-27 23:21:47.423 D/DeepPolicyModel(21363): Loading model from assets: models/hyperxray_policy.onnx
11-27 23:21:47.423 D/DeepPolicyModel(21363): Loading model from assets: models/hyperxray_policy.onnx
11-27 23:21:47.428 D/om.hyperxray.an(21363): MiuiProcessManagerServiceStub setSchedFifo
11-27 23:21:47.429 I/ForceDarkHelperStubImpl(21363): setViewRootImplForceDark: false for com.hyperxray.an.activity.MainActivity@dc74df1, reason: AppDarkModeEnable
11-27 23:21:47.430 I/ViewRootImpl(21363): com.hyperxray.an/com.hyperxray.an.activity.MainActivity use first frame acceleration
11-27 23:21:47.435 D/RecentsImpl( 5385): mActivityStateObserver com.hyperxray.an.activity.MainActivity
11-27 23:21:47.435 W/RecentsImpl( 5385): updateGestureWindowVisibleImpl, className=com.hyperxray.an.activity.MainActivity
11-27 23:21:47.439 D/CoreBackPreview( 3688): Window{1413bc6 u0 com.hyperxray.an/com.hyperxray.an.activity.MainActivity}: Setting back callback OnBackInvokedCallbackInfo{mCallback=android.window.IOnBackInvokedCallback$Stub$Proxy@b87507f, mPriority=-1, mIsAnimationCallback=false, mOverrideBehavior=0}
11-27 23:21:47.451 D/MiuiDecorationController( 6013): relayout::taskId=813, visible=true, bounds=Rect(0, 0 - 1200, 2670), focused=true, oldImmersive=false, newImmersive=false, windowMode=1, activityType=1, displayId=0, baseActivity=ComponentInfo{com.hyperxray.an/com.hyperxray.an.activity.MainActivity}, topActivity=ComponentInfo{com.hyperxray.an/com.hyperxray.an.activity.MainActivity}, callers=com.android.wm.shell.multitasking.miuimultiwinswitch.miuiwindowdecor.decoration.MiuiDecorationController.relayout:4 com.android.wm.shell.multitasking.miuimultiwinswitch.miuiwindowdecor.MulWinSwitchDecorViewModel.onTaskInfoChanged:18 com.android.wm.shell.multitasking.common.taskmanager.MultiTaskingTaskListener.onTaskInfoChanged:47 com.android.wm.shell.ShellTaskOrganizer.onTaskInfoChanged:129 android.window.TaskOrganizer$1.lambda$onTaskInfoChanged$6:300 
11-27 23:21:47.454 D/nativeloader(21363): Load /data/app/~~5kmoFovFs3Jgm-rvM-Ky4Q==/com.hyperxray.an-q2ieX-rtM1gpR8Qo_You0g==/lib/arm64/libhyperxray.so using class loader ns clns-10 (caller=/data/app/~~5kmoFovFs3Jgm-rvM-Ky4Q==/com.hyperxray.an-q2ieX-rtM1gpR8Qo_You0g==/base.apk!classes28.dex): ok
11-27 23:21:47.456 I/HyperVpnService(21363): Go library (hyperxray) loaded successfully
11-27 23:21:47.456 D/nativeloader(21363): Load /data/app/~~5kmoFovFs3Jgm-rvM-Ky4Q==/com.hyperxray.an-q2ieX-rtM1gpR8Qo_You0g==/lib/arm64/libhyperxray-jni.so using class loader ns clns-10 (caller=/data/app/~~5kmoFovFs3Jgm-rvM-Ky4Q==/com.hyperxray.an-q2ieX-rtM1gpR8Qo_You0g==/base.apk!classes28.dex): ok
11-27 23:21:47.456 I/HyperXray-JNI(21363): JNI_OnLoad called
11-27 23:21:47.456 I/HyperXray-JNI(21363): Loading Go library...
11-27 23:21:47.456 D/HyperXray-JNI(21363): Attempting to load: libhyperxray.so
11-27 23:21:47.456 I/HyperXray-JNI(21363): Successfully loaded: libhyperxray.so
11-27 23:21:47.456 D/HyperXray-JNI(21363): Resolving Go symbols...
11-27 23:21:47.456 D/HyperXray-JNI(21363): Found StartHyperTunnel
11-27 23:21:47.456 D/HyperXray-JNI(21363): Found StopHyperTunnel
11-27 23:21:47.456 D/HyperXray-JNI(21363): Found GetTunnelStats
11-27 23:21:47.456 D/HyperXray-JNI(21363): Found GetLastError
11-27 23:21:47.456 D/HyperXray-JNI(21363): Found NativeGeneratePublicKey
11-27 23:21:47.456 D/HyperXray-JNI(21363): Found FreeString
11-27 23:21:47.456 D/HyperXray-JNI(21363): Resolving multi-instance symbols...
11-27 23:21:47.456 D/HyperXray-JNI(21363): Found InitMultiInstanceManager
11-27 23:21:47.456 D/HyperXray-JNI(21363): Found StartMultiInstances
11-27 23:21:47.456 D/HyperXray-JNI(21363): Found StopMultiInstance
11-27 23:21:47.456 D/HyperXray-JNI(21363): Found StopAllMultiInstances
11-27 23:21:47.456 D/HyperXray-JNI(21363): Found GetMultiInstanceStatus
11-27 23:21:47.456 D/HyperXray-JNI(21363): Found GetAllMultiInstancesStatus
11-27 23:21:47.456 D/HyperXray-JNI(21363): Found GetMultiInstanceCount
11-27 23:21:47.456 D/HyperXray-JNI(21363): Found IsMultiInstanceRunning
11-27 23:21:47.456 D/HyperXray-JNI(21363): Resolving DNS symbols...
11-27 23:21:47.456 D/HyperXray-JNI(21363): Found InitDNSCache
11-27 23:21:47.456 D/HyperXray-JNI(21363): Found DNSCacheLookup
11-27 23:21:47.456 D/HyperXray-JNI(21363): Found DNSCacheLookupAll
11-27 23:21:47.456 D/HyperXray-JNI(21363): Found DNSCacheSave
11-27 23:21:47.456 D/HyperXray-JNI(21363): Found DNSCacheGetMetrics
11-27 23:21:47.456 D/HyperXray-JNI(21363): Found DNSCacheClear
11-27 23:21:47.456 D/HyperXray-JNI(21363): Found DNSCacheCleanupExpired
11-27 23:21:47.456 D/HyperXray-JNI(21363): Found StartDNSServer
11-27 23:21:47.456 D/HyperXray-JNI(21363): Found StopDNSServer
11-27 23:21:47.456 D/HyperXray-JNI(21363): Found IsDNSServerRunning
11-27 23:21:47.456 D/HyperXray-JNI(21363): Found GetDNSServerPort
11-27 23:21:47.456 D/HyperXray-JNI(21363): Found GetDNSServerStats
11-27 23:21:47.456 D/HyperXray-JNI(21363): Found DNSResolve
11-27 23:21:47.456 I/HyperXray-JNI(21363): Go library loaded successfully, all symbols resolved
11-27 23:21:47.456 I/HyperXray-JNI(21363): JNI_OnLoad completed
11-27 23:21:47.456 I/HyperVpnService(21363): JNI wrapper (hyperxray-jni) loaded successfully
11-27 23:21:47.456 D/HyperVpnService(21363): Native Library Directory: /data/app/~~5kmoFovFs3Jgm-rvM-Ky4Q==/com.hyperxray.an-q2ieX-rtM1gpR8Qo_You0g==/lib/arm64
11-27 23:21:47.461 I/DeepPolicyModel(21363): Model: hyperxray_policy v1.0.0
11-27 23:21:47.461 I/DeepPolicyModel(21363): Model: hyperxray_policy v1.0.0
11-27 23:21:47.462 D/MiuiFreeformModeController( 6013): onFocusTaskChanged taskInfo: TaskInfo{userId=0 taskId=813 effectiveUid=10570 displayId=0 isRunning=true baseIntent=Intent { act=android.intent.action.MAIN cat=[android.intent.category.LAUNCHER] flg=0x10200000 cmp=com.hyperxray.an/.activity.MainActivity } baseActivity=ComponentInfo{com.hyperxray.an/com.hyperxray.an.activity.MainActivity} topActivity=ComponentInfo{com.hyperxray.an/com.hyperxray.an.activity.MainActivity} origActivity=null realActivity=ComponentInfo{com.hyperxray.an/com.hyperxray.an.activity.MainActivity} numActivities=1 lastActiveTime=52136833 supportsSplitScreenMultiWindow=true mSoScDisplayMode=-1 supportsMultiWindow=true resizeMode=1 isResizeable=true minWidth=-1 minHeight=-1 defaultMinSize=200 token=WCT{android.window.IWindowContainerToken$Stub$Proxy@45bccfb} topActivityType=1 pictureInPictureParams=null shouldDockBigOverlays=false launchIntoPipHostTaskId=-1 lastParentTaskIdBeforePip=-1 displayCutoutSafeInsets=Rect(0, 0 - 0, 0) topActivityInfo=ActivityInfo{8acf118 com.hyperxray.an.activity.MainActivity} launchCookies=[] positionInParent=Point(0, 0) parentTaskId=-1 isFocused=true isVisible=true isVisibleRequested=true isTopActivityNoDisplay=false isSleeping=false locusId=null displayAreaFeatureId=1 isTopActivityTransparent=false isActivityStackTransparent=false lastNonFullscreenBounds=Rect(310, 779 - 891, 1979) capturedLink=null capturedLinkTimestamp=0 requestedVisibleTypes=-9 topActivityRequestOpenInBrowserEducationTimestamp=0 appCompatTaskInfo=AppCompatTaskInfo { topActivityInSizeCompat=false eligibleForLetterboxEducation= false topActivityInMiuiSizeCompat=false isLetterboxEducationEnabled= false isLetterboxDoubleTapEnabled= false eligibleForUserAspectRatioButton= false topActivityBoundsLetterboxed= false isFromLetterboxDoubleTap= false topActivityLetterboxVerticalPosition= -1 topActivityLetterboxHorizontalPosition= -1 topActivityLetterboxWidth=-1 topActivityLetterboxHeight=-1 topActivityAppBounds=Rect(0, 0 - 1200, 2670) isUserFullscreenOverrideEnabled=false isSystemFullscreenOverrideEnabled=false hasMinAspectRatioOverride=false topActivityLetterboxBounds=null cameraCompatTaskInfo=CameraCompatTaskInfo { freeformCameraCompatMode=inactive}} isImmersive=false mTopActivityRequestOrientation=-1 mStatusBarParent=Surface(name=StatusBar Container of Task = 813#21041)/@0x7c06a39 mNavBarParent=Surface(name=NavigationBar Container of Task = 813#21039)/@0xe60c87e mBehindAppLockPkg=null mOriginatingUid=0 isEmbedded=false shouldBeVisible=true isCreatedByOrganizer=false mIsCastMode=false mTopActivityMediaSize=null mTopActivityRecordName=ActivityRecord{39673125 u0 com.hyperxray.an/.activity.MainActivity t813} mTopActivityOrientation=-1 topActivityMainWindowFrame=null}
11-27 23:21:47.462 D/ActivityTaskManager( 3688):  setSkipCaptureLayers tr: Task{1998cab #813 type=standard I=com.hyperxray.an/.activity.MainActivity}
11-27 23:21:47.462 W/FastPrintWriter( 3688): 	at libcore.io.Linux.writeBytes(Native Method)
11-27 23:21:47.464 I/AppInitializer(21363):  HyperXray AI Optimizer ready
11-27 23:21:47.464 I/AppInitializer(21363):  HyperXray AI Optimizer ready
11-27 23:21:47.464 I/ModelDeploymentSummary(21363):   HYPERXRAY-AI OPTIMIZER - ARCHITECTURE SUMMARY
11-27 23:21:47.464 I/ModelDeploymentSummary(21363):       Location: com.hyperxray.an.telemetry            
11-27 23:21:47.464 I/ModelDeploymentSummary(21363):       Location: com.hyperxray.an.telemetry            
11-27 23:21:47.464 I/ModelDeploymentSummary(21363):       Location: com.hyperxray.an.telemetry            
11-27 23:21:47.465 I/ModelDeploymentSummary(21363):       Location: com.hyperxray.an.telemetry            
11-27 23:21:47.465 I/ModelDeploymentSummary(21363):    5. HyperXrayApplication                            
11-27 23:21:47.465 I/ModelDeploymentSummary(21363):       Location: com.hyperxray.an                      
11-27 23:21:47.465 I/ModelDeploymentSummary(21363):    Model File: models/hyperxray_policy.onnx           
11-27 23:21:47.465 I/ModelDeploymentSummary(21363):   1. App starts  HyperXrayApplication.onCreate()
11-27 23:21:47.465 I/ModelDeploymentSummary(21363):   8. Console log: 'HyperXray AI Optimizer ready'
11-27 23:21:47.465 I/ModelDeploymentSummary(21363):    Console log: 'HyperXray AI Optimizer ready'
11-27 23:21:47.465 I/ModelDeploymentSummary(21363):    HYPERXRAY-AI OPTIMIZER DEPLOYMENT COMPLETE
11-27 23:21:47.467 I/ModelDeploymentSummary(21363):   The HyperXray AI Optimizer is now ready for production use.
11-27 23:21:47.478 I/om.hyperxray.an(21363): hiddenapi: Accessing hidden method Landroid/os/SystemProperties;->addChangeCallback(Ljava/lang/Runnable;)V (runtime_flags=0, domain=platform, api=unsupported) from Landroidx/compose/ui/platform/AndroidComposeView$Companion; (domain=app) using reflection: allowed
11-27 23:21:47.482 E/HyperSentinel( 3688): ->pid:21363,processName:"com.hyperxray.an",Rss Memory Size Change 274444kb -> 352672kb
11-27 23:21:47.482 D/ConfigRepository(21363): Loading configs from: /data/user/0/com.hyperxray.an/files
11-27 23:21:47.482 D/ConfigRepository(21363):  LOAD CONFIGS: Loading from directory: /data/user/0/com.hyperxray.an/files
11-27 23:21:47.482 D/ConfigRepository(21363):  LOAD CONFIGS: Found 4 config files: [yetergari-absolute-max-simple.json, warp-account.json, xray_reality_policy_v10.json, xray_config_runtime.json]
11-27 23:21:47.486 D/ConfigRepository(21363):  LOAD CONFIGS: Saved order has 4 files: [yetergari-absolute-max-simple.json, warp-account.json, xray_reality_policy_v10.json, xray_config_runtime.json]
11-27 23:21:47.486 D/ConfigRepository(21363): Final config order has 4 files: [yetergari-absolute-max-simple.json, warp-account.json, xray_reality_policy_v10.json, xray_config_runtime.json]
11-27 23:21:47.486 D/ConfigRepository(21363):  LOAD CONFIGS: Final order has 4 files: [yetergari-absolute-max-simple.json, warp-account.json, xray_reality_policy_v10.json, xray_config_runtime.json]
11-27 23:21:47.489 D/ConfigRepository(21363): Looking for selected config: /data/user/0/com.hyperxray.an/files/yetergari-absolute-max-simple.json
11-27 23:21:47.489 D/ConfigRepository(21363):  LOAD CONFIGS: Looking for selected config: /data/user/0/com.hyperxray.an/files/yetergari-absolute-max-simple.json
11-27 23:21:47.515 D/LogFileManager(21363): Log file path: /data/user/0/com.hyperxray.an/files/app_log.txt
11-27 23:21:47.539 D/ConnectivityService( 3688): requestNetwork for uid/pid:10570/21363 activeRequest: null callbackRequest: 6673 [NetworkRequest [ REQUEST id=6674, [ Capabilities: INTERNET&NOT_RESTRICTED&TRUSTED&NOT_VCN_MANAGED&NOT_BANDWIDTH_CONSTRAINED Uid: 10570 RequestorUid: 10570 RequestorPkg: com.hyperxray.an UnderlyingNetworks: Null] ]] callback flags: 0 order: 2147483647 isUidTracked: false declaredMethods: AVAIL|LOST|NC
11-27 23:21:47.541 D/WifiNetworkFactory( 3688): got request NetworkRequest [ REQUEST id=6674, [ Capabilities: INTERNET&NOT_RESTRICTED&TRUSTED&NOT_VCN_MANAGED&NOT_BANDWIDTH_CONSTRAINED Uid: 10570 RequestorUid: 10570 RequestorPkg: com.hyperxray.an UnderlyingNetworks: Null] ]
11-27 23:21:47.541 D/UntrustedWifiNetworkFactory( 3688): got request NetworkRequest [ REQUEST id=6674, [ Capabilities: INTERNET&NOT_RESTRICTED&TRUSTED&NOT_VCN_MANAGED&NOT_BANDWIDTH_CONSTRAINED Uid: 10570 RequestorUid: 10570 RequestorPkg: com.hyperxray.an UnderlyingNetworks: Null] ]
11-27 23:21:47.542 D/OemPaidWifiNetworkFactory( 3688): got request NetworkRequest [ REQUEST id=6674, [ Capabilities: INTERNET&NOT_RESTRICTED&TRUSTED&NOT_VCN_MANAGED&NOT_BANDWIDTH_CONSTRAINED Uid: 10570 RequestorUid: 10570 RequestorPkg: com.hyperxray.an UnderlyingNetworks: Null] ]
11-27 23:21:47.542 D/MultiInternetWifiNetworkFactory( 3688): got request NetworkRequest [ REQUEST id=6674, [ Capabilities: INTERNET&NOT_RESTRICTED&TRUSTED&NOT_VCN_MANAGED&NOT_BANDWIDTH_CONSTRAINED Uid: 10570 RequestorUid: 10570 RequestorPkg: com.hyperxray.an UnderlyingNetworks: Null] ]
11-27 23:21:47.580 I/WM-WorkerWrapper(21363): Work [ id=b5d4ead0-9aed-47d7-9c9e-73b9d0e14eb4, tags={ com.hyperxray.an.optimizer.RealityWorker } ] was cancelled
11-27 23:21:47.583 I/HeavyPackageIdentify(16020): splitMode: false, splitPackages: null, foregroundPkg: com.hyperxray.an
11-27 23:21:47.594 D/BarFollowAnimation( 3688): pairAppearanceRegionAndWin win=Window{3a95a49 u0 Splash Screen com.hyperxray.an} 0
11-27 23:21:47.594 D/BarFollowAnimation( 3688): isAppTaskBarOnTop win:Window{3a95a49 u0 Splash Screen com.hyperxray.an} (mCurrentTopTask:Task{1998cab #813 type=standard I=com.hyperxray.an/.activity.MainActivity} : true); (mAssociatedTask:Task{1998cab #813 type=standard I=com.hyperxray.an/.activity.MainActivity} : true); (mHomeTask:Task{c7eba92 #1 type=home} : false); mReparentToOriginParent:false mLastAppBarVisible:true mLastHomeBarVisible:false
11-27 23:21:47.595 D/BarFollowAnimation( 3688): isAppTaskBarOnTop win:Window{1413bc6 u0 com.hyperxray.an/com.hyperxray.an.activity.MainActivity} (mCurrentTopTask:Task{1998cab #813 type=standard I=com.hyperxray.an/.activity.MainActivity} : true); (mAssociatedTask:Task{1998cab #813 type=standard I=com.hyperxray.an/.activity.MainActivity} : true); (mHomeTask:Task{c7eba92 #1 type=home} : false); mReparentToOriginParent:false mLastAppBarVisible:true mLastHomeBarVisible:false
11-27 23:21:47.595 D/WindowManager( 3688): wms.Input focus has changed to Window{1413bc6 u0 com.hyperxray.an/com.hyperxray.an.activity.MainActivity} display=0 updateInputWindows = true
11-27 23:21:47.595 I/WindowManager( 3688): Allow fixed rotation for not collecting:ActivityRecord{39673125 u0 com.hyperxray.an/.activity.MainActivity t813}
11-27 23:21:47.606 D/TransitionCallback( 5385): 	at java.lang.reflect.Method.invoke(Native Method)
11-27 23:21:47.607 I/LaunchAppAndBackHomeAnimTarget( 5385): resetShortcutIcon, icon=com.miui.home.launcher.ShortcutIcon{aa57234 VFED..CL. ........ 600,855-882,1140}(HyperXray)
11-27 23:21:47.607 I/LaunchAppAndBackHomeAnimTarget( 5385): resetShortcutIcon, icon=com.miui.home.launcher.ShortcutIcon{aa57234 VFED..CL. ......ID 600,855-882,1140}(HyperXray)
11-27 23:21:47.609 I/TransitionImpl( 3688): finishTransition: updateLastSurfacePosition tf=Task{1998cab #813 type=standard I=com.hyperxray.an/.activity.MainActivity}
11-27 23:21:47.609 D/BarFollowAnimation( 3688): checkBarStatus mReparentToOriginParent:false hasTopFullAppTask:true mHomeTask:Task{c7eba92 #1 type=home} mCurrentTopTask: Task{1998cab #813 type=standard I=com.hyperxray.an/.activity.MainActivity} mAssociatedTask: Task{1998cab #813 type=standard I=com.hyperxray.an/.activity.MainActivity} homeTaskonTop:false mLastAppBarVisible:true mLastHomeBarVisible:false isInSplitScreen:false
11-27 23:21:47.610 D/BarFollowAnimation( 3688):  showAppNavBar  packageName = com.hyperxray.an mHasHideAppSurface = false mIsKeyguardGoingAway = false mNavBarState = -1
11-27 23:21:47.610 D/BarFollowAnimation( 3688): calculateAppSurface: task=Task{1998cab #813 type=standard I=com.hyperxray.an/.activity.MainActivity} appSurface=Surface(name=NavigationBar Container of Task = 813#21039)/@0x4624887
11-27 23:21:47.612 D/BarFollowAnimation( 3688): pairAppearanceRegionAndWin win=Window{3a95a49 u0 Splash Screen com.hyperxray.an} 0
11-27 23:21:47.612 D/BarFollowAnimation( 3688): isAppTaskBarOnTop win:Window{1413bc6 u0 com.hyperxray.an/com.hyperxray.an.activity.MainActivity} (mCurrentTopTask:Task{1998cab #813 type=standard I=com.hyperxray.an/.activity.MainActivity} : true); (mAssociatedTask:Task{1998cab #813 type=standard I=com.hyperxray.an/.activity.MainActivity} : true); (mHomeTask:Task{c7eba92 #1 type=home} : false); mReparentToOriginParent:false mLastAppBarVisible:true mLastHomeBarVisible:false
11-27 23:21:47.617 D/BarFollowAnimation( 3688): pairAppearanceRegionAndWin win=Window{3a95a49 u0 Splash Screen com.hyperxray.an} 0
11-27 23:21:47.617 D/BarFollowAnimation( 3688): isAppTaskBarOnTop win:Window{1413bc6 u0 com.hyperxray.an/com.hyperxray.an.activity.MainActivity} (mCurrentTopTask:Task{1998cab #813 type=standard I=com.hyperxray.an/.activity.MainActivity} : true); (mAssociatedTask:Task{1998cab #813 type=standard I=com.hyperxray.an/.activity.MainActivity} : true); (mHomeTask:Task{c7eba92 #1 type=home} : false); mReparentToOriginParent:false mLastAppBarVisible:true mLastHomeBarVisible:false
11-27 23:21:47.617 I/WindowManager( 3688): Allow fixed rotation for not collecting:ActivityRecord{39673125 u0 com.hyperxray.an/.activity.MainActivity t813}
11-27 23:21:47.618 D/BarFollowAnimation( 3688): pairAppearanceRegionAndWin win=Window{3a95a49 u0 Splash Screen com.hyperxray.an} 0
11-27 23:21:47.618 D/BarFollowAnimation( 3688): isAppTaskBarOnTop win:Window{1413bc6 u0 com.hyperxray.an/com.hyperxray.an.activity.MainActivity} (mCurrentTopTask:Task{1998cab #813 type=standard I=com.hyperxray.an/.activity.MainActivity} : true); (mAssociatedTask:Task{1998cab #813 type=standard I=com.hyperxray.an/.activity.MainActivity} : true); (mHomeTask:Task{c7eba92 #1 type=home} : false); mReparentToOriginParent:false mLastAppBarVisible:true mLastHomeBarVisible:false
11-27 23:21:47.619 I/WindowManager( 3688): Allow fixed rotation for not collecting:ActivityRecord{39673125 u0 com.hyperxray.an/.activity.MainActivity t813}
11-27 23:21:47.620 D/BarFollowAnimation( 3688): pairAppearanceRegionAndWin win=Window{3a95a49 u0 Splash Screen com.hyperxray.an} 0
11-27 23:21:47.620 D/BarFollowAnimation( 3688): isAppTaskBarOnTop win:Window{1413bc6 u0 com.hyperxray.an/com.hyperxray.an.activity.MainActivity} (mCurrentTopTask:Task{1998cab #813 type=standard I=com.hyperxray.an/.activity.MainActivity} : true); (mAssociatedTask:Task{1998cab #813 type=standard I=com.hyperxray.an/.activity.MainActivity} : true); (mHomeTask:Task{c7eba92 #1 type=home} : false); mReparentToOriginParent:false mLastAppBarVisible:true mLastHomeBarVisible:false
11-27 23:21:47.620 I/WindowManager( 3688): Allow fixed rotation for not collecting:ActivityRecord{39673125 u0 com.hyperxray.an/.activity.MainActivity t813}
11-27 23:21:47.621 D/BarFollowAnimation( 3688): pairAppearanceRegionAndWin win=Window{3a95a49 u0 Splash Screen com.hyperxray.an} 0
11-27 23:21:47.621 D/BarFollowAnimation( 3688): isAppTaskBarOnTop win:Window{1413bc6 u0 com.hyperxray.an/com.hyperxray.an.activity.MainActivity} (mCurrentTopTask:Task{1998cab #813 type=standard I=com.hyperxray.an/.activity.MainActivity} : true); (mAssociatedTask:Task{1998cab #813 type=standard I=com.hyperxray.an/.activity.MainActivity} : true); (mHomeTask:Task{c7eba92 #1 type=home} : false); mReparentToOriginParent:false mLastAppBarVisible:true mLastHomeBarVisible:false
11-27 23:21:47.621 I/WindowManager( 3688): Allow fixed rotation for not collecting:ActivityRecord{39673125 u0 com.hyperxray.an/.activity.MainActivity t813}
11-27 23:21:47.624 D/WindowManager( 3688): wms.finishDrawingLocked: mDrawState=COMMIT_DRAW_PENDING Window{1413bc6 u0 com.hyperxray.an/com.hyperxray.an.activity.MainActivity} in Surface(name=com.hyperxray.an/com.hyperxray.an.activity.MainActivity#21062)/@0x4059880
11-27 23:21:47.624 D/BarFollowAnimation( 3688): pairAppearanceRegionAndWin win=Window{3a95a49 u0 Splash Screen com.hyperxray.an} 0
11-27 23:21:47.624 D/BarFollowAnimation( 3688): isAppTaskBarOnTop win:Window{1413bc6 u0 com.hyperxray.an/com.hyperxray.an.activity.MainActivity} (mCurrentTopTask:Task{1998cab #813 type=standard I=com.hyperxray.an/.activity.MainActivity} : true); (mAssociatedTask:Task{1998cab #813 type=standard I=com.hyperxray.an/.activity.MainActivity} : true); (mHomeTask:Task{c7eba92 #1 type=home} : false); mReparentToOriginParent:false mLastAppBarVisible:true mLastHomeBarVisible:false
11-27 23:21:47.624 D/WindowManager( 3688): wms.commitFinishDrawingLocked: mDrawState=READY_TO_SHOW Window{1413bc6 u0 com.hyperxray.an/com.hyperxray.an.activity.MainActivity} in Surface(name=com.hyperxray.an/com.hyperxray.an.activity.MainActivity#21062)/@0x4059880
11-27 23:21:47.624 I/WindowManager( 3688): onFirstWindowDrawn, try to remove startingWindow. ar: ActivityRecord{39673125 u0 com.hyperxray.an/.activity.MainActivity t813}  associatedTask: null  isMainWindow: true  startingWindow: Window{3a95a49 u0 Splash Screen com.hyperxray.an}  startingData: SplashScreenStartingData{33b0bdd removeAfterTransaction= 0}
11-27 23:21:47.625 W/TaskSnapshot_CInjector( 3688): doSnapshotQS()...ago! activity=com.hyperxray.an/.activity.MainActivity, state=RESUMED, lastVisibleTime=0
11-27 23:21:47.625 I/SmartPower( 3688): Miui monitor launch : com.hyperxray.an/.activity.MainActivity  transitionTime:24  launchTime:533  launchFrom:com.miui.home  launchType:1
11-27 23:21:47.625 I/Perf[AppStartScene]( 3688): onSceneChangeNotify:Bundle[{renderThreadId=7430, pid=21363, uid=10570, name=com.hyperxray.an.activity.MainActivity, type=1, begin=false, state=1, processName=com.hyperxray.an, packageName=com.hyperxray.an}]
11-27 23:21:47.626 D/BarFollowAnimation( 3688): pairAppearanceRegionAndWin win=Window{3a95a49 u0 Splash Screen com.hyperxray.an} 0
11-27 23:21:47.626 D/BarFollowAnimation( 3688): isAppTaskBarOnTop win:Window{1413bc6 u0 com.hyperxray.an/com.hyperxray.an.activity.MainActivity} (mCurrentTopTask:Task{1998cab #813 type=standard I=com.hyperxray.an/.activity.MainActivity} : true); (mAssociatedTask:Task{1998cab #813 type=standard I=com.hyperxray.an/.activity.MainActivity} : true); (mHomeTask:Task{c7eba92 #1 type=home} : false); mReparentToOriginParent:false mLastAppBarVisible:true mLastHomeBarVisible:false
11-27 23:21:47.627 I/WindowManager( 3688): wms.showSurfaceRobustly mWin:Window{1413bc6 u0 com.hyperxray.an/com.hyperxray.an.activity.MainActivity} in Surface(name=com.hyperxray.an/com.hyperxray.an.activity.MainActivity#21062)/@0x4059880
11-27 23:21:47.628 D/CoreBackPreview( 3688): Window{3a95a49 u0 Splash Screen com.hyperxray.an}: Setting back callback null
11-27 23:21:47.629 D/WindowManager( 3688): Starting window removed Window{3a95a49 u0 Splash Screen com.hyperxray.an}
11-27 23:21:47.629 I/ActivityTaskManager( 3688): Displayed com.hyperxray.an/.activity.MainActivity for user 0: +533ms
11-27 23:21:47.629 W/AppCompatLetterboxPolicy( 3688): start not layout letterbox Window{3a95a49 u0 Splash Screen com.hyperxray.an EXITING}
11-27 23:21:47.629 D/BarFollowAnimation( 3688): pairAppearanceRegionAndWin win=Window{3a95a49 u0 Splash Screen com.hyperxray.an EXITING} 0
11-27 23:21:47.629 D/BarFollowAnimation( 3688): isAppTaskBarOnTop win:Window{1413bc6 u0 com.hyperxray.an/com.hyperxray.an.activity.MainActivity} (mCurrentTopTask:Task{1998cab #813 type=standard I=com.hyperxray.an/.activity.MainActivity} : true); (mAssociatedTask:Task{1998cab #813 type=standard I=com.hyperxray.an/.activity.MainActivity} : true); (mHomeTask:Task{c7eba92 #1 type=home} : false); mReparentToOriginParent:false mLastAppBarVisible:true mLastHomeBarVisible:false
11-27 23:21:47.630 D/BarFollowAnimation( 3688): pairAppearanceRegionAndWin win=Window{3a95a49 u0 Splash Screen com.hyperxray.an EXITING} 0
11-27 23:21:47.630 D/BarFollowAnimation( 3688): isAppTaskBarOnTop win:Window{1413bc6 u0 com.hyperxray.an/com.hyperxray.an.activity.MainActivity} (mCurrentTopTask:Task{1998cab #813 type=standard I=com.hyperxray.an/.activity.MainActivity} : true); (mAssociatedTask:Task{1998cab #813 type=standard I=com.hyperxray.an/.activity.MainActivity} : true); (mHomeTask:Task{c7eba92 #1 type=home} : false); mReparentToOriginParent:false mLastAppBarVisible:true mLastHomeBarVisible:false
11-27 23:21:47.643 W/ActivityManager( 3688): 	at libcore.io.Linux.open(Native Method)
11-27 23:21:47.725 I/om.hyperxray.an(21363): Compiler allocated 6344KB to compile void android.view.ViewRootImpl.performTraversals()
11-27 23:21:47.760 D/BroadcastQueue( 3688): Logging broadcast for com.hyperxray.an, stopped=false, firstLaunch=false
11-27 23:21:47.792 I/WindowManager( 3688): StartingWindow exit animation finished, win = Window{3a95a49 u0 Splash Screen com.hyperxray.an EXITING} remove = true
11-27 23:21:47.792 I/WindowManager( 3688): wms.hideSurface mWin:Window{3a95a49 u0 Splash Screen com.hyperxray.an EXITING} reason:(onExitAnimationDone) in Surface(name=Splash Screen com.hyperxray.an#21043)/@0x952a25a
11-27 23:21:47.792 D/WindowManager( 3688): postWindowRemoveCleanupLocked: Removing startingWindow Window{3a95a49 u0 Splash Screen com.hyperxray.an} from ActivityRecord{39673125 u0 com.hyperxray.an/.activity.MainActivity t813} activity = ActivityRecord{39673125 u0 com.hyperxray.an/.activity.MainActivity t813}
11-27 23:21:47.792 D/BarFollowAnimation( 3688): pairAppearanceRegionAndWin win=Window{1413bc6 u0 com.hyperxray.an/com.hyperxray.an.activity.MainActivity} 0
11-27 23:21:47.792 D/BarFollowAnimation( 3688): isAppTaskBarOnTop win:Window{1413bc6 u0 com.hyperxray.an/com.hyperxray.an.activity.MainActivity} (mCurrentTopTask:Task{1998cab #813 type=standard I=com.hyperxray.an/.activity.MainActivity} : true); (mAssociatedTask:Task{1998cab #813 type=standard I=com.hyperxray.an/.activity.MainActivity} : true); (mHomeTask:Task{c7eba92 #1 type=home} : false); mReparentToOriginParent:false mLastAppBarVisible:true mLastHomeBarVisible:false
11-27 23:21:47.801 D/BarFollowAnimation( 3688): pairAppearanceRegionAndWin win=Window{1413bc6 u0 com.hyperxray.an/com.hyperxray.an.activity.MainActivity} 0
11-27 23:21:47.801 D/BarFollowAnimation( 3688): isAppTaskBarOnTop win:Window{1413bc6 u0 com.hyperxray.an/com.hyperxray.an.activity.MainActivity} (mCurrentTopTask:Task{1998cab #813 type=standard I=com.hyperxray.an/.activity.MainActivity} : true); (mAssociatedTask:Task{1998cab #813 type=standard I=com.hyperxray.an/.activity.MainActivity} : true); (mHomeTask:Task{c7eba92 #1 type=home} : false); mReparentToOriginParent:false mLastAppBarVisible:true mLastHomeBarVisible:false
11-27 23:21:47.805 I/ImeTracker( 3688): com.hyperxray.an:68a2df99: onRequestHide at ORIGIN_SERVER reason HIDE_UNSPECIFIED_WINDOW fromUser false
11-27 23:21:47.805 W/Bundle  (21363): 	at com.hyperxray.an.core.service.ServiceEventObserver$logUpdateReceiver$1.onReceive(ServiceEventObserver.kt:108)
11-27 23:21:47.805 W/Bundle  (21363): 	at java.lang.reflect.Method.invoke(Native Method)
11-27 23:21:47.808 I/GoogleInputMethodService(10886): GoogleInputMethodService.onStartInput():1347 onStartInput(EditorInfo{EditorInfo{packageName=com.hyperxray.an, inputType=0, inputTypeString=NULL, enableLearning=false, autoCorrection=false, autoComplete=false, imeOptions=0, privateImeOptions=null, actionName=UNSPECIFIED, actionLabel=null, initialSelStart=-1, initialSelEnd=-1, initialCapsMode=0, label=null, fieldId=0, fieldName=null, extras=Bundle[mParcelledData.dataSize=72], hintText=null, hintLocales=[]}}, false)
11-27 23:21:47.808 D/BarFollowAnimation( 3688): pairAppearanceRegionAndWin win=Window{1413bc6 u0 com.hyperxray.an/com.hyperxray.an.activity.MainActivity} 0
11-27 23:21:47.808 W/PackageConfigPersister( 3688): App-specific configuration not found for packageName: com.hyperxray.an and userId: 0
11-27 23:21:47.809 D/BarFollowAnimation( 3688): isAppTaskBarOnTop win:Window{1413bc6 u0 com.hyperxray.an/com.hyperxray.an.activity.MainActivity} (mCurrentTopTask:Task{1998cab #813 type=standard I=com.hyperxray.an/.activity.MainActivity} : true); (mAssociatedTask:Task{1998cab #813 type=standard I=com.hyperxray.an/.activity.MainActivity} : true); (mHomeTask:Task{c7eba92 #1 type=home} : false); mReparentToOriginParent:false mLastAppBarVisible:true mLastHomeBarVisible:false
11-27 23:21:47.819 I/ImeTracker(21363): com.hyperxray.an:68a2df99: onCancelled at PHASE_CLIENT_ALREADY_HIDDEN
11-27 23:21:47.822 I/RealityAdvisor(21363): Written policy to /data/user/0/com.hyperxray.an/files/xray_config/xray_runtime_policy_v5.json
11-27 23:21:47.823 I/RealityAdvisor(21363): Written profile to /data/user/0/com.hyperxray.an/files/xray_config/xray_reality_profile_v5.json
11-27 23:21:47.823 D/TlsRuntimeWorker(21363): Xray reload triggered (placeholder)
11-27 23:21:47.823 D/RealityWorker(21363): Rebuilt policy JSON: /data/user/0/com.hyperxray.an/files/xray_reality_policy_v10.json with 8 entries
11-27 23:21:47.824 D/RealityWorker(21363): Sent REALITY_RELOAD broadcast to Xray
11-27 23:21:47.825 I/WM-WorkerWrapper(21363): Worker result SUCCESS for Work [ id=a07a97ad-c6d1-4cac-8239-ed0c91625410, tags={ com.hyperxray.an.workers.TlsRuntimeWorker } ]
11-27 23:21:47.826 I/RealityAdvisor(21363): Written policy to /data/user/0/com.hyperxray.an/files/xray_config/xray_runtime_policy_v5.json
11-27 23:21:47.827 I/RealityAdvisor(21363): Written profile to /data/user/0/com.hyperxray.an/files/xray_config/xray_reality_profile_v5.json
11-27 23:21:47.827 D/TlsRuntimeWorker(21363): Xray reload triggered (placeholder)
11-27 23:21:47.828 I/WM-WorkerWrapper(21363): Worker result SUCCESS for Work [ id=1fffbf8c-3f0c-4876-a61e-fef1c520cda2, tags={ com.hyperxray.an.optimizer.RealityWorker } ]
11-27 23:21:47.829 I/WM-WorkerWrapper(21363): Worker result SUCCESS for Work [ id=45796727-b1fe-4f49-ba83-201494412b8d, tags={ com.hyperxray.an.workers.TlsRuntimeWorker } ]
11-27 23:21:47.843 E/ActivityManagerWrapper( 5385):  mainTaskId=813   userId=0   windowMode=1   isExcludedFromRecents=false   baseIntent=Intent { act=android.intent.action.MAIN flag=270532608 cmp=ComponentInfo{com.hyperxray.an/com.hyperxray.an.activity.MainActivity} }
11-27 23:21:47.843 D/RecentsTaskLoader( 5385): reloadTasksData [TaskKey{id=813, stackId=0, baseIntent=Intent { act=android.intent.action.MAIN cat=[android.intent.category.LAUNCHER] flg=0x10200000 cmp=com.hyperxray.an/.activity.MainActivity }, userId=0, lastActiveTime=52136833, windowingMode=1, isThumbnailBlur=false, isAccessLocked=false, isScreening=false, topActivity=ComponentInfo{com.hyperxray.an/com.hyperxray.an.activity.MainActivity}, mHashCode=25143635}, title=HyperXray, titleDescription=HyperXray, bounds=null, isLaunchTarget=false, isStackTask=true, isSystemApp=false, isDockable=true, baseActivity=ComponentInfo{com.hyperxray.an/com.hyperxray.an.activity.MainActivity}, isLocked=false, mNeedHide=false, hasMultipleTasks=false, cti1Key=, cti2Key=] 
11-27 23:21:47.874 W/TaskSnapshot_CInjector( 3688): isTop()...current=com.hyperxray.an/.activity.MainActivity, topActivity=com.hyperxray.an/.activity.MainActivity
11-27 23:21:48.141 D/AppPredictionTag( 5385): dataChanged[com.hyperxray.an,UserHandle{0},0];[com.android.chrome,UserHandle{0},231];[org.zwanoo.android.speedtest,UserHandle{0},595];[com.radolyn.ayugram,UserHandle{0},712];[com.tmob.AveaOIM,UserHandle{0},792];[com.facebook.katana,UserHandle{0},846];[com.lagradost.cloudstream3.prerelease,UserHandle{0},891];[com.google.android.dialer,UserHandle{0},897];[com.ttech.android.onlineislem,UserHandle{0},923];
11-27 23:21:48.142 D/AppPredictionTag( 5385): rankData[HyperXray,UserHandle{0}];[Brave - Beta,UserHandle{0}];[Speedtest,UserHandle{0}];[AyuGram,UserHandle{0}];[Trk Telekom,UserHandle{0}];[Facebook,UserHandle{0}];[CloudStream,UserHandle{0}];[Telefon,UserHandle{0}];
11-27 23:21:48.209 I/MIUIInput( 3688): [MotionEvent] publisher action=0x0, deviceId=8, 47718961, channel '1413bc6 com.hyperxray.an/com.hyperxray.an.activity.MainActivity'
11-27 23:21:48.214 I/MIUIInput(21363): [MotionEvent] ViewRootImpl windowName 'com.hyperxray.an/com.hyperxray.an.activity.MainActivity', { action=ACTION_DOWN, id[0]=0, pointerCount=1, eventTime=47718961, downTime=47718961, phoneEventTime=23:21:48.208 } moveCount:0
11-27 23:21:48.274 I/MIUIInput( 3688): [MotionEvent] publisher action=0x1, deviceId=8, 47719027, channel '1413bc6 com.hyperxray.an/com.hyperxray.an.activity.MainActivity'
