11-27 23:23:42.126 E/HyperXray-Bridge( 7518): [XrayBind] Send error: io: read/write on closed pipe
11-27 23:23:42.126 E/HyperXray-Bridge( 7518): [WireGuard] peer(bmXO…fgyo) - Failed to send handshake initiation: io: read/write on closed pipe
11-27 23:23:42.401 D/XrayStatsManager(21363): Active instances provider is null, using single instance mode
11-27 23:23:42.402 D/XrayStatsManager(21363): Using single instance mode (apiPort: 65276)
11-27 23:23:42.406 D/XrayStatsManager(21363): Created new CoreStatsClient
11-27 23:23:42.414 W/CoreStatsClient(21363): GetSysStats RPC unavailable - Xray-core may not be ready
11-27 23:23:42.415 W/XrayStatsManager(21363): Stats query failed (timeout/exception/disabled)
11-27 23:23:44.416 D/XrayStatsManager(21363): Active instances provider is null, using single instance mode
11-27 23:23:44.417 D/XrayStatsManager(21363): Using single instance mode (apiPort: 65276)
11-27 23:23:44.419 W/XrayStatsManager(21363): Stats query failed (timeout/exception/disabled)
11-27 23:23:45.334 D/HyperXray-JNI( 7518): getTunnelStats called
11-27 23:23:45.335 D/HyperVpnService( 7518): 📊 Tunnel stats JSON: {"connected":true,"txBytes":2516,"rxBytes":0,"txPackets":17,"rxPackets":0,"lastHandshake":0,"endpoint":"162.159.192.1:2408","uptime":115000}
11-27 23:23:45.337 D/HyperVpnService( 7518): 📊 Tunnel stats - connected: true, txBytes: 2516, rxBytes: 0, txPackets: 17, rxPackets: 0, lastHandshake: 0
11-27 23:23:46.420 D/XrayStatsManager(21363): Active instances provider is null, using single instance mode
11-27 23:23:46.421 D/XrayStatsManager(21363): Using single instance mode (apiPort: 65276)
11-27 23:23:46.423 W/XrayStatsManager(21363): Stats query failed (timeout/exception/disabled)
11-27 23:23:46.423 W/XrayStatsManager(21363): Multiple consecutive failures (3), closing client
11-27 23:23:47.163 D/HyperXray-Bridge( 7518): [WireGuard] peer(bmXO…fgyo) - Sending handshake initiation
11-27 23:23:47.165 E/HyperXray-Bridge( 7518): [XrayUDP] Write error: io: read/write on closed pipe
11-27 23:23:47.165 E/HyperXray-Bridge( 7518): [XrayBind] Send error: io: read/write on closed pipe
11-27 23:23:47.165 E/HyperXray-Bridge( 7518): [WireGuard] peer(bmXO…fgyo) - Failed to send handshake initiation: io: read/write on closed pipe
11-27 23:23:48.425 D/XrayStatsManager(21363): Active instances provider is null, using single instance mode
11-27 23:23:48.426 D/XrayStatsManager(21363): Using single instance mode (apiPort: 65276)
11-27 23:23:48.426 D/XrayStatsManager(21363): Client recreation cooldown active, 2997ms remaining
11-27 23:23:48.426 W/XrayStatsManager(21363): CoreStatsClient is null, cannot update stats - will retry on next call
11-27 23:23:48.900 D/HyperVpnService( 7518): Heartbeat - VPN running for 118s
11-27 23:23:49.963 W/PushService(12087): [Tid:552] update the connection status. connecting -> disconnected : ERROR_NETWORK_FAILED 
11-27 23:23:49.972 W/PushService(12087): [Tid:552] update the connection status. disconnected -> connecting : ERROR_OK 
11-27 23:23:50.102 D/HyperXray-Bridge( 7518): [Stats] TX: 2516 bytes, RX: 0 bytes, Handshake: 0
11-27 23:23:50.345 D/HyperXray-JNI( 7518): getTunnelStats called
11-27 23:23:50.345 D/HyperVpnService( 7518): 📊 Tunnel stats JSON: {"connected":true,"txBytes":2516,"rxBytes":0,"txPackets":17,"rxPackets":0,"lastHandshake":0,"endpoint":"162.159.192.1:2408","uptime":120001}
11-27 23:23:50.348 D/HyperVpnService( 7518): 📊 Tunnel stats - connected: true, txBytes: 2516, rxBytes: 0, txPackets: 17, rxPackets: 0, lastHandshake: 0
11-27 23:23:50.427 D/XrayStatsManager(21363): Active instances provider is null, using single instance mode
11-27 23:23:50.427 D/XrayStatsManager(21363): Using single instance mode (apiPort: 65276)
11-27 23:23:50.427 D/XrayStatsManager(21363): Client recreation cooldown active, 996ms remaining
11-27 23:23:50.427 W/XrayStatsManager(21363): CoreStatsClient is null, cannot update stats - will retry on next call
11-27 23:23:51.108 D/HyperXray-Bridge( 7518): [WireGuard] Failed to receive makeReceiveFunc packet: read timeout
11-27 23:23:51.321 D/MiSightJni( 5949): MiSight: Java_com_miui_misight_MiSight_nativeSendEvent enter called. '{"rsrpValue":-106}'
11-27 23:23:52.284 D/HyperXray-Bridge( 7518): [WireGuard] peer(bmXO…fgyo) - Handshake did not complete after 5 seconds, retrying (try 2)
11-27 23:23:52.284 D/HyperXray-Bridge( 7518): [WireGuard] peer(bmXO…fgyo) - Sending handshake initiation
11-27 23:23:52.286 E/HyperXray-Bridge( 7518): [XrayUDP] Write error: io: read/write on closed pipe
11-27 23:23:52.286 E/HyperXray-Bridge( 7518): [XrayBind] Send error: io: read/write on closed pipe
11-27 23:23:52.286 E/HyperXray-Bridge( 7518): [WireGuard] peer(bmXO…fgyo) - Failed to send handshake initiation: io: read/write on closed pipe
11-27 23:23:52.428 D/XrayStatsManager(21363): Active instances provider is null, using single instance mode
11-27 23:23:52.428 D/XrayStatsManager(21363): Using single instance mode (apiPort: 65276)
11-27 23:23:52.428 D/XrayStatsManager(21363): Exponential backoff active, 3995ms remaining (failures: 3)
11-27 23:23:52.428 W/XrayStatsManager(21363): CoreStatsClient is null, cannot update stats - will retry on next call
11-27 23:23:52.437 D/MiSightJni( 5949): MiSight: Java_com_miui_misight_MiSight_nativeSendEvent enter called. '{"fromRAT":13,"toRAT":13}'
11-27 23:23:52.438 D/MiSightJni( 5949): MiSight: Java_com_miui_misight_MiSight_nativeSendEvent enter called. '{"rsrpValue":-106}'
11-27 23:23:52.445 D/MiSightJni( 5949): MiSight: Java_com_miui_misight_MiSight_nativeSendEvent enter called. '{"fromRAT":13,"toRAT":13}'
11-27 23:23:52.467 D/MiSightJni( 5949): MiSight: Java_com_miui_misight_MiSight_nativeSendEvent enter called. '{"fromRAT":13,"toRAT":13}'
11-27 23:23:54.430 D/XrayStatsManager(21363): Active instances provider is null, using single instance mode
11-27 23:23:54.430 D/XrayStatsManager(21363): Using single instance mode (apiPort: 65276)
11-27 23:23:54.430 D/XrayStatsManager(21363): Exponential backoff active, 1993ms remaining (failures: 3)
11-27 23:23:54.430 W/XrayStatsManager(21363): CoreStatsClient is null, cannot update stats - will retry on next call
