11-27 23:22:29.067 E/ActivityManagerWrapper( 5385): getRecentTasksForceIncludingTaskIdIfValid: getRecentTasks: size=2
11-27 23:22:29.067 E/ActivityManagerWrapper( 5385):  mainTaskId=813   userId=0   windowMode=1   isExcludedFromRecents=false   baseIntent=Intent { act=android.intent.action.MAIN flag=270532608 cmp=ComponentInfo{com.hyperxray.an/com.hyperxray.an.activity.MainActivity} }
11-27 23:22:29.067 E/ActivityManagerWrapper( 5385):  mainTaskId=814   userId=0   windowMode=1   isExcludedFromRecents=false   baseIntent=Intent { act=android.intent.action.MAIN flag=270532608 cmp=ComponentInfo{com.android.chrome/com.google.android.apps.chrome.Main} }
11-27 23:22:29.069 E/surfaceflinger( 2003): Cannot find perfservice
11-27 23:22:29.070 E/CountableHandler( 5949): Pending message count is over 200, drop message.msg.what = 10007 handler = Handler (com.android.phone.statistics.utils.ModemHydraStat$ModemHydraHandler) {e826771}
11-27 23:22:29.071 E/TransitionController( 3688): Set visible without transition WallpaperWindowToken{22d72ad showWhenLocked=true} playing=true caller=com.android.server.wm.WallpaperControllerImpl.updateWallpaperTokens:178 
11-27 23:22:29.072 E/Launcher( 5385): mFsGestureStatusRefreshRunnable:run usingFsGesture=true   show=true   focus=false   pause=false
11-27 23:22:29.072 E/com.miui.home( 5385): backgroundBlur makeBackgroundImage if(!mSnapshot && mSurfaceTex). will return
11-27 23:22:29.072 E/TransitionController( 3688): Set visible without transition WallpaperWindowToken{22d72ad showWhenLocked=true} playing=true caller=com.android.server.wm.WallpaperControllerImpl.updateWallpaperTokens:178 
11-27 23:22:29.074 E/TransitionChain( 3688): Can't collect into a chain with no transition
11-27 23:22:29.085 E/TransitionChain( 3688): Can't collect into a chain with no transition
11-27 23:22:29.167 E/ConversionHelperAidl( 1945): Function: parseAndSetVendorParameters Line: 94 Failed 
11-27 23:22:29.167 E/ConversionHelperAidl( 1945): Function: parseAndSetVendorParameters Line: 94 Failed 
11-27 23:22:29.167 E/ConversionHelperAidl( 1945): Function: parseAndSetVendorParameters Line: 94 Failed 
11-27 23:22:29.184 E/RotationHelper( 5385): setCurrentTransitionRequest: request=2
11-27 23:22:29.184 E/RotationHelper( 5385): notifyChange activityFlags=1, mMultiWindowRotationRequest=3, mCurrentTransitionRequest=2, mCurrentStateRequest=0
11-27 23:22:29.185 E/ClipAnimationHelper( 5385): updateSourceStack  mSourceInsets=Rect(0, 0 - 0, 0), mSourceStackBounds=Rect(0, 0 - 1200, 2670)
11-27 23:22:29.185 E/ClipAnimationHelper( 5385): updateHomeStack  mSourceInsets=Rect(0, 0 - 0, 0), mHomeStackBounds=Rect(0, 0 - 0, 0)
11-27 23:22:29.185 E/ClipAnimationHelper( 5385): updateSourceStack  mSourceInsets=Rect(0, 0 - 0, 0), mSourceStackBounds=Rect(0, 0 - 1200, 2670)
11-27 23:22:29.185 E/ClipAnimationHelper( 5385): updateHomeStack  mSourceInsets=Rect(0, 0 - 0, 0), mHomeStackBounds=Rect(0, 0 - 0, 0)
11-27 23:22:29.185 E/ClipAnimationHelper( 5385): updateTargetRect  mSourceRect=RectF(0.0, 0.0, 1200.0, 2664.3677)   mTargetRect=RectF(339.0, 0.0, 861.0, 1159.0)   mSourceWindowClipInsets=RectF(0.0, 0.0, 0.0, 5.632324)   mHomeStackBounds=Rect(0, 0 - 0, 0)   targetRect=Rect(339, 0 - 861, 1159)
11-27 23:22:29.185 E/ClipAnimationHelper( 5385): updateTargetRect  mSourceRect=RectF(0.0, 0.0, 1200.0, 2670.0)   mTargetRect=RectF(0.0, 0.0, 1200.0, 2670.0)   mSourceWindowClipInsets=RectF(0.0, 0.0, 0.0, 0.0)   mHomeStackBounds=Rect(0, 0 - 0, 0)   targetRect=Rect(0, 0 - 1200, 2670)
11-27 23:22:29.186 E/WindowManager( 3688):  source = Task{1998cab #813 type=standard I=com.hyperxray.an/.activity.MainActivity} excludeMiuiNavBar = true excludeMiuiStatusBar = true excludeIme = false excludeNavBar = true miuiNavSurfaceControl = Surface(name=NavigationBar Container of Task = 813#21039)/@0x4624887 miuiStatusSurfaceControl = Surface(name=StatusBar Container of Task = 813#21041)/@0xf5c33b4
11-27 23:22:29.186 E/BlurUtils( 5385): fastBlur ratio=0.0   withAnim=false   sBlurRatioValue=0.0
11-27 23:22:29.192 E/WindowManager( 3688):  source = Task{1998cab #813 type=standard I=com.hyperxray.an/.activity.MainActivity} excludeMiuiNavBar = true excludeMiuiStatusBar = true excludeIme = false excludeNavBar = true miuiNavSurfaceControl = Surface(name=NavigationBar Container of Task = 813#21039)/@0x4624887 miuiStatusSurfaceControl = Surface(name=StatusBar Container of Task = 813#21041)/@0xf5c33b4
11-27 23:22:29.194 E/MultiSpringDynamicAnimation725c28d( 5385): ERROR Not Found Bundle Radius
11-27 23:22:29.194 E/MultiSpringDynamicAnimation725c28d( 5385): ERROR Not Found Bundle SurfaceExtAlpha
11-27 23:22:29.194 E/MultiSpringDynamicAnimation725c28d( 5385): ERROR Not Found Bundle appLeashBlurRadius
11-27 23:22:29.194 E/MultiSpringDynamicAnimation725c28d( 5385): ERROR Not Found Bundle SurfaceExtAlpha
11-27 23:22:29.194 E/MultiSpringDynamicAnimation725c28d( 5385): ERROR Not Found Bundle SurfaceExtAlpha
11-27 23:22:29.194 E/MultiSpringDynamicAnimation725c28d( 5385): ERROR Not Found Bundle appLeashBlurRadius
11-27 23:22:29.195 E/MultiSpringDynamicAnimation725c28d( 5385): ERROR Not Found Bundle Radius
11-27 23:22:29.195 E/MultiSpringDynamicAnimation725c28d( 5385): ERROR Not Found Bundle SurfaceExtAlpha
11-27 23:22:29.195 E/MultiSpringDynamicAnimation725c28d( 5385): ERROR Not Found Bundle appLeashBlurRadius
11-27 23:22:29.195 E/MultiSpringDynamicAnimation725c28d( 5385): ERROR Not Found Bundle SurfaceExtAlpha
11-27 23:22:29.197 E/PERFHAL-SERVICE( 1820): PERFHAL-SERVICE: perfHintAsync() 599: perfHintAsync SubmitScenarioDRequest initcomplete
11-27 23:22:29.197 E/PERFHAL-WLC-SCENARIO( 1820): PERFHAL-WLC-SCENARIO: GetWeight() 127: empty appName or WLC is not initialized
11-27 23:22:29.197 E/StateNotifyUtils( 5385): sendFsStateBroadCast state=taskSnapshot   channel=gesture   packageName=
11-27 23:22:29.197 E/PERFHAL-WLC-SCENARIO( 1820): PERFHAL-WLC-SCENARIO: GetWeight() 127: empty appName or WLC is not initialized
11-27 23:22:29.199 E/StateNotifyUtils( 5385): sendFsStateBroadCast state=startControlAppWindow   channel=gesture   packageName=
11-27 23:22:29.201 E/MultiSpringDynamicAnimation725c28d( 5385): ERROR Not Found Bundle Radius
11-27 23:22:29.203 E/MultiSpringDynamicAnimation725c28d( 5385): ERROR Not Found Bundle Radius
11-27 23:22:29.203 E/MultiSpringDynamicAnimation725c28d( 5385): ERROR Not Found Bundle SurfaceExtAlpha
11-27 23:22:29.203 E/MultiSpringDynamicAnimation725c28d( 5385): ERROR Not Found Bundle appLeashBlurRadius
11-27 23:22:29.203 E/MultiSpringDynamicAnimation725c28d( 5385): ERROR Not Found Bundle SurfaceExtAlpha
11-27 23:22:29.210 E/MultiSpringDynamicAnimation725c28d( 5385): ERROR Not Found Bundle Radius
11-27 23:22:29.217 E/MultiSpringDynamicAnimation725c28d( 5385): ERROR Not Found Bundle Radius
11-27 23:22:29.218 E/MultiSpringDynamicAnimation725c28d( 5385): ERROR Not Found Bundle Radius
11-27 23:22:29.218 E/MultiSpringDynamicAnimation725c28d( 5385): ERROR Not Found Bundle SurfaceExtAlpha
11-27 23:22:29.218 E/MultiSpringDynamicAnimation725c28d( 5385): ERROR Not Found Bundle appLeashBlurRadius
11-27 23:22:29.218 E/MultiSpringDynamicAnimation725c28d( 5385): ERROR Not Found Bundle SurfaceExtAlpha
11-27 23:22:29.225 E/MultiSpringDynamicAnimation725c28d( 5385): ERROR Not Found Bundle Radius
11-27 23:22:29.226 E/MultiSpringDynamicAnimation725c28d( 5385): ERROR Not Found Bundle Radius
11-27 23:22:29.226 E/MultiSpringDynamicAnimation725c28d( 5385): ERROR Not Found Bundle SurfaceExtAlpha
11-27 23:22:29.226 E/MultiSpringDynamicAnimation725c28d( 5385): ERROR Not Found Bundle appLeashBlurRadius
11-27 23:22:29.226 E/MultiSpringDynamicAnimation725c28d( 5385): ERROR Not Found Bundle SurfaceExtAlpha
11-27 23:22:29.234 E/MultiSpringDynamicAnimation725c28d( 5385): ERROR Not Found Bundle Radius
11-27 23:22:29.235 E/MultiSpringDynamicAnimation725c28d( 5385): ERROR Not Found Bundle Radius
11-27 23:22:29.235 E/MultiSpringDynamicAnimation725c28d( 5385): ERROR Not Found Bundle SurfaceExtAlpha
11-27 23:22:29.235 E/MultiSpringDynamicAnimation725c28d( 5385): ERROR Not Found Bundle appLeashBlurRadius
11-27 23:22:29.235 E/MultiSpringDynamicAnimation725c28d( 5385): ERROR Not Found Bundle SurfaceExtAlpha
11-27 23:22:29.242 E/MultiSpringDynamicAnimation725c28d( 5385): ERROR Not Found Bundle Radius
11-27 23:22:29.243 E/MultiSpringDynamicAnimation725c28d( 5385): ERROR Not Found Bundle Radius
11-27 23:22:29.243 E/MultiSpringDynamicAnimation725c28d( 5385): ERROR Not Found Bundle SurfaceExtAlpha
11-27 23:22:29.243 E/MultiSpringDynamicAnimation725c28d( 5385): ERROR Not Found Bundle appLeashBlurRadius
11-27 23:22:29.243 E/MultiSpringDynamicAnimation725c28d( 5385): ERROR Not Found Bundle SurfaceExtAlpha
11-27 23:22:29.250 E/MultiSpringDynamicAnimation725c28d( 5385): ERROR Not Found Bundle Radius
11-27 23:22:29.251 E/MultiSpringDynamicAnimation725c28d( 5385): ERROR Not Found Bundle Radius
11-27 23:22:29.252 E/MultiSpringDynamicAnimation725c28d( 5385): ERROR Not Found Bundle SurfaceExtAlpha
11-27 23:22:29.252 E/MultiSpringDynamicAnimation725c28d( 5385): ERROR Not Found Bundle appLeashBlurRadius
11-27 23:22:29.252 E/MultiSpringDynamicAnimation725c28d( 5385): ERROR Not Found Bundle SurfaceExtAlpha
11-27 23:22:29.258 E/MultiSpringDynamicAnimation725c28d( 5385): ERROR Not Found Bundle Radius
11-27 23:22:29.259 E/MultiSpringDynamicAnimation725c28d( 5385): ERROR Not Found Bundle Radius
11-27 23:22:29.259 E/MultiSpringDynamicAnimation725c28d( 5385): ERROR Not Found Bundle SurfaceExtAlpha
11-27 23:22:29.259 E/MultiSpringDynamicAnimation725c28d( 5385): ERROR Not Found Bundle appLeashBlurRadius
11-27 23:22:29.259 E/MultiSpringDynamicAnimation725c28d( 5385): ERROR Not Found Bundle SurfaceExtAlpha
11-27 23:22:29.267 E/MultiSpringDynamicAnimation725c28d( 5385): ERROR Not Found Bundle Radius
11-27 23:22:29.267 E/MultiSpringDynamicAnimation725c28d( 5385): ERROR Not Found Bundle Radius
11-27 23:22:29.267 E/MultiSpringDynamicAnimation725c28d( 5385): ERROR Not Found Bundle SurfaceExtAlpha
11-27 23:22:29.267 E/MultiSpringDynamicAnimation725c28d( 5385): ERROR Not Found Bundle appLeashBlurRadius
11-27 23:22:29.268 E/MultiSpringDynamicAnimation725c28d( 5385): ERROR Not Found Bundle SurfaceExtAlpha
11-27 23:22:29.275 E/MultiSpringDynamicAnimation725c28d( 5385): ERROR Not Found Bundle Radius
11-27 23:22:29.276 E/MultiSpringDynamicAnimation725c28d( 5385): ERROR Not Found Bundle Radius
11-27 23:22:29.276 E/MultiSpringDynamicAnimation725c28d( 5385): ERROR Not Found Bundle SurfaceExtAlpha
11-27 23:22:29.276 E/MultiSpringDynamicAnimation725c28d( 5385): ERROR Not Found Bundle appLeashBlurRadius
11-27 23:22:29.276 E/MultiSpringDynamicAnimation725c28d( 5385): ERROR Not Found Bundle SurfaceExtAlpha
11-27 23:22:29.277 E/StateNotifyUtils( 5385): sendFsStateBroadCast state=crossSafeArea   channel=gesture   packageName=
11-27 23:22:29.283 E/MultiSpringDynamicAnimation725c28d( 5385): ERROR Not Found Bundle Radius
11-27 23:22:29.284 E/MultiSpringDynamicAnimation725c28d( 5385): ERROR Not Found Bundle Radius
11-27 23:22:29.284 E/MultiSpringDynamicAnimation725c28d( 5385): ERROR Not Found Bundle SurfaceExtAlpha
11-27 23:22:29.284 E/MultiSpringDynamicAnimation725c28d( 5385): ERROR Not Found Bundle appLeashBlurRadius
11-27 23:22:29.284 E/MultiSpringDynamicAnimation725c28d( 5385): ERROR Not Found Bundle SurfaceExtAlpha
11-27 23:22:29.291 E/MultiSpringDynamicAnimation725c28d( 5385): ERROR Not Found Bundle Radius
11-27 23:22:29.292 E/MultiSpringDynamicAnimation725c28d( 5385): ERROR Not Found Bundle Radius
11-27 23:22:29.292 E/MultiSpringDynamicAnimation725c28d( 5385): ERROR Not Found Bundle SurfaceExtAlpha
11-27 23:22:29.292 E/MultiSpringDynamicAnimation725c28d( 5385): ERROR Not Found Bundle appLeashBlurRadius
11-27 23:22:29.292 E/MultiSpringDynamicAnimation725c28d( 5385): ERROR Not Found Bundle SurfaceExtAlpha
11-27 23:22:29.299 E/PERFHAL-SERVICE( 1820): PERFHAL-SERVICE: perfHintAsync() 599: perfHintAsync SubmitScenarioDRequest initcomplete
11-27 23:22:29.299 E/PERFHAL-WLC-SCENARIO( 1820): PERFHAL-WLC-SCENARIO: GetWeight() 127: empty appName or WLC is not initialized
11-27 23:22:29.299 E/MultiSpringDynamicAnimation725c28d( 5385): ERROR Not Found Bundle Radius
11-27 23:22:29.301 E/MultiSpringDynamicAnimation725c28d( 5385): ERROR Not Found Bundle Radius
11-27 23:22:29.301 E/MultiSpringDynamicAnimation725c28d( 5385): ERROR Not Found Bundle SurfaceExtAlpha
11-27 23:22:29.301 E/MultiSpringDynamicAnimation725c28d( 5385): ERROR Not Found Bundle appLeashBlurRadius
11-27 23:22:29.301 E/MultiSpringDynamicAnimation725c28d( 5385): ERROR Not Found Bundle SurfaceExtAlpha
11-27 23:22:29.308 E/MultiSpringDynamicAnimation725c28d( 5385): ERROR Not Found Bundle Radius
11-27 23:22:29.309 E/MultiSpringDynamicAnimation725c28d( 5385): ERROR Not Found Bundle Radius
11-27 23:22:29.309 E/MultiSpringDynamicAnimation725c28d( 5385): ERROR Not Found Bundle SurfaceExtAlpha
11-27 23:22:29.309 E/MultiSpringDynamicAnimation725c28d( 5385): ERROR Not Found Bundle appLeashBlurRadius
11-27 23:22:29.309 E/MultiSpringDynamicAnimation725c28d( 5385): ERROR Not Found Bundle SurfaceExtAlpha
11-27 23:22:29.309 E/Launcher( 5385): mFsGestureStatusRefreshRunnable:run usingFsGesture=true   show=true   focus=false   pause=false
11-27 23:22:29.309 E/BlurUtils( 5385): fastBlur ratio=0.0   withAnim=true   sBlurRatioValue=0.0
11-27 23:22:29.309 E/SystemUiController( 5385): updateUiState: 10 state: GestureHome
11-27 23:22:29.310 E/StateNotifyUtils( 5385): sendFsStateBroadCast state=toHome   channel=gesture   packageName=
11-27 23:22:29.311 E/MultiSpringDynamicAnimation725c28d( 5385): ERROR Not Found Bundle Radius
11-27 23:22:29.311 E/MultiSpringDynamicAnimation725c28d( 5385): ERROR Not Found Bundle SurfaceExtAlpha
11-27 23:22:29.311 E/MultiSpringDynamicAnimation725c28d( 5385): ERROR Not Found Bundle appLeashBlurRadius
11-27 23:22:29.311 E/MultiSpringDynamicAnimation725c28d( 5385): ERROR Not Found Bundle SurfaceExtAlpha
11-27 23:22:29.311 E/TaskViewsElement( 5385): animTo,mode=6
11-27 23:22:29.311 E/RotationHelper( 5385): setCurrentTransitionRequest: request=0
11-27 23:22:29.311 E/RotationHelper( 5385): notifyChange activityFlags=1, mMultiWindowRotationRequest=3, mCurrentTransitionRequest=0, mCurrentStateRequest=0
11-27 23:22:29.311 E/HandwritingModeController( 3688): Cannot get requestId: Handwriting was not initialized.
11-27 23:22:29.444 E/ANDR-PERF( 1820): ExtendedPerfBoost: trigger_rearm_timer() 179: setthermalbreak req empty boostparam=boost:1 cpu0:2611200 cpu6:2572800
11-27 23:22:29.677 E/PERFHAL-CLIENT( 1820): PERFHAL-CLIENT: perf_lock_acq_rel() 496: opcode=1149239296 isMvOpcode=0
11-27 23:22:29.709 E/ANDR-PERF( 1820): ExtendedPerfBoost: trigger_rearm_timer() 179: setthermalbreak req empty boostparam=boost:0
11-27 23:22:29.991 E/MultiSpringDynamicAnimation725c28d( 5385): ERROR Not Found Bundle Radius
11-27 23:22:29.991 E/FloatingIconView23de2ec0( 5385): recycleView
11-27 23:22:29.992 E/WindowManager( 3688):  source = Task{1998cab #813 type=standard I=com.hyperxray.an/.activity.MainActivity} excludeMiuiNavBar = true excludeMiuiStatusBar = true excludeIme = false excludeNavBar = true miuiNavSurfaceControl = Surface(name=NavigationBar Container of Task = 813#21039)/@0x4624887 miuiStatusSurfaceControl = Surface(name=StatusBar Container of Task = 813#21041)/@0xf5c33b4
11-27 23:22:30.005 E/WindowElement268fc42( 5385): com.miui.home.recents.anim.WindowElement@268fc42 finishTransition toHome = true isHalf = false runningTaskId = 0
11-27 23:22:30.005 E/WindowTransitionCompat( 5385): com.android.systemui.shared.recents.system.WindowTransitionCompat@e6f4190 finishTransition toHome = true
11-27 23:22:30.012 E/RotationHelper( 5385): setCurrentTransitionRequest: request=0
11-27 23:22:30.048 E/Launcher( 5385): mFsGestureStatusRefreshRunnable:run usingFsGesture=true   show=true   focus=true   pause=false
11-27 23:22:30.116 E/ActivityManagerWrapper( 5385): get all recent tasks force including -1 userId =0
11-27 23:22:30.119 E/ActivityManagerWrapper( 5385): getRecentTasksForceIncludingTaskIdIfValid: getRecentTasks: size=2
11-27 23:22:30.119 E/ActivityManagerWrapper( 5385):  mainTaskId=813   userId=0   windowMode=1   isExcludedFromRecents=false   baseIntent=Intent { act=android.intent.action.MAIN flag=270532608 cmp=ComponentInfo{com.hyperxray.an/com.hyperxray.an.activity.MainActivity} }
11-27 23:22:30.119 E/ActivityManagerWrapper( 5385):  mainTaskId=814   userId=0   windowMode=1   isExcludedFromRecents=false   baseIntent=Intent { act=android.intent.action.MAIN flag=270532608 cmp=ComponentInfo{com.android.chrome/com.google.android.apps.chrome.Main} }
11-27 23:22:30.702 E/PreStartUtils( 5385): preLaunchProcess success infoPackage: com.android.chrome
11-27 23:22:30.784 E/Launcher.application( 5385): setClickAppWaitForCallback = true
11-27 23:22:30.784 E/PerfShielderService( 3688): onScenarioChanged start type: 296 time:52180244
11-27 23:22:30.784 E/Launcher.application( 5385): setClickAppWaitForCallback = true
11-27 23:22:30.785 E/Launcher( 5385): superStartActivity   type=13
11-27 23:22:30.794 E/PERFHAL-SERVICE( 1820): PERFHAL-SERVICE: perfHintAsync() 599: perfHintAsync SubmitScenarioDRequest initcomplete
11-27 23:22:30.796 E/PERFHAL-UTIL( 1820): PERFHAL-UTIL: save_node_val() 266: Failed to read /sys/class/mmc_host/mmc0/clk_scaling/enable
11-27 23:22:30.796 E/PERFHAL-OPTSHANDLER( 1820): PERFHAL-OPTSHANDLER: modify_sysfsnode() 1409: Failed to read /sys/class/mmc_host/mmc0/clk_scaling/enable
11-27 23:22:30.796 E/PERFHAL-RESOURCEQS( 1820): PERFHAL-RESOURCEQS: AddAndApply() 159: Failed to apply optimization [11, 4]
11-27 23:22:30.804 E/WindowOrganizerController( 3688): Trying to start a transition that isn't collecting. This probably means Shell took too long to respond to a request. WM State may be incorrect now, please file a bug
11-27 23:22:30.805 E/MultiSpringDynamicAnimation6113423( 5385): ERROR Not Found Bundle Radius
11-27 23:22:30.805 E/MultiSpringDynamicAnimation6113423( 5385): ERROR Not Found Bundle SurfaceExtAlpha
11-27 23:22:30.805 E/MultiSpringDynamicAnimation6113423( 5385): ERROR Not Found Bundle appLeashBlurRadius
11-27 23:22:30.805 E/MultiSpringDynamicAnimation6113423( 5385): ERROR Not Found Bundle SurfaceExtAlpha
11-27 23:22:30.805 E/MultiSpringDynamicAnimation6113423( 5385): ERROR Not Found Bundle SurfaceExtAlpha
11-27 23:22:30.805 E/MultiSpringDynamicAnimation6113423( 5385): ERROR Not Found Bundle appLeashBlurRadius
11-27 23:22:30.805 E/Launcher.application( 5385): setClickAppWaitForCallback = false
11-27 23:22:30.806 E/PerfShielderService( 3688): onScenarioChanged end type: 296 time:52180265, startTime : 52180244
11-27 23:22:30.810 E/WindowTransitionCompat( 5385): startAnimation isFastLaunch = true
11-27 23:22:30.810 E/WindowTransitionCompat( 5385): 0, check isClosingType type = 1, mode = 3
11-27 23:22:30.810 E/WindowTransitionCompat( 5385): 1, check isClosingType type = 2, mode = 4
11-27 23:22:30.814 E/ActivityManagerWrapper( 5385): get all recent tasks force including -1 userId =0
11-27 23:22:30.815 E/TransitionChain( 3688): Can't collect into a chain with no transition
11-27 23:22:30.816 E/ActivityManagerWrapper( 5385): getRecentTasksForceIncludingTaskIdIfValid: getRecentTasks: size=2
11-27 23:22:30.816 E/ActivityManagerWrapper( 5385):  mainTaskId=814   userId=0   windowMode=1   isExcludedFromRecents=false   baseIntent=Intent { act=android.intent.action.MAIN flag=270532608 cmp=ComponentInfo{com.android.chrome/com.google.android.apps.chrome.Main} }
11-27 23:22:30.816 E/ActivityManagerWrapper( 5385):  mainTaskId=813   userId=0   windowMode=1   isExcludedFromRecents=false   baseIntent=Intent { act=android.intent.action.MAIN flag=270532608 cmp=ComponentInfo{com.hyperxray.an/com.hyperxray.an.activity.MainActivity} }
11-27 23:22:30.820 E/TransitionChain( 3688): Can't collect into a chain with no transition
11-27 23:22:30.821 E/ClipAnimationHelper( 5385): updateSourceStack  mSourceInsets=Rect(0, 0 - 0, 0), mSourceStackBounds=Rect(0, 0 - 1200, 2670)
11-27 23:22:30.821 E/ClipAnimationHelper( 5385): updateHomeStack  mSourceInsets=Rect(0, 0 - 0, 0), mHomeStackBounds=Rect(0, 0 - 1200, 2670)
11-27 23:22:30.821 E/WindowAnimParamsProvider( 5385): getWindowTargetBounds    bounds=Rect(0, 0 - 1200, 2670)
11-27 23:22:30.821 E/ClipAnimationHelper( 5385): updateTargetRect  mSourceRect=RectF(0.0, 0.0, 1200.0, 2670.0)   mTargetRect=RectF(0.0, 0.0, 1200.0, 2670.0)   mSourceWindowClipInsets=RectF(0.0, 0.0, 0.0, 0.0)   mHomeStackBounds=Rect(0, 0 - 1200, 2670)   targetRect=Rect(0, 0 - 1200, 2670)
11-27 23:22:30.821 E/MultiSpringDynamicAnimation6113423( 5385): ERROR Not Found Bundle SurfaceExtAlpha
11-27 23:22:30.821 E/MultiSpringDynamicAnimation6113423( 5385): ERROR Not Found Bundle Radius
11-27 23:22:30.821 E/MultiSpringDynamicAnimation6113423( 5385): ERROR Not Found Bundle appLeashBlurRadius
11-27 23:22:30.825 E/BluetoothAdapterService( 7727): getActiveDevices: A2dpService is null
11-27 23:22:30.825 E/BluetoothAdapterService( 7727): getActiveDevices: HeadsetService is null
11-27 23:22:30.826 E/BluetoothAdapterService( 7727): getActiveDevices: LeAudioService is null
11-27 23:22:30.826 E/CountableHandler( 5949): Pending message count is over 200, drop message.msg.what = 10007 handler = Handler (com.android.phone.statistics.utils.ModemHydraStat$ModemHydraHandler) {e826771}
11-27 23:22:30.826 E/ConversionHelperAidl( 1945): Function: parseAndSetVendorParameters Line: 94 Failed 
11-27 23:22:30.826 E/ConversionHelperAidl( 1945): Function: parseAndSetVendorParameters Line: 94 Failed 
11-27 23:22:30.826 E/ConversionHelperAidl( 1945): Function: parseAndSetVendorParameters Line: 94 Failed 
11-27 23:22:30.855 E/PhoneAdapter( 5949): get ntnphones failed, exception: java.lang.IllegalStateException: not support satellite!
11-27 23:22:30.875 E/KeymasterUtils( 1066): IKMHal_sendCmd failed with rsp_header->status: -28
11-27 23:22:30.875 E/KeyMasterHalDevice( 1066): abort_operation
11-27 23:22:30.875 E/KeyMasterHalDevice( 1066): ret: -28
11-27 23:22:30.896 E/ActivityManagerWrapper( 5385): get all recent tasks force including -1 userId =0
11-27 23:22:30.897 E/ActivityManagerWrapper( 5385): getRecentTasksForceIncludingTaskIdIfValid: getRecentTasks: size=2
11-27 23:22:30.897 E/ActivityManagerWrapper( 5385):  mainTaskId=814   userId=0   windowMode=1   isExcludedFromRecents=false   baseIntent=Intent { act=android.intent.action.MAIN flag=270532608 cmp=ComponentInfo{com.android.chrome/com.google.android.apps.chrome.Main} }
11-27 23:22:30.897 E/ActivityManagerWrapper( 5385):  mainTaskId=813   userId=0   windowMode=1   isExcludedFromRecents=false   baseIntent=Intent { act=android.intent.action.MAIN flag=270532608 cmp=ComponentInfo{com.hyperxray.an/com.hyperxray.an.activity.MainActivity} }
11-27 23:22:30.927 E/ConversionHelperAidl( 1945): Function: parseAndSetVendorParameters Line: 94 Failed 
11-27 23:22:30.928 E/ConversionHelperAidl( 1945): Function: parseAndSetVendorParameters Line: 94 Failed 
11-27 23:22:30.928 E/ConversionHelperAidl( 1945): Function: parseAndSetVendorParameters Line: 94 Failed 
11-27 23:22:31.195 E/ANDR-PERF( 1820): ExtendedPerfBoost: trigger_rearm_timer() 179: setthermalbreak req empty boostparam=boost:0
11-27 23:22:31.301 E/MultiSpringDynamicAnimation6113423( 5385): ERROR Not Found Bundle Radius
11-27 23:22:31.301 E/WindowElement9480d20( 5385): com.miui.home.recents.anim.FastLaunchWindowElement@9480d20 finishTransition toHome = false isHalf = false runningTaskId = 0
11-27 23:22:31.301 E/WindowTransitionCompat( 5385): com.android.systemui.shared.recents.system.WindowTransitionCompat@88eb89e finishTransition toHome = false
11-27 23:22:31.302 E/FloatingIconView2715bb02( 5385): recycleView
11-27 23:22:31.314 E/com.miui.home( 5385): [passBlur-5385] detachFromView: abandoned SurfaceTexture
11-27 23:22:31.315 E/Launcher.application( 5385): setClickAppWaitForCallback = false
11-27 23:22:31.611 E/PERFHAL-SERVICE( 1820): PERFHAL-SERVICE: perfHintAsync() 599: perfHintAsync SubmitScenarioDRequest initcomplete
11-27 23:22:31.611 E/PERFHAL-WLC-SCENARIO( 1820): PERFHAL-WLC-SCENARIO: GetWeight() 127: empty appName or WLC is not initialized
11-27 23:22:31.612 E/PERFHAL-WLC-SCENARIO( 1820): PERFHAL-WLC-SCENARIO: GetWeight() 127: empty appName or WLC is not initialized
11-27 23:22:31.722 E/PERFHAL-SERVICE( 1820): PERFHAL-SERVICE: perfHintAsync() 599: perfHintAsync SubmitScenarioDRequest initcomplete
11-27 23:22:31.722 E/PERFHAL-WLC-SCENARIO( 1820): PERFHAL-WLC-SCENARIO: GetWeight() 127: empty appName or WLC is not initialized
11-27 23:22:31.852 E/libc    ( 8855): SetHeapTaggingLevel: re-enabling tagging after it was disabled is not supported
11-27 23:22:31.855 E/ocessService0:3( 8855): Not starting debugger since process cannot load the jdwp agent.
11-27 23:22:31.863 E/MQSEventManagerDelegate( 8855): failed to get MQSService.
11-27 23:22:31.868 E/MQSEventManagerDelegate( 8855): failed to get MQSService.
11-27 23:22:31.868 E/ForceDarkHelperStubImpl( 8855): getForceDarkOriginState transact failed , mService: null
11-27 23:22:31.869 E/MiuiPreloadClassImpl( 8855): preloadPkgs is null, packageName: com.android.chrome:sandboxed_process0:org.chromium.content.app.SandboxedProcessService0:3
11-27 23:22:31.869 E/ResMonitorStub( 8855): Failed to get RMS service. return null.
11-27 23:22:31.944 E/VibratorManagerServiceImpl( 3688): vibrationThreadSetParameters
11-27 23:22:32.249 E/CoreStatsClient(21363): getSystemStats failed: UNAVAILABLE - null, channel state: TRANSIENT_FAILURE
11-27 23:22:32.249 E/CoreStatsClient(21363): io.grpc.StatusRuntimeException: UNAVAILABLE
11-27 23:22:32.249 E/CoreStatsClient(21363): 	at io.grpc.Status.asRuntimeException(Status.java:532)
11-27 23:22:32.249 E/CoreStatsClient(21363): 	at io.grpc.stub.ClientCalls$StreamObserverToCallListenerAdapter.onClose(ClientCalls.java:581)
11-27 23:22:32.249 E/CoreStatsClient(21363): 	at io.grpc.internal.ClientCallImpl.closeObserver(ClientCallImpl.java:565)
11-27 23:22:32.249 E/CoreStatsClient(21363): 	at io.grpc.internal.ClientCallImpl.access$100(ClientCallImpl.java:72)
11-27 23:22:32.249 E/CoreStatsClient(21363): 	at io.grpc.internal.ClientCallImpl$ClientStreamListenerImpl$1StreamClosed.runInternal(ClientCallImpl.java:733)
11-27 23:22:32.249 E/CoreStatsClient(21363): 	at io.grpc.internal.ClientCallImpl$ClientStreamListenerImpl$1StreamClosed.runInContext(ClientCallImpl.java:714)
11-27 23:22:32.249 E/CoreStatsClient(21363): 	at io.grpc.internal.ContextRunnable.run(ContextRunnable.java:37)
11-27 23:22:32.249 E/CoreStatsClient(21363): 	at io.grpc.internal.SerializingExecutor.run(SerializingExecutor.java:133)
11-27 23:22:32.249 E/CoreStatsClient(21363): 	at java.util.concurrent.ThreadPoolExecutor.runWorker(ThreadPoolExecutor.java:1156)
11-27 23:22:32.249 E/CoreStatsClient(21363): 	at java.util.concurrent.ThreadPoolExecutor$Worker.run(ThreadPoolExecutor.java:651)
11-27 23:22:32.249 E/CoreStatsClient(21363): 	at java.lang.Thread.run(Thread.java:1119)
11-27 23:22:32.249 E/CoreStatsClient(21363): Caused by: java.net.ConnectException: failed to connect to /127.0.0.1 (port 65276) from /:: (port 53434): connect failed: ECONNREFUSED (Connection refused)
11-27 23:22:32.249 E/CoreStatsClient(21363): 	at libcore.io.IoBridge.connect(IoBridge.java:187)
11-27 23:22:32.249 E/CoreStatsClient(21363): 	at java.net.PlainSocketImpl.socketConnect(PlainSocketImpl.java:142)
11-27 23:22:32.249 E/CoreStatsClient(21363): 	at java.net.AbstractPlainSocketImpl.doConnect(AbstractPlainSocketImpl.java:390)
11-27 23:22:32.249 E/CoreStatsClient(21363): 	at java.net.AbstractPlainSocketImpl.connectToAddress(AbstractPlainSocketImpl.java:230)
11-27 23:22:32.249 E/CoreStatsClient(21363): 	at java.net.AbstractPlainSocketImpl.connect(AbstractPlainSocketImpl.java:212)
11-27 23:22:32.249 E/CoreStatsClient(21363): 	at java.net.SocksSocketImpl.connect(SocksSocketImpl.java:436)
11-27 23:22:32.249 E/CoreStatsClient(21363): 	at java.net.Socket.connect(Socket.java:646)
11-27 23:22:32.249 E/CoreStatsClient(21363): 	at java.net.Socket.connect(Socket.java:595)
11-27 23:22:32.249 E/CoreStatsClient(21363): 	at java.net.Socket.<init>(Socket.java:475)
11-27 23:22:32.249 E/CoreStatsClient(21363): 	at java.net.Socket.<init>(Socket.java:275)
11-27 23:22:32.249 E/CoreStatsClient(21363): 	at javax.net.DefaultSocketFactory.createSocket(SocketFactory.java:285)
11-27 23:22:32.249 E/CoreStatsClient(21363): 	at io.grpc.okhttp.OkHttpClientTransport$3.run(OkHttpClientTransport.java:723)
11-27 23:22:32.249 E/CoreStatsClient(21363): 	... 4 more
11-27 23:22:32.249 E/CoreStatsClient(21363): Caused by: android.system.ErrnoException: connect failed: ECONNREFUSED (Connection refused)
11-27 23:22:32.249 E/CoreStatsClient(21363): 	at libcore.io.Linux.connect(Native Method)
11-27 23:22:32.249 E/CoreStatsClient(21363): 	at libcore.io.ForwardingOs.connect(ForwardingOs.java:201)
11-27 23:22:32.249 E/CoreStatsClient(21363): 	at libcore.io.BlockGuardOs.connect(BlockGuardOs.java:158)
11-27 23:22:32.249 E/CoreStatsClient(21363): 	at libcore.io.ForwardingOs.connect(ForwardingOs.java:201)
11-27 23:22:32.249 E/CoreStatsClient(21363): 	at libcore.io.IoBridge.connectErrno(IoBridge.java:201)
11-27 23:22:32.249 E/CoreStatsClient(21363): 	at libcore.io.IoBridge.connect(IoBridge.java:179)
11-27 23:22:32.249 E/CoreStatsClient(21363): 	... 15 more
11-27 23:22:33.326 E/ANDR-PERF( 1820): ExtendedPerfBoost: trigger_rearm_timer() 179: setthermalbreak req empty boostparam=boost:0
11-27 23:22:33.654 E/PERFHAL-SERVICE( 1820): PERFHAL-SERVICE: perfHintAsync() 599: perfHintAsync SubmitScenarioDRequest initcomplete
11-27 23:22:33.654 E/PERFHAL-WLC-SCENARIO( 1820): PERFHAL-WLC-SCENARIO: GetWeight() 127: empty appName or WLC is not initialized
11-27 23:22:33.655 E/PERFHAL-WLC-SCENARIO( 1820): PERFHAL-WLC-SCENARIO: GetWeight() 127: empty appName or WLC is not initialized
11-27 23:22:33.677 E/ndroid.systemui( 6013): backgroundBlur makeBackgroundImage if(!mSnapshot && mSurfaceTex). will return
11-27 23:22:33.683 E/ndroid.systemui( 6013): backgroundBlur makeBackgroundImage if(!mSnapshot && mSurfaceTex). will return
11-27 23:22:33.689 E/ndroid.systemui( 6013): backgroundBlur makeBackgroundImage if(!mSnapshot && mSurfaceTex). will return
11-27 23:22:33.693 E/surfaceflinger( 2003): Cannot find perfservice
11-27 23:22:33.699 E/DynamicIslandWindowViewController( 6013): collect tempHidden:true NOTIFICATION_APPEARANCE
11-27 23:22:33.699 E/DynamicIslandEventDebug( 6013): handleEventStart: miui.systemui.dynamicisland.event.DynamicIslandEvent$IslandTempHiddenChanged@5452c8f
11-27 23:22:33.699 E/DynamicIslandEventDebug( 6013): IslandTempHiddenEventCoordinator handleEvent: expandedState=null bigState=null smallState=null
11-27 23:22:33.699 E/DynamicIslandEventDebug( 6013): StateHandler stop->updateState, listSize=0, new:[]
11-27 23:22:33.699 E/DynamicIslandEventCoordinator ERROR( 6013): checkError null null TODO() null
11-27 23:22:33.699 E/DynamicIslandEventCoordinator ERROR( 6013): checkError null null TODO() null
11-27 23:22:33.699 E/DynamicIslandEventCoordinator ERROR( 6013): checkError null null TODO() null
11-27 23:22:33.699 E/DynamicIslandEventDebug( 6013): handleEventStop: miui.systemui.dynamicisland.event.DynamicIslandEvent$IslandTempHiddenChanged@5452c8f
11-27 23:22:33.750 E/PERFHAL-WLC-SCENARIO( 1820): PERFHAL-WLC-SCENARIO: GetWeight() 127: empty appName or WLC is not initialized
11-27 23:22:33.750 E/PERFHAL-SERVICE( 1820): PERFHAL-SERVICE: perfHintAsync() 599: perfHintAsync SubmitScenarioDRequest initcomplete
11-27 23:22:33.796 E/TaskPersister( 3688): File error accessing recents directory (directory doesn't exist?).
11-27 23:22:33.858 E/AmlWifiScoreReportInjector( 3688): isReleased mUnReleasedtime = 10
11-27 23:22:33.860 E/PhoneAdapter( 5949): get ntnphones failed, exception: java.lang.IllegalStateException: not support satellite!
11-27 23:22:33.861 E/AmlMiuiThirdPartScorer( 3688): shouldCheckIpLayer mLegacyIntScore = 49 nextNudBreach = 49.0155501340353 mNudCount = 6 mNudYes = 6
11-27 23:22:34.661 E/PERFHAL-SERVICE( 1820): PERFHAL-SERVICE: perfHintAsync() 599: perfHintAsync SubmitScenarioDRequest initcomplete
11-27 23:22:34.661 E/PERFHAL-WLC-SCENARIO( 1820): PERFHAL-WLC-SCENARIO: GetWeight() 127: empty appName or WLC is not initialized
11-27 23:22:34.661 E/PERFHAL-WLC-SCENARIO( 1820): PERFHAL-WLC-SCENARIO: GetWeight() 127: empty appName or WLC is not initialized
11-27 23:22:34.750 E/PERFHAL-SERVICE( 1820): PERFHAL-SERVICE: perfHintAsync() 599: perfHintAsync SubmitScenarioDRequest initcomplete
11-27 23:22:34.750 E/PERFHAL-WLC-SCENARIO( 1820): PERFHAL-WLC-SCENARIO: GetWeight() 127: empty appName or WLC is not initialized
11-27 23:22:34.769 E/PERFHAL-CLIENT( 2540): PERFHAL-CLIENT: perf_lock_acq() 164: opcode=1082130432 isMvOpcode=0
11-27 23:22:34.769 E/PERFHAL-CLIENT( 2540): PERFHAL-CLIENT: perf_lock_acq() 164: opcode=1082130688 isMvOpcode=0
11-27 23:22:34.769 E/PERFHAL-CLIENT( 2540): PERFHAL-CLIENT: perf_lock_acq() 164: opcode=1082130944 isMvOpcode=0
11-27 23:22:34.774 E/PERFHAL-REQUEST( 1820): PERFHAL-REQUEST: Process() 398: Translate to physical failed
11-27 23:22:34.806 E/sensors-hal( 1788): handle_sns_client_event:52, oem_small_movement_event: ts=52184243144099, event=2.000000
11-27 23:22:35.151 E/PERFHAL-SERVICE( 1820): PERFHAL-SERVICE: perfHintAsync() 599: perfHintAsync SubmitScenarioDRequest initcomplete
11-27 23:22:35.151 E/PERFHAL-WLC-SCENARIO( 1820): PERFHAL-WLC-SCENARIO: GetWeight() 127: empty appName or WLC is not initialized
11-27 23:22:35.152 E/PERFHAL-WLC-SCENARIO( 1820): PERFHAL-WLC-SCENARIO: GetWeight() 127: empty appName or WLC is not initialized
11-27 23:22:35.161 E/DynamicIslandWindowViewController( 6013): collect tempHidden:false NOTIFICATION_APPEARANCE
11-27 23:22:35.161 E/DynamicIslandEventDebug( 6013): handleEventStart: miui.systemui.dynamicisland.event.DynamicIslandEvent$IslandTempHiddenChanged@5452c8f
11-27 23:22:35.161 E/DynamicIslandEventDebug( 6013): IslandTempHiddenEventCoordinator handleEvent: expandedState=null bigState=null smallState=null
11-27 23:22:35.161 E/DynamicIslandEventDebug( 6013): StateHandler stop->updateState, listSize=0, new:[]
11-27 23:22:35.161 E/DynamicIslandEventCoordinator ERROR( 6013): checkError null null TODO() null
11-27 23:22:35.161 E/DynamicIslandEventCoordinator ERROR( 6013): checkError null null TODO() null
11-27 23:22:35.161 E/DynamicIslandEventCoordinator ERROR( 6013): checkError null null TODO() null
11-27 23:22:35.161 E/DynamicIslandEventDebug( 6013): handleEventStop: miui.systemui.dynamicisland.event.DynamicIslandEvent$IslandTempHiddenChanged@5452c8f
11-27 23:22:35.218 E/PERFHAL-SERVICE( 1820): PERFHAL-SERVICE: perfHintAsync() 599: perfHintAsync SubmitScenarioDRequest initcomplete
11-27 23:22:35.218 E/PERFHAL-WLC-SCENARIO( 1820): PERFHAL-WLC-SCENARIO: GetWeight() 127: empty appName or WLC is not initialized
11-27 23:22:35.680 E/ndroid.systemui( 6013): [passBlur-6013] detachFromView: abandoned SurfaceTexture
11-27 23:22:35.811 E/ActivityThread( 5385): Failed to find provider info for com.miui.personalassistant.servicedeliver.system.provider
11-27 23:22:35.811 E/ServiceDeliveryCompat( 5385): isSupportServiceDelivery
11-27 23:22:35.811 E/ServiceDeliveryCompat( 5385): java.lang.IllegalArgumentException: Unknown authority com.miui.personalassistant.servicedeliver.system.provider
11-27 23:22:35.811 E/ServiceDeliveryCompat( 5385): 	at android.content.ContentResolver.call(ContentResolver.java:2480)
11-27 23:22:35.811 E/ServiceDeliveryCompat( 5385): 	at android.content.ContentResolver.call(ContentResolver.java:2463)
11-27 23:22:35.811 E/ServiceDeliveryCompat( 5385): 	at com.miui.home.launcher.servicedeliver.ServiceDeliveryUtils.isSupportServiceDelivery(ServiceDeliveryUtils.kt:28)
11-27 23:22:35.811 E/ServiceDeliveryCompat( 5385): 	at com.miui.home.launcher.servicedeliver.ServiceDeliveryReplaceHelper.lambda$tryReplaceToServiceDelivery$1(ServiceDeliveryReplaceHelper.java:67)
11-27 23:22:35.811 E/ServiceDeliveryCompat( 5385): 	at com.miui.home.launcher.servicedeliver.ServiceDeliveryReplaceHelper.$r8$lambda$s9U3BY8MkdK37vq8y5WtKIb1ZiM(ServiceDeliveryReplaceHelper.java:0)
11-27 23:22:35.811 E/ServiceDeliveryCompat( 5385): 	at com.miui.home.launcher.servicedeliver.ServiceDeliveryReplaceHelper$$ExternalSyntheticLambda1.run(R8$$SyntheticClass:0)
11-27 23:22:35.811 E/ServiceDeliveryCompat( 5385): 	at java.util.concurrent.Executors$RunnableAdapter.call(Executors.java:524)
11-27 23:22:35.811 E/ServiceDeliveryCompat( 5385): 	at java.util.concurrent.FutureTask.run(FutureTask.java:317)
11-27 23:22:35.811 E/ServiceDeliveryCompat( 5385): 	at java.util.concurrent.ThreadPoolExecutor.runWorker(ThreadPoolExecutor.java:1156)
11-27 23:22:35.811 E/ServiceDeliveryCompat( 5385): 	at java.util.concurrent.ThreadPoolExecutor$Worker.run(ThreadPoolExecutor.java:651)
11-27 23:22:35.811 E/ServiceDeliveryCompat( 5385): 	at java.lang.Thread.run(Thread.java:1119)
11-27 23:22:36.174 E/PERFHAL-SERVICE( 1820): PERFHAL-SERVICE: perfHintAsync() 599: perfHintAsync SubmitScenarioDRequest initcomplete
11-27 23:22:36.175 E/PERFHAL-UTIL( 1820): PERFHAL-UTIL: save_node_val() 266: Failed to read /sys/class/mmc_host/mmc0/clk_scaling/enable
11-27 23:22:36.175 E/PERFHAL-OPTSHANDLER( 1820): PERFHAL-OPTSHANDLER: modify_sysfsnode() 1409: Failed to read /sys/class/mmc_host/mmc0/clk_scaling/enable
11-27 23:22:36.175 E/PERFHAL-RESOURCEQS( 1820): PERFHAL-RESOURCEQS: AddAndApply() 159: Failed to apply optimization [11, 4]
11-27 23:22:36.181 E/BluetoothAdapterService( 7727): getActiveDevices: A2dpService is null
11-27 23:22:36.181 E/BluetoothAdapterService( 7727): getActiveDevices: HeadsetService is null
11-27 23:22:36.181 E/BluetoothAdapterService( 7727): getActiveDevices: LeAudioService is null
11-27 23:22:36.182 E/ActivityManagerWrapper( 5385): get all recent tasks force including 814 userId =0
11-27 23:22:36.183 E/ActivityManagerWrapper( 5385): getRecentTasksForceIncludingTaskIdIfValid: getRecentTasks: size=2
11-27 23:22:36.183 E/ActivityManagerWrapper( 5385):  mainTaskId=814   userId=0   windowMode=1   isExcludedFromRecents=false   baseIntent=Intent { act=android.intent.action.MAIN flag=270532608 cmp=ComponentInfo{com.android.chrome/com.google.android.apps.chrome.Main} }
11-27 23:22:36.183 E/ActivityManagerWrapper( 5385):  mainTaskId=813   userId=0   windowMode=1   isExcludedFromRecents=false   baseIntent=Intent { act=android.intent.action.MAIN flag=270532608 cmp=ComponentInfo{com.hyperxray.an/com.hyperxray.an.activity.MainActivity} }
11-27 23:22:36.183 E/Launcher.application( 5385): setClickAppWaitForCallback = false
11-27 23:22:36.184 E/ConversionHelperAidl( 1945): Function: parseAndSetVendorParameters Line: 94 Failed 
11-27 23:22:36.184 E/ConversionHelperAidl( 1945): Function: parseAndSetVendorParameters Line: 94 Failed 
11-27 23:22:36.184 E/ConversionHelperAidl( 1945): Function: parseAndSetVendorParameters Line: 94 Failed 
11-27 23:22:36.190 E/TransitionController( 3688): Set visible without transition WallpaperWindowToken{22d72ad showWhenLocked=true} playing=true caller=com.android.server.wm.WallpaperControllerImpl.updateWallpaperTokens:178 
11-27 23:22:36.193 E/ActivityManagerWrapper( 5385): IRecentsAnimationRunnerAtLeastS onAnimationStart, extra: Bundle[mParcelledData.dataSize=128]
11-27 23:22:36.194 E/TransitionChain( 3688): Can't collect into a chain with no transition
11-27 23:22:36.194 E/com.miui.home( 5385): backgroundBlur makeBackgroundImage if(!mSnapshot && mSurfaceTex). will return
11-27 23:22:36.195 E/CountableHandler( 5949): Pending message count is over 200, drop message.msg.what = 10007 handler = Handler (com.android.phone.statistics.utils.ModemHydraStat$ModemHydraHandler) {e826771}
11-27 23:22:36.196 E/TransitionController( 3688): Set visible without transition WallpaperWindowToken{22d72ad showWhenLocked=true} playing=true caller=com.android.server.wm.WallpaperControllerImpl.updateWallpaperTokens:178 
11-27 23:22:36.197 E/surfaceflinger( 2003): Cannot find perfservice
11-27 23:22:36.197 E/com.miui.home( 5385): backgroundBlur makeBackgroundImage if(!mSnapshot && mSurfaceTex). will return
11-27 23:22:36.197 E/Launcher( 5385): mFsGestureStatusRefreshRunnable:run usingFsGesture=true   show=true   focus=false   pause=false
11-27 23:22:36.198 E/TransitionController( 3688): Set visible without transition WallpaperWindowToken{22d72ad showWhenLocked=true} playing=true caller=com.android.server.wm.WallpaperControllerImpl.updateWallpaperTokens:178 
11-27 23:22:36.203 E/TransitionChain( 3688): Can't collect into a chain with no transition
11-27 23:22:36.205 E/MI-SF   ( 2003): Invalid DisplayFeature Callback Code 0
11-27 23:22:36.237 E/RotationHelper( 5385): setCurrentTransitionRequest: request=2
11-27 23:22:36.237 E/RotationHelper( 5385): notifyChange activityFlags=1, mMultiWindowRotationRequest=3, mCurrentTransitionRequest=2, mCurrentStateRequest=0
11-27 23:22:36.238 E/StateNotifyUtils( 5385): sendFsStateBroadCast state=taskSnapshot   channel=gesture   packageName=
11-27 23:22:36.238 E/ClipAnimationHelper( 5385): updateSourceStack  mSourceInsets=Rect(0, 0 - 0, 0), mSourceStackBounds=Rect(0, 0 - 1200, 2670)
11-27 23:22:36.238 E/ClipAnimationHelper( 5385): updateHomeStack  mSourceInsets=Rect(0, 0 - 0, 0), mHomeStackBounds=Rect(0, 0 - 0, 0)
11-27 23:22:36.238 E/ClipAnimationHelper( 5385): updateSourceStack  mSourceInsets=Rect(0, 0 - 0, 0), mSourceStackBounds=Rect(0, 0 - 1200, 2670)
11-27 23:22:36.238 E/ClipAnimationHelper( 5385): updateHomeStack  mSourceInsets=Rect(0, 0 - 0, 0), mHomeStackBounds=Rect(0, 0 - 0, 0)
11-27 23:22:36.238 E/ClipAnimationHelper( 5385): updateTargetRect  mSourceRect=RectF(0.0, 0.0, 1200.0, 2664.3677)   mTargetRect=RectF(339.0, 0.0, 861.0, 1159.0)   mSourceWindowClipInsets=RectF(0.0, 0.0, 0.0, 5.632324)   mHomeStackBounds=Rect(0, 0 - 0, 0)   targetRect=Rect(339, 0 - 861, 1159)
11-27 23:22:36.238 E/ClipAnimationHelper( 5385): updateTargetRect  mSourceRect=RectF(0.0, 0.0, 1200.0, 2670.0)   mTargetRect=RectF(0.0, 0.0, 1200.0, 2670.0)   mSourceWindowClipInsets=RectF(0.0, 0.0, 0.0, 0.0)   mHomeStackBounds=Rect(0, 0 - 0, 0)   targetRect=Rect(0, 0 - 1200, 2670)
11-27 23:22:36.238 E/WindowManager( 3688):  source = Task{fe049f5 #814 type=standard A=10195:com.android.chrome} excludeMiuiNavBar = true excludeMiuiStatusBar = true excludeIme = false excludeNavBar = true miuiNavSurfaceControl = Surface(name=NavigationBar Container of Task = 814#21126)/@0x186538a miuiStatusSurfaceControl = Surface(name=StatusBar Container of Task = 814#21127)/@0xa61cdfb
11-27 23:22:36.239 E/BlurUtils( 5385): fastBlur ratio=0.0   withAnim=false   sBlurRatioValue=0.0
11-27 23:22:36.244 E/WindowManager( 3688):  source = Task{fe049f5 #814 type=standard A=10195:com.android.chrome} excludeMiuiNavBar = true excludeMiuiStatusBar = true excludeIme = false excludeNavBar = true miuiNavSurfaceControl = Surface(name=NavigationBar Container of Task = 814#21126)/@0x186538a miuiStatusSurfaceControl = Surface(name=StatusBar Container of Task = 814#21127)/@0xa61cdfb
11-27 23:22:36.248 E/MultiSpringDynamicAnimation7961452( 5385): ERROR Not Found Bundle Radius
11-27 23:22:36.248 E/MultiSpringDynamicAnimation7961452( 5385): ERROR Not Found Bundle SurfaceExtAlpha
11-27 23:22:36.248 E/MultiSpringDynamicAnimation7961452( 5385): ERROR Not Found Bundle appLeashBlurRadius
11-27 23:22:36.248 E/MultiSpringDynamicAnimation7961452( 5385): ERROR Not Found Bundle SurfaceExtAlpha
11-27 23:22:36.248 E/MultiSpringDynamicAnimation7961452( 5385): ERROR Not Found Bundle SurfaceExtAlpha
11-27 23:22:36.248 E/MultiSpringDynamicAnimation7961452( 5385): ERROR Not Found Bundle appLeashBlurRadius
11-27 23:22:36.254 E/StateNotifyUtils( 5385): sendFsStateBroadCast state=startControlAppWindow   channel=gesture   packageName=
11-27 23:22:36.254 E/MultiSpringDynamicAnimation7961452( 5385): ERROR Not Found Bundle Radius
11-27 23:22:36.255 E/MultiSpringDynamicAnimation7961452( 5385): ERROR Not Found Bundle Radius
11-27 23:22:36.255 E/MultiSpringDynamicAnimation7961452( 5385): ERROR Not Found Bundle SurfaceExtAlpha
11-27 23:22:36.255 E/MultiSpringDynamicAnimation7961452( 5385): ERROR Not Found Bundle appLeashBlurRadius
11-27 23:22:36.255 E/MultiSpringDynamicAnimation7961452( 5385): ERROR Not Found Bundle SurfaceExtAlpha
11-27 23:22:36.262 E/MultiSpringDynamicAnimation7961452( 5385): ERROR Not Found Bundle Radius
11-27 23:22:36.264 E/MultiSpringDynamicAnimation7961452( 5385): ERROR Not Found Bundle Radius
11-27 23:22:36.264 E/MultiSpringDynamicAnimation7961452( 5385): ERROR Not Found Bundle SurfaceExtAlpha
11-27 23:22:36.264 E/MultiSpringDynamicAnimation7961452( 5385): ERROR Not Found Bundle appLeashBlurRadius
11-27 23:22:36.264 E/MultiSpringDynamicAnimation7961452( 5385): ERROR Not Found Bundle SurfaceExtAlpha
11-27 23:22:36.264 E/PERFHAL-WLC-SCENARIO( 1820): PERFHAL-WLC-SCENARIO: GetWeight() 127: empty appName or WLC is not initialized
11-27 23:22:36.264 E/PERFHAL-WLC-SCENARIO( 1820): PERFHAL-WLC-SCENARIO: GetWeight() 127: empty appName or WLC is not initialized
11-27 23:22:36.264 E/PERFHAL-SERVICE( 1820): PERFHAL-SERVICE: perfHintAsync() 599: perfHintAsync SubmitScenarioDRequest initcomplete
11-27 23:22:36.270 E/MultiSpringDynamicAnimation7961452( 5385): ERROR Not Found Bundle Radius
11-27 23:22:36.271 E/MultiSpringDynamicAnimation7961452( 5385): ERROR Not Found Bundle Radius
11-27 23:22:36.271 E/MultiSpringDynamicAnimation7961452( 5385): ERROR Not Found Bundle SurfaceExtAlpha
11-27 23:22:36.271 E/MultiSpringDynamicAnimation7961452( 5385): ERROR Not Found Bundle appLeashBlurRadius
11-27 23:22:36.271 E/MultiSpringDynamicAnimation7961452( 5385): ERROR Not Found Bundle SurfaceExtAlpha
11-27 23:22:36.278 E/MultiSpringDynamicAnimation7961452( 5385): ERROR Not Found Bundle Radius
11-27 23:22:36.279 E/MultiSpringDynamicAnimation7961452( 5385): ERROR Not Found Bundle Radius
11-27 23:22:36.279 E/MultiSpringDynamicAnimation7961452( 5385): ERROR Not Found Bundle SurfaceExtAlpha
11-27 23:22:36.279 E/MultiSpringDynamicAnimation7961452( 5385): ERROR Not Found Bundle appLeashBlurRadius
11-27 23:22:36.279 E/MultiSpringDynamicAnimation7961452( 5385): ERROR Not Found Bundle SurfaceExtAlpha
11-27 23:22:36.284 E/ConversionHelperAidl( 1945): Function: parseAndSetVendorParameters Line: 94 Failed 
11-27 23:22:36.284 E/ConversionHelperAidl( 1945): Function: parseAndSetVendorParameters Line: 94 Failed 
11-27 23:22:36.284 E/ConversionHelperAidl( 1945): Function: parseAndSetVendorParameters Line: 94 Failed 
11-27 23:22:36.287 E/MultiSpringDynamicAnimation7961452( 5385): ERROR Not Found Bundle Radius
11-27 23:22:36.289 E/MultiSpringDynamicAnimation7961452( 5385): ERROR Not Found Bundle Radius
11-27 23:22:36.289 E/MultiSpringDynamicAnimation7961452( 5385): ERROR Not Found Bundle SurfaceExtAlpha
11-27 23:22:36.289 E/MultiSpringDynamicAnimation7961452( 5385): ERROR Not Found Bundle appLeashBlurRadius
11-27 23:22:36.289 E/MultiSpringDynamicAnimation7961452( 5385): ERROR Not Found Bundle SurfaceExtAlpha
11-27 23:22:36.295 E/MultiSpringDynamicAnimation7961452( 5385): ERROR Not Found Bundle Radius
11-27 23:22:36.296 E/MultiSpringDynamicAnimation7961452( 5385): ERROR Not Found Bundle Radius
11-27 23:22:36.296 E/MultiSpringDynamicAnimation7961452( 5385): ERROR Not Found Bundle SurfaceExtAlpha
11-27 23:22:36.296 E/MultiSpringDynamicAnimation7961452( 5385): ERROR Not Found Bundle appLeashBlurRadius
11-27 23:22:36.296 E/MultiSpringDynamicAnimation7961452( 5385): ERROR Not Found Bundle SurfaceExtAlpha
11-27 23:22:36.303 E/MultiSpringDynamicAnimation7961452( 5385): ERROR Not Found Bundle Radius
11-27 23:22:36.304 E/MultiSpringDynamicAnimation7961452( 5385): ERROR Not Found Bundle Radius
11-27 23:22:36.304 E/MultiSpringDynamicAnimation7961452( 5385): ERROR Not Found Bundle SurfaceExtAlpha
11-27 23:22:36.304 E/MultiSpringDynamicAnimation7961452( 5385): ERROR Not Found Bundle appLeashBlurRadius
11-27 23:22:36.304 E/MultiSpringDynamicAnimation7961452( 5385): ERROR Not Found Bundle SurfaceExtAlpha
11-27 23:22:36.311 E/MultiSpringDynamicAnimation7961452( 5385): ERROR Not Found Bundle Radius
11-27 23:22:36.313 E/MultiSpringDynamicAnimation7961452( 5385): ERROR Not Found Bundle Radius
11-27 23:22:36.313 E/MultiSpringDynamicAnimation7961452( 5385): ERROR Not Found Bundle SurfaceExtAlpha
11-27 23:22:36.313 E/MultiSpringDynamicAnimation7961452( 5385): ERROR Not Found Bundle appLeashBlurRadius
11-27 23:22:36.313 E/MultiSpringDynamicAnimation7961452( 5385): ERROR Not Found Bundle SurfaceExtAlpha
11-27 23:22:36.319 E/MultiSpringDynamicAnimation7961452( 5385): ERROR Not Found Bundle Radius
11-27 23:22:36.321 E/MultiSpringDynamicAnimation7961452( 5385): ERROR Not Found Bundle Radius
11-27 23:22:36.321 E/MultiSpringDynamicAnimation7961452( 5385): ERROR Not Found Bundle SurfaceExtAlpha
11-27 23:22:36.321 E/MultiSpringDynamicAnimation7961452( 5385): ERROR Not Found Bundle appLeashBlurRadius
11-27 23:22:36.321 E/MultiSpringDynamicAnimation7961452( 5385): ERROR Not Found Bundle SurfaceExtAlpha
11-27 23:22:36.328 E/MultiSpringDynamicAnimation7961452( 5385): ERROR Not Found Bundle Radius
11-27 23:22:36.330 E/MultiSpringDynamicAnimation7961452( 5385): ERROR Not Found Bundle Radius
11-27 23:22:36.330 E/MultiSpringDynamicAnimation7961452( 5385): ERROR Not Found Bundle SurfaceExtAlpha
11-27 23:22:36.330 E/MultiSpringDynamicAnimation7961452( 5385): ERROR Not Found Bundle appLeashBlurRadius
11-27 23:22:36.330 E/MultiSpringDynamicAnimation7961452( 5385): ERROR Not Found Bundle SurfaceExtAlpha
11-27 23:22:36.336 E/MultiSpringDynamicAnimation7961452( 5385): ERROR Not Found Bundle Radius
11-27 23:22:36.337 E/MultiSpringDynamicAnimation7961452( 5385): ERROR Not Found Bundle Radius
11-27 23:22:36.337 E/MultiSpringDynamicAnimation7961452( 5385): ERROR Not Found Bundle SurfaceExtAlpha
11-27 23:22:36.337 E/MultiSpringDynamicAnimation7961452( 5385): ERROR Not Found Bundle appLeashBlurRadius
11-27 23:22:36.337 E/MultiSpringDynamicAnimation7961452( 5385): ERROR Not Found Bundle SurfaceExtAlpha
11-27 23:22:36.344 E/MultiSpringDynamicAnimation7961452( 5385): ERROR Not Found Bundle Radius
