11-27 23:19:04.423 D/nativeloader( 4502): Load libframework-connectivity-tiramisu-jni.so using APEX ns com_android_tethering for caller /apex/com.android.tethering/javalib/framework-connectivity-t.jar: ok
11-27 23:19:04.465 D/nativeloader( 4502): Configuring clns-10 for other apk /data/app/~~kWHDkElHDP-5yZLL6y-nXg==/com.android.vending-cGWzXWrJPXCLerg3affosg==/base.apk:/data/app/~~kWHDkElHDP-5yZLL6y-nXg==/com.android.vending-cGWzXWrJPXCLerg3affosg==/split_config.arm64_v8a.apk:/data/app/~~kWHDkElHDP-5yZLL6y-nXg==/com.android.vending-cGWzXWrJPXCLerg3affosg==/split_config.tr.apk:/data/app/~~kWHDkElHDP-5yZLL6y-nXg==/com.android.vending-cGWzXWrJPXCLerg3affosg==/split_phonesky_data_loader.apk:/data/app/~~kWHDkElHDP-5yZLL6y-nXg==/com.android.vending-cGWzXWrJPXCLerg3affosg==/split_phonesky_data_loader.config.arm64_v8a.apk:/data/app/~~kWHDkElHDP-5yZLL6y-nXg==/com.android.vending-cGWzXWrJPXCLerg3affosg==/split_phonesky_webrtc_native_lib.apk:/data/app/~~kWHDkElHDP-5yZLL6y-nXg==/com.android.vending-cGWzXWrJPXCLerg3affosg==/split_phonesky_webrtc_native_lib.config.arm64_v8a.apk. target_sdk_version=36, uses_libraries=, library_path=/data/app/~~kWHDkElHDP-5yZLL6y-nXg==/com.android.vending-cGWzXWrJPXCLerg3affosg==/lib/arm64:/data/app/~~kWHDkElHDP-5yZLL6y-nXg==/com.an
11-27 23:19:04.469 V/GraphicsEnvironment( 4502):   angle_gl_driver_selection_values=[angle, native, native, native]
11-27 23:19:04.476 D/nativeloader( 4502): Load libforcedarkimpl.so using system ns (caller=/system_ext/framework/miui-framework.jar): ok
11-27 23:19:04.481 I/NativeTurboSchedManager( 4502): Load libmiui_runtime
11-27 23:19:04.481 E/NativeTurboSchedManagerJni( 4502): open /dev/metis failed!
11-27 23:19:04.482 E/NativeTurboSchedManagerJni( 4502): open /dev/metis failed!
11-27 23:19:04.495 D/nativeloader( 4502): Load /data/app/~~kWHDkElHDP-5yZLL6y-nXg==/com.android.vending-cGWzXWrJPXCLerg3affosg==/split_config.arm64_v8a.apk!/lib/arm64-v8a/libmappedcountercacheversionjni.so using class loader ns clns-10 (caller=/data/app/~~kWHDkElHDP-5yZLL6y-nXg==/com.android.vending-cGWzXWrJPXCLerg3affosg==/base.apk): ok
11-27 23:19:12.253 D/MiSightJni( 5949): MiSight: Java_com_miui_misight_MiSight_nativeSendEvent enter called. '{"rsrpValue":-113}'
11-27 23:19:25.018 E/u4native(22290): [InfoLevelMessage] [INFO:not_a_file.cc(0)] BrowserIOThread heartbeat, pid/tid: 22290/896, interval/index: 30s/150, ucCoreSoImplVersion: 5.18.9.0_250713225318
11-27 23:19:25.018 E/u4native(22290): [InfoLevelMessage] [INFO:not_a_file.cc(0)] NetworkServiceThread heartbeat, pid/tid: 22290/918, interval/index: 30s/150
11-27 23:19:35.680 D/JavaheapMonitor(28737): Java heap used=4M max=256M, proc: com.android.vpndialogs
11-27 23:19:36.482 D/MiSightJni( 5949): MiSight: Java_com_miui_misight_MiSight_nativeSendEvent enter called. '{"rsrpValue":-113}'
11-27 23:19:36.487 D/QCNEJ/NativeAidlConnector( 5920): -> SND notifyDefaultNetworkChanged(0)
11-27 23:19:36.487 D/QCNEJ/WwanInfoRelay( 5920): onCapabilitiesChanged: 210 [ Transports: CELLULAR Capabilities: SUPL&INTERNET&NOT_RESTRICTED&TRUSTED&NOT_VPN&VALIDATED&NOT_ROAMING&FOREGROUND&NOT_CONGESTED&NOT_SUSPENDED&NOT_VCN_MANAGED&NOT_BANDWIDTH_CONSTRAINED LinkUpBandwidth>=13919Kbps LinkDnBandwidth>=13919Kbps Specifier: <TelephonyNetworkSpecifier [mSubId = 11]> SubscriptionIds: {11} UnderlyingNetworks: Null]
11-27 23:19:36.491 D/WM-NetworkStateTracker(18704): Network capabilities changed: [ Transports: CELLULAR Capabilities: SUPL&INTERNET&NOT_RESTRICTED&TRUSTED&NOT_VPN&VALIDATED&NOT_ROAMING&FOREGROUND&NOT_CONGESTED&NOT_SUSPENDED&NOT_VCN_MANAGED&NOT_BANDWIDTH_CONSTRAINED LinkUpBandwidth>=13919Kbps LinkDnBandwidth>=13919Kbps Specifier: <TelephonyNetworkSpecifier [mSubId = 11]> SubscriptionIds: {11} UnderlyingNetworks: Null]
11-27 23:19:36.492 D/WM-NetworkStateTracker(21730): Network capabilities changed: [ Transports: CELLULAR Capabilities: SUPL&INTERNET&NOT_RESTRICTED&TRUSTED&NOT_VPN&VALIDATED&NOT_ROAMING&FOREGROUND&NOT_CONGESTED&NOT_SUSPENDED&NOT_VCN_MANAGED&NOT_BANDWIDTH_CONSTRAINED LinkUpBandwidth>=13919Kbps LinkDnBandwidth>=13919Kbps Specifier: <TelephonyNetworkSpecifier [mSubId = 11]> SubscriptionIds: {11} UnderlyingNetworks: Null]
11-27 23:19:36.508 D/MiSightJni( 5949): MiSight: Java_com_miui_misight_MiSight_nativeSendEvent enter called. '{"fromRAT":13,"toRAT":13}'
11-27 23:19:38.301 D/MiSightJni( 5949): MiSight: Java_com_miui_misight_MiSight_nativeSendEvent enter called. '{"fromRAT":13,"toRAT":13}'
11-27 23:19:38.308 D/MiSightJni( 5949): MiSight: Java_com_miui_misight_MiSight_nativeSendEvent enter called. '{"fromRAT":13,"toRAT":13}'
11-27 23:19:38.589 W/NativeThread(22290): type=1400 audit(0.0:578537): avc:  denied  { read } for  name="unix" dev="proc" ino=4026532040 scontext=u:r:untrusted_app:s0:c158,c257,c512,c768 tcontext=u:object_r:proc_net:s0 tclass=file permissive=0 app=com.alibaba.intl.android.apps.poseidon
11-27 23:19:40.712 D/QCNEJ/WwanInfoRelay( 5920): onCapabilitiesChanged: 210 [ Transports: CELLULAR Capabilities: SUPL&INTERNET&NOT_RESTRICTED&TRUSTED&NOT_VPN&VALIDATED&NOT_ROAMING&FOREGROUND&NOT_CONGESTED&NOT_SUSPENDED&NOT_VCN_MANAGED&NOT_BANDWIDTH_CONSTRAINED LinkUpBandwidth>=21862Kbps LinkDnBandwidth>=37269Kbps Specifier: <TelephonyNetworkSpecifier [mSubId = 11]> SubscriptionIds: {11} UnderlyingNetworks: Null]
11-27 23:19:40.712 D/QCNEJ/NativeAidlConnector( 5920): -> SND notifyDefaultNetworkChanged(0)
11-27 23:19:40.714 D/WM-NetworkStateTracker(18704): Network capabilities changed: [ Transports: CELLULAR Capabilities: SUPL&INTERNET&NOT_RESTRICTED&TRUSTED&NOT_VPN&VALIDATED&NOT_ROAMING&FOREGROUND&NOT_CONGESTED&NOT_SUSPENDED&NOT_VCN_MANAGED&NOT_BANDWIDTH_CONSTRAINED LinkUpBandwidth>=21862Kbps LinkDnBandwidth>=37269Kbps Specifier: <TelephonyNetworkSpecifier [mSubId = 11]> SubscriptionIds: {11} UnderlyingNetworks: Null]
11-27 23:19:40.715 D/WM-NetworkStateTracker(21730): Network capabilities changed: [ Transports: CELLULAR Capabilities: SUPL&INTERNET&NOT_RESTRICTED&TRUSTED&NOT_VPN&VALIDATED&NOT_ROAMING&FOREGROUND&NOT_CONGESTED&NOT_SUSPENDED&NOT_VCN_MANAGED&NOT_BANDWIDTH_CONSTRAINED LinkUpBandwidth>=21862Kbps LinkDnBandwidth>=37269Kbps Specifier: <TelephonyNetworkSpecifier [mSubId = 11]> SubscriptionIds: {11} UnderlyingNetworks: Null]
11-27 23:19:45.349 D/MiSightJni( 5949): MiSight: Java_com_miui_misight_MiSight_nativeSendEvent enter called. '{"rsrpValue":-105}'
11-27 23:19:45.553 D/MiSightJni( 5949): MiSight: Java_com_miui_misight_MiSight_nativeSendEvent enter called. '{"fromRAT":13,"toRAT":13}'
11-27 23:19:55.048 E/u4native(22290): [InfoLevelMessage] [INFO:not_a_file.cc(0)] BrowserIOThread heartbeat, pid/tid: 22290/896, interval/index: 30s/151, ucCoreSoImplVersion: 5.18.9.0_250713225318
11-27 23:19:55.048 E/u4native(22290): [InfoLevelMessage] [INFO:not_a_file.cc(0)] NetworkServiceThread heartbeat, pid/tid: 22290/918, interval/index: 30s/151
11-27 23:19:55.549 D/MiSightJni( 5949): MiSight: Java_com_miui_misight_MiSight_nativeSendEvent enter called. '{"fromRAT":13,"toRAT":13}'
11-27 23:19:56.390 D/JavaheapMonitor(28737): Java heap used=4M max=256M, proc: com.android.vpndialogs
11-27 23:19:56.795 D/MiSightJni( 5949): MiSight: Java_com_miui_misight_MiSight_nativeSendEvent enter called. '{"fromRAT":13,"toRAT":13}'
11-27 23:19:56.805 D/MiSightJni( 5949): MiSight: Java_com_miui_misight_MiSight_nativeSendEvent enter called. '{"fromRAT":13,"toRAT":13}'
11-27 23:20:02.233 D/MiSightJni( 5949): MiSight: Java_com_miui_misight_MiSight_nativeSendEvent enter called. '{"rsrpValue":-112}'
11-27 23:20:18.788 D/MiSightJni( 5949): MiSight: Java_com_miui_misight_MiSight_nativeSendEvent enter called. '{"fromRAT":13,"toRAT":13}'
11-27 23:20:20.648 D/MiSightJni( 5949): MiSight: Java_com_miui_misight_MiSight_nativeSendEvent enter called. '{"fromRAT":13,"toRAT":13}'
11-27 23:20:25.075 E/u4native(22290): [InfoLevelMessage] [INFO:not_a_file.cc(0)] BrowserIOThread heartbeat, pid/tid: 22290/896, interval/index: 30s/152, ucCoreSoImplVersion: 5.18.9.0_250713225318
11-27 23:20:25.076 E/u4native(22290): [InfoLevelMessage] [INFO:not_a_file.cc(0)] NetworkServiceThread heartbeat, pid/tid: 22290/918, interval/index: 30s/152
11-27 23:20:25.796 D/MiSightJni( 5949): MiSight: Java_com_miui_misight_MiSight_nativeSendEvent enter called. '{"fromRAT":13,"toRAT":13}'
11-27 23:20:25.802 D/MiSightJni( 5949): MiSight: Java_com_miui_misight_MiSight_nativeSendEvent enter called. '{"fromRAT":13,"toRAT":13}'
11-27 23:20:31.545 D/MiSightJni( 5949): MiSight: Java_com_miui_misight_MiSight_nativeSendEvent enter called. '{"rsrpValue":-112}'
11-27 23:20:33.718 D/MiSightJni( 5949): MiSight: Java_com_miui_misight_MiSight_nativeSendEvent enter called. '{"rsrpValue":-112}'
11-27 23:20:33.721 D/QCNEJ/WwanInfoRelay( 5920): onCapabilitiesChanged: 210 [ Transports: CELLULAR Capabilities: SUPL&INTERNET&NOT_RESTRICTED&TRUSTED&NOT_VPN&VALIDATED&NOT_ROAMING&FOREGROUND&NOT_CONGESTED&NOT_SUSPENDED&NOT_VCN_MANAGED&NOT_BANDWIDTH_CONSTRAINED LinkUpBandwidth>=13919Kbps LinkDnBandwidth>=13919Kbps Specifier: <TelephonyNetworkSpecifier [mSubId = 11]> SubscriptionIds: {11} UnderlyingNetworks: Null]
11-27 23:20:33.721 D/QCNEJ/NativeAidlConnector( 5920): -> SND notifyDefaultNetworkChanged(0)
11-27 23:20:33.725 D/WM-NetworkStateTracker(18704): Network capabilities changed: [ Transports: CELLULAR Capabilities: SUPL&INTERNET&NOT_RESTRICTED&TRUSTED&NOT_VPN&VALIDATED&NOT_ROAMING&FOREGROUND&NOT_CONGESTED&NOT_SUSPENDED&NOT_VCN_MANAGED&NOT_BANDWIDTH_CONSTRAINED LinkUpBandwidth>=13919Kbps LinkDnBandwidth>=13919Kbps Specifier: <TelephonyNetworkSpecifier [mSubId = 11]> SubscriptionIds: {11} UnderlyingNetworks: Null]
11-27 23:20:33.728 D/WM-NetworkStateTracker(21730): Network capabilities changed: [ Transports: CELLULAR Capabilities: SUPL&INTERNET&NOT_RESTRICTED&TRUSTED&NOT_VPN&VALIDATED&NOT_ROAMING&FOREGROUND&NOT_CONGESTED&NOT_SUSPENDED&NOT_VCN_MANAGED&NOT_BANDWIDTH_CONSTRAINED LinkUpBandwidth>=13919Kbps LinkDnBandwidth>=13919Kbps Specifier: <TelephonyNetworkSpecifier [mSubId = 11]> SubscriptionIds: {11} UnderlyingNetworks: Null]
11-27 23:20:33.746 D/MiSightJni( 5949): MiSight: Java_com_miui_misight_MiSight_nativeSendEvent enter called. '{"fromRAT":13,"toRAT":13}'
11-27 23:20:55.094 E/u4native(22290): [InfoLevelMessage] [INFO:not_a_file.cc(0)] BrowserIOThread heartbeat, pid/tid: 22290/896, interval/index: 30s/153, ucCoreSoImplVersion: 5.18.9.0_250713225318
11-27 23:20:55.104 E/u4native(22290): [InfoLevelMessage] [INFO:not_a_file.cc(0)] NetworkServiceThread heartbeat, pid/tid: 22290/918, interval/index: 30s/153
11-27 23:21:01.879 D/MiSightJni( 5949): MiSight: Java_com_miui_misight_MiSight_nativeSendEvent enter called. '{"fromRAT":13,"toRAT":13}'
11-27 23:21:04.064 D/MiSightJni( 5949): MiSight: Java_com_miui_misight_MiSight_nativeSendEvent enter called. '{"fromRAT":13,"toRAT":13}'
11-27 23:21:04.072 D/MiSightJni( 5949): MiSight: Java_com_miui_misight_MiSight_nativeSendEvent enter called. '{"fromRAT":13,"toRAT":13}'
11-27 23:21:05.794 D/MiSightJni( 5949): MiSight: Java_com_miui_misight_MiSight_nativeSendEvent enter called. '{"fromRAT":13,"toRAT":13}'
11-27 23:21:05.801 D/MiSightJni( 5949): MiSight: Java_com_miui_misight_MiSight_nativeSendEvent enter called. '{"fromRAT":13,"toRAT":13}'
11-27 23:21:07.303 D/QCNEJ/WwanInfoRelay( 5920): onCapabilitiesChanged: 210 [ Transports: CELLULAR Capabilities: SUPL&INTERNET&NOT_RESTRICTED&TRUSTED&NOT_VPN&VALIDATED&NOT_ROAMING&FOREGROUND&NOT_CONGESTED&NOT_SUSPENDED&NOT_VCN_MANAGED&NOT_BANDWIDTH_CONSTRAINED LinkUpBandwidth>=21862Kbps LinkDnBandwidth>=37269Kbps Specifier: <TelephonyNetworkSpecifier [mSubId = 11]> SubscriptionIds: {11} UnderlyingNetworks: Null]
11-27 23:21:07.304 D/QCNEJ/NativeAidlConnector( 5920): -> SND notifyDefaultNetworkChanged(0)
11-27 23:21:07.307 D/WM-NetworkStateTracker(18704): Network capabilities changed: [ Transports: CELLULAR Capabilities: SUPL&INTERNET&NOT_RESTRICTED&TRUSTED&NOT_VPN&VALIDATED&NOT_ROAMING&FOREGROUND&NOT_CONGESTED&NOT_SUSPENDED&NOT_VCN_MANAGED&NOT_BANDWIDTH_CONSTRAINED LinkUpBandwidth>=21862Kbps LinkDnBandwidth>=37269Kbps Specifier: <TelephonyNetworkSpecifier [mSubId = 11]> SubscriptionIds: {11} UnderlyingNetworks: Null]
11-27 23:21:07.308 D/WM-NetworkStateTracker(21730): Network capabilities changed: [ Transports: CELLULAR Capabilities: SUPL&INTERNET&NOT_RESTRICTED&TRUSTED&NOT_VPN&VALIDATED&NOT_ROAMING&FOREGROUND&NOT_CONGESTED&NOT_SUSPENDED&NOT_VCN_MANAGED&NOT_BANDWIDTH_CONSTRAINED LinkUpBandwidth>=21862Kbps LinkDnBandwidth>=37269Kbps Specifier: <TelephonyNetworkSpecifier [mSubId = 11]> SubscriptionIds: {11} UnderlyingNetworks: Null]
11-27 23:21:14.333 W/NativeThread(22290): type=1400 audit(0.0:578698): avc:  denied  { read } for  name="unix" dev="proc" ino=4026532040 scontext=u:r:untrusted_app:s0:c158,c257,c512,c768 tcontext=u:object_r:proc_net:s0 tclass=file permissive=0 app=com.alibaba.intl.android.apps.poseidon
11-27 23:21:23.821 D/MiSightJni( 5949): MiSight: Java_com_miui_misight_MiSight_nativeSendEvent enter called. '{"fromRAT":13,"toRAT":13}'
11-27 23:21:25.119 E/u4native(22290): [InfoLevelMessage] [INFO:not_a_file.cc(0)] BrowserIOThread heartbeat, pid/tid: 22290/896, interval/index: 30s/154, ucCoreSoImplVersion: 5.18.9.0_250713225318
11-27 23:21:25.130 E/u4native(22290): [InfoLevelMessage] [INFO:not_a_file.cc(0)] NetworkServiceThread heartbeat, pid/tid: 22290/918, interval/index: 30s/154
11-27 23:21:25.752 D/MiSightJni( 5949): MiSight: Java_com_miui_misight_MiSight_nativeSendEvent enter called. '{"fromRAT":13,"toRAT":13}'
11-27 23:21:25.757 D/MiSightJni( 5949): MiSight: Java_com_miui_misight_MiSight_nativeSendEvent enter called. '{"fromRAT":13,"toRAT":13}'
11-27 23:21:25.767 D/MiSightJni( 5949): MiSight: Java_com_miui_misight_MiSight_nativeSendEvent enter called. '{"fromRAT":13,"toRAT":13}'
11-27 23:21:34.889 W/service ( 6557): Thread Pool max thread count is 0. Cannot cache binder as linkToDeath cannot be implemented. serviceName: connectivity_native
11-27 23:21:34.898 W/service ( 6557): Thread Pool max thread count is 0. Cannot cache binder as linkToDeath cannot be implemented. serviceName: miui.mqsas.IMQSNative
11-27 23:21:34.903 W/service ( 6557): Thread Pool max thread count is 0. Cannot cache binder as linkToDeath cannot be implemented. serviceName: package_native
11-27 23:21:34.904 W/service ( 6557): Thread Pool max thread count is 0. Cannot cache binder as linkToDeath cannot be implemented. serviceName: platform_compat_native
11-27 23:21:34.935 W/service ( 6557): Thread Pool max thread count is 0. Cannot cache binder as linkToDeath cannot be implemented. serviceName: vendor.xiaomi.hardware.fx.tunnel.IMiFxTunnel/default
11-27 23:21:34.942 W/service ( 6557): Thread Pool max thread count is 0. Cannot cache binder as linkToDeath cannot be implemented. serviceName: virtualdevice_native
11-27 23:21:34.942 W/service ( 6557): Thread Pool max thread count is 0. Cannot cache binder as linkToDeath cannot be implemented. serviceName: vpn_management
11-27 23:21:35.017 W/service ( 6571): Thread Pool max thread count is 0. Cannot cache binder as linkToDeath cannot be implemented. serviceName: connectivity_native
11-27 23:21:35.028 W/service ( 6571): Thread Pool max thread count is 0. Cannot cache binder as linkToDeath cannot be implemented. serviceName: miui.mqsas.IMQSNative
11-27 23:21:35.031 W/service ( 6571): Thread Pool max thread count is 0. Cannot cache binder as linkToDeath cannot be implemented. serviceName: package_native
11-27 23:21:35.032 W/service ( 6571): Thread Pool max thread count is 0. Cannot cache binder as linkToDeath cannot be implemented. serviceName: platform_compat_native
11-27 23:21:35.062 W/service ( 6571): Thread Pool max thread count is 0. Cannot cache binder as linkToDeath cannot be implemented. serviceName: vendor.xiaomi.hardware.fx.tunnel.IMiFxTunnel/default
11-27 23:21:35.068 W/service ( 6571): Thread Pool max thread count is 0. Cannot cache binder as linkToDeath cannot be implemented. serviceName: virtualdevice_native
11-27 23:21:35.069 W/service ( 6571): Thread Pool max thread count is 0. Cannot cache binder as linkToDeath cannot be implemented. serviceName: vpn_management
11-27 23:21:41.894 I/Watchdog( 3688): Pausing HandlerChecker: i/o thread for reason: extract_native_libraries. Pause count: 1
11-27 23:21:42.539 I/Watchdog( 3688): Resuming HandlerChecker: i/o thread for reason: extract_native_libraries. Pause count: 0
11-27 23:21:42.545 I/Finsky  ( 1331): [2] VerifyApps: Install-time verification requested for package com.hyperxray.an, PackageManager id = 72, Verifier id = 686a671c-641f-4adb-b9a6-2b6591bdf6b2
11-27 23:21:42.672 I/Finsky  ( 1331): [4612] VerifyApps: Anti-malware verification task started for package=com.hyperxray.an
11-27 23:21:43.745 I/Finsky  ( 1331): [3104] VerifyApps: Starting APK Analysis scan for com.hyperxray.an.
11-27 23:21:43.745 I/Finsky  ( 1331): [3104] Scanning package com.hyperxray.an contents with client side protections. File: [AeFHL0Swg5xHCGPcHg_XFQozp0IfbYvn8SWd3yLUq3g]
11-27 23:21:43.745 I/Finsky  ( 1331): [3104] VerifyApps: APK Analysis scan finished for com.hyperxray.an. Verdict: SAFE
11-27 23:21:44.097 I/Finsky  ( 1331): [4615] VerifyApps: Verification package=com.hyperxray.an, id=72, response=0, upload_requested=false, enable_ecm=false
11-27 23:21:44.097 I/Finsky  ( 1331): [4615] VerifyApps: PAM result saving to datastore delayed for package: com.hyperxray.an
11-27 23:21:44.099 I/Finsky  ( 1331): [2] VerifyApps: Install-time verification complete: id=72, package_name=com.hyperxray.an
11-27 23:21:44.100 D/InstallDependencyHelper( 3688): No missing dependency for com.hyperxray.an
11-27 23:21:44.114 D/Transition( 3688): setReady 941 wc=Task{96769ee #811 type=standard I=com.hyperxray.an/.activity.MainActivity} ready=false
11-27 23:21:44.116 W/DynamicDDSService( 5709): appName is running in background.com.hyperxray.an
11-27 23:21:44.122 D/BarFollowAnimation( 3688): onTaskInfoChanedForCaptionBar Task{96769ee #811 type=standard I=com.hyperxray.an/.activity.MainActivity} shouldbeVisible:true isVisible:true windowMode:1 mCaptionAssociatedTask:null mIsTouchedInCaption:false
11-27 23:21:44.122 D/BarFollowAnimation( 3688): isAppTaskBarOnTop win:Window{d8461cd u0 com.hyperxray.an/com.hyperxray.an.activity.MainActivity} (mCurrentTopTask:Task{ba9eb71 #812 type=standard A=1000:com.miui.securitycenter nonResizable} : true); (mAssociatedTask:Task{96769ee #811 type=standard I=com.hyperxray.an/.activity.MainActivity} : true); (mHomeTask:Task{c7eba92 #1 type=home} : false); mReparentToOriginParent:false mLastAppBarVisible:true mLastHomeBarVisible:false
11-27 23:21:44.125 D/BarFollowAnimation( 3688): pairAppearanceRegionAndWin win=Window{d8461cd u0 com.hyperxray.an/com.hyperxray.an.activity.MainActivity} 0
11-27 23:21:44.125 D/BarFollowAnimation( 3688): isAppTaskBarOnTop win:Window{d8461cd u0 com.hyperxray.an/com.hyperxray.an.activity.MainActivity} (mCurrentTopTask:Task{ba9eb71 #812 type=standard A=1000:com.miui.securitycenter nonResizable} : true); (mAssociatedTask:Task{96769ee #811 type=standard I=com.hyperxray.an/.activity.MainActivity} : true); (mHomeTask:Task{c7eba92 #1 type=home} : false); mReparentToOriginParent:false mLastAppBarVisible:true mLastHomeBarVisible:false
11-27 23:21:44.127 D/MiuiDecorationController( 6013): relayout::taskId=811, visible=true, bounds=Rect(0, 0 - 1200, 2670), focused=false, oldImmersive=false, newImmersive=false, windowMode=1, activityType=1, displayId=0, baseActivity=ComponentInfo{com.hyperxray.an/com.hyperxray.an.activity.MainActivity}, topActivity=ComponentInfo{com.hyperxray.an/com.hyperxray.an.activity.MainActivity}, callers=com.android.wm.shell.multitasking.miuimultiwinswitch.miuiwindowdecor.decoration.MiuiDecorationController.relayout:4 com.android.wm.shell.multitasking.miuimultiwinswitch.miuiwindowdecor.MulWinSwitchDecorViewModel.onTaskInfoChanged:18 com.android.wm.shell.multitasking.common.taskmanager.MultiTaskingTaskListener.onTaskInfoChanged:47 com.android.wm.shell.ShellTaskOrganizer.onTaskInfoChanged:129 android.window.TaskOrganizer$1.lambda$onTaskInfoChanged$6:300 
11-27 23:21:44.127 E/ActivityManagerWrapper( 5385):  mainTaskId=811   userId=0   windowMode=1   isExcludedFromRecents=false   baseIntent=Intent { act=android.intent.action.MAIN flag=270532608 cmp=ComponentInfo{com.hyperxray.an/com.hyperxray.an.activity.MainActivity} }
11-27 23:21:44.127 D/RecentsTaskLoader( 5385): reloadTasksData [TaskKey{id=811, stackId=0, baseIntent=Intent { act=android.intent.action.MAIN cat=[android.intent.category.LAUNCHER] flg=0x10200000 cmp=com.hyperxray.an/.activity.MainActivity }, userId=0, lastActiveTime=52133574, windowingMode=1, isThumbnailBlur=false, isAccessLocked=false, isScreening=false, topActivity=ComponentInfo{com.hyperxray.an/com.hyperxray.an.activity.MainActivity}, mHashCode=25084053}, title=HyperXray, titleDescription=HyperXray, bounds=null, isLaunchTarget=false, isStackTask=true, isSystemApp=false, isDockable=true, baseActivity=ComponentInfo{com.hyperxray.an/com.hyperxray.an.activity.MainActivity}, isLocked=false, mNeedHide=false, hasMultipleTasks=false, cti1Key=, cti2Key=] 
11-27 23:21:44.128 D/ActivityTaskManager( 3688):  setSkipCaptureLayers tr: Task{96769ee #811 type=standard I=com.hyperxray.an/.activity.MainActivity}
11-27 23:21:44.129 I/ProcessMonitor(13712): onForegroundInfoChanged: ForegroundInfo{mForegroundPackageName='com.miui.securitycenter', mForegroundUid=1000, mForegroundPid=12920, mForegroundDisplayId=0, mLastForegroundPackageName='com.hyperxray.an', mLastForegroundUid=10570, mLastForegroundPid=20553, mLastForegroundDisplayId=0, mMultiWindowForegroundPackageName='com.miui.securitycenter', mMultiWindowForegroundUid=1000, mFlags=0}
11-27 23:21:44.129 D/powerkeeper.dfsmutstart(12969): get last app com.hyperxray.an duration is over 1 min
11-27 23:21:44.130 I/ActivityTaskManager( 3688): moveTaskToFront: Task{96769ee #811 type=standard I=com.hyperxray.an/.activity.MainActivity} caller trace:com.android.server.wm.TaskDisplayArea.onTaskMoved:461 com.android.server.wm.Task.updateTaskMovement:1756 com.android.server.wm.TaskDisplayArea.positionChildTaskAt:425 com.android.server.wm.TaskDisplayArea.positionChildAt:386 com.android.server.wm.Task.moveToFront:6218 com.android.server.wm.Task.moveToFront:6188 com.android.server.wm.Task.moveToFront:6178 com.android.server.wm.Task.adjustFocusToNextFocusableTask:3475 com.android.server.wm.ActivityRecord.finishIfPossible:4183 com.android.server.wm.ActivityClientController.finishActivity:639 
11-27 23:21:44.130 D/As.ActivityMmReduceLoadHelper( 3688): onTaskMovedToFront: mTopActivityPackageName: com.hyperxray.an mTopActivityClassName: com.hyperxray.an.activity.MainActivity
11-27 23:21:44.130 D/PerfEngineController(12969): ForegroundInfo{mForegroundPackageName='com.miui.securitycenter', mForegroundUid=1000, mForegroundPid=12920, mForegroundDisplayId=0, mLastForegroundPackageName='com.hyperxray.an', mLastForegroundUid=10570, mLastForegroundPid=20553, mLastForegroundDisplayId=0, mMultiWindowForegroundPackageName='com.miui.securitycenter', mMultiWindowForegroundUid=1000, mFlags=0}
11-27 23:21:44.130 I/GameBoosterService(13712): onForegroundInfoChanged: Cur=com.miui.securitycenter	 last=com.hyperxray.an
11-27 23:21:44.131 D/BarFollowAnimation( 3688): pairAppearanceRegionAndWin win=Window{d8461cd u0 com.hyperxray.an/com.hyperxray.an.activity.MainActivity} 0
11-27 23:21:44.131 D/BarFollowAnimation( 3688): isAppTaskBarOnTop win:Window{d8461cd u0 com.hyperxray.an/com.hyperxray.an.activity.MainActivity} (mCurrentTopTask:Task{ba9eb71 #812 type=standard A=1000:com.miui.securitycenter nonResizable} : true); (mAssociatedTask:Task{96769ee #811 type=standard I=com.hyperxray.an/.activity.MainActivity} : true); (mHomeTask:Task{c7eba92 #1 type=home} : false); mReparentToOriginParent:false mLastAppBarVisible:true mLastHomeBarVisible:false
11-27 23:21:44.133 D/KeyguardEditorHelper( 6013): onTopActivityMayChanged, topActivity=ComponentInfo{com.hyperxray.an/com.hyperxray.an.activity.MainActivity}; mState=IDEL
11-27 23:21:44.134 D/GameBoosterService(13712): onGameStatusChange foreground:ForegroundInfo{mForegroundPackageName='com.miui.securitycenter', mForegroundUid=1000, mForegroundPid=12920, mForegroundDisplayId=0, mLastForegroundPackageName='com.hyperxray.an', mLastForegroundUid=10570, mLastForegroundPid=20553, mLastForegroundDisplayId=0, mMultiWindowForegroundPackageName='com.miui.securitycenter', mMultiWindowForegroundUid=1000, mFlags=0}
11-27 23:21:44.134 I/BeautyService(13712): onForegroundInfoChanged: Cur=com.miui.securitycenter	 last=com.hyperxray.an
11-27 23:21:44.135 E/ActivityManagerWrapper( 5385):  mainTaskId=811   userId=0   windowMode=1   isExcludedFromRecents=false   baseIntent=Intent { act=android.intent.action.MAIN flag=270532608 cmp=ComponentInfo{com.hyperxray.an/com.hyperxray.an.activity.MainActivity} }
11-27 23:21:44.135 D/RecentsTaskLoader( 5385): reloadTasksData [TaskKey{id=811, stackId=0, baseIntent=Intent { act=android.intent.action.MAIN cat=[android.intent.category.LAUNCHER] flg=0x10200000 cmp=com.hyperxray.an/.activity.MainActivity }, userId=0, lastActiveTime=52133574, windowingMode=1, isThumbnailBlur=false, isAccessLocked=false, isScreening=false, topActivity=ComponentInfo{com.hyperxray.an/com.hyperxray.an.activity.MainActivity}, mHashCode=25084053}, title=HyperXray, titleDescription=HyperXray, bounds=null, isLaunchTarget=false, isStackTask=true, isSystemApp=false, isDockable=true, baseActivity=ComponentInfo{com.hyperxray.an/com.hyperxray.an.activity.MainActivity}, isLocked=false, mNeedHide=false, hasMultipleTasks=false, cti1Key=, cti2Key=] 
11-27 23:21:44.137 I/GST     (16020): forePkg: com.miui.securitycenter, preForePkg: com.hyperxray.an
11-27 23:21:44.141 D/PerfStubImpl( 3688): perfWarmLaunchBoost: com.hyperxray.an, -1, 1
11-27 23:21:44.142 D/BarFollowAnimation( 3688): onTaskInfoChanedForCaptionBar Task{96769ee #811 type=standard I=com.hyperxray.an/.activity.MainActivity} shouldbeVisible:true isVisible:true windowMode:1 mCaptionAssociatedTask:null mIsTouchedInCaption:false
11-27 23:21:44.142 I/DynamicDDSService( 5709): handleMessage(ACTIVITY_INVOKE{appInfo=com.hyperxray.an isFullScreen=}true)
11-27 23:21:44.143 D/BarFollowAnimation( 3688): isAppTaskBarOnTop win:Window{d8461cd u0 com.hyperxray.an/com.hyperxray.an.activity.MainActivity} (mCurrentTopTask:Task{96769ee #811 type=standard I=com.hyperxray.an/.activity.MainActivity} : true); (mAssociatedTask:Task{96769ee #811 type=standard I=com.hyperxray.an/.activity.MainActivity} : true); (mHomeTask:Task{c7eba92 #1 type=home} : false); mReparentToOriginParent:false mLastAppBarVisible:true mLastHomeBarVisible:false
11-27 23:21:44.143 I/ANDR-PWR-OPT( 1796): GAMEPOWEROPT: sendEvents() 231: Start hint for app com.hyperxray.an/com.hyperxray.an.activity.MainActivity/38, hintID : 4099, hintID hex : 1003 value: -1
11-27 23:21:44.143 D/WindowManager( 3688): wms.Input focus has changed to Window{d8461cd u0 com.hyperxray.an/com.hyperxray.an.activity.MainActivity} display=0 updateInputWindows = true
11-27 23:21:44.143 I/ANDR-PWR-OPT( 1796): PowerAppClassifier: getAppType() 59: checking app [com.hyperxray.an] is type 1
11-27 23:21:44.143 I/ANDR-PWR-OPT( 1796): GAMEPOWEROPT: isGame() 348: com.hyperxray.an is Game = 1
11-27 23:21:44.143 D/BarFollowAnimation( 3688): onTaskInfoChanedForCaptionBar Task{96769ee #811 type=standard I=com.hyperxray.an/.activity.MainActivity} shouldbeVisible:true isVisible:true windowMode:1 mCaptionAssociatedTask:null mIsTouchedInCaption:false
11-27 23:21:44.144 D/AurogonImmobulusMode( 3688): launch app processName = com.hyperxray.an uid = 10570
11-27 23:21:44.145 D/BarFollowAnimation( 3688): pairAppearanceRegionAndWin win=Window{d8461cd u0 com.hyperxray.an/com.hyperxray.an.activity.MainActivity} 0
11-27 23:21:44.145 D/BarFollowAnimation( 3688): isAppTaskBarOnTop win:Window{d8461cd u0 com.hyperxray.an/com.hyperxray.an.activity.MainActivity} (mCurrentTopTask:Task{96769ee #811 type=standard I=com.hyperxray.an/.activity.MainActivity} : true); (mAssociatedTask:Task{96769ee #811 type=standard I=com.hyperxray.an/.activity.MainActivity} : true); (mHomeTask:Task{c7eba92 #1 type=home} : false); mReparentToOriginParent:false mLastAppBarVisible:true mLastHomeBarVisible:false
11-27 23:21:44.146 D/WindowManagerService( 3688): may change transition changeInfo, task=Task{96769ee #811 type=standard I=com.hyperxray.an/.activity.MainActivity}mVisibleRequested=true
11-27 23:21:44.146 D/Activity(20553): Activity = ActivityInfo{e314f26 com.hyperxray.an.activity.MainActivity}, Resume onConfigurationChanged = {1.0 286mcc1mnc [tr_TR] ldltr sw369dp w369dp h822dp 520dpi nrml long hdr widecg port night finger -keyb/v/h -nav/h winConfig={ mBounds=Rect(0, 0 - 1200, 2670) mAppBounds=Rect(0, 0 - 1200, 2670) mMaxBounds=Rect(0, 0 - 1200, 2670) mDisplayRotation=ROTATION_0 mWindowingMode=fullscreen mActivityType=standard mAlwaysOnTop=undefined mRotation=ROTATION_0 mInSplitScreen=false letterBoxed=false foScaled=false isSpecificEmbedded=false embeddingScale=1.0} s.2 fontWeightAdjustment=0/d/o themeChanged=0 themeChangedFlags=0 display=0 extraData = Bundle[{}] screenType=0/o}
11-27 23:21:44.146 D/WindowManager( 3688): Final targets: [ChangeInfo{edefdbc container=Task{96769ee #811 type=standard I=com.hyperxray.an/.activity.MainActivity} flags=0x20}]
11-27 23:21:44.146 D/MiuiDecorationController( 6013): relayout::taskId=811, visible=true, bounds=Rect(0, 0 - 1200, 2670), focused=true, oldImmersive=false, newImmersive=false, windowMode=1, activityType=1, displayId=0, baseActivity=ComponentInfo{com.hyperxray.an/com.hyperxray.an.activity.MainActivity}, topActivity=ComponentInfo{com.hyperxray.an/com.hyperxray.an.activity.MainActivity}, callers=com.android.wm.shell.multitasking.miuimultiwinswitch.miuiwindowdecor.decoration.MiuiDecorationController.relayout:4 com.android.wm.shell.multitasking.miuimultiwinswitch.miuiwindowdecor.MulWinSwitchDecorViewModel.onTaskInfoChanged:18 com.android.wm.shell.multitasking.common.taskmanager.MultiTaskingTaskListener.onTaskInfoChanged:47 com.android.wm.shell.ShellTaskOrganizer.onTaskInfoChanged:129 android.window.TaskOrganizer$1.lambda$onTaskInfoChanged$6:300 
11-27 23:21:44.146 I/DynamicIslandService( 3688): elementSurfaceTransition is null for:com.hyperxray.an
11-27 23:21:44.146 D/WindowManager( 3688): Calling onTransitionReady info={id=941 t=OPEN f=0x0 trk=0 r=[0@Point(0, 0)] c=[{WCT{RemoteToken{70d7211 Task{96769ee #811 type=standard I=com.hyperxray.an/.activity.MainActivity}}} m=CHANGE f=MOVE_TO_TOP leash=Surface(name=Task=811#20982)/@0x17feb69 sb=Rect(0, 0 - 1200, 2670) eb=Rect(0, 0 - 1200, 2670) epz=Point(1200, 2670) d=0 taskParent=-1 v=trueMiuiChangeImpl {miuiEmbedding:false, scale:1.0}}] mk=[false] noAni=[false] df=[false] rsa=[false] oa=[false] nc=[0] ho=[false] hla=[false] iSync=[-1]}, mToken=Token{1e7044a TransitionRecord{556228a id=941 type=OPEN flags=0x0 c=[
11-27 23:21:44.146 D/WindowManager( 3688):    ChangeInfo{edefdbc container=Task{96769ee #811 type=standard I=com.hyperxray.an/.activity.MainActivity} flags=0x20}
11-27 23:21:44.147 D/BarFollowAnimation( 3688): disableBarAnimation change={WCT{RemoteToken{70d7211 Task{96769ee #811 type=standard I=com.hyperxray.an/.activity.MainActivity}}} m=CHANGE f=MOVE_TO_TOP leash=Surface(name=Task=811#20982)/@0x17feb69 sb=Rect(0, 0 - 1200, 2670) eb=Rect(0, 0 - 1200, 2670) epz=Point(1200, 2670) d=0 taskParent=-1 v=trueMiuiChangeImpl {miuiEmbedding:false, scale:1.0}} 1 1
11-27 23:21:44.147 D/BarFollowAnimation( 3688): startStatusBarAnimation change= {WCT{RemoteToken{70d7211 Task{96769ee #811 type=standard I=com.hyperxray.an/.activity.MainActivity}}} m=CHANGE f=MOVE_TO_TOP leash=Surface(name=Task=811#20982)/@0x17feb69 sb=Rect(0, 0 - 1200, 2670) eb=Rect(0, 0 - 1200, 2670) epz=Point(1200, 2670) d=0 taskParent=-1 v=trueMiuiChangeImpl {miuiEmbedding:false, scale:1.0}} isRecent=false startWindowMode=1 endWindowMode=1 statusState=-1 isRotationAnimation=false
11-27 23:21:44.147 D/BarFollowAnimation( 3688): startStatusBarAnimation task=Task{96769ee #811 type=standard I=com.hyperxray.an/.activity.MainActivity}
11-27 23:21:44.147 D/BarFollowAnimation( 3688): bindAssociatedTask task=Task{96769ee #811 type=standard I=com.hyperxray.an/.activity.MainActivity}
11-27 23:21:44.147 D/BarFollowAnimation( 3688): bindAssociatedTask task=Task{96769ee #811 type=standard I=com.hyperxray.an/.activity.MainActivity}
11-27 23:21:44.148 I/ProcessMonitor(13712): onForegroundInfoChanged: ForegroundInfo{mForegroundPackageName='com.hyperxray.an', mForegroundUid=10570, mForegroundPid=20553, mForegroundDisplayId=0, mLastForegroundPackageName='com.miui.securitycenter', mLastForegroundUid=1000, mLastForegroundPid=12920, mLastForegroundDisplayId=0, mMultiWindowForegroundPackageName='com.hyperxray.an', mMultiWindowForegroundUid=10570, mFlags=0}
11-27 23:21:44.148 D/MiuiDecorationController( 6013): relayout::taskId=811, visible=true, bounds=Rect(0, 0 - 1200, 2670), focused=true, oldImmersive=false, newImmersive=false, windowMode=1, activityType=1, displayId=0, baseActivity=ComponentInfo{com.hyperxray.an/com.hyperxray.an.activity.MainActivity}, topActivity=ComponentInfo{com.hyperxray.an/com.hyperxray.an.activity.MainActivity}, callers=com.android.wm.shell.multitasking.miuimultiwinswitch.miuiwindowdecor.MulWinSwitchDecorViewModel.onTaskChanging:110 com.android.wm.shell.freeform.FreeformTaskTransitionObserver.onTransitionReady:164 com.android.wm.shell.transition.Transitions.dispatchReady:237 com.android.wm.shell.transition.Transitions.onTransitionReady:246 com.android.wm.shell.transition.Transitions$TransitionPlayerImpl$$ExternalSyntheticLambda1.run:42 
11-27 23:21:44.148 D/RecentsImpl( 5385): onForegroundChanged, foregroundPackageName=com.hyperxray.an
11-27 23:21:44.149 D/DFS-AppUsageTracker(12969): Fg changed, new=com.hyperxray.an, but charging.
11-27 23:21:44.150 I/TransitionImpl( 3688): finishTransition: updateLastSurfacePosition tf=Task{96769ee #811 type=standard I=com.hyperxray.an/.activity.MainActivity}
11-27 23:21:44.152 D/MiuiIntegratedMemorySwap( 3688): uid:10570, packageName: com.hyperxray.an
11-27 23:21:44.152 D/PerfEngineController(12969): ForegroundInfo{mForegroundPackageName='com.hyperxray.an', mForegroundUid=10570, mForegroundPid=20553, mForegroundDisplayId=0, mLastForegroundPackageName='com.miui.securitycenter', mLastForegroundUid=1000, mLastForegroundPid=12920, mLastForegroundDisplayId=0, mMultiWindowForegroundPackageName='com.hyperxray.an', mMultiWindowForegroundUid=10570, mFlags=0}
11-27 23:21:44.153 D/ActivityTaskManager( 3688):  setSkipCaptureLayers tr: Task{96769ee #811 type=standard I=com.hyperxray.an/.activity.MainActivity}
11-27 23:21:44.153 I/GameBoosterService(13712): onForegroundInfoChanged: Cur=com.hyperxray.an	 last=com.miui.securitycenter
11-27 23:21:44.153 D/BarFollowAnimation( 3688): checkBarStatus mReparentToOriginParent:false hasTopFullAppTask:true mHomeTask:Task{c7eba92 #1 type=home} mCurrentTopTask: Task{96769ee #811 type=standard I=com.hyperxray.an/.activity.MainActivity} mAssociatedTask: Task{96769ee #811 type=standard I=com.hyperxray.an/.activity.MainActivity} homeTaskonTop:false mLastAppBarVisible:true mLastHomeBarVisible:false isInSplitScreen:false
11-27 23:21:44.153 D/BarFollowAnimation( 3688):  showAppNavBar  packageName = com.hyperxray.an mHasHideAppSurface = false mIsKeyguardGoingAway = false mNavBarState = -1
11-27 23:21:44.153 D/GameBoosterService(13712): onGameStatusChange foreground:ForegroundInfo{mForegroundPackageName='com.hyperxray.an', mForegroundUid=10570, mForegroundPid=20553, mForegroundDisplayId=0, mLastForegroundPackageName='com.miui.securitycenter', mLastForegroundUid=1000, mLastForegroundPid=12920, mLastForegroundDisplayId=0, mMultiWindowForegroundPackageName='com.hyperxray.an', mMultiWindowForegroundUid=10570, mFlags=0}
11-27 23:21:44.153 I/BeautyService(13712): onForegroundInfoChanged: Cur=com.hyperxray.an	 last=com.miui.securitycenter
11-27 23:21:44.153 D/BarFollowAnimation( 3688): pairAppearanceRegionAndWin win=Window{d8461cd u0 com.hyperxray.an/com.hyperxray.an.activity.MainActivity} 0
11-27 23:21:44.153 D/BarFollowAnimation( 3688): isAppTaskBarOnTop win:Window{d8461cd u0 com.hyperxray.an/com.hyperxray.an.activity.MainActivity} (mCurrentTopTask:Task{96769ee #811 type=standard I=com.hyperxray.an/.activity.MainActivity} : true); (mAssociatedTask:Task{96769ee #811 type=standard I=com.hyperxray.an/.activity.MainActivity} : true); (mHomeTask:Task{c7eba92 #1 type=home} : false); mReparentToOriginParent:false mLastAppBarVisible:true mLastHomeBarVisible:false
11-27 23:21:44.153 D/BarFollowAnimation( 3688): calculateAppSurface: task=Task{96769ee #811 type=standard I=com.hyperxray.an/.activity.MainActivity} appSurface=Surface(name=NavigationBar Container of Task = 811#20983)/@0xf62ce8f
11-27 23:21:44.154 D/BarFollowAnimation( 3688): pairAppearanceRegionAndWin win=Window{d8461cd u0 com.hyperxray.an/com.hyperxray.an.activity.MainActivity} 0
11-27 23:21:44.154 D/BarFollowAnimation( 3688): isAppTaskBarOnTop win:Window{d8461cd u0 com.hyperxray.an/com.hyperxray.an.activity.MainActivity} (mCurrentTopTask:Task{96769ee #811 type=standard I=com.hyperxray.an/.activity.MainActivity} : true); (mAssociatedTask:Task{96769ee #811 type=standard I=com.hyperxray.an/.activity.MainActivity} : true); (mHomeTask:Task{c7eba92 #1 type=home} : false); mReparentToOriginParent:false mLastAppBarVisible:true mLastHomeBarVisible:false
11-27 23:21:44.155 D/EventReceiver( 3688): foregroundChange uid  uid=10570 pkg=com.hyperxray.an
11-27 23:21:44.155 I/GST     (16020): forePkg: com.hyperxray.an, preForePkg: com.miui.securitycenter
11-27 23:21:44.157 D/RecentsImpl( 5385): mActivityStateObserver com.hyperxray.an.activity.MainActivity
11-27 23:21:44.157 W/RecentsImpl( 5385): updateGestureWindowVisibleImpl, className=com.hyperxray.an.activity.MainActivity
11-27 23:21:44.157 D/ActivityTaskManager( 3688):  setSkipCaptureLayers tr: Task{96769ee #811 type=standard I=com.hyperxray.an/.activity.MainActivity}
11-27 23:21:44.160 D/NetworkMetricsController( 5949): processUidChangeEvent :activity is:ComponentInfo{com.hyperxray.an/com.hyperxray.an.activity.MainActivity}
11-27 23:21:44.166 D/BarFollowAnimation( 3688): pairAppearanceRegionAndWin win=Window{d8461cd u0 com.hyperxray.an/com.hyperxray.an.activity.MainActivity} 0
11-27 23:21:44.166 D/BarFollowAnimation( 3688): isAppTaskBarOnTop win:Window{d8461cd u0 com.hyperxray.an/com.hyperxray.an.activity.MainActivity} (mCurrentTopTask:Task{96769ee #811 type=standard I=com.hyperxray.an/.activity.MainActivity} : true); (mAssociatedTask:Task{96769ee #811 type=standard I=com.hyperxray.an/.activity.MainActivity} : true); (mHomeTask:Task{c7eba92 #1 type=home} : false); mReparentToOriginParent:false mLastAppBarVisible:true mLastHomeBarVisible:false
11-27 23:21:44.168 E/ActivityManagerWrapper( 5385):  mainTaskId=811   userId=0   windowMode=1   isExcludedFromRecents=false   baseIntent=Intent { act=android.intent.action.MAIN flag=270532608 cmp=ComponentInfo{com.hyperxray.an/com.hyperxray.an.activity.MainActivity} }
11-27 23:21:44.168 D/RecentsTaskLoader( 5385): reloadTasksData [TaskKey{id=811, stackId=0, baseIntent=Intent { act=android.intent.action.MAIN cat=[android.intent.category.LAUNCHER] flg=0x10200000 cmp=com.hyperxray.an/.activity.MainActivity }, userId=0, lastActiveTime=52133602, windowingMode=1, isThumbnailBlur=false, isAccessLocked=false, isScreening=false, topActivity=ComponentInfo{com.hyperxray.an/com.hyperxray.an.activity.MainActivity}, mHashCode=25084053}, title=HyperXray, titleDescription=HyperXray, bounds=null, isLaunchTarget=false, isStackTask=true, isSystemApp=false, isDockable=true, baseActivity=ComponentInfo{com.hyperxray.an/com.hyperxray.an.activity.MainActivity}, isLocked=false, mNeedHide=false, hasMultipleTasks=false, cti1Key=, cti2Key=] 
11-27 23:21:44.170 I/ImeTracker( 3688): com.hyperxray.an:9bdcdaca: onRequestHide at ORIGIN_SERVER reason HIDE_SAME_WINDOW_FOCUSED_WITHOUT_EDITOR fromUser false
11-27 23:21:44.170 I/ImeTracker(20553): com.hyperxray.an:9bdcdaca: onCancelled at PHASE_CLIENT_ALREADY_HIDDEN
11-27 23:21:44.171 E/WindowManager(12920): 	at java.lang.reflect.Method.invoke(Native Method)
11-27 23:21:44.171 I/GoogleInputMethodService(10886): GoogleInputMethodService.onStartInput():1347 onStartInput(EditorInfo{EditorInfo{packageName=com.hyperxray.an, inputType=0, inputTypeString=NULL, enableLearning=false, autoCorrection=false, autoComplete=false, imeOptions=0, privateImeOptions=null, actionName=UNSPECIFIED, actionLabel=null, initialSelStart=-1, initialSelEnd=-1, initialCapsMode=0, label=null, fieldId=0, fieldName=null, extras=Bundle[mParcelledData.dataSize=72], hintText=null, hintLocales=[]}}, false)
11-27 23:21:44.172 W/SapiClientFactory(10886): 	at java.lang.reflect.Method.invoke(Native Method)
11-27 23:21:44.172 W/SapiClientFactory(10886): 	at java.lang.reflect.Method.invoke(Native Method)
11-27 23:21:44.172 W/PackageConfigPersister( 3688): App-specific configuration not found for packageName: com.hyperxray.an and userId: 0
11-27 23:21:44.181 D/BarFollowAnimation( 3688): pairAppearanceRegionAndWin win=Window{d8461cd u0 com.hyperxray.an/com.hyperxray.an.activity.MainActivity} 0
11-27 23:21:44.181 D/BarFollowAnimation( 3688): isAppTaskBarOnTop win:Window{d8461cd u0 com.hyperxray.an/com.hyperxray.an.activity.MainActivity} (mCurrentTopTask:Task{ba9eb71 #812 type=standard A=1000:com.miui.securitycenter nonResizable} : false); (mAssociatedTask:Task{96769ee #811 type=standard I=com.hyperxray.an/.activity.MainActivity} : true); (mHomeTask:Task{c7eba92 #1 type=home} : false); mReparentToOriginParent:false mLastAppBarVisible:true mLastHomeBarVisible:false
11-27 23:21:44.185 E/ActivityManagerWrapper( 5385):  mainTaskId=811   userId=0   windowMode=1   isExcludedFromRecents=false   baseIntent=Intent { act=android.intent.action.MAIN flag=270532608 cmp=ComponentInfo{com.hyperxray.an/com.hyperxray.an.activity.MainActivity} }
11-27 23:21:44.185 D/RecentsTaskLoader( 5385): reloadTasksData [TaskKey{id=811, stackId=0, baseIntent=Intent { act=android.intent.action.MAIN cat=[android.intent.category.LAUNCHER] flg=0x10200000 cmp=com.hyperxray.an/.activity.MainActivity }, userId=0, lastActiveTime=52133602, windowingMode=1, isThumbnailBlur=false, isAccessLocked=false, isScreening=false, topActivity=ComponentInfo{com.hyperxray.an/com.hyperxray.an.activity.MainActivity}, mHashCode=25084053}, title=HyperXray, titleDescription=HyperXray, bounds=null, isLaunchTarget=false, isStackTask=true, isSystemApp=false, isDockable=true, baseActivity=ComponentInfo{com.hyperxray.an/com.hyperxray.an.activity.MainActivity}, isLocked=false, mNeedHide=false, hasMultipleTasks=false, cti1Key=, cti2Key=] 
11-27 23:21:44.199 D/DynamicIslandTopActivityController( 6013): fullscreen: com.hyperxray.an
11-27 23:21:44.199 D/DynamicIslandController( 6013): onTopActivityChanged: ComponentInfo{com.hyperxray.an/com.hyperxray.an.activity.MainActivity}
11-27 23:21:44.199 D/DynamicIslandWindowViewController( 6013): onTopActivityChange: topActivity ComponentInfo{com.hyperxray.an/com.hyperxray.an.activity.MainActivity}, inSmallWindow false, isSupportPip false, isFocus true fullScreenPkg com.hyperxray.an
11-27 23:21:44.204 I/PackageManager( 3688): Update package com.hyperxray.an code path from /data/app/~~9oS0bt83hcUAQDnr9JWYBA==/com.hyperxray.an-PQRyrZHSEudMNDxjgKNykA== to /data/app/vmdl1943329030.tmp; Retain data and using new
11-27 23:21:44.212 I/AppsFilter( 3688): interaction: PackageSetting{7f931d1 com.android.microdroid.empty_payload/10308} -> PackageSetting{b5a21ee com.hyperxray.an/10570} BLOCKED
11-27 23:21:44.212 I/AppsFilter( 3688): interaction: PackageSetting{7f931d1 com.android.microdroid.empty_payload/10308} -> PackageSetting{b5a21ee com.hyperxray.an/10570} BLOCKED
11-27 23:21:44.212 I/AppsFilter( 3688): interaction: PackageSetting{7f931d1 com.android.microdroid.empty_payload/10308} -> PackageSetting{37816bd com.hyperxray.an/10570} BLOCKED
11-27 23:21:44.212 I/AppsFilter( 3688): interaction: PackageSetting{7f931d1 com.android.microdroid.empty_payload/10308} -> PackageSetting{37816bd com.hyperxray.an/10570} BLOCKED
11-27 23:21:44.232 I/BaselineProfile( 3688): com.hyperxray.an dexmetadataFile does not exist.
11-27 23:21:44.232 I/ActivityManager( 3688): Force stopping com.hyperxray.an appid=10570 user=-1: installPackageLI
11-27 23:21:44.233 D/ProfileTranscode( 3688): com.hyperxray.an read profile exception: java.io.FileNotFoundException: dexopt/baseline.prof
11-27 23:21:44.233 D/MiuiDamonService( 3688): report App died, packageName = com.hyperxray.an, pid = 20553
11-27 23:21:44.233 W/PackageFreezer( 3688): Freeze package com.hyperxray.an about 0.021 seconds for reason: installPackageLI
11-27 23:21:44.234 I/InstallationTiming( 3688): com.hyperxray.an|null|2619|161|115|646|0|1559|2
11-27 23:21:44.234 I/PackageManager( 3688): installation completed for package:com.hyperxray.an. Final code path: /data/app/~~5kmoFovFs3Jgm-rvM-Ky4Q==/com.hyperxray.an-q2ieX-rtM1gpR8Qo_You0g==
11-27 23:21:44.234 I/AppsFilter( 3688): interaction: PackageSetting{1497da6 com.android.microdroid.empty_payload/10308} -> PackageSetting{3724203 com.hyperxray.an/10570} BLOCKED
11-27 23:21:44.235 D/ActivityManager( 3688): Force removing proc 672:com.hyperxray.an:native/u0a570 (com.hyperxray.an:native/10570)
11-27 23:21:44.235 I/ActivityManager( 3688): Killing 672:com.hyperxray.an:native/u0a570 (adj 200): stop com.hyperxray.an due to installPackageLI
11-27 23:21:44.235 I/ActivityManager( 3688): note: ProcessRecord{7bca351 672:com.hyperxray.an:native/u0a570} is being killed, reason: PACKAGE UPDATED, sub-reason: UNKNOWN, message: stop com.hyperxray.an due to installPackageLI
11-27 23:21:44.237 I/vendor.qti.hardware.servicetrackeraidl-service( 1823): destroyService is called for service : com.hyperxray.an/.vpn.HyperVpnService
11-27 23:21:44.237 I/ActivityManager( 3688): Cancel FGS notification userId: 0 definingUid: 10570 packageName: com.hyperxray.an processName:com.hyperxray.an:native ChannelId:hyper_vpn_channel foregroundNotiWhen:1764274623804 Notiflags:66
11-27 23:21:44.237 I/ActivityManager( 3688): note: ProcessRecord{7bca351 672:com.hyperxray.an:native/u0a570} died, saving the exit info
11-27 23:21:44.237 I/ActivityManager( 3688): Update process exit info for com.hyperxray.an(672/u10570)
11-27 23:21:44.238 D/ActivityManager( 3688): Force removing proc 20553:com.hyperxray.an/u0a570 (com.hyperxray.an/10570)
11-27 23:21:44.239 I/ActivityManager( 3688): Killing 20553:com.hyperxray.an/u0a570 (adj 0): stop com.hyperxray.an due to installPackageLI
11-27 23:21:44.239 I/ActivityManager( 3688): note: ProcessRecord{1ecee03 20553:com.hyperxray.an/u0a570} is being killed, reason: PACKAGE UPDATED, sub-reason: UNKNOWN, message: stop com.hyperxray.an due to installPackageLI
11-27 23:21:44.239 D/MiSightJni(11071): MiSight: Java_com_miui_misight_MiSight_nativeSendEvent enter called. '{"ProcessName":"com.hyperxray.an","OomAdj":0,"PssOrRss":198800,"MemAvail":4443048,"Reason":"stop com.hyperxray.an due to installPackageLI","MemTotal":12}'
11-27 23:21:44.239 D/MiEvent (11071): flatten EventId 902003001 -t 1764274904 -paraList {"MemAvail":4443048,"MemTotal":12,"OomAdj":0,"ProcessName":"com.hyperxray.an","PssOrRss":198800,"Reason":"stop com.hyperxray.an due to installPackageLI"}
11-27 23:21:44.239 D/MiEvent (11071): report:EventId 902003001 -t 1764274904 -paraList {"MemAvail":4443048,"MemTotal":12,"OomAdj":0,"ProcessName":"com.hyperxray.an","PssOrRss":198800,"Reason":"stop com.hyperxray.an due to installPackageLI"} success
11-27 23:21:44.241 I/ANDR-PWR-OPT( 1796): GAMEPOWEROPT: sendEvents() 231: Start hint for app com.hyperxray.an, hintID : 4243, hintID hex : 1093 value: 0
11-27 23:21:44.241 I/ActivityManager( 3688): note: ProcessRecord{1ecee03 20553:com.hyperxray.an/u0a570} died, saving the exit info
11-27 23:21:44.241 I/ANDR-PWR-OPT( 1796): PowerAppClassifier: getAppType() 59: checking app [com.hyperxray.an] is type 1
11-27 23:21:44.241 I/ANDR-PWR-OPT( 1796): GAMEPOWEROPT: isGame() 348: com.hyperxray.an is Game = 1
11-27 23:21:44.242 W/ActivityTaskManager( 3688): Force removing ActivityRecord{233433584 u0 com.hyperxray.an/.activity.MainActivity t811 f}}: app died, no saved state
11-27 23:21:44.242 I/ActivityManager( 3688): Update process exit info for com.hyperxray.an(20553/u10570)
11-27 23:21:44.242 D/WindowManager( 3688): Collecting in transition 942: Task{96769ee #811 type=standard I=com.hyperxray.an/.activity.MainActivity} init visibleRequested:true
