11-27 23:21:47.345 E/MiuiPreloadClassImpl( 7373): preloadPkgs is null, packageName: com.android.chrome:sandboxed_process0:org.chromium.content.app.SandboxedProcessService0:0
11-27 23:21:47.347 E/ResMonitorStub( 7373): Failed to get RMS service. return null.
11-27 23:21:47.356 E/AlarmManager( 3688): not align this alarm: Alarm{bb23beb type 3 origWhen 52144278 whenElapsed 52144278 com.google.android.gms}, reason=0
11-27 23:21:47.363 E/AlarmManager( 3688): not align this alarm: Alarm{a76abc7 type 3 origWhen 52144278 whenElapsed 52144278 com.google.android.gms}, reason=0
11-27 23:21:47.378 E/BluetoothAdapterService( 7727): getActiveDevices: A2dpService is null
11-27 23:21:47.378 E/HyperSentinel( 3688): ->pid:21363,processName:"com.hyperxray.an",Rss Memory Size Change 208208kb -> 274444kb
11-27 23:21:47.379 E/BluetoothAdapterService( 7727): getActiveDevices: HeadsetService is null
11-27 23:21:47.379 E/BluetoothAdapterService( 7727): getActiveDevices: LeAudioService is null
11-27 23:21:47.380 E/ConversionHelperAidl( 1945): Function: parseAndSetVendorParameters Line: 94 Failed 
11-27 23:21:47.380 E/ConversionHelperAidl( 1945): Function: parseAndSetVendorParameters Line: 94 Failed 
11-27 23:21:47.380 E/ConversionHelperAidl( 1945): Function: parseAndSetVendorParameters Line: 94 Failed 
11-27 23:21:47.381 E/CountableHandler( 5949): Pending message count is over 200, drop message.msg.what = 10007 handler = Handler (com.android.phone.statistics.utils.ModemHydraStat$ModemHydraHandler) {e826771}
11-27 23:21:47.388 E/TransitionChain( 3688): Can't collect into a chain with no transition
11-27 23:21:47.391 E/Parcel  ( 7158): Expecting header 0x53595354 but found 0x0. Mixing copies of libbinder?
11-27 23:21:47.391 E/Parcel  ( 8302): Reading a NULL string not supported here.
11-27 23:21:47.393 E/qspmHal ( 1829): GPU profile file NOT found !!
11-27 23:21:47.413 E/AlarmManager( 3688): not align this alarm: Alarm{2e40bcb type 3 origWhen 52147341 whenElapsed 52147341 com.google.android.gms}, reason=0
11-27 23:21:47.427 E/MI-PreRender(21363): init cloud whiteList failed
11-27 23:21:47.429 E/FramePredict(21363): registerContentObserver fail
11-27 23:21:47.462 E/TransitionChain( 3688): Can't collect into a chain with no transition
11-27 23:21:47.482 E/ConversionHelperAidl( 1945): Function: parseAndSetVendorParameters Line: 94 Failed 
11-27 23:21:47.482 E/ConversionHelperAidl( 1945): Function: parseAndSetVendorParameters Line: 94 Failed 
11-27 23:21:47.482 E/ConversionHelperAidl( 1945): Function: parseAndSetVendorParameters Line: 94 Failed 
11-27 23:21:47.482 E/HyperSentinel( 3688): ->pid:21363,processName:"com.hyperxray.an",Rss Memory Size Change 274444kb -> 352672kb
11-27 23:21:47.606 E/MultiSpringDynamicAnimationca554c6( 5385): ERROR Not Found Bundle Radius
11-27 23:21:47.606 E/WindowElement95d9c87( 5385): com.miui.home.recents.anim.FastLaunchWindowElement@95d9c87 finishTransition toHome = false isHalf = false runningTaskId = 0
11-27 23:21:47.606 E/WindowTransitionCompat( 5385): com.android.systemui.shared.recents.system.WindowTransitionCompat@6d87fdd finishTransition toHome = false
11-27 23:21:47.607 E/cn_CronetUrlRequestContext( 1331): Exception in upload method
11-27 23:21:47.607 E/cn_CronetUrlRequestContext( 1331): java.net.HttpRetryException: Cannot retry streamed Http body
11-27 23:21:47.607 E/cn_CronetUrlRequestContext( 1331): 	at bwzy.c(PG:6)
11-27 23:21:47.607 E/cn_CronetUrlRequestContext( 1331): 	at bwzl.c(PG:3)
11-27 23:21:47.607 E/cn_CronetUrlRequestContext( 1331): 	at bvfe.run(PG:67)
11-27 23:21:47.607 E/cn_CronetUrlRequestContext( 1331): 	at bvfi.run(PG:81)
11-27 23:21:47.607 E/cn_CronetUrlRequestContext( 1331): 	at bxae.b(PG:72)
11-27 23:21:47.607 E/cn_CronetUrlRequestContext( 1331): 	at bxae.a(PG:2)
11-27 23:21:47.607 E/cn_CronetUrlRequestContext( 1331): 	at bxab.j(PG:29)
11-27 23:21:47.607 E/cn_CronetUrlRequestContext( 1331): 	at bxab.getResponseCode(PG:1)
11-27 23:21:47.607 E/cn_CronetUrlRequestContext( 1331): 	at aggg.a(PG:219)
11-27 23:21:47.607 E/cn_CronetUrlRequestContext( 1331): 	at mkv.a(PG:64)
11-27 23:21:47.607 E/cn_CronetUrlRequestContext( 1331): 	at aggd.a(PG:24)
11-27 23:21:47.607 E/cn_CronetUrlRequestContext( 1331): 	at mkg.a(PG:37)
11-27 23:21:47.607 E/cn_CronetUrlRequestContext( 1331): 	at mkg.run(PG:6)
11-27 23:21:47.607 E/FloatingIconView221dae11( 5385): recycleView
11-27 23:21:47.620 E/com.miui.home( 5385): [passBlur-5385] detachFromView: abandoned SurfaceTexture
11-27 23:21:47.634 E/Launcher.application( 5385): setClickAppWaitForCallback = false
11-27 23:21:47.842 E/ActivityManagerWrapper( 5385): get all recent tasks force including -1 userId =0
11-27 23:21:47.843 E/ActivityManagerWrapper( 5385): getRecentTasksForceIncludingTaskIdIfValid: getRecentTasks: size=1
11-27 23:21:47.843 E/ActivityManagerWrapper( 5385):  mainTaskId=813   userId=0   windowMode=1   isExcludedFromRecents=false   baseIntent=Intent { act=android.intent.action.MAIN flag=270532608 cmp=ComponentInfo{com.hyperxray.an/com.hyperxray.an.activity.MainActivity} }
11-27 23:21:47.977 E/PERFHAL-CLIENT( 1820): PERFHAL-CLIENT: perf_lock_acq_rel() 496: opcode=1149239296 isMvOpcode=0
11-27 23:21:48.097 E/ANDR-PERF( 1820): ExtendedPerfBoost: trigger_rearm_timer() 179: setthermalbreak req empty boostparam=boost:0
11-27 23:21:48.134 E/TaskPersister( 3688): File error accessing recents directory (directory doesn't exist?).
11-27 23:21:48.300 E/Zygote  ( 7518): process_name_ptr:7518 com.hyperxray.an:native
11-27 23:21:48.300 E/Zygote  ( 7518): SetMemoryProtected process_name_ptr:7518 com.hyperxray.an:native
11-27 23:21:48.500 E/MiuiPreloadClassImpl( 7518): invoke error.
11-27 23:21:48.511 E/ashmem  ( 7518): Pinning is deprecated since Android Q. Please use trim or other methods.
11-27 23:21:48.647 E/TurboSchedMonitor( 7518): failed to find setSchedAffinity method com.hyperxray.an:native
11-27 23:21:48.649 E/TurboSchedMonitor( 7518): failed to find setSchedAffinity method com.hyperxray.an:native
11-27 23:21:48.670 E/KeymasterUtils( 1066): IKMHal_sendCmd failed with rsp_header->status: -28
11-27 23:21:48.670 E/KeyMasterHalDevice( 1066): abort_operation
11-27 23:21:48.670 E/KeyMasterHalDevice( 1066): ret: -28
11-27 23:21:48.671 E/KeymasterUtils( 1066): IKMHal_sendCmd failed with rsp_header->status: -28
11-27 23:21:48.671 E/KeyMasterHalDevice( 1066): abort_operation
11-27 23:21:48.671 E/KeyMasterHalDevice( 1066): ret: -28
11-27 23:21:48.682 E/KeymasterUtils( 1066): IKMHal_sendCmd failed with rsp_header->status: -28
11-27 23:21:48.682 E/KeyMasterHalDevice( 1066): abort_operation
11-27 23:21:48.682 E/KeyMasterHalDevice( 1066): ret: -28
11-27 23:21:48.702 E/KeymasterUtils( 1066): IKMHal_sendCmd failed with rsp_header->status: -28
11-27 23:21:48.702 E/KeyMasterHalDevice( 1066): abort_operation
11-27 23:21:48.702 E/KeyMasterHalDevice( 1066): ret: -28
11-27 23:21:48.712 E/KeymasterUtils( 1066): IKMHal_sendCmd failed with rsp_header->status: -28
11-27 23:21:48.712 E/KeyMasterHalDevice( 1066): abort_operation
11-27 23:21:48.712 E/KeyMasterHalDevice( 1066): ret: -28
11-27 23:21:48.714 E/KeymasterUtils( 1066): IKMHal_sendCmd failed with rsp_header->status: -28
11-27 23:21:48.714 E/KeyMasterHalDevice( 1066): abort_operation
11-27 23:21:48.714 E/KeyMasterHalDevice( 1066): ret: -28
11-27 23:21:48.739 E/KeymasterUtils( 1066): IKMHal_sendCmd failed with rsp_header->status: -28
11-27 23:21:48.739 E/KeyMasterHalDevice( 1066): abort_operation
11-27 23:21:48.739 E/KeyMasterHalDevice( 1066): ret: -28
11-27 23:21:48.751 E/KeymasterUtils( 1066): IKMHal_sendCmd failed with rsp_header->status: -28
11-27 23:21:48.751 E/KeyMasterHalDevice( 1066): abort_operation
11-27 23:21:48.751 E/KeyMasterHalDevice( 1066): ret: -28
11-27 23:21:48.762 E/KeymasterUtils( 1066): IKMHal_sendCmd failed with rsp_header->status: -28
11-27 23:21:48.762 E/KeyMasterHalDevice( 1066): abort_operation
11-27 23:21:48.762 E/KeyMasterHalDevice( 1066): ret: -28
11-27 23:21:48.771 E/KeymasterUtils( 1066): IKMHal_sendCmd failed with rsp_header->status: -28
11-27 23:21:48.771 E/KeyMasterHalDevice( 1066): abort_operation
11-27 23:21:48.771 E/KeyMasterHalDevice( 1066): ret: -28
11-27 23:21:48.775 E/ANDR-PERF( 1820): ExtendedPerfBoost: trigger_rearm_timer() 179: setthermalbreak req empty boostparam=boost:0
11-27 23:21:48.783 E/KeymasterUtils( 1066): IKMHal_sendCmd failed with rsp_header->status: -28
11-27 23:21:48.783 E/KeyMasterHalDevice( 1066): abort_operation
11-27 23:21:48.783 E/KeyMasterHalDevice( 1066): ret: -28
11-27 23:21:48.785 E/KeymasterUtils( 1066): IKMHal_sendCmd failed with rsp_header->status: -28
11-27 23:21:48.785 E/KeyMasterHalDevice( 1066): abort_operation
11-27 23:21:48.785 E/KeyMasterHalDevice( 1066): ret: -28
11-27 23:21:48.796 E/PhoneAdapter( 5949): get ntnphones failed, exception: java.lang.IllegalStateException: not support satellite!
11-27 23:21:48.805 E/KeymasterUtils( 1066): IKMHal_sendCmd failed with rsp_header->status: -28
11-27 23:21:48.805 E/KeyMasterHalDevice( 1066): abort_operation
11-27 23:21:48.805 E/KeyMasterHalDevice( 1066): ret: -28
11-27 23:21:48.816 E/KeymasterUtils( 1066): IKMHal_sendCmd failed with rsp_header->status: -28
11-27 23:21:48.816 E/KeyMasterHalDevice( 1066): abort_operation
11-27 23:21:48.816 E/KeyMasterHalDevice( 1066): ret: -28
11-27 23:21:48.828 E/KeymasterUtils( 1066): IKMHal_sendCmd failed with rsp_header->status: -28
11-27 23:21:48.828 E/KeyMasterHalDevice( 1066): abort_operation
11-27 23:21:48.828 E/KeyMasterHalDevice( 1066): ret: -28
11-27 23:21:48.852 E/KeymasterUtils( 1066): IKMHal_sendCmd failed with rsp_header->status: -28
11-27 23:21:48.852 E/KeyMasterHalDevice( 1066): abort_operation
11-27 23:21:48.852 E/KeyMasterHalDevice( 1066): ret: -28
11-27 23:21:48.853 E/KeymasterUtils( 1066): IKMHal_sendCmd failed with rsp_header->status: -28
11-27 23:21:48.854 E/KeyMasterHalDevice( 1066): abort_operation
11-27 23:21:48.854 E/KeyMasterHalDevice( 1066): ret: -28
11-27 23:21:48.871 E/KeymasterUtils( 1066): IKMHal_sendCmd failed with rsp_header->status: -28
11-27 23:21:48.871 E/KeyMasterHalDevice( 1066): abort_operation
11-27 23:21:48.871 E/KeyMasterHalDevice( 1066): ret: -28
11-27 23:21:49.032 E/VkpnsPushProvider:Notifier:LoggingWebSocketListener(31316): Websocket connection failed with Software caused connection abort cause null
11-27 23:21:49.036 E/AlarmManager( 3688): not align this alarm: Alarm{37983b7 type 2 origWhen 52152496 whenElapsed 52152496 com.google.android.gms}, reason=0
11-27 23:21:49.051 E/AlarmManager( 3688): not align this alarm: Alarm{1bd328d type 3 origWhen 65201905 whenElapsed 65201905 android}, reason=0
11-27 23:21:49.053 E/AlarmManager( 3688): not align this alarm: Alarm{218a453 type 2 origWhen 52168504 whenElapsed 52168504 android}, reason=0
11-27 23:21:49.057 E/AlarmManager( 3688): not align this alarm: Alarm{1c17190 type 2 origWhen 52168517 whenElapsed 52168517 com.google.android.gms}, reason=0
11-27 23:21:49.065 E/CountableHandler( 5949): Pending message count is over 200, drop message.msg.what = 0 handler = Handler (com.android.phone.statistics.utils.ModemHydraStat$ModemHydraHandler) {e826771}
11-27 23:21:49.071 E/EasyTetherCoreManager( 7573): LyraBroadcastReceiver action android.net.conn.CONNECTIVITY_CHANGE
11-27 23:21:49.104 E/Updater2(20958): No need to check, last check time: 1764239967024
11-27 23:21:49.105 E/Updater2(20958): No need to check, last check time Interval : 1764274624939
11-27 23:21:49.584 E/JobScheduler( 3688): ResourceBudgetManagerInternal is null
11-27 23:21:49.588 E/GEL_DELAYED_EVENT_DEBUG(21167): Volley request failed for type asrt
11-27 23:21:49.588 E/GEL_DELAYED_EVENT_DEBUG(21167): yoo
11-27 23:21:49.588 E/GEL_DELAYED_EVENT_DEBUG(21167): 	at dxb.run(PG:699)
11-27 23:21:49.588 E/GEL_DELAYED_EVENT_DEBUG(21167): 	at alzt.run(PG:21)
11-27 23:21:49.588 E/GEL_DELAYED_EVENT_DEBUG(21167): 	at qsp.run(PG:3)
11-27 23:21:49.588 E/GEL_DELAYED_EVENT_DEBUG(21167): 	at anci.run(PG:50)
11-27 23:21:49.588 E/GEL_DELAYED_EVENT_DEBUG(21167): 	at qap.run(PG:112)
11-27 23:21:49.588 E/GEL_DELAYED_EVENT_DEBUG(21167): 	at qap.run(PG:262)
11-27 23:21:49.588 E/GEL_DELAYED_EVENT_DEBUG(21167): 	at java.lang.Thread.run(Thread.java:1119)
11-27 23:21:49.588 E/GEL_DELAYED_EVENT_DEBUG(21167): 	at qtm.run(PG:63)
11-27 23:21:49.588 E/GEL_DELAYED_EVENT_DEBUG(21167): Caused by: berv: Exception in CronetUrlRequest: net::ERR_NETWORK_CHANGED, ErrorCode=3, InternalErrorCode=-21, Retryable=true
11-27 23:21:49.588 E/GEL_DELAYED_EVENT_DEBUG(21167): 	at org.chromium.net.impl.CronetUrlRequest.onError(PG:76)
11-27 23:21:49.597 E/AlarmManager( 3688): not align this alarm: Alarm{6a46a95 type 3 origWhen 315412139057 whenElapsed 315412139057 com.google.android.gms}, reason=0
11-27 23:21:49.601 E/ConnectivityManager(22290): NetworkCallback was already registered
11-27 23:21:49.612 E/AlarmManager( 3688): not align this alarm: Alarm{9762305 type 3 origWhen 73739072 whenElapsed 73739072 com.google.android.apps.photos}, reason=0
11-27 23:21:49.613 E/JobScheduler( 3688): ResourceBudgetManagerInternal is null
11-27 23:21:49.625 E/Zygote  ( 7736): process_name_ptr:7736 com.alibaba.intl.android.apps.poseidon:channel
11-27 23:21:49.625 E/Zygote  ( 7736): SetMemoryProtected process_name_ptr:7736 com.alibaba.intl.android.apps.poseidon:channel
11-27 23:21:49.633 E/oseidon:channel( 7736): Not starting debugger since process cannot load the jdwp agent.
11-27 23:21:49.686 E/MiuiPreloadClassImpl( 7736): invoke error.
11-27 23:21:49.698 E/ashmem  ( 7736): Pinning is deprecated since Android Q. Please use trim or other methods.
11-27 23:21:49.700 E/TurboSchedMonitor( 7736): failed to find setSchedAffinity method com.alibaba.intl.android.apps.poseidon:channel
11-27 23:21:49.700 E/TurboSchedMonitor( 7736): failed to find setSchedAffinity method com.alibaba.intl.android.apps.poseidon:channel
11-27 23:21:49.702 E/TurboSchedMonitor( 7736): failed to find setSchedAffinity method com.alibaba.intl.android.apps.poseidon:channel
11-27 23:21:49.703 E/TurboSchedMonitor( 7736): failed to find setSchedAffinity method com.alibaba.intl.android.apps.poseidon:channel
11-27 23:21:49.705 E/TurboSchedMonitor( 7736): failed to find setSchedAffinity method com.alibaba.intl.android.apps.poseidon:channel
11-27 23:21:49.705 E/TurboSchedMonitor( 7736): failed to find setSchedAffinity method com.alibaba.intl.android.apps.poseidon:channel
11-27 23:21:49.722 E/oseidon:channel( 7736): Invalid resource ID 0x00000000.
11-27 23:21:49.744 E/ProcessManager( 3688): error write exception log
11-27 23:21:49.928 E/HyperSentinel( 3688): ->pid:3688,processName:"system_server",Rss Memory Size Change 716752kb -> 568516kb
11-27 23:21:49.980 E/PERFHAL-CLIENT( 1820): PERFHAL-CLIENT: perf_lock_acq_rel() 496: opcode=1149239296 isMvOpcode=0
11-27 23:21:50.099 E/HyperXray-Bridge( 7518):  Attempting to resolve endpoint: 162.159.192.1:2408
11-27 23:21:50.099 E/HyperXray-Bridge( 7518):  Resolved endpoint: 162.159.192.1:2408 -> 162.159.192.1:2408
11-27 23:21:50.146 E/CoreStatsClient(21363): getSystemStats failed: UNAVAILABLE - null, channel state: TRANSIENT_FAILURE
11-27 23:21:50.146 E/CoreStatsClient(21363): io.grpc.StatusRuntimeException: UNAVAILABLE
11-27 23:21:50.146 E/CoreStatsClient(21363): 	at io.grpc.Status.asRuntimeException(Status.java:532)
11-27 23:21:50.146 E/CoreStatsClient(21363): 	at io.grpc.stub.ClientCalls$StreamObserverToCallListenerAdapter.onClose(ClientCalls.java:581)
11-27 23:21:50.146 E/CoreStatsClient(21363): 	at io.grpc.internal.ClientCallImpl.closeObserver(ClientCallImpl.java:565)
11-27 23:21:50.146 E/CoreStatsClient(21363): 	at io.grpc.internal.ClientCallImpl.access$100(ClientCallImpl.java:72)
11-27 23:21:50.146 E/CoreStatsClient(21363): 	at io.grpc.internal.ClientCallImpl$ClientStreamListenerImpl$1StreamClosed.runInternal(ClientCallImpl.java:733)
11-27 23:21:50.146 E/CoreStatsClient(21363): 	at io.grpc.internal.ClientCallImpl$ClientStreamListenerImpl$1StreamClosed.runInContext(ClientCallImpl.java:714)
11-27 23:21:50.146 E/CoreStatsClient(21363): 	at io.grpc.internal.ContextRunnable.run(ContextRunnable.java:37)
11-27 23:21:50.146 E/CoreStatsClient(21363): 	at io.grpc.internal.SerializingExecutor.run(SerializingExecutor.java:133)
11-27 23:21:50.146 E/CoreStatsClient(21363): 	at java.util.concurrent.ThreadPoolExecutor.runWorker(ThreadPoolExecutor.java:1156)
11-27 23:21:50.146 E/CoreStatsClient(21363): 	at java.util.concurrent.ThreadPoolExecutor$Worker.run(ThreadPoolExecutor.java:651)
11-27 23:21:50.146 E/CoreStatsClient(21363): 	at java.lang.Thread.run(Thread.java:1119)
11-27 23:21:50.146 E/CoreStatsClient(21363): Caused by: java.net.ConnectException: failed to connect to /127.0.0.1 (port 65276) from /:: (port 33688): connect failed: ECONNREFUSED (Connection refused)
11-27 23:21:50.146 E/CoreStatsClient(21363): 	at libcore.io.IoBridge.connect(IoBridge.java:187)
11-27 23:21:50.146 E/CoreStatsClient(21363): 	at java.net.PlainSocketImpl.socketConnect(PlainSocketImpl.java:142)
11-27 23:21:50.146 E/CoreStatsClient(21363): 	at java.net.AbstractPlainSocketImpl.doConnect(AbstractPlainSocketImpl.java:390)
11-27 23:21:50.146 E/CoreStatsClient(21363): 	at java.net.AbstractPlainSocketImpl.connectToAddress(AbstractPlainSocketImpl.java:230)
11-27 23:21:50.146 E/CoreStatsClient(21363): 	at java.net.AbstractPlainSocketImpl.connect(AbstractPlainSocketImpl.java:212)
11-27 23:21:50.146 E/CoreStatsClient(21363): 	at java.net.SocksSocketImpl.connect(SocksSocketImpl.java:436)
11-27 23:21:50.146 E/CoreStatsClient(21363): 	at java.net.Socket.connect(Socket.java:646)
11-27 23:21:50.146 E/CoreStatsClient(21363): 	at java.net.Socket.connect(Socket.java:595)
11-27 23:21:50.146 E/CoreStatsClient(21363): 	at java.net.Socket.<init>(Socket.java:475)
11-27 23:21:50.146 E/CoreStatsClient(21363): 	at java.net.Socket.<init>(Socket.java:275)
11-27 23:21:50.146 E/CoreStatsClient(21363): 	at javax.net.DefaultSocketFactory.createSocket(SocketFactory.java:285)
11-27 23:21:50.146 E/CoreStatsClient(21363): 	at io.grpc.okhttp.OkHttpClientTransport$3.run(OkHttpClientTransport.java:723)
11-27 23:21:50.146 E/CoreStatsClient(21363): 	... 4 more
11-27 23:21:50.146 E/CoreStatsClient(21363): Caused by: android.system.ErrnoException: connect failed: ECONNREFUSED (Connection refused)
11-27 23:21:50.146 E/CoreStatsClient(21363): 	at libcore.io.Linux.connect(Native Method)
11-27 23:21:50.146 E/CoreStatsClient(21363): 	at libcore.io.ForwardingOs.connect(ForwardingOs.java:201)
11-27 23:21:50.146 E/CoreStatsClient(21363): 	at libcore.io.BlockGuardOs.connect(BlockGuardOs.java:158)
11-27 23:21:50.146 E/CoreStatsClient(21363): 	at libcore.io.ForwardingOs.connect(ForwardingOs.java:201)
11-27 23:21:50.146 E/CoreStatsClient(21363): 	at libcore.io.IoBridge.connectErrno(IoBridge.java:201)
11-27 23:21:50.146 E/CoreStatsClient(21363): 	at libcore.io.IoBridge.connect(IoBridge.java:179)
11-27 23:21:50.146 E/CoreStatsClient(21363): 	... 15 more
11-27 23:21:51.800 E/PhoneAdapter( 5949): get ntnphones failed, exception: java.lang.IllegalStateException: not support satellite!
11-27 23:21:51.802 E/AmlMiuiThirdPartScorer( 3688): shouldCheckIpLayer mLegacyIntScore = 49 nextNudBreach = 50.0 mNudCount = 5 mNudYes = 5
11-27 23:21:52.110 E/ActivityThread( 5385): Failed to find provider info for com.miui.personalassistant.servicedeliver.system.provider
11-27 23:21:52.110 E/ServiceDeliveryCompat( 5385): isSupportServiceDelivery
11-27 23:21:52.110 E/ServiceDeliveryCompat( 5385): java.lang.IllegalArgumentException: Unknown authority com.miui.personalassistant.servicedeliver.system.provider
11-27 23:21:52.110 E/ServiceDeliveryCompat( 5385): 	at android.content.ContentResolver.call(ContentResolver.java:2480)
11-27 23:21:52.110 E/ServiceDeliveryCompat( 5385): 	at android.content.ContentResolver.call(ContentResolver.java:2463)
11-27 23:21:52.110 E/ServiceDeliveryCompat( 5385): 	at com.miui.home.launcher.servicedeliver.ServiceDeliveryUtils.isSupportServiceDelivery(ServiceDeliveryUtils.kt:28)
11-27 23:21:52.110 E/ServiceDeliveryCompat( 5385): 	at com.miui.home.launcher.servicedeliver.ServiceDeliveryReplaceHelper.lambda$tryReplaceToServiceDelivery$1(ServiceDeliveryReplaceHelper.java:67)
11-27 23:21:52.110 E/ServiceDeliveryCompat( 5385): 	at com.miui.home.launcher.servicedeliver.ServiceDeliveryReplaceHelper.$r8$lambda$s9U3BY8MkdK37vq8y5WtKIb1ZiM(ServiceDeliveryReplaceHelper.java:0)
11-27 23:21:52.110 E/ServiceDeliveryCompat( 5385): 	at com.miui.home.launcher.servicedeliver.ServiceDeliveryReplaceHelper$$ExternalSyntheticLambda1.run(R8$$SyntheticClass:0)
11-27 23:21:52.110 E/ServiceDeliveryCompat( 5385): 	at java.util.concurrent.Executors$RunnableAdapter.call(Executors.java:524)
11-27 23:21:52.110 E/ServiceDeliveryCompat( 5385): 	at java.util.concurrent.FutureTask.run(FutureTask.java:317)
11-27 23:21:52.110 E/ServiceDeliveryCompat( 5385): 	at java.util.concurrent.ThreadPoolExecutor.runWorker(ThreadPoolExecutor.java:1156)
11-27 23:21:52.110 E/ServiceDeliveryCompat( 5385): 	at java.util.concurrent.ThreadPoolExecutor$Worker.run(ThreadPoolExecutor.java:651)
11-27 23:21:52.110 E/ServiceDeliveryCompat( 5385): 	at java.lang.Thread.run(Thread.java:1119)
11-27 23:21:52.235 E/AlarmManager( 3688): not align this alarm: Alarm{254f740 type 3 origWhen 52326508 whenElapsed 52326508 com.miui.powerkeeper}, reason=0
11-27 23:21:52.327 E/DisplayModeController( 2003): setDesiredMode : Idle status skip setActiveMode, isDdicIdleMode: 1
11-27 23:21:52.341 E/ConversionHelperAidl( 1945): Function: parseAndSetVendorParameters Line: 94 Failed 
11-27 23:21:52.341 E/ConversionHelperAidl( 1945): Function: parseAndSetVendorParameters Line: 94 Failed 
11-27 23:21:52.341 E/ConversionHelperAidl( 1945): Function: parseAndSetVendorParameters Line: 94 Failed 
11-27 23:21:52.562 E/DisplayModeController( 2003): setDesiredMode : Idle status skip setActiveMode, isDdicIdleMode: 1
11-27 23:21:52.584 E/ConversionHelperAidl( 1945): Function: parseAndSetVendorParameters Line: 94 Failed 
11-27 23:21:52.584 E/ConversionHelperAidl( 1945): Function: parseAndSetVendorParameters Line: 94 Failed 
11-27 23:21:52.584 E/ConversionHelperAidl( 1945): Function: parseAndSetVendorParameters Line: 94 Failed 
11-27 23:21:52.629 E/om.hyperxray.an(21363): FrameInsert open fail: No such file or directory
11-27 23:21:52.642 E/VibratorManagerServiceImpl( 3688): vibrationThreadSetParameters
11-27 23:21:52.928 E/AlarmManager( 3688): not align this alarm: Alarm{805f1ff type 2 origWhen 52172388 whenElapsed 52172388 android}, reason=0
11-27 23:21:52.929 E/IMiCharge( 3688): MiCharge method 9 val = 359
11-27 23:21:52.930 E/IMiCharge( 3688): MiCharge method 10 val = 11
11-27 23:21:53.136 E/ANDR-PERF( 1820): ExtendedPerfBoost: trigger_rearm_timer() 179: setthermalbreak req empty boostparam=boost:0
11-27 23:21:53.219 E/DisplayModeController( 2003): setDesiredMode : Idle status skip setActiveMode, isDdicIdleMode: 1
11-27 23:21:53.564 E/DisplayModeController( 2003): setDesiredMode : Idle status skip setActiveMode, isDdicIdleMode: 1
11-27 23:21:53.579 E/PERFHAL-SERVICE( 1820): PERFHAL-SERVICE: perfHintAsync() 599: perfHintAsync SubmitScenarioDRequest initcomplete
11-27 23:21:53.579 E/PERFHAL-WLC-SCENARIO( 1820): PERFHAL-WLC-SCENARIO: GetWeight() 127: empty appName or WLC is not initialized
11-27 23:21:53.579 E/PERFHAL-WLC-SCENARIO( 1820): PERFHAL-WLC-SCENARIO: GetWeight() 127: empty appName or WLC is not initialized
11-27 23:21:53.653 E/PERFHAL-SERVICE( 1820): PERFHAL-SERVICE: perfHintAsync() 599: perfHintAsync SubmitScenarioDRequest initcomplete
11-27 23:21:53.653 E/PERFHAL-WLC-SCENARIO( 1820): PERFHAL-WLC-SCENARIO: GetWeight() 127: empty appName or WLC is not initialized
11-27 23:21:54.078 E/WakeLock( 6328): GCM_CONN_ALARM ** IS FORCE-RELEASED ON TIMEOUT ** [CONTEXT service_id=259 ]
11-27 23:21:54.365 E/SLM-HAL-SladSocketClient( 1830): connect failed:-1, socket:6, error:No such file or directory
11-27 23:21:54.390 E/PERFHAL-CLIENT( 1820): PERFHAL-CLIENT: perf_lock_acq_rel() 496: opcode=1149239296 isMvOpcode=0
11-27 23:21:54.756 E/ANDR-PERF( 1820): ExtendedPerfBoost: trigger_rearm_timer() 179: setthermalbreak req empty boostparam=boost:0
11-27 23:21:54.804 E/PhoneAdapter( 5949): get ntnphones failed, exception: java.lang.IllegalStateException: not support satellite!
11-27 23:21:55.126 E/u4native(22290): [InfoLevelMessage] [INFO:not_a_file.cc(0)] BrowserIOThread heartbeat, pid/tid: 22290/896, interval/index: 30s/155, ucCoreSoImplVersion: 5.18.9.0_250713225318
11-27 23:21:55.136 E/u4native(22290): [InfoLevelMessage] [INFO:not_a_file.cc(0)] NetworkServiceThread heartbeat, pid/tid: 22290/918, interval/index: 30s/155
11-27 23:21:55.184 E/DisplayModeController( 2003): setDesiredMode : Idle status skip setActiveMode, isDdicIdleMode: 1
11-27 23:21:55.194 E/ConversionHelperAidl( 1945): Function: parseAndSetVendorParameters Line: 94 Failed 
11-27 23:21:55.194 E/ConversionHelperAidl( 1945): Function: parseAndSetVendorParameters Line: 94 Failed 
11-27 23:21:55.194 E/ConversionHelperAidl( 1945): Function: parseAndSetVendorParameters Line: 94 Failed 
11-27 23:21:55.610 E/DisplayModeController( 2003): setDesiredMode : Idle status skip setActiveMode, isDdicIdleMode: 1
11-27 23:21:56.689 E/DisplayModeController( 2003): setDesiredMode : Idle status skip setActiveMode, isDdicIdleMode: 1
11-27 23:21:56.702 E/ConversionHelperAidl( 1945): Function: parseAndSetVendorParameters Line: 94 Failed 
11-27 23:21:56.702 E/ConversionHelperAidl( 1945): Function: parseAndSetVendorParameters Line: 94 Failed 
11-27 23:21:56.702 E/ConversionHelperAidl( 1945): Function: parseAndSetVendorParameters Line: 94 Failed 
11-27 23:21:56.728 E/PERFHAL-SERVICE( 1820): PERFHAL-SERVICE: perfHintAsync() 599: perfHintAsync SubmitScenarioDRequest initcomplete
11-27 23:21:56.728 E/PERFHAL-WLC-SCENARIO( 1820): PERFHAL-WLC-SCENARIO: GetWeight() 127: empty appName or WLC is not initialized
11-27 23:21:56.728 E/PERFHAL-WLC-SCENARIO( 1820): PERFHAL-WLC-SCENARIO: GetWeight() 127: empty appName or WLC is not initialized
11-27 23:21:56.873 E/PERFHAL-WLC-SCENARIO( 1820): PERFHAL-WLC-SCENARIO: GetWeight() 127: empty appName or WLC is not initialized
11-27 23:21:56.873 E/PERFHAL-SERVICE( 1820): PERFHAL-SERVICE: perfHintAsync() 599: perfHintAsync SubmitScenarioDRequest initcomplete
11-27 23:21:57.045 E/KeymasterUtils( 1066): IKMHal_sendCmd failed with rsp_header->status: -28
11-27 23:21:57.045 E/KeyMasterHalDevice( 1066): abort_operation
11-27 23:21:57.045 E/KeyMasterHalDevice( 1066): ret: -28
11-27 23:21:57.183 E/ANDR-PERF( 1820): ExtendedPerfBoost: trigger_rearm_timer() 179: setthermalbreak req empty boostparam=boost:1 cpu0:2784000 cpu6:4089600
11-27 23:21:57.198 E/Euicc-XmLPAService(27989): onFailure: Profil bilgilerini al ile ilgili hata
11-27 23:21:57.198 E/Euicc-XmLPAService(27989): 
11-27 23:21:57.198 E/Euicc-XmLPAService(27989): Konu kodu: 100
11-27 23:21:57.198 E/Euicc-XmLPAService(27989): Neden kodu: 131081
11-27 23:21:57.198 E/Euicc-XmLPAService(27989): error: 
11-27 23:21:57.295 E/DisplayModeController( 2003): setDesiredMode : Idle status skip setActiveMode, isDdicIdleMode: 1
11-27 23:21:57.375 E/ANDR-PERF( 1820): ExtendedPerfBoost: trigger_rearm_timer() 179: setthermalbreak req empty boostparam=boost:0
11-27 23:21:57.809 E/PhoneAdapter( 5949): get ntnphones failed, exception: java.lang.IllegalStateException: not support satellite!
11-27 23:21:59.188 E/DisplayModeController( 2003): setDesiredMode : Idle status skip setActiveMode, isDdicIdleMode: 1
11-27 23:21:59.225 E/PERFHAL-SERVICE( 1820): PERFHAL-SERVICE: perfHintAsync() 599: perfHintAsync SubmitScenarioDRequest initcomplete
11-27 23:21:59.225 E/PERFHAL-WLC-SCENARIO( 1820): PERFHAL-WLC-SCENARIO: GetWeight() 127: empty appName or WLC is not initialized
11-27 23:21:59.225 E/PERFHAL-WLC-SCENARIO( 1820): PERFHAL-WLC-SCENARIO: GetWeight() 127: empty appName or WLC is not initialized
11-27 23:21:59.367 E/PERFHAL-SERVICE( 1820): PERFHAL-SERVICE: perfHintAsync() 599: perfHintAsync SubmitScenarioDRequest initcomplete
11-27 23:21:59.367 E/PERFHAL-WLC-SCENARIO( 1820): PERFHAL-WLC-SCENARIO: GetWeight() 127: empty appName or WLC is not initialized
11-27 23:21:59.528 E/ANDR-PERF( 1820): ExtendedPerfBoost: trigger_rearm_timer() 179: setthermalbreak req empty boostparam=boost:1 cpu0:2784000 cpu6:4089600
11-27 23:21:59.817 E/DisplayModeController( 2003): setDesiredMode : Idle status skip setActiveMode, isDdicIdleMode: 1
11-27 23:21:59.868 E/ANDR-PERF( 1820): ExtendedPerfBoost: trigger_rearm_timer() 179: setthermalbreak req empty boostparam=boost:0
11-27 23:22:00.000 E/AlarmManager( 3688): not align this alarm: Alarm{c84d30 type 3 origWhen 52209460 whenElapsed 52209460 android}, reason=0
11-27 23:22:00.407 E/PERFHAL-CLIENT( 1820): PERFHAL-CLIENT: perf_lock_acq_rel() 496: opcode=1149239296 isMvOpcode=0
11-27 23:22:00.598 E/DisplayModeController( 2003): setDesiredMode : Idle status skip setActiveMode, isDdicIdleMode: 1
11-27 23:22:00.814 E/PhoneAdapter( 5949): get ntnphones failed, exception: java.lang.IllegalStateException: not support satellite!
11-27 23:22:01.324 E/DisplayModeController( 2003): setDesiredMode : Idle status skip setActiveMode, isDdicIdleMode: 1
11-27 23:22:01.337 E/PERFHAL-SERVICE( 1820): PERFHAL-SERVICE: perfHintAsync() 599: perfHintAsync SubmitScenarioDRequest initcomplete
11-27 23:22:01.338 E/PERFHAL-UTIL( 1820): PERFHAL-UTIL: save_node_val() 266: Failed to read /sys/class/mmc_host/mmc0/clk_scaling/enable
11-27 23:22:01.338 E/PERFHAL-OPTSHANDLER( 1820): PERFHAL-OPTSHANDLER: modify_sysfsnode() 1409: Failed to read /sys/class/mmc_host/mmc0/clk_scaling/enable
11-27 23:22:01.338 E/PERFHAL-RESOURCEQS( 1820): PERFHAL-RESOURCEQS: AddAndApply() 159: Failed to apply optimization [11, 4]
11-27 23:22:01.340 E/JobScheduler( 3688): ResourceBudgetManagerInternal is null
11-27 23:22:01.344 E/ActivityManagerWrapper( 5385): get all recent tasks force including 813 userId =0
11-27 23:22:01.345 E/MiuiDamonService( 3688): getRegionsRes lookup count_map err 1035 7999 2
11-27 23:22:01.345 E/BluetoothAdapterService( 7727): getActiveDevices: A2dpService is null
11-27 23:22:01.345 E/ActivityManagerWrapper( 5385): getRecentTasksForceIncludingTaskIdIfValid: getRecentTasks: size=1
11-27 23:22:01.345 E/ActivityManagerWrapper( 5385):  mainTaskId=813   userId=0   windowMode=1   isExcludedFromRecents=false   baseIntent=Intent { act=android.intent.action.MAIN flag=270532608 cmp=ComponentInfo{com.hyperxray.an/com.hyperxray.an.activity.MainActivity} }
11-27 23:22:01.346 E/BluetoothAdapterService( 7727): getActiveDevices: HeadsetService is null
11-27 23:22:01.346 E/BluetoothAdapterService( 7727): getActiveDevices: LeAudioService is null
11-27 23:22:01.347 E/ConversionHelperAidl( 1945): Function: parseAndSetVendorParameters Line: 94 Failed 
11-27 23:22:01.347 E/ConversionHelperAidl( 1945): Function: parseAndSetVendorParameters Line: 94 Failed 
11-27 23:22:01.347 E/ConversionHelperAidl( 1945): Function: parseAndSetVendorParameters Line: 94 Failed 
11-27 23:22:01.348 E/Launcher.application( 5385): setClickAppWaitForCallback = false
11-27 23:22:01.356 E/surfaceflinger( 2003): Cannot find perfservice
11-27 23:22:01.363 E/ActivityManagerWrapper( 5385): IRecentsAnimationRunnerAtLeastS onAnimationStart, extra: Bundle[mParcelledData.dataSize=128]
11-27 23:22:01.363 E/PERFHAL-WLC-SCENARIO( 1820): PERFHAL-WLC-SCENARIO: GetWeight() 127: empty appName or WLC is not initialized
11-27 23:22:01.363 E/PERFHAL-SERVICE( 1820): PERFHAL-SERVICE: perfHintAsync() 599: perfHintAsync SubmitScenarioDRequest initcomplete
11-27 23:22:01.364 E/TransitionChain( 3688): Can't collect into a chain with no transition
11-27 23:22:01.364 E/CountableHandler( 5949): Pending message count is over 200, drop message.msg.what = 10007 handler = Handler (com.android.phone.statistics.utils.ModemHydraStat$ModemHydraHandler) {e826771}
11-27 23:22:01.365 E/PERFHAL-WLC-SCENARIO( 1820): PERFHAL-WLC-SCENARIO: GetWeight() 127: empty appName or WLC is not initialized
11-27 23:22:01.366 E/TransitionController( 3688): Set visible without transition WallpaperWindowToken{22d72ad showWhenLocked=true} playing=true caller=com.android.server.wm.WallpaperControllerImpl.updateWallpaperTokens:178 
11-27 23:22:01.370 E/TransitionController( 3688): Set visible without transition WallpaperWindowToken{22d72ad showWhenLocked=true} playing=true caller=com.android.server.wm.WallpaperControllerImpl.updateWallpaperTokens:178 
11-27 23:22:01.371 E/RotationHelper( 5385): setCurrentTransitionRequest: request=2
11-27 23:22:01.371 E/RotationHelper( 5385): notifyChange activityFlags=1, mMultiWindowRotationRequest=3, mCurrentTransitionRequest=2, mCurrentStateRequest=0
11-27 23:22:01.372 E/Launcher( 5385): mFsGestureStatusRefreshRunnable:run usingFsGesture=true   show=true   focus=false   pause=false
11-27 23:22:01.372 E/ClipAnimationHelper( 5385): updateSourceStack  mSourceInsets=Rect(0, 0 - 0, 0), mSourceStackBounds=Rect(0, 0 - 1200, 2670)
11-27 23:22:01.372 E/ClipAnimationHelper( 5385): updateHomeStack  mSourceInsets=Rect(0, 0 - 0, 0), mHomeStackBounds=Rect(0, 0 - 0, 0)
11-27 23:22:01.372 E/ClipAnimationHelper( 5385): updateSourceStack  mSourceInsets=Rect(0, 0 - 0, 0), mSourceStackBounds=Rect(0, 0 - 1200, 2670)
11-27 23:22:01.372 E/ClipAnimationHelper( 5385): updateHomeStack  mSourceInsets=Rect(0, 0 - 0, 0), mHomeStackBounds=Rect(0, 0 - 0, 0)
11-27 23:22:01.372 E/ClipAnimationHelper( 5385): updateTargetRect  mSourceRect=RectF(0.0, 0.0, 1200.0, 2664.3677)   mTargetRect=RectF(339.0, 0.0, 861.0, 1159.0)   mSourceWindowClipInsets=RectF(0.0, 0.0, 0.0, 5.632324)   mHomeStackBounds=Rect(0, 0 - 0, 0)   targetRect=Rect(339, 0 - 861, 1159)
11-27 23:22:01.372 E/ClipAnimationHelper( 5385): updateTargetRect  mSourceRect=RectF(0.0, 0.0, 1200.0, 2670.0)   mTargetRect=RectF(0.0, 0.0, 1200.0, 2670.0)   mSourceWindowClipInsets=RectF(0.0, 0.0, 0.0, 0.0)   mHomeStackBounds=Rect(0, 0 - 0, 0)   targetRect=Rect(0, 0 - 1200, 2670)
11-27 23:22:01.372 E/BlurUtils( 5385): fastBlur ratio=0.0   withAnim=false   sBlurRatioValue=0.0
11-27 23:22:01.376 E/WindowManager( 3688):  source = Task{1998cab #813 type=standard I=com.hyperxray.an/.activity.MainActivity} excludeMiuiNavBar = true excludeMiuiStatusBar = true excludeIme = false excludeNavBar = true miuiNavSurfaceControl = Surface(name=NavigationBar Container of Task = 813#21039)/@0x4624887 miuiStatusSurfaceControl = Surface(name=StatusBar Container of Task = 813#21041)/@0xf5c33b4
11-27 23:22:01.378 E/MultiSpringDynamicAnimation2b81923( 5385): ERROR Not Found Bundle Radius
11-27 23:22:01.378 E/MultiSpringDynamicAnimation2b81923( 5385): ERROR Not Found Bundle SurfaceExtAlpha
11-27 23:22:01.378 E/MultiSpringDynamicAnimation2b81923( 5385): ERROR Not Found Bundle appLeashBlurRadius
11-27 23:22:01.379 E/MultiSpringDynamicAnimation2b81923( 5385): ERROR Not Found Bundle SurfaceExtAlpha
11-27 23:22:01.379 E/MultiSpringDynamicAnimation2b81923( 5385): ERROR Not Found Bundle SurfaceExtAlpha
11-27 23:22:01.379 E/MultiSpringDynamicAnimation2b81923( 5385): ERROR Not Found Bundle appLeashBlurRadius
11-27 23:22:01.379 E/MultiSpringDynamicAnimation2b81923( 5385): ERROR Not Found Bundle Radius
11-27 23:22:01.379 E/MultiSpringDynamicAnimation2b81923( 5385): ERROR Not Found Bundle SurfaceExtAlpha
11-27 23:22:01.379 E/MultiSpringDynamicAnimation2b81923( 5385): ERROR Not Found Bundle appLeashBlurRadius
11-27 23:22:01.379 E/MultiSpringDynamicAnimation2b81923( 5385): ERROR Not Found Bundle SurfaceExtAlpha
11-27 23:22:01.382 E/MultiSpringDynamicAnimation2b81923( 5385): ERROR Not Found Bundle Radius
11-27 23:22:01.383 E/MultiSpringDynamicAnimation2b81923( 5385): ERROR Not Found Bundle Radius
11-27 23:22:01.383 E/MultiSpringDynamicAnimation2b81923( 5385): ERROR Not Found Bundle SurfaceExtAlpha
11-27 23:22:01.383 E/MultiSpringDynamicAnimation2b81923( 5385): ERROR Not Found Bundle appLeashBlurRadius
11-27 23:22:01.383 E/MultiSpringDynamicAnimation2b81923( 5385): ERROR Not Found Bundle SurfaceExtAlpha
11-27 23:22:01.384 E/WindowManager( 3688):  source = Task{1998cab #813 type=standard I=com.hyperxray.an/.activity.MainActivity} excludeMiuiNavBar = true excludeMiuiStatusBar = true excludeIme = false excludeNavBar = true miuiNavSurfaceControl = Surface(name=NavigationBar Container of Task = 813#21039)/@0x4624887 miuiStatusSurfaceControl = Surface(name=StatusBar Container of Task = 813#21041)/@0xf5c33b4
11-27 23:22:01.390 E/MultiSpringDynamicAnimation2b81923( 5385): ERROR Not Found Bundle Radius
11-27 23:22:01.392 E/MultiSpringDynamicAnimation2b81923( 5385): ERROR Not Found Bundle Radius
11-27 23:22:01.392 E/MultiSpringDynamicAnimation2b81923( 5385): ERROR Not Found Bundle SurfaceExtAlpha
11-27 23:22:01.392 E/MultiSpringDynamicAnimation2b81923( 5385): ERROR Not Found Bundle appLeashBlurRadius
11-27 23:22:01.392 E/MultiSpringDynamicAnimation2b81923( 5385): ERROR Not Found Bundle SurfaceExtAlpha
11-27 23:22:01.392 E/StateNotifyUtils( 5385): sendFsStateBroadCast state=taskSnapshot   channel=gesture   packageName=
11-27 23:22:01.392 E/TransitionChain( 3688): Can't collect into a chain with no transition
11-27 23:22:01.394 E/StateNotifyUtils( 5385): sendFsStateBroadCast state=startControlAppWindow   channel=gesture   packageName=
11-27 23:22:01.398 E/MultiSpringDynamicAnimation2b81923( 5385): ERROR Not Found Bundle Radius
11-27 23:22:01.399 E/MultiSpringDynamicAnimation2b81923( 5385): ERROR Not Found Bundle Radius
11-27 23:22:01.400 E/MultiSpringDynamicAnimation2b81923( 5385): ERROR Not Found Bundle SurfaceExtAlpha
11-27 23:22:01.400 E/MultiSpringDynamicAnimation2b81923( 5385): ERROR Not Found Bundle appLeashBlurRadius
11-27 23:22:01.400 E/MultiSpringDynamicAnimation2b81923( 5385): ERROR Not Found Bundle SurfaceExtAlpha
11-27 23:22:01.404 E/PERFHAL-SERVICE( 1820): PERFHAL-SERVICE: perfHintAsync() 599: perfHintAsync SubmitScenarioDRequest initcomplete
11-27 23:22:01.404 E/PERFHAL-WLC-SCENARIO( 1820): PERFHAL-WLC-SCENARIO: GetWeight() 127: empty appName or WLC is not initialized
11-27 23:22:01.406 E/MultiSpringDynamicAnimation2b81923( 5385): ERROR Not Found Bundle Radius
11-27 23:22:01.410 E/MultiSpringDynamicAnimation2b81923( 5385): ERROR Not Found Bundle Radius
11-27 23:22:01.410 E/MultiSpringDynamicAnimation2b81923( 5385): ERROR Not Found Bundle SurfaceExtAlpha
11-27 23:22:01.410 E/MultiSpringDynamicAnimation2b81923( 5385): ERROR Not Found Bundle appLeashBlurRadius
11-27 23:22:01.410 E/MultiSpringDynamicAnimation2b81923( 5385): ERROR Not Found Bundle SurfaceExtAlpha
11-27 23:22:01.410 E/BlurUtils( 5385): fastBlur ratio=0.0   withAnim=true   sBlurRatioValue=0.0
11-27 23:22:01.411 E/Launcher( 5385): mFsGestureStatusRefreshRunnable:run usingFsGesture=true   show=true   focus=false   pause=false
11-27 23:22:01.411 E/HandwritingModeController( 3688): Cannot get requestId: Handwriting was not initialized.
11-27 23:22:01.412 E/MultiSpringDynamicAnimation2b81923( 5385): ERROR Not Found Bundle Radius
11-27 23:22:01.412 E/MultiSpringDynamicAnimation2b81923( 5385): ERROR Not Found Bundle SurfaceExtAlpha
11-27 23:22:01.412 E/MultiSpringDynamicAnimation2b81923( 5385): ERROR Not Found Bundle appLeashBlurRadius
11-27 23:22:01.412 E/MultiSpringDynamicAnimation2b81923( 5385): ERROR Not Found Bundle SurfaceExtAlpha
11-27 23:22:01.412 E/TaskViewsElement( 5385): animTo,mode=6
11-27 23:22:01.412 E/StateNotifyUtils( 5385): sendFsStateBroadCast state=toHome   channel=gesture   packageName=
11-27 23:22:01.413 E/RotationHelper( 5385): setCurrentTransitionRequest: request=0
11-27 23:22:01.413 E/RotationHelper( 5385): notifyChange activityFlags=1, mMultiWindowRotationRequest=3, mCurrentTransitionRequest=0, mCurrentStateRequest=0
11-27 23:22:01.448 E/ConversionHelperAidl( 1945): Function: parseAndSetVendorParameters Line: 94 Failed 
11-27 23:22:01.448 E/ConversionHelperAidl( 1945): Function: parseAndSetVendorParameters Line: 94 Failed 
11-27 23:22:01.448 E/ConversionHelperAidl( 1945): Function: parseAndSetVendorParameters Line: 94 Failed 
11-27 23:22:01.670 E/AlarmManager( 3688): not align this alarm: Alarm{79d27e9 type 3 origWhen 52262169 whenElapsed 52262169 android}, reason=0
11-27 23:22:01.738 E/ANDR-PERF( 1820): ExtendedPerfBoost: trigger_rearm_timer() 179: setthermalbreak req empty boostparam=boost:1 cpu0:2611200 cpu6:2572800
11-27 23:22:01.814 E/ANDR-PERF( 1820): ExtendedPerfBoost: trigger_rearm_timer() 179: setthermalbreak req empty boostparam=boost:0
11-27 23:22:02.098 E/MultiSpringDynamicAnimation2b81923( 5385): ERROR Not Found Bundle Radius
11-27 23:22:02.098 E/FloatingIconView26fa1481( 5385): recycleView
11-27 23:22:02.098 E/WindowManager( 3688):  source = Task{1998cab #813 type=standard I=com.hyperxray.an/.activity.MainActivity} excludeMiuiNavBar = true excludeMiuiStatusBar = true excludeIme = false excludeNavBar = true miuiNavSurfaceControl = Surface(name=NavigationBar Container of Task = 813#21039)/@0x4624887 miuiStatusSurfaceControl = Surface(name=StatusBar Container of Task = 813#21041)/@0xf5c33b4
11-27 23:22:02.111 E/WindowElement41d8e20( 5385): com.miui.home.recents.anim.WindowElement@41d8e20 finishTransition toHome = true isHalf = false runningTaskId = 0
11-27 23:22:02.111 E/WindowTransitionCompat( 5385): com.android.systemui.shared.recents.system.WindowTransitionCompat@bbaa19e finishTransition toHome = true
11-27 23:22:02.117 E/RotationHelper( 5385): setCurrentTransitionRequest: request=0
11-27 23:22:02.143 E/Launcher( 5385): mFsGestureStatusRefreshRunnable:run usingFsGesture=true   show=true   focus=true   pause=false
11-27 23:22:02.218 E/ActivityManagerWrapper( 5385): get all recent tasks force including -1 userId =0
11-27 23:22:02.219 E/ActivityManagerWrapper( 5385): getRecentTasksForceIncludingTaskIdIfValid: getRecentTasks: size=1
11-27 23:22:02.219 E/ActivityManagerWrapper( 5385):  mainTaskId=813   userId=0   windowMode=1   isExcludedFromRecents=false   baseIntent=Intent { act=android.intent.action.MAIN flag=270532608 cmp=ComponentInfo{com.hyperxray.an/com.hyperxray.an.activity.MainActivity} }
11-27 23:22:02.412 E/PERFHAL-CLIENT( 1820): PERFHAL-CLIENT: perf_lock_acq_rel() 496: opcode=1149239296 isMvOpcode=0
11-27 23:22:02.662 E/NavStubView( 5385): startRecentsAnimationPre runningTask is Launcher
11-27 23:22:02.674 E/RotationHelper( 5385): setCurrentTransitionRequest: request=2
11-27 23:22:02.674 E/RotationHelper( 5385): notifyChange activityFlags=1, mMultiWindowRotationRequest=3, mCurrentTransitionRequest=2, mCurrentStateRequest=0
11-27 23:22:02.675 E/StateNotifyUtils( 5385): sendFsStateBroadCast state=taskSnapshot   channel=gesture   packageName=
11-27 23:22:02.691 E/PERFHAL-SERVICE( 1820): PERFHAL-SERVICE: perfHintAsync() 599: perfHintAsync SubmitScenarioDRequest initcomplete
11-27 23:22:02.691 E/PERFHAL-WLC-SCENARIO( 1820): PERFHAL-WLC-SCENARIO: GetWeight() 127: empty appName or WLC is not initialized
11-27 23:22:02.691 E/PERFHAL-WLC-SCENARIO( 1820): PERFHAL-WLC-SCENARIO: GetWeight() 127: empty appName or WLC is not initialized
11-27 23:22:02.881 E/StateNotifyUtils( 5385): sendFsStateBroadCast state=crossSafeArea   channel=gesture   packageName=
11-27 23:22:02.891 E/NormalState( 5385): onExitState
11-27 23:22:02.891 E/OverviewState( 5385): onStateEnabled
11-27 23:22:02.892 E/Launcher( 5385): mFsGestureStatusRefreshRunnable:run usingFsGesture=true   show=true   focus=true   pause=false
11-27 23:22:02.893 E/RecentsContainer( 5385): setIsExitRecentsAnimating animating=false
11-27 23:22:02.894 E/RotationHelper( 5385): setCurrentStateRequest: request=1
11-27 23:22:02.894 E/RotationHelper( 5385): notifyChange activityFlags=1, mMultiWindowRotationRequest=3, mCurrentTransitionRequest=2, mCurrentStateRequest=1
11-27 23:22:02.894 E/SystemUiController( 5385): updateUiState: 10 state: AllAppExit
11-27 23:22:02.894 E/StateManager( 5385): setWorkspaceProperty  state=OverviewState
11-27 23:22:02.894 E/RecentsViewStateController( 5385): setState: state=OverviewState
11-27 23:22:02.895 E/Launcher( 5385): mFsGestureStatusRefreshRunnable:run usingFsGesture=true   show=true   focus=true   pause=false
11-27 23:22:02.895 E/OverviewState( 5385): onStateTransitionEnd
11-27 23:22:02.895 E/RotationHelper( 5385): setCurrentStateRequest: request=1
11-27 23:22:02.895 E/TaskViewsElement( 5385): animTo,mode=7
11-27 23:22:02.897 E/VibratorManagerServiceImpl( 3688): vibrationThreadSetParameters
11-27 23:22:02.933 E/TaskViewsElement( 5385): animTo,mode=2
11-27 23:22:02.947 E/TaskViewsElement( 5385): animTo,mode=2
11-27 23:22:02.973 E/TaskViewsElement( 5385): animTo,mode=2
11-27 23:22:02.988 E/TaskViewsElement( 5385): animTo,mode=2
11-27 23:22:03.013 E/TaskViewsElement( 5385): animTo,mode=2
11-27 23:22:03.029 E/TaskViewsElement( 5385): animTo,mode=2
11-27 23:22:03.047 E/TaskViewsElement( 5385): animTo,mode=2
11-27 23:22:03.062 E/TaskViewsElement( 5385): animTo,mode=5
11-27 23:22:03.062 E/PerfShielderService( 3688): onScenarioChanged start type: 316 time:52152522
11-27 23:22:03.063 E/RotationHelper( 5385): setCurrentTransitionRequest: request=0
11-27 23:22:03.063 E/RotationHelper( 5385): notifyChange activityFlags=1, mMultiWindowRotationRequest=3, mCurrentTransitionRequest=0, mCurrentStateRequest=1
11-27 23:22:03.063 E/PerfShielderService( 3688): onScenarioChanged end type: 316 time:52152522, startTime : 52152522
11-27 23:22:03.064 E/StateNotifyUtils( 5385): sendFsStateBroadCast state=toRecents   channel=gesture   packageName=
11-27 23:22:03.553 E/ANDR-PERF( 1820): ExtendedPerfBoost: trigger_rearm_timer() 179: setthermalbreak req empty boostparam=boost:0
11-27 23:22:03.605 E/QuickstepAppTransitionManagerImpl( 5385): getActivityLaunchOptions iconLoc=Rect(0, 0 - 0, 0)
11-27 23:22:03.605 E/Launcher.application( 5385): setClickAppWaitForCallback = true
11-27 23:22:03.611 E/PERFHAL-SERVICE( 1820): PERFHAL-SERVICE: perfHintAsync() 599: perfHintAsync SubmitScenarioDRequest initcomplete
11-27 23:22:03.612 E/PERFHAL-UTIL( 1820): PERFHAL-UTIL: save_node_val() 266: Failed to read /sys/class/mmc_host/mmc0/clk_scaling/enable
11-27 23:22:03.612 E/PERFHAL-OPTSHANDLER( 1820): PERFHAL-OPTSHANDLER: modify_sysfsnode() 1409: Failed to read /sys/class/mmc_host/mmc0/clk_scaling/enable
11-27 23:22:03.612 E/PERFHAL-RESOURCEQS( 1820): PERFHAL-RESOURCEQS: AddAndApply() 159: Failed to apply optimization [11, 4]
11-27 23:22:03.622 E/WindowOrganizerController( 3688): Trying to start a transition that isn't collecting. This probably means Shell took too long to respond to a request. WM State may be incorrect now, please file a bug
11-27 23:22:03.626 E/WindowTransitionCompat( 5385): startAnimation isFastLaunch = false
11-27 23:22:03.627 E/WindowTransitionCompat( 5385): 0, check isClosingType type = 1, mode = 3
11-27 23:22:03.627 E/WindowTransitionCompat( 5385): 1, check isClosingType type = 2, mode = 4
11-27 23:22:03.627 E/TransitionChain( 3688): Can't collect into a chain with no transition
11-27 23:22:03.629 E/ActivityManagerWrapper( 5385): get all recent tasks force including -1 userId =0
11-27 23:22:03.631 E/TransitionChain( 3688): Can't collect into a chain with no transition
11-27 23:22:03.635 E/ClipAnimationHelper( 5385): updateSourceStack  mSourceInsets=Rect(0, 0 - 0, 0), mSourceStackBounds=Rect(0, 0 - 1200, 2670)
11-27 23:22:03.635 E/ClipAnimationHelper( 5385): updateHomeStack  mSourceInsets=Rect(0, 0 - 0, 0), mHomeStackBounds=Rect(0, 0 - 1200, 2670)
11-27 23:22:03.635 E/ClipAnimationHelper( 5385): updateTargetRect  mSourceRect=RectF(0.0, 0.0, 1200.0, 2670.0)   mTargetRect=RectF(0.0, 0.0, 1200.0, 2670.0)   mSourceWindowClipInsets=RectF(0.0, 0.0, 0.0, 0.0)   mHomeStackBounds=Rect(0, 0 - 1200, 2670)   targetRect=Rect(0, 0 - 1200, 2670)
11-27 23:22:03.635 E/MultiSpringDynamicAnimationcbd8473( 5385): ERROR Not Found Bundle Radius
11-27 23:22:03.635 E/MultiSpringDynamicAnimationcbd8473( 5385): ERROR Not Found Bundle SurfaceExtAlpha
11-27 23:22:03.635 E/MultiSpringDynamicAnimationcbd8473( 5385): ERROR Not Found Bundle appLeashBlurRadius
11-27 23:22:03.635 E/MultiSpringDynamicAnimationcbd8473( 5385): ERROR Not Found Bundle SurfaceExtAlpha
11-27 23:22:03.635 E/MultiSpringDynamicAnimationcbd8473( 5385): ERROR Not Found Bundle SurfaceExtAlpha
11-27 23:22:03.635 E/MultiSpringDynamicAnimationcbd8473( 5385): ERROR Not Found Bundle appLeashBlurRadius
11-27 23:22:03.635 E/TaskViewsElement( 5385): animTo,mode=11
11-27 23:22:03.636 E/Launcher.application( 5385): setClickAppWaitForCallback = false
11-27 23:22:03.636 E/BluetoothAdapterService( 7727): getActiveDevices: A2dpService is null
11-27 23:22:03.636 E/ActivityManagerWrapper( 5385): getRecentTasksForceIncludingTaskIdIfValid: getRecentTasks: size=1
11-27 23:22:03.636 E/ActivityManagerWrapper( 5385):  mainTaskId=813   userId=0   windowMode=1   isExcludedFromRecents=false   baseIntent=Intent { act=android.intent.action.MAIN flag=270532608 cmp=ComponentInfo{com.hyperxray.an/com.hyperxray.an.activity.MainActivity} }
11-27 23:22:03.638 E/BluetoothAdapterService( 7727): getActiveDevices: HeadsetService is null
11-27 23:22:03.638 E/BluetoothAdapterService( 7727): getActiveDevices: LeAudioService is null
11-27 23:22:03.639 E/ConversionHelperAidl( 1945): Function: parseAndSetVendorParameters Line: 94 Failed 
11-27 23:22:03.640 E/ConversionHelperAidl( 1945): Function: parseAndSetVendorParameters Line: 94 Failed 
11-27 23:22:03.640 E/ConversionHelperAidl( 1945): Function: parseAndSetVendorParameters Line: 94 Failed 
11-27 23:22:03.641 E/CountableHandler( 5949): Pending message count is over 200, drop message.msg.what = 10007 handler = Handler (com.android.phone.statistics.utils.ModemHydraStat$ModemHydraHandler) {e826771}
11-27 23:22:03.713 E/ActivityManagerWrapper( 5385): get all recent tasks force including -1 userId =0
11-27 23:22:03.714 E/ActivityManagerWrapper( 5385): getRecentTasksForceIncludingTaskIdIfValid: getRecentTasks: size=1
11-27 23:22:03.714 E/ActivityManagerWrapper( 5385):  mainTaskId=813   userId=0   windowMode=1   isExcludedFromRecents=false   baseIntent=Intent { act=android.intent.action.MAIN flag=270532608 cmp=ComponentInfo{com.hyperxray.an/com.hyperxray.an.activity.MainActivity} }
11-27 23:22:03.741 E/ConversionHelperAidl( 1945): Function: parseAndSetVendorParameters Line: 94 Failed 
