11-21 15:03:39.318 D/XrayRuntimeService( 7840): Xray: 2025/11/21 12:03:39.318215 [Debug] [3282085847] transport/internet/udp: dispatch request to: udp:8.8.8.8:53
11-21 15:03:39.745 D/XrayRuntimeService( 7840): Xray: 2025/11/21 12:03:39.745377 [Debug] [1673459918] proxy/socks: send packet to udp:8.8.8.8:53 with 35 bytes
11-21 15:03:39.746 D/XrayRuntimeService( 7840): Xray: 2025/11/21 12:03:39.745422 [Debug] [1673459918] transport/internet/udp: dispatch request to: udp:8.8.8.8:53
11-21 15:03:39.746 D/XrayRuntimeService( 7840): Xray: 2025/11/21 12:03:39.746473 [Debug] [711815055] proxy/socks: send packet to udp:8.8.8.8:53 with 33 bytes
11-21 15:03:39.747 D/XrayRuntimeService( 7840): Xray: 2025/11/21 12:03:39.746500 [Debug] [711815055] transport/internet/udp: dispatch request to: udp:8.8.8.8:53
11-21 15:03:39.796 D/XrayRuntimeService( 7840): Xray: 2025/11/21 12:03:39.796313 [Debug] [3027301302] proxy/socks: send packet to udp:8.8.8.8:53 with 44 bytes
11-21 15:03:39.797 D/XrayRuntimeService( 7840): Xray: 2025/11/21 12:03:39.796339 [Debug] [3027301302] transport/internet/udp: dispatch request to: udp:8.8.8.8:53
11-21 15:03:40.134 I/ClipboardServiceI( 3869): checkProviderWakePathForClipboard: com.hyperxray.anis not a activePermissionOwner
11-21 15:03:40.141 D/XrayRuntimeService( 7840): Xray: 2025/11/21 12:03:40.141391 [Info] [916151720] transport/internet/udp: failed to handle UDP input > io: read/write on closed pipe
11-21 15:03:40.458 E/fb4a.msys(27864): E[N mns]_OnDiskCacheGetData(632)=>Start post callback cache refresh DNS resolution
11-21 15:03:40.459 E/fb4a.msys(27864): E[N mns]_OnDiskCacheGetData(632)=>Start post callback cache refresh DNS resolution
11-21 15:03:40.461 D/XrayRuntimeService( 7840): Xray: 2025/11/21 12:03:40.460452 [Info] [603412766] proxy/socks: TCP Connect request to tcp:57.144.238.3:443
11-21 15:03:40.461 D/XrayRuntimeService( 7840): Xray: 2025/11/21 12:03:40.460790 [Info] [3122844875] proxy/socks: TCP Connect request to tcp:57.144.238.3:443
11-21 15:03:40.463 D/DnsCacheManager( 7840): 🔍 Checking DNS cache for: z-m-gateway.facebook.com
11-21 15:03:40.463 I/DnsCacheManager( 7840): ✅ DNS cache HIT: z-m-gateway.facebook.com -> [57.144.238.3] (age: 4009s) [53μs]
11-21 15:03:40.463 D/VpnService( 7840): ✅ DNS CACHE HIT (Xray sniffing): z-m-gateway.facebook.com -> [57.144.238.3] (served from cache)
11-21 15:03:40.463 D/XrayRuntimeService( 7840): Xray: 2025/11/21 12:03:40.461475 [Info] [603412766] app/dispatcher: sniffed domain: z-m-gateway.facebook.com
11-21 15:03:40.464 D/XrayRuntimeService( 7840): Xray: 2025/11/21 12:03:40.461500 [Info] [603412766] app/dispatcher: default route for tcp:z-m-gateway.facebook.com:443
11-21 15:03:40.464 D/XrayRuntimeService( 7840): Xray: 2025/11/21 12:03:40.461508 [Info] [603412766] transport/internet/tcp: dialing TCP to tcp:stol.halibiram.online:443
11-21 15:03:40.464 D/XrayRuntimeService( 7840): Xray: 2025/11/21 12:03:40.461511 [Debug] [603412766] transport/internet: dialing to tcp:stol.halibiram.online:443
11-21 15:03:40.464 D/XrayRuntimeService( 7840): Xray: 2025/11/21 12:03:40.461520 from tcp:127.0.0.1:37708 accepted tcp:57.144.238.3:443 [vless_0]
11-21 15:03:40.464 D/DnsCacheManager( 7840): 🔍 Checking DNS cache for: z-m-gateway.facebook.com
11-21 15:03:40.465 I/DnsCacheManager( 7840): ✅ DNS cache HIT: z-m-gateway.facebook.com -> [57.144.238.3] (age: 4009s) [66μs]
11-21 15:03:40.465 D/VpnService( 7840): ✅ DNS CACHE HIT (Xray sniffing): z-m-gateway.facebook.com -> [57.144.238.3] (served from cache)
11-21 15:03:40.465 D/XrayRuntimeService( 7840): Xray: 2025/11/21 12:03:40.463752 [Info] [3122844875] app/dispatcher: sniffed domain: z-m-gateway.facebook.com
11-21 15:03:40.465 D/XrayRuntimeService( 7840): Xray: 2025/11/21 12:03:40.464189 [Info] [3122844875] app/dispatcher: default route for tcp:z-m-gateway.facebook.com:443
11-21 15:03:40.465 D/XrayRuntimeService( 7840): Xray: 2025/11/21 12:03:40.464194 [Info] [3122844875] transport/internet/tcp: dialing TCP to tcp:stol.halibiram.online:443
11-21 15:03:40.465 D/XrayRuntimeService( 7840): Xray: 2025/11/21 12:03:40.464198 [Debug] [3122844875] transport/internet: dialing to tcp:stol.halibiram.online:443
11-21 15:03:40.466 D/XrayRuntimeService( 7840): Xray: 2025/11/21 12:03:40.463969 from tcp:127.0.0.1:37722 accepted tcp:57.144.238.3:443 [vless_0]
11-21 15:03:40.655 E/fb4a.msys(27864): E[N mns]_OnDiskCacheGetData(632)=>Start post callback cache refresh DNS resolution
11-21 15:03:40.658 D/XrayRuntimeService( 7840): Xray: 2025/11/21 12:03:40.657508 [Info] [1847890302] proxy/socks: TCP Connect request to tcp:57.144.238.3:443
11-21 15:03:40.658 E/fb4a.msys(27864): E[N mns]_OnDiskCacheGetData(632)=>Start post callback cache refresh DNS resolution
11-21 15:03:40.658 D/DnsCacheManager( 7840): 🔍 Checking DNS cache for: z-m-gateway.facebook.com
11-21 15:03:40.658 I/DnsCacheManager( 7840): ✅ DNS cache HIT: z-m-gateway.facebook.com -> [57.144.238.3] (age: 4009s) [45μs]
11-21 15:03:40.658 D/VpnService( 7840): ✅ DNS CACHE HIT (Xray sniffing): z-m-gateway.facebook.com -> [57.144.238.3] (served from cache)
11-21 15:03:40.658 D/XrayRuntimeService( 7840): Xray: 2025/11/21 12:03:40.658348 [Info] [1847890302] app/dispatcher: sniffed domain: z-m-gateway.facebook.com
11-21 15:03:40.659 D/XrayRuntimeService( 7840): Xray: 2025/11/21 12:03:40.658371 from tcp:127.0.0.1:37732 accepted tcp:57.144.238.3:443 [vless_0]
11-21 15:03:40.659 D/XrayRuntimeService( 7840): Xray: 2025/11/21 12:03:40.658374 [Info] [1847890302] app/dispatcher: default route for tcp:z-m-gateway.facebook.com:443
11-21 15:03:40.659 D/XrayRuntimeService( 7840): Xray: 2025/11/21 12:03:40.658388 [Info] [1847890302] transport/internet/tcp: dialing TCP to tcp:stol.halibiram.online:443
11-21 15:03:40.660 D/XrayRuntimeService( 7840): Xray: 2025/11/21 12:03:40.658393 [Debug] [1847890302] transport/internet: dialing to tcp:stol.halibiram.online:443
11-21 15:03:40.660 D/XrayRuntimeService( 7840): Xray: 2025/11/21 12:03:40.660299 [Info] [3143966131] proxy/socks: TCP Connect request to tcp:57.144.238.3:443
11-21 15:03:40.661 D/DnsCacheManager( 7840): 🔍 Checking DNS cache for: z-m-gateway.facebook.com
11-21 15:03:40.661 I/DnsCacheManager( 7840): ✅ DNS cache HIT: z-m-gateway.facebook.com -> [57.144.238.3] (age: 4009s) [37μs]
11-21 15:03:40.661 D/VpnService( 7840): ✅ DNS CACHE HIT (Xray sniffing): z-m-gateway.facebook.com -> [57.144.238.3] (served from cache)
11-21 15:03:40.661 D/XrayRuntimeService( 7840): Xray: 2025/11/21 12:03:40.660718 [Info] [3143966131] app/dispatcher: sniffed domain: z-m-gateway.facebook.com
11-21 15:03:40.661 D/XrayRuntimeService( 7840): Xray: 2025/11/21 12:03:40.660728 [Info] [3143966131] app/dispatcher: default route for tcp:z-m-gateway.facebook.com:443
11-21 15:03:40.662 D/XrayRuntimeService( 7840): Xray: 2025/11/21 12:03:40.660732 [Info] [3143966131] transport/internet/tcp: dialing TCP to tcp:stol.halibiram.online:443
11-21 15:03:40.662 D/XrayRuntimeService( 7840): Xray: 2025/11/21 12:03:40.660737 [Debug] [3143966131] transport/internet: dialing to tcp:stol.halibiram.online:443
11-21 15:03:40.662 D/XrayRuntimeService( 7840): Xray: 2025/11/21 12:03:40.660831 from tcp:127.0.0.1:37740 accepted tcp:57.144.238.3:443 [vless_0]
11-21 15:03:41.316 D/XrayRuntimeService( 7840): Xray: 2025/11/21 12:03:41.315764 [Info] [3569589534] proxy/vless/outbound: tunneling request to tcp:lm.facebook.com:443 via stol.halibiram.online:443
11-21 15:03:41.316 D/XrayRuntimeService( 7840): Xray: 2025/11/21 12:03:41.316423 [Info] [3569589534] proxy: XtlsFilterTls found tls client hello! 1757
11-21 15:03:41.317 D/XrayRuntimeService( 7840): Xray: 2025/11/21 12:03:41.316430 [Info] [3569589534] proxy: XtlsPadding 1757 4 0
11-21 15:03:41.459 E/fb4a.msys(27864): E[N mns]_OnDiskCacheGetData(632)=>Start post callback cache refresh DNS resolution
11-21 15:03:41.462 D/XrayRuntimeService( 7840): Xray: 2025/11/21 12:03:41.461852 [Info] [2090030417] proxy/socks: TCP Connect request to tcp:57.144.238.3:443
11-21 15:03:41.464 D/DnsCacheManager( 7840): 🔍 Checking DNS cache for: z-m-gateway.facebook.com
11-21 15:03:41.464 I/DnsCacheManager( 7840): ✅ DNS cache HIT: z-m-gateway.facebook.com -> [57.144.238.3] (age: 4010s) [70μs]
11-21 15:03:41.464 D/VpnService( 7840): ✅ DNS CACHE HIT (Xray sniffing): z-m-gateway.facebook.com -> [57.144.238.3] (served from cache)
11-21 15:03:41.464 D/XrayRuntimeService( 7840): Xray: 2025/11/21 12:03:41.463027 [Info] [2090030417] app/dispatcher: sniffed domain: z-m-gateway.facebook.com
11-21 15:03:41.465 D/XrayRuntimeService( 7840): Xray: 2025/11/21 12:03:41.463063 [Info] [2090030417] app/dispatcher: default route for tcp:z-m-gateway.facebook.com:443
11-21 15:03:41.465 D/XrayRuntimeService( 7840): Xray: 2025/11/21 12:03:41.463068 [Info] [2090030417] transport/internet/tcp: dialing TCP to tcp:stol.halibiram.online:443
11-21 15:03:41.465 D/XrayRuntimeService( 7840): Xray: 2025/11/21 12:03:41.463072 [Debug] [2090030417] transport/internet: dialing to tcp:stol.halibiram.online:443
11-21 15:03:41.465 D/XrayRuntimeService( 7840): Xray: 2025/11/21 12:03:41.463083 from tcp:127.0.0.1:37748 accepted tcp:57.144.238.3:443 [vless_0]
11-21 15:03:41.468 D/XrayRuntimeService( 7840): Xray: 2025/11/21 12:03:41.467211 [Info] [3569589534] proxy: Xtls Unpadding new block, content 4249 padding 5 command 0
11-21 15:03:41.468 D/XrayRuntimeService( 7840): Xray: 2025/11/21 12:03:41.467298 [Info] [3569589534] proxy: XtlsFilterTls found tls 1.3! 1163 TLS_AES_128_GCM_SHA256
11-21 15:03:41.479 D/XrayRuntimeService( 7840): Xray: 2025/11/21 12:03:41.478758 [Info] [3569589534] proxy: XtlsPadding 64 1250 0
11-21 15:03:41.479 D/XrayRuntimeService( 7840): Xray: 2025/11/21 12:03:41.479298 [Info] [3569589534] proxy: XtlsPadding 92 1133 2
11-21 15:03:41.617 D/XrayRuntimeService( 7840): Xray: 2025/11/21 12:03:41.616715 [Info] [3569589534] proxy: Xtls Unpadding new block, content 253 padding 813 command 2
11-21 15:03:41.617 D/XrayRuntimeService( 7840): Xray: 2025/11/21 12:03:41.616771 [Info] [3569589534] proxy: CopyRawConn splice
11-21 15:03:41.645 E/fb4a.msys(27864): E[N mns]_LogError(228)=>Failed to resolve using system DNS resolver, getaddrinfo(): No address associated with hostname
11-21 15:03:41.648 D/XrayRuntimeService( 7840): Xray: 2025/11/21 12:03:41.647522 [Info] [2329070650] proxy/socks: client UDP connection from udp:127.0.0.1:50845
11-21 15:03:41.648 D/XrayRuntimeService( 7840): Xray: 2025/11/21 12:03:41.647547 [Debug] [2329070650] proxy/socks: send packet to udp:8.8.8.8:53 with 42 bytes
11-21 15:03:41.648 D/XrayRuntimeService( 7840): Xray: 2025/11/21 12:03:41.647551 [Debug] [2329070650] transport/internet/udp: dispatch request to: udp:8.8.8.8:53
11-21 15:03:41.648 D/XrayRuntimeService( 7840): Xray: 2025/11/21 12:03:41.647555 [Info] [2329070650] transport/internet/udp: establishing new connection for udp:8.8.8.8:53
11-21 15:03:41.648 D/XrayRuntimeService( 7840): Xray: 2025/11/21 12:03:41.647611 [Info] [2329070650] app/dispatcher: default route for udp:8.8.8.8:53
11-21 15:03:41.649 D/XrayRuntimeService( 7840): Xray: 2025/11/21 12:03:41.647692 from udp:127.0.0.1:50845 accepted udp:8.8.8.8:53 [vless_0]
11-21 15:03:41.649 D/XrayRuntimeService( 7840): Xray: 2025/11/21 12:03:41.647695 [Info] [2329070650] transport/internet/tcp: dialing TCP to tcp:stol.halibiram.online:443
11-21 15:03:41.649 E/fb4a.msys(27864): E[N mns]_LogError(228)=>Failed to resolve using system DNS resolver, getaddrinfo(): No address associated with hostname
11-21 15:03:41.649 D/XrayRuntimeService( 7840): Xray: 2025/11/21 12:03:41.647711 [Debug] [2329070650] transport/internet: dialing to tcp:stol.halibiram.online:443
11-21 15:03:41.651 D/XrayRuntimeService( 7840): Xray: 2025/11/21 12:03:41.651338 [Info] [1960336361] proxy/socks: client UDP connection from udp:127.0.0.1:60188
11-21 15:03:41.651 D/XrayRuntimeService( 7840): Xray: 2025/11/21 12:03:41.651361 [Debug] [1960336361] proxy/socks: send packet to udp:8.8.8.8:53 with 42 bytes
11-21 15:03:41.652 D/XrayRuntimeService( 7840): Xray: 2025/11/21 12:03:41.651367 [Debug] [1960336361] transport/internet/udp: dispatch request to: udp:8.8.8.8:53
11-21 15:03:41.652 D/XrayRuntimeService( 7840): Xray: 2025/11/21 12:03:41.651370 [Info] [1960336361] transport/internet/udp: establishing new connection for udp:8.8.8.8:53
11-21 15:03:41.653 D/XrayRuntimeService( 7840): Xray: 2025/11/21 12:03:41.651413 [Info] [1960336361] app/dispatcher: default route for udp:8.8.8.8:53
11-21 15:03:41.653 D/XrayRuntimeService( 7840): Xray: 2025/11/21 12:03:41.651438 from udp:127.0.0.1:60188 accepted udp:8.8.8.8:53 [vless_0]
11-21 15:03:41.653 D/XrayRuntimeService( 7840): Xray: 2025/11/21 12:03:41.651488 [Info] [1960336361] transport/internet/tcp: dialing TCP to tcp:stol.halibiram.online:443
11-21 15:03:41.653 D/XrayRuntimeService( 7840): Xray: 2025/11/21 12:03:41.651494 [Debug] [1960336361] transport/internet: dialing to tcp:stol.halibiram.online:443
11-21 15:03:41.764 D/XrayRuntimeService( 7840): Xray: 2025/11/21 12:03:41.763489 [Info] [2090030417] proxy/vless/outbound: tunneling request to tcp:z-m-gateway.facebook.com:443 via stol.halibiram.online:443
11-21 15:03:41.764 D/XrayRuntimeService( 7840): Xray: 2025/11/21 12:03:41.763623 [Info] [2090030417] proxy: XtlsFilterTls found tls client hello! 394
11-21 15:03:41.764 D/XrayRuntimeService( 7840): Xray: 2025/11/21 12:03:41.763629 [Info] [2090030417] proxy: XtlsPadding 394 856 0
11-21 15:03:41.773 D/XrayRuntimeService( 7840): Xray: 2025/11/21 12:03:41.771865 [Info] [3122844875] transport/internet/tcp: dialing TCP to tcp:stol.halibiram.online:443
11-21 15:03:41.773 D/XrayRuntimeService( 7840): Xray: 2025/11/21 12:03:41.772000 [Debug] [3122844875] transport/internet: dialing to tcp:stol.halibiram.online:443
11-21 15:03:41.774 D/XrayRuntimeService( 7840): Xray: REALITY localAddr: 192.168.1.42:38154	DialTLSContext
11-21 15:03:41.793 D/XrayRuntimeService( 7840): Xray: REALITY localAddr: 192.168.1.42:59494	DialTLSContext
11-21 15:03:41.796 D/XrayRuntimeService( 7840): Xray: 2025/11/21 12:03:41.796193 [Info] [603412766] transport/internet/tcp: dialing TCP to tcp:stol.halibiram.online:443
11-21 15:03:41.797 D/XrayRuntimeService( 7840): Xray: 2025/11/21 12:03:41.796216 [Debug] [603412766] transport/internet: dialing to tcp:stol.halibiram.online:443
11-21 15:03:41.797 E/fb4a.msys(27864): E[N mns]_OnDiskCacheGetData(632)=>Start post callback cache refresh DNS resolution
11-21 15:03:41.797 D/XrayRuntimeService( 7840): Xray: REALITY localAddr: 192.168.1.42:38152	DialTLSContext
11-21 15:03:41.798 D/XrayRuntimeService( 7840): Xray: 2025/11/21 12:03:41.798446 [Info] [3460396813] proxy/socks: TCP Connect request to tcp:57.144.238.3:443
11-21 15:03:41.800 D/DnsCacheManager( 7840): 🔍 Checking DNS cache for: z-m-gateway.facebook.com
11-21 15:03:41.800 I/DnsCacheManager( 7840): ✅ DNS cache HIT: z-m-gateway.facebook.com -> [57.144.238.3] (age: 4010s) [56μs]
11-21 15:03:41.800 D/VpnService( 7840): ✅ DNS CACHE HIT (Xray sniffing): z-m-gateway.facebook.com -> [57.144.238.3] (served from cache)
11-21 15:03:41.800 D/XrayRuntimeService( 7840): Xray: 2025/11/21 12:03:41.799741 [Info] [3460396813] app/dispatcher: sniffed domain: z-m-gateway.facebook.com
11-21 15:03:41.800 D/XrayRuntimeService( 7840): Xray: 2025/11/21 12:03:41.799756 [Info] [3460396813] app/dispatcher: default route for tcp:z-m-gateway.facebook.com:443
11-21 15:03:41.801 D/XrayRuntimeService( 7840): Xray: 2025/11/21 12:03:41.799760 [Info] [3460396813] transport/internet/tcp: dialing TCP to tcp:stol.halibiram.online:443
11-21 15:03:41.801 D/XrayRuntimeService( 7840): Xray: 2025/11/21 12:03:41.799764 [Debug] [3460396813] transport/internet: dialing to tcp:stol.halibiram.online:443
11-21 15:03:41.801 D/XrayRuntimeService( 7840): Xray: 2025/11/21 12:03:41.799772 from tcp:127.0.0.1:37768 accepted tcp:57.144.238.3:443 [vless_0]
11-21 15:03:41.867 D/XrayRuntimeService( 7840): Xray: 2025/11/21 12:03:41.867128 [Debug] [2875675912] proxy/socks: Not Socks request, try to parse as HTTP request
11-21 15:03:41.868 D/XrayRuntimeService( 7840): Xray: 2025/11/21 12:03:41.867201 [Info] [2875675912] proxy/http: request to Method [CONNECT] Host [denizlimanset.com:443] with URL [//denizlimanset.com:443]
11-21 15:03:41.868 D/DnsCacheManager( 7840): 🔍 Checking DNS cache for: denizlimanset.com
11-21 15:03:41.869 D/XrayRuntimeService( 7840): Xray: 2025/11/21 12:03:41.867724 [Info] [2875675912] app/dispatcher: sniffed domain: denizlimanset.com
11-21 15:03:41.869 D/XrayRuntimeService( 7840): Xray: 2025/11/21 12:03:41.867733 [Info] [2875675912] app/dispatcher: default route for tcp:denizlimanset.com:443
11-21 15:03:41.869 D/DnsCacheManager( 7840): 🔍 Checking DNS cache for: denizlimanset.com
11-21 15:03:41.869 D/SystemDnsCacheServer( 7840): ⚠️ DNS CACHE MISS (resolveDomain): denizlimanset.com, resolving from upstream with retry...
11-21 15:03:41.869 D/XrayRuntimeService( 7840): Xray: 2025/11/21 12:03:41.867736 [Info] [2875675912] transport/internet/tcp: dialing TCP to tcp:stol.halibiram.online:443
11-21 15:03:41.869 D/XrayRuntimeService( 7840): Xray: 2025/11/21 12:03:41.867739 [Debug] [2875675912] transport/internet: dialing to tcp:stol.halibiram.online:443
11-21 15:03:41.870 D/XrayRuntimeService( 7840): Xray: 2025/11/21 12:03:41.867759 from 127.0.0.1:37772 accepted //denizlimanset.com:443 [vless_0]
11-21 15:03:41.887 D/XrayRuntimeService( 7840): Xray: 2025/11/21 12:03:41.886735 [Info] [2090030417] proxy: Xtls Unpadding new block, content 212 padding 1164 command 0
11-21 15:03:41.887 D/XrayRuntimeService( 7840): Xray: 2025/11/21 12:03:41.886764 [Info] [2090030417] proxy: XtlsFilterTls found tls 1.3! 212 TLS_AES_128_GCM_SHA256
11-21 15:03:41.889 D/XrayRuntimeService( 7840): Xray: 2025/11/21 12:03:41.888946 [Info] [2090030417] proxy: XtlsPadding 6 954 0
11-21 15:03:41.912 D/XrayRuntimeService( 7840): Xray: 2025/11/21 12:03:41.912115 [Info] [1960336361] transport/internet/tcp: dialing TCP to tcp:stol.halibiram.online:443
11-21 15:03:41.912 D/XrayRuntimeService( 7840): Xray: 2025/11/21 12:03:41.912168 [Debug] [1960336361] transport/internet: dialing to tcp:stol.halibiram.online:443
11-21 15:03:41.912 D/XrayRuntimeService( 7840): Xray: REALITY localAddr: 192.168.1.42:38218	DialTLSContext
11-21 15:03:41.913 D/XrayRuntimeService( 7840): Xray: REALITY localAddr: 192.168.1.42:59494	DialTLSContext
11-21 15:03:41.925 D/XrayRuntimeService( 7840): Xray: 2025/11/21 12:03:41.925177 [Info] [2090030417] proxy: XtlsPadding 2654 30 2
11-21 15:03:41.943 D/XrayRuntimeService( 7840): Xray: 2025/11/21 12:03:41.942558 [Info] [2329070650] transport/internet/tcp: dialing TCP to tcp:stol.halibiram.online:443
11-21 15:03:41.943 D/XrayRuntimeService( 7840): Xray: 2025/11/21 12:03:41.942586 [Debug] [2329070650] transport/internet: dialing to tcp:stol.halibiram.online:443
11-21 15:03:41.943 D/XrayRuntimeService( 7840): Xray: REALITY localAddr: 192.168.1.42:38202	DialTLSContext
11-21 15:03:41.948 D/XrayRuntimeService( 7840): Xray: 2025/11/21 12:03:41.948287 [Info] [3143966131] transport/internet/tcp: dialing TCP to tcp:stol.halibiram.online:443
11-21 15:03:41.949 D/XrayRuntimeService( 7840): Xray: 2025/11/21 12:03:41.948308 [Debug] [3143966131] transport/internet: dialing to tcp:stol.halibiram.online:443
11-21 15:03:41.949 D/XrayRuntimeService( 7840): Xray: REALITY localAddr: 192.168.1.42:38182	DialTLSContext
11-21 15:03:41.965 D/XrayRuntimeService( 7840): Xray: 2025/11/21 12:03:41.965146 [Info] [1847890302] transport/internet/tcp: dialing TCP to tcp:stol.halibiram.online:443
11-21 15:03:41.966 D/XrayRuntimeService( 7840): Xray: 2025/11/21 12:03:41.965688 [Debug] [1847890302] transport/internet: dialing to tcp:stol.halibiram.online:443
11-21 15:03:41.966 D/XrayRuntimeService( 7840): Xray: REALITY localAddr: 192.168.1.42:38168	DialTLSContext
11-21 15:03:41.993 D/XrayRuntimeService( 7840): Xray: 2025/11/21 12:03:41.993147 [Info] [4139521161] transport/internet/tcp: dialing TCP to tcp:stol.halibiram.online:443
11-21 15:03:41.994 D/XrayRuntimeService( 7840): Xray: 2025/11/21 12:03:41.993175 [Debug] [4139521161] transport/internet: dialing to tcp:stol.halibiram.online:443
11-21 15:03:42.034 D/XrayRuntimeService( 7840): Xray: 2025/11/21 12:03:42.033619 [Info] [2090030417] proxy: Xtls Unpadding new block, content 179 padding 946 command 2
11-21 15:03:42.034 D/XrayRuntimeService( 7840): Xray: 2025/11/21 12:03:42.033690 [Info] [2090030417] proxy: CopyRawConn splice
11-21 15:03:42.066 D/XrayRuntimeService( 7840): Xray: REALITY localAddr: 192.168.1.42:38218	DialTLSContext
11-21 15:03:42.071 D/XrayRuntimeService( 7840): Xray: REALITY localAddr: 192.168.1.42:38182	DialTLSContext
11-21 15:03:42.096 D/XrayRuntimeService( 7840): Xray: REALITY localAddr: 192.168.1.42:38168	DialTLSContext
11-21 15:03:42.106 D/XrayRuntimeService( 7840): Xray: 2025/11/21 12:03:42.106469 [Info] [3460396813] transport/internet/tcp: dialing TCP to tcp:stol.halibiram.online:443
11-21 15:03:42.107 D/XrayRuntimeService( 7840): Xray: 2025/11/21 12:03:42.106564 [Debug] [3460396813] transport/internet: dialing to tcp:stol.halibiram.online:443
11-21 15:03:42.107 D/XrayRuntimeService( 7840): Xray: REALITY localAddr: 192.168.1.42:38254	DialTLSContext
11-21 15:03:42.116 D/XrayRuntimeService( 7840): Xray: REALITY localAddr: 192.168.1.42:38242	DialTLSContext
11-21 15:03:42.155 D/BroadcastQueue( 3869): Logging broadcast for com.hyperxray.an, stopped=false, firstLaunch=false
11-21 15:03:42.225 D/XrayRuntimeService( 7840): Xray: REALITY localAddr: 192.168.1.42:38254	DialTLSContext
11-21 15:03:42.243 D/XrayRuntimeService( 7840): Xray: 2025/11/21 12:03:42.242690 [Info] [2329070650] proxy/vless/outbound: tunneling request to udp:8.8.8.8:53 via stol.halibiram.online:443
11-21 15:03:42.243 D/XrayRuntimeService( 7840): Xray: 2025/11/21 12:03:42.242835 [Info] [2329070650] proxy: XtlsPadding 66 240 0
11-21 15:03:42.244 D/XrayRuntimeService( 7840): Xray: REALITY localAddr: 192.168.1.42:38242	DialTLSContext
11-21 15:03:42.316 D/XrayRuntimeService( 7840): Xray: 2025/11/21 12:03:42.316274 [Info] [603412766] transport/internet/tcp: dialing TCP to tcp:stol.halibiram.online:443
11-21 15:03:42.317 D/XrayRuntimeService( 7840): Xray: 2025/11/21 12:03:42.316301 [Debug] [603412766] transport/internet: dialing to tcp:stol.halibiram.online:443
11-21 15:03:42.338 D/XrayRuntimeService( 7840): Xray: 2025/11/21 12:03:42.337387 [Info] [2329070650] proxy: Xtls Unpadding new block, content 16 padding 76 command 0
11-21 15:03:42.338 D/XrayRuntimeService( 7840): Xray: 2025/11/21 12:03:42.337412 [Info] [2329070650] proxy: Xtls Unpadding new block, content 86 padding 9 command 0
11-21 15:03:42.338 D/XrayRuntimeService( 7840): Xray: 2025/11/21 12:03:42.337417 [Debug] [2329070650] proxy/socks: writing back UDP response with 86 bytes
11-21 15:03:42.339 E/fb4a.msys(27864): E[N mns]_OnSystemDNSSuccessCallback(340)=>Cache refresh succeeded with system DNS resolver. IP count: 1
11-21 15:03:42.339 E/fb4a.msys(27864): E[N mns]_OnSystemDNSSuccessCallback(340)=>Cache refresh succeeded with system DNS resolver. IP count: 1
11-21 15:03:42.339 E/fb4a.msys(27864): E[N mns]_OnSystemDNSSuccessCallback(340)=>Cache refresh succeeded with system DNS resolver. IP count: 1
11-21 15:03:42.340 E/fb4a.msys(27864): E[N mns]_OnSystemDNSSuccessCallback(340)=>Cache refresh succeeded with system DNS resolver. IP count: 1
11-21 15:03:42.340 E/fb4a.msys(27864): E[N mns]_OnSystemDNSSuccessCallback(340)=>Cache refresh succeeded with system DNS resolver. IP count: 1
11-21 15:03:42.340 E/fb4a.msys(27864): E[N mns]_OnSystemDNSSuccessCallback(340)=>Cache refresh succeeded with system DNS resolver. IP count: 1
11-21 15:03:42.341 E/fb4a.msys(27864): E[N mns]_OnSystemDNSSuccessCallback(340)=>Cache refresh succeeded with system DNS resolver. IP count: 1
11-21 15:03:42.343 E/fb4a.msys(27864): E[N mns]_OnSystemDNSSuccessCallback(340)=>Cache refresh succeeded with system DNS resolver. IP count: 1
11-21 15:03:42.343 E/fb4a.msys(27864): E[N mns]_OnSystemDNSSuccessCallback(340)=>Cache refresh succeeded with system DNS resolver. IP count: 1
11-21 15:03:42.344 E/fb4a.msys(27864): E[N mns]_OnSystemDNSSuccessCallback(340)=>Cache refresh succeeded with system DNS resolver. IP count: 1
11-21 15:03:42.345 E/fb4a.msys(27864): E[N mns]_OnSystemDNSSuccessCallback(340)=>Cache refresh succeeded with system DNS resolver. IP count: 1
11-21 15:03:42.346 E/fb4a.msys(27864): E[N mns]_OnSystemDNSSuccessCallback(340)=>Cache refresh succeeded with system DNS resolver. IP count: 1
11-21 15:03:43.074 D/XrayRuntimeService( 7840): Xray: REALITY localAddr: 192.168.1.42:38232	DialTLSContext
11-21 15:03:43.194 D/XrayRuntimeService( 7840): Xray: 2025/11/21 12:03:43.193594 [Info] [2875675912] proxy/vless/outbound: tunneling request to tcp:denizlimanset.com:443 via stol.halibiram.online:443
11-21 15:03:43.194 D/XrayRuntimeService( 7840): Xray: 2025/11/21 12:03:43.193776 [Info] [2875675912] proxy: XtlsFilterTls found tls client hello! 1791
11-21 15:03:43.195 D/XrayRuntimeService( 7840): Xray: 2025/11/21 12:03:43.193782 [Info] [2875675912] proxy: XtlsPadding 1791 52 0
11-21 15:03:43.207 D/XrayRuntimeService( 7840): Xray: REALITY localAddr: 192.168.1.42:38274	DialTLSContext
11-21 15:03:43.274 D/XrayRuntimeService( 7840): Xray: 2025/11/21 12:03:43.273484 [Info] [3122844875] transport/internet/tcp: dialing TCP to tcp:stol.halibiram.online:443
11-21 15:03:43.274 D/XrayRuntimeService( 7840): Xray: 2025/11/21 12:03:43.273553 [Debug] [3122844875] transport/internet: dialing to tcp:stol.halibiram.online:443
11-21 15:03:43.283 D/XrayRuntimeService( 7840): Xray: REALITY localAddr: 192.168.1.42:38294	DialTLSContext
11-21 15:03:43.346 D/XrayRuntimeService( 7840): Xray: 2025/11/21 12:03:43.345678 [Info] [2875675912] proxy: Xtls Unpadding new block, content 3470 padding 53 command 0
11-21 15:03:43.346 D/XrayRuntimeService( 7840): Xray: 2025/11/21 12:03:43.345768 [Info] [2875675912] proxy: XtlsFilterTls inconclusive server hello 1163 52
11-21 15:03:43.346 D/XrayRuntimeService( 7840): Xray: 2025/11/21 12:03:43.345773 [Info] [2875675912] proxy: XtlsFilterTls found tls 1.3! 2307 TLS_AES_128_GCM_SHA256
11-21 15:03:43.358 D/XrayRuntimeService( 7840): Xray: REALITY localAddr: 192.168.1.42:38274	DialTLSContext
11-21 15:03:43.359 E/fb4a.msys(27864): E[N mns]_LogError(228)=>Failed to resolve using system DNS resolver, getaddrinfo(): No address associated with hostname
11-21 15:03:43.359 E/fb4a.msys(27864): E[N mns]_LogError(228)=>Failed to resolve using system DNS resolver, getaddrinfo(): No address associated with hostname
11-21 15:03:43.361 D/XrayRuntimeService( 7840): Xray: 2025/11/21 12:03:43.360520 [Info] [2875675912] proxy: XtlsPadding 64 890 0
11-21 15:03:43.361 D/XrayRuntimeService( 7840): Xray: 2025/11/21 12:03:43.361049 [Info] [2875675912] proxy: XtlsPadding 92 960 2
11-21 15:03:43.364 D/XrayRuntimeService( 7840): Xray: REALITY localAddr: 192.168.1.42:59534	DialTLSContext
11-21 15:03:43.384 D/XrayRuntimeService( 7840): Xray: REALITY localAddr: 192.168.1.42:38294	DialTLSContext
11-21 15:03:43.397 D/XrayRuntimeService( 7840): Xray: REALITY localAddr: 192.168.1.42:38316	DialTLSContext
11-21 15:03:43.408 D/XrayRuntimeService( 7840): Xray: 2025/11/21 12:03:43.408014 [Info] [1960336361] transport/internet/tcp: dialing TCP to tcp:stol.halibiram.online:443
11-21 15:03:43.408 D/XrayRuntimeService( 7840): Xray: 2025/11/21 12:03:43.408042 [Debug] [1960336361] transport/internet: dialing to tcp:stol.halibiram.online:443
11-21 15:03:43.461 D/XrayRuntimeService( 7840): Xray: 2025/11/21 12:03:43.461248 [Info] [2875675912] proxy: Xtls Unpadding new block, content 512 padding 512 command 2
11-21 15:03:43.462 D/XrayRuntimeService( 7840): Xray: 2025/11/21 12:03:43.461303 [Info] [2875675912] proxy: CopyRawConn splice
11-21 15:03:43.483 D/XrayRuntimeService( 7840): Xray: 2025/11/21 12:03:43.482738 [Info] [1847890302] transport/internet/tcp: dialing TCP to tcp:stol.halibiram.online:443
11-21 15:03:43.483 D/XrayRuntimeService( 7840): Xray: 2025/11/21 12:03:43.482924 [Debug] [1847890302] transport/internet: dialing to tcp:stol.halibiram.online:443
11-21 15:03:43.506 D/XrayRuntimeService( 7840): Xray: REALITY localAddr: 192.168.1.42:59534	DialTLSContext
11-21 15:03:43.565 D/XrayRuntimeService( 7840): Xray: 2025/11/21 12:03:43.565238 [Info] [185206498] transport/internet/tcp: dialing TCP to tcp:stol.halibiram.online:443
11-21 15:03:43.566 D/XrayRuntimeService( 7840): Xray: 2025/11/21 12:03:43.565284 [Debug] [185206498] transport/internet: dialing to tcp:stol.halibiram.online:443
11-21 15:03:43.597 D/XrayRuntimeService( 7840): Xray: 2025/11/21 12:03:43.596842 [Info] [3460396813] transport/internet/tcp: dialing TCP to tcp:stol.halibiram.online:443
11-21 15:03:43.597 D/XrayRuntimeService( 7840): Xray: 2025/11/21 12:03:43.596892 [Debug] [3460396813] transport/internet: dialing to tcp:stol.halibiram.online:443
11-21 15:03:43.870 D/SystemDnsCacheServer( 7840): ⚠️ DNS query attempt 1 failed for denizlimanset.com, retrying with timeout 350ms...
11-21 15:03:43.870 E/SystemDnsCacheServer( 7840): Error resolving domain: denizlimanset.com
11-21 15:03:43.870 E/SystemDnsCacheServer( 7840): kotlinx.coroutines.TimeoutCancellationException: Timed out waiting for 2000 ms
11-21 15:03:43.870 E/SystemDnsCacheServer( 7840): 	at kotlinx.coroutines.TimeoutKt.TimeoutCancellationException(Timeout.kt:188)
11-21 15:03:43.870 E/SystemDnsCacheServer( 7840): 	at kotlinx.coroutines.TimeoutCoroutine.run(Timeout.kt:156)
11-21 15:03:43.870 E/SystemDnsCacheServer( 7840): 	at kotlinx.coroutines.EventLoopImplBase$DelayedRunnableTask.run(EventLoop.common.kt:505)
11-21 15:03:43.870 E/SystemDnsCacheServer( 7840): 	at kotlinx.coroutines.EventLoopImplBase.processNextEvent(EventLoop.common.kt:263)
11-21 15:03:43.870 E/SystemDnsCacheServer( 7840): 	at kotlinx.coroutines.DefaultExecutor.run(DefaultExecutor.kt:105)
11-21 15:03:43.870 E/SystemDnsCacheServer( 7840): 	at java.lang.Thread.run(Thread.java:1119)
11-21 15:03:43.870 W/VpnService( 7840): ⚠️ DNS resolution timeout for denizlimanset.com after 2001ms (max: 2000ms)
11-21 15:03:43.870 W/VpnService( 7840): ⚠️ DNS resolution failed for denizlimanset.com (SystemDnsCacheServer with DoH fallback)
11-21 15:03:44.173 D/ConnectivityService( 3869): requestNetwork for uid/pid:10567/27085 activeRequest: null callbackRequest: 2927 [NetworkRequest [ REQUEST id=2928, [ Capabilities: INTERNET&NOT_RESTRICTED&TRUSTED&NOT_VCN_MANAGED&NOT_BANDWIDTH_CONSTRAINED Uid: 10567 RequestorUid: 10567 RequestorPkg: com.hyperxray.an UnderlyingNetworks: Null] ]] callback flags: 0 order: 2147483647 isUidTracked: false declaredMethods: AVAIL|LOST|NC
11-21 15:03:44.175 D/UntrustedWifiNetworkFactory( 3869): got request NetworkRequest [ REQUEST id=2928, [ Capabilities: INTERNET&NOT_RESTRICTED&TRUSTED&NOT_VCN_MANAGED&NOT_BANDWIDTH_CONSTRAINED Uid: 10567 RequestorUid: 10567 RequestorPkg: com.hyperxray.an UnderlyingNetworks: Null] ]
11-21 15:03:44.175 D/OemPaidWifiNetworkFactory( 3869): got request NetworkRequest [ REQUEST id=2928, [ Capabilities: INTERNET&NOT_RESTRICTED&TRUSTED&NOT_VCN_MANAGED&NOT_BANDWIDTH_CONSTRAINED Uid: 10567 RequestorUid: 10567 RequestorPkg: com.hyperxray.an UnderlyingNetworks: Null] ]
11-21 15:03:44.176 D/MultiInternetWifiNetworkFactory( 3869): got request NetworkRequest [ REQUEST id=2928, [ Capabilities: INTERNET&NOT_RESTRICTED&TRUSTED&NOT_VCN_MANAGED&NOT_BANDWIDTH_CONSTRAINED Uid: 10567 RequestorUid: 10567 RequestorPkg: com.hyperxray.an UnderlyingNetworks: Null] ]
11-21 15:03:44.180 D/XrayRuntimeService( 7840): Xray: 2025/11/21 12:03:44.178516 [Debug] [2345500372] proxy/socks: Not Socks request, try to parse as HTTP request
11-21 15:03:44.180 D/XrayRuntimeService( 7840): Xray: 2025/11/21 12:03:44.178725 [Info] [2345500372] proxy/http: request to Method [CONNECT] Host [fonts.gstatic.com:443] with URL [//fonts.gstatic.com:443]
11-21 15:03:44.183 D/XrayRuntimeService( 7840): Xray: 2025/11/21 12:03:44.182642 [Debug] [2573161153] proxy/socks: Not Socks request, try to parse as HTTP request
11-21 15:03:44.183 D/XrayRuntimeService( 7840): Xray: 2025/11/21 12:03:44.182671 [Info] [2573161153] proxy/http: request to Method [CONNECT] Host [fonts.googleapis.com:443] with URL [//fonts.googleapis.com:443]
11-21 15:03:44.183 D/DnsCacheManager( 7840): 🔍 Checking DNS cache for: fonts.gstatic.com
11-21 15:03:44.184 I/DnsCacheManager( 7840): ✅ DNS cache HIT: fonts.gstatic.com -> [142.251.173.94] (age: 4484s) [40μs]
11-21 15:03:44.184 D/VpnService( 7840): ✅ DNS CACHE HIT (Xray sniffing): fonts.gstatic.com -> [142.251.173.94] (served from cache)
11-21 15:03:44.184 D/XrayRuntimeService( 7840): Xray: 2025/11/21 12:03:44.183391 [Info] [2345500372] app/dispatcher: sniffed domain: fonts.gstatic.com
11-21 15:03:44.185 D/XrayRuntimeService( 7840): Xray: 2025/11/21 12:03:44.183417 [Info] [2345500372] app/dispatcher: default route for tcp:fonts.gstatic.com:443
11-21 15:03:44.185 D/XrayRuntimeService( 7840): Xray: 2025/11/21 12:03:44.183422 [Info] [2345500372] transport/internet/tcp: dialing TCP to tcp:stol.halibiram.online:443
11-21 15:03:44.185 D/XrayRuntimeService( 7840): Xray: 2025/11/21 12:03:44.183425 [Debug] [2345500372] transport/internet: dialing to tcp:stol.halibiram.online:443
11-21 15:03:44.185 D/XrayRuntimeService( 7840): Xray: 2025/11/21 12:03:44.183438 from 127.0.0.1:37786 accepted //fonts.gstatic.com:443 [vless_0]
11-21 15:03:44.187 D/DnsCacheManager( 7840): 🔍 Checking DNS cache for: fonts.googleapis.com
11-21 15:03:44.190 D/XrayRuntimeService( 7840): Xray: 2025/11/21 12:03:44.187507 [Debug] [790510298] proxy/socks: Not Socks request, try to parse as HTTP request
11-21 15:03:44.190 D/XrayRuntimeService( 7840): Xray: 2025/11/21 12:03:44.187532 [Info] [790510298] proxy/http: request to Method [CONNECT] Host [static.cdn.admatic.com.tr:443] with URL [//static.cdn.admatic.com.tr:443]
11-21 15:03:44.191 I/DnsCacheManager( 7840): ✅ DNS cache HIT: fonts.googleapis.com -> [74.125.133.95] (age: 4484s) [2839μs]
11-21 15:03:44.191 D/VpnService( 7840): ✅ DNS CACHE HIT (Xray sniffing): fonts.googleapis.com -> [74.125.133.95] (served from cache)
11-21 15:03:44.191 D/XrayRuntimeService( 7840): Xray: 2025/11/21 12:03:44.186877 [Info] [2573161153] app/dispatcher: sniffed domain: fonts.googleapis.com
11-21 15:03:44.191 D/DnsCacheManager( 7840): 🔍 Checking DNS cache for: static.cdn.admatic.com.tr
11-21 15:03:44.191 D/XrayRuntimeService( 7840): Xray: 2025/11/21 12:03:44.188079 [Info] [2573161153] app/dispatcher: default route for tcp:fonts.googleapis.com:443
11-21 15:03:44.191 D/XrayRuntimeService( 7840): Xray: 2025/11/21 12:03:44.188087 [Info] [2573161153] transport/internet/tcp: dialing TCP to tcp:stol.halibiram.online:443
11-21 15:03:44.192 D/DnsCacheManager( 7840): 🔍 Checking DNS cache for: static.cdn.admatic.com.tr
11-21 15:03:44.192 D/XrayRuntimeService( 7840): Xray: 2025/11/21 12:03:44.188094 [Debug] [2573161153] transport/internet: dialing to tcp:stol.halibiram.online:443
11-21 15:03:44.193 D/XrayRuntimeService( 7840): Xray: 2025/11/21 12:03:44.187101 from 127.0.0.1:37774 accepted //fonts.googleapis.com:443 [vless_0]
11-21 15:03:44.193 D/SystemDnsCacheServer( 7840): ⚠️ DNS CACHE MISS (resolveDomain): static.cdn.admatic.com.tr, resolving from upstream with retry...
11-21 15:03:44.194 D/XrayRuntimeService( 7840): Xray: 2025/11/21 12:03:44.189257 [Info] [790510298] app/dispatcher: sniffed domain: static.cdn.admatic.com.tr
11-21 15:03:44.194 D/XrayRuntimeService( 7840): Xray: 2025/11/21 12:03:44.189270 [Info] [790510298] app/dispatcher: default route for tcp:static.cdn.admatic.com.tr:443
11-21 15:03:44.194 D/XrayRuntimeService( 7840): Xray: 2025/11/21 12:03:44.189274 [Info] [790510298] transport/internet/tcp: dialing TCP to tcp:stol.halibiram.online:443
11-21 15:03:44.194 D/XrayRuntimeService( 7840): Xray: 2025/11/21 12:03:44.193112 [Debug] [1947974630] proxy/socks: Not Socks request, try to parse as HTTP request
11-21 15:03:44.194 D/XrayRuntimeService( 7840): Xray: 2025/11/21 12:03:44.189277 [Debug] [790510298] transport/internet: dialing to tcp:stol.halibiram.online:443
11-21 15:03:44.194 D/XrayRuntimeService( 7840): Xray: 2025/11/21 12:03:44.189600 from 127.0.0.1:37790 accepted //static.cdn.admatic.com.tr:443 [vless_0]
11-21 15:03:44.194 D/XrayRuntimeService( 7840): Xray: 2025/11/21 12:03:44.193140 [Info] [1947974630] proxy/http: request to Method [CONNECT] Host [cdnjs.cloudflare.com:443] with URL [//cdnjs.cloudflare.com:443]
11-21 15:03:44.198 D/DnsCacheManager( 7840): 🔍 Checking DNS cache for: cdnjs.cloudflare.com
11-21 15:03:44.198 D/XrayRuntimeService( 7840): Xray: 2025/11/21 12:03:44.197690 [Info] [1947974630] app/dispatcher: sniffed domain: cdnjs.cloudflare.com
11-21 15:03:44.199 D/DnsCacheManager( 7840): 🔍 Checking DNS cache for: cdnjs.cloudflare.com
11-21 15:03:44.199 D/SystemDnsCacheServer( 7840): ⚠️ DNS CACHE MISS (resolveDomain): cdnjs.cloudflare.com, resolving from upstream with retry...
11-21 15:03:44.199 D/XrayRuntimeService( 7840): Xray: 2025/11/21 12:03:44.197715 [Info] [1947974630] app/dispatcher: default route for tcp:cdnjs.cloudflare.com:443
11-21 15:03:44.199 D/XrayRuntimeService( 7840): Xray: 2025/11/21 12:03:44.197720 [Info] [1947974630] transport/internet/tcp: dialing TCP to tcp:stol.halibiram.online:443
11-21 15:03:44.200 D/XrayRuntimeService( 7840): Xray: 2025/11/21 12:03:44.197740 [Debug] [1947974630] transport/internet: dialing to tcp:stol.halibiram.online:443
11-21 15:03:44.200 D/XrayRuntimeService( 7840): Xray: 2025/11/21 12:03:44.197719 from 127.0.0.1:37792 accepted //cdnjs.cloudflare.com:443 [vless_0]
11-21 15:03:44.204 D/XrayRuntimeService( 7840): Xray: 2025/11/21 12:03:44.203685 [Info] [1627363341] proxy/socks: client UDP connection from udp:127.0.0.1:47587
11-21 15:03:44.204 D/XrayRuntimeService( 7840): Xray: 2025/11/21 12:03:44.203713 [Debug] [1627363341] proxy/socks: send packet to udp:8.8.8.8:53 with 38 bytes
11-21 15:03:44.204 D/XrayRuntimeService( 7840): Xray: 2025/11/21 12:03:44.203718 [Debug] [1627363341] transport/internet/udp: dispatch request to: udp:8.8.8.8:53
11-21 15:03:44.204 D/XrayRuntimeService( 7840): Xray: 2025/11/21 12:03:44.203721 [Info] [1627363341] transport/internet/udp: establishing new connection for udp:8.8.8.8:53
11-21 15:03:44.204 D/XrayRuntimeService( 7840): Xray: 2025/11/21 12:03:44.203913 [Info] [1627363341] app/dispatcher: default route for udp:8.8.8.8:53
11-21 15:03:44.204 D/XrayRuntimeService( 7840): Xray: 2025/11/21 12:03:44.203921 [Info] [1627363341] transport/internet/tcp: dialing TCP to tcp:stol.halibiram.online:443
11-21 15:03:44.205 D/XrayRuntimeService( 7840): Xray: 2025/11/21 12:03:44.203925 [Debug] [1627363341] transport/internet: dialing to tcp:stol.halibiram.online:443
11-21 15:03:44.205 D/XrayRuntimeService( 7840): Xray: 2025/11/21 12:03:44.203933 from udp:127.0.0.1:47587 accepted udp:8.8.8.8:53 [vless_0]
11-21 15:03:44.247 I/RealityAdvisor(27085): Written policy to /data/user/0/com.hyperxray.an/files/xray_config/xray_runtime_policy_v5.json
11-21 15:03:44.248 I/RealityAdvisor(27085): Written profile to /data/user/0/com.hyperxray.an/files/xray_config/xray_reality_profile_v5.json
11-21 15:03:44.249 I/RealityAdvisor(27085): Written policy to /data/user/0/com.hyperxray.an/files/xray_config/xray_runtime_policy_v5.json
11-21 15:03:44.249 I/RealityAdvisor(27085): Written policy to /data/user/0/com.hyperxray.an/files/xray_config/xray_runtime_policy_v5.json
11-21 15:03:44.249 I/WM-WorkerWrapper(27085): Worker result SUCCESS for Work [ id=b8340daf-2353-4695-a16d-15ced552e6d1, tags={ com.hyperxray.an.workers.TlsRuntimeWorker } ]
11-21 15:03:44.249 I/RealityAdvisor(27085): Written profile to /data/user/0/com.hyperxray.an/files/xray_config/xray_reality_profile_v5.json
11-21 15:03:44.250 I/RealityAdvisor(27085): Written profile to /data/user/0/com.hyperxray.an/files/xray_config/xray_reality_profile_v5.json
11-21 15:03:44.253 I/WM-WorkerWrapper(27085): Worker result SUCCESS for Work [ id=f37c89b4-c469-40cd-945e-6f28a6ea7848, tags={ com.hyperxray.an.workers.TlsRuntimeWorker } ]
11-21 15:03:44.255 I/WM-WorkerWrapper(27085): Worker result SUCCESS for Work [ id=527b1db8-57ef-4398-a248-4c2deac1196e, tags={ com.hyperxray.an.workers.TlsRuntimeWorker } ]
11-21 15:03:44.278 D/XrayRuntimeService( 7840): Xray: 2025/11/21 12:03:44.277692 [Info] [1530263434] proxy/socks: TCP Connect request to tcp:5.28.195.1:443
11-21 15:03:44.278 D/XrayRuntimeService( 7840): Xray: 2025/11/21 12:03:44.277958 [Info] [1820705821] proxy/socks: TCP Connect request to tcp:149.154.165.120:443
11-21 15:03:44.279 D/DnsCacheManager( 7840): 🔍 Checking DNS cache for: www.google.com
11-21 15:03:44.279 I/DnsCacheManager( 7840): ✅ DNS cache HIT: www.google.com -> [185.60.219.174] (age: 129s) [44μs]
11-21 15:03:44.279 D/VpnService( 7840): ✅ DNS CACHE HIT (Xray sniffing): www.google.com -> [185.60.219.174] (served from cache)
11-21 15:03:44.279 D/XrayRuntimeService( 7840): Xray: 2025/11/21 12:03:44.278521 [Info] [1530263434] app/dispatcher: sniffed domain: www.google.com
11-21 15:03:44.279 D/XrayRuntimeService( 7840): Xray: 2025/11/21 12:03:44.278531 [Info] [1530263434] app/dispatcher: default route for tcp:www.google.com:443
11-21 15:03:44.279 D/XrayRuntimeService( 7840): Xray: 2025/11/21 12:03:44.278536 [Info] [1530263434] transport/internet/tcp: dialing TCP to tcp:stol.halibiram.online:443
11-21 15:03:44.279 D/XrayRuntimeService( 7840): Xray: 2025/11/21 12:03:44.278540 [Debug] [1530263434] transport/internet: dialing to tcp:stol.halibiram.online:443
11-21 15:03:44.279 D/XrayRuntimeService( 7840): Xray: 2025/11/21 12:03:44.278544 [Info] [1820705821] app/dispatcher: default route for tcp:149.154.165.120:443
11-21 15:03:44.279 D/XrayRuntimeService( 7840): Xray: 2025/11/21 12:03:44.278546 [Info] [1820705821] transport/internet/tcp: dialing TCP to tcp:stol.halibiram.online:443
11-21 15:03:44.280 D/XrayRuntimeService( 7840): Xray: 2025/11/21 12:03:44.278552 [Debug] [1820705821] transport/internet: dialing to tcp:stol.halibiram.online:443
11-21 15:03:44.280 D/XrayRuntimeService( 7840): Xray: 2025/11/21 12:03:44.278560 from tcp:127.0.0.1:37814 accepted tcp:5.28.195.1:443 [vless_0]
11-21 15:03:44.280 D/XrayRuntimeService( 7840): Xray: 2025/11/21 12:03:44.278563 from tcp:127.0.0.1:37830 accepted tcp:149.154.165.120:443 [vless_0]
11-21 15:03:44.284 D/XrayRuntimeService( 7840): Xray: 2025/11/21 12:03:44.283822 [Debug] [1498648848] proxy/socks: Not Socks request, try to parse as HTTP request
11-21 15:03:44.284 D/XrayRuntimeService( 7840): Xray: 2025/11/21 12:03:44.283855 [Info] [1498648848] proxy/http: request to Method [CONNECT] Host [firebaselogging.googleapis.com:443] with URL [//firebaselogging.googleapis.com:443]
11-21 15:03:44.285 D/DnsCacheManager( 7840): 🔍 Checking DNS cache for: firebaselogging.googleapis.com
11-21 15:03:44.285 I/DnsCacheManager( 7840): ✅ DNS cache HIT: firebaselogging.googleapis.com -> [52.142.124.215] (age: 3799s) [51μs]
11-21 15:03:44.285 D/VpnService( 7840): ✅ DNS CACHE HIT (Xray sniffing): firebaselogging.googleapis.com -> [52.142.124.215] (served from cache)
11-21 15:03:44.285 D/XrayRuntimeService( 7840): Xray: 2025/11/21 12:03:44.284876 [Info] [1498648848] app/dispatcher: sniffed domain: firebaselogging.googleapis.com
11-21 15:03:44.285 D/XrayRuntimeService( 7840): Xray: 2025/11/21 12:03:44.284998 [Info] [1498648848] app/dispatcher: default route for tcp:firebaselogging.googleapis.com:443
11-21 15:03:44.285 D/XrayRuntimeService( 7840): Xray: 2025/11/21 12:03:44.285004 [Info] [1498648848] transport/internet/tcp: dialing TCP to tcp:stol.halibiram.online:443
11-21 15:03:44.286 D/XrayRuntimeService( 7840): Xray: 2025/11/21 12:03:44.285008 [Debug] [1498648848] transport/internet: dialing to tcp:stol.halibiram.online:443
11-21 15:03:44.286 D/XrayRuntimeService( 7840): Xray: 2025/11/21 12:03:44.285019 from 127.0.0.1:37832 accepted //firebaselogging.googleapis.com:443 [vless_0]
11-21 15:03:44.294 D/ConnectivityService( 3869): requestNetwork for uid/pid:10567/27085 activeRequest: null callbackRequest: 2929 [NetworkRequest [ REQUEST id=2930, [ Capabilities: INTERNET&NOT_RESTRICTED&TRUSTED&NOT_VCN_MANAGED&NOT_BANDWIDTH_CONSTRAINED Uid: 10567 RequestorUid: 10567 RequestorPkg: com.hyperxray.an UnderlyingNetworks: Null] ]] callback flags: 0 order: 2147483647 isUidTracked: false declaredMethods: AVAIL|LOST|NC
11-21 15:03:44.298 D/UntrustedWifiNetworkFactory( 3869): got request NetworkRequest [ REQUEST id=2930, [ Capabilities: INTERNET&NOT_RESTRICTED&TRUSTED&NOT_VCN_MANAGED&NOT_BANDWIDTH_CONSTRAINED Uid: 10567 RequestorUid: 10567 RequestorPkg: com.hyperxray.an UnderlyingNetworks: Null] ]
11-21 15:03:44.298 D/OemPaidWifiNetworkFactory( 3869): got request NetworkRequest [ REQUEST id=2930, [ Capabilities: INTERNET&NOT_RESTRICTED&TRUSTED&NOT_VCN_MANAGED&NOT_BANDWIDTH_CONSTRAINED Uid: 10567 RequestorUid: 10567 RequestorPkg: com.hyperxray.an UnderlyingNetworks: Null] ]
11-21 15:03:44.298 D/MultiInternetWifiNetworkFactory( 3869): got request NetworkRequest [ REQUEST id=2930, [ Capabilities: INTERNET&NOT_RESTRICTED&TRUSTED&NOT_VCN_MANAGED&NOT_BANDWIDTH_CONSTRAINED Uid: 10567 RequestorUid: 10567 RequestorPkg: com.hyperxray.an UnderlyingNetworks: Null] ]
11-21 15:03:44.302 D/RealityWorker(27085): Rebuilt policy JSON: /data/user/0/com.hyperxray.an/files/xray_reality_policy_v10.json with 3 entries
11-21 15:03:44.304 I/WM-WorkerWrapper(27085): Worker result SUCCESS for Work [ id=df8a7668-9ac2-4e77-a6d0-6179f33e73e8, tags={ com.hyperxray.an.optimizer.RealityWorker } ]
11-21 15:03:44.322 I/RealityAdvisor(27085): Written policy to /data/user/0/com.hyperxray.an/files/xray_config/xray_runtime_policy_v5.json
11-21 15:03:44.322 I/RealityAdvisor(27085): Written profile to /data/user/0/com.hyperxray.an/files/xray_config/xray_reality_profile_v5.json
11-21 15:03:44.323 I/WM-WorkerWrapper(27085): Worker result SUCCESS for Work [ id=4f02a59d-81ee-4f3d-80d0-7b21d55f97c2, tags={ com.hyperxray.an.workers.TlsRuntimeWorker } ]
11-21 15:03:44.390 D/XrayRuntimeService( 7840): Xray: 2025/11/21 12:03:44.389283 [Info] [2864358701] transport/internet/tcp: dialing TCP to tcp:stol.halibiram.online:443
11-21 15:03:44.390 D/XrayRuntimeService( 7840): Xray: 2025/11/21 12:03:44.389320 [Debug] [2864358701] transport/internet: dialing to tcp:stol.halibiram.online:443
11-21 15:03:44.390 D/XrayRuntimeService( 7840): Xray: REALITY localAddr: 192.168.1.42:38084	DialTLSContext
11-21 15:03:44.496 D/XrayRuntimeService( 7840): Xray: REALITY localAddr: 192.168.1.42:38406	DialTLSContext
11-21 15:03:44.496 D/XrayRuntimeService( 7840): Xray: 2025/11/21 12:03:44.495401 [Info] [1947974630] transport/internet/tcp: dialing TCP to tcp:stol.halibiram.online:443
11-21 15:03:44.496 D/XrayRuntimeService( 7840): Xray: 2025/11/21 12:03:44.495597 [Debug] [1947974630] transport/internet: dialing to tcp:stol.halibiram.online:443
11-21 15:03:44.541 D/XrayRuntimeService( 7840): Xray: REALITY localAddr: 192.168.1.42:38084	DialTLSContext
11-21 15:03:44.567 D/XrayRuntimeService( 7840): Xray: REALITY localAddr: 192.168.1.42:38338	DialTLSContext
11-21 15:03:44.626 D/XrayRuntimeService( 7840): Xray: REALITY localAddr: 192.168.1.42:38406	DialTLSContext
11-21 15:03:44.690 D/BroadcastQueue( 3869): Logging broadcast for com.hyperxray.an, stopped=false, firstLaunch=false
11-21 15:03:44.712 D/XrayRuntimeService( 7840): Xray: REALITY localAddr: 192.168.1.42:38338	DialTLSContext
11-21 15:03:44.747 E/fb4a.DNSPrefetch(27864): Failed to prefetch domain
11-21 15:03:44.747 E/fb4a.DNSPrefetch(27864): java.net.UnknownHostException: Unable to resolve host "denizlimanset.com": No address associated with hostname
11-21 15:03:44.747 E/fb4a.DNSPrefetch(27864): 	at java.net.Inet6AddressImpl.lookupHostByName(Inet6AddressImpl.java:156)
11-21 15:03:44.747 E/fb4a.DNSPrefetch(27864): 	at java.net.Inet6AddressImpl.lookupAllHostAddr(Inet6AddressImpl.java:103)
11-21 15:03:44.747 E/fb4a.DNSPrefetch(27864): 	at java.net.InetAddress.getByName(InetAddress.java:1106)
11-21 15:03:44.747 E/fb4a.DNSPrefetch(27864): 	at X.XVP.run(Unknown Source:8)
11-21 15:03:44.747 E/fb4a.DNSPrefetch(27864): 	at X.1Dv.run(Unknown Source:2)
11-21 15:03:44.747 E/fb4a.DNSPrefetch(27864): 	at java.util.concurrent.ThreadPoolExecutor.runWorker(ThreadPoolExecutor.java:1156)
11-21 15:03:44.747 E/fb4a.DNSPrefetch(27864): 	at java.util.concurrent.ThreadPoolExecutor$Worker.run(ThreadPoolExecutor.java:651)
11-21 15:03:44.747 E/fb4a.DNSPrefetch(27864): 	at X.1E3.run(Unknown Source:3)
11-21 15:03:44.747 E/fb4a.DNSPrefetch(27864): 	at X.1E4.run(Unknown Source:17)
11-21 15:03:44.747 E/fb4a.DNSPrefetch(27864): 	at java.lang.Thread.run(Thread.java:1119)
11-21 15:03:44.747 E/fb4a.DNSPrefetch(27864): Caused by: android.system.GaiException: android_getaddrinfo failed: EAI_NODATA (No address associated with hostname)
11-21 15:03:44.747 E/fb4a.DNSPrefetch(27864): 	at libcore.io.Linux.android_getaddrinfo(Native Method)
11-21 15:03:44.747 E/fb4a.DNSPrefetch(27864): 	at libcore.io.ForwardingOs.android_getaddrinfo(ForwardingOs.java:133)
11-21 15:03:44.747 E/fb4a.DNSPrefetch(27864): 	at libcore.io.BlockGuardOs.android_getaddrinfo(BlockGuardOs.java:222)
11-21 15:03:44.747 E/fb4a.DNSPrefetch(27864): 	at libcore.io.ForwardingOs.android_getaddrinfo(ForwardingOs.java:133)
11-21 15:03:44.747 E/fb4a.DNSPrefetch(27864): 	at java.net.Inet6AddressImpl.lookupHostByName(Inet6AddressImpl.java:135)
11-21 15:03:44.747 E/fb4a.DNSPrefetch(27864): 	... 9 more
11-21 15:03:44.749 E/fb4a.DNSPrefetch(27864): Failed to prefetch domain
11-21 15:03:44.749 E/fb4a.DNSPrefetch(27864): java.net.UnknownHostException: Unable to resolve host "lm.facebook.com": No address associated with hostname
11-21 15:03:44.749 E/fb4a.DNSPrefetch(27864): 	at java.net.Inet6AddressImpl.lookupHostByName(Inet6AddressImpl.java:156)
11-21 15:03:44.749 E/fb4a.DNSPrefetch(27864): 	at java.net.Inet6AddressImpl.lookupAllHostAddr(Inet6AddressImpl.java:103)
11-21 15:03:44.749 E/fb4a.DNSPrefetch(27864): 	at java.net.InetAddress.getByName(InetAddress.java:1106)
11-21 15:03:44.749 E/fb4a.DNSPrefetch(27864): 	at X.XVP.run(Unknown Source:8)
11-21 15:03:44.749 E/fb4a.DNSPrefetch(27864): 	at X.1Dv.run(Unknown Source:2)
