11-21 15:03:32.363 I/DnsCacheManager( 7840): ✅ DNS cache HIT: z-m-gateway.facebook.com -> [57.144.238.3] (age: 4001s) [157μs]
11-21 15:03:32.363 D/VpnService( 7840): ✅ DNS CACHE HIT (Xray sniffing): z-m-gateway.facebook.com -> [57.144.238.3] (served from cache)
11-21 15:03:32.363 D/XrayRuntimeService( 7840): Xray: 2025/11/21 12:03:32.362714 [Info] [864239640] app/dispatcher: sniffed domain: z-m-gateway.facebook.com
11-21 15:03:32.363 D/XrayRuntimeService( 7840): Xray: 2025/11/21 12:03:32.362981 [Info] [864239640] app/dispatcher: default route for tcp:z-m-gateway.facebook.com:443
11-21 15:03:32.363 D/XrayRuntimeService( 7840): Xray: 2025/11/21 12:03:32.362988 [Info] [864239640] transport/internet/tcp: dialing TCP to tcp:stol.halibiram.online:443
11-21 15:03:32.364 D/XrayRuntimeService( 7840): Xray: 2025/11/21 12:03:32.362991 [Debug] [864239640] transport/internet: dialing to tcp:stol.halibiram.online:443
11-21 15:03:32.364 D/XrayRuntimeService( 7840): Xray: 2025/11/21 12:03:32.363008 from tcp:127.0.0.1:58740 accepted tcp:57.144.238.3:443 [vless_0]
11-21 15:03:32.454 E/fb4a.msys(27864): E[N mns]_OnDiskCacheGetData(632)=>Start post callback cache refresh DNS resolution
11-21 15:03:32.455 E/fb4a.msys(27864): E[N mns]_OnDiskCacheGetData(632)=>Start post callback cache refresh DNS resolution
11-21 15:03:32.457 D/XrayRuntimeService( 7840): Xray: 2025/11/21 12:03:32.457170 [Info] [2796514867] proxy/socks: TCP Connect request to tcp:57.144.238.3:443
11-21 15:03:32.457 D/XrayRuntimeService( 7840): Xray: 2025/11/21 12:03:32.457446 [Info] [1463485429] proxy/socks: TCP Connect request to tcp:57.144.238.3:443
11-21 15:03:32.458 D/DnsCacheManager( 7840): 🔍 Checking DNS cache for: z-m-gateway.facebook.com
11-21 15:03:32.458 I/DnsCacheManager( 7840): ✅ DNS cache HIT: z-m-gateway.facebook.com -> [57.144.238.3] (age: 4001s) [57μs]
11-21 15:03:32.458 D/VpnService( 7840): ✅ DNS CACHE HIT (Xray sniffing): z-m-gateway.facebook.com -> [57.144.238.3] (served from cache)
11-21 15:03:32.458 D/XrayRuntimeService( 7840): Xray: 2025/11/21 12:03:32.458062 [Info] [2796514867] app/dispatcher: sniffed domain: z-m-gateway.facebook.com
11-21 15:03:32.458 D/XrayRuntimeService( 7840): Xray: 2025/11/21 12:03:32.458082 [Info] [2796514867] app/dispatcher: default route for tcp:z-m-gateway.facebook.com:443
11-21 15:03:32.459 D/XrayRuntimeService( 7840): Xray: 2025/11/21 12:03:32.458087 [Info] [2796514867] transport/internet/tcp: dialing TCP to tcp:stol.halibiram.online:443
11-21 15:03:32.459 D/XrayRuntimeService( 7840): Xray: 2025/11/21 12:03:32.458090 [Debug] [2796514867] transport/internet: dialing to tcp:stol.halibiram.online:443
11-21 15:03:32.459 D/XrayRuntimeService( 7840): Xray: 2025/11/21 12:03:32.458149 from tcp:127.0.0.1:58742 accepted tcp:57.144.238.3:443 [vless_0]
11-21 15:03:32.460 D/DnsCacheManager( 7840): 🔍 Checking DNS cache for: z-m-gateway.facebook.com
11-21 15:03:32.460 I/DnsCacheManager( 7840): ✅ DNS cache HIT: z-m-gateway.facebook.com -> [57.144.238.3] (age: 4001s) [39μs]
11-21 15:03:32.460 D/VpnService( 7840): ✅ DNS CACHE HIT (Xray sniffing): z-m-gateway.facebook.com -> [57.144.238.3] (served from cache)
11-21 15:03:32.460 D/XrayRuntimeService( 7840): Xray: 2025/11/21 12:03:32.460141 [Info] [1463485429] app/dispatcher: sniffed domain: z-m-gateway.facebook.com
11-21 15:03:32.461 D/XrayRuntimeService( 7840): Xray: 2025/11/21 12:03:32.460168 [Info] [1463485429] app/dispatcher: default route for tcp:z-m-gateway.facebook.com:443
11-21 15:03:32.461 D/XrayRuntimeService( 7840): Xray: 2025/11/21 12:03:32.460172 [Info] [1463485429] transport/internet/tcp: dialing TCP to tcp:stol.halibiram.online:443
11-21 15:03:32.461 D/XrayRuntimeService( 7840): Xray: 2025/11/21 12:03:32.460176 [Debug] [1463485429] transport/internet: dialing to tcp:stol.halibiram.online:443
11-21 15:03:32.462 D/XrayRuntimeService( 7840): Xray: 2025/11/21 12:03:32.460288 from tcp:127.0.0.1:58746 accepted tcp:57.144.238.3:443 [vless_0]
11-21 15:03:32.481 D/XrayRuntimeService( 7840): Xray: REALITY localAddr: 192.168.1.42:59628	DialTLSContext
11-21 15:03:32.609 D/XrayRuntimeService( 7840): Xray: 2025/11/21 12:03:32.608661 [Info] [2890084636] proxy/vless/outbound: tunneling request to tcp:youtubei.googleapis.com:443 via stol.halibiram.online:443
11-21 15:03:32.609 D/XrayRuntimeService( 7840): Xray: 2025/11/21 12:03:32.608884 [Info] [2890084636] proxy: XtlsFilterTls found tls client hello! 543
11-21 15:03:32.609 D/XrayRuntimeService( 7840): Xray: 2025/11/21 12:03:32.608893 [Info] [2890084636] proxy: XtlsPadding 543 761 0
11-21 15:03:32.723 D/XrayRuntimeService( 7840): Xray: 2025/11/21 12:03:32.723362 [Info] [2890084636] proxy: Xtls Unpadding new block, content 4664 padding 90 command 0
11-21 15:03:32.724 D/XrayRuntimeService( 7840): Xray: 2025/11/21 12:03:32.723394 [Info] [2890084636] proxy: XtlsFilterTls found tls 1.3! 1163 TLS_AES_128_GCM_SHA256
11-21 15:03:32.753 D/XrayRuntimeService( 7840): Xray: 2025/11/21 12:03:32.753132 [Info] [2890084636] proxy: XtlsPadding 74 1067 0
11-21 15:03:32.753 D/XrayRuntimeService( 7840): Xray: 2025/11/21 12:03:32.753601 [Info] [2890084636] proxy: XtlsPadding 92 1273 2
11-21 15:03:32.866 D/BroadcastQueue( 3869): Logging broadcast for com.hyperxray.an, stopped=false, firstLaunch=false
11-21 15:03:32.868 D/XrayRuntimeService( 7840): Xray: 2025/11/21 12:03:32.867664 [Info] [2890084636] proxy: Xtls Unpadding new block, content 62 padding 1086 command 2
11-21 15:03:32.868 D/XrayRuntimeService( 7840): Xray: 2025/11/21 12:03:32.867695 [Info] [2890084636] proxy: CopyRawConn splice
11-21 15:03:33.004 E/fb4a.msys(27864): E[N mns]_OnDiskCacheGetData(632)=>Start post callback cache refresh DNS resolution
11-21 15:03:33.006 D/XrayRuntimeService( 7840): Xray: 2025/11/21 12:03:33.005770 [Info] [171663334] proxy/socks: TCP Connect request to tcp:57.144.238.3:443
11-21 15:03:33.007 D/DnsCacheManager( 7840): 🔍 Checking DNS cache for: z-m-gateway.facebook.com
11-21 15:03:33.007 I/DnsCacheManager( 7840): ✅ DNS cache HIT: z-m-gateway.facebook.com -> [57.144.238.3] (age: 4002s) [56μs]
11-21 15:03:33.007 D/VpnService( 7840): ✅ DNS CACHE HIT (Xray sniffing): z-m-gateway.facebook.com -> [57.144.238.3] (served from cache)
11-21 15:03:33.007 D/XrayRuntimeService( 7840): Xray: 2025/11/21 12:03:33.006804 [Info] [171663334] app/dispatcher: sniffed domain: z-m-gateway.facebook.com
11-21 15:03:33.007 D/XrayRuntimeService( 7840): Xray: 2025/11/21 12:03:33.006885 [Info] [171663334] app/dispatcher: default route for tcp:z-m-gateway.facebook.com:443
11-21 15:03:33.007 D/XrayRuntimeService( 7840): Xray: 2025/11/21 12:03:33.006891 [Info] [171663334] transport/internet/tcp: dialing TCP to tcp:stol.halibiram.online:443
11-21 15:03:33.008 D/XrayRuntimeService( 7840): Xray: 2025/11/21 12:03:33.006894 [Debug] [171663334] transport/internet: dialing to tcp:stol.halibiram.online:443
11-21 15:03:33.008 D/XrayRuntimeService( 7840): Xray: 2025/11/21 12:03:33.006903 from tcp:127.0.0.1:58762 accepted tcp:57.144.238.3:443 [vless_0]
11-21 15:03:33.127 D/XrayRuntimeService( 7840): Xray: REALITY localAddr: 192.168.1.42:59680	DialTLSContext
11-21 15:03:33.151 D/XrayRuntimeService( 7840): Xray: 2025/11/21 12:03:33.151146 [Info] [2182233186] app/proxyman/outbound: app/proxyman/outbound: failed to process outbound traffic > proxy/vless/outbound: failed to find an available destination > common/retry: [transport/internet/reality: REALITY: processed invalid connection] > common/retry: all retry attempts failed
11-21 15:03:33.151 D/XrayRuntimeService( 7840): Xray: 2025/11/21 12:03:33.151179 [Info] [2182233186] transport/internet/udp: failed to handle UDP input > io: read/write on closed pipe
11-21 15:03:33.327 D/XrayRuntimeService( 7840): Xray: 2025/11/21 12:03:33.327144 [Info] [373321216] transport/internet/tcp: dialing TCP to tcp:stol.halibiram.online:443
11-21 15:03:33.328 D/XrayRuntimeService( 7840): Xray: 2025/11/21 12:03:33.327170 [Debug] [373321216] transport/internet: dialing to tcp:stol.halibiram.online:443
11-21 15:03:33.353 E/fb4a.msys(27864): E[N mns]_LogError(228)=>Failed to resolve using system DNS resolver, getaddrinfo(): No address associated with hostname
11-21 15:03:33.355 E/fb4a.msys(27864): E[N mns]_OnDiskCacheGetData(632)=>Start post callback cache refresh DNS resolution
11-21 15:03:33.359 D/XrayRuntimeService( 7840): Xray: 2025/11/21 12:03:33.357219 [Info] [1885072193] proxy/socks: client UDP connection from udp:127.0.0.1:40127
11-21 15:03:33.359 D/XrayRuntimeService( 7840): Xray: 2025/11/21 12:03:33.358135 [Debug] [1885072193] proxy/socks: send packet to udp:8.8.8.8:53 with 42 bytes
11-21 15:03:33.359 D/XrayRuntimeService( 7840): Xray: 2025/11/21 12:03:33.358145 [Debug] [1885072193] transport/internet/udp: dispatch request to: udp:8.8.8.8:53
11-21 15:03:33.360 D/XrayRuntimeService( 7840): Xray: 2025/11/21 12:03:33.358148 [Info] [1885072193] transport/internet/udp: establishing new connection for udp:8.8.8.8:53
11-21 15:03:33.360 D/XrayRuntimeService( 7840): Xray: 2025/11/21 12:03:33.359893 [Info] [1885072193] app/dispatcher: default route for udp:8.8.8.8:53
11-21 15:03:33.361 D/XrayRuntimeService( 7840): Xray: 2025/11/21 12:03:33.360869 from udp:127.0.0.1:40127 accepted udp:8.8.8.8:53 [vless_0]
11-21 15:03:33.361 D/XrayRuntimeService( 7840): Xray: 2025/11/21 12:03:33.361087 [Info] [1885072193] transport/internet/tcp: dialing TCP to tcp:stol.halibiram.online:443
11-21 15:03:33.361 D/XrayRuntimeService( 7840): Xray: 2025/11/21 12:03:33.361092 [Debug] [1885072193] transport/internet: dialing to tcp:stol.halibiram.online:443
11-21 15:03:33.363 D/XrayRuntimeService( 7840): Xray: 2025/11/21 12:03:33.362946 [Info] [2060571975] proxy/socks: TCP Connect request to tcp:57.144.238.3:443
11-21 15:03:33.364 D/XrayRuntimeService( 7840): Xray: 2025/11/21 12:03:33.363807 [Info] [2056718503] proxy/socks: client UDP connection from udp:127.0.0.1:48984
11-21 15:03:33.364 D/XrayRuntimeService( 7840): Xray: 2025/11/21 12:03:33.363830 [Debug] [2056718503] proxy/socks: send packet to udp:8.8.8.8:53 with 42 bytes
11-21 15:03:33.364 D/XrayRuntimeService( 7840): Xray: 2025/11/21 12:03:33.363834 [Debug] [2056718503] transport/internet/udp: dispatch request to: udp:8.8.8.8:53
11-21 15:03:33.364 D/XrayRuntimeService( 7840): Xray: 2025/11/21 12:03:33.363837 [Info] [2056718503] transport/internet/udp: establishing new connection for udp:8.8.8.8:53
11-21 15:03:33.364 D/DnsCacheManager( 7840): 🔍 Checking DNS cache for: z-m-gateway.facebook.com
11-21 15:03:33.364 I/DnsCacheManager( 7840): ✅ DNS cache HIT: z-m-gateway.facebook.com -> [57.144.238.3] (age: 4002s) [47μs]
11-21 15:03:33.365 D/VpnService( 7840): ✅ DNS CACHE HIT (Xray sniffing): z-m-gateway.facebook.com -> [57.144.238.3] (served from cache)
11-21 15:03:33.365 D/XrayRuntimeService( 7840): Xray: 2025/11/21 12:03:33.363714 [Info] [2060571975] app/dispatcher: sniffed domain: z-m-gateway.facebook.com
11-21 15:03:33.365 D/XrayRuntimeService( 7840): Xray: 2025/11/21 12:03:33.364231 [Info] [2060571975] app/dispatcher: default route for tcp:z-m-gateway.facebook.com:443
11-21 15:03:33.365 D/XrayRuntimeService( 7840): Xray: 2025/11/21 12:03:33.364236 [Info] [2060571975] transport/internet/tcp: dialing TCP to tcp:stol.halibiram.online:443
11-21 15:03:33.365 D/XrayRuntimeService( 7840): Xray: 2025/11/21 12:03:33.364238 [Debug] [2060571975] transport/internet: dialing to tcp:stol.halibiram.online:443
11-21 15:03:33.368 D/XrayRuntimeService( 7840): Xray: 2025/11/21 12:03:33.363840 from tcp:127.0.0.1:58792 accepted tcp:57.144.238.3:443 [vless_0]
11-21 15:03:33.369 D/XrayRuntimeService( 7840): Xray: 2025/11/21 12:03:33.364336 [Info] [2056718503] app/dispatcher: default route for udp:8.8.8.8:53
11-21 15:03:33.369 D/XrayRuntimeService( 7840): Xray: 2025/11/21 12:03:33.364349 [Info] [2056718503] transport/internet/tcp: dialing TCP to tcp:stol.halibiram.online:443
11-21 15:03:33.370 D/XrayRuntimeService( 7840): Xray: 2025/11/21 12:03:33.364353 [Debug] [2056718503] transport/internet: dialing to tcp:stol.halibiram.online:443
11-21 15:03:33.370 D/XrayRuntimeService( 7840): Xray: 2025/11/21 12:03:33.364367 from udp:127.0.0.1:48984 accepted udp:8.8.8.8:53 [vless_0]
11-21 15:03:33.468 E/ActivityManagerWrapper( 5387):  mainTaskId=903   userId=0   windowMode=1   baseIntent=Intent { act=android.intent.action.MAIN flag=270532608 cmp=ComponentInfo{com.hyperxray.an/com.hyperxray.an.activity.MainActivity} }
11-21 15:03:33.468 E/ActivityManagerWrapper( 5387):  mainTaskId=896   userId=0   windowMode=1   baseIntent=Intent { act=null flag=268435456 cmp=ComponentInfo{com.hyperxray.an/com.hyperxray.an.activity.MainActivity} }
11-21 15:03:33.470 D/WorldCirculate( 5387): getWorldCirculateInfo, taskInfo.baseIntent=Intent { flg=0x10000000 cmp=com.hyperxray.an/.activity.MainActivity }, displayId=-1, but get Display failed
11-21 15:03:33.473 E/ActivityManagerWrapper( 5387):  mainTaskId=903   userId=0   windowMode=1   baseIntent=Intent { act=android.intent.action.MAIN flag=270532608 cmp=ComponentInfo{com.hyperxray.an/com.hyperxray.an.activity.MainActivity} }
11-21 15:03:33.473 E/ActivityManagerWrapper( 5387):  mainTaskId=896   userId=0   windowMode=1   baseIntent=Intent { act=null flag=268435456 cmp=ComponentInfo{com.hyperxray.an/com.hyperxray.an.activity.MainActivity} }
11-21 15:03:33.473 D/WorldCirculate( 5387): getWorldCirculateInfo, taskInfo.baseIntent=Intent { flg=0x10000000 cmp=com.hyperxray.an/.activity.MainActivity }, displayId=-1, but get Display failed
11-21 15:03:33.789 D/XrayRuntimeService( 7840): Xray: 2025/11/21 12:03:33.788453 [Debug] [3569589534] proxy/socks: Not Socks request, try to parse as HTTP request
11-21 15:03:33.789 D/XrayRuntimeService( 7840): Xray: 2025/11/21 12:03:33.788486 [Info] [3569589534] proxy/http: request to Method [CONNECT] Host [lm.facebook.com:443] with URL [//lm.facebook.com:443]
11-21 15:03:33.790 D/DnsCacheManager( 7840): 🔍 Checking DNS cache for: lm.facebook.com
11-21 15:03:33.790 D/XrayRuntimeService( 7840): Xray: 2025/11/21 12:03:33.789637 [Info] [3569589534] app/dispatcher: sniffed domain: lm.facebook.com
11-21 15:03:33.790 D/XrayRuntimeService( 7840): Xray: 2025/11/21 12:03:33.789650 [Info] [3569589534] app/dispatcher: default route for tcp:lm.facebook.com:443
11-21 15:03:33.790 D/DnsCacheManager( 7840): 🔍 Checking DNS cache for: lm.facebook.com
11-21 15:03:33.790 D/SystemDnsCacheServer( 7840): ⚠️ DNS CACHE MISS (resolveDomain): lm.facebook.com, resolving from upstream with retry...
11-21 15:03:33.790 D/XrayRuntimeService( 7840): Xray: 2025/11/21 12:03:33.789654 [Info] [3569589534] transport/internet/tcp: dialing TCP to tcp:stol.halibiram.online:443
11-21 15:03:33.790 D/XrayRuntimeService( 7840): Xray: 2025/11/21 12:03:33.789657 [Debug] [3569589534] transport/internet: dialing to tcp:stol.halibiram.online:443
11-21 15:03:33.791 D/XrayRuntimeService( 7840): Xray: 2025/11/21 12:03:33.789669 from 127.0.0.1:58794 accepted //lm.facebook.com:443 [vless_0]
11-21 15:03:34.309 D/XrayRuntimeService( 7840): Xray: 2025/11/21 12:03:34.308565 [Info] [453526917] proxy/socks: client UDP connection from udp:127.0.0.1:58316
11-21 15:03:34.309 D/XrayRuntimeService( 7840): Xray: 2025/11/21 12:03:34.308653 [Debug] [453526917] proxy/socks: send packet to udp:8.8.8.8:53 with 44 bytes
11-21 15:03:34.309 D/XrayRuntimeService( 7840): Xray: 2025/11/21 12:03:34.308662 [Debug] [453526917] transport/internet/udp: dispatch request to: udp:8.8.8.8:53
11-21 15:03:34.309 D/XrayRuntimeService( 7840): Xray: 2025/11/21 12:03:34.308666 [Info] [453526917] transport/internet/udp: establishing new connection for udp:8.8.8.8:53
11-21 15:03:34.310 D/XrayRuntimeService( 7840): Xray: 2025/11/21 12:03:34.308669 [Info] [453526917] app/dispatcher: default route for udp:8.8.8.8:53
11-21 15:03:34.310 D/XrayRuntimeService( 7840): Xray: 2025/11/21 12:03:34.308673 [Info] [453526917] transport/internet/tcp: dialing TCP to tcp:stol.halibiram.online:443
11-21 15:03:34.312 D/XrayRuntimeService( 7840): Xray: 2025/11/21 12:03:34.308675 [Debug] [453526917] transport/internet: dialing to tcp:stol.halibiram.online:443
11-21 15:03:34.312 D/XrayRuntimeService( 7840): Xray: 2025/11/21 12:03:34.308685 from udp:127.0.0.1:58316 accepted udp:8.8.8.8:53 [vless_0]
11-21 15:03:34.316 D/XrayRuntimeService( 7840): Xray: 2025/11/21 12:03:34.316188 [Info] [3282085847] proxy/socks: client UDP connection from udp:127.0.0.1:38653
11-21 15:03:34.316 D/XrayRuntimeService( 7840): Xray: 2025/11/21 12:03:34.316214 [Debug] [3282085847] proxy/socks: send packet to udp:8.8.8.8:53 with 44 bytes
11-21 15:03:34.316 D/XrayRuntimeService( 7840): Xray: 2025/11/21 12:03:34.316219 [Debug] [3282085847] transport/internet/udp: dispatch request to: udp:8.8.8.8:53
11-21 15:03:34.317 D/XrayRuntimeService( 7840): Xray: 2025/11/21 12:03:34.316223 [Info] [3282085847] transport/internet/udp: establishing new connection for udp:8.8.8.8:53
11-21 15:03:34.317 D/XrayRuntimeService( 7840): Xray: 2025/11/21 12:03:34.316427 [Info] [3282085847] app/dispatcher: default route for udp:8.8.8.8:53
11-21 15:03:34.317 D/XrayRuntimeService( 7840): Xray: 2025/11/21 12:03:34.316435 [Info] [3282085847] transport/internet/tcp: dialing TCP to tcp:stol.halibiram.online:443
11-21 15:03:34.317 D/XrayRuntimeService( 7840): Xray: 2025/11/21 12:03:34.316439 [Debug] [3282085847] transport/internet: dialing to tcp:stol.halibiram.online:443
11-21 15:03:34.318 D/XrayRuntimeService( 7840): Xray: 2025/11/21 12:03:34.316462 from udp:127.0.0.1:38653 accepted udp:8.8.8.8:53 [vless_0]
11-21 15:03:34.325 D/XrayRuntimeService( 7840): Xray: 2025/11/21 12:03:34.324986 [Info] [171663334] proxy/vless/outbound: tunneling request to tcp:z-m-gateway.facebook.com:443 via stol.halibiram.online:443
11-21 15:03:34.326 D/XrayRuntimeService( 7840): Xray: 2025/11/21 12:03:34.325152 [Info] [171663334] proxy: XtlsFilterTls found tls client hello! 215
11-21 15:03:34.326 D/XrayRuntimeService( 7840): Xray: 2025/11/21 12:03:34.325160 [Info] [171663334] proxy: XtlsPadding 215 770 0
11-21 15:03:34.396 D/XrayRuntimeService( 7840): Xray: REALITY localAddr: 192.168.1.42:57884	DialTLSContext
11-21 15:03:34.439 D/XrayRuntimeService( 7840): Xray: 2025/11/21 12:03:34.438773 [Info] [171663334] proxy: Xtls Unpadding new block, content 3292 padding 153 command 0
11-21 15:03:34.439 D/XrayRuntimeService( 7840): Xray: 2025/11/21 12:03:34.438795 [Info] [171663334] proxy: XtlsFilterTls found tls 1.3! 1163 TLS_AES_128_GCM_SHA256
11-21 15:03:34.451 D/XrayRuntimeService( 7840): Xray: 2025/11/21 12:03:34.450838 [Info] [171663334] proxy: XtlsPadding 6 1081 0
11-21 15:03:34.489 D/XrayRuntimeService( 7840): Xray: 2025/11/21 12:03:34.489124 [Info] [171663334] proxy: ReshapeMultiBuffer  953 7239
11-21 15:03:34.489 D/XrayRuntimeService( 7840): Xray: 2025/11/21 12:03:34.489139 [Info] [171663334] proxy: XtlsPadding 953 158 0
11-21 15:03:34.489 D/XrayRuntimeService( 7840): Xray: 2025/11/21 12:03:34.489143 [Info] [171663334] proxy: XtlsPadding 7239 110 2
11-21 15:03:34.577 I/ClipboardServiceI( 3869): checkProviderWakePathForClipboard: com.hyperxray.anis not a activePermissionOwner
11-21 15:03:34.589 D/XrayRuntimeService( 7840): Xray: 2025/11/21 12:03:34.589574 [Info] [171663334] proxy: Xtls Unpadding new block, content 179 padding 867 command 2
11-21 15:03:34.590 D/XrayRuntimeService( 7840): Xray: 2025/11/21 12:03:34.589597 [Info] [171663334] proxy: CopyRawConn splice
11-21 15:03:34.651 D/XrayRuntimeService( 7840): Xray: REALITY localAddr: 192.168.1.42:57892	DialTLSContext
11-21 15:03:34.744 D/XrayRuntimeService( 7840): Xray: 2025/11/21 12:03:34.743500 [Info] [1673459918] proxy/socks: client UDP connection from udp:127.0.0.1:59711
11-21 15:03:34.744 D/XrayRuntimeService( 7840): Xray: 2025/11/21 12:03:34.743537 [Debug] [1673459918] proxy/socks: send packet to udp:8.8.8.8:53 with 35 bytes
11-21 15:03:34.744 D/XrayRuntimeService( 7840): Xray: 2025/11/21 12:03:34.743542 [Debug] [1673459918] transport/internet/udp: dispatch request to: udp:8.8.8.8:53
11-21 15:03:34.744 D/XrayRuntimeService( 7840): Xray: 2025/11/21 12:03:34.743545 [Info] [1673459918] transport/internet/udp: establishing new connection for udp:8.8.8.8:53
11-21 15:03:34.745 D/XrayRuntimeService( 7840): Xray: 2025/11/21 12:03:34.743549 [Info] [1673459918] app/dispatcher: default route for udp:8.8.8.8:53
11-21 15:03:34.745 D/XrayRuntimeService( 7840): Xray: 2025/11/21 12:03:34.744649 [Info] [711815055] proxy/socks: client UDP connection from udp:127.0.0.1:41570
11-21 15:03:34.745 D/XrayRuntimeService( 7840): Xray: 2025/11/21 12:03:34.745502 [Debug] [711815055] proxy/socks: send packet to udp:8.8.8.8:53 with 33 bytes
11-21 15:03:34.745 D/XrayRuntimeService( 7840): Xray: 2025/11/21 12:03:34.745517 [Debug] [711815055] transport/internet/udp: dispatch request to: udp:8.8.8.8:53
11-21 15:03:34.746 D/XrayRuntimeService( 7840): Xray: 2025/11/21 12:03:34.743671 from udp:127.0.0.1:59711 accepted udp:8.8.8.8:53 [vless_0]
11-21 15:03:34.746 D/XrayRuntimeService( 7840): Xray: 2025/11/21 12:03:34.745520 [Info] [711815055] transport/internet/udp: establishing new connection for udp:8.8.8.8:53
11-21 15:03:34.746 D/XrayRuntimeService( 7840): Xray: 2025/11/21 12:03:34.745524 [Info] [711815055] app/dispatcher: default route for udp:8.8.8.8:53
11-21 15:03:34.746 D/XrayRuntimeService( 7840): Xray: 2025/11/21 12:03:34.743681 [Info] [1673459918] transport/internet/tcp: dialing TCP to tcp:stol.halibiram.online:443
11-21 15:03:34.746 D/XrayRuntimeService( 7840): Xray: 2025/11/21 12:03:34.745531 [Info] [711815055] transport/internet/tcp: dialing TCP to tcp:stol.halibiram.online:443
11-21 15:03:34.746 D/XrayRuntimeService( 7840): Xray: 2025/11/21 12:03:34.743685 [Debug] [1673459918] transport/internet: dialing to tcp:stol.halibiram.online:443
11-21 15:03:34.746 D/XrayRuntimeService( 7840): Xray: 2025/11/21 12:03:34.745533 [Debug] [711815055] transport/internet: dialing to tcp:stol.halibiram.online:443
11-21 15:03:34.746 D/XrayRuntimeService( 7840): Xray: 2025/11/21 12:03:34.745583 from udp:127.0.0.1:41570 accepted udp:8.8.8.8:53 [vless_0]
11-21 15:03:34.781 D/XrayRuntimeService( 7840): Xray: 2025/11/21 12:03:34.781429 [Debug] [3604421640] proxy/socks: Not Socks request, try to parse as HTTP request
11-21 15:03:34.782 D/XrayRuntimeService( 7840): Xray: 2025/11/21 12:03:34.781477 [Info] [3604421640] proxy/http: request to Method [CONNECT] Host [lm.facebook.com:443] with URL [//lm.facebook.com:443]
11-21 15:03:34.782 D/DnsCacheManager( 7840): 🔍 Checking DNS cache for: lm.facebook.com
11-21 15:03:34.783 D/XrayRuntimeService( 7840): Xray: 2025/11/21 12:03:34.782141 [Info] [3604421640] app/dispatcher: sniffed domain: lm.facebook.com
11-21 15:03:34.784 D/XrayRuntimeService( 7840): Xray: 2025/11/21 12:03:34.782151 [Info] [3604421640] app/dispatcher: default route for tcp:lm.facebook.com:443
11-21 15:03:34.784 D/DnsCacheManager( 7840): 🔍 Checking DNS cache for: lm.facebook.com
11-21 15:03:34.784 D/SystemDnsCacheServer( 7840): ⚠️ DNS CACHE MISS (resolveDomain): lm.facebook.com, resolving from upstream with retry...
11-21 15:03:34.784 D/XrayRuntimeService( 7840): Xray: 2025/11/21 12:03:34.782156 [Info] [3604421640] transport/internet/tcp: dialing TCP to tcp:stol.halibiram.online:443
11-21 15:03:34.784 D/SystemDnsCacheServer( 7840): 🔄 Query deduplication: waiting for existing query for lm.facebook.com (age: 994ms)
11-21 15:03:34.784 D/XrayRuntimeService( 7840): Xray: 2025/11/21 12:03:34.782159 [Debug] [3604421640] transport/internet: dialing to tcp:stol.halibiram.online:443
11-21 15:03:34.784 D/XrayRuntimeService( 7840): Xray: 2025/11/21 12:03:34.782269 from 127.0.0.1:58840 accepted //lm.facebook.com:443 [vless_0]
11-21 15:03:34.790 D/XrayRuntimeService( 7840): Xray: 2025/11/21 12:03:34.790466 [Info] [1596307672] proxy/socks: client UDP connection from udp:127.0.0.1:47906
11-21 15:03:34.790 D/XrayRuntimeService( 7840): Xray: 2025/11/21 12:03:34.790488 [Debug] [1596307672] proxy/socks: send packet to udp:57.144.238.196:443 with 1252 bytes
11-21 15:03:34.791 D/XrayRuntimeService( 7840): Xray: 2025/11/21 12:03:34.790492 [Debug] [1596307672] transport/internet/udp: dispatch request to: udp:57.144.238.196:443
11-21 15:03:34.791 D/XrayRuntimeService( 7840): Xray: 2025/11/21 12:03:34.790495 [Info] [1596307672] transport/internet/udp: establishing new connection for udp:57.144.238.196:443
11-21 15:03:34.791 D/DnsCacheManager( 7840): 🔍 Checking DNS cache for: test-gateway.instagram.com
11-21 15:03:34.791 I/DnsCacheManager( 7840): ✅ DNS cache HIT: test-gateway.instagram.com -> [57.144.238.48] (age: 4371s) [31μs]
11-21 15:03:34.791 D/VpnService( 7840): ✅ DNS CACHE HIT (Xray sniffing): test-gateway.instagram.com -> [57.144.238.48] (served from cache)
11-21 15:03:34.791 D/XrayRuntimeService( 7840): Xray: 2025/11/21 12:03:34.790737 [Info] [1596307672] app/dispatcher: sniffed domain: test-gateway.instagram.com
11-21 15:03:34.791 D/XrayRuntimeService( 7840): Xray: 2025/11/21 12:03:34.790742 [Info] [1596307672] app/dispatcher: default route for udp:test-gateway.instagram.com:443
11-21 15:03:34.791 D/XrayRuntimeService( 7840): Xray: 2025/11/21 12:03:34.790745 [Info] [1596307672] transport/internet/tcp: dialing TCP to tcp:stol.halibiram.online:443
11-21 15:03:34.791 D/XrayRuntimeService( 7840): Xray: 2025/11/21 12:03:34.790748 [Debug] [1596307672] transport/internet: dialing to tcp:stol.halibiram.online:443
11-21 15:03:34.792 D/XrayRuntimeService( 7840): Xray: 2025/11/21 12:03:34.790754 from udp:127.0.0.1:47906 accepted udp:57.144.238.196:443 [vless_0]
11-21 15:03:34.793 D/XrayRuntimeService( 7840): Xray: 2025/11/21 12:03:34.792336 [Info] [3027301302] proxy/socks: client UDP connection from udp:127.0.0.1:46769
11-21 15:03:34.793 D/XrayRuntimeService( 7840): Xray: 2025/11/21 12:03:34.792355 [Debug] [3027301302] proxy/socks: send packet to udp:8.8.8.8:53 with 44 bytes
11-21 15:03:34.793 D/XrayRuntimeService( 7840): Xray: 2025/11/21 12:03:34.792358 [Debug] [3027301302] transport/internet/udp: dispatch request to: udp:8.8.8.8:53
11-21 15:03:34.793 D/XrayRuntimeService( 7840): Xray: 2025/11/21 12:03:34.792360 [Info] [3027301302] transport/internet/udp: establishing new connection for udp:8.8.8.8:53
11-21 15:03:34.793 D/XrayRuntimeService( 7840): Xray: 2025/11/21 12:03:34.792671 [Info] [3027301302] app/dispatcher: default route for udp:8.8.8.8:53
11-21 15:03:34.793 D/XrayRuntimeService( 7840): Xray: 2025/11/21 12:03:34.792676 [Info] [3027301302] transport/internet/tcp: dialing TCP to tcp:stol.halibiram.online:443
11-21 15:03:34.794 D/XrayRuntimeService( 7840): Xray: 2025/11/21 12:03:34.792678 [Debug] [3027301302] transport/internet: dialing to tcp:stol.halibiram.online:443
11-21 15:03:34.794 D/XrayRuntimeService( 7840): Xray: 2025/11/21 12:03:34.792683 from udp:127.0.0.1:46769 accepted udp:8.8.8.8:53 [vless_0]
11-21 15:03:34.796 D/XrayRuntimeService( 7840): Xray: 2025/11/21 12:03:34.796316 [Info] [3900860035] transport/internet/tcp: dialing TCP to tcp:stol.halibiram.online:443
11-21 15:03:34.797 D/XrayRuntimeService( 7840): Xray: 2025/11/21 12:03:34.796334 [Debug] [3900860035] transport/internet: dialing to tcp:stol.halibiram.online:443
11-21 15:03:34.821 D/XrayRuntimeService( 7840): Xray: 2025/11/21 12:03:34.819609 from 127.0.0.1:58866 accepted //payments-graph.facebook.com:443 [vless_0]
11-21 15:03:34.821 D/XrayRuntimeService( 7840): Xray: 2025/11/21 12:03:34.819673 [Debug] [3148020820] proxy/socks: Not Socks request, try to parse as HTTP request
11-21 15:03:34.821 D/XrayRuntimeService( 7840): Xray: 2025/11/21 12:03:34.819677 [Info] [3148020820] proxy/http: request to Method [CONNECT] Host [payments-graph.facebook.com:443] with URL [//payments-graph.facebook.com:443]
11-21 15:03:34.821 D/DnsCacheManager( 7840): 🔍 Checking DNS cache for: payments-graph.facebook.com
11-21 15:03:34.821 D/XrayRuntimeService( 7840): Xray: 2025/11/21 12:03:34.819678 [Info] [3148020820] app/dispatcher: sniffed domain: payments-graph.facebook.com
11-21 15:03:34.822 D/XrayRuntimeService( 7840): Xray: 2025/11/21 12:03:34.819681 [Info] [3148020820] app/dispatcher: default route for tcp:payments-graph.facebook.com:443
11-21 15:03:34.822 D/XrayRuntimeService( 7840): Xray: 2025/11/21 12:03:34.819683 [Info] [3148020820] transport/internet/tcp: dialing TCP to tcp:stol.halibiram.online:443
11-21 15:03:34.822 D/XrayRuntimeService( 7840): Xray: 2025/11/21 12:03:34.819684 [Debug] [3148020820] transport/internet: dialing to tcp:stol.halibiram.online:443
11-21 15:03:34.823 D/DnsCacheManager( 7840): 🔍 Checking DNS cache for: payments-graph.facebook.com
11-21 15:03:34.824 D/SystemDnsCacheServer( 7840): ⚠️ DNS CACHE MISS (resolveDomain): payments-graph.facebook.com, resolving from upstream with retry...
11-21 15:03:34.851 D/XrayRuntimeService( 7840): Xray: 2025/11/21 12:03:34.850936 [Info] [436621779] transport/internet/tcp: dialing TCP to tcp:stol.halibiram.online:443
11-21 15:03:34.851 D/XrayRuntimeService( 7840): Xray: 2025/11/21 12:03:34.850962 [Debug] [436621779] transport/internet: dialing to tcp:stol.halibiram.online:443
11-21 15:03:34.868 E/ActivityManagerWrapper( 5387):  mainTaskId=903   userId=0   windowMode=1   baseIntent=Intent { act=android.intent.action.MAIN flag=270532608 cmp=ComponentInfo{com.hyperxray.an/com.hyperxray.an.activity.MainActivity} }
11-21 15:03:34.868 E/ActivityManagerWrapper( 5387):  mainTaskId=896   userId=0   windowMode=1   baseIntent=Intent { act=null flag=268435456 cmp=ComponentInfo{com.hyperxray.an/com.hyperxray.an.activity.MainActivity} }
11-21 15:03:34.869 D/WorldCirculate( 5387): getWorldCirculateInfo, taskInfo.baseIntent=Intent { flg=0x10000000 cmp=com.hyperxray.an/.activity.MainActivity }, displayId=-1, but get Display failed
11-21 15:03:34.889 D/XrayRuntimeService( 7840): Xray: 2025/11/21 12:03:34.888190 [Debug] [1596307672] proxy/socks: send packet to udp:57.144.238.196:443 with 1252 bytes
11-21 15:03:34.890 D/XrayRuntimeService( 7840): Xray: 2025/11/21 12:03:34.888206 [Debug] [1596307672] transport/internet/udp: dispatch request to: udp:57.144.238.196:443
11-21 15:03:34.987 D/XrayRuntimeService( 7840): Xray: 2025/11/21 12:03:34.987692 [Info] [77748657] proxy/socks: TCP Connect request to tcp:57.144.238.196:443
11-21 15:03:34.988 D/XrayRuntimeService( 7840): Xray: 2025/11/21 12:03:34.988397 from tcp:127.0.0.1:37626 accepted tcp:57.144.238.196:443 [vless_0]
11-21 15:03:34.989 D/DnsCacheManager( 7840): 🔍 Checking DNS cache for: test-gateway.instagram.com
11-21 15:03:34.989 I/DnsCacheManager( 7840): ✅ DNS cache HIT: test-gateway.instagram.com -> [57.144.238.48] (age: 4371s) [23μs]
11-21 15:03:34.989 D/VpnService( 7840): ✅ DNS CACHE HIT (Xray sniffing): test-gateway.instagram.com -> [57.144.238.48] (served from cache)
11-21 15:03:34.989 D/XrayRuntimeService( 7840): Xray: 2025/11/21 12:03:34.988741 [Info] [77748657] app/dispatcher: sniffed domain: test-gateway.instagram.com
11-21 15:03:34.989 D/XrayRuntimeService( 7840): Xray: 2025/11/21 12:03:34.988744 [Info] [77748657] app/dispatcher: default route for tcp:test-gateway.instagram.com:443
11-21 15:03:34.989 D/XrayRuntimeService( 7840): Xray: 2025/11/21 12:03:34.988745 [Info] [77748657] transport/internet/tcp: dialing TCP to tcp:stol.halibiram.online:443
11-21 15:03:34.989 D/XrayRuntimeService( 7840): Xray: 2025/11/21 12:03:34.988746 [Debug] [77748657] transport/internet: dialing to tcp:stol.halibiram.online:443
11-21 15:03:35.089 D/XrayRuntimeService( 7840): Xray: 2025/11/21 12:03:35.088826 [Debug] [1596307672] proxy/socks: send packet to udp:57.144.238.196:443 with 1252 bytes
11-21 15:03:35.089 D/XrayRuntimeService( 7840): Xray: 2025/11/21 12:03:35.088840 [Debug] [1596307672] transport/internet/udp: dispatch request to: udp:57.144.238.196:443
11-21 15:03:35.248 D/BroadcastQueue( 3869): Logging broadcast for com.hyperxray.an, stopped=false, firstLaunch=false
11-21 15:03:35.490 D/XrayRuntimeService( 7840): Xray: 2025/11/21 12:03:35.489175 [Debug] [1596307672] proxy/socks: send packet to udp:57.144.238.196:443 with 1252 bytes
11-21 15:03:35.490 D/XrayRuntimeService( 7840): Xray: 2025/11/21 12:03:35.489228 [Debug] [1596307672] transport/internet/udp: dispatch request to: udp:57.144.238.196:443
11-21 15:03:35.596 D/XrayRuntimeService( 7840): Xray: 2025/11/21 12:03:35.595757 [Info] [453526917] proxy/vless/outbound: tunneling request to udp:8.8.8.8:53 via stol.halibiram.online:443
11-21 15:03:35.596 D/XrayRuntimeService( 7840): Xray: 2025/11/21 12:03:35.596223 [Info] [453526917] proxy: XtlsPadding 68 140 0
11-21 15:03:35.686 D/XrayRuntimeService( 7840): Xray: 2025/11/21 12:03:35.686355 [Info] [453526917] proxy: Xtls Unpadding new block, content 16 padding 218 command 0
11-21 15:03:35.687 D/XrayRuntimeService( 7840): Xray: 2025/11/21 12:03:35.686387 [Info] [453526917] proxy: Xtls Unpadding new block, content 95 padding 110 command 0
11-21 15:03:35.687 D/XrayRuntimeService( 7840): Xray: 2025/11/21 12:03:35.686392 [Debug] [453526917] proxy/socks: writing back UDP response with 95 bytes
11-21 15:03:35.791 D/SystemDnsCacheServer( 7840): ⚠️ DNS query attempt 1 failed for lm.facebook.com, retrying with timeout 350ms...
11-21 15:03:35.791 E/SystemDnsCacheServer( 7840): Error resolving domain: lm.facebook.com
11-21 15:03:35.791 E/SystemDnsCacheServer( 7840): kotlinx.coroutines.TimeoutCancellationException: Timed out waiting for 2000 ms
11-21 15:03:35.791 E/SystemDnsCacheServer( 7840): 	at kotlinx.coroutines.TimeoutKt.TimeoutCancellationException(Timeout.kt:188)
11-21 15:03:35.791 E/SystemDnsCacheServer( 7840): 	at kotlinx.coroutines.TimeoutCoroutine.run(Timeout.kt:156)
11-21 15:03:35.791 E/SystemDnsCacheServer( 7840): 	at kotlinx.coroutines.EventLoopImplBase$DelayedRunnableTask.run(EventLoop.common.kt:505)
11-21 15:03:35.791 E/SystemDnsCacheServer( 7840): 	at kotlinx.coroutines.EventLoopImplBase.processNextEvent(EventLoop.common.kt:263)
11-21 15:03:35.791 E/SystemDnsCacheServer( 7840): 	at kotlinx.coroutines.DefaultExecutor.run(DefaultExecutor.kt:105)
11-21 15:03:35.791 E/SystemDnsCacheServer( 7840): 	at java.lang.Thread.run(Thread.java:1119)
11-21 15:03:35.791 E/SystemDnsCacheServer( 7840): Error resolving domain: lm.facebook.com
11-21 15:03:35.791 E/SystemDnsCacheServer( 7840): kotlinx.coroutines.TimeoutCancellationException: Timed out waiting for 2000 ms
11-21 15:03:35.791 E/SystemDnsCacheServer( 7840): 	at kotlinx.coroutines.TimeoutKt.TimeoutCancellationException(Timeout.kt:188)
11-21 15:03:35.791 E/SystemDnsCacheServer( 7840): 	at kotlinx.coroutines.TimeoutCoroutine.run(Timeout.kt:156)
11-21 15:03:35.791 E/SystemDnsCacheServer( 7840): 	at kotlinx.coroutines.EventLoopImplBase$DelayedRunnableTask.run(EventLoop.common.kt:505)
11-21 15:03:35.791 E/SystemDnsCacheServer( 7840): 	at kotlinx.coroutines.EventLoopImplBase.processNextEvent(EventLoop.common.kt:263)
11-21 15:03:35.791 E/SystemDnsCacheServer( 7840): 	at kotlinx.coroutines.DefaultExecutor.run(DefaultExecutor.kt:105)
11-21 15:03:35.791 E/SystemDnsCacheServer( 7840): 	at java.lang.Thread.run(Thread.java:1119)
11-21 15:03:35.791 W/VpnService( 7840): ⚠️ DNS resolution timeout for lm.facebook.com after 2001ms (max: 2000ms)
11-21 15:03:35.791 W/VpnService( 7840): ⚠️ DNS resolution failed for lm.facebook.com (SystemDnsCacheServer with DoH fallback)
11-21 15:03:35.791 W/VpnService( 7840): ⚠️ DNS resolution returned empty result for lm.facebook.com after 1008ms
11-21 15:03:35.791 W/VpnService( 7840): ⚠️ DNS resolution failed for lm.facebook.com (SystemDnsCacheServer with DoH fallback)
11-21 15:03:36.028 I/ClipboardServiceI( 3869): checkProviderWakePathForClipboard: com.hyperxray.anis not a activePermissionOwner
11-21 15:03:36.032 D/XrayRuntimeService( 7840): Xray: 2025/11/21 12:03:36.031839 [Info] [2937921948] proxy/socks: Connection closed immediately, likely health check connection
11-21 15:03:36.088 D/XrayRuntimeService( 7840): Xray: 2025/11/21 12:03:36.088233 [Info] [79347694] transport/internet/udp: failed to handle UDP input > io: read/write on closed pipe
11-21 15:03:36.291 D/XrayRuntimeService( 7840): Xray: 2025/11/21 12:03:36.290270 [Debug] [1596307672] proxy/socks: send packet to udp:57.144.238.196:443 with 1252 bytes
11-21 15:03:36.291 D/XrayRuntimeService( 7840): Xray: 2025/11/21 12:03:36.290331 [Debug] [1596307672] transport/internet/udp: dispatch request to: udp:57.144.238.196:443
11-21 15:03:36.610 D/XrayRuntimeService( 7840): Xray: 2025/11/21 12:03:36.608871 [Info] [644001546] proxy/socks: TCP Connect request to tcp:57.144.238.196:443
11-21 15:03:36.611 D/DnsCacheManager( 7840): 🔍 Checking DNS cache for: test-gateway.instagram.com
11-21 15:03:36.611 I/DnsCacheManager( 7840): ✅ DNS cache HIT: test-gateway.instagram.com -> [57.144.238.48] (age: 4373s) [66μs]
11-21 15:03:36.611 D/VpnService( 7840): ✅ DNS CACHE HIT (Xray sniffing): test-gateway.instagram.com -> [57.144.238.48] (served from cache)
11-21 15:03:36.611 D/XrayRuntimeService( 7840): Xray: 2025/11/21 12:03:36.611150 [Info] [644001546] app/dispatcher: sniffed domain: test-gateway.instagram.com
11-21 15:03:36.612 D/XrayRuntimeService( 7840): Xray: 2025/11/21 12:03:36.611793 [Info] [644001546] app/dispatcher: default route for tcp:test-gateway.instagram.com:443
11-21 15:03:36.613 D/XrayRuntimeService( 7840): Xray: 2025/11/21 12:03:36.611804 [Info] [644001546] transport/internet/tcp: dialing TCP to tcp:stol.halibiram.online:443
11-21 15:03:36.613 D/XrayRuntimeService( 7840): Xray: 2025/11/21 12:03:36.611808 [Debug] [644001546] transport/internet: dialing to tcp:stol.halibiram.online:443
11-21 15:03:36.613 D/XrayRuntimeService( 7840): Xray: 2025/11/21 12:03:36.611345 from tcp:127.0.0.1:37662 accepted tcp:57.144.238.196:443 [vless_0]
11-21 15:03:36.640 D/XrayRuntimeService( 7840): Xray: 2025/11/21 12:03:36.640253 [Debug] [3246477782] proxy/socks: send packet to udp:8.8.8.8:53 with 42 bytes
11-21 15:03:36.641 D/XrayRuntimeService( 7840): Xray: 2025/11/21 12:03:36.640282 [Debug] [3246477782] transport/internet/udp: dispatch request to: udp:8.8.8.8:53
11-21 15:03:36.645 D/XrayRuntimeService( 7840): Xray: 2025/11/21 12:03:36.645326 [Debug] [1333656124] proxy/socks: send packet to udp:8.8.8.8:53 with 42 bytes
11-21 15:03:36.646 D/XrayRuntimeService( 7840): Xray: 2025/11/21 12:03:36.645356 [Debug] [1333656124] transport/internet/udp: dispatch request to: udp:8.8.8.8:53
11-21 15:03:36.788 D/XrayRuntimeService( 7840): Xray: 2025/11/21 12:03:36.787507 [Info] [2864358701] proxy/socks: TCP Connect request to tcp:57.144.238.196:443
11-21 15:03:36.789 D/DnsCacheManager( 7840): 🔍 Checking DNS cache for: test-gateway.instagram.com
11-21 15:03:36.789 I/DnsCacheManager( 7840): ✅ DNS cache HIT: test-gateway.instagram.com -> [57.144.238.48] (age: 4373s) [57μs]
11-21 15:03:36.789 D/VpnService( 7840): ✅ DNS CACHE HIT (Xray sniffing): test-gateway.instagram.com -> [57.144.238.48] (served from cache)
11-21 15:03:36.789 D/XrayRuntimeService( 7840): Xray: 2025/11/21 12:03:36.788653 [Info] [2864358701] app/dispatcher: sniffed domain: test-gateway.instagram.com
11-21 15:03:36.789 D/XrayRuntimeService( 7840): Xray: 2025/11/21 12:03:36.788668 [Info] [2864358701] app/dispatcher: default route for tcp:test-gateway.instagram.com:443
11-21 15:03:36.789 D/XrayRuntimeService( 7840): Xray: 2025/11/21 12:03:36.788672 [Info] [2864358701] transport/internet/tcp: dialing TCP to tcp:stol.halibiram.online:443
11-21 15:03:36.789 D/XrayRuntimeService( 7840): Xray: 2025/11/21 12:03:36.788676 [Debug] [2864358701] transport/internet: dialing to tcp:stol.halibiram.online:443
11-21 15:03:36.789 D/XrayRuntimeService( 7840): Xray: 2025/11/21 12:03:36.788684 from tcp:127.0.0.1:37666 accepted tcp:57.144.238.196:443 [vless_0]
11-21 15:03:36.809 D/XrayRuntimeService( 7840): Xray: 2025/11/21 12:03:36.809176 [Info] [373321216] proxy/vless/outbound: tunneling request to udp:8.8.8.8:53 via stol.halibiram.online:443
11-21 15:03:36.809 D/XrayRuntimeService( 7840): Xray: 2025/11/21 12:03:36.809333 [Info] [373321216] proxy: XtlsPadding 68 111 0
11-21 15:03:36.810 D/XrayRuntimeService( 7840): Xray: 2025/11/21 12:03:36.809340 [Info] [373321216] proxy: XtlsPadding 60 178 0
11-21 15:03:36.822 D/SystemDnsCacheServer( 7840): ⚠️ DNS query attempt 1 failed for payments-graph.facebook.com, retrying with timeout 350ms...
11-21 15:03:36.823 E/SystemDnsCacheServer( 7840): Error resolving domain: payments-graph.facebook.com
11-21 15:03:36.823 E/SystemDnsCacheServer( 7840): kotlinx.coroutines.TimeoutCancellationException: Timed out waiting for 2000 ms
11-21 15:03:36.823 E/SystemDnsCacheServer( 7840): 	at kotlinx.coroutines.TimeoutKt.TimeoutCancellationException(Timeout.kt:188)
11-21 15:03:36.823 E/SystemDnsCacheServer( 7840): 	at kotlinx.coroutines.TimeoutCoroutine.run(Timeout.kt:156)
11-21 15:03:36.823 E/SystemDnsCacheServer( 7840): 	at kotlinx.coroutines.EventLoopImplBase$DelayedRunnableTask.run(EventLoop.common.kt:505)
11-21 15:03:36.823 E/SystemDnsCacheServer( 7840): 	at kotlinx.coroutines.EventLoopImplBase.processNextEvent(EventLoop.common.kt:263)
11-21 15:03:36.823 E/SystemDnsCacheServer( 7840): 	at kotlinx.coroutines.DefaultExecutor.run(DefaultExecutor.kt:105)
11-21 15:03:36.823 E/SystemDnsCacheServer( 7840): 	at java.lang.Thread.run(Thread.java:1119)
11-21 15:03:36.823 W/VpnService( 7840): ⚠️ DNS resolution timeout for payments-graph.facebook.com after 2001ms (max: 2000ms)
11-21 15:03:36.823 W/VpnService( 7840): ⚠️ DNS resolution failed for payments-graph.facebook.com (SystemDnsCacheServer with DoH fallback)
11-21 15:03:36.910 D/XrayRuntimeService( 7840): Xray: 2025/11/21 12:03:36.909531 [Info] [373321216] proxy: Xtls Unpadding new block, content 16 padding 140 command 0
11-21 15:03:36.910 D/XrayRuntimeService( 7840): Xray: 2025/11/21 12:03:36.909559 [Info] [373321216] proxy: Xtls Unpadding new block, content 95 padding 57 command 0
11-21 15:03:36.910 D/XrayRuntimeService( 7840): Xray: 2025/11/21 12:03:36.909564 [Debug] [373321216] proxy/socks: writing back UDP response with 95 bytes
11-21 15:03:36.916 D/XrayRuntimeService( 7840): Xray: 2025/11/21 12:03:36.915613 [Info] [373321216] proxy: Xtls Unpadding new block, content 16 padding 77 command 0
11-21 15:03:36.916 D/XrayRuntimeService( 7840): Xray: 2025/11/21 12:03:36.915643 [Info] [373321216] proxy: Xtls Unpadding new block, content 95 padding 102 command 0
11-21 15:03:36.916 D/XrayRuntimeService( 7840): Xray: 2025/11/21 12:03:36.915648 [Debug] [373321216] proxy/socks: writing back UDP response with 95 bytes
11-21 15:03:36.919 D/XrayRuntimeService( 7840): Xray: 2025/11/21 12:03:36.919626 [Info] [644001546] proxy/vless/outbound: tunneling request to tcp:test-gateway.instagram.com:443 via stol.halibiram.online:443
11-21 15:03:36.920 D/XrayRuntimeService( 7840): Xray: 2025/11/21 12:03:36.919746 [Info] [644001546] proxy: XtlsFilterTls found tls client hello! 205
11-21 15:03:36.920 D/XrayRuntimeService( 7840): Xray: 2025/11/21 12:03:36.919755 [Info] [644001546] proxy: XtlsPadding 205 937 0
11-21 15:03:37.018 D/XrayRuntimeService( 7840): Xray: 2025/11/21 12:03:37.017882 [Info] [1856249954] transport/internet/udp: failed to handle UDP input > io: read/write on closed pipe
11-21 15:03:37.047 D/XrayRuntimeService( 7840): Xray: 2025/11/21 12:03:37.047272 [Info] [644001546] proxy: Xtls Unpadding new block, content 3216 padding 240 command 0
11-21 15:03:37.048 D/XrayRuntimeService( 7840): Xray: 2025/11/21 12:03:37.047303 [Info] [644001546] proxy: XtlsFilterTls found tls 1.3! 1163 TLS_AES_128_GCM_SHA256
11-21 15:03:37.070 D/XrayRuntimeService( 7840): Xray: 2025/11/21 12:03:37.069603 [Info] [644001546] proxy: XtlsPadding 64 1139 0
11-21 15:03:37.109 D/XrayRuntimeService( 7840): Xray: 2025/11/21 12:03:37.109202 [Info] [644001546] proxy: XtlsPadding 2041 26 2
11-21 15:03:37.198 D/XrayRuntimeService( 7840): Xray: 2025/11/21 12:03:37.197680 [Info] [644001546] proxy: Xtls Unpadding new block, content 254 padding 884 command 2
11-21 15:03:37.198 D/XrayRuntimeService( 7840): Xray: 2025/11/21 12:03:37.197752 [Info] [644001546] proxy: CopyRawConn splice
11-21 15:03:37.434 D/XrayRuntimeService( 7840): Xray: 2025/11/21 12:03:37.433972 [Info] [1765102937] proxy/vless/outbound: tunneling request to udp:8.8.8.8:53 via stol.halibiram.online:443
11-21 15:03:37.435 D/XrayRuntimeService( 7840): Xray: 2025/11/21 12:03:37.434214 [Info] [1765102937] proxy: XtlsPadding 59 176 0
11-21 15:03:37.435 D/XrayRuntimeService( 7840): Xray: 2025/11/21 12:03:37.434335 [Info] [1765102937] proxy: XtlsPadding 51 57 0
11-21 15:03:37.537 D/XrayRuntimeService( 7840): Xray: 2025/11/21 12:03:37.537072 [Info] [1765102937] proxy: Xtls Unpadding new block, content 16 padding 33 command 0
11-21 15:03:37.537 D/XrayRuntimeService( 7840): Xray: 2025/11/21 12:03:37.537102 [Info] [1765102937] proxy: Xtls Unpadding new block, content 67 padding 147 command 0
11-21 15:03:37.538 D/XrayRuntimeService( 7840): Xray: 2025/11/21 12:03:37.537107 [Debug] [1765102937] proxy/socks: writing back UDP response with 67 bytes
11-21 15:03:37.541 D/XrayRuntimeService( 7840): Xray: 2025/11/21 12:03:37.541324 [Info] [1765102937] proxy: Xtls Unpadding new block, content 16 padding 173 command 0
11-21 15:03:37.541 D/XrayRuntimeService( 7840): Xray: 2025/11/21 12:03:37.541345 [Info] [1765102937] proxy: Xtls Unpadding new block, content 67 padding 244 command 0
11-21 15:03:37.542 D/XrayRuntimeService( 7840): Xray: 2025/11/21 12:03:37.541349 [Debug] [1765102937] proxy/socks: writing back UDP response with 67 bytes
11-21 15:03:37.675 D/XrayRuntimeService( 7840): Xray: REALITY localAddr: 192.168.1.42:59806	DialTLSContext
11-21 15:03:37.676 D/XrayRuntimeService( 7840): Xray: 2025/11/21 12:03:37.674604 [Info] [3282085847] transport/internet/tcp: dialing TCP to tcp:stol.halibiram.online:443
11-21 15:03:37.676 D/XrayRuntimeService( 7840): Xray: 2025/11/21 12:03:37.674935 [Debug] [3282085847] transport/internet: dialing to tcp:stol.halibiram.online:443
11-21 15:03:37.700 D/BroadcastQueue( 3869): Logging broadcast for com.hyperxray.an, stopped=false, firstLaunch=false
11-21 15:03:37.892 D/XrayRuntimeService( 7840): Xray: 2025/11/21 12:03:37.891406 [Debug] [1596307672] proxy/socks: send packet to udp:57.144.238.196:443 with 1252 bytes
11-21 15:03:37.892 D/XrayRuntimeService( 7840): Xray: 2025/11/21 12:03:37.891457 [Debug] [1596307672] transport/internet/udp: dispatch request to: udp:57.144.238.196:443
11-21 15:03:38.358 D/XrayRuntimeService( 7840): Xray: 2025/11/21 12:03:38.357388 [Debug] [2056718503] proxy/socks: send packet to udp:8.8.8.8:53 with 42 bytes
11-21 15:03:38.358 D/XrayRuntimeService( 7840): Xray: 2025/11/21 12:03:38.357427 [Debug] [2056718503] transport/internet/udp: dispatch request to: udp:8.8.8.8:53
11-21 15:03:38.359 D/XrayRuntimeService( 7840): Xray: 2025/11/21 12:03:38.358697 [Debug] [1885072193] proxy/socks: send packet to udp:8.8.8.8:53 with 42 bytes
11-21 15:03:38.359 D/XrayRuntimeService( 7840): Xray: 2025/11/21 12:03:38.358735 [Debug] [1885072193] transport/internet/udp: dispatch request to: udp:8.8.8.8:53
11-21 15:03:38.451 D/XrayRuntimeService( 7840): Xray: REALITY localAddr: 192.168.1.42:38074	DialTLSContext
11-21 15:03:38.452 D/XrayRuntimeService( 7840): Xray: 2025/11/21 12:03:38.451336 [Info] [77748657] transport/internet/tcp: dialing TCP to tcp:stol.halibiram.online:443
11-21 15:03:38.452 D/XrayRuntimeService( 7840): Xray: 2025/11/21 12:03:38.451348 [Debug] [77748657] transport/internet: dialing to tcp:stol.halibiram.online:443
11-21 15:03:38.648 D/XrayRuntimeService( 7840): Xray: REALITY localAddr: 192.168.1.42:38074	DialTLSContext
11-21 15:03:38.739 D/XrayRuntimeService( 7840): Xray: REALITY localAddr: 192.168.1.42:38114	DialTLSContext
11-21 15:03:38.876 D/XrayRuntimeService( 7840): Xray: REALITY localAddr: 192.168.1.42:38114	DialTLSContext
11-21 15:03:38.940 D/XrayRuntimeService( 7840): Xray: 2025/11/21 12:03:38.940100 [Info] [77748657] transport/internet/tcp: dialing TCP to tcp:stol.halibiram.online:443
11-21 15:03:38.940 D/XrayRuntimeService( 7840): Xray: 2025/11/21 12:03:38.940127 [Debug] [77748657] transport/internet: dialing to tcp:stol.halibiram.online:443
11-21 15:03:38.980 D/XrayRuntimeService( 7840): Xray: 2025/11/21 12:03:38.980032 [Info] [3246477782] transport/internet/tcp: dialing TCP to tcp:stol.halibiram.online:443
11-21 15:03:38.981 D/XrayRuntimeService( 7840): Xray: 2025/11/21 12:03:38.980151 [Debug] [3246477782] transport/internet: dialing to tcp:stol.halibiram.online:443
11-21 15:03:38.981 D/XrayRuntimeService( 7840): Xray: REALITY localAddr: 192.168.1.42:59646	DialTLSContext
11-21 15:03:39.028 D/XrayRuntimeService( 7840): Xray: 2025/11/21 12:03:39.027833 [Info] [3588566328] proxy/vless/outbound: tunneling request to udp:8.8.8.8:53 via stol.halibiram.online:443
11-21 15:03:39.028 D/XrayRuntimeService( 7840): Xray: 2025/11/21 12:03:39.028057 [Info] [3588566328] proxy: XtlsPadding 66 55 0
11-21 15:03:39.028 D/XrayRuntimeService( 7840): Xray: 2025/11/21 12:03:39.028104 [Info] [3588566328] proxy: XtlsPadding 58 58 0
11-21 15:03:39.113 D/XrayRuntimeService( 7840): Xray: REALITY localAddr: 192.168.1.42:59646	DialTLSContext
11-21 15:03:39.123 D/XrayRuntimeService( 7840): Xray: 2025/11/21 12:03:39.122505 [Info] [3588566328] proxy: Xtls Unpadding new block, content 16 padding 241 command 0
11-21 15:03:39.123 D/XrayRuntimeService( 7840): Xray: 2025/11/21 12:03:39.122571 [Info] [3588566328] proxy: Xtls Unpadding new block, content 86 padding 237 command 0
11-21 15:03:39.123 D/XrayRuntimeService( 7840): Xray: 2025/11/21 12:03:39.122575 [Info] [3588566328] proxy: Xtls Unpadding new block, content 16 padding 92 command 0
11-21 15:03:39.123 D/XrayRuntimeService( 7840): Xray: 2025/11/21 12:03:39.122579 [Info] [3588566328] proxy: Xtls Unpadding new block, content 86 padding 216 command 0
11-21 15:03:39.123 D/XrayRuntimeService( 7840): Xray: 2025/11/21 12:03:39.122591 [Debug] [3588566328] proxy/socks: writing back UDP response with 86 bytes
11-21 15:03:39.123 D/XrayRuntimeService( 7840): Xray: 2025/11/21 12:03:39.122594 [Debug] [3588566328] proxy/socks: writing back UDP response with 86 bytes
11-21 15:03:39.318 D/XrayRuntimeService( 7840): Xray: 2025/11/21 12:03:39.317550 [Debug] [3282085847] proxy/socks: send packet to udp:8.8.8.8:53 with 44 bytes
