11-27 19:32:06.151 D/ActivityThread(29495): Package [com.hyperxray.an] reported as REPLACED, but missing application info. Assuming REMOVED.
11-27 19:32:06.151 D/ActivityThread(29495): Package [com.hyperxray.an] reported as REPLACED, but missing application info. Assuming REMOVED.
11-27 19:32:06.151 D/ActivityThread(29495): Package [com.hyperxray.an] reported as REPLACED, but missing application info. Assuming REMOVED.
11-27 19:32:06.151 D/ActivityThread(29495): Package [com.hyperxray.an] reported as REPLACED, but missing application info. Assuming REMOVED.
11-27 19:32:06.151 D/ActivityThread(29495): Package [com.hyperxray.an] reported as REPLACED, but missing application info. Assuming REMOVED.
11-27 19:32:06.152 D/ActivityThread(29495): Package [com.hyperxray.an] reported as REPLACED, but missing application info. Assuming REMOVED.
11-27 19:32:06.152 D/ActivityThread(29495): Package [com.hyperxray.an] reported as REPLACED, but missing application info. Assuming REMOVED.
11-27 19:32:06.152 D/ActivityThread(29495): Package [com.hyperxray.an] reported as REPLACED, but missing application info. Assuming REMOVED.
11-27 19:32:06.152 D/ActivityThread(29495): Package [com.hyperxray.an] reported as REPLACED, but missing application info. Assuming REMOVED.
11-27 19:32:06.152 D/ActivityThread(29495): Package [com.hyperxray.an] reported as REPLACED, but missing application info. Assuming REMOVED.
11-27 19:32:06.152 D/ActivityThread(29495): Package [com.hyperxray.an] reported as REPLACED, but missing application info. Assuming REMOVED.
11-27 19:32:06.152 D/ActivityThread(29495): Package [com.hyperxray.an] reported as REPLACED, but missing application info. Assuming REMOVED.
11-27 19:32:06.152 D/ActivityThread(29495): Package [com.hyperxray.an] reported as REPLACED, but missing application info. Assuming REMOVED.
11-27 19:32:06.152 D/ActivityThread(29495): Package [com.hyperxray.an] reported as REPLACED, but missing application info. Assuming REMOVED.
11-27 19:32:06.152 D/ActivityThread(29495): Package [com.hyperxray.an] reported as REPLACED, but missing application info. Assuming REMOVED.
11-27 19:32:06.174 I/PowerManagerServiceImpl( 3688): Partial wakeLock:[PARTIAL_WAKE_LOCK                 'HyperXray::HyperVpnService::WakeLock' DISABLED (uid=10570 pid=14596 pkg=com.hyperxray.an)], disabled: false, procState: 4, reason: greeze
11-27 19:32:06.176 D/DnsCacheManager(14596):  Synced latency from SharedPreferences: avgHitLatency=0,000ms, avgMissLatency=4,766ms
11-27 19:32:06.177 D/TelegramNotificationManager(14596): Telegram config is null, skipping polling
11-27 19:32:06.178 W/System.err(11713): java.lang.IllegalArgumentException: unresolved address
11-27 19:32:06.196 E/libprotobuf-native( 1788): [libprotobuf ERROR external/protobuf/src/google/protobuf/message_lite.cc:133] Can't parse message of type "sns_oem2_data" because it is missing required fields: (cannot determine missing fields for lite message)
11-27 19:32:06.196 E/libprotobuf-native( 1788): [libprotobuf ERROR external/protobuf/src/google/protobuf/message_lite.cc:133] Can't parse message of type "sns_oem2_data" because it is missing required fields: (cannot determine missing fields for lite message)
11-27 19:32:06.200 W/ActivityManager( 3688): java.io.FileNotFoundException: /sys/fs/cgroup/apps/uid_10165/pid_27529/cgroup.procs: open failed: ENOENT (No such file or directory)
11-27 19:32:06.200 W/ActivityManager( 3688): Caused by: android.system.ErrnoException: open failed: ENOENT (No such file or directory)
11-27 19:32:06.202 W/ActivityManager( 3688): java.io.FileNotFoundException: /sys/fs/cgroup/apps/uid_10185/pid_19103/cgroup.procs: open failed: ENOENT (No such file or directory)
11-27 19:32:06.202 W/ActivityManager( 3688): Caused by: android.system.ErrnoException: open failed: ENOENT (No such file or directory)
11-27 19:32:06.204 W/ActivityManager( 3688): java.io.FileNotFoundException: /sys/fs/cgroup/apps/uid_10182/pid_13131/cgroup.procs: open failed: ENOENT (No such file or directory)
11-27 19:32:06.204 W/ActivityManager( 3688): Caused by: android.system.ErrnoException: open failed: ENOENT (No such file or directory)
11-27 19:32:06.409 I/lyra-disc(13770): DiscoveryManager::OnRestartDiscovery:792 medium_type=mdns, frequency=none
11-27 19:32:06.409 I/lyra-disc(13770): DiscoveryManager::OnRestartDiscovery:838 ignore, medium_type=mdns, params={mediums=0, data_type=none, frequency=none, wait_for_env_satisfied=false, is_static=false, extend_flags=0}, code=0, msg=success
11-27 19:32:06.410 I/lyra-adv(13770): AdvertisingManager::OnRestartAdvertising:983 medium_type=mdns, data_type=normal, frequency=none
11-27 19:32:06.410 I/lyra-adv(13770): AdvertisingManager::OnRestartAdvertising:1037 ignore, medium_type=mdns, data_type=normal, params={medium_type=mdns, data_type=normal, frequency=none, tx_power=none, wait_for_env_satisfied=false, is_static=false, extent_flags=0}, code=0, msg=success
11-27 19:32:06.410 I/lyra-adv(13770): AdvertisingManager::OnRestartAdvertising:983 medium_type=mdns, data_type=command, frequency=none
11-27 19:32:06.411 I/lyra-adv(13770): AdvertisingManager::OnRestartAdvertising:1037 ignore, medium_type=mdns, data_type=command, params={medium_type=mdns, data_type=command, frequency=none, tx_power=none, wait_for_env_satisfied=false, is_static=false, extent_flags=0}, code=0, msg=success
11-27 19:32:06.414 E/PhoneAdapter( 5949): get ntnphones failed, exception: java.lang.IllegalStateException: not support satellite!
11-27 19:32:06.423 W/fb4a.RtiGracefulSystemMethodHelper( 6654): [AI] Failed to start service due to IllegalStateException on Android O
11-27 19:32:06.423 W/fb4a.RtiGracefulSystemMethodHelper( 6654): android.app.BackgroundServiceStartNotAllowedException: Not allowed to start service Intent { xflg=0x4 cmp=com.facebook.katana/com.facebook.mqtt.service.MqttServiceV2 (has extras) }: app is in background uid UidRecord{77182cf u0a330 RCVR bg:+4m18s491ms idle change:uncachedprocstateprocadj procs:0 seq(667137,666962)} caps=-------T
11-27 19:32:06.427 E/WifiStaIfaceAidlImpl( 3688): getCachedScanData failed with service-specific exception: android.os.ServiceSpecificException:  (code 4)
11-27 19:32:06.450 W/Binder  ( 8302): Caught a RuntimeException from the binder stub implementation.
11-27 19:32:06.450 W/Binder  ( 8302): java.lang.UnsupportedOperationException
11-27 19:32:06.452 W/Binder  ( 8302): Caught a RuntimeException from the binder stub implementation.
11-27 19:32:06.452 W/Binder  ( 8302): java.lang.UnsupportedOperationException
11-27 19:32:06.452 E/WifiStaIfaceAidlImpl( 3688): getCachedScanData failed with service-specific exception: android.os.ServiceSpecificException:  (code 4)
11-27 19:32:06.453 W/Binder  ( 8302): Caught a RuntimeException from the binder stub implementation.
11-27 19:32:06.453 W/Binder  ( 8302): java.lang.UnsupportedOperationException
11-27 19:32:06.453 W/Binder  ( 8302): Caught a RuntimeException from the binder stub implementation.
11-27 19:32:06.453 W/Binder  ( 8302): java.lang.UnsupportedOperationException
11-27 19:32:06.485 W/SettingsProvider( 3688): java.lang.SecurityException: Failed to find provider settings for user 999; expected to find a valid ContentProvider for this authority
11-27 19:32:06.521 W/ActivityManager( 3688): java.io.FileNotFoundException: /sys/fs/cgroup/apps/uid_10432/pid_11436/cgroup.procs: open failed: ENOENT (No such file or directory)
11-27 19:32:06.521 W/ActivityManager( 3688): Caused by: android.system.ErrnoException: open failed: ENOENT (No such file or directory)
11-27 19:32:06.523 W/Binder  ( 8907): Caught a RuntimeException from the binder stub implementation.
11-27 19:32:06.523 W/Binder  ( 8907): java.lang.UnsupportedOperationException
11-27 19:32:06.525 W/ActivityManager( 3688): java.io.FileNotFoundException: /sys/fs/cgroup/apps/uid_10432/pid_11436/cgroup.procs: open failed: ENOENT (No such file or directory)
11-27 19:32:06.525 W/ActivityManager( 3688): Caused by: android.system.ErrnoException: open failed: ENOENT (No such file or directory)
11-27 19:32:06.536 W/Binder  ( 8907): Caught a RuntimeException from the binder stub implementation.
11-27 19:32:06.536 W/Binder  ( 8907): java.lang.UnsupportedOperationException
11-27 19:32:06.540 W/Binder  ( 8907): Caught a RuntimeException from the binder stub implementation.
11-27 19:32:06.540 W/Binder  ( 8907): java.lang.UnsupportedOperationException
11-27 19:32:06.541 W/Binder  ( 8907): Caught a RuntimeException from the binder stub implementation.
11-27 19:32:06.541 W/Binder  ( 8907): java.lang.UnsupportedOperationException
11-27 19:32:06.543 W/Binder  ( 8907): Caught a RuntimeException from the binder stub implementation.
11-27 19:32:06.543 W/Binder  ( 8907): java.lang.UnsupportedOperationException
11-27 19:32:06.544 W/Binder  ( 8907): Caught a RuntimeException from the binder stub implementation.
11-27 19:32:06.544 W/Binder  ( 8907): java.lang.UnsupportedOperationException
11-27 19:32:06.544 W/Binder  ( 8907): Caught a RuntimeException from the binder stub implementation.
11-27 19:32:06.544 W/Binder  ( 8907): java.lang.UnsupportedOperationException
11-27 19:32:06.571 W/SettingsProvider( 3688): java.lang.SecurityException: Failed to find provider settings for user 999; expected to find a valid ContentProvider for this authority
11-27 19:32:06.678 D/DnsCacheManager(14596):  Synced latency from SharedPreferences: avgHitLatency=0,000ms, avgMissLatency=4,766ms
11-27 19:32:06.678 D/DnsCacheManager(14596):  Metrics update #6470: entries=3, hits=51, misses=148, hitRate=25%
11-27 19:32:06.703 W/ActivityManager( 3688): java.io.FileNotFoundException: /sys/fs/cgroup/apps/uid_10165/pid_27529/cgroup.procs: open failed: ENOENT (No such file or directory)
11-27 19:32:06.703 W/ActivityManager( 3688): Caused by: android.system.ErrnoException: open failed: ENOENT (No such file or directory)
11-27 19:32:06.703 W/ActivityManager( 3688): java.io.FileNotFoundException: /sys/fs/cgroup/apps/uid_10185/pid_19103/cgroup.procs: open failed: ENOENT (No such file or directory)
11-27 19:32:06.703 W/ActivityManager( 3688): Caused by: android.system.ErrnoException: open failed: ENOENT (No such file or directory)
11-27 19:32:06.704 W/ActivityManager( 3688): java.io.FileNotFoundException: /sys/fs/cgroup/apps/uid_10206/pid_13394/cgroup.procs: open failed: ENOENT (No such file or directory)
11-27 19:32:06.704 W/ActivityManager( 3688): Caused by: android.system.ErrnoException: open failed: ENOENT (No such file or directory)
11-27 19:32:06.704 W/ActivityManager( 3688): java.io.FileNotFoundException: /sys/fs/cgroup/apps/uid_10182/pid_13131/cgroup.procs: open failed: ENOENT (No such file or directory)
11-27 19:32:06.704 W/ActivityManager( 3688): Caused by: android.system.ErrnoException: open failed: ENOENT (No such file or directory)
11-27 19:32:06.704 W/ActivityManager( 3688): java.io.FileNotFoundException: /sys/fs/cgroup/apps/uid_10432/pid_11436/cgroup.procs: open failed: ENOENT (No such file or directory)
11-27 19:32:06.704 W/ActivityManager( 3688): Caused by: android.system.ErrnoException: open failed: ENOENT (No such file or directory)
11-27 19:32:06.816 E/BitmapFactory( 6013): Unable to decode file: java.io.FileNotFoundException: /product/media/theme/miui_mod_icons/dynamic/android/2.png: open failed: ENOENT (No such file or directory)
11-27 19:32:07.179 D/DnsCacheManager(14596):  Synced latency from SharedPreferences: avgHitLatency=0,000ms, avgMissLatency=4,766ms
11-27 19:32:07.239 W/MediaPlayer( 6013): java.lang.NullPointerException: uri
11-27 19:32:07.371 W/SettingsProvider( 3688): java.lang.SecurityException: Failed to find provider settings for user 999; expected to find a valid ContentProvider for this authority
11-27 19:32:07.662 D/BarFollowAnimation( 3688): startNavBarAnimation  mIsFromApp = true mLastTransitionFinished = true mIsFromRecents = false isAppCrash = false isLandscapeActivity = false mHasHideAppSurface = false mNavBarState = -1
11-27 19:32:07.679 D/DnsCacheManager(14596):  Synced latency from SharedPreferences: avgHitLatency=0,000ms, avgMissLatency=4,766ms
11-27 19:32:07.696 E/DynamicIslandEventCoordinator ERROR( 6013): checkError null null TODO() null
11-27 19:32:07.696 E/DynamicIslandEventCoordinator ERROR( 6013): checkError null null TODO() null
11-27 19:32:07.696 E/DynamicIslandEventCoordinator ERROR( 6013): checkError null null TODO() null
11-27 19:32:07.728 W/System.err( 7573): java.lang.NullPointerException: Attempt to invoke virtual method 'void android.service.notification.NotificationListenerService.requestUnbind()' on a null object reference
11-27 19:32:07.730 E/com.miui.appmanager.AppManageUtils(13712): java.lang.NoSuchMethodException: android.net.wifi.IWifiManager$Stub$Proxy.startScan [class java.lang.String]
11-27 19:32:07.804 W/SapiClientFactory(10886): java.lang.IllegalArgumentException: Sapi does not support: tr-TR
11-27 19:32:07.804 W/SapiClientFactory(10886): java.lang.IllegalArgumentException: Sapi does not support: tr-TR
11-27 19:32:08.180 D/DnsCacheManager(14596):  Synced latency from SharedPreferences: avgHitLatency=0,000ms, avgMissLatency=4,766ms
11-27 19:32:08.256 W/ActivityManager( 3688): java.io.FileNotFoundException: /sys/fs/cgroup/apps/uid_10432/pid_11436/cgroup.procs: open failed: ENOENT (No such file or directory)
11-27 19:32:08.256 W/ActivityManager( 3688): Caused by: android.system.ErrnoException: open failed: ENOENT (No such file or directory)
11-27 19:32:08.264 I/WifiService( 3688): acquireMulticastLock uid=10165 lockTag=MdnsServiceBrowserImpl
11-27 19:32:08.265 I/MdnsServiceBrowser( 6328): (REDACTED) registering %s
11-27 19:32:08.265 I/serviceDiscovery( 3688): [MdnsSocketProvider] Start monitoring sockets.
11-27 19:32:08.266 I/serviceDiscovery( 3688): [MdnsDiscoveryManager] Registering listener for serviceType: _googlecast._tcp.local
11-27 19:32:08.266 I/serviceDiscovery( 3688): [MdnsDiscoveryManager] Registering listener for serviceType: _googlecast._tcp.local
11-27 19:32:08.266 I/serviceDiscovery( 3688): [MdnsDiscoveryManager] Registering listener for serviceType: _googlecast._tcp.local
11-27 19:32:08.286 I/serviceDiscovery( 3688): [MdnsDiscoveryManager._googlecast._tcp.local-174/24] Handling response from service: Smart-TV-Pro-9b810fb38dfa3eea85959b10543ee451, newInCache: true, serviceBecomesComplete: false, responseIsComplete: true
11-27 19:32:08.287 I/serviceDiscovery( 3688): [MdnsDiscoveryManager] Registering listener for serviceType: _googlecast._tcp.local
11-27 19:32:08.288 I/serviceDiscovery( 3688): [MdnsDiscoveryManager._googlecast._tcp.local-174/24] Handling response from service: Smart-TV-Pro-9b810fb38dfa3eea85959b10543ee451, newInCache: false, serviceBecomesComplete: false, responseIsComplete: true
11-27 19:32:08.288 I/serviceDiscovery( 3688): [MdnsDiscoveryManager._googlecast._tcp.local-174/24] Handling response from service: Smart-TV-Pro-9b810fb38dfa3eea85959b10543ee451, newInCache: false, serviceBecomesComplete: false, responseIsComplete: true
11-27 19:32:08.290 I/DeviceScanner( 6328): [MDNS] Received response from "S10o" (9b810fb38dfa3eea85959b10543ee451) [cast connect] with result "1 New device"
11-27 19:32:08.681 D/DnsCacheManager(14596):  Synced latency from SharedPreferences: avgHitLatency=0,000ms, avgMissLatency=4,766ms
11-27 19:32:09.184 D/DnsCacheManager(14596):  Synced latency from SharedPreferences: avgHitLatency=0,000ms, avgMissLatency=4,766ms
11-27 19:32:09.417 E/PhoneAdapter( 5949): get ntnphones failed, exception: java.lang.IllegalStateException: not support satellite!
11-27 19:32:09.463 E/WifiStaIfaceAidlImpl( 3688): getCachedScanData failed with service-specific exception: android.os.ServiceSpecificException:  (code 4)
11-27 19:32:09.686 D/DnsCacheManager(14596):  Synced latency from SharedPreferences: avgHitLatency=0,000ms, avgMissLatency=4,766ms
11-27 19:32:10.187 D/DnsCacheManager(14596):  Synced latency from SharedPreferences: avgHitLatency=0,000ms, avgMissLatency=4,766ms
11-27 19:32:10.188 V/DnsCacheManager(14596):  StateFlow updated: entries=3, hits=51, misses=148, hitRate=25%, avgHitLatency=0,000ms
11-27 19:32:10.689 D/DnsCacheManager(14596):  Synced latency from SharedPreferences: avgHitLatency=0,000ms, avgMissLatency=4,766ms
11-27 19:32:11.178 D/TelegramNotificationManager(14596): Telegram config is null, skipping polling
11-27 19:32:11.190 D/DnsCacheManager(14596):  Synced latency from SharedPreferences: avgHitLatency=0,000ms, avgMissLatency=4,766ms
11-27 19:32:11.206 D/PolicyMaker( 3688): HasForegroundService pkgName=com.hyperxray.an uid:10570
11-27 19:32:11.206 D/PolicyMaker( 3688): uid =10570 pkg=com.hyperxray.an reason=fgservice
11-27 19:32:11.691 D/DnsCacheManager(14596):  Synced latency from SharedPreferences: avgHitLatency=0,000ms, avgMissLatency=4,766ms
11-27 19:32:11.691 D/DnsCacheManager(14596):  Metrics update #6480: entries=3, hits=51, misses=148, hitRate=25%
11-27 19:32:12.193 D/DnsCacheManager(14596):  Synced latency from SharedPreferences: avgHitLatency=0,000ms, avgMissLatency=4,766ms
11-27 19:32:12.424 E/PhoneAdapter( 5949): get ntnphones failed, exception: java.lang.IllegalStateException: not support satellite!
11-27 19:32:12.480 E/WifiStaIfaceAidlImpl( 3688): getCachedScanData failed with service-specific exception: android.os.ServiceSpecificException:  (code 4)
11-27 19:32:12.694 D/DnsCacheManager(14596):  Synced latency from SharedPreferences: avgHitLatency=0,000ms, avgMissLatency=4,766ms
11-27 19:32:13.196 D/DnsCacheManager(14596):  Synced latency from SharedPreferences: avgHitLatency=0,000ms, avgMissLatency=4,766ms
11-27 19:32:13.699 D/DnsCacheManager(14596):  Synced latency from SharedPreferences: avgHitLatency=0,000ms, avgMissLatency=4,766ms
11-27 19:32:14.200 D/DnsCacheManager(14596):  Synced latency from SharedPreferences: avgHitLatency=0,000ms, avgMissLatency=4,766ms
11-27 19:32:14.702 D/DnsCacheManager(14596):  Synced latency from SharedPreferences: avgHitLatency=0,000ms, avgMissLatency=4,766ms
11-27 19:32:15.204 D/DnsCacheManager(14596):  Synced latency from SharedPreferences: avgHitLatency=0,000ms, avgMissLatency=4,766ms
11-27 19:32:15.205 V/DnsCacheManager(14596):  StateFlow updated: entries=3, hits=51, misses=148, hitRate=25%, avgHitLatency=0,000ms
11-27 19:32:15.432 E/PhoneAdapter( 5949): get ntnphones failed, exception: java.lang.IllegalStateException: not support satellite!
11-27 19:32:15.498 E/WifiStaIfaceAidlImpl( 3688): getCachedScanData failed with service-specific exception: android.os.ServiceSpecificException:  (code 4)
11-27 19:32:15.706 D/DnsCacheManager(14596):  Synced latency from SharedPreferences: avgHitLatency=0,000ms, avgMissLatency=4,766ms
11-27 19:32:16.179 D/TelegramNotificationManager(14596): Telegram config is null, skipping polling
11-27 19:32:16.208 D/DnsCacheManager(14596):  Synced latency from SharedPreferences: avgHitLatency=0,000ms, avgMissLatency=4,766ms
11-27 19:32:16.208 D/PolicyMaker( 3688): HasForegroundService pkgName=com.hyperxray.an uid:10570
11-27 19:32:16.208 D/PolicyMaker( 3688): uid =10570 pkg=com.hyperxray.an reason=fgservice
11-27 19:32:16.441 E/fb4a.msys( 6654): E[N MQTT]onReadError(657)=>Read Error: AsyncSocketException: recv() failed (peer=57.144.248.144:443), type = Internal error, errno = 103 (Software caused connection abort)
11-27 19:32:16.448 E/fb4a.msys( 6654): E[C mem.context]_LogConnectFailure(5001)=>[Happy Eyeball] Connect failed with source=1, winner stream ip=185.60.219.39, port=5222, dnsResolutionMethod=1, combined_ip_addresses=185.60.219.39
11-27 19:32:16.708 D/DnsCacheManager(14596):  Synced latency from SharedPreferences: avgHitLatency=0,000ms, avgMissLatency=4,766ms
11-27 19:32:16.709 D/DnsCacheManager(14596):  Metrics update #6490: entries=3, hits=51, misses=148, hitRate=25%
11-27 19:32:17.210 D/DnsCacheManager(14596):  Synced latency from SharedPreferences: avgHitLatency=0,000ms, avgMissLatency=4,766ms
11-27 19:32:17.712 D/DnsCacheManager(14596):  Synced latency from SharedPreferences: avgHitLatency=0,000ms, avgMissLatency=4,766ms
11-27 19:32:18.214 D/DnsCacheManager(14596):  Synced latency from SharedPreferences: avgHitLatency=0,000ms, avgMissLatency=4,766ms
11-27 19:32:18.440 E/PhoneAdapter( 5949): get ntnphones failed, exception: java.lang.IllegalStateException: not support satellite!
11-27 19:32:18.515 E/WifiStaIfaceAidlImpl( 3688): getCachedScanData failed with service-specific exception: android.os.ServiceSpecificException:  (code 4)
11-27 19:32:18.717 D/DnsCacheManager(14596):  Synced latency from SharedPreferences: avgHitLatency=0,000ms, avgMissLatency=4,766ms
11-27 19:32:19.219 D/DnsCacheManager(14596):  Synced latency from SharedPreferences: avgHitLatency=0,000ms, avgMissLatency=4,766ms
11-27 19:32:19.721 D/DnsCacheManager(14596):  Synced latency from SharedPreferences: avgHitLatency=0,000ms, avgMissLatency=4,766ms
11-27 19:32:20.223 D/DnsCacheManager(14596):  Synced latency from SharedPreferences: avgHitLatency=0,000ms, avgMissLatency=4,766ms
11-27 19:32:20.224 V/DnsCacheManager(14596):  StateFlow updated: entries=3, hits=51, misses=148, hitRate=25%, avgHitLatency=0,000ms
11-27 19:32:20.725 D/DnsCacheManager(14596):  Synced latency from SharedPreferences: avgHitLatency=0,000ms, avgMissLatency=4,766ms
11-27 19:32:21.182 D/TelegramNotificationManager(14596): Telegram config is null, skipping polling
11-27 19:32:21.209 D/PolicyMaker( 3688): HasForegroundService pkgName=com.hyperxray.an uid:10570
11-27 19:32:21.209 D/PolicyMaker( 3688): uid =10570 pkg=com.hyperxray.an reason=fgservice
11-27 19:32:21.226 D/DnsCacheManager(14596):  Synced latency from SharedPreferences: avgHitLatency=0,000ms, avgMissLatency=4,766ms
11-27 19:32:21.448 E/PhoneAdapter( 5949): get ntnphones failed, exception: java.lang.IllegalStateException: not support satellite!
11-27 19:32:21.532 E/WifiStaIfaceAidlImpl( 3688): getCachedScanData failed with service-specific exception: android.os.ServiceSpecificException:  (code 4)
11-27 19:32:21.727 D/DnsCacheManager(14596):  Synced latency from SharedPreferences: avgHitLatency=0,000ms, avgMissLatency=4,766ms
11-27 19:32:21.728 D/DnsCacheManager(14596):  Metrics update #6500: entries=3, hits=51, misses=148, hitRate=25%
11-27 19:32:21.889 W/CrashLoopRemedyLog(17077): unable to delete remedy log, instaCrash: true
11-27 19:32:22.229 D/DnsCacheManager(14596):  Synced latency from SharedPreferences: avgHitLatency=0,000ms, avgMissLatency=4,766ms
11-27 19:32:22.731 D/DnsCacheManager(14596):  Synced latency from SharedPreferences: avgHitLatency=0,000ms, avgMissLatency=4,766ms
11-27 19:32:23.233 D/DnsCacheManager(14596):  Synced latency from SharedPreferences: avgHitLatency=0,000ms, avgMissLatency=4,766ms
11-27 19:32:23.734 D/DnsCacheManager(14596):  Synced latency from SharedPreferences: avgHitLatency=0,000ms, avgMissLatency=4,766ms
11-27 19:32:24.236 D/DnsCacheManager(14596):  Synced latency from SharedPreferences: avgHitLatency=0,000ms, avgMissLatency=4,766ms
11-27 19:32:24.458 E/PhoneAdapter( 5949): get ntnphones failed, exception: java.lang.IllegalStateException: not support satellite!
11-27 19:32:24.563 E/WifiStaIfaceAidlImpl( 3688): getCachedScanData failed with service-specific exception: android.os.ServiceSpecificException:  (code 4)
11-27 19:32:24.739 D/DnsCacheManager(14596):  Synced latency from SharedPreferences: avgHitLatency=0,000ms, avgMissLatency=4,766ms
11-27 19:32:25.241 D/DnsCacheManager(14596):  Synced latency from SharedPreferences: avgHitLatency=0,000ms, avgMissLatency=4,766ms
11-27 19:32:25.241 V/DnsCacheManager(14596):  StateFlow updated: entries=3, hits=51, misses=148, hitRate=25%, avgHitLatency=0,000ms
11-27 19:32:25.743 D/DnsCacheManager(14596):  Synced latency from SharedPreferences: avgHitLatency=0,000ms, avgMissLatency=4,766ms
11-27 19:32:25.801 E/PhoneAdapter( 5949): get ntnphones failed, exception: java.lang.IllegalStateException: not support satellite!
11-27 19:32:26.185 D/TelegramNotificationManager(14596): Telegram config is null, skipping polling
11-27 19:32:26.211 D/PolicyMaker( 3688): HasForegroundService pkgName=com.hyperxray.an uid:10570
11-27 19:32:26.211 D/PolicyMaker( 3688): uid =10570 pkg=com.hyperxray.an reason=fgservice
11-27 19:32:26.244 D/DnsCacheManager(14596):  Synced latency from SharedPreferences: avgHitLatency=0,000ms, avgMissLatency=4,766ms
11-27 19:32:26.747 D/DnsCacheManager(14596):  Synced latency from SharedPreferences: avgHitLatency=0,000ms, avgMissLatency=4,766ms
11-27 19:32:26.747 D/DnsCacheManager(14596):  Metrics update #6510: entries=3, hits=51, misses=148, hitRate=25%
11-27 19:32:27.249 D/DnsCacheManager(14596):  Synced latency from SharedPreferences: avgHitLatency=0,000ms, avgMissLatency=4,766ms
11-27 19:32:27.467 E/PhoneAdapter( 5949): get ntnphones failed, exception: java.lang.IllegalStateException: not support satellite!
11-27 19:32:27.605 E/WifiStaIfaceAidlImpl( 3688): getCachedScanData failed with service-specific exception: android.os.ServiceSpecificException:  (code 4)
11-27 19:32:27.752 D/DnsCacheManager(14596):  Synced latency from SharedPreferences: avgHitLatency=0,000ms, avgMissLatency=4,766ms
11-27 19:32:28.253 D/DnsCacheManager(14596):  Synced latency from SharedPreferences: avgHitLatency=0,000ms, avgMissLatency=4,766ms
11-27 19:32:28.755 D/DnsCacheManager(14596):  Synced latency from SharedPreferences: avgHitLatency=0,000ms, avgMissLatency=4,766ms
11-27 19:32:29.258 D/DnsCacheManager(14596):  Synced latency from SharedPreferences: avgHitLatency=0,000ms, avgMissLatency=4,766ms
11-27 19:32:29.760 D/DnsCacheManager(14596):  Synced latency from SharedPreferences: avgHitLatency=0,000ms, avgMissLatency=4,766ms
11-27 19:32:29.766 W/System.err(10718): java.lang.NumberFormatException: For input string: "up-hl"
11-27 19:32:30.262 D/DnsCacheManager(14596):  Synced latency from SharedPreferences: avgHitLatency=0,000ms, avgMissLatency=4,766ms
11-27 19:32:30.262 V/DnsCacheManager(14596):  StateFlow updated: entries=3, hits=51, misses=148, hitRate=25%, avgHitLatency=0,000ms
11-27 19:32:30.475 E/PhoneAdapter( 5949): get ntnphones failed, exception: java.lang.IllegalStateException: not support satellite!
11-27 19:32:30.621 E/WifiStaIfaceAidlImpl( 3688): getCachedScanData failed with service-specific exception: android.os.ServiceSpecificException:  (code 4)
11-27 19:32:30.764 D/DnsCacheManager(14596):  Synced latency from SharedPreferences: avgHitLatency=0,000ms, avgMissLatency=4,766ms
11-27 19:32:31.188 D/TelegramNotificationManager(14596): Telegram config is null, skipping polling
11-27 19:32:31.214 D/PolicyMaker( 3688): HasForegroundService pkgName=com.hyperxray.an uid:10570
11-27 19:32:31.214 D/PolicyMaker( 3688): uid =10570 pkg=com.hyperxray.an reason=fgservice
11-27 19:32:31.265 D/DnsCacheManager(14596):  Synced latency from SharedPreferences: avgHitLatency=0,000ms, avgMissLatency=4,766ms
11-27 19:32:31.767 D/DnsCacheManager(14596):  Synced latency from SharedPreferences: avgHitLatency=0,000ms, avgMissLatency=4,766ms
11-27 19:32:31.768 D/DnsCacheManager(14596):  Metrics update #6520: entries=3, hits=51, misses=148, hitRate=25%
11-27 19:32:32.269 D/DnsCacheManager(14596):  Synced latency from SharedPreferences: avgHitLatency=0,000ms, avgMissLatency=4,766ms
11-27 19:32:32.771 D/DnsCacheManager(14596):  Synced latency from SharedPreferences: avgHitLatency=0,000ms, avgMissLatency=4,766ms
11-27 19:32:33.274 D/DnsCacheManager(14596):  Synced latency from SharedPreferences: avgHitLatency=0,000ms, avgMissLatency=4,766ms
11-27 19:32:33.483 E/PhoneAdapter( 5949): get ntnphones failed, exception: java.lang.IllegalStateException: not support satellite!
11-27 19:32:33.641 E/WifiStaIfaceAidlImpl( 3688): getCachedScanData failed with service-specific exception: android.os.ServiceSpecificException:  (code 4)
11-27 19:32:33.776 D/DnsCacheManager(14596):  Synced latency from SharedPreferences: avgHitLatency=0,000ms, avgMissLatency=4,766ms
11-27 19:32:33.948 W/X.8TS   ( 6654): Exception thrown during refresh
11-27 19:32:33.948 W/X.8TS   ( 6654): java.util.concurrent.ExecutionException: java.net.UnknownHostException: Unable to resolve host "chat-e2ee-mini.facebook.com": No address associated with hostname
11-27 19:32:33.948 W/X.8TS   ( 6654): 	at X.3SK.setException(Unknown Source:19)
11-27 19:32:33.948 W/X.8TS   ( 6654): 	at java.util.concurrent.FutureTask.setException(FutureTask.java:303)
11-27 19:32:33.948 W/X.8TS   ( 6654): Caused by: java.net.UnknownHostException: Unable to resolve host "chat-e2ee-mini.facebook.com": No address associated with hostname
11-27 19:32:34.278 D/DnsCacheManager(14596):  Synced latency from SharedPreferences: avgHitLatency=0,000ms, avgMissLatency=4,766ms
11-27 19:32:34.780 D/DnsCacheManager(14596):  Synced latency from SharedPreferences: avgHitLatency=0,000ms, avgMissLatency=4,766ms
11-27 19:32:35.283 D/DnsCacheManager(14596):  Synced latency from SharedPreferences: avgHitLatency=0,000ms, avgMissLatency=4,766ms
11-27 19:32:35.284 V/DnsCacheManager(14596):  StateFlow updated: entries=3, hits=51, misses=148, hitRate=25%, avgHitLatency=0,000ms
11-27 19:32:35.785 D/DnsCacheManager(14596):  Synced latency from SharedPreferences: avgHitLatency=0,000ms, avgMissLatency=4,766ms
11-27 19:32:36.191 D/TelegramNotificationManager(14596): Telegram config is null, skipping polling
11-27 19:32:36.215 D/PolicyMaker( 3688): HasForegroundService pkgName=com.hyperxray.an uid:10570
11-27 19:32:36.215 D/PolicyMaker( 3688): uid =10570 pkg=com.hyperxray.an reason=fgservice
11-27 19:32:36.287 D/DnsCacheManager(14596):  Synced latency from SharedPreferences: avgHitLatency=0,000ms, avgMissLatency=4,766ms
11-27 19:32:36.493 E/PhoneAdapter( 5949): get ntnphones failed, exception: java.lang.IllegalStateException: not support satellite!
11-27 19:32:36.659 E/WifiStaIfaceAidlImpl( 3688): getCachedScanData failed with service-specific exception: android.os.ServiceSpecificException:  (code 4)
11-27 19:32:36.788 D/DnsCacheManager(14596):  Synced latency from SharedPreferences: avgHitLatency=0,000ms, avgMissLatency=4,766ms
11-27 19:32:36.788 D/DnsCacheManager(14596):  Metrics update #6530: entries=3, hits=51, misses=148, hitRate=25%
11-27 19:32:36.863 W/System.err(10718): java.net.UnknownHostException: Unable to resolve host "up-hl.3g.qq.com": No address associated with hostname
11-27 19:32:36.863 W/System.err(10718): Caused by: android.system.GaiException: android_getaddrinfo failed: EAI_NODATA (No address associated with hostname)
11-27 19:32:37.289 D/DnsCacheManager(14596):  Synced latency from SharedPreferences: avgHitLatency=0,000ms, avgMissLatency=4,766ms
11-27 19:32:37.790 D/DnsCacheManager(14596):  Synced latency from SharedPreferences: avgHitLatency=0,000ms, avgMissLatency=4,766ms
11-27 19:32:38.293 D/DnsCacheManager(14596):  Synced latency from SharedPreferences: avgHitLatency=0,000ms, avgMissLatency=4,766ms
11-27 19:32:38.795 D/DnsCacheManager(14596):  Synced latency from SharedPreferences: avgHitLatency=0,000ms, avgMissLatency=4,766ms
11-27 19:32:39.296 D/DnsCacheManager(14596):  Synced latency from SharedPreferences: avgHitLatency=0,000ms, avgMissLatency=4,766ms
11-27 19:32:39.402 W/ActivityManager( 3688): java.io.FileNotFoundException: /sys/fs/cgroup/apps/uid_10182/pid_13131/cgroup.procs: open failed: ENOENT (No such file or directory)
11-27 19:32:39.402 W/ActivityManager( 3688): Caused by: android.system.ErrnoException: open failed: ENOENT (No such file or directory)
11-27 19:32:39.405 W/ActivityManager( 3688): java.io.FileNotFoundException: /sys/fs/cgroup/apps/uid_10185/pid_19103/cgroup.procs: open failed: ENOENT (No such file or directory)
11-27 19:32:39.405 W/ActivityManager( 3688): Caused by: android.system.ErrnoException: open failed: ENOENT (No such file or directory)
11-27 19:32:39.425 E/DynamicIslandEventCoordinator ERROR( 6013): checkError null null TODO() null
11-27 19:32:39.425 E/DynamicIslandEventCoordinator ERROR( 6013): checkError null null TODO() null
11-27 19:32:39.425 E/DynamicIslandEventCoordinator ERROR( 6013): checkError null null TODO() null
11-27 19:32:39.427 W/ActivityManager( 3688): java.io.FileNotFoundException: /sys/fs/cgroup/apps/uid_10432/pid_11436/cgroup.procs: open failed: ENOENT (No such file or directory)
11-27 19:32:39.427 W/ActivityManager( 3688): Caused by: android.system.ErrnoException: open failed: ENOENT (No such file or directory)
11-27 19:32:39.427 W/ActivityManager( 3688): java.io.FileNotFoundException: /sys/fs/cgroup/apps/uid_10165/pid_27529/cgroup.procs: open failed: ENOENT (No such file or directory)
11-27 19:32:39.427 W/ActivityManager( 3688): Caused by: android.system.ErrnoException: open failed: ENOENT (No such file or directory)
11-27 19:32:39.427 D/BarFollowAnimation( 3688): startNavBarAnimation  mIsFromApp = true mLastTransitionFinished = true mIsFromRecents = false isAppCrash = false isLandscapeActivity = false mHasHideAppSurface = false mNavBarState = -1
11-27 19:32:39.438 E/DynamicIslandEventCoordinator ERROR( 6013): checkError null null TODO() null
11-27 19:32:39.438 E/DynamicIslandEventCoordinator ERROR( 6013): checkError null null TODO() null
11-27 19:32:39.438 E/DynamicIslandEventCoordinator ERROR( 6013): checkError null null TODO() null
11-27 19:32:39.448 I/lyra-disc(13770): DiscoveryManager::OnRestopDiscovery:844 medium_type=mdns
11-27 19:32:39.449 I/lyra-disc(13770): DiscoveryManager::StopRetryTimer:1028 medium_type=mdns
11-27 19:32:39.449 I/lyra-disc(13770): DiscoveryManager::OnRestopDiscovery:873 medium_type=mdns, code=0, msg=success
11-27 19:32:39.451 I/lyra-adv(13770): AdvertisingManager::OnRestopAdvertising:1043 medium_type=mdns, data_type=normal
11-27 19:32:39.453 I/lyra-adv(13770): AdvertisingManager::OnRestopAdvertising:1072 medium_type=mdns, data_type=normal, code=0, msg=success
11-27 19:32:39.453 I/lyra-adv(13770): AdvertisingManager::OnRestopAdvertising:1043 medium_type=mdns, data_type=command
11-27 19:32:39.453 I/lyra-adv(13770): AdvertisingManager::OnRestopAdvertising:1072 medium_type=mdns, data_type=command, code=0, msg=success
11-27 19:32:39.495 E/WifiStaIfaceAidlImpl( 3688): getCachedScanData failed with service-specific exception: android.os.ServiceSpecificException:  (code 4)
11-27 19:32:39.516 W/Binder  (10886): Caught a RuntimeException from the binder stub implementation.
11-27 19:32:39.516 W/Binder  (10886): java.lang.UnsupportedOperationException
11-27 19:32:39.558 W/ActivityManager( 3688): java.io.FileNotFoundException: /sys/fs/cgroup/apps/uid_10432/pid_11436/cgroup.procs: open failed: ENOENT (No such file or directory)
11-27 19:32:39.558 W/ActivityManager( 3688): Caused by: android.system.ErrnoException: open failed: ENOENT (No such file or directory)
11-27 19:32:39.561 I/WifiService( 3688): releaseMulticastLock uid=10165 lockTag=MdnsServiceBrowserImpl
11-27 19:32:39.564 I/serviceDiscovery( 3688): [MdnsDiscoveryManager] Unregistering listener for serviceType:_googlecast._tcp.local
11-27 19:32:39.564 I/serviceDiscovery( 3688): [MdnsDiscoveryManager] Unregistering listener for serviceType:_googlecast._tcp.local
11-27 19:32:39.565 I/serviceDiscovery( 3688): [MdnsDiscoveryManager] Unregistering listener for serviceType:_googlecast._tcp.local
11-27 19:32:39.566 I/serviceDiscovery( 3688): [MdnsDiscoveryManager] Unregistering listener for serviceType:_googlecast._tcp.local
11-27 19:32:39.567 I/serviceDiscovery( 3688): [MdnsSocketProvider] Stop monitoring sockets.
11-27 19:32:39.581 W/ActivityManager( 3688): java.io.FileNotFoundException: /sys/fs/cgroup/apps/uid_10432/pid_11436/cgroup.procs: open failed: ENOENT (No such file or directory)
11-27 19:32:39.581 W/ActivityManager( 3688): Caused by: android.system.ErrnoException: open failed: ENOENT (No such file or directory)
11-27 19:32:39.582 W/ActivityManager( 3688): java.io.FileNotFoundException: /sys/fs/cgroup/apps/uid_10432/pid_11436/cgroup.procs: open failed: ENOENT (No such file or directory)
11-27 19:32:39.582 W/ActivityManager( 3688): Caused by: android.system.ErrnoException: open failed: ENOENT (No such file or directory)
11-27 19:32:39.797 D/DnsCacheManager(14596):  Synced latency from SharedPreferences: avgHitLatency=0,000ms, avgMissLatency=4,766ms
11-27 19:32:40.298 D/DnsCacheManager(14596):  Synced latency from SharedPreferences: avgHitLatency=0,000ms, avgMissLatency=4,766ms
11-27 19:32:40.298 V/DnsCacheManager(14596):  StateFlow updated: entries=3, hits=51, misses=148, hitRate=25%, avgHitLatency=0,000ms
11-27 19:32:40.799 D/DnsCacheManager(14596):  Synced latency from SharedPreferences: avgHitLatency=0,000ms, avgMissLatency=4,766ms
11-27 19:32:41.193 D/TelegramNotificationManager(14596): Telegram config is null, skipping polling
11-27 19:32:41.216 D/PolicyMaker( 3688): HasForegroundService pkgName=com.hyperxray.an uid:10570
11-27 19:32:41.216 D/PolicyMaker( 3688): uid =10570 pkg=com.hyperxray.an reason=fgservice
11-27 19:32:41.301 D/DnsCacheManager(14596):  Synced latency from SharedPreferences: avgHitLatency=0,000ms, avgMissLatency=4,766ms
11-27 19:32:41.803 D/DnsCacheManager(14596):  Synced latency from SharedPreferences: avgHitLatency=0,000ms, avgMissLatency=4,766ms
11-27 19:32:41.804 D/DnsCacheManager(14596):  Metrics update #6540: entries=3, hits=51, misses=148, hitRate=25%
11-27 19:32:42.305 D/DnsCacheManager(14596):  Synced latency from SharedPreferences: avgHitLatency=0,000ms, avgMissLatency=4,766ms
11-27 19:32:42.602 W/FastPrintWriter( 3688): java.io.IOException: write failed: EPIPE (Broken pipe)
11-27 19:32:42.602 W/FastPrintWriter( 3688): Caused by: android.system.ErrnoException: write failed: EPIPE (Broken pipe)
11-27 19:32:42.807 D/DnsCacheManager(14596):  Synced latency from SharedPreferences: avgHitLatency=0,000ms, avgMissLatency=4,766ms
11-27 19:32:43.309 D/DnsCacheManager(14596):  Synced latency from SharedPreferences: avgHitLatency=0,000ms, avgMissLatency=4,766ms
11-27 19:32:43.811 D/DnsCacheManager(14596):  Synced latency from SharedPreferences: avgHitLatency=0,000ms, avgMissLatency=4,766ms
11-27 19:32:43.879 E/fb4a.msys( 6654): E[N mns]_OnDiskCacheGetData(632)=>Start post callback cache refresh DNS resolution
11-27 19:32:43.880 E/fb4a.msys( 6654): E[N mns]_OnSystemDNSSuccessCallback(340)=>Cache refresh succeeded with system DNS resolver. IP count: 1
11-27 19:32:44.130 E/fb4a.msys( 6654): E[N mns]_OnDiskCacheGetData(632)=>Start post callback cache refresh DNS resolution
11-27 19:32:44.133 E/fb4a.msys( 6654): E[N mns]_OnSystemDNSSuccessCallback(340)=>Cache refresh succeeded with system DNS resolver. IP count: 1
11-27 19:32:44.313 D/DnsCacheManager(14596):  Synced latency from SharedPreferences: avgHitLatency=0,000ms, avgMissLatency=4,766ms
11-27 19:32:44.479 E/fb4a.msys( 6654): E[N MQTT]onConnectError(562)=>Connect Error: folly::AsyncSocketException: AsyncSocketException: connect failed, type = Socket not open, errno = 103 (Software caused connection abort)
11-27 19:32:44.484 E/fb4a.msys( 6654): E[C mem.context]_LogConnectFailure(5001)=>[Happy Eyeball] Connect failed with source=1, winner stream ip=163.70.128.32, port=5222, dnsResolutionMethod=1, combined_ip_addresses=163.70.128.32
11-27 19:32:44.815 D/DnsCacheManager(14596):  Synced latency from SharedPreferences: avgHitLatency=0,000ms, avgMissLatency=4,766ms
11-27 19:32:45.317 D/DnsCacheManager(14596):  Synced latency from SharedPreferences: avgHitLatency=0,000ms, avgMissLatency=4,766ms
11-27 19:32:45.318 V/DnsCacheManager(14596):  StateFlow updated: entries=3, hits=51, misses=148, hitRate=25%, avgHitLatency=0,000ms
11-27 19:32:45.537 E/libprotobuf-native( 1788): [libprotobuf ERROR external/protobuf/src/google/protobuf/message_lite.cc:133] Can't parse message of type "sns_oem2_data" because it is missing required fields: (cannot determine missing fields for lite message)
11-27 19:32:45.537 W/SettingsProvider( 3688): java.lang.SecurityException: Failed to find provider settings for user 999; expected to find a valid ContentProvider for this authority
11-27 19:32:45.819 D/DnsCacheManager(14596):  Synced latency from SharedPreferences: avgHitLatency=0,000ms, avgMissLatency=4,766ms
11-27 19:32:46.198 D/TelegramNotificationManager(14596): Telegram config is null, skipping polling
11-27 19:32:46.217 D/PolicyMaker( 3688): HasForegroundService pkgName=com.hyperxray.an uid:10570
11-27 19:32:46.217 D/PolicyMaker( 3688): uid =10570 pkg=com.hyperxray.an reason=fgservice
11-27 19:32:46.320 D/DnsCacheManager(14596):  Synced latency from SharedPreferences: avgHitLatency=0,000ms, avgMissLatency=4,766ms
11-27 19:32:46.821 D/DnsCacheManager(14596):  Synced latency from SharedPreferences: avgHitLatency=0,000ms, avgMissLatency=4,766ms
11-27 19:32:46.822 D/DnsCacheManager(14596):  Metrics update #6550: entries=3, hits=51, misses=148, hitRate=25%
11-27 19:32:47.323 D/DnsCacheManager(14596):  Synced latency from SharedPreferences: avgHitLatency=0,000ms, avgMissLatency=4,766ms
11-27 19:32:47.825 D/DnsCacheManager(14596):  Synced latency from SharedPreferences: avgHitLatency=0,000ms, avgMissLatency=4,766ms
11-27 19:32:48.327 D/DnsCacheManager(14596):  Synced latency from SharedPreferences: avgHitLatency=0,000ms, avgMissLatency=4,766ms
11-27 19:32:48.828 D/DnsCacheManager(14596):  Synced latency from SharedPreferences: avgHitLatency=0,000ms, avgMissLatency=4,766ms
11-27 19:32:48.887 W/X.8TS   ( 6654): Exception thrown during refresh
11-27 19:32:48.887 W/X.8TS   ( 6654): java.util.concurrent.ExecutionException: java.net.UnknownHostException: Unable to resolve host "chat-e2ee-mini.facebook.com": No address associated with hostname
11-27 19:32:48.887 W/X.8TS   ( 6654): 	at X.3SK.setException(Unknown Source:19)
11-27 19:32:48.887 W/X.8TS   ( 6654): 	at java.util.concurrent.FutureTask.setException(FutureTask.java:303)
11-27 19:32:48.887 W/X.8TS   ( 6654): Caused by: java.net.UnknownHostException: Unable to resolve host "chat-e2ee-mini.facebook.com": No address associated with hostname
11-27 19:32:49.330 D/DnsCacheManager(14596):  Synced latency from SharedPreferences: avgHitLatency=0,000ms, avgMissLatency=4,766ms
11-27 19:32:49.832 D/DnsCacheManager(14596):  Synced latency from SharedPreferences: avgHitLatency=0,000ms, avgMissLatency=4,766ms
11-27 19:32:50.333 D/DnsCacheManager(14596):  Synced latency from SharedPreferences: avgHitLatency=0,000ms, avgMissLatency=4,766ms
11-27 19:32:50.334 V/DnsCacheManager(14596):  StateFlow updated: entries=3, hits=51, misses=148, hitRate=25%, avgHitLatency=0,000ms
11-27 19:32:50.835 D/DnsCacheManager(14596):  Synced latency from SharedPreferences: avgHitLatency=0,000ms, avgMissLatency=4,766ms
11-27 19:32:51.204 D/TelegramNotificationManager(14596): Telegram config is null, skipping polling
11-27 19:32:51.218 D/PolicyMaker( 3688): HasForegroundService pkgName=com.hyperxray.an uid:10570
11-27 19:32:51.218 D/PolicyMaker( 3688): uid =10570 pkg=com.hyperxray.an reason=fgservice
11-27 19:32:51.337 D/DnsCacheManager(14596):  Synced latency from SharedPreferences: avgHitLatency=0,000ms, avgMissLatency=4,766ms
11-27 19:32:51.838 D/DnsCacheManager(14596):  Synced latency from SharedPreferences: avgHitLatency=0,000ms, avgMissLatency=4,766ms
11-27 19:32:51.839 D/DnsCacheManager(14596):  Metrics update #6560: entries=3, hits=51, misses=148, hitRate=25%
11-27 19:32:52.340 D/DnsCacheManager(14596):  Synced latency from SharedPreferences: avgHitLatency=0,000ms, avgMissLatency=4,766ms
11-27 19:32:52.842 D/DnsCacheManager(14596):  Synced latency from SharedPreferences: avgHitLatency=0,000ms, avgMissLatency=4,766ms
11-27 19:32:53.343 D/DnsCacheManager(14596):  Synced latency from SharedPreferences: avgHitLatency=0,000ms, avgMissLatency=4,766ms
11-27 19:32:53.846 D/DnsCacheManager(14596):  Synced latency from SharedPreferences: avgHitLatency=0,000ms, avgMissLatency=4,766ms
11-27 19:32:54.348 D/DnsCacheManager(14596):  Synced latency from SharedPreferences: avgHitLatency=0,000ms, avgMissLatency=4,766ms
11-27 19:32:54.850 D/DnsCacheManager(14596):  Synced latency from SharedPreferences: avgHitLatency=0,000ms, avgMissLatency=4,766ms
11-27 19:32:55.352 D/DnsCacheManager(14596):  Synced latency from SharedPreferences: avgHitLatency=0,000ms, avgMissLatency=4,766ms
11-27 19:32:55.353 V/DnsCacheManager(14596):  StateFlow updated: entries=3, hits=51, misses=148, hitRate=25%, avgHitLatency=0,000ms
11-27 19:32:55.400 W/Binder  ( 5900): Caught a RuntimeException from the binder stub implementation.
11-27 19:32:55.400 W/Binder  ( 5900): java.lang.UnsupportedOperationException
11-27 19:32:55.854 D/DnsCacheManager(14596):  Synced latency from SharedPreferences: avgHitLatency=0,000ms, avgMissLatency=4,766ms
11-27 19:32:56.206 D/TelegramNotificationManager(14596): Telegram config is null, skipping polling
11-27 19:32:56.220 D/PolicyMaker( 3688): HasForegroundService pkgName=com.hyperxray.an uid:10570
11-27 19:32:56.220 D/PolicyMaker( 3688): uid =10570 pkg=com.hyperxray.an reason=fgservice
11-27 19:32:56.356 D/DnsCacheManager(14596):  Synced latency from SharedPreferences: avgHitLatency=0,000ms, avgMissLatency=4,766ms
11-27 19:32:56.858 D/DnsCacheManager(14596):  Synced latency from SharedPreferences: avgHitLatency=0,000ms, avgMissLatency=4,766ms
11-27 19:32:56.858 D/DnsCacheManager(14596):  Metrics update #6570: entries=3, hits=51, misses=148, hitRate=25%
11-27 19:32:57.360 D/DnsCacheManager(14596):  Synced latency from SharedPreferences: avgHitLatency=0,000ms, avgMissLatency=4,766ms
11-27 19:32:57.861 D/DnsCacheManager(14596):  Synced latency from SharedPreferences: avgHitLatency=0,000ms, avgMissLatency=4,766ms
11-27 19:32:58.362 D/DnsCacheManager(14596):  Synced latency from SharedPreferences: avgHitLatency=0,000ms, avgMissLatency=4,766ms
11-27 19:32:58.864 D/DnsCacheManager(14596):  Synced latency from SharedPreferences: avgHitLatency=0,000ms, avgMissLatency=4,766ms
11-27 19:32:59.365 D/DnsCacheManager(14596):  Synced latency from SharedPreferences: avgHitLatency=0,000ms, avgMissLatency=4,766ms
11-27 19:32:59.867 D/DnsCacheManager(14596):  Synced latency from SharedPreferences: avgHitLatency=0,000ms, avgMissLatency=4,766ms
11-27 19:33:00.368 D/DnsCacheManager(14596):  Synced latency from SharedPreferences: avgHitLatency=0,000ms, avgMissLatency=4,766ms
11-27 19:33:00.369 V/DnsCacheManager(14596):  StateFlow updated: entries=3, hits=51, misses=148, hitRate=25%, avgHitLatency=0,000ms
11-27 19:33:00.870 D/DnsCacheManager(14596):  Synced latency from SharedPreferences: avgHitLatency=0,000ms, avgMissLatency=4,766ms
11-27 19:33:01.208 D/TelegramNotificationManager(14596): Telegram config is null, skipping polling
11-27 19:33:01.222 D/PolicyMaker( 3688): HasForegroundService pkgName=com.hyperxray.an uid:10570
11-27 19:33:01.222 D/PolicyMaker( 3688): uid =10570 pkg=com.hyperxray.an reason=fgservice
11-27 19:33:01.372 D/DnsCacheManager(14596):  Synced latency from SharedPreferences: avgHitLatency=0,000ms, avgMissLatency=4,766ms
11-27 19:33:01.873 D/DnsCacheManager(14596):  Synced latency from SharedPreferences: avgHitLatency=0,000ms, avgMissLatency=4,766ms
11-27 19:33:01.874 D/DnsCacheManager(14596):  Metrics update #6580: entries=3, hits=51, misses=148, hitRate=25%
11-27 19:33:02.374 D/DnsCacheManager(14596):  Synced latency from SharedPreferences: avgHitLatency=0,000ms, avgMissLatency=4,766ms
11-27 19:33:02.876 D/DnsCacheManager(14596):  Synced latency from SharedPreferences: avgHitLatency=0,000ms, avgMissLatency=4,766ms
11-27 19:33:02.992 W/Auth    ( 6328): Caused by: m1.mn: Exception in CronetUrlRequest: net::ERR_CONNECTION_CLOSED, ErrorCode=5, InternalErrorCode=-100, Retryable=true
11-27 19:33:03.378 D/DnsCacheManager(14596):  Synced latency from SharedPreferences: avgHitLatency=0,000ms, avgMissLatency=4,766ms
11-27 19:33:03.879 D/DnsCacheManager(14596):  Synced latency from SharedPreferences: avgHitLatency=0,000ms, avgMissLatency=4,766ms
11-27 19:33:04.381 D/DnsCacheManager(14596):  Synced latency from SharedPreferences: avgHitLatency=0,000ms, avgMissLatency=4,766ms
11-27 19:33:04.883 D/DnsCacheManager(14596):  Synced latency from SharedPreferences: avgHitLatency=0,000ms, avgMissLatency=4,766ms
11-27 19:33:05.384 D/DnsCacheManager(14596):  Synced latency from SharedPreferences: avgHitLatency=0,000ms, avgMissLatency=4,766ms
11-27 19:33:05.385 V/DnsCacheManager(14596):  StateFlow updated: entries=3, hits=51, misses=148, hitRate=25%, avgHitLatency=0,000ms
11-27 19:33:05.886 D/DnsCacheManager(14596):  Synced latency from SharedPreferences: avgHitLatency=0,000ms, avgMissLatency=4,766ms
11-27 19:33:06.211 D/TelegramNotificationManager(14596): Telegram config is null, skipping polling
11-27 19:33:06.228 D/PolicyMaker( 3688): HasForegroundService pkgName=com.hyperxray.an uid:10570
11-27 19:33:06.228 D/PolicyMaker( 3688): uid =10570 pkg=com.hyperxray.an reason=fgservice
11-27 19:33:06.387 D/DnsCacheManager(14596):  Synced latency from SharedPreferences: avgHitLatency=0,000ms, avgMissLatency=4,766ms
11-27 19:33:06.681 W/Binder  (25785): Caught a RuntimeException from the binder stub implementation.
11-27 19:33:06.681 W/Binder  (25785): java.lang.UnsupportedOperationException
11-27 19:33:06.716 E/WifiStaIfaceAidlImpl( 3688): getCachedScanData failed with service-specific exception: android.os.ServiceSpecificException:  (code 4)
11-27 19:33:06.889 D/DnsCacheManager(14596):  Synced latency from SharedPreferences: avgHitLatency=0,000ms, avgMissLatency=4,766ms
11-27 19:33:06.890 D/DnsCacheManager(14596):  Metrics update #6590: entries=3, hits=51, misses=148, hitRate=25%
11-27 19:33:07.391 D/DnsCacheManager(14596):  Synced latency from SharedPreferences: avgHitLatency=0,000ms, avgMissLatency=4,766ms
11-27 19:33:07.893 D/DnsCacheManager(14596):  Synced latency from SharedPreferences: avgHitLatency=0,000ms, avgMissLatency=4,766ms
11-27 19:33:08.394 D/DnsCacheManager(14596):  Synced latency from SharedPreferences: avgHitLatency=0,000ms, avgMissLatency=4,766ms
11-27 19:33:08.896 D/DnsCacheManager(14596):  Synced latency from SharedPreferences: avgHitLatency=0,000ms, avgMissLatency=4,766ms
11-27 19:33:09.398 D/DnsCacheManager(14596):  Synced latency from SharedPreferences: avgHitLatency=0,000ms, avgMissLatency=4,766ms
11-27 19:33:09.899 D/DnsCacheManager(14596):  Synced latency from SharedPreferences: avgHitLatency=0,000ms, avgMissLatency=4,766ms
