11-27 19:33:49.932 D/DnsCacheManager(13664):  Metrics job is already running (isActive=true)
11-27 19:33:49.932 I/MainViewModelDashboardAdapter(13664):  DNS cache stats StateFlow connected: entries=2, hits=51, misses=148, hitRate=25%
11-27 19:33:49.932 D/DnsCacheManager(13664):  Metrics job is already running (isActive=true)
11-27 19:33:49.936 I/MIUIInput( 3688): [MotionEvent] publisher action=0x1, deviceId=8, 34051031, channel '9c7d5e3 com.hyperxray.an/com.hyperxray.an.activity.MainActivity'
11-27 19:33:49.937 D/ScrollScenario( 3688): ScrollState: scroll end on com.hyperxray.an
11-27 19:33:49.937 D/ScrollScenario( 3688): ScrollState: fling start on com.hyperxray.an
11-27 19:33:49.938 I/DPSImpl ( 3688): boost for touch up, package:com.hyperxray.an
11-27 19:33:49.938 I/MIUIInput(13664): [MotionEvent] ViewRootImpl windowName 'com.hyperxray.an/com.hyperxray.an.activity.MainActivity', { action=ACTION_UP, id[0]=0, pointerCount=1, eventTime=34051031, downTime=34050816, phoneEventTime=19:33:49.935 } moveCount:22
11-27 19:33:50.001 D/DnsCacheManager(13664):  Synced latency from SharedPreferences: avgHitLatency=0,000ms, avgMissLatency=4,766ms
11-27 19:33:50.002 V/DnsCacheManager(13664):  StateFlow updated: entries=2, hits=51, misses=148, hitRate=25%, avgHitLatency=0,000ms
11-27 19:33:50.063 D/DnsCacheManager(14596):  Synced latency from SharedPreferences: avgHitLatency=0,000ms, avgMissLatency=4,766ms
11-27 19:33:50.064 V/DnsCacheManager(14596):  StateFlow updated: entries=3, hits=51, misses=148, hitRate=25%, avgHitLatency=0,000ms
11-27 19:33:50.384 E/PhoneAdapter( 5949): get ntnphones failed, exception: java.lang.IllegalStateException: not support satellite!
11-27 19:33:50.443 E/WifiStaIfaceAidlImpl( 3688): getCachedScanData failed with service-specific exception: android.os.ServiceSpecificException:  (code 4)
11-27 19:33:50.463 I/MIUIInput( 3688): [MotionEvent] publisher action=0x0, deviceId=8, 34051558, channel '9c7d5e3 com.hyperxray.an/com.hyperxray.an.activity.MainActivity'
11-27 19:33:50.464 I/MIUIInput(13664): [MotionEvent] ViewRootImpl windowName 'com.hyperxray.an/com.hyperxray.an.activity.MainActivity', { action=ACTION_DOWN, id[0]=0, pointerCount=1, eventTime=34051558, downTime=34051558, phoneEventTime=19:33:50.461 } moveCount:0
11-27 19:33:50.503 D/DnsCacheManager(13664):  Synced latency from SharedPreferences: avgHitLatency=0,000ms, avgMissLatency=4,766ms
11-27 19:33:50.544 I/MIUIInput( 3688): [MotionEvent] publisher action=0x1, deviceId=8, 34051639, channel '9c7d5e3 com.hyperxray.an/com.hyperxray.an.activity.MainActivity'
11-27 19:33:50.545 I/DPSImpl ( 3688): boost for touch up failed because of timediff < 1, package:com.hyperxray.an
11-27 19:33:50.545 I/MIUIInput(13664): [MotionEvent] ViewRootImpl windowName 'com.hyperxray.an/com.hyperxray.an.activity.MainActivity', { action=ACTION_UP, id[0]=0, pointerCount=1, eventTime=34051639, downTime=34051558, phoneEventTime=19:33:50.542 } moveCount:0
11-27 19:33:50.552 D/VibratorManagerService( 3688): Check AppOp mode VIBRATE for uid 10570 and package com.hyperxray.an returned audio=allow, op=allow
11-27 19:33:50.554 D/VibratorManagerService( 3688): Start AppOp mode VIBRATE for uid 10570 and package com.hyperxray.an returned allow
11-27 19:33:50.558 I/KeyboardFeature::Vibrator( 3688): performHapticFeedback: packageName: com.hyperxray.an effectId: 0 always: false
11-27 19:33:50.563 D/ActivityManager( 3688): Logging startService for com.hyperxray.an, stopped=false, firstLaunch=false, intent=Intent { act=com.hyperxray.an.DISCONNECT xflg=0x4 cmp=com.hyperxray.an/.vpn.HyperVpnService }, r.app=ProcessRecord{fcff709 14596:com.hyperxray.an:native/u0a570}
11-27 19:33:50.564 D/HyperVpnService(14596): onStartCommand: action=com.hyperxray.an.DISCONNECT
11-27 19:33:50.564 D/DnsCacheManager(14596):  Synced latency from SharedPreferences: avgHitLatency=0,000ms, avgMissLatency=4,766ms
11-27 19:33:50.567 D/BroadcastQueue( 3688): Logging broadcast for com.hyperxray.an, stopped=false, firstLaunch=false
11-27 19:33:50.568 D/BroadcastQueue( 3688): Logging broadcast for com.hyperxray.an, stopped=false, firstLaunch=false
11-27 19:33:50.568 I/HyperXray-JNI(14596): stopDNSServer called
11-27 19:33:50.568 D/BroadcastQueue( 3688): Logging broadcast for com.hyperxray.an, stopped=false, firstLaunch=false
11-27 19:33:50.568 I/HyperXray-Go(14596): DNS server stopped
11-27 19:33:50.568 I/HyperVpnService(14596):  Native DNS server stopped
11-27 19:33:50.569 W/Bundle  (13664): java.lang.ClassCastException: android.os.Parcel$LazyValue cannot be cast to java.lang.String
11-27 19:33:50.569 W/Bundle  (13664): 	at com.hyperxray.an.core.service.ServiceEventObserver$logUpdateReceiver$1.onReceive(ServiceEventObserver.kt:108)
11-27 19:33:50.569 W/Bundle  (13664): java.lang.ClassCastException: android.os.Parcel$LazyValue cannot be cast to java.lang.String
11-27 19:33:50.569 W/Bundle  (13664): 	at com.hyperxray.an.core.service.ServiceEventObserver$logUpdateReceiver$1.onReceive(ServiceEventObserver.kt:108)
11-27 19:33:50.569 I/HyperVpnService(14596):  DNS components shutdown complete
11-27 19:33:50.569 D/BroadcastQueue( 3688): Logging broadcast for com.hyperxray.an, stopped=false, firstLaunch=false
11-27 19:33:50.569 W/Bundle  (13664): java.lang.ClassCastException: android.os.Parcel$LazyValue cannot be cast to java.lang.String
11-27 19:33:50.569 W/Bundle  (13664): 	at com.hyperxray.an.core.service.ServiceEventObserver$logUpdateReceiver$1.onReceive(ServiceEventObserver.kt:108)
11-27 19:33:50.569 W/Bundle  (13664): java.lang.ClassCastException: android.os.Parcel$LazyValue cannot be cast to java.lang.String
11-27 19:33:50.569 W/Bundle  (13664): 	at com.hyperxray.an.core.service.ServiceEventObserver$logUpdateReceiver$1.onReceive(ServiceEventObserver.kt:108)
11-27 19:33:50.569 D/BroadcastQueue( 3688): Logging broadcast for com.hyperxray.an, stopped=false, firstLaunch=false
11-27 19:33:50.569 W/Bundle  (13664): java.lang.ClassCastException: android.os.Parcel$LazyValue cannot be cast to java.lang.String
11-27 19:33:50.569 W/Bundle  (13664): 	at com.hyperxray.an.core.service.ServiceEventObserver$logUpdateReceiver$1.onReceive(ServiceEventObserver.kt:108)
11-27 19:33:50.570 I/HyperXray-JNI(14596): stopHyperTunnel called
11-27 19:33:50.570 I/HyperXray-Go(14596): StopHyperTunnel called
11-27 19:33:50.570 E/HyperXray-Go(14596): No tunnel running
11-27 19:33:50.570 I/HyperXray-JNI(14596): Go StopHyperTunnel returned: -7
11-27 19:33:50.570 D/BroadcastQueue( 3688): Logging broadcast for com.hyperxray.an, stopped=false, firstLaunch=false
11-27 19:33:50.571 D/BroadcastQueue( 3688): Logging broadcast for com.hyperxray.an, stopped=false, firstLaunch=false
11-27 19:33:50.571 D/HyperVpnStateManager(13664): State changed: com.hyperxray.an.vpn.HyperVpnStateManager$VpnState$Disconnected@933e77b
11-27 19:33:50.572 D/BroadcastQueue( 3688): Logging broadcast for com.hyperxray.an, stopped=false, firstLaunch=false
11-27 19:33:50.572 W/Bundle  (13664): java.lang.ClassCastException: android.os.Parcel$LazyValue cannot be cast to java.lang.String
11-27 19:33:50.572 W/Bundle  (13664): 	at com.hyperxray.an.core.service.ServiceEventObserver$logUpdateReceiver$1.onReceive(ServiceEventObserver.kt:108)
11-27 19:33:50.572 D/BroadcastQueue( 3688): Logging broadcast for com.hyperxray.an, stopped=false, firstLaunch=false
11-27 19:33:50.572 D/BroadcastQueue( 3688): Logging broadcast for com.hyperxray.an, stopped=false, firstLaunch=false
11-27 19:33:50.573 W/Bundle  (13664): java.lang.ClassCastException: android.os.Parcel$LazyValue cannot be cast to java.lang.String
11-27 19:33:50.573 W/Bundle  (13664): 	at com.hyperxray.an.core.service.ServiceEventObserver$logUpdateReceiver$1.onReceive(ServiceEventObserver.kt:108)
11-27 19:33:50.573 D/BroadcastQueue( 3688): Logging broadcast for com.hyperxray.an, stopped=false, firstLaunch=false
11-27 19:33:50.573 I/ActivityManager( 3688): Cancel FGS notification userId: 0 definingUid: 10570 packageName: com.hyperxray.an processName:com.hyperxray.an:native ChannelId:hyper_vpn_channel foregroundNotiWhen:1764261230564 Notiflags:66
11-27 19:33:50.573 W/Bundle  (13664): java.lang.ClassCastException: android.os.Parcel$LazyValue cannot be cast to java.lang.String
11-27 19:33:50.573 W/Bundle  (13664): 	at com.hyperxray.an.core.service.ServiceEventObserver$logUpdateReceiver$1.onReceive(ServiceEventObserver.kt:108)
11-27 19:33:50.574 I/vendor.qti.hardware.servicetrackeraidl-service( 1823): destroyService is called for service : com.hyperxray.an/.vpn.HyperVpnService
11-27 19:33:50.575 I/HyperXray-JNI(14596): stopDNSServer called
11-27 19:33:50.575 I/HyperXray-Go(14596): DNS server stopped
11-27 19:33:50.575 I/HyperVpnService(14596):  Native DNS server stopped
11-27 19:33:50.575 I/HyperVpnService(14596):  DNS components shutdown complete
11-27 19:33:50.575 E/HyperVpnService(14596): Exception: JobCancellationException: StandaloneCoroutine was cancelled
11-27 19:33:50.575 E/HyperVpnService(14596): kotlinx.coroutines.JobCancellationException: StandaloneCoroutine was cancelled; job=StandaloneCoroutine{Cancelling}@ad1f9ed
11-27 19:33:50.575 I/TProxyAiOptimizer(14596): Stopped TProxy AI optimization
11-27 19:33:50.576 D/BroadcastQueue( 3688): Logging broadcast for com.hyperxray.an, stopped=false, firstLaunch=false
11-27 19:33:50.576 E/HyperVpnService(14596): kotlinx.coroutines.JobCancellationException: StandaloneCoroutine was cancelled; job=StandaloneCoroutine{Cancelling}@ad1f9ed
11-27 19:33:50.576 I/HyperXray-JNI(14596): stopHyperTunnel called
11-27 19:33:50.576 I/HyperXray-Go(14596): StopHyperTunnel called
11-27 19:33:50.576 E/HyperXray-Go(14596): No tunnel running
11-27 19:33:50.576 I/HyperXray-JNI(14596): Go StopHyperTunnel returned: -7
11-27 19:33:50.577 D/BroadcastQueue( 3688): Logging broadcast for com.hyperxray.an, stopped=false, firstLaunch=false
11-27 19:33:50.577 D/HyperVpnStateManager(13664): State changed: com.hyperxray.an.vpn.HyperVpnStateManager$VpnState$Disconnected@933e77b
11-27 19:33:50.577 D/BroadcastQueue( 3688): Logging broadcast for com.hyperxray.an, stopped=false, firstLaunch=false
11-27 19:33:50.578 W/Bundle  (13664): java.lang.ClassCastException: android.os.Parcel$LazyValue cannot be cast to java.lang.String
11-27 19:33:50.578 W/Bundle  (13664): 	at com.hyperxray.an.core.service.ServiceEventObserver$logUpdateReceiver$1.onReceive(ServiceEventObserver.kt:108)
11-27 19:33:50.579 D/BroadcastQueue( 3688): Logging broadcast for com.hyperxray.an, stopped=false, firstLaunch=false
11-27 19:33:50.579 W/Bundle  (13664): java.lang.ClassCastException: android.os.Parcel$LazyValue cannot be cast to java.lang.String
11-27 19:33:50.579 W/Bundle  (13664): 	at com.hyperxray.an.core.service.ServiceEventObserver$logUpdateReceiver$1.onReceive(ServiceEventObserver.kt:108)
11-27 19:33:50.579 D/BroadcastQueue( 3688): Logging broadcast for com.hyperxray.an, stopped=false, firstLaunch=false
11-27 19:33:50.580 D/BroadcastQueue( 3688): Logging broadcast for com.hyperxray.an, stopped=false, firstLaunch=false
11-27 19:33:50.582 D/BroadcastQueue( 3688): Logging broadcast for com.hyperxray.an, stopped=false, firstLaunch=false
11-27 19:33:50.582 W/Bundle  (13664): java.lang.ClassCastException: android.os.Parcel$LazyValue cannot be cast to java.lang.String
11-27 19:33:50.582 W/Bundle  (13664): 	at com.hyperxray.an.core.service.ServiceEventObserver$logUpdateReceiver$1.onReceive(ServiceEventObserver.kt:108)
11-27 19:33:50.591 W/FastPrintWriter( 3688): java.io.IOException: write failed: EPIPE (Broken pipe)
11-27 19:33:50.591 W/FastPrintWriter( 3688): Caused by: android.system.ErrnoException: write failed: EPIPE (Broken pipe)
11-27 19:33:50.636 D/VibratorManagerService( 3688): Finish AppOp mode VIBRATE for uid 10570 and package com.hyperxray.an
11-27 19:33:50.950 D/BroadcastQueue( 3688): Logging broadcast for com.hyperxray.an, stopped=false, firstLaunch=false
11-27 19:33:50.951 E/HyperVpnService(14596): Exception: JobCancellationException: Job was cancelled
11-27 19:33:50.951 E/HyperVpnService(14596): kotlinx.coroutines.JobCancellationException: Job was cancelled; job=SupervisorJobImpl{Cancelling}@64e2ab3
11-27 19:33:50.951 E/HyperVpnService(14596): kotlinx.coroutines.JobCancellationException: Job was cancelled; job=SupervisorJobImpl{Cancelling}@64e2ab3
11-27 19:33:50.951 D/BroadcastQueue( 3688): Logging broadcast for com.hyperxray.an, stopped=false, firstLaunch=false
11-27 19:33:50.952 D/BroadcastQueue( 3688): Logging broadcast for com.hyperxray.an, stopped=false, firstLaunch=false
11-27 19:33:50.952 D/BroadcastQueue( 3688): Logging broadcast for com.hyperxray.an, stopped=false, firstLaunch=false
11-27 19:33:50.953 D/BroadcastQueue( 3688): Logging broadcast for com.hyperxray.an, stopped=false, firstLaunch=false
11-27 19:33:50.953 D/BroadcastQueue( 3688): Logging broadcast for com.hyperxray.an, stopped=false, firstLaunch=false
11-27 19:33:50.954 E/HyperVpnService(14596): Error getting Xray config: Job was cancelled
11-27 19:33:50.954 E/HyperVpnService(14596): Exception: JobCancellationException: Job was cancelled
11-27 19:33:50.954 E/HyperVpnService(14596): kotlinx.coroutines.JobCancellationException: Job was cancelled; job=SupervisorJobImpl{Cancelling}@64e2ab3
11-27 19:33:50.954 E/HyperVpnService(14596): Error getting Xray config: Job was cancelled
11-27 19:33:50.954 E/HyperVpnService(14596): kotlinx.coroutines.JobCancellationException: Job was cancelled; job=SupervisorJobImpl{Cancelling}@64e2ab3
11-27 19:33:50.954 D/BroadcastQueue( 3688): Logging broadcast for com.hyperxray.an, stopped=false, firstLaunch=false
11-27 19:33:50.955 D/BroadcastQueue( 3688): Logging broadcast for com.hyperxray.an, stopped=false, firstLaunch=false
11-27 19:33:50.956 D/BroadcastQueue( 3688): Logging broadcast for com.hyperxray.an, stopped=false, firstLaunch=false
11-27 19:33:50.956 D/HyperVpnService(14596): Starting VPN tunnel (WireGuard over Xray-core)...
11-27 19:33:50.956 D/BroadcastQueue( 3688): Logging broadcast for com.hyperxray.an, stopped=false, firstLaunch=false
11-27 19:33:50.957 D/BroadcastQueue( 3688): Logging broadcast for com.hyperxray.an, stopped=false, firstLaunch=false
11-27 19:33:50.957 D/HyperVpnService(14596): Xray config: Direct fallback
11-27 19:33:50.957 D/BroadcastQueue( 3688): Logging broadcast for com.hyperxray.an, stopped=false, firstLaunch=false
11-27 19:33:50.958 W/Bundle  (13664): java.lang.ClassCastException: android.os.Parcel$LazyValue cannot be cast to java.lang.String
11-27 19:33:50.958 W/Bundle  (13664): 	at com.hyperxray.an.core.service.ServiceEventObserver$logUpdateReceiver$1.onReceive(ServiceEventObserver.kt:108)
11-27 19:33:50.958 W/Bundle  (13664): java.lang.ClassCastException: android.os.Parcel$LazyValue cannot be cast to java.lang.String
11-27 19:33:50.958 W/Bundle  (13664): 	at com.hyperxray.an.core.service.ServiceEventObserver$logUpdateReceiver$1.onReceive(ServiceEventObserver.kt:108)
11-27 19:33:50.958 D/BroadcastQueue( 3688): Logging broadcast for com.hyperxray.an, stopped=false, firstLaunch=false
11-27 19:33:50.958 W/Bundle  (13664): java.lang.ClassCastException: android.os.Parcel$LazyValue cannot be cast to java.lang.String
11-27 19:33:50.958 W/Bundle  (13664): 	at com.hyperxray.an.core.service.ServiceEventObserver$logUpdateReceiver$1.onReceive(ServiceEventObserver.kt:108)
11-27 19:33:50.958 D/BroadcastQueue( 3688): Logging broadcast for com.hyperxray.an, stopped=false, firstLaunch=false
11-27 19:33:50.959 W/Bundle  (13664): java.lang.ClassCastException: android.os.Parcel$LazyValue cannot be cast to java.lang.String
11-27 19:33:50.959 W/Bundle  (13664): 	at com.hyperxray.an.core.service.ServiceEventObserver$logUpdateReceiver$1.onReceive(ServiceEventObserver.kt:108)
11-27 19:33:50.964 I/vendor.qti.hardware.servicetrackeraidl-service( 1823): bindService is called for service : com.hyperxray.an/.vpn.HyperVpnService and for client system
11-27 19:33:50.964 I/vendor.qti.hardware.servicetrackeraidl-service( 1823): total connections for service : com.hyperxray.an/.vpn.HyperVpnServiceare :1
11-27 19:33:50.964 D/ActivityManager( 3688): Logging bindService for com.hyperxray.an, stopped=false, firstLaunch=false
11-27 19:33:50.966 D/ConnectivityService( 3688): registerNetworkAgent NetworkAgentInfo{network{175}  handle{755024973837}  ni{VPN CONNECTING extra: VPN:com.hyperxray.an} created=2025-11-27T16:33:50.966Z Score(Policies : IS_VPN ; KeepConnected : 0)   lp{{InterfaceName: tun0 LinkAddresses: [ 10.0.0.2/30 ] DnsAddresses: [ ] Domains:  MTU: 1500 Routes: [ 0.0.0.0/0 -> 0.0.0.0 tun0 mtu 0,::/0 unreachable mtu 0 ]}}  nc{[ Transports: VPN Capabilities: INTERNET&NOT_RESTRICTED&TRUSTED&NOT_VCN_MANAGED&NOT_BANDWIDTH_CONSTRAINED TransportInfo: <VpnTransportInfo{type=1, sessionId=HyperXray VPN, bypassable=false longLivedTcpConnectionsExpensive=false}> Uids: <{99900000-99999999, 0-99999}> OwnerUid: 10570 AdminUids: [10570] UnderlyingNetworks: Null]}  factorySerialNumber=5}
11-27 19:33:50.967 I/Vpn     ( 3688): Established by com.hyperxray.an on tun0
11-27 19:33:50.967 D/HyperXray-JNI(14596): isNativeLibraryReady called, goLibraryLoaded=1
11-27 19:33:50.967 I/HyperXray-JNI(14596): startHyperTunnel called with tunFd=165
11-27 19:33:50.967 D/HyperXray-JNI(14596): Calling Go StartHyperTunnel...
11-27 19:33:50.967 D/PowerKeeper.Vpn(12969): add vpn: user = com.hyperxray.an, uid = 10570, userId = 0
11-27 19:33:50.967 I/HyperXray-Go(14596): ========================================
11-27 19:33:50.967 I/HyperXray-Go(14596): StartHyperTunnel called
11-27 19:33:50.967 I/HyperXray-Go(14596): ========================================
11-27 19:33:50.967 D/HyperXray-Go(14596): TUN file descriptor: 165
11-27 19:33:50.968 D/HyperXray-Go(14596): TUN file descriptor is valid
11-27 19:33:50.968 D/HyperXray-Go(14596): WireGuard config length: 255 bytes
11-27 19:33:50.968 D/HyperXray-Go(14596): Xray config length: 67 bytes
11-27 19:33:50.968 D/HyperXray-Go(14596): WARP endpoint: 162.159.192.1:2408
11-27 19:33:50.968 D/HyperXray-Go(14596): WARP private key length: 0
11-27 19:33:50.968 I/HyperXray-Go(14596): Validating WireGuard configuration...
11-27 19:33:50.968 E/HyperXray-Go(14596): WireGuard config validation failed: WireGuard privateKey is missing
11-27 19:33:50.968 E/HyperXray-Go(14596): WireGuard config (first 500 chars): {"privateKey":"","publicKey":"","address":"172.16.0.2\/32","addressV6":"","dns":"1.1.1.1","mtu":1280,"peerPublicKey":"bmXOC+F1FxEMF9dyiK2H5\/1SUtzH0JuVo51h2wPfgyo=","endpoint":"162.159.192.1:2408","allowedIPs":"0.0.0.0\/0, ::\/0","persistentKeepalive":25}
11-27 19:33:50.968 I/HyperXray-JNI(14596): Go StartHyperTunnel returned: -4
11-27 19:33:50.968 E/HyperVpnService(14596): Native error details: WireGuard config (first 500 chars): {"privateKey":"","publicKey":"","address":"172.16.0.2\/32","addressV6":"","dns":"1.1.1.1","mtu":1280,"peerPublicKey":"bmXOC+F1FxEMF9dyiK2H5\/1SUtzH0JuVo51h2wPfgyo=","endpoint":"162.159.192.1:2408","allowedIPs":"0.0.0.0\/0, ::\/0","persistentKeepalive":25}
11-27 19:33:50.969 D/LogFileManager(14596): Log file path: /data/user/0/com.hyperxray.an/files/app_log.txt
11-27 19:33:50.969 D/HyperVpnService(14596): Telegram notification manager initialized
11-27 19:33:50.972 D/BroadcastQueue( 3688): Logging broadcast for com.hyperxray.an, stopped=false, firstLaunch=false
11-27 19:33:50.972 D/BroadcastQueue( 3688): Logging broadcast for com.hyperxray.an, stopped=false, firstLaunch=false
11-27 19:33:50.988 E/HyperVpnStateManager(13664): Error received: Error getting Xray config: Job was cancelled (code: -12)
11-27 19:33:50.988 E/ServiceEventObserver(13664): Service error event received: Error getting Xray config: Job was cancelled
11-27 19:33:50.988 W/Bundle  (13664): java.lang.ClassCastException: android.os.Parcel$LazyValue cannot be cast to java.lang.String
11-27 19:33:50.988 W/Bundle  (13664): 	at com.hyperxray.an.core.service.ServiceEventObserver$logUpdateReceiver$1.onReceive(ServiceEventObserver.kt:108)
11-27 19:33:50.988 W/Bundle  (13664): java.lang.ClassCastException: android.os.Parcel$LazyValue cannot be cast to java.lang.String
11-27 19:33:50.988 W/Bundle  (13664): 	at com.hyperxray.an.core.service.ServiceEventObserver$logUpdateReceiver$1.onReceive(ServiceEventObserver.kt:108)
11-27 19:33:50.988 W/Bundle  (13664): java.lang.ClassCastException: android.os.Parcel$LazyValue cannot be cast to java.lang.String
11-27 19:33:50.988 W/Bundle  (13664): 	at com.hyperxray.an.core.service.ServiceEventObserver$logUpdateReceiver$1.onReceive(ServiceEventObserver.kt:108)
11-27 19:33:50.995 D/BroadcastQueue( 3688): Logging broadcast for com.hyperxray.an, stopped=false, firstLaunch=false
11-27 19:33:51.000 E/MainViewModel(13664): Service error: Error getting Xray config: Job was cancelled
11-27 19:33:51.003 D/DnsCacheManager(13664):  Synced latency from SharedPreferences: avgHitLatency=0,000ms, avgMissLatency=4,766ms
11-27 19:33:51.010 D/ConnectivityService( 3688): Setting DNS servers for network 175 to []
11-27 19:33:51.016 W/Bundle  (13664): java.lang.ClassCastException: android.os.Parcel$LazyValue cannot be cast to java.lang.String
11-27 19:33:51.016 W/Bundle  (13664): 	at com.hyperxray.an.core.service.ServiceEventObserver$logUpdateReceiver$1.onReceive(ServiceEventObserver.kt:108)
11-27 19:33:51.020 D/BroadcastQueue( 3688): Logging broadcast for com.hyperxray.an, stopped=false, firstLaunch=false
11-27 19:33:51.024 W/PushService(12087): [Tid:552] [Job] shutdown the connection. 9, java.net.SocketException: Software caused connection abort
11-27 19:33:51.025 W/PushService(12087): java.net.SocketException: Broken pipe
11-27 19:33:51.025 W/PushService(12087): [Tid:552] update the connection status. connected -> disconnected : ERROR_READ_ERROR 
11-27 19:33:51.028 W/PushService(12087): [Tid:552] update the client 5 status. binded->unbind CLOSE ERROR_READ_ERROR null null
11-27 19:33:51.029 W/Bundle  (13664): java.lang.ClassCastException: android.os.Parcel$LazyValue cannot be cast to java.lang.String
11-27 19:33:51.029 W/Bundle  (13664): 	at com.hyperxray.an.core.service.ServiceEventObserver$logUpdateReceiver$1.onReceive(ServiceEventObserver.kt:108)
11-27 19:33:51.029 W/PushService(12087): [Tid:552] update the connection status. disconnected -> connecting : ERROR_OK 
11-27 19:33:51.034 D/ConnectivityService( 3688): Setting DNS servers for network 175 to []
11-27 19:33:51.036 D/NetworkMonitor/175( 5685): Network would not satisfy default request, resolving private DNS
11-27 19:33:51.046 W/WifiService( 3688): Permission violation - getScanResults not allowed for uid=10165, packageName=com.google.android.gms, reason=java.lang.SecurityException: Location mode is disabled for the device
11-27 19:33:51.066 D/DnsCacheManager(14596):  Synced latency from SharedPreferences: avgHitLatency=0,000ms, avgMissLatency=4,766ms
11-27 19:33:51.075 D/ConnectivityService( 3688): Setting DNS servers for network 175 to []
11-27 19:33:51.089 W/chromium(10886): [1127/193351.088960:WARNING:net/dns/dns_config_service_android.cc:69] Failed to read DnsConfig.
11-27 19:33:51.089 W/chromium( 6328): [1127/193351.089527:WARNING:net/dns/dns_config_service_android.cc:69] Failed to read DnsConfig.
11-27 19:33:51.091 W/chromium(13664): [1127/193351.089876:WARNING:dns_config_service_android.cc(81)] Failed to read DnsConfig.
11-27 19:33:51.091 W/chromium( 8302): [1127/193351.091714:WARNING:net/dns/dns_config_service_android.cc:69] Failed to read DnsConfig.
11-27 19:33:51.092 W/chromium( 8907): [1127/193351.092590:WARNING:net/dns/dns_config_service_android.cc:69] Failed to read DnsConfig.
11-27 19:33:51.095 W/chromium(19572): [1127/193351.095327:WARNING:net/dns/dns_config_service_android.cc:69] Failed to read DnsConfig.
11-27 19:33:51.095 W/chromium(14596): [1127/193351.095808:WARNING:dns_config_service_android.cc(81)] Failed to read DnsConfig.
11-27 19:33:51.097 W/chromium( 1331): [1127/193351.096786:WARNING:net/dns/dns_config_service_android.cc:69] Failed to read DnsConfig.
11-27 19:33:51.098 W/chromium(11554): [1127/193351.098319:WARNING:net/dns/dns_config_service_android.cc:69] Failed to read DnsConfig.
11-27 19:33:51.098 W/chromium(25785): [1127/193351.098654:WARNING:net/dns/dns_config_service_android.cc:69] Failed to read DnsConfig.
11-27 19:33:51.099 W/chromium(25258): [1127/193351.098814:WARNING:net/dns/dns_config_service_android.cc:69] Failed to read DnsConfig.
11-27 19:33:51.099 W/chromium( 8726): [1127/193351.099480:WARNING:net/dns/dns_config_service_android.cc:69] Failed to read DnsConfig.
11-27 19:33:51.101 W/chromium(18318): [1127/193351.100885:WARNING:net/dns/dns_config_service_android.cc:69] Failed to read DnsConfig.
11-27 19:33:51.101 W/chromium(18704): [1127/193351.101530:WARNING:net/dns/dns_config_service_android.cc:69] Failed to read DnsConfig.
11-27 19:33:51.102 W/chromium(10886): [1127/193351.102660:WARNING:net/dns/dns_config_service_android.cc:69] Failed to read DnsConfig.
11-27 19:33:51.103 W/chromium( 1331): [1127/193351.103714:WARNING:net/dns/dns_config_service_android.cc:69] Failed to read DnsConfig.
11-27 19:33:51.103 W/chromium(13664): [1127/193351.103957:WARNING:dns_config_service_android.cc(81)] Failed to read DnsConfig.
11-27 19:33:51.104 W/chromium( 8302): [1127/193351.103803:WARNING:net/dns/dns_config_service_android.cc:69] Failed to read DnsConfig.
11-27 19:33:51.107 W/chromium( 6328): [1127/193351.107478:WARNING:net/dns/dns_config_service_android.cc:69] Failed to read DnsConfig.
11-27 19:33:51.112 W/chromium(14596): [1127/193351.112809:WARNING:dns_config_service_android.cc(81)] Failed to read DnsConfig.
11-27 19:33:51.113 W/chromium( 8907): [1127/193351.113407:WARNING:net/dns/dns_config_service_android.cc:69] Failed to read DnsConfig.
11-27 19:33:51.114 W/chromium(19572): [1127/193351.114981:WARNING:net/dns/dns_config_service_android.cc:69] Failed to read DnsConfig.
11-27 19:33:51.115 W/chromium(11554): [1127/193351.115059:WARNING:net/dns/dns_config_service_android.cc:69] Failed to read DnsConfig.
11-27 19:33:51.117 W/chromium(18318): [1127/193351.117830:WARNING:net/dns/dns_config_service_android.cc:69] Failed to read DnsConfig.
11-27 19:33:51.118 W/chromium( 8726): [1127/193351.118472:WARNING:net/dns/dns_config_service_android.cc:69] Failed to read DnsConfig.
11-27 19:33:51.119 W/chromium(18704): [1127/193351.119230:WARNING:net/dns/dns_config_service_android.cc:69] Failed to read DnsConfig.
11-27 19:33:51.119 W/chromium(25258): [1127/193351.119525:WARNING:net/dns/dns_config_service_android.cc:69] Failed to read DnsConfig.
11-27 19:33:51.178 D/ScrollScenario( 3688): ScrollState: fling end on com.hyperxray.an
11-27 19:33:51.178 D/ScrollScenario( 3688): ScrollState: scroll start on com.hyperxray.an
11-27 19:33:51.205 D/RecentsImpl( 5385): onSysUIFlagsChangedchangedFlags=1000000000000000, mLastResumedClassName=com.hyperxray.an.activity.MainActivity, mForegroundPackageName=com.hyperxray.an
11-27 19:33:51.205 W/RecentsImpl( 5385): updateGestureWindowVisibleImpl, className=com.hyperxray.an.activity.MainActivity
11-27 19:33:51.208 D/BarFollowAnimation( 3688): pairAppearanceRegionAndWin win=Window{9c7d5e3 u0 com.hyperxray.an/com.hyperxray.an.activity.MainActivity} 0
11-27 19:33:51.208 D/BarFollowAnimation( 3688): isAppTaskBarOnTop win:Window{9c7d5e3 u0 com.hyperxray.an/com.hyperxray.an.activity.MainActivity} (mCurrentTopTask:Task{63a2b56 #755 type=standard I=com.hyperxray.an/.activity.MainActivity} : true); (mAssociatedTask:Task{63a2b56 #755 type=standard I=com.hyperxray.an/.activity.MainActivity} : true); (mHomeTask:Task{c7eba92 #1 type=home} : false); mReparentToOriginParent:false mLastAppBarVisible:true mLastHomeBarVisible:false
11-27 19:33:51.208 D/BarFollowAnimation( 3688): isAppTaskBarOnTop win:Window{13f7236 u0 NotificationShade} (mCurrentTopTask:Task{63a2b56 #755 type=standard I=com.hyperxray.an/.activity.MainActivity} : true); (mAssociatedTask:Task{63a2b56 #755 type=standard I=com.hyperxray.an/.activity.MainActivity} : true); (mHomeTask:Task{c7eba92 #1 type=home} : false); mReparentToOriginParent:false mLastAppBarVisible:true mLastHomeBarVisible:false
11-27 19:33:51.211 D/AutoDensity( 6013): 	getAccessibilityDpi Exception: android.provider.Settings$SettingNotFoundException: display_density_forced
11-27 19:33:51.215 D/BarFollowAnimation( 3688): pairAppearanceRegionAndWin win=Window{9c7d5e3 u0 com.hyperxray.an/com.hyperxray.an.activity.MainActivity} 0
11-27 19:33:51.215 D/BarFollowAnimation( 3688): isAppTaskBarOnTop win:Window{13f7236 u0 NotificationShade} (mCurrentTopTask:Task{63a2b56 #755 type=standard I=com.hyperxray.an/.activity.MainActivity} : true); (mAssociatedTask:Task{63a2b56 #755 type=standard I=com.hyperxray.an/.activity.MainActivity} : true); (mHomeTask:Task{c7eba92 #1 type=home} : false); mReparentToOriginParent:false mLastAppBarVisible:true mLastHomeBarVisible:false
11-27 19:33:51.223 D/BarFollowAnimation( 3688): isAppTaskBarOnTop win:Window{13f7236 u0 NotificationShade} (mCurrentTopTask:Task{63a2b56 #755 type=standard I=com.hyperxray.an/.activity.MainActivity} : true); (mAssociatedTask:Task{63a2b56 #755 type=standard I=com.hyperxray.an/.activity.MainActivity} : true); (mHomeTask:Task{c7eba92 #1 type=home} : false); mReparentToOriginParent:false mLastAppBarVisible:true mLastHomeBarVisible:false
11-27 19:33:51.224 D/BarFollowAnimation( 3688): pairAppearanceRegionAndWin win=Window{9c7d5e3 u0 com.hyperxray.an/com.hyperxray.an.activity.MainActivity} 0
11-27 19:33:51.224 D/BarFollowAnimation( 3688): isAppTaskBarOnTop win:Window{13f7236 u0 NotificationShade} (mCurrentTopTask:Task{63a2b56 #755 type=standard I=com.hyperxray.an/.activity.MainActivity} : true); (mAssociatedTask:Task{63a2b56 #755 type=standard I=com.hyperxray.an/.activity.MainActivity} : true); (mHomeTask:Task{c7eba92 #1 type=home} : false); mReparentToOriginParent:false mLastAppBarVisible:true mLastHomeBarVisible:false
11-27 19:33:51.242 D/TelegramNotificationManager(14596): Telegram config is null, skipping polling
11-27 19:33:51.262 D/BarFollowAnimation( 3688): pairAppearanceRegionAndWin win=Window{9c7d5e3 u0 com.hyperxray.an/com.hyperxray.an.activity.MainActivity} 0
11-27 19:33:51.262 D/BarFollowAnimation( 3688): isAppTaskBarOnTop win:Window{13f7236 u0 NotificationShade} (mCurrentTopTask:Task{63a2b56 #755 type=standard I=com.hyperxray.an/.activity.MainActivity} : true); (mAssociatedTask:Task{63a2b56 #755 type=standard I=com.hyperxray.an/.activity.MainActivity} : true); (mHomeTask:Task{c7eba92 #1 type=home} : false); mReparentToOriginParent:false mLastAppBarVisible:true mLastHomeBarVisible:false
11-27 19:33:51.263 E/DynamicIslandEventCoordinator ERROR( 6013): checkError null null TODO() null
11-27 19:33:51.263 E/DynamicIslandEventCoordinator ERROR( 6013): checkError null null TODO() null
11-27 19:33:51.263 E/DynamicIslandEventCoordinator ERROR( 6013): checkError null null TODO() null
11-27 19:33:51.266 D/BarFollowAnimation( 3688): pairAppearanceRegionAndWin win=Window{9c7d5e3 u0 com.hyperxray.an/com.hyperxray.an.activity.MainActivity} 0
11-27 19:33:51.266 D/BarFollowAnimation( 3688): isAppTaskBarOnTop win:Window{13f7236 u0 NotificationShade} (mCurrentTopTask:Task{63a2b56 #755 type=standard I=com.hyperxray.an/.activity.MainActivity} : true); (mAssociatedTask:Task{63a2b56 #755 type=standard I=com.hyperxray.an/.activity.MainActivity} : true); (mHomeTask:Task{c7eba92 #1 type=home} : false); mReparentToOriginParent:false mLastAppBarVisible:true mLastHomeBarVisible:false
11-27 19:33:51.275 D/BarFollowAnimation( 3688): pairAppearanceRegionAndWin win=Window{9c7d5e3 u0 com.hyperxray.an/com.hyperxray.an.activity.MainActivity} 0
11-27 19:33:51.275 D/BarFollowAnimation( 3688): isAppTaskBarOnTop win:Window{13f7236 u0 NotificationShade} (mCurrentTopTask:Task{63a2b56 #755 type=standard I=com.hyperxray.an/.activity.MainActivity} : true); (mAssociatedTask:Task{63a2b56 #755 type=standard I=com.hyperxray.an/.activity.MainActivity} : true); (mHomeTask:Task{c7eba92 #1 type=home} : false); mReparentToOriginParent:false mLastAppBarVisible:true mLastHomeBarVisible:false
11-27 19:33:51.290 I/DPSImpl ( 3688): boost for touch up, package:com.hyperxray.an
11-27 19:33:51.292 D/AutoDensity( 6013): 	getAccessibilityDpi Exception: android.provider.Settings$SettingNotFoundException: display_density_forced
11-27 19:33:51.432 V/DynamiteModule(19576): Dynamite loader version >= 2, using loadModule2NoCrashUtils
11-27 19:33:51.451 D/AutoDensity(19576): 	getAccessibilityDpi Exception: android.provider.Settings$SettingNotFoundException: display_density_forced
11-27 19:33:51.504 D/DnsCacheManager(13664):  Synced latency from SharedPreferences: avgHitLatency=0,000ms, avgMissLatency=4,766ms
11-27 19:33:51.566 W/PushService(12087): [Tid:2] network changed, Intent { act=android.net.conn.CONNECTIVITY_CHANGE flg=0x4200010 xflg=0x4 (has extras) } Bundle[networkInfo=[type: VPN[], state: CONNECTED/CONNECTED, reason: (unspecified), extra: VPN:com.hyperxray.an, failover: false, available: true, roaming: false], networkType=17, inetCondition=100, extraInfo=VPN:com.hyperxray.an]
11-27 19:33:51.569 D/DnsCacheManager(14596):  Synced latency from SharedPreferences: avgHitLatency=0,000ms, avgMissLatency=4,766ms
11-27 19:33:51.634 W/chromium(21167): [1127/193351.634366:WARNING:dns_config_service_android.cc(81)] Failed to read DnsConfig.
11-27 19:33:51.935 D/DnsCacheManager(13664): DnsCacheManager already initialized, ensuring metrics job is running...
11-27 19:33:51.935 I/DPSImpl ( 3688): boost for touch up failed because of timediff < 1, package:com.hyperxray.an
11-27 19:33:51.935 D/DnsCacheManager(13664):  Metrics job is already running (isActive=true)
11-27 19:33:51.936 I/MainViewModelDashboardAdapter(13664):  DNS cache stats StateFlow connected: entries=2, hits=51, misses=148, hitRate=25%
11-27 19:33:51.936 D/DnsCacheManager(13664):  Metrics job is already running (isActive=true)
11-27 19:33:51.946 W/SettingsProvider( 3688): java.lang.SecurityException: Failed to find provider settings for user 999; expected to find a valid ContentProvider for this authority
11-27 19:33:51.946 W/SettingsProvider( 3688): java.lang.SecurityException: Failed to find provider settings for user 999; expected to find a valid ContentProvider for this authority
11-27 19:33:51.948 W/SettingsProvider( 3688): java.lang.SecurityException: Failed to find provider settings for user 999; expected to find a valid ContentProvider for this authority
11-27 19:33:52.000 D/AutoDensity( 6013): 	getAccessibilityDpi Exception: android.provider.Settings$SettingNotFoundException: display_density_forced
11-27 19:33:52.005 D/DnsCacheManager(13664):  Synced latency from SharedPreferences: avgHitLatency=0,000ms, avgMissLatency=4,766ms
11-27 19:33:52.006 D/DnsCacheManager(13664):  Metrics update #10: entries=2, hits=51, misses=148, hitRate=25%
11-27 19:33:52.070 D/DnsCacheManager(14596):  Synced latency from SharedPreferences: avgHitLatency=0,000ms, avgMissLatency=4,766ms
11-27 19:33:52.071 D/DnsCacheManager(14596):  Metrics update #6680: entries=3, hits=51, misses=148, hitRate=25%
11-27 19:33:52.232 I/DPSImpl ( 3688): boost for touch up failed because of timediff < 1, package:com.hyperxray.an
11-27 19:33:52.234 W/SettingsProvider( 3688): java.lang.SecurityException: Failed to find provider settings for user 999; expected to find a valid ContentProvider for this authority
11-27 19:33:52.263 D/AutoDensity( 6013): 	getAccessibilityDpi Exception: android.provider.Settings$SettingNotFoundException: display_density_forced
11-27 19:33:52.278 E/ServiceDeliveryCompat( 5385): java.lang.IllegalArgumentException: Unknown authority com.miui.personalassistant.servicedeliver.system.provider
11-27 19:33:52.479 E/ConnectivityPacketTracker.wlan0( 5685): android.system.ErrnoException: read failed: ENETDOWN (Network is down)
11-27 19:33:52.480 E/DhcpClient( 5685): android.system.ErrnoException: read failed: ENETDOWN (Network is down)
11-27 19:33:52.501 W/libc    ( 5949): Unable to set property "debug.device.wf_state" to "0": PROP_ERROR_INVALID_NAME (0x10)
11-27 19:33:52.503 W/System.err( 5949): java.lang.RuntimeException: failed to set system property "debug.device.wf_state" to "0" (check logcat for reason)
11-27 19:33:52.507 D/DnsCacheManager(13664):  Synced latency from SharedPreferences: avgHitLatency=0,000ms, avgMissLatency=4,766ms
11-27 19:33:52.514 E/MiuiNetworkPolicy( 3688): TcUtils.tcFilterDelDev(ifaceIndex=24, ingress=true, PRIO_POLICE, ETH_P_ALL) failure: java.io.IOException: com_android_net_module_util_TcUtils_tcFilterDelDev error: : No such file or directory
11-27 19:33:52.514 I/lyra-adv(13770): AdvertisingPlatformMdns::OnConnectionStateChanged:159 interface type 256, network_info enable:0, if_name:wlan0
11-27 19:33:52.514 I/lyra-disc(13770): DiscoveryPlatformMdns::OnConnectionStateChanged:197 interface type 256, network_info enable:0, if_name:wlan0
11-27 19:33:52.515 I/lyra-adv(13770): AdvertisingManager::OnAbilityStateChanged:623 medium_type=mdns, old_state=enable(1), new_state=disable(0)
11-27 19:33:52.515 I/lyra-disc(13770): DiscoveryManager::OnAbilityStateChanged:620 main_type=mdns, sub_type=wifi_lan1, old_state=enable(1), new_state=disable(0)
11-27 19:33:52.515 I/lyra-disc(13770): DiscoveryDataBase::OnAbilityStateChanged:1050 main_type=mdns(4), sub_type=wifi_lan1(256), data_type=normal, old_state=enable, new_state=disable
11-27 19:33:52.515 I/lyra-disc(13770): DiscoveryDataBase::OnAbilityStateChanged:1050 main_type=mdns(4), sub_type=wifi_lan1(256), data_type=command, old_state=enable, new_state=disable
11-27 19:33:52.515 I/lyra-disc(13770): DiscoveryStrategyWorkerAutoScan::OnAbilityStateChanged:385 main_type=mdns(4), sub_type=wifi_lan1(256), old_state=enable, new_state=disable
11-27 19:33:52.515 I/lyra-disc(13770): DiscoveryManager::OnAbilityStateChanged:620 main_type=mdns, sub_type=mdns, old_state=enable(1), new_state=disable(0)
11-27 19:33:52.515 I/lyra-disc(13770): DiscoveryManager::OnRestopDiscovery:844 medium_type=mdns
11-27 19:33:52.515 I/lyra-disc(13770): DiscoveryManager::StopRetryTimer:1028 medium_type=mdns
11-27 19:33:52.515 I/lyra-disc(13770): DiscoveryManager::OnRestopDiscovery:873 medium_type=mdns, code=0, msg=success
11-27 19:33:52.515 I/lyra-disc(13770): DiscoveryDataBase::OnAbilityStateChanged:1050 main_type=mdns(4), sub_type=mdns(4), data_type=normal, old_state=enable, new_state=disable
11-27 19:33:52.515 I/lyra-disc(13770): DiscoveryDataBase::OnAbilityStateChanged:1050 main_type=mdns(4), sub_type=mdns(4), data_type=command, old_state=enable, new_state=disable
11-27 19:33:52.515 I/lyra-disc(13770): DiscoveryStrategyWorkerAutoScan::OnAbilityStateChanged:385 main_type=mdns(4), sub_type=mdns(4), old_state=enable, new_state=disable
11-27 19:33:52.515 I/serviceDiscovery( 3688): [MdnsDiscoveryManager] Unregistering listener for serviceType:_googlecast._tcp.local
11-27 19:33:52.515 I/lyra-disc(13770): DiscoveryDataBase::CallRemoveAdvertising:567 disc_type=mdns(4), local_conn_type=wifi_lan1
11-27 19:33:52.515 I/lyra-disc(13770): DiscoveryDataBase::CallRemoveAdvertising:567 disc_type=mdns(4), local_conn_type=wifi_lan1
11-27 19:33:52.515 I/lyra-disc(13770): DiscoveryDataBase::CallRemoveAdvertising:567 disc_type=mdns(4), local_conn_type=mdns
11-27 19:33:52.515 I/lyra-disc(13770): DiscoveryDataBase::CallRemoveAdvertising:567 disc_type=mdns(4), local_conn_type=mdns
11-27 19:33:52.516 I/serviceDiscovery( 3688): [MdnsDiscoveryManager] Unregistering listener for serviceType:_googlecast._tcp.local
11-27 19:33:52.516 I/serviceDiscovery( 3688): [MdnsDiscoveryManager] Unregistering listener for serviceType:_googlecast._tcp.local
11-27 19:33:52.516 I/serviceDiscovery( 3688): [MdnsDiscoveryManager] Unregistering listener for serviceType:_googlecast._tcp.local
11-27 19:33:52.516 I/serviceDiscovery( 3688): [MdnsSocketProvider] Stop monitoring sockets.
11-27 19:33:52.516 I/WifiService( 3688): releaseMulticastLock uid=10165 lockTag=MdnsServiceBrowserImpl
11-27 19:33:52.520 I/NearbyMediums( 8726): java.lang.SecurityException: Location mode is disabled for the device
11-27 19:33:52.520 I/NearbyMediums( 8726): 	at android.os.Parcel.createExceptionOrNull(Parcel.java:3362)
11-27 19:33:52.520 I/NearbyMediums( 8726): 	at android.os.Parcel.createException(Parcel.java:3346)
11-27 19:33:52.520 I/NearbyMediums( 8726): 	at android.os.Parcel.readException(Parcel.java:3329)
11-27 19:33:52.520 I/NearbyMediums( 8726): 	at android.os.Parcel.readException(Parcel.java:3271)
11-27 19:33:52.520 I/NearbyMediums( 8726): Caused by: android.os.RemoteException: Remote stack trace:
11-27 19:33:52.522 I/NearbyMediums( 6328): java.lang.SecurityException: Location mode is disabled for the device
11-27 19:33:52.522 I/NearbyMediums( 6328): 	at android.os.Parcel.createExceptionOrNull(Parcel.java:3362)
11-27 19:33:52.522 I/NearbyMediums( 6328): 	at android.os.Parcel.createException(Parcel.java:3346)
11-27 19:33:52.522 I/NearbyMediums( 6328): 	at android.os.Parcel.readException(Parcel.java:3329)
11-27 19:33:52.522 I/NearbyMediums( 6328): 	at android.os.Parcel.readException(Parcel.java:3271)
11-27 19:33:52.544 E/QCNEJ/NativeAidlConnector( 5920): Failed to parse input for notifyDefaultNetworkChanged: java.lang.IllegalArgumentException: Unknown RatType:17
11-27 19:33:52.569 E/PhoneAdapter( 5949): get ntnphones failed, exception: java.lang.IllegalStateException: not support satellite!
11-27 19:33:52.570 E/PhoneAdapter( 5949): get ntnphones failed, exception: java.lang.IllegalStateException: not support satellite!
11-27 19:33:52.571 D/DnsCacheManager(14596):  Synced latency from SharedPreferences: avgHitLatency=0,000ms, avgMissLatency=4,766ms
11-27 19:33:52.574 D/ConnectivityService( 3688): Setting DNS servers for network 176 to []
11-27 19:33:52.594 W/chromium(10886): [1127/193352.594181:WARNING:net/dns/dns_config_service_android.cc:69] Failed to read DnsConfig.
11-27 19:33:52.594 E/PhoneAdapter( 5949): get ntnphones failed, exception: java.lang.IllegalStateException: not support satellite!
11-27 19:33:52.595 E/PhoneAdapter( 5949): get ntnphones failed, exception: java.lang.IllegalStateException: not support satellite!
11-27 19:33:52.596 W/chromium(11554): [1127/193352.595996:WARNING:net/dns/dns_config_service_android.cc:69] Failed to read DnsConfig.
11-27 19:33:52.596 W/chromium( 1331): [1127/193352.596943:WARNING:net/dns/dns_config_service_android.cc:69] Failed to read DnsConfig.
11-27 19:33:52.598 W/chromium( 8302): [1127/193352.598006:WARNING:net/dns/dns_config_service_android.cc:69] Failed to read DnsConfig.
11-27 19:33:52.598 W/chromium(18318): [1127/193352.598153:WARNING:net/dns/dns_config_service_android.cc:69] Failed to read DnsConfig.
11-27 19:33:52.599 W/chromium(19572): [1127/193352.599134:WARNING:net/dns/dns_config_service_android.cc:69] Failed to read DnsConfig.
11-27 19:33:52.599 W/chromium(25258): [1127/193352.599651:WARNING:net/dns/dns_config_service_android.cc:69] Failed to read DnsConfig.
11-27 19:33:52.602 W/chromium( 6328): [1127/193352.602151:WARNING:net/dns/dns_config_service_android.cc:69] Failed to read DnsConfig.
11-27 19:33:52.604 W/chromium(21167): [1127/193352.604109:WARNING:dns_config_service_android.cc(81)] Failed to read DnsConfig.
11-27 19:33:52.605 W/chromium( 8907): [1127/193352.605048:WARNING:net/dns/dns_config_service_android.cc:69] Failed to read DnsConfig.
11-27 19:33:52.605 W/chromium(18704): [1127/193352.605182:WARNING:net/dns/dns_config_service_android.cc:69] Failed to read DnsConfig.
11-27 19:33:52.605 W/chromium( 8726): [1127/193352.605343:WARNING:net/dns/dns_config_service_android.cc:69] Failed to read DnsConfig.
11-27 19:33:52.609 W/chromium(14596): [1127/193352.609752:WARNING:dns_config_service_android.cc(81)] Failed to read DnsConfig.
11-27 19:33:52.609 W/chromium(25785): [1127/193352.609784:WARNING:net/dns/dns_config_service_android.cc:69] Failed to read DnsConfig.
11-27 19:33:52.610 E/PhoneAdapter( 5949): get ntnphones failed, exception: java.lang.IllegalStateException: not support satellite!
11-27 19:33:52.611 E/PhoneAdapter( 5949): get ntnphones failed, exception: java.lang.IllegalStateException: not support satellite!
11-27 19:33:52.612 W/chromium(13664): [1127/193352.612429:WARNING:dns_config_service_android.cc(81)] Failed to read DnsConfig.
11-27 19:33:52.622 W/Binder  (11041): Caught a RuntimeException from the binder stub implementation.
11-27 19:33:52.622 W/Binder  (11041): java.lang.UnsupportedOperationException
11-27 19:33:52.627 I/DPSImpl ( 3688): boost for touch up, package:com.hyperxray.an
11-27 19:33:52.655 D/ConnectivityService( 3688): Setting DNS servers for network 176 to [/195.175.39.59, /195.175.39.60]
11-27 19:33:52.661 D/ConnectivityService( 3688): Setting DNS servers for network 176 to [/195.175.39.59, /195.175.39.60]
11-27 19:33:52.678 I/DGW     ( 9741): I[notifyStreamGroupError:1764] StreamGroupTransport[notifgateway] notify StreamGroup error: Error Domain=MNSDNSResolver Code=0 UserInfo=0xb4000070a5f23e00 {MCFErrorDirectLocalizedFailureReasonKey=getaddrinfo(): No address associated with hostname}
11-27 19:33:52.727 W/Binder  (11041): Caught a RuntimeException from the binder stub implementation.
11-27 19:33:52.727 W/Binder  (11041): java.lang.UnsupportedOperationException
11-27 19:33:52.728 D/AutoDensity(19815): 	getAccessibilityDpi Exception: android.provider.Settings$SettingNotFoundException: display_density_forced
11-27 19:33:52.731 E/DeviceUtils(19809): getPerf DeviceUtils(): newInstance Exception:java.lang.Exception: getAppContext fail
11-27 19:33:52.731 W/System.err(19809): java.lang.Exception: getAppContext fail
11-27 19:33:52.732 E/DeviceUtils(19809): getMiuiMiddleVersion failed , e:java.lang.NullPointerException: null receiver
11-27 19:33:52.738 D/AutoDensity(19809): 	getAccessibilityDpi Exception: android.provider.Settings$SettingNotFoundException: display_density_forced
11-27 19:33:52.754 E/MiuiNotifUtil( 6013): Error getPackageUid android.content.pm.PackageManager$NameNotFoundException: com.xiaomi.wearable
11-27 19:33:52.892 E/PhoneAdapter( 5949): get ntnphones failed, exception: java.lang.IllegalStateException: not support satellite!
11-27 19:33:52.896 E/PhoneAdapter( 5949): get ntnphones failed, exception: java.lang.IllegalStateException: not support satellite!
11-27 19:33:52.907 E/PhoneAdapter( 5949): get ntnphones failed, exception: java.lang.IllegalStateException: not support satellite!
11-27 19:33:52.908 E/PhoneAdapter( 5949): get ntnphones failed, exception: java.lang.IllegalStateException: not support satellite!
11-27 19:33:52.908 D/NetworkMonitor/176( 5685): PROBE_DNS www.google.com 245ms OK 142.250.187.100
11-27 19:33:52.909 D/NetworkMonitor/176( 5685): PROBE_DNS connectivitycheck.gstatic.com 246ms OK 216.58.212.3
11-27 19:33:52.924 E/DynamicIslandEventCoordinator ERROR( 6013): checkError null null TODO() null
11-27 19:33:52.924 E/DynamicIslandEventCoordinator ERROR( 6013): checkError null null TODO() null
11-27 19:33:52.924 E/DynamicIslandEventCoordinator ERROR( 6013): checkError null null TODO() null
11-27 19:33:52.960 I/DPSImpl ( 3688): boost for touch up failed because of timediff < 1, package:com.hyperxray.an
11-27 19:33:52.973 D/BarFollowAnimation( 3688): pairAppearanceRegionAndWin win=Window{9c7d5e3 u0 com.hyperxray.an/com.hyperxray.an.activity.MainActivity} 0
11-27 19:33:52.973 D/BarFollowAnimation( 3688): isAppTaskBarOnTop win:Window{13f7236 u0 NotificationShade} (mCurrentTopTask:Task{63a2b56 #755 type=standard I=com.hyperxray.an/.activity.MainActivity} : true); (mAssociatedTask:Task{63a2b56 #755 type=standard I=com.hyperxray.an/.activity.MainActivity} : true); (mHomeTask:Task{c7eba92 #1 type=home} : false); mReparentToOriginParent:false mLastAppBarVisible:true mLastHomeBarVisible:false
11-27 19:33:53.008 D/DnsCacheManager(13664):  Synced latency from SharedPreferences: avgHitLatency=0,000ms, avgMissLatency=4,766ms
11-27 19:33:53.072 D/DnsCacheManager(14596):  Synced latency from SharedPreferences: avgHitLatency=0,000ms, avgMissLatency=4,766ms
11-27 19:33:53.124 D/ProfileInstaller(13664): Installing profile for com.hyperxray.an
11-27 19:33:53.191 D/ConnectivityService( 3688): Setting DNS servers for network 176 to [/195.175.39.59, /195.175.39.60]
11-27 19:33:53.295 D/BaseOneTrackImp(19990): OneTrackImp init : Configuration{appId='31*******83', pluginId='null', channel='circulate', international=false, region='null', overrideMiuiRegionSetting=false, mode=APP, GAIDEnable=true, IMSIEnable=true, IMEIEnable=true, ExceptionCatcherEnable=true, instanceId=null}
11-27 19:33:53.298 D/AutoDensity(19990): 	getAccessibilityDpi Exception: android.provider.Settings$SettingNotFoundException: display_density_forced
11-27 19:33:53.302 E/Cir_MDC_MDC(19990): get 'quick_control_all_devices' value android.provider.Settings$SettingNotFoundException: quick_control_all_devices
11-27 19:33:53.302 I/MijiaControl(19990): java.lang.Exception
11-27 19:33:53.303 D/BaseOneTrackImp(19990): OneTrackImp init : Configuration{appId='31*******83', pluginId='null', channel='circulate', international=false, region='null', overrideMiuiRegionSetting=false, mode=APP, GAIDEnable=true, IMSIEnable=true, IMEIEnable=true, ExceptionCatcherEnable=true, instanceId=null}
11-27 19:33:53.303 I/xcrash  (19990): Crashlytics init, version: 1.1.4
11-27 19:33:53.304 D/BaseOneTrackImp(19990): OneTrackImp init : Configuration{appId='31*******86', pluginId='null', channel='circulate', international=false, region='null', overrideMiuiRegionSetting=false, mode=PLUGIN, GAIDEnable=true, IMSIEnable=true, IMEIEnable=true, ExceptionCatcherEnable=false, instanceId=null}
11-27 19:33:53.316 D/CrashAnalysis(19990): xc_trace_signal_init->res: 0
11-27 19:33:53.316 E/Cir_MDC_MDC(19990): get 'quick_control_all_devices' value android.provider.Settings$SettingNotFoundException: quick_control_all_devices
11-27 19:33:53.316 I/MijiaControl(19990): java.lang.Exception
11-27 19:33:53.370 D/RecentsImpl( 5385): onSysUIFlagsChangedchangedFlags=1000000000000000, mLastResumedClassName=com.hyperxray.an.activity.MainActivity, mForegroundPackageName=com.hyperxray.an
11-27 19:33:53.370 W/RecentsImpl( 5385): updateGestureWindowVisibleImpl, className=com.hyperxray.an.activity.MainActivity
