11-30 14:36:41.147 D/JavaheapMonitor( 5219): Java heap used=59M max=512M, proc: com.miui.home
11-30 14:36:41.564 E/PhoneAdapter( 5787): get ntnphones failed, exception: java.lang.IllegalStateException: not support satellite!
11-30 14:36:42.875 D/ConnectivityService( 3500): requestNetwork for uid/pid:10578/16217 activeRequest: null callbackRequest: 2738 [NetworkRequest [ REQUEST id=2739, [ Capabilities: INTERNET&NOT_RESTRICTED&TRUSTED&NOT_VCN_MANAGED&NOT_BANDWIDTH_CONSTRAINED Uid: 10578 RequestorUid: 10578 RequestorPkg: com.hyperxray.an UnderlyingNetworks: Null] ]] callback flags: 0 order: 2147483647 isUidTracked: false declaredMethods: AVAIL|LOST|NC
11-30 14:36:42.880 D/UntrustedWifiNetworkFactory( 3500): got request NetworkRequest [ REQUEST id=2739, [ Capabilities: INTERNET&NOT_RESTRICTED&TRUSTED&NOT_VCN_MANAGED&NOT_BANDWIDTH_CONSTRAINED Uid: 10578 RequestorUid: 10578 RequestorPkg: com.hyperxray.an UnderlyingNetworks: Null] ]
11-30 14:36:42.880 D/OemPaidWifiNetworkFactory( 3500): got request NetworkRequest [ REQUEST id=2739, [ Capabilities: INTERNET&NOT_RESTRICTED&TRUSTED&NOT_VCN_MANAGED&NOT_BANDWIDTH_CONSTRAINED Uid: 10578 RequestorUid: 10578 RequestorPkg: com.hyperxray.an UnderlyingNetworks: Null] ]
11-30 14:36:42.880 D/MultiInternetWifiNetworkFactory( 3500): got request NetworkRequest [ REQUEST id=2739, [ Capabilities: INTERNET&NOT_RESTRICTED&TRUSTED&NOT_VCN_MANAGED&NOT_BANDWIDTH_CONSTRAINED Uid: 10578 RequestorUid: 10578 RequestorPkg: com.hyperxray.an UnderlyingNetworks: Null] ]
11-30 14:36:42.910 I/RealityAdvisor(16217): Written policy to /data/user/0/com.hyperxray.an/files/xray_config/xray_runtime_policy_v5.json
11-30 14:36:42.910 I/RealityAdvisor(16217): Written profile to /data/user/0/com.hyperxray.an/files/xray_config/xray_reality_profile_v5.json
11-30 14:36:42.911 I/WM-WorkerWrapper(16217): Worker result SUCCESS for Work [ id=ac5723e2-fba9-4136-8c68-d3a243be84b0, tags={ com.hyperxray.an.workers.TlsRuntimeWorker } ]
11-30 14:36:43.718 D/ActivityManager( 3500): Logging startService for com.miui.powerkeeper, stopped=false, firstLaunch=false, intent=Intent { act=miui.intent.action.powerkeeper_alarm xflg=0x4 cmp=com.miui.powerkeeper/.PowerKeeperBackgroundService }, r.app=ProcessRecord{e1d8ec1 12733:com.miui.powerkeeper/1000}
11-30 14:36:44.568 E/PhoneAdapter( 5787): get ntnphones failed, exception: java.lang.IllegalStateException: not support satellite!
11-30 14:36:44.734 E/msys    ( 3930): E[N mccw.liger]onConnectError(580)=>connect/error - address: 157.240.9.175, port: 80, ex: folly::AsyncSocketException: AsyncSocketException: connect timed out after 9999ms, type = Timed out
11-30 14:36:44.734 E/msys    ( 3930): E[N WA]_WCCXMPPStreamDisconnectHandler(311)=>xmpp/disconnect - errorcode: 0, domain: MCCWLigerStream: Error Domain=MCCWLigerStream Code=0 UserInfo=0xb400007520a4c6f0 {MCFErrorDirectDescriptionKey=WCIStreamState, MCFErrorDirectLocalizedFailureReasonKey=folly::AsyncSocketException: AsyncSocketException: connect timed out after 9999ms, type = Timed out}
11-30 14:36:44.758 D/MiuiDecorationMoveHelper( 5819): BottomCaption tag = UP, taskId=1497, posY=2633
11-30 14:36:45.739 E/msys    ( 3930): E[N mccw.liger]onConnectError(580)=>connect/error - address: 2a03:2880:f203:e6:face:b00c:0:6e2e, port: 5222, ex: folly::AsyncSocketException: AsyncSocketException: connect failed (immediately), type = Socket not open, errno = 113 (No route to host)
11-30 14:36:45.740 E/msys    ( 3930): E[N mccw.liger]onConnectError(580)=>connect/error - address: 2a03:2880:f203:e6:face:b00c:0:6e2e, port: 443, ex: folly::AsyncSocketException: AsyncSocketException: connect failed (immediately), type = Socket not open, errno = 113 (No route to host)
11-30 14:36:45.744 E/msys    ( 3930): E[N mccw.liger]onConnectError(580)=>connect/error - address: 2a03:2880:f203:e6:face:b00c:0:6e2e, port: 80, ex: folly::AsyncSocketException: AsyncSocketException: connect failed (immediately), type = Socket not open, errno = 113 (No route to host)
11-30 14:36:46.592 W/ActivityManagerServiceImpl( 3500): Sending non-protected broadcast miui.intent.action.CYCLE_CHECK from system uid 1000 pkg android. Callers=com.android.server.am.BroadcastController.checkBroadcastFromSystem:2218 com.android.server.am.BroadcastController.broadcastIntentLockedTraced:1703 com.android.server.am.BroadcastController.broadcastIntentLocked:857 com.android.server.am.BroadcastController.broadcastIntentInPackage:824 com.android.server.am.ActivityManagerService$LocalService.broadcastIntentInPackage:18623 
11-30 14:36:47.458 W/ActivityManager( 3500): Background start not allowed: service Intent { xflg=0x4 cmp=com.zhiliaoapp.musically/com.bytedance.common.wschannel.client.WsClientService } to com.zhiliaoapp.musically/com.bytedance.common.wschannel.client.WsClientService from pid=16256 uid=10334 pkg=com.zhiliaoapp.musically startFg?=false
11-30 14:36:47.462 D/ActivityManager( 3500): Logging bindService for com.zhiliaoapp.musically, stopped=false, firstLaunch=false
11-30 14:36:47.571 E/PhoneAdapter( 5787): get ntnphones failed, exception: java.lang.IllegalStateException: not support satellite!
11-30 14:36:48.025 I/ActivityManager( 3500): unbindService com.android.server.am.ActiveServices@3adfea7 conn=android.os.BinderProxy@2f0a756 callingPid=19509
11-30 14:36:50.034 E/fb4a.GraphServiceQueryExecutor(19260): X.9PN: TigonError(error=TransientError, errorDomain=TigonLigerErrorDomain, domainErrorCode=3, analyticsDetail="AsyncSocketException: connect timed out after 29995ms, type = Timed out"), queryName=ClashUnitQuery
11-30 14:36:50.116 E/fb4a.GraphServiceQueryExecutor(19260): X.9PN: TigonError(error=TransientError, errorDomain=TigonLigerErrorDomain, domainErrorCode=3, analyticsDetail="AsyncSocketException: connect timed out after 29998ms, type = Timed out"), queryName=CrossPostingContentCompatibilityConfigV2
11-30 14:36:50.118 E/fb4a.GraphServiceQueryExecutor(19260): X.9PN: TigonError(error=TransientError, errorDomain=TigonLigerErrorDomain, domainErrorCode=3, analyticsDetail="AsyncSocketException: connect timed out after 29998ms, type = Timed out"), queryName=CrossPostingContentCompatibilityConfigV2
11-30 14:36:50.119 E/fb4a.GraphServiceQueryExecutor(19260): X.9PN: TigonError(error=TransientError, errorDomain=TigonLigerErrorDomain, domainErrorCode=3, analyticsDetail="AsyncSocketException: connect timed out after 29996ms, type = Timed out"), queryName=FBAvatarAssetsConfigQuery
11-30 14:36:50.120 E/fb4a.FBAvatarStatusAppJob(19260): X.9PN: TigonError(error=TransientError, errorDomain=TigonLigerErrorDomain, domainErrorCode=3, analyticsDetail="AsyncSocketException: connect timed out after 29996ms, type = Timed out"), queryName=FBAvatarAssetsConfigQuery
11-30 14:36:50.265 E/fb4a.GraphServiceObserverHolder(19260): TigonError(error=TransientError, errorDomain=TigonLigerErrorDomain, domainErrorCode=3, analyticsDetail="AsyncSocketException: connect timed out after 29997ms, type = Timed out"), queryName=NotesBasicQuery
11-30 14:36:50.330 E/fb4a.GraphServiceQueryExecutor(19260): X.9PN: TigonError(error=TransientError, errorDomain=TigonLigerErrorDomain, domainErrorCode=3, analyticsDetail="AsyncSocketException: connect timed out after 29996ms, type = Timed out"), queryName=FBApplicationShortcutsConfigurationQuery
11-30 14:36:50.336 E/fb4a.GraphServiceQueryExecutor(19260): X.9PN: TigonError(error=TransientError, errorDomain=TigonLigerErrorDomain, domainErrorCode=3, analyticsDetail="AsyncSocketException: connect timed out after 29996ms, type = Timed out"), queryName=USFSettingsCacheQuery
11-30 14:36:50.575 E/PhoneAdapter( 5787): get ntnphones failed, exception: java.lang.IllegalStateException: not support satellite!
11-30 14:36:53.451 W/Tethering( 5472): [BpfCoordinator] WARN Failed to update conntrack entry (proto: 6, src4: /10.202.241.197, srcPort: 58523, dst4: /18.233.190.170, dstPort: 443), msg: 50000000000105010100000000000000020000003400018014000180080001000ACAF1C50800020012E9BEAA1C000280050001000600000006000200E49B00000600030001BB00000800070000069780, e: android.system.ErrnoException: NetlinkErrorMessage{ nlmsghdr{StructNlMsgHdr{ nlmsg_len{100}, nlmsg_type{2()}, nlmsg_flags{0()}, nlmsg_seq{1}, nlmsg_pid{-1731698174} }}, nlmsgerr{StructNlMsgErr{ error{-2}, msg{StructNlMsgHdr{ nlmsg_len{80}, nlmsg_type{256()}, nlmsg_flags{261(NLM_F_REQUEST|NLM_F_ACK|NLM_F_ROOT)}, nlmsg_seq{1}, nlmsg_pid{0} }} }} } failed: ENOENT (No such file or directory)
11-30 14:36:53.456 W/Tethering( 5472): [BpfCoordinator] WARN Failed to update conntrack entry (proto: 6, src4: /10.202.241.197, srcPort: 54184, dst4: /52.21.99.212, dstPort: 443), msg: 50000000000105010100000000000000020000003400018014000180080001000ACAF1C508000200341563D41C000280050001000600000006000200D3A800000600030001BB00000800070000069780, e: android.system.ErrnoException: NetlinkErrorMessage{ nlmsghdr{StructNlMsgHdr{ nlmsg_len{100}, nlmsg_type{2()}, nlmsg_flags{0()}, nlmsg_seq{1}, nlmsg_pid{-1448299980} }}, nlmsgerr{StructNlMsgErr{ error{-2}, msg{StructNlMsgHdr{ nlmsg_len{80}, nlmsg_type{256()}, nlmsg_flags{261(NLM_F_REQUEST|NLM_F_ACK|NLM_F_ROOT)}, nlmsg_seq{1}, nlmsg_pid{0} }} }} } failed: ENOENT (No such file or directory)
11-30 14:36:53.459 W/Tethering( 5472): [BpfCoordinator] WARN Failed to update conntrack entry (proto: 6, src4: /10.202.241.197, srcPort: 58528, dst4: /18.233.190.170, dstPort: 443), msg: 50000000000105010100000000000000020000003400018014000180080001000ACAF1C50800020012E9BEAA1C000280050001000600000006000200E4A000000600030001BB00000800070000069780, e: android.system.ErrnoException: NetlinkErrorMessage{ nlmsghdr{StructNlMsgHdr{ nlmsg_len{100}, nlmsg_type{2()}, nlmsg_flags{0()}, nlmsg_seq{1}, nlmsg_pid{-1697906945} }}, nlmsgerr{StructNlMsgErr{ error{-2}, msg{StructNlMsgHdr{ nlmsg_len{80}, nlmsg_type{256()}, nlmsg_flags{261(NLM_F_REQUEST|NLM_F_ACK|NLM_F_ROOT)}, nlmsg_seq{1}, nlmsg_pid{0} }} }} } failed: ENOENT (No such file or directory)
11-30 14:36:53.464 W/Tethering( 5472): [BpfCoordinator] WARN Failed to update conntrack entry (proto: 6, src4: /10.202.241.197, srcPort: 58522, dst4: /18.233.190.170, dstPort: 443), msg: 50000000000105010100000000000000020000003400018014000180080001000ACAF1C50800020012E9BEAA1C000280050001000600000006000200E49A00000600030001BB00000800070000069780, e: android.system.ErrnoException: NetlinkErrorMessage{ nlmsghdr{StructNlMsgHdr{ nlmsg_len{100}, nlmsg_type{2()}, nlmsg_flags{0()}, nlmsg_seq{1}, nlmsg_pid{-1547104248} }}, nlmsgerr{StructNlMsgErr{ error{-2}, msg{StructNlMsgHdr{ nlmsg_len{80}, nlmsg_type{256()}, nlmsg_flags{261(NLM_F_REQUEST|NLM_F_ACK|NLM_F_ROOT)}, nlmsg_seq{1}, nlmsg_pid{0} }} }} } failed: ENOENT (No such file or directory)
11-30 14:36:53.470 W/Tethering( 5472): [BpfCoordinator] WARN Failed to update conntrack entry (proto: 6, src4: /10.202.241.197, srcPort: 58531, dst4: /52.21.99.212, dstPort: 443), msg: 50000000000105010100000000000000020000003400018014000180080001000ACAF1C508000200341563D41C000280050001000600000006000200E4A300000600030001BB00000800070000069780, e: android.system.ErrnoException: NetlinkErrorMessage{ nlmsghdr{StructNlMsgHdr{ nlmsg_len{100}, nlmsg_type{2()}, nlmsg_flags{0()}, nlmsg_seq{1}, nlmsg_pid{-927425119} }}, nlmsgerr{StructNlMsgErr{ error{-2}, msg{StructNlMsgHdr{ nlmsg_len{80}, nlmsg_type{256()}, nlmsg_flags{261(NLM_F_REQUEST|NLM_F_ACK|NLM_F_ROOT)}, nlmsg_seq{1}, nlmsg_pid{0} }} }} } failed: ENOENT (No such file or directory)
11-30 14:36:53.472 W/Tethering( 5472): [BpfCoordinator] WARN Failed to update conntrack entry (proto: 6, src4: /10.202.241.197, srcPort: 58535, dst4: /52.21.99.212, dstPort: 443), msg: 50000000000105010100000000000000020000003400018014000180080001000ACAF1C508000200341563D41C000280050001000600000006000200E4A700000600030001BB00000800070000069780, e: android.system.ErrnoException: NetlinkErrorMessage{ nlmsghdr{StructNlMsgHdr{ nlmsg_len{100}, nlmsg_type{2()}, nlmsg_flags{0()}, nlmsg_seq{1}, nlmsg_pid{-265946812} }}, nlmsgerr{StructNlMsgErr{ error{-2}, msg{StructNlMsgHdr{ nlmsg_len{80}, nlmsg_type{256()}, nlmsg_flags{261(NLM_F_REQUEST|NLM_F_ACK|NLM_F_ROOT)}, nlmsg_seq{1}, nlmsg_pid{0} }} }} } failed: ENOENT (No such file or directory)
11-30 14:36:53.474 W/Tethering( 5472): [BpfCoordinator] WARN Failed to update conntrack entry (proto: 6, src4: /10.202.241.197, srcPort: 58525, dst4: /18.233.190.170, dstPort: 443), msg: 50000000000105010100000000000000020000003400018014000180080001000ACAF1C50800020012E9BEAA1C000280050001000600000006000200E49D00000600030001BB00000800070000069780, e: android.system.ErrnoException: NetlinkErrorMessage{ nlmsghdr{StructNlMsgHdr{ nlmsg_len{100}, nlmsg_type{2()}, nlmsg_flags{0()}, nlmsg_seq{1}, nlmsg_pid{-399400521} }}, nlmsgerr{StructNlMsgErr{ error{-2}, msg{StructNlMsgHdr{ nlmsg_len{80}, nlmsg_type{256()}, nlmsg_flags{261(NLM_F_REQUEST|NLM_F_ACK|NLM_F_ROOT)}, nlmsg_seq{1}, nlmsg_pid{0} }} }} } failed: ENOENT (No such file or directory)
11-30 14:36:53.476 W/Tethering( 5472): [BpfCoordinator] WARN Failed to update conntrack entry (proto: 6, src4: /10.202.241.197, srcPort: 58520, dst4: /18.233.190.170, dstPort: 443), msg: 50000000000105010100000000000000020000003400018014000180080001000ACAF1C50800020012E9BEAA1C000280050001000600000006000200E49800000600030001BB00000800070000069780, e: android.system.ErrnoException: NetlinkErrorMessage{ nlmsghdr{StructNlMsgHdr{ nlmsg_len{100}, nlmsg_type{2()}, nlmsg_flags{0()}, nlmsg_seq{1}, nlmsg_pid{-499553680} }}, nlmsgerr{StructNlMsgErr{ error{-2}, msg{StructNlMsgHdr{ nlmsg_len{80}, nlmsg_type{256()}, nlmsg_flags{261(NLM_F_REQUEST|NLM_F_ACK|NLM_F_ROOT)}, nlmsg_seq{1}, nlmsg_pid{0} }} }} } failed: ENOENT (No such file or directory)
11-30 14:36:53.493 W/Tethering( 5472): [BpfCoordinator] WARN Failed to update conntrack entry (proto: 6, src4: /10.202.241.197, srcPort: 58530, dst4: /52.21.99.212, dstPort: 443), msg: 50000000000105010100000000000000020000003400018014000180080001000ACAF1C508000200341563D41C000280050001000600000006000200E4A200000600030001BB00000800070000069780, e: android.system.ErrnoException: NetlinkErrorMessage{ nlmsghdr{StructNlMsgHdr{ nlmsg_len{100}, nlmsg_type{2()}, nlmsg_flags{0()}, nlmsg_seq{1}, nlmsg_pid{-1162665916} }}, nlmsgerr{StructNlMsgErr{ error{-2}, msg{StructNlMsgHdr{ nlmsg_len{80}, nlmsg_type{256()}, nlmsg_flags{261(NLM_F_REQUEST|NLM_F_ACK|NLM_F_ROOT)}, nlmsg_seq{1}, nlmsg_pid{0} }} }} } failed: ENOENT (No such file or directory)
11-30 14:36:53.499 W/Tethering( 5472): [BpfCoordinator] WARN Failed to update conntrack entry (proto: 6, src4: /10.202.241.197, srcPort: 58488, dst4: /3.210.25.215, dstPort: 443), msg: 50000000000105010100000000000000020000003400018014000180080001000ACAF1C50800020003D219D71C000280050001000600000006000200E47800000600030001BB00000800070000069780, e: android.system.ErrnoException: NetlinkErrorMessage{ nlmsghdr{StructNlMsgHdr{ nlmsg_len{100}, nlmsg_type{2()}, nlmsg_flags{0()}, nlmsg_seq{1}, nlmsg_pid{-1463911746} }}, nlmsgerr{StructNlMsgErr{ error{-2}, msg{StructNlMsgHdr{ nlmsg_len{80}, nlmsg_type{256()}, nlmsg_flags{261(NLM_F_REQUEST|NLM_F_ACK|NLM_F_ROOT)}, nlmsg_seq{1}, nlmsg_pid{0} }} }} } failed: ENOENT (No such file or directory)
11-30 14:36:53.504 W/Tethering( 5472): [BpfCoordinator] WARN Failed to update conntrack entry (proto: 6, src4: /10.202.241.197, srcPort: 58527, dst4: /18.233.190.170, dstPort: 443), msg: 50000000000105010100000000000000020000003400018014000180080001000ACAF1C50800020012E9BEAA1C000280050001000600000006000200E49F00000600030001BB00000800070000069780, e: android.system.ErrnoException: NetlinkErrorMessage{ nlmsghdr{StructNlMsgHdr{ nlmsg_len{100}, nlmsg_type{2()}, nlmsg_flags{0()}, nlmsg_seq{1}, nlmsg_pid{-642501783} }}, nlmsgerr{StructNlMsgErr{ error{-2}, msg{StructNlMsgHdr{ nlmsg_len{80}, nlmsg_type{256()}, nlmsg_flags{261(NLM_F_REQUEST|NLM_F_ACK|NLM_F_ROOT)}, nlmsg_seq{1}, nlmsg_pid{0} }} }} } failed: ENOENT (No such file or directory)
11-30 14:36:53.507 W/Tethering( 5472): [BpfCoordinator] WARN Failed to update conntrack entry (proto: 6, src4: /10.202.241.197, srcPort: 58521, dst4: /18.233.190.170, dstPort: 443), msg: 50000000000105010100000000000000020000003400018014000180080001000ACAF1C50800020012E9BEAA1C000280050001000600000006000200E49900000600030001BB00000800070000069780, e: android.system.ErrnoException: NetlinkErrorMessage{ nlmsghdr{StructNlMsgHdr{ nlmsg_len{100}, nlmsg_type{2()}, nlmsg_flags{0()}, nlmsg_seq{1}, nlmsg_pid{-1448764945} }}, nlmsgerr{StructNlMsgErr{ error{-2}, msg{StructNlMsgHdr{ nlmsg_len{80}, nlmsg_type{256()}, nlmsg_flags{261(NLM_F_REQUEST|NLM_F_ACK|NLM_F_ROOT)}, nlmsg_seq{1}, nlmsg_pid{0} }} }} } failed: ENOENT (No such file or directory)
11-30 14:36:53.510 W/Tethering( 5472): [BpfCoordinator] WARN Failed to update conntrack entry (proto: 6, src4: /10.202.241.197, srcPort: 58524, dst4: /18.233.190.170, dstPort: 443), msg: 50000000000105010100000000000000020000003400018014000180080001000ACAF1C50800020012E9BEAA1C000280050001000600000006000200E49C00000600030001BB00000800070000069780, e: android.system.ErrnoException: NetlinkErrorMessage{ nlmsghdr{StructNlMsgHdr{ nlmsg_len{100}, nlmsg_type{2()}, nlmsg_flags{0()}, nlmsg_seq{1}, nlmsg_pid{-1140869520} }}, nlmsgerr{StructNlMsgErr{ error{-2}, msg{StructNlMsgHdr{ nlmsg_len{80}, nlmsg_type{256()}, nlmsg_flags{261(NLM_F_REQUEST|NLM_F_ACK|NLM_F_ROOT)}, nlmsg_seq{1}, nlmsg_pid{0} }} }} } failed: ENOENT (No such file or directory)
11-30 14:36:53.528 W/Tethering( 5472): [BpfCoordinator] WARN Failed to update conntrack entry (proto: 6, src4: /10.202.241.197, srcPort: 58425, dst4: /150.171.27.11, dstPort: 443), msg: 50000000000105010100000000000000020000003400018014000180080001000ACAF1C50800020096AB1B0B1C000280050001000600000006000200E43900000600030001BB00000800070000069780, e: android.system.ErrnoException: NetlinkErrorMessage{ nlmsghdr{StructNlMsgHdr{ nlmsg_len{100}, nlmsg_type{2()}, nlmsg_flags{0()}, nlmsg_seq{1}, nlmsg_pid{-1510319973} }}, nlmsgerr{StructNlMsgErr{ error{-2}, msg{StructNlMsgHdr{ nlmsg_len{80}, nlmsg_type{256()}, nlmsg_flags{261(NLM_F_REQUEST|NLM_F_ACK|NLM_F_ROOT)}, nlmsg_seq{1}, nlmsg_pid{0} }} }} } failed: ENOENT (No such file or directory)
11-30 14:36:53.533 W/Tethering( 5472): [BpfCoordinator] WARN Failed to update conntrack entry (proto: 6, src4: /10.202.241.197, srcPort: 58526, dst4: /18.233.190.170, dstPort: 443), msg: 50000000000105010100000000000000020000003400018014000180080001000ACAF1C50800020012E9BEAA1C000280050001000600000006000200E49E00000600030001BB00000800070000069780, e: android.system.ErrnoException: NetlinkErrorMessage{ nlmsghdr{StructNlMsgHdr{ nlmsg_len{100}, nlmsg_type{2()}, nlmsg_flags{0()}, nlmsg_seq{1}, nlmsg_pid{-121951624} }}, nlmsgerr{StructNlMsgErr{ error{-2}, msg{StructNlMsgHdr{ nlmsg_len{80}, nlmsg_type{256()}, nlmsg_flags{261(NLM_F_REQUEST|NLM_F_ACK|NLM_F_ROOT)}, nlmsg_seq{1}, nlmsg_pid{0} }} }} } failed: ENOENT (No such file or directory)
11-30 14:36:53.534 W/Tethering( 5472): [BpfCoordinator] WARN Failed to update conntrack entry (proto: 6, src4: /10.202.241.197, srcPort: 58529, dst4: /18.233.190.170, dstPort: 443), msg: 50000000000105010100000000000000020000003400018014000180080001000ACAF1C50800020012E9BEAA1C000280050001000600000006000200E4A100000600030001BB00000800070000069780, e: android.system.ErrnoException: NetlinkErrorMessage{ nlmsghdr{StructNlMsgHdr{ nlmsg_len{100}, nlmsg_type{2()}, nlmsg_flags{0()}, nlmsg_seq{1}, nlmsg_pid{-2038623307} }}, nlmsgerr{StructNlMsgErr{ error{-2}, msg{StructNlMsgHdr{ nlmsg_len{80}, nlmsg_type{256()}, nlmsg_flags{261(NLM_F_REQUEST|NLM_F_ACK|NLM_F_ROOT)}, nlmsg_seq{1}, nlmsg_pid{0} }} }} } failed: ENOENT (No such file or directory)
11-30 14:36:53.536 W/Tethering( 5472): [BpfCoordinator] WARN Failed to update conntrack entry (proto: 6, src4: /10.202.241.197, srcPort: 58530, dst4: /52.21.99.212, dstPort: 443), msg: 50000000000105010100000000000000020000003400018014000180080001000ACAF1C508000200341563D41C000280050001000600000006000200E4A200000600030001BB00000800070000069780, e: android.system.ErrnoException: NetlinkErrorMessage{ nlmsghdr{StructNlMsgHdr{ nlmsg_len{100}, nlmsg_type{2()}, nlmsg_flags{0()}, nlmsg_seq{1}, nlmsg_pid{-1444049289} }}, nlmsgerr{StructNlMsgErr{ error{-2}, msg{StructNlMsgHdr{ nlmsg_len{80}, nlmsg_type{256()}, nlmsg_flags{261(NLM_F_REQUEST|NLM_F_ACK|NLM_F_ROOT)}, nlmsg_seq{1}, nlmsg_pid{0} }} }} } failed: ENOENT (No such file or directory)
11-30 14:36:53.540 W/Tethering( 5472): [BpfCoordinator] WARN Failed to update conntrack entry (proto: 6, src4: /10.202.241.197, srcPort: 58526, dst4: /18.233.190.170, dstPort: 443), msg: 50000000000105010100000000000000020000003400018014000180080001000ACAF1C50800020012E9BEAA1C000280050001000600000006000200E49E00000600030001BB00000800070000069780, e: android.system.ErrnoException: NetlinkErrorMessage{ nlmsghdr{StructNlMsgHdr{ nlmsg_len{100}, nlmsg_type{2()}, nlmsg_flags{0()}, nlmsg_seq{1}, nlmsg_pid{-1322694066} }}, nlmsgerr{StructNlMsgErr{ error{-2}, msg{StructNlMsgHdr{ nlmsg_len{80}, nlmsg_type{256()}, nlmsg_flags{261(NLM_F_REQUEST|NLM_F_ACK|NLM_F_ROOT)}, nlmsg_seq{1}, nlmsg_pid{0} }} }} } failed: ENOENT (No such file or directory)
11-30 14:36:53.550 W/Tethering( 5472): [BpfCoordinator] WARN Failed to update conntrack entry (proto: 6, src4: /10.202.241.197, srcPort: 58425, dst4: /150.171.27.11, dstPort: 443), msg: 50000000000105010100000000000000020000003400018014000180080001000ACAF1C50800020096AB1B0B1C000280050001000600000006000200E43900000600030001BB00000800070000069780, e: android.system.ErrnoException: NetlinkErrorMessage{ nlmsghdr{StructNlMsgHdr{ nlmsg_len{100}, nlmsg_type{2()}, nlmsg_flags{0()}, nlmsg_seq{1}, nlmsg_pid{-214963541} }}, nlmsgerr{StructNlMsgErr{ error{-2}, msg{StructNlMsgHdr{ nlmsg_len{80}, nlmsg_type{256()}, nlmsg_flags{261(NLM_F_REQUEST|NLM_F_ACK|NLM_F_ROOT)}, nlmsg_seq{1}, nlmsg_pid{0} }} }} } failed: ENOENT (No such file or directory)
11-30 14:36:53.560 W/Tethering( 5472): [BpfCoordinator] WARN Failed to update conntrack entry (proto: 6, src4: /10.202.241.197, srcPort: 58535, dst4: /52.21.99.212, dstPort: 443), msg: 50000000000105010100000000000000020000003400018014000180080001000ACAF1C508000200341563D41C000280050001000600000006000200E4A700000600030001BB00000800070000069780, e: android.system.ErrnoException: NetlinkErrorMessage{ nlmsghdr{StructNlMsgHdr{ nlmsg_len{100}, nlmsg_type{2()}, nlmsg_flags{0()}, nlmsg_seq{1}, nlmsg_pid{-1639616718} }}, nlmsgerr{StructNlMsgErr{ error{-2}, msg{StructNlMsgHdr{ nlmsg_len{80}, nlmsg_type{256()}, nlmsg_flags{261(NLM_F_REQUEST|NLM_F_ACK|NLM_F_ROOT)}, nlmsg_seq{1}, nlmsg_pid{0} }} }} } failed: ENOENT (No such file or directory)
11-30 14:36:53.561 W/Tethering( 5472): [BpfCoordinator] WARN Failed to update conntrack entry (proto: 6, src4: /10.202.241.197, srcPort: 58529, dst4: /18.233.190.170, dstPort: 443), msg: 50000000000105010100000000000000020000003400018014000180080001000ACAF1C50800020012E9BEAA1C000280050001000600000006000200E4A100000600030001BB00000800070000069780, e: android.system.ErrnoException: NetlinkErrorMessage{ nlmsghdr{StructNlMsgHdr{ nlmsg_len{100}, nlmsg_type{2()}, nlmsg_flags{0()}, nlmsg_seq{1}, nlmsg_pid{-974092401} }}, nlmsgerr{StructNlMsgErr{ error{-2}, msg{StructNlMsgHdr{ nlmsg_len{80}, nlmsg_type{256()}, nlmsg_flags{261(NLM_F_REQUEST|NLM_F_ACK|NLM_F_ROOT)}, nlmsg_seq{1}, nlmsg_pid{0} }} }} } failed: ENOENT (No such file or directory)
11-30 14:36:53.568 W/Tethering( 5472): [BpfCoordinator] WARN Failed to update conntrack entry (proto: 6, src4: /10.202.241.197, srcPort: 54184, dst4: /52.21.99.212, dstPort: 443), msg: 50000000000105010100000000000000020000003400018014000180080001000ACAF1C508000200341563D41C000280050001000600000006000200D3A800000600030001BB00000800070000069780, e: android.system.ErrnoException: NetlinkErrorMessage{ nlmsghdr{StructNlMsgHdr{ nlmsg_len{100}, nlmsg_type{2()}, nlmsg_flags{0()}, nlmsg_seq{1}, nlmsg_pid{-858515166} }}, nlmsgerr{StructNlMsgErr{ error{-2}, msg{StructNlMsgHdr{ nlmsg_len{80}, nlmsg_type{256()}, nlmsg_flags{261(NLM_F_REQUEST|NLM_F_ACK|NLM_F_ROOT)}, nlmsg_seq{1}, nlmsg_pid{0} }} }} } failed: ENOENT (No such file or directory)
11-30 14:36:53.571 W/Tethering( 5472): [BpfCoordinator] WARN Failed to update conntrack entry (proto: 6, src4: /10.202.241.197, srcPort: 58525, dst4: /18.233.190.170, dstPort: 443), msg: 50000000000105010100000000000000020000003400018014000180080001000ACAF1C50800020012E9BEAA1C000280050001000600000006000200E49D00000600030001BB00000800070000069780, e: android.system.ErrnoException: NetlinkErrorMessage{ nlmsghdr{StructNlMsgHdr{ nlmsg_len{100}, nlmsg_type{2()}, nlmsg_flags{0()}, nlmsg_seq{1}, nlmsg_pid{-1397088774} }}, nlmsgerr{StructNlMsgErr{ error{-2}, msg{StructNlMsgHdr{ nlmsg_len{80}, nlmsg_type{256()}, nlmsg_flags{261(NLM_F_REQUEST|NLM_F_ACK|NLM_F_ROOT)}, nlmsg_seq{1}, nlmsg_pid{0} }} }} } failed: ENOENT (No such file or directory)
11-30 14:36:53.576 W/Tethering( 5472): [BpfCoordinator] WARN Failed to update conntrack entry (proto: 6, src4: /10.202.241.197, srcPort: 58528, dst4: /18.233.190.170, dstPort: 443), msg: 50000000000105010100000000000000020000003400018014000180080001000ACAF1C50800020012E9BEAA1C000280050001000600000006000200E4A000000600030001BB00000800070000069780, e: android.system.ErrnoException: NetlinkErrorMessage{ nlmsghdr{StructNlMsgHdr{ nlmsg_len{100}, nlmsg_type{2()}, nlmsg_flags{0()}, nlmsg_seq{1}, nlmsg_pid{-2012543513} }}, nlmsgerr{StructNlMsgErr{ error{-2}, msg{StructNlMsgHdr{ nlmsg_len{80}, nlmsg_type{256()}, nlmsg_flags{261(NLM_F_REQUEST|NLM_F_ACK|NLM_F_ROOT)}, nlmsg_seq{1}, nlmsg_pid{0} }} }} } failed: ENOENT (No such file or directory)
11-30 14:36:53.577 W/Tethering( 5472): [BpfCoordinator] WARN Failed to update conntrack entry (proto: 6, src4: /10.202.241.197, srcPort: 58531, dst4: /52.21.99.212, dstPort: 443), msg: 50000000000105010100000000000000020000003400018014000180080001000ACAF1C508000200341563D41C000280050001000600000006000200E4A300000600030001BB00000800070000069780, e: android.system.ErrnoException: NetlinkErrorMessage{ nlmsghdr{StructNlMsgHdr{ nlmsg_len{100}, nlmsg_type{2()}, nlmsg_flags{0()}, nlmsg_seq{1}, nlmsg_pid{-1313197772} }}, nlmsgerr{StructNlMsgErr{ error{-2}, msg{StructNlMsgHdr{ nlmsg_len{80}, nlmsg_type{256()}, nlmsg_flags{261(NLM_F_REQUEST|NLM_F_ACK|NLM_F_ROOT)}, nlmsg_seq{1}, nlmsg_pid{0} }} }} } failed: ENOENT (No such file or directory)
11-30 14:36:53.578 W/Tethering( 5472): [BpfCoordinator] WARN Failed to update conntrack entry (proto: 6, src4: /10.202.241.197, srcPort: 58522, dst4: /18.233.190.170, dstPort: 443), msg: 50000000000105010100000000000000020000003400018014000180080001000ACAF1C50800020012E9BEAA1C000280050001000600000006000200E49A00000600030001BB00000800070000069780, e: android.system.ErrnoException: NetlinkErrorMessage{ nlmsghdr{StructNlMsgHdr{ nlmsg_len{100}, nlmsg_type{2()}, nlmsg_flags{0()}, nlmsg_seq{1}, nlmsg_pid{-1129002652} }}, nlmsgerr{StructNlMsgErr{ error{-2}, msg{StructNlMsgHdr{ nlmsg_len{80}, nlmsg_type{256()}, nlmsg_flags{261(NLM_F_REQUEST|NLM_F_ACK|NLM_F_ROOT)}, nlmsg_seq{1}, nlmsg_pid{0} }} }} } failed: ENOENT (No such file or directory)
11-30 14:36:53.579 W/Tethering( 5472): [BpfCoordinator] WARN Failed to update conntrack entry (proto: 6, src4: /10.202.241.197, srcPort: 58520, dst4: /18.233.190.170, dstPort: 443), msg: 50000000000105010100000000000000020000003400018014000180080001000ACAF1C50800020012E9BEAA1C000280050001000600000006000200E49800000600030001BB00000800070000069780, e: android.system.ErrnoException: NetlinkErrorMessage{ nlmsghdr{StructNlMsgHdr{ nlmsg_len{100}, nlmsg_type{2()}, nlmsg_flags{0()}, nlmsg_seq{1}, nlmsg_pid{-1996952653} }}, nlmsgerr{StructNlMsgErr{ error{-2}, msg{StructNlMsgHdr{ nlmsg_len{80}, nlmsg_type{256()}, nlmsg_flags{261(NLM_F_REQUEST|NLM_F_ACK|NLM_F_ROOT)}, nlmsg_seq{1}, nlmsg_pid{0} }} }} } failed: ENOENT (No such file or directory)
11-30 14:36:53.580 E/PhoneAdapter( 5787): get ntnphones failed, exception: java.lang.IllegalStateException: not support satellite!
11-30 14:36:53.588 W/Tethering( 5472): [BpfCoordinator] WARN Failed to update conntrack entry (proto: 6, src4: /10.202.241.197, srcPort: 58527, dst4: /18.233.190.170, dstPort: 443), msg: 50000000000105010100000000000000020000003400018014000180080001000ACAF1C50800020012E9BEAA1C000280050001000600000006000200E49F00000600030001BB00000800070000069780, e: android.system.ErrnoException: NetlinkErrorMessage{ nlmsghdr{StructNlMsgHdr{ nlmsg_len{100}, nlmsg_type{2()}, nlmsg_flags{0()}, nlmsg_seq{1}, nlmsg_pid{-1562339157} }}, nlmsgerr{StructNlMsgErr{ error{-2}, msg{StructNlMsgHdr{ nlmsg_len{80}, nlmsg_type{256()}, nlmsg_flags{261(NLM_F_REQUEST|NLM_F_ACK|NLM_F_ROOT)}, nlmsg_seq{1}, nlmsg_pid{0} }} }} } failed: ENOENT (No such file or directory)
11-30 14:36:53.594 W/Tethering( 5472): [BpfCoordinator] WARN Failed to update conntrack entry (proto: 6, src4: /10.202.241.197, srcPort: 58524, dst4: /18.233.190.170, dstPort: 443), msg: 50000000000105010100000000000000020000003400018014000180080001000ACAF1C50800020012E9BEAA1C000280050001000600000006000200E49C00000600030001BB00000800070000069780, e: android.system.ErrnoException: NetlinkErrorMessage{ nlmsghdr{StructNlMsgHdr{ nlmsg_len{100}, nlmsg_type{2()}, nlmsg_flags{0()}, nlmsg_seq{1}, nlmsg_pid{-212715691} }}, nlmsgerr{StructNlMsgErr{ error{-2}, msg{StructNlMsgHdr{ nlmsg_len{80}, nlmsg_type{256()}, nlmsg_flags{261(NLM_F_REQUEST|NLM_F_ACK|NLM_F_ROOT)}, nlmsg_seq{1}, nlmsg_pid{0} }} }} } failed: ENOENT (No such file or directory)
11-30 14:36:53.600 W/Tethering( 5472): [BpfCoordinator] WARN Failed to update conntrack entry (proto: 6, src4: /10.202.241.197, srcPort: 58521, dst4: /18.233.190.170, dstPort: 443), msg: 50000000000105010100000000000000020000003400018014000180080001000ACAF1C50800020012E9BEAA1C000280050001000600000006000200E49900000600030001BB00000800070000069780, e: android.system.ErrnoException: NetlinkErrorMessage{ nlmsghdr{StructNlMsgHdr{ nlmsg_len{100}, nlmsg_type{2()}, nlmsg_flags{0()}, nlmsg_seq{1}, nlmsg_pid{-242388472} }}, nlmsgerr{StructNlMsgErr{ error{-2}, msg{StructNlMsgHdr{ nlmsg_len{80}, nlmsg_type{256()}, nlmsg_flags{261(NLM_F_REQUEST|NLM_F_ACK|NLM_F_ROOT)}, nlmsg_seq{1}, nlmsg_pid{0} }} }} } failed: ENOENT (No such file or directory)
11-30 14:36:53.605 W/Tethering( 5472): [BpfCoordinator] WARN Failed to update conntrack entry (proto: 6, src4: /10.202.241.197, srcPort: 58488, dst4: /3.210.25.215, dstPort: 443), msg: 50000000000105010100000000000000020000003400018014000180080001000ACAF1C50800020003D219D71C000280050001000600000006000200E47800000600030001BB00000800070000069780, e: android.system.ErrnoException: NetlinkErrorMessage{ nlmsghdr{StructNlMsgHdr{ nlmsg_len{100}, nlmsg_type{2()}, nlmsg_flags{0()}, nlmsg_seq{1}, nlmsg_pid{-18220505} }}, nlmsgerr{StructNlMsgErr{ error{-2}, msg{StructNlMsgHdr{ nlmsg_len{80}, nlmsg_type{256()}, nlmsg_flags{261(NLM_F_REQUEST|NLM_F_ACK|NLM_F_ROOT)}, nlmsg_seq{1}, nlmsg_pid{0} }} }} } failed: ENOENT (No such file or directory)
11-30 14:36:53.608 W/Tethering( 5472): [BpfCoordinator] WARN Failed to update conntrack entry (proto: 6, src4: /10.202.241.197, srcPort: 58523, dst4: /18.233.190.170, dstPort: 443), msg: 50000000000105010100000000000000020000003400018014000180080001000ACAF1C50800020012E9BEAA1C000280050001000600000006000200E49B00000600030001BB00000800070000069780, e: android.system.ErrnoException: NetlinkErrorMessage{ nlmsghdr{StructNlMsgHdr{ nlmsg_len{100}, nlmsg_type{2()}, nlmsg_flags{0()}, nlmsg_seq{1}, nlmsg_pid{-252389292} }}, nlmsgerr{StructNlMsgErr{ error{-2}, msg{StructNlMsgHdr{ nlmsg_len{80}, nlmsg_type{256()}, nlmsg_flags{261(NLM_F_REQUEST|NLM_F_ACK|NLM_F_ROOT)}, nlmsg_seq{1}, nlmsg_pid{0} }} }} } failed: ENOENT (No such file or directory)
11-30 14:36:55.751 E/msys    ( 3930): E[N mccw.liger]onConnectError(580)=>connect/error - address: 157.240.14.175, port: 5222, ex: folly::AsyncSocketException: AsyncSocketException: connect timed out after 10000ms, type = Timed out
11-30 14:36:55.997 E/msys    ( 3930): E[N mccw.liger]onConnectError(580)=>connect/error - address: 157.240.14.175, port: 443, ex: folly::AsyncSocketException: AsyncSocketException: connect timed out after 9999ms, type = Timed out
11-30 14:36:56.003 E/msys    ( 3930): E[N mccw.liger]onConnectError(580)=>connect/error - address: 2a03:2880:f22c:e6:face:b00c:0:6e2e, port: 5222, ex: folly::AsyncSocketException: AsyncSocketException: connect failed (immediately), type = Socket not open, errno = 113 (No route to host)
11-30 14:36:56.113 D/ActivityManager( 3500): Logging bindService for com.google.android.gms, stopped=false, firstLaunch=false
11-30 14:36:56.117 W/Binder  (17824): Caught a RuntimeException from the binder stub implementation.
11-30 14:36:56.117 W/Binder  (17824): java.lang.UnsupportedOperationException
11-30 14:36:56.583 E/PhoneAdapter( 5787): get ntnphones failed, exception: java.lang.IllegalStateException: not support satellite!
11-30 14:36:57.083 D/ConnectivityService( 3500): requestNetwork for uid/pid:10578/16217 activeRequest: null callbackRequest: 2740 [NetworkRequest [ REQUEST id=2741, [ Capabilities: INTERNET&NOT_RESTRICTED&TRUSTED&NOT_VCN_MANAGED&NOT_BANDWIDTH_CONSTRAINED Uid: 10578 RequestorUid: 10578 RequestorPkg: com.hyperxray.an UnderlyingNetworks: Null] ]] callback flags: 0 order: 2147483647 isUidTracked: false declaredMethods: AVAIL|LOST|NC
11-30 14:36:57.086 D/UntrustedWifiNetworkFactory( 3500): got request NetworkRequest [ REQUEST id=2741, [ Capabilities: INTERNET&NOT_RESTRICTED&TRUSTED&NOT_VCN_MANAGED&NOT_BANDWIDTH_CONSTRAINED Uid: 10578 RequestorUid: 10578 RequestorPkg: com.hyperxray.an UnderlyingNetworks: Null] ]
11-30 14:36:57.087 D/OemPaidWifiNetworkFactory( 3500): got request NetworkRequest [ REQUEST id=2741, [ Capabilities: INTERNET&NOT_RESTRICTED&TRUSTED&NOT_VCN_MANAGED&NOT_BANDWIDTH_CONSTRAINED Uid: 10578 RequestorUid: 10578 RequestorPkg: com.hyperxray.an UnderlyingNetworks: Null] ]
11-30 14:36:57.087 D/MultiInternetWifiNetworkFactory( 3500): got request NetworkRequest [ REQUEST id=2741, [ Capabilities: INTERNET&NOT_RESTRICTED&TRUSTED&NOT_VCN_MANAGED&NOT_BANDWIDTH_CONSTRAINED Uid: 10578 RequestorUid: 10578 RequestorPkg: com.hyperxray.an UnderlyingNetworks: Null] ]
11-30 14:36:57.116 I/RealityAdvisor(16217): Written policy to /data/user/0/com.hyperxray.an/files/xray_config/xray_runtime_policy_v5.json
11-30 14:36:57.117 I/RealityAdvisor(16217): Written profile to /data/user/0/com.hyperxray.an/files/xray_config/xray_reality_profile_v5.json
11-30 14:36:57.118 I/WM-WorkerWrapper(16217): Worker result SUCCESS for Work [ id=1cdf0d36-d614-4dd0-8bb6-653934fb7c5b, tags={ com.hyperxray.an.workers.TlsRuntimeWorker } ]
11-30 14:36:58.472 I/ActivityManager( 3500): unbindService com.android.server.am.ActiveServices@3adfea7 conn=android.os.BinderProxy@9edd739 callingPid=16256
11-30 14:36:59.025 I/MIUIInput( 3500): [MotionEvent] publisher action=0x0, deviceId=8, 9705315, channel 'fff64c2 com.hyperxray.an/com.hyperxray.an.activity.MainActivity'
11-30 14:36:59.026 D/MultiTaskingTaskRepository( 5819): getTopFullscreenTaskInfo: taskId=1497 windowingMode=1 isVisible=true isTopActivityTransparent=false
11-30 14:36:59.026 I/MIUIInput(16217): [MotionEvent] ViewRootImpl windowName 'com.hyperxray.an/com.hyperxray.an.activity.MainActivity', { action=ACTION_DOWN, id[0]=0, pointerCount=1, eventTime=9705315, downTime=9705315, phoneEventTime=14:36:59.025 } moveCount:0
11-30 14:36:59.027 D/VRI[MainActivity](16217): getMiuiFreeformStackInfo mTmpFrames.miuiFreeFormStackInfo: null
11-30 14:36:59.128 I/MIUIInput( 3500): [MotionEvent] publisher action=0x1, deviceId=8, 9705418, channel 'fff64c2 com.hyperxray.an/com.hyperxray.an.activity.MainActivity'
11-30 14:36:59.129 I/MIUIInput(16217): [MotionEvent] ViewRootImpl windowName 'com.hyperxray.an/com.hyperxray.an.activity.MainActivity', { action=ACTION_UP, id[0]=0, pointerCount=1, eventTime=9705418, downTime=9705315, phoneEventTime=14:36:59.128 } moveCount:0
11-30 14:36:59.130 I/DPSImpl ( 3500): boost for touch up, package:com.hyperxray.an
11-30 14:36:59.322 I/MIUIInput( 3500): [MotionEvent] publisher action=0x0, deviceId=8, 9705611, channel 'fff64c2 com.hyperxray.an/com.hyperxray.an.activity.MainActivity'
11-30 14:36:59.322 D/MultiTaskingTaskRepository( 5819): getTopFullscreenTaskInfo: taskId=1497 windowingMode=1 isVisible=true isTopActivityTransparent=false
11-30 14:36:59.322 I/MIUIInput(16217): [MotionEvent] ViewRootImpl windowName 'com.hyperxray.an/com.hyperxray.an.activity.MainActivity', { action=ACTION_DOWN, id[0]=0, pointerCount=1, eventTime=9705611, downTime=9705611, phoneEventTime=14:36:59.321 } moveCount:0
11-30 14:36:59.322 D/VRI[MainActivity](16217): getMiuiFreeformStackInfo mTmpFrames.miuiFreeFormStackInfo: null
11-30 14:36:59.411 I/MIUIInput( 3500): [MotionEvent] publisher action=0x1, deviceId=8, 9705700, channel 'fff64c2 com.hyperxray.an/com.hyperxray.an.activity.MainActivity'
11-30 14:36:59.411 I/DPSImpl ( 3500): boost for touch up failed because of timediff < 1, package:com.hyperxray.an
11-30 14:36:59.411 I/MIUIInput(16217): [MotionEvent] ViewRootImpl windowName 'com.hyperxray.an/com.hyperxray.an.activity.MainActivity', { action=ACTION_UP, id[0]=0, pointerCount=1, eventTime=9705700, downTime=9705611, phoneEventTime=14:36:59.410 } moveCount:0
11-30 14:36:59.587 E/PhoneAdapter( 5787): get ntnphones failed, exception: java.lang.IllegalStateException: not support satellite!
11-30 14:37:01.778 D/ActivityManager( 3500): Logging bindService for com.google.android.gms, stopped=false, firstLaunch=false
11-30 14:37:01.788 D/ActivityManager( 3500): Logging bindService for com.google.android.gms, stopped=false, firstLaunch=false
11-30 14:37:01.907 E/PhoneAdapter( 5787): get ntnphones failed, exception: java.lang.IllegalStateException: not support satellite!
11-30 14:37:02.590 E/PhoneAdapter( 5787): get ntnphones failed, exception: java.lang.IllegalStateException: not support satellite!
11-30 14:37:05.594 E/PhoneAdapter( 5787): get ntnphones failed, exception: java.lang.IllegalStateException: not support satellite!
11-30 14:37:05.762 E/msys    ( 3930): E[N mccw.liger]onConnectError(580)=>connect/error - address: 157.240.14.175, port: 80, ex: folly::AsyncSocketException: AsyncSocketException: connect timed out after 9999ms, type = Timed out
11-30 14:37:05.767 E/msys    ( 3930): E[N mccw.liger]onConnectError(580)=>connect/error - address: 2a03:2880:f22c:e6:face:b00c:0:6e2e, port: 443, ex: folly::AsyncSocketException: AsyncSocketException: connect failed (immediately), type = Socket not open, errno = 113 (No route to host)
11-30 14:37:05.769 E/msys    ( 3930): E[N mccw.liger]onConnectError(580)=>connect/error - address: 2a03:2880:f22c:e6:face:b00c:0:6e2e, port: 80, ex: folly::AsyncSocketException: AsyncSocketException: connect failed (immediately), type = Socket not open, errno = 113 (No route to host)
11-30 14:37:06.480 D/ActivityManager( 3500): Logging bindService for com.google.android.gms, stopped=false, firstLaunch=false
11-30 14:37:07.483 D/ActivityManager( 3500): Logging bindService for com.google.android.gms, stopped=false, firstLaunch=false
11-30 14:37:07.483 D/BoundBrokerSvc( 5969): onRebind: Intent { act=com.google.android.gms.libs.gmscorelogger.service.START dat=chimera-action:/... xflg=0x4 cmp=com.google.android.gms/.chimera.PersistentDirectBootAwareApiService }
11-30 14:37:08.598 E/PhoneAdapter( 5787): get ntnphones failed, exception: java.lang.IllegalStateException: not support satellite!
11-30 14:37:09.130 E/VkpnsPushProvider:Notifier:LoggingWebSocketListener(18642): Websocket connection failed with failed to connect to rebus.rustore.ru/89.221.238.2 (port 443) from /10.0.0.2 (port 33560) after 60000ms: isConnected failed: ETIMEDOUT (Connection timed out) cause android.system.ErrnoException: isConnected failed: ETIMEDOUT (Connection timed out)
11-30 14:37:09.527 W/ActivityManager( 3500): pid 3500 system sent binder code 31101 with flags 0 to frozen apps and got error -74
11-30 14:37:09.591 W/ActivityManager( 3500): pid 3500 system sent binder code 31101 with flags 0 to frozen apps and got error -74
11-30 14:37:09.656 W/ActivityManager( 3500): pid 3500 system sent binder code 31101 with flags 0 to frozen apps and got error -74
11-30 14:37:09.722 W/ActivityManager( 3500): pid 3500 system sent binder code 31101 with flags 0 to frozen apps and got error -74
11-30 14:37:09.786 W/ActivityManager( 3500): pid 3500 system sent binder code 31101 with flags 0 to frozen apps and got error -74
11-30 14:37:09.854 W/ActivityManager( 3500): pid 3500 system sent binder code 31101 with flags 0 to frozen apps and got error -74
11-30 14:37:09.919 W/ActivityManager( 3500): pid 3500 system sent binder code 31101 with flags 0 to frozen apps and got error -74
11-30 14:37:09.984 W/ActivityManager( 3500): pid 3500 system sent binder code 31101 with flags 0 to frozen apps and got error -74
11-30 14:37:10.054 W/ActivityManager( 3500): pid 3500 system sent binder code 31101 with flags 0 to frozen apps and got error -74
11-30 14:37:10.119 W/ActivityManager( 3500): pid 3500 system sent binder code 31101 with flags 0 to frozen apps and got error -74
11-30 14:37:10.184 W/ActivityManager( 3500): pid 3500 system sent binder code 31101 with flags 0 to frozen apps and got error -74
11-30 14:37:10.249 W/ActivityManager( 3500): pid 3500 system sent binder code 31101 with flags 0 to frozen apps and got error -74
11-30 14:37:10.314 W/ActivityManager( 3500): pid 3500 system sent binder code 31101 with flags 0 to frozen apps and got error -74
11-30 14:37:10.379 W/ActivityManager( 3500): pid 3500 system sent binder code 31101 with flags 0 to frozen apps and got error -74
11-30 14:37:10.444 W/ActivityManager( 3500): pid 3500 system sent binder code 31101 with flags 0 to frozen apps and got error -74
11-30 14:37:10.509 W/ActivityManager( 3500): pid 3500 system sent binder code 31101 with flags 0 to frozen apps and got error -74
11-30 14:37:10.574 W/ActivityManager( 3500): pid 3500 system sent binder code 31101 with flags 0 to frozen apps and got error -74
11-30 14:37:10.639 W/ActivityManager( 3500): pid 3500 system sent binder code 31101 with flags 0 to frozen apps and got error -74
11-30 14:37:10.704 W/ActivityManager( 3500): pid 3500 system sent binder code 31101 with flags 0 to frozen apps and got error -74
11-30 14:37:10.769 W/ActivityManager( 3500): pid 3500 system sent binder code 31101 with flags 0 to frozen apps and got error -74
11-30 14:37:10.835 W/ActivityManager( 3500): pid 3500 system sent binder code 31101 with flags 0 to frozen apps and got error -74
11-30 14:37:10.901 W/ActivityManager( 3500): pid 3500 system sent binder code 31101 with flags 0 to frozen apps and got error -74
11-30 14:37:10.966 W/ActivityManager( 3500): pid 3500 system sent binder code 31101 with flags 0 to frozen apps and got error -74
11-30 14:37:11.031 W/ActivityManager( 3500): pid 3500 system sent binder code 31101 with flags 0 to frozen apps and got error -74
11-30 14:37:11.097 W/ActivityManager( 3500): pid 3500 system sent binder code 31101 with flags 0 to frozen apps and got error -74
11-30 14:37:11.162 W/ActivityManager( 3500): pid 3500 system sent binder code 31101 with flags 0 to frozen apps and got error -74
11-30 14:37:11.190 I/ActivityManager( 3500): unbindService com.android.server.am.ActiveServices@3adfea7 conn=android.os.BinderProxy@e2d951d callingPid=17824
11-30 14:37:11.230 W/ActivityManager( 3500): pid 3500 system sent binder code 31101 with flags 0 to frozen apps and got error -74
11-30 14:37:11.296 W/ActivityManager( 3500): pid 3500 system sent binder code 31101 with flags 0 to frozen apps and got error -74
11-30 14:37:11.361 W/ActivityManager( 3500): pid 3500 system sent binder code 31101 with flags 0 to frozen apps and got error -74
11-30 14:37:11.426 W/ActivityManager( 3500): pid 3500 system sent binder code 31101 with flags 0 to frozen apps and got error -74
11-30 14:37:11.492 W/ActivityManager( 3500): pid 3500 system sent binder code 31101 with flags 0 to frozen apps and got error -74
11-30 14:37:11.558 W/ActivityManager( 3500): pid 3500 system sent binder code 31101 with flags 0 to frozen apps and got error -74
11-30 14:37:11.603 E/PhoneAdapter( 5787): get ntnphones failed, exception: java.lang.IllegalStateException: not support satellite!
11-30 14:37:11.623 W/ActivityManager( 3500): pid 3500 system sent binder code 31101 with flags 0 to frozen apps and got error -74
11-30 14:37:11.690 W/ActivityManager( 3500): pid 3500 system sent binder code 31101 with flags 0 to frozen apps and got error -74
11-30 14:37:11.755 W/ActivityManager( 3500): pid 3500 system sent binder code 31101 with flags 0 to frozen apps and got error -74
11-30 14:37:11.821 W/ActivityManager( 3500): pid 3500 system sent binder code 31101 with flags 0 to frozen apps and got error -74
11-30 14:37:11.888 W/ActivityManager( 3500): pid 3500 system sent binder code 31101 with flags 0 to frozen apps and got error -74
11-30 14:37:11.953 W/ActivityManager( 3500): pid 3500 system sent binder code 31101 with flags 0 to frozen apps and got error -74
11-30 14:37:12.020 W/ActivityManager( 3500): pid 3500 system sent binder code 31101 with flags 0 to frozen apps and got error -74
11-30 14:37:12.085 W/ActivityManager( 3500): pid 3500 system sent binder code 31101 with flags 0 to frozen apps and got error -74
11-30 14:37:12.151 W/ActivityManager( 3500): pid 3500 system sent binder code 31101 with flags 0 to frozen apps and got error -74
11-30 14:37:12.216 W/ActivityManager( 3500): pid 3500 system sent binder code 31101 with flags 0 to frozen apps and got error -74
11-30 14:37:12.282 W/ActivityManager( 3500): pid 3500 system sent binder code 31101 with flags 0 to frozen apps and got error -74
11-30 14:37:12.348 W/ActivityManager( 3500): pid 3500 system sent binder code 31101 with flags 0 to frozen apps and got error -74
11-30 14:37:12.414 W/ActivityManager( 3500): pid 3500 system sent binder code 31101 with flags 0 to frozen apps and got error -74
11-30 14:37:12.479 W/ActivityManager( 3500): pid 3500 system sent binder code 31101 with flags 0 to frozen apps and got error -74
11-30 14:37:12.545 W/ActivityManager( 3500): pid 3500 system sent binder code 31101 with flags 0 to frozen apps and got error -74
11-30 14:37:12.611 W/ActivityManager( 3500): pid 3500 system sent binder code 31101 with flags 0 to frozen apps and got error -74
11-30 14:37:12.670 D/VkpnsPushProvider:Notifier(18642): Start notifier reconnect because of Web socket has been closed with cause: android.system.ErrnoException: isConnected failed: ETIMEDOUT (Connection timed out) and message: failed to connect to rebus.rustore.ru/89.221.238.2 (port 443) from /10.0.0.2 (port 33560) after 60000ms: isConnected failed: ETIMEDOUT (Connection timed out)
11-30 14:37:12.677 W/ActivityManager( 3500): pid 3500 system sent binder code 31101 with flags 0 to frozen apps and got error -74
11-30 14:37:12.743 W/ActivityManager( 3500): pid 3500 system sent binder code 31101 with flags 0 to frozen apps and got error -74
11-30 14:37:12.808 W/ActivityManager( 3500): pid 3500 system sent binder code 31101 with flags 0 to frozen apps and got error -74
11-30 14:37:12.875 W/ActivityManager( 3500): pid 3500 system sent binder code 31101 with flags 0 to frozen apps and got error -74
11-30 14:37:12.942 W/ActivityManager( 3500): pid 3500 system sent binder code 31101 with flags 0 to frozen apps and got error -74
11-30 14:37:13.006 W/ActivityManager( 3500): pid 3500 system sent binder code 31101 with flags 0 to frozen apps and got error -74
11-30 14:37:13.072 W/ActivityManager( 3500): pid 3500 system sent binder code 31101 with flags 0 to frozen apps and got error -74
11-30 14:37:13.137 W/ActivityManager( 3500): pid 3500 system sent binder code 31101 with flags 0 to frozen apps and got error -74
11-30 14:37:13.203 W/ActivityManager( 3500): pid 3500 system sent binder code 31101 with flags 0 to frozen apps and got error -74
11-30 14:37:13.269 W/ActivityManager( 3500): pid 3500 system sent binder code 31101 with flags 0 to frozen apps and got error -74
11-30 14:37:13.334 W/ActivityManager( 3500): pid 3500 system sent binder code 31101 with flags 0 to frozen apps and got error -74
11-30 14:37:13.401 W/ActivityManager( 3500): pid 3500 system sent binder code 31101 with flags 0 to frozen apps and got error -74
11-30 14:37:13.467 W/ActivityManager( 3500): pid 3500 system sent binder code 31101 with flags 0 to frozen apps and got error -74
11-30 14:37:13.533 W/ActivityManager( 3500): pid 3500 system sent binder code 31101 with flags 0 to frozen apps and got error -74
11-30 14:37:13.598 W/ActivityManager( 3500): pid 3500 system sent binder code 31101 with flags 0 to frozen apps and got error -74
11-30 14:37:14.605 E/PhoneAdapter( 5787): get ntnphones failed, exception: java.lang.IllegalStateException: not support satellite!
11-30 14:37:15.779 E/msys    ( 3930): E[N mccw.liger]onConnectError(580)=>connect/error - address: 157.240.22.175, port: 5222, ex: folly::AsyncSocketException: AsyncSocketException: connect timed out after 9999ms, type = Timed out
11-30 14:37:16.020 E/msys    ( 3930): E[N mccw.liger]onConnectError(580)=>connect/error - address: 157.240.22.175, port: 443, ex: folly::AsyncSocketException: AsyncSocketException: connect timed out after 9999ms, type = Timed out
