11-27 18:39:26.133 D/MiuiDecorationController( 6013): relayout::taskId=748, visible=false, bounds=Rect(0, 0 - 2670, 1200), focused=false, oldImmersive=false, newImmersive=false, windowMode=1, activityType=1, displayId=0, baseActivity=ComponentInfo{com.hyperxray.an/com.hyperxray.an.activity.MainActivity}, topActivity=ComponentInfo{com.hyperxray.an/com.hyperxray.an.activity.MainActivity}, callers=com.android.wm.shell.multitasking.miuimultiwinswitch.miuiwindowdecor.decoration.MiuiDecorationController.relayout:4 com.android.wm.shell.multitasking.miuimultiwinswitch.miuiwindowdecor.decoration.MiuiDecorationController.updateNeedShowAndRelayout:38 com.android.wm.shell.multitasking.miuimultiwinswitch.miuiwindowdecor.MulWinSwitchDecorViewModel.lambda$disable$4:3 com.android.wm.shell.multitasking.miuimultiwinswitch.miuiwindowdecor.MulWinSwitchDecorViewModel.$r8$lambda$lfZznhn5bTM5EA7GvCf8XHKgFAY:1 com.android.wm.shell.multitasking.miuimultiwinswitch.miuiwindowdecor.MulWinSwitchDecorViewModel$$ExternalSyntheticLambda6.accept:12 
11-27 18:39:26.177 D/BarFollowAnimation( 3688): onTaskInfoChanedForCaptionBar Task{c6c7da3 #748 type=standard I=com.hyperxray.an/.activity.MainActivity} shouldbeVisible:false isVisible:false windowMode:1 mCaptionAssociatedTask:null mIsTouchedInCaption:false
11-27 18:39:26.187 D/MiuiDecorationController( 6013): relayout::taskId=748, visible=false, bounds=Rect(0, 0 - 1200, 2670), focused=false, oldImmersive=false, newImmersive=false, windowMode=1, activityType=1, displayId=0, baseActivity=ComponentInfo{com.hyperxray.an/com.hyperxray.an.activity.MainActivity}, topActivity=ComponentInfo{com.hyperxray.an/com.hyperxray.an.activity.MainActivity}, callers=com.android.wm.shell.multitasking.miuimultiwinswitch.miuiwindowdecor.decoration.MiuiDecorationController.relayout:4 com.android.wm.shell.multitasking.miuimultiwinswitch.miuiwindowdecor.MulWinSwitchDecorViewModel.onTaskInfoChanged:18 com.android.wm.shell.multitasking.common.taskmanager.MultiTaskingTaskListener.onTaskInfoChanged:47 com.android.wm.shell.ShellTaskOrganizer.onTaskInfoChanged:129 android.window.TaskOrganizer$1.lambda$onTaskInfoChanged$6:300 
11-27 18:39:26.257 D/MiuiDecorationController( 6013): relayout::taskId=748, visible=false, bounds=Rect(0, 0 - 1200, 2670), focused=false, oldImmersive=false, newImmersive=false, windowMode=1, activityType=1, displayId=0, baseActivity=ComponentInfo{com.hyperxray.an/com.hyperxray.an.activity.MainActivity}, topActivity=ComponentInfo{com.hyperxray.an/com.hyperxray.an.activity.MainActivity}, callers=com.android.wm.shell.multitasking.miuimultiwinswitch.miuiwindowdecor.decoration.MiuiDecorationController.relayout:4 com.android.wm.shell.multitasking.miuimultiwinswitch.miuiwindowdecor.MulWinSwitchDecorViewModel.lambda$relayoutDecorations$11:5 com.android.wm.shell.multitasking.miuimultiwinswitch.miuiwindowdecor.MulWinSwitchDecorViewModel.$r8$lambda$MqSeEEmyfz6mNfEbbBsEI7ZCbd0:1 com.android.wm.shell.multitasking.miuimultiwinswitch.miuiwindowdecor.MulWinSwitchDecorViewModel$$ExternalSyntheticLambda9.accept:10 java.util.concurrent.ConcurrentHashMap.forEach:1608 
11-27 18:39:26.268 W/ActivityManager( 3688): java.io.FileNotFoundException: /sys/fs/cgroup/apps/uid_10182/pid_13131/cgroup.procs: open failed: ENOENT (No such file or directory)
11-27 18:39:26.268 W/ActivityManager( 3688): Caused by: android.system.ErrnoException: open failed: ENOENT (No such file or directory)
11-27 18:39:26.269 D/BarFollowAnimation( 3688): startNavBarAnimation  mIsFromApp = false mLastTransitionFinished = false mIsFromRecents = true isAppCrash = false isLandscapeActivity = true mHasHideAppSurface = true mNavBarState = 0
11-27 18:39:26.398 W/SettingsProvider( 3688): java.lang.SecurityException: Failed to find provider settings for user 999; expected to find a valid ContentProvider for this authority
11-27 18:39:26.549 W/SettingsProvider( 3688): java.lang.SecurityException: Failed to find provider settings for user 999; expected to find a valid ContentProvider for this authority
11-27 18:39:26.825 D/MiuiDecorationController( 6013): relayout::taskId=748, visible=false, bounds=Rect(0, 0 - 1200, 2670), focused=false, oldImmersive=false, newImmersive=false, windowMode=1, activityType=1, displayId=0, baseActivity=ComponentInfo{com.hyperxray.an/com.hyperxray.an.activity.MainActivity}, topActivity=ComponentInfo{com.hyperxray.an/com.hyperxray.an.activity.MainActivity}, callers=com.android.wm.shell.multitasking.miuimultiwinswitch.miuiwindowdecor.decoration.MiuiDecorationController.relayout:4 com.android.wm.shell.multitasking.miuimultiwinswitch.miuiwindowdecor.MulWinSwitchDecorViewModel.lambda$relayoutDecorations$11:5 com.android.wm.shell.multitasking.miuimultiwinswitch.miuiwindowdecor.MulWinSwitchDecorViewModel.$r8$lambda$MqSeEEmyfz6mNfEbbBsEI7ZCbd0:1 com.android.wm.shell.multitasking.miuimultiwinswitch.miuiwindowdecor.MulWinSwitchDecorViewModel$$ExternalSyntheticLambda9.accept:10 java.util.concurrent.ConcurrentHashMap.forEach:1608 
11-27 18:39:26.886 D/BarFollowAnimation( 3688): onTaskInfoChanedForCaptionBar Task{c6c7da3 #748 type=standard I=com.hyperxray.an/.activity.MainActivity} shouldbeVisible:false isVisible:false windowMode:1 mCaptionAssociatedTask:null mIsTouchedInCaption:false
11-27 18:39:26.894 D/MiuiDecorationController( 6013): relayout::taskId=748, visible=false, bounds=Rect(0, 0 - 1200, 2670), focused=false, oldImmersive=false, newImmersive=false, windowMode=1, activityType=1, displayId=0, baseActivity=ComponentInfo{com.hyperxray.an/com.hyperxray.an.activity.MainActivity}, topActivity=ComponentInfo{com.hyperxray.an/com.hyperxray.an.activity.MainActivity}, callers=com.android.wm.shell.multitasking.miuimultiwinswitch.miuiwindowdecor.decoration.MiuiDecorationController.relayout:4 com.android.wm.shell.multitasking.miuimultiwinswitch.miuiwindowdecor.MulWinSwitchDecorViewModel.lambda$relayoutDecorations$11:5 com.android.wm.shell.multitasking.miuimultiwinswitch.miuiwindowdecor.MulWinSwitchDecorViewModel.$r8$lambda$MqSeEEmyfz6mNfEbbBsEI7ZCbd0:1 com.android.wm.shell.multitasking.miuimultiwinswitch.miuiwindowdecor.MulWinSwitchDecorViewModel$$ExternalSyntheticLambda9.accept:10 java.util.concurrent.ConcurrentHashMap.forEach:1608 
11-27 18:39:26.894 D/BarFollowAnimation( 3688): startNavBarAnimation  mIsFromApp = false mLastTransitionFinished = false mIsFromRecents = true isAppCrash = false isLandscapeActivity = false mHasHideAppSurface = true mNavBarState = 0
11-27 18:39:26.896 D/MiuiDecorationController( 6013): relayout::taskId=748, visible=false, bounds=Rect(0, 0 - 1200, 2670), focused=false, oldImmersive=false, newImmersive=false, windowMode=1, activityType=1, displayId=0, baseActivity=ComponentInfo{com.hyperxray.an/com.hyperxray.an.activity.MainActivity}, topActivity=ComponentInfo{com.hyperxray.an/com.hyperxray.an.activity.MainActivity}, callers=com.android.wm.shell.multitasking.miuimultiwinswitch.miuiwindowdecor.decoration.MiuiDecorationController.relayout:4 com.android.wm.shell.multitasking.miuimultiwinswitch.miuiwindowdecor.MulWinSwitchDecorViewModel.lambda$relayoutDecorations$11:5 com.android.wm.shell.multitasking.miuimultiwinswitch.miuiwindowdecor.MulWinSwitchDecorViewModel.$r8$lambda$MqSeEEmyfz6mNfEbbBsEI7ZCbd0:1 com.android.wm.shell.multitasking.miuimultiwinswitch.miuiwindowdecor.MulWinSwitchDecorViewModel$$ExternalSyntheticLambda9.accept:10 java.util.concurrent.ConcurrentHashMap.forEach:1608 
11-27 18:39:26.910 D/MiuiDecorationController( 6013): relayout::taskId=748, visible=false, bounds=Rect(0, 0 - 2670, 1200), focused=false, oldImmersive=false, newImmersive=false, windowMode=1, activityType=1, displayId=0, baseActivity=ComponentInfo{com.hyperxray.an/com.hyperxray.an.activity.MainActivity}, topActivity=ComponentInfo{com.hyperxray.an/com.hyperxray.an.activity.MainActivity}, callers=com.android.wm.shell.multitasking.miuimultiwinswitch.miuiwindowdecor.decoration.MiuiDecorationController.relayout:4 com.android.wm.shell.multitasking.miuimultiwinswitch.miuiwindowdecor.MulWinSwitchDecorViewModel.onTaskInfoChanged:18 com.android.wm.shell.multitasking.common.taskmanager.MultiTaskingTaskListener.onTaskInfoChanged:47 com.android.wm.shell.ShellTaskOrganizer.onTaskInfoChanged:129 android.window.TaskOrganizer$1.lambda$onTaskInfoChanged$6:300 
11-27 18:39:26.964 E/MiuiNotifUtil( 6013): Error getPackageUid android.content.pm.PackageManager$NameNotFoundException: com.xiaomi.wearable
11-27 18:39:27.116 D/MiuiDecorationController( 6013): relayout::taskId=748, visible=false, bounds=Rect(0, 0 - 2670, 1200), focused=false, oldImmersive=false, newImmersive=false, windowMode=1, activityType=1, displayId=0, baseActivity=ComponentInfo{com.hyperxray.an/com.hyperxray.an.activity.MainActivity}, topActivity=ComponentInfo{com.hyperxray.an/com.hyperxray.an.activity.MainActivity}, callers=com.android.wm.shell.multitasking.miuimultiwinswitch.miuiwindowdecor.decoration.MiuiDecorationController.relayout:4 com.android.wm.shell.multitasking.miuimultiwinswitch.miuiwindowdecor.decoration.MiuiDecorationController.updateNeedShowAndRelayout:38 com.android.wm.shell.multitasking.miuimultiwinswitch.miuiwindowdecor.MulWinSwitchDecorViewModel.lambda$disable$4:3 com.android.wm.shell.multitasking.miuimultiwinswitch.miuiwindowdecor.MulWinSwitchDecorViewModel.$r8$lambda$lfZznhn5bTM5EA7GvCf8XHKgFAY:1 com.android.wm.shell.multitasking.miuimultiwinswitch.miuiwindowdecor.MulWinSwitchDecorViewModel$$ExternalSyntheticLambda6.accept:12 
11-27 18:39:27.239 E/AppOps  ( 3688): java.lang.SecurityException: Specified package "com.android.phone" under uid 10208 but it is not
11-27 18:39:27.778 D/PolicyMaker( 3688): uid =10570 pkg=com.hyperxray.an reason=fgservice
11-27 18:39:27.873 W/SettingsProvider( 3688): java.lang.SecurityException: Failed to find provider settings for user 999; expected to find a valid ContentProvider for this authority
11-27 18:39:28.238 E/AppOps  ( 3688): java.lang.SecurityException: Specified package "com.android.phone" under uid 10208 but it is not
11-27 18:39:32.779 D/PolicyMaker( 3688): uid =10570 pkg=com.hyperxray.an reason=fgservice
11-27 18:39:36.651 W/FileUtils( 3688): Failed to chmod(AtomicFile[/data/system_de/0/system/game-manager-service.xml]): android.system.ErrnoException: chmod failed: ENOENT (No such file or directory)
11-27 18:39:37.780 D/PolicyMaker( 3688): uid =10570 pkg=com.hyperxray.an reason=fgservice
11-27 18:39:40.566 W/ActivityManager( 3688): java.io.FileNotFoundException: /sys/fs/cgroup/apps/uid_10165/pid_27529/cgroup.procs: open failed: ENOENT (No such file or directory)
11-27 18:39:40.566 W/ActivityManager( 3688): Caused by: android.system.ErrnoException: open failed: ENOENT (No such file or directory)
11-27 18:39:40.567 W/ActivityManager( 3688): java.io.FileNotFoundException: /sys/fs/cgroup/apps/uid_10185/pid_19103/cgroup.procs: open failed: ENOENT (No such file or directory)
11-27 18:39:40.567 W/ActivityManager( 3688): Caused by: android.system.ErrnoException: open failed: ENOENT (No such file or directory)
11-27 18:39:40.567 W/ActivityManager( 3688): java.io.FileNotFoundException: /sys/fs/cgroup/apps/uid_10182/pid_13131/cgroup.procs: open failed: ENOENT (No such file or directory)
11-27 18:39:40.567 W/ActivityManager( 3688): Caused by: android.system.ErrnoException: open failed: ENOENT (No such file or directory)
11-27 18:39:42.782 D/PolicyMaker( 3688): uid =10570 pkg=com.hyperxray.an reason=fgservice
11-27 18:39:43.837 W/ActivityManager( 3688): java.io.FileNotFoundException: /sys/fs/cgroup/apps/uid_10182/pid_13131/cgroup.procs: open failed: ENOENT (No such file or directory)
11-27 18:39:43.837 W/ActivityManager( 3688): Caused by: android.system.ErrnoException: open failed: ENOENT (No such file or directory)
11-27 18:39:43.930 D/BarFollowAnimation( 3688): startNavBarAnimation  mIsFromApp = false mLastTransitionFinished = true mIsFromRecents = true isAppCrash = false isLandscapeActivity = false mHasHideAppSurface = false mNavBarState = 3
11-27 18:39:44.956 D/MiuiDecorationController( 6013): relayout::taskId=748, visible=false, bounds=Rect(0, 0 - 2670, 1200), focused=false, oldImmersive=false, newImmersive=false, windowMode=1, activityType=1, displayId=0, baseActivity=ComponentInfo{com.hyperxray.an/com.hyperxray.an.activity.MainActivity}, topActivity=ComponentInfo{com.hyperxray.an/com.hyperxray.an.activity.MainActivity}, callers=com.android.wm.shell.multitasking.miuimultiwinswitch.miuiwindowdecor.decoration.MiuiDecorationController.relayout:4 com.android.wm.shell.multitasking.miuimultiwinswitch.miuiwindowdecor.decoration.MiuiDecorationController.updateNeedShowAndRelayout:38 com.android.wm.shell.multitasking.miuimultiwinswitch.miuiwindowdecor.MulWinSwitchDecorViewModel.lambda$disable$4:3 com.android.wm.shell.multitasking.miuimultiwinswitch.miuiwindowdecor.MulWinSwitchDecorViewModel.$r8$lambda$lfZznhn5bTM5EA7GvCf8XHKgFAY:1 com.android.wm.shell.multitasking.miuimultiwinswitch.miuiwindowdecor.MulWinSwitchDecorViewModel$$ExternalSyntheticLambda6.accept:12 
11-27 18:39:44.992 D/BarFollowAnimation( 3688): onTaskInfoChanedForCaptionBar Task{c6c7da3 #748 type=standard I=com.hyperxray.an/.activity.MainActivity} shouldbeVisible:false isVisible:false windowMode:1 mCaptionAssociatedTask:null mIsTouchedInCaption:false
11-27 18:39:45.010 D/MiuiDecorationController( 6013): relayout::taskId=748, visible=false, bounds=Rect(0, 0 - 1200, 2670), focused=false, oldImmersive=false, newImmersive=false, windowMode=1, activityType=1, displayId=0, baseActivity=ComponentInfo{com.hyperxray.an/com.hyperxray.an.activity.MainActivity}, topActivity=ComponentInfo{com.hyperxray.an/com.hyperxray.an.activity.MainActivity}, callers=com.android.wm.shell.multitasking.miuimultiwinswitch.miuiwindowdecor.decoration.MiuiDecorationController.relayout:4 com.android.wm.shell.multitasking.miuimultiwinswitch.miuiwindowdecor.MulWinSwitchDecorViewModel.onTaskInfoChanged:18 com.android.wm.shell.multitasking.common.taskmanager.MultiTaskingTaskListener.onTaskInfoChanged:47 com.android.wm.shell.ShellTaskOrganizer.onTaskInfoChanged:129 android.window.TaskOrganizer$1.lambda$onTaskInfoChanged$6:300 
11-27 18:39:45.027 D/MiuiDecorationController( 6013): relayout::taskId=748, visible=false, bounds=Rect(0, 0 - 1200, 2670), focused=false, oldImmersive=false, newImmersive=false, windowMode=1, activityType=1, displayId=0, baseActivity=ComponentInfo{com.hyperxray.an/com.hyperxray.an.activity.MainActivity}, topActivity=ComponentInfo{com.hyperxray.an/com.hyperxray.an.activity.MainActivity}, callers=com.android.wm.shell.multitasking.miuimultiwinswitch.miuiwindowdecor.decoration.MiuiDecorationController.relayout:4 com.android.wm.shell.multitasking.miuimultiwinswitch.miuiwindowdecor.MulWinSwitchDecorViewModel.lambda$relayoutDecorations$11:5 com.android.wm.shell.multitasking.miuimultiwinswitch.miuiwindowdecor.MulWinSwitchDecorViewModel.$r8$lambda$MqSeEEmyfz6mNfEbbBsEI7ZCbd0:1 com.android.wm.shell.multitasking.miuimultiwinswitch.miuiwindowdecor.MulWinSwitchDecorViewModel$$ExternalSyntheticLambda9.accept:10 java.util.concurrent.ConcurrentHashMap.forEach:1608 
11-27 18:39:45.028 D/BarFollowAnimation( 3688): startNavBarAnimation  mIsFromApp = false mLastTransitionFinished = false mIsFromRecents = true isAppCrash = false isLandscapeActivity = false mHasHideAppSurface = true mNavBarState = 0
11-27 18:39:45.030 D/MiuiDecorationController( 6013): relayout::taskId=748, visible=false, bounds=Rect(0, 0 - 1200, 2670), focused=false, oldImmersive=false, newImmersive=false, windowMode=1, activityType=1, displayId=0, baseActivity=ComponentInfo{com.hyperxray.an/com.hyperxray.an.activity.MainActivity}, topActivity=ComponentInfo{com.hyperxray.an/com.hyperxray.an.activity.MainActivity}, callers=com.android.wm.shell.multitasking.miuimultiwinswitch.miuiwindowdecor.decoration.MiuiDecorationController.relayout:4 com.android.wm.shell.multitasking.miuimultiwinswitch.miuiwindowdecor.MulWinSwitchDecorViewModel.lambda$relayoutDecorations$11:5 com.android.wm.shell.multitasking.miuimultiwinswitch.miuiwindowdecor.MulWinSwitchDecorViewModel.$r8$lambda$MqSeEEmyfz6mNfEbbBsEI7ZCbd0:1 com.android.wm.shell.multitasking.miuimultiwinswitch.miuiwindowdecor.MulWinSwitchDecorViewModel$$ExternalSyntheticLambda9.accept:10 java.util.concurrent.ConcurrentHashMap.forEach:1608 
11-27 18:39:46.413 W/SettingsProvider( 3688): java.lang.SecurityException: Failed to find provider settings for user 999; expected to find a valid ContentProvider for this authority
11-27 18:39:47.491 D/MiuiDecorationController( 6013): relayout::taskId=748, visible=false, bounds=Rect(0, 0 - 1200, 2670), focused=false, oldImmersive=false, newImmersive=false, windowMode=1, activityType=1, displayId=0, baseActivity=ComponentInfo{com.hyperxray.an/com.hyperxray.an.activity.MainActivity}, topActivity=ComponentInfo{com.hyperxray.an/com.hyperxray.an.activity.MainActivity}, callers=com.android.wm.shell.multitasking.miuimultiwinswitch.miuiwindowdecor.decoration.MiuiDecorationController.relayout:4 com.android.wm.shell.multitasking.miuimultiwinswitch.miuiwindowdecor.decoration.MiuiDecorationController.updateNeedShowAndRelayout:38 com.android.wm.shell.multitasking.miuimultiwinswitch.miuiwindowdecor.MulWinSwitchDecorViewModel.lambda$disable$4:3 com.android.wm.shell.multitasking.miuimultiwinswitch.miuiwindowdecor.MulWinSwitchDecorViewModel.$r8$lambda$lfZznhn5bTM5EA7GvCf8XHKgFAY:1 com.android.wm.shell.multitasking.miuimultiwinswitch.miuiwindowdecor.MulWinSwitchDecorViewModel$$ExternalSyntheticLambda6.accept:12 
11-27 18:39:47.783 D/PolicyMaker( 3688): uid =10570 pkg=com.hyperxray.an reason=fgservice
11-27 18:39:48.992 D/BarFollowAnimation( 3688): startNavBarAnimation  mIsFromApp = true mLastTransitionFinished = true mIsFromRecents = false isAppCrash = false isLandscapeActivity = true mHasHideAppSurface = false mNavBarState = -1
11-27 18:39:49.016 W/ActivityManager( 3688): java.io.FileNotFoundException: /sys/fs/cgroup/apps/uid_10182/pid_13131/cgroup.procs: open failed: ENOENT (No such file or directory)
11-27 18:39:49.016 W/ActivityManager( 3688): Caused by: android.system.ErrnoException: open failed: ENOENT (No such file or directory)
11-27 18:39:49.027 W/SettingsProvider( 3688): java.lang.SecurityException: Failed to find provider settings for user 999; expected to find a valid ContentProvider for this authority
11-27 18:39:49.062 I/PowerManagerServiceImpl( 3688): Partial wakeLock:[PARTIAL_WAKE_LOCK                 'HyperXray::HyperVpnService::WakeLock' ACQ=-36s290ms (uid=10570 pid=14596 pkg=com.hyperxray.an)], disabled: true, procState: 4, reason: greeze
11-27 18:39:49.178 D/BarFollowAnimation( 3688): startNavBarAnimation  mIsFromApp = true mLastTransitionFinished = false mIsFromRecents = false isAppCrash = false isLandscapeActivity = true mHasHideAppSurface = false mNavBarState = -1
11-27 18:39:49.542 D/BarFollowAnimation( 3688): onTaskInfoChanedForCaptionBar Task{c6c7da3 #748 type=standard I=com.hyperxray.an/.activity.MainActivity} shouldbeVisible:false isVisible:false windowMode:1 mCaptionAssociatedTask:null mIsTouchedInCaption:false
11-27 18:39:49.548 D/BarFollowAnimation( 3688): startNavBarAnimation  mIsFromApp = true mLastTransitionFinished = false mIsFromRecents = false isAppCrash = false isLandscapeActivity = false mHasHideAppSurface = false mNavBarState = -1
11-27 18:39:49.551 D/MiuiDecorationController( 6013): relayout::taskId=748, visible=false, bounds=Rect(0, 0 - 1200, 2670), focused=false, oldImmersive=false, newImmersive=false, windowMode=1, activityType=1, displayId=0, baseActivity=ComponentInfo{com.hyperxray.an/com.hyperxray.an.activity.MainActivity}, topActivity=ComponentInfo{com.hyperxray.an/com.hyperxray.an.activity.MainActivity}, callers=com.android.wm.shell.multitasking.miuimultiwinswitch.miuiwindowdecor.decoration.MiuiDecorationController.relayout:4 com.android.wm.shell.multitasking.miuimultiwinswitch.miuiwindowdecor.MulWinSwitchDecorViewModel.lambda$relayoutDecorations$11:5 com.android.wm.shell.multitasking.miuimultiwinswitch.miuiwindowdecor.MulWinSwitchDecorViewModel.$r8$lambda$MqSeEEmyfz6mNfEbbBsEI7ZCbd0:1 com.android.wm.shell.multitasking.miuimultiwinswitch.miuiwindowdecor.MulWinSwitchDecorViewModel$$ExternalSyntheticLambda9.accept:10 java.util.concurrent.ConcurrentHashMap.forEach:1608 
11-27 18:39:49.553 D/MiuiDecorationController( 6013): relayout::taskId=748, visible=false, bounds=Rect(0, 0 - 1200, 2670), focused=false, oldImmersive=false, newImmersive=false, windowMode=1, activityType=1, displayId=0, baseActivity=ComponentInfo{com.hyperxray.an/com.hyperxray.an.activity.MainActivity}, topActivity=ComponentInfo{com.hyperxray.an/com.hyperxray.an.activity.MainActivity}, callers=com.android.wm.shell.multitasking.miuimultiwinswitch.miuiwindowdecor.decoration.MiuiDecorationController.relayout:4 com.android.wm.shell.multitasking.miuimultiwinswitch.miuiwindowdecor.MulWinSwitchDecorViewModel.lambda$relayoutDecorations$11:5 com.android.wm.shell.multitasking.miuimultiwinswitch.miuiwindowdecor.MulWinSwitchDecorViewModel.$r8$lambda$MqSeEEmyfz6mNfEbbBsEI7ZCbd0:1 com.android.wm.shell.multitasking.miuimultiwinswitch.miuiwindowdecor.MulWinSwitchDecorViewModel$$ExternalSyntheticLambda9.accept:10 java.util.concurrent.ConcurrentHashMap.forEach:1608 
11-27 18:39:49.564 D/MiuiDecorationController( 6013): relayout::taskId=748, visible=false, bounds=Rect(0, 0 - 2670, 1200), focused=false, oldImmersive=false, newImmersive=false, windowMode=1, activityType=1, displayId=0, baseActivity=ComponentInfo{com.hyperxray.an/com.hyperxray.an.activity.MainActivity}, topActivity=ComponentInfo{com.hyperxray.an/com.hyperxray.an.activity.MainActivity}, callers=com.android.wm.shell.multitasking.miuimultiwinswitch.miuiwindowdecor.decoration.MiuiDecorationController.relayout:4 com.android.wm.shell.multitasking.miuimultiwinswitch.miuiwindowdecor.MulWinSwitchDecorViewModel.onTaskInfoChanged:18 com.android.wm.shell.multitasking.common.taskmanager.MultiTaskingTaskListener.onTaskInfoChanged:47 com.android.wm.shell.ShellTaskOrganizer.onTaskInfoChanged:129 android.window.TaskOrganizer$1.lambda$onTaskInfoChanged$6:300 
11-27 18:39:52.783 D/PolicyMaker( 3688): uid =10570 pkg=com.hyperxray.an reason=fgservice
11-27 18:39:57.784 D/PolicyMaker( 3688): uid =10570 pkg=com.hyperxray.an reason=fgservice
11-27 18:39:58.434 W/ActivityManager( 3688): java.io.FileNotFoundException: /sys/fs/cgroup/apps/uid_10165/pid_27529/cgroup.procs: open failed: ENOENT (No such file or directory)
11-27 18:39:58.434 W/ActivityManager( 3688): Caused by: android.system.ErrnoException: open failed: ENOENT (No such file or directory)
11-27 18:39:58.435 W/ActivityManager( 3688): java.io.FileNotFoundException: /sys/fs/cgroup/apps/uid_10185/pid_19103/cgroup.procs: open failed: ENOENT (No such file or directory)
11-27 18:39:58.435 W/ActivityManager( 3688): Caused by: android.system.ErrnoException: open failed: ENOENT (No such file or directory)
11-27 18:39:58.435 W/ActivityManager( 3688): java.io.FileNotFoundException: /sys/fs/cgroup/apps/uid_10182/pid_13131/cgroup.procs: open failed: ENOENT (No such file or directory)
11-27 18:39:58.435 W/ActivityManager( 3688): Caused by: android.system.ErrnoException: open failed: ENOENT (No such file or directory)
11-27 18:39:59.082 W/FileUtils( 3688): Failed to chmod(AtomicFile[/data/system_de/0/system/game-manager-service.xml]): android.system.ErrnoException: chmod failed: ENOENT (No such file or directory)
11-27 18:39:59.774 W/SettingsProvider( 3688): java.lang.SecurityException: Failed to find provider settings for user 999; expected to find a valid ContentProvider for this authority
11-27 18:40:02.785 D/PolicyMaker( 3688): uid =10570 pkg=com.hyperxray.an reason=fgservice
11-27 18:40:07.786 D/PolicyMaker( 3688): uid =10570 pkg=com.hyperxray.an reason=fgservice
11-27 18:40:12.788 D/PolicyMaker( 3688): uid =10570 pkg=com.hyperxray.an reason=fgservice
11-27 18:40:17.790 D/PolicyMaker( 3688): uid =10570 pkg=com.hyperxray.an reason=fgservice
11-27 18:40:19.350 E/AppOps  ( 3688): java.lang.SecurityException: Specified package "com.android.phone" under uid 10165 but it is not
11-27 18:40:19.350 E/AppOps  ( 3688): java.lang.SecurityException: Specified package "com.android.phone" under uid 10165 but it is not
11-27 18:40:20.353 E/AppOps  ( 3688): java.lang.SecurityException: Specified package "com.android.phone" under uid 10165 but it is not
11-27 18:40:22.792 D/PolicyMaker( 3688): uid =10570 pkg=com.hyperxray.an reason=fgservice
11-27 18:40:27.793 D/PolicyMaker( 3688): uid =10570 pkg=com.hyperxray.an reason=fgservice
11-27 18:40:32.796 D/PolicyMaker( 3688): uid =10570 pkg=com.hyperxray.an reason=fgservice
11-27 18:40:36.012 W/SettingsProvider( 3688): java.lang.SecurityException: Failed to find provider settings for user 999; expected to find a valid ContentProvider for this authority
11-27 18:40:37.798 D/PolicyMaker( 3688): uid =10570 pkg=com.hyperxray.an reason=fgservice
11-27 18:40:42.799 D/PolicyMaker( 3688): uid =10570 pkg=com.hyperxray.an reason=fgservice
11-27 18:40:47.802 D/PolicyMaker( 3688): uid =10570 pkg=com.hyperxray.an reason=fgservice
11-27 18:40:52.804 D/PolicyMaker( 3688): uid =10570 pkg=com.hyperxray.an reason=fgservice
11-27 18:40:57.806 D/PolicyMaker( 3688): uid =10570 pkg=com.hyperxray.an reason=fgservice
11-27 18:41:02.807 D/PolicyMaker( 3688): uid =10570 pkg=com.hyperxray.an reason=fgservice
11-27 18:41:07.809 D/PolicyMaker( 3688): uid =10570 pkg=com.hyperxray.an reason=fgservice
11-27 18:41:12.811 D/PolicyMaker( 3688): uid =10570 pkg=com.hyperxray.an reason=fgservice
11-27 18:41:17.813 D/PolicyMaker( 3688): uid =10570 pkg=com.hyperxray.an reason=fgservice
11-27 18:41:22.814 D/PolicyMaker( 3688): uid =10570 pkg=com.hyperxray.an reason=fgservice
11-27 18:41:27.816 D/PolicyMaker( 3688): uid =10570 pkg=com.hyperxray.an reason=fgservice
11-27 18:41:32.818 D/PolicyMaker( 3688): uid =10570 pkg=com.hyperxray.an reason=fgservice
11-27 18:41:37.819 D/PolicyMaker( 3688): uid =10570 pkg=com.hyperxray.an reason=fgservice
11-27 18:41:42.820 D/PolicyMaker( 3688): uid =10570 pkg=com.hyperxray.an reason=fgservice
11-27 18:41:47.822 D/PolicyMaker( 3688): uid =10570 pkg=com.hyperxray.an reason=fgservice
11-27 18:41:52.823 D/PolicyMaker( 3688): uid =10570 pkg=com.hyperxray.an reason=fgservice
11-27 18:41:57.825 D/PolicyMaker( 3688): uid =10570 pkg=com.hyperxray.an reason=fgservice
11-27 18:42:02.828 D/PolicyMaker( 3688): uid =10570 pkg=com.hyperxray.an reason=fgservice
11-27 18:42:07.829 D/PolicyMaker( 3688): uid =10570 pkg=com.hyperxray.an reason=fgservice
11-27 18:42:12.831 D/PolicyMaker( 3688): uid =10570 pkg=com.hyperxray.an reason=fgservice
11-27 18:42:17.833 D/PolicyMaker( 3688): uid =10570 pkg=com.hyperxray.an reason=fgservice
11-27 18:42:22.835 D/PolicyMaker( 3688): uid =10570 pkg=com.hyperxray.an reason=fgservice
11-27 18:42:27.838 D/PolicyMaker( 3688): uid =10570 pkg=com.hyperxray.an reason=fgservice
11-27 18:42:32.841 D/PolicyMaker( 3688): uid =10570 pkg=com.hyperxray.an reason=fgservice
11-27 18:42:37.842 D/PolicyMaker( 3688): uid =10570 pkg=com.hyperxray.an reason=fgservice
11-27 18:42:42.844 D/PolicyMaker( 3688): uid =10570 pkg=com.hyperxray.an reason=fgservice
11-27 18:42:47.847 D/PolicyMaker( 3688): uid =10570 pkg=com.hyperxray.an reason=fgservice
11-27 18:42:52.848 D/PolicyMaker( 3688): uid =10570 pkg=com.hyperxray.an reason=fgservice
11-27 18:42:57.850 D/PolicyMaker( 3688): uid =10570 pkg=com.hyperxray.an reason=fgservice
11-27 18:43:02.853 D/PolicyMaker( 3688): uid =10570 pkg=com.hyperxray.an reason=fgservice
11-27 18:43:07.855 D/PolicyMaker( 3688): uid =10570 pkg=com.hyperxray.an reason=fgservice
11-27 18:43:12.857 D/PolicyMaker( 3688): uid =10570 pkg=com.hyperxray.an reason=fgservice
11-27 18:43:13.020 W/ActivityManager( 3688): java.io.FileNotFoundException: /sys/fs/cgroup/apps/uid_10165/pid_27529/cgroup.procs: open failed: ENOENT (No such file or directory)
11-27 18:43:13.020 W/ActivityManager( 3688): Caused by: android.system.ErrnoException: open failed: ENOENT (No such file or directory)
11-27 18:43:13.020 W/ActivityManager( 3688): java.io.FileNotFoundException: /sys/fs/cgroup/apps/uid_10185/pid_19103/cgroup.procs: open failed: ENOENT (No such file or directory)
11-27 18:43:13.020 W/ActivityManager( 3688): Caused by: android.system.ErrnoException: open failed: ENOENT (No such file or directory)
11-27 18:43:13.021 W/ActivityManager( 3688): java.io.FileNotFoundException: /sys/fs/cgroup/apps/uid_10182/pid_13131/cgroup.procs: open failed: ENOENT (No such file or directory)
11-27 18:43:13.021 W/ActivityManager( 3688): Caused by: android.system.ErrnoException: open failed: ENOENT (No such file or directory)
11-27 18:43:17.860 D/PolicyMaker( 3688): uid =10570 pkg=com.hyperxray.an reason=fgservice
11-27 18:43:22.862 D/PolicyMaker( 3688): uid =10570 pkg=com.hyperxray.an reason=fgservice
11-27 18:43:27.865 D/PolicyMaker( 3688): uid =10570 pkg=com.hyperxray.an reason=fgservice
11-27 18:43:30.252 E/BluetoothPowerStatsCollector( 3688): java.util.concurrent.ExecutionException: java.lang.RuntimeException: error: 11
11-27 18:43:30.252 E/BluetoothPowerStatsCollector( 3688): Caused by: java.lang.RuntimeException: error: 11
11-27 18:43:32.868 D/PolicyMaker( 3688): uid =10570 pkg=com.hyperxray.an reason=fgservice
11-27 18:43:37.869 D/PolicyMaker( 3688): uid =10570 pkg=com.hyperxray.an reason=fgservice
11-27 18:43:42.872 D/PolicyMaker( 3688): uid =10570 pkg=com.hyperxray.an reason=fgservice
11-27 18:43:47.874 D/PolicyMaker( 3688): uid =10570 pkg=com.hyperxray.an reason=fgservice
11-27 18:43:52.876 D/PolicyMaker( 3688): uid =10570 pkg=com.hyperxray.an reason=fgservice
11-27 18:43:57.877 D/PolicyMaker( 3688): uid =10570 pkg=com.hyperxray.an reason=fgservice
11-27 18:44:02.879 D/PolicyMaker( 3688): uid =10570 pkg=com.hyperxray.an reason=fgservice
11-27 18:44:07.881 D/PolicyMaker( 3688): uid =10570 pkg=com.hyperxray.an reason=fgservice
11-27 18:44:12.882 D/PolicyMaker( 3688): uid =10570 pkg=com.hyperxray.an reason=fgservice
11-27 18:44:17.883 D/PolicyMaker( 3688): uid =10570 pkg=com.hyperxray.an reason=fgservice
11-27 18:44:22.884 D/PolicyMaker( 3688): uid =10570 pkg=com.hyperxray.an reason=fgservice
11-27 18:44:27.887 D/PolicyMaker( 3688): uid =10570 pkg=com.hyperxray.an reason=fgservice
11-27 18:44:32.890 D/PolicyMaker( 3688): uid =10570 pkg=com.hyperxray.an reason=fgservice
11-27 18:44:36.228 I/PowerManagerServiceImpl( 3688): Partial wakeLock:[PARTIAL_WAKE_LOCK                 'HyperXray::HyperVpnService::WakeLock' DISABLED (uid=10570 pid=14596 pkg=com.hyperxray.an)], disabled: false, procState: 4, reason: Process Priority
11-27 18:44:36.234 I/PowerManagerServiceImpl( 3688): Partial wakeLock:[PARTIAL_WAKE_LOCK                 'HyperXray::HyperVpnService::WakeLock' DISABLED (uid=10570 pid=14596 pkg=com.hyperxray.an)], disabled: false, procState: 4, reason: Process Priority
11-27 18:44:37.893 D/PolicyMaker( 3688): uid =10570 pkg=com.hyperxray.an reason=fgservice
11-27 18:44:38.242 I/PowerManagerServiceImpl( 3688): Partial wakeLock:[PARTIAL_WAKE_LOCK                 'HyperXray::HyperVpnService::WakeLock' DISABLED (uid=10570 pid=14596 pkg=com.hyperxray.an)], disabled: false, procState: 4, reason: Process Priority
11-27 18:44:40.647 W/ActivityManager( 3688): java.io.FileNotFoundException: /sys/fs/cgroup/apps/uid_10165/pid_27529/cgroup.procs: open failed: ENOENT (No such file or directory)
11-27 18:44:40.647 W/ActivityManager( 3688): Caused by: android.system.ErrnoException: open failed: ENOENT (No such file or directory)
11-27 18:44:40.647 W/ActivityManager( 3688): java.io.FileNotFoundException: /sys/fs/cgroup/apps/uid_10185/pid_19103/cgroup.procs: open failed: ENOENT (No such file or directory)
11-27 18:44:40.647 W/ActivityManager( 3688): Caused by: android.system.ErrnoException: open failed: ENOENT (No such file or directory)
11-27 18:44:40.648 W/ActivityManager( 3688): java.io.FileNotFoundException: /sys/fs/cgroup/apps/uid_10182/pid_13131/cgroup.procs: open failed: ENOENT (No such file or directory)
11-27 18:44:40.648 W/ActivityManager( 3688): Caused by: android.system.ErrnoException: open failed: ENOENT (No such file or directory)
11-27 18:44:42.895 D/PolicyMaker( 3688): uid =10570 pkg=com.hyperxray.an reason=fgservice
11-27 18:44:47.897 D/PolicyMaker( 3688): uid =10570 pkg=com.hyperxray.an reason=fgservice
11-27 18:44:52.898 D/PolicyMaker( 3688): uid =10570 pkg=com.hyperxray.an reason=fgservice
11-27 18:44:57.900 D/PolicyMaker( 3688): uid =10570 pkg=com.hyperxray.an reason=fgservice
11-27 18:45:02.902 D/PolicyMaker( 3688): uid =10570 pkg=com.hyperxray.an reason=fgservice
11-27 18:45:07.905 D/PolicyMaker( 3688): uid =10570 pkg=com.hyperxray.an reason=fgservice
11-27 18:45:12.908 D/PolicyMaker( 3688): uid =10570 pkg=com.hyperxray.an reason=fgservice
11-27 18:45:17.910 D/PolicyMaker( 3688): uid =10570 pkg=com.hyperxray.an reason=fgservice
11-27 18:45:22.912 D/PolicyMaker( 3688): uid =10570 pkg=com.hyperxray.an reason=fgservice
11-27 18:45:27.914 D/PolicyMaker( 3688): uid =10570 pkg=com.hyperxray.an reason=fgservice
11-27 18:45:32.916 D/PolicyMaker( 3688): uid =10570 pkg=com.hyperxray.an reason=fgservice
11-27 18:45:37.920 D/PolicyMaker( 3688): uid =10570 pkg=com.hyperxray.an reason=fgservice
11-27 18:45:42.922 D/PolicyMaker( 3688): uid =10570 pkg=com.hyperxray.an reason=fgservice
11-27 18:45:46.702 W/ActivityManager( 3688): java.io.FileNotFoundException: /sys/fs/cgroup/apps/uid_10165/pid_27529/cgroup.procs: open failed: ENOENT (No such file or directory)
11-27 18:45:46.702 W/ActivityManager( 3688): Caused by: android.system.ErrnoException: open failed: ENOENT (No such file or directory)
11-27 18:45:46.703 W/ActivityManager( 3688): java.io.FileNotFoundException: /sys/fs/cgroup/apps/uid_10185/pid_19103/cgroup.procs: open failed: ENOENT (No such file or directory)
11-27 18:45:46.703 W/ActivityManager( 3688): Caused by: android.system.ErrnoException: open failed: ENOENT (No such file or directory)
11-27 18:45:46.703 W/ActivityManager( 3688): java.io.FileNotFoundException: /sys/fs/cgroup/apps/uid_10182/pid_13131/cgroup.procs: open failed: ENOENT (No such file or directory)
11-27 18:45:46.703 W/ActivityManager( 3688): Caused by: android.system.ErrnoException: open failed: ENOENT (No such file or directory)
11-27 18:45:47.924 D/PolicyMaker( 3688): uid =10570 pkg=com.hyperxray.an reason=fgservice
11-27 18:45:52.926 D/PolicyMaker( 3688): uid =10570 pkg=com.hyperxray.an reason=fgservice
11-27 18:45:57.927 D/PolicyMaker( 3688): uid =10570 pkg=com.hyperxray.an reason=fgservice
11-27 18:46:02.929 D/PolicyMaker( 3688): uid =10570 pkg=com.hyperxray.an reason=fgservice
11-27 18:46:07.931 D/PolicyMaker( 3688): uid =10570 pkg=com.hyperxray.an reason=fgservice
11-27 18:46:12.933 D/PolicyMaker( 3688): uid =10570 pkg=com.hyperxray.an reason=fgservice
11-27 18:46:17.937 D/PolicyMaker( 3688): uid =10570 pkg=com.hyperxray.an reason=fgservice
11-27 18:46:22.939 D/PolicyMaker( 3688): uid =10570 pkg=com.hyperxray.an reason=fgservice
11-27 18:46:27.942 D/PolicyMaker( 3688): uid =10570 pkg=com.hyperxray.an reason=fgservice
11-27 18:46:32.944 D/PolicyMaker( 3688): uid =10570 pkg=com.hyperxray.an reason=fgservice
11-27 18:46:37.946 D/PolicyMaker( 3688): uid =10570 pkg=com.hyperxray.an reason=fgservice
11-27 18:46:42.948 D/PolicyMaker( 3688): uid =10570 pkg=com.hyperxray.an reason=fgservice
11-27 18:46:47.951 D/PolicyMaker( 3688): uid =10570 pkg=com.hyperxray.an reason=fgservice
11-27 18:46:52.955 D/PolicyMaker( 3688): uid =10570 pkg=com.hyperxray.an reason=fgservice
11-27 18:46:57.957 D/PolicyMaker( 3688): uid =10570 pkg=com.hyperxray.an reason=fgservice
11-27 18:47:02.958 D/PolicyMaker( 3688): uid =10570 pkg=com.hyperxray.an reason=fgservice
11-27 18:47:07.961 D/PolicyMaker( 3688): uid =10570 pkg=com.hyperxray.an reason=fgservice
11-27 18:47:12.963 D/PolicyMaker( 3688): uid =10570 pkg=com.hyperxray.an reason=fgservice
11-27 18:47:17.965 D/PolicyMaker( 3688): uid =10570 pkg=com.hyperxray.an reason=fgservice
11-27 18:47:22.967 D/PolicyMaker( 3688): uid =10570 pkg=com.hyperxray.an reason=fgservice
11-27 18:47:27.969 D/PolicyMaker( 3688): uid =10570 pkg=com.hyperxray.an reason=fgservice
11-27 18:47:32.973 D/PolicyMaker( 3688): uid =10570 pkg=com.hyperxray.an reason=fgservice
11-27 18:47:37.975 D/PolicyMaker( 3688): uid =10570 pkg=com.hyperxray.an reason=fgservice
11-27 18:47:42.977 D/PolicyMaker( 3688): uid =10570 pkg=com.hyperxray.an reason=fgservice
11-27 18:47:44.049 E/AppOps  ( 3688): java.lang.SecurityException: Specified package "com.android.phone" under uid 10208 but it is not
11-27 18:47:44.690 E/AppOps  ( 3688): java.lang.SecurityException: Specified package "com.android.phone" under uid 10208 but it is not
11-27 18:47:47.979 D/PolicyMaker( 3688): uid =10570 pkg=com.hyperxray.an reason=fgservice
11-27 18:47:52.980 D/PolicyMaker( 3688): uid =10570 pkg=com.hyperxray.an reason=fgservice
11-27 18:47:57.982 D/PolicyMaker( 3688): uid =10570 pkg=com.hyperxray.an reason=fgservice
11-27 18:48:02.985 D/PolicyMaker( 3688): uid =10570 pkg=com.hyperxray.an reason=fgservice
11-27 18:48:07.988 D/PolicyMaker( 3688): uid =10570 pkg=com.hyperxray.an reason=fgservice
11-27 18:48:12.990 D/PolicyMaker( 3688): uid =10570 pkg=com.hyperxray.an reason=fgservice
11-27 18:48:17.992 D/PolicyMaker( 3688): uid =10570 pkg=com.hyperxray.an reason=fgservice
11-27 18:48:22.994 D/PolicyMaker( 3688): uid =10570 pkg=com.hyperxray.an reason=fgservice
11-27 18:48:27.996 D/PolicyMaker( 3688): uid =10570 pkg=com.hyperxray.an reason=fgservice
11-27 18:48:32.997 D/PolicyMaker( 3688): uid =10570 pkg=com.hyperxray.an reason=fgservice
11-27 18:48:35.776 E/BluetoothPowerStatsCollector( 3688): java.util.concurrent.ExecutionException: java.lang.RuntimeException: error: 11
11-27 18:48:35.776 E/BluetoothPowerStatsCollector( 3688): Caused by: java.lang.RuntimeException: error: 11
11-27 18:48:35.841 E/BluetoothPowerStatsCollector( 3688): java.util.concurrent.ExecutionException: java.lang.RuntimeException: error: 11
11-27 18:48:35.841 E/BluetoothPowerStatsCollector( 3688): Caused by: java.lang.RuntimeException: error: 11
11-27 18:48:38.001 D/PolicyMaker( 3688): uid =10570 pkg=com.hyperxray.an reason=fgservice
11-27 18:48:43.004 D/PolicyMaker( 3688): uid =10570 pkg=com.hyperxray.an reason=fgservice
11-27 18:48:48.006 D/PolicyMaker( 3688): uid =10570 pkg=com.hyperxray.an reason=fgservice
11-27 18:48:53.009 D/PolicyMaker( 3688): uid =10570 pkg=com.hyperxray.an reason=fgservice
11-27 18:48:58.010 D/PolicyMaker( 3688): uid =10570 pkg=com.hyperxray.an reason=fgservice
11-27 18:49:01.135 W/ActivityManager( 3688): java.io.FileNotFoundException: /sys/fs/cgroup/apps/uid_10165/pid_27529/cgroup.procs: open failed: ENOENT (No such file or directory)
11-27 18:49:01.135 W/ActivityManager( 3688): Caused by: android.system.ErrnoException: open failed: ENOENT (No such file or directory)
11-27 18:49:01.136 W/ActivityManager( 3688): java.io.FileNotFoundException: /sys/fs/cgroup/apps/uid_10185/pid_19103/cgroup.procs: open failed: ENOENT (No such file or directory)
11-27 18:49:01.136 W/ActivityManager( 3688): Caused by: android.system.ErrnoException: open failed: ENOENT (No such file or directory)
11-27 18:49:01.136 W/ActivityManager( 3688): java.io.FileNotFoundException: /sys/fs/cgroup/apps/uid_10182/pid_13131/cgroup.procs: open failed: ENOENT (No such file or directory)
11-27 18:49:01.136 W/ActivityManager( 3688): Caused by: android.system.ErrnoException: open failed: ENOENT (No such file or directory)
11-27 18:49:03.013 D/PolicyMaker( 3688): uid =10570 pkg=com.hyperxray.an reason=fgservice
11-27 18:49:08.015 D/PolicyMaker( 3688): uid =10570 pkg=com.hyperxray.an reason=fgservice
11-27 18:49:13.017 D/PolicyMaker( 3688): uid =10570 pkg=com.hyperxray.an reason=fgservice
11-27 18:49:13.753 W/SettingsProvider( 3688): java.lang.SecurityException: Failed to find provider settings for user 999; expected to find a valid ContentProvider for this authority
11-27 18:49:18.019 D/PolicyMaker( 3688): uid =10570 pkg=com.hyperxray.an reason=fgservice
11-27 18:49:23.021 D/PolicyMaker( 3688): uid =10570 pkg=com.hyperxray.an reason=fgservice
11-27 18:49:28.022 D/PolicyMaker( 3688): uid =10570 pkg=com.hyperxray.an reason=fgservice
11-27 18:49:33.025 D/PolicyMaker( 3688): uid =10570 pkg=com.hyperxray.an reason=fgservice
11-27 18:49:38.027 D/PolicyMaker( 3688): uid =10570 pkg=com.hyperxray.an reason=fgservice
11-27 18:49:40.713 W/ActivityManager( 3688): java.io.FileNotFoundException: /sys/fs/cgroup/apps/uid_10165/pid_27529/cgroup.procs: open failed: ENOENT (No such file or directory)
11-27 18:49:40.713 W/ActivityManager( 3688): Caused by: android.system.ErrnoException: open failed: ENOENT (No such file or directory)
11-27 18:49:40.713 W/ActivityManager( 3688): java.io.FileNotFoundException: /sys/fs/cgroup/apps/uid_10185/pid_19103/cgroup.procs: open failed: ENOENT (No such file or directory)
11-27 18:49:40.713 W/ActivityManager( 3688): Caused by: android.system.ErrnoException: open failed: ENOENT (No such file or directory)
11-27 18:49:40.714 W/ActivityManager( 3688): java.io.FileNotFoundException: /sys/fs/cgroup/apps/uid_10182/pid_13131/cgroup.procs: open failed: ENOENT (No such file or directory)
11-27 18:49:40.714 W/ActivityManager( 3688): Caused by: android.system.ErrnoException: open failed: ENOENT (No such file or directory)
11-27 18:49:43.029 D/PolicyMaker( 3688): uid =10570 pkg=com.hyperxray.an reason=fgservice
11-27 18:49:48.032 D/PolicyMaker( 3688): uid =10570 pkg=com.hyperxray.an reason=fgservice
11-27 18:49:53.034 D/PolicyMaker( 3688): uid =10570 pkg=com.hyperxray.an reason=fgservice
11-27 18:49:58.035 D/PolicyMaker( 3688): uid =10570 pkg=com.hyperxray.an reason=fgservice
11-27 18:50:03.037 D/PolicyMaker( 3688): uid =10570 pkg=com.hyperxray.an reason=fgservice
11-27 18:50:08.039 D/PolicyMaker( 3688): uid =10570 pkg=com.hyperxray.an reason=fgservice
11-27 18:50:13.043 D/PolicyMaker( 3688): uid =10570 pkg=com.hyperxray.an reason=fgservice
11-27 18:50:18.046 D/PolicyMaker( 3688): uid =10570 pkg=com.hyperxray.an reason=fgservice
11-27 18:50:23.048 D/PolicyMaker( 3688): uid =10570 pkg=com.hyperxray.an reason=fgservice
11-27 18:50:28.050 D/PolicyMaker( 3688): uid =10570 pkg=com.hyperxray.an reason=fgservice
11-27 18:50:33.053 D/PolicyMaker( 3688): uid =10570 pkg=com.hyperxray.an reason=fgservice
11-27 18:50:38.054 D/PolicyMaker( 3688): uid =10570 pkg=com.hyperxray.an reason=fgservice
11-27 18:50:43.055 D/PolicyMaker( 3688): uid =10570 pkg=com.hyperxray.an reason=fgservice
11-27 18:50:48.055 D/PolicyMaker( 3688): uid =10570 pkg=com.hyperxray.an reason=fgservice
11-27 18:50:53.059 D/PolicyMaker( 3688): uid =10570 pkg=com.hyperxray.an reason=fgservice
11-27 18:50:58.061 D/PolicyMaker( 3688): uid =10570 pkg=com.hyperxray.an reason=fgservice
11-27 18:51:03.062 D/PolicyMaker( 3688): uid =10570 pkg=com.hyperxray.an reason=fgservice
11-27 18:51:08.064 D/PolicyMaker( 3688): uid =10570 pkg=com.hyperxray.an reason=fgservice
11-27 18:51:13.066 D/PolicyMaker( 3688): uid =10570 pkg=com.hyperxray.an reason=fgservice
11-27 18:51:18.069 D/PolicyMaker( 3688): uid =10570 pkg=com.hyperxray.an reason=fgservice
11-27 18:51:23.071 D/PolicyMaker( 3688): uid =10570 pkg=com.hyperxray.an reason=fgservice
11-27 18:51:28.073 D/PolicyMaker( 3688): uid =10570 pkg=com.hyperxray.an reason=fgservice
11-27 18:51:33.074 D/PolicyMaker( 3688): uid =10570 pkg=com.hyperxray.an reason=fgservice
11-27 18:51:38.077 D/PolicyMaker( 3688): uid =10570 pkg=com.hyperxray.an reason=fgservice
11-27 18:51:43.079 D/PolicyMaker( 3688): uid =10570 pkg=com.hyperxray.an reason=fgservice
11-27 18:51:48.080 D/PolicyMaker( 3688): uid =10570 pkg=com.hyperxray.an reason=fgservice
11-27 18:51:53.083 D/PolicyMaker( 3688): uid =10570 pkg=com.hyperxray.an reason=fgservice
11-27 18:51:58.086 D/PolicyMaker( 3688): uid =10570 pkg=com.hyperxray.an reason=fgservice
11-27 18:52:03.090 D/PolicyMaker( 3688): uid =10570 pkg=com.hyperxray.an reason=fgservice
11-27 18:52:08.093 D/PolicyMaker( 3688): uid =10570 pkg=com.hyperxray.an reason=fgservice
11-27 18:52:13.094 D/PolicyMaker( 3688): uid =10570 pkg=com.hyperxray.an reason=fgservice
11-27 18:52:18.096 D/PolicyMaker( 3688): uid =10570 pkg=com.hyperxray.an reason=fgservice
11-27 18:52:23.099 D/PolicyMaker( 3688): uid =10570 pkg=com.hyperxray.an reason=fgservice
11-27 18:52:25.937 W/ActivityManager( 3688): java.io.FileNotFoundException: /sys/fs/cgroup/apps/uid_10165/pid_27529/cgroup.procs: open failed: ENOENT (No such file or directory)
11-27 18:52:25.937 W/ActivityManager( 3688): Caused by: android.system.ErrnoException: open failed: ENOENT (No such file or directory)
11-27 18:52:25.937 W/ActivityManager( 3688): java.io.FileNotFoundException: /sys/fs/cgroup/apps/uid_10185/pid_19103/cgroup.procs: open failed: ENOENT (No such file or directory)
11-27 18:52:25.937 W/ActivityManager( 3688): Caused by: android.system.ErrnoException: open failed: ENOENT (No such file or directory)
11-27 18:52:25.938 W/ActivityManager( 3688): java.io.FileNotFoundException: /sys/fs/cgroup/apps/uid_10182/pid_13131/cgroup.procs: open failed: ENOENT (No such file or directory)
11-27 18:52:25.938 W/ActivityManager( 3688): Caused by: android.system.ErrnoException: open failed: ENOENT (No such file or directory)
11-27 18:52:28.101 D/PolicyMaker( 3688): uid =10570 pkg=com.hyperxray.an reason=fgservice
11-27 18:52:33.106 D/PolicyMaker( 3688): uid =10570 pkg=com.hyperxray.an reason=fgservice
11-27 18:52:38.108 D/PolicyMaker( 3688): uid =10570 pkg=com.hyperxray.an reason=fgservice
11-27 18:52:43.110 D/PolicyMaker( 3688): uid =10570 pkg=com.hyperxray.an reason=fgservice
11-27 18:52:48.112 D/PolicyMaker( 3688): uid =10570 pkg=com.hyperxray.an reason=fgservice
11-27 18:52:53.115 D/PolicyMaker( 3688): uid =10570 pkg=com.hyperxray.an reason=fgservice
11-27 18:52:58.116 D/PolicyMaker( 3688): uid =10570 pkg=com.hyperxray.an reason=fgservice
11-27 18:53:03.119 D/PolicyMaker( 3688): uid =10570 pkg=com.hyperxray.an reason=fgservice
11-27 18:53:08.121 D/PolicyMaker( 3688): uid =10570 pkg=com.hyperxray.an reason=fgservice
11-27 18:53:13.123 D/PolicyMaker( 3688): uid =10570 pkg=com.hyperxray.an reason=fgservice
11-27 18:53:18.125 D/PolicyMaker( 3688): uid =10570 pkg=com.hyperxray.an reason=fgservice
11-27 18:53:23.128 D/PolicyMaker( 3688): uid =10570 pkg=com.hyperxray.an reason=fgservice
11-27 18:53:28.130 D/PolicyMaker( 3688): uid =10570 pkg=com.hyperxray.an reason=fgservice
11-27 18:53:33.131 D/PolicyMaker( 3688): uid =10570 pkg=com.hyperxray.an reason=fgservice
11-27 18:53:38.134 D/PolicyMaker( 3688): uid =10570 pkg=com.hyperxray.an reason=fgservice
11-27 18:53:43.135 D/PolicyMaker( 3688): uid =10570 pkg=com.hyperxray.an reason=fgservice
11-27 18:53:48.136 D/PolicyMaker( 3688): uid =10570 pkg=com.hyperxray.an reason=fgservice
11-27 18:53:53.136 D/PolicyMaker( 3688): uid =10570 pkg=com.hyperxray.an reason=fgservice
11-27 18:53:58.138 D/PolicyMaker( 3688): uid =10570 pkg=com.hyperxray.an reason=fgservice
11-27 18:54:01.808 E/BluetoothPowerStatsCollector( 3688): java.util.concurrent.ExecutionException: java.lang.RuntimeException: error: 11
11-27 18:54:01.808 E/BluetoothPowerStatsCollector( 3688): Caused by: java.lang.RuntimeException: error: 11
11-27 18:54:03.140 D/PolicyMaker( 3688): uid =10570 pkg=com.hyperxray.an reason=fgservice
11-27 18:54:08.141 D/PolicyMaker( 3688): uid =10570 pkg=com.hyperxray.an reason=fgservice
11-27 18:54:13.142 D/PolicyMaker( 3688): uid =10570 pkg=com.hyperxray.an reason=fgservice
11-27 18:54:18.145 D/PolicyMaker( 3688): uid =10570 pkg=com.hyperxray.an reason=fgservice
11-27 18:54:23.146 D/PolicyMaker( 3688): uid =10570 pkg=com.hyperxray.an reason=fgservice
11-27 18:54:28.149 D/PolicyMaker( 3688): uid =10570 pkg=com.hyperxray.an reason=fgservice
11-27 18:54:33.152 D/PolicyMaker( 3688): uid =10570 pkg=com.hyperxray.an reason=fgservice
11-27 18:54:38.154 D/PolicyMaker( 3688): uid =10570 pkg=com.hyperxray.an reason=fgservice
11-27 18:54:40.800 W/ActivityManager( 3688): java.io.FileNotFoundException: /sys/fs/cgroup/apps/uid_10165/pid_27529/cgroup.procs: open failed: ENOENT (No such file or directory)
11-27 18:54:40.800 W/ActivityManager( 3688): Caused by: android.system.ErrnoException: open failed: ENOENT (No such file or directory)
11-27 18:54:40.800 W/ActivityManager( 3688): java.io.FileNotFoundException: /sys/fs/cgroup/apps/uid_10185/pid_19103/cgroup.procs: open failed: ENOENT (No such file or directory)
11-27 18:54:40.800 W/ActivityManager( 3688): Caused by: android.system.ErrnoException: open failed: ENOENT (No such file or directory)
11-27 18:54:40.801 W/ActivityManager( 3688): java.io.FileNotFoundException: /sys/fs/cgroup/apps/uid_10182/pid_13131/cgroup.procs: open failed: ENOENT (No such file or directory)
11-27 18:54:40.801 W/ActivityManager( 3688): Caused by: android.system.ErrnoException: open failed: ENOENT (No such file or directory)
11-27 18:54:43.156 D/PolicyMaker( 3688): uid =10570 pkg=com.hyperxray.an reason=fgservice
11-27 18:54:48.158 D/PolicyMaker( 3688): uid =10570 pkg=com.hyperxray.an reason=fgservice
11-27 18:54:53.160 D/PolicyMaker( 3688): uid =10570 pkg=com.hyperxray.an reason=fgservice
11-27 18:54:58.162 D/PolicyMaker( 3688): uid =10570 pkg=com.hyperxray.an reason=fgservice
11-27 18:55:03.165 D/PolicyMaker( 3688): uid =10570 pkg=com.hyperxray.an reason=fgservice
11-27 18:55:08.167 D/PolicyMaker( 3688): uid =10570 pkg=com.hyperxray.an reason=fgservice
11-27 18:55:13.168 D/PolicyMaker( 3688): uid =10570 pkg=com.hyperxray.an reason=fgservice
11-27 18:55:18.171 D/PolicyMaker( 3688): uid =10570 pkg=com.hyperxray.an reason=fgservice
11-27 18:55:23.173 D/PolicyMaker( 3688): uid =10570 pkg=com.hyperxray.an reason=fgservice
11-27 18:55:28.174 D/PolicyMaker( 3688): uid =10570 pkg=com.hyperxray.an reason=fgservice
11-27 18:55:33.176 D/PolicyMaker( 3688): uid =10570 pkg=com.hyperxray.an reason=fgservice
11-27 18:55:38.178 D/PolicyMaker( 3688): uid =10570 pkg=com.hyperxray.an reason=fgservice
11-27 18:55:40.502 W/ActivityManager( 3688): java.io.FileNotFoundException: /sys/fs/cgroup/apps/uid_10165/pid_27529/cgroup.procs: open failed: ENOENT (No such file or directory)
