11-21 15:03:22.416 W/VpnService( 7840): ⚠️ DNS resolution failed for scontent-cdg4-2.xx.fbcdn.net (SystemDnsCacheServer with DoH fallback)
11-21 15:03:22.416 W/VpnService( 7840): ⚠️ DNS resolution returned empty result for scontent-cdg4-2.xx.fbcdn.net after 499ms
11-21 15:03:22.416 W/VpnService( 7840): ⚠️ DNS resolution failed for scontent-cdg4-2.xx.fbcdn.net (SystemDnsCacheServer with DoH fallback)
11-21 15:03:23.200 D/XrayRuntimeService( 7840): Xray: REALITY localAddr: 192.168.1.42:57968	DialTLSContext
11-21 15:03:23.201 D/XrayRuntimeService( 7840): Xray: 2025/11/21 12:03:23.199900 [Info] [405604655] transport/internet/tcp: dialing TCP to tcp:stol.halibiram.online:443
11-21 15:03:23.201 D/XrayRuntimeService( 7840): Xray: 2025/11/21 12:03:23.199915 [Debug] [405604655] transport/internet: dialing to tcp:stol.halibiram.online:443
11-21 15:03:23.346 E/fb4a.msys(27864): E[N mns]_OnDiskCacheGetData(632)=>Start post callback cache refresh DNS resolution
11-21 15:03:23.348 E/fb4a.msys(27864): E[N mns]_OnDiskCacheGetData(632)=>Start post callback cache refresh DNS resolution
11-21 15:03:23.348 E/fb4a.msys(27864): E[N mns]_OnDiskCacheGetData(632)=>Start post callback cache refresh DNS resolution
11-21 15:03:23.350 E/fb4a.msys(27864): E[C mem.context]_LogConnectFailure(5005)=>[Happy Eyeball] Connect failed with source=1, winner stream ip=163.70.128.32, port=5222, dnsResolutionMethod=1, combined_ip_addresses=163.70.128.32
11-21 15:03:23.354 D/XrayRuntimeService( 7840): Xray: 2025/11/21 12:03:23.353837 [Info] [2701124239] proxy/socks: TCP Connect request to tcp:57.144.238.3:443
11-21 15:03:23.355 D/XrayRuntimeService( 7840): Xray: 2025/11/21 12:03:23.354493 [Info] [3511040641] proxy/socks: TCP Connect request to tcp:57.144.238.3:443
11-21 15:03:23.355 D/XrayRuntimeService( 7840): Xray: 2025/11/21 12:03:23.354516 [Info] [2302746663] proxy/socks: TCP Connect request to tcp:57.144.238.3:443
11-21 15:03:23.356 D/XrayRuntimeService( 7840): Xray: 2025/11/21 12:03:23.354521 [Info] [3588566328] proxy/socks: client UDP connection from udp:127.0.0.1:59079
11-21 15:03:23.356 D/XrayRuntimeService( 7840): Xray: 2025/11/21 12:03:23.354527 [Debug] [3588566328] proxy/socks: send packet to udp:8.8.8.8:53 with 42 bytes
11-21 15:03:23.356 D/XrayRuntimeService( 7840): Xray: 2025/11/21 12:03:23.354531 [Debug] [3588566328] transport/internet/udp: dispatch request to: udp:8.8.8.8:53
11-21 15:03:23.356 D/XrayRuntimeService( 7840): Xray: 2025/11/21 12:03:23.354534 [Info] [3588566328] transport/internet/udp: establishing new connection for udp:8.8.8.8:53
11-21 15:03:23.356 D/XrayRuntimeService( 7840): Xray: 2025/11/21 12:03:23.354537 [Info] [3588566328] app/dispatcher: default route for udp:8.8.8.8:53
11-21 15:03:23.356 D/XrayRuntimeService( 7840): Xray: 2025/11/21 12:03:23.354540 [Info] [3588566328] transport/internet/tcp: dialing TCP to tcp:stol.halibiram.online:443
11-21 15:03:23.356 D/XrayRuntimeService( 7840): Xray: 2025/11/21 12:03:23.354543 [Debug] [3588566328] transport/internet: dialing to tcp:stol.halibiram.online:443
11-21 15:03:23.356 D/XrayRuntimeService( 7840): Xray: 2025/11/21 12:03:23.354921 from udp:127.0.0.1:59079 accepted udp:8.8.8.8:53 [vless_0]
11-21 15:03:23.357 D/XrayRuntimeService( 7840): Xray: 2025/11/21 12:03:23.355005 from tcp:127.0.0.1:49562 accepted tcp:57.144.238.3:443 [vless_0]
11-21 15:03:23.357 D/DnsCacheManager( 7840): 🔍 Checking DNS cache for: z-m-gateway.facebook.com
11-21 15:03:23.357 I/DnsCacheManager( 7840): ✅ DNS cache HIT: z-m-gateway.facebook.com -> [57.144.238.3] (age: 3992s) [43μs]
11-21 15:03:23.357 D/VpnService( 7840): ✅ DNS CACHE HIT (Xray sniffing): z-m-gateway.facebook.com -> [57.144.238.3] (served from cache)
11-21 15:03:23.357 D/XrayRuntimeService( 7840): Xray: 2025/11/21 12:03:23.355011 [Info] [2302746663] app/dispatcher: sniffed domain: z-m-gateway.facebook.com
11-21 15:03:23.357 D/XrayRuntimeService( 7840): Xray: 2025/11/21 12:03:23.355014 [Info] [2302746663] app/dispatcher: default route for tcp:z-m-gateway.facebook.com:443
11-21 15:03:23.358 D/DnsCacheManager( 7840): 🔍 Checking DNS cache for: z-m-gateway.facebook.com
11-21 15:03:23.358 I/DnsCacheManager( 7840): ✅ DNS cache HIT: z-m-gateway.facebook.com -> [57.144.238.3] (age: 3992s) [495μs]
11-21 15:03:23.358 D/VpnService( 7840): ✅ DNS CACHE HIT (Xray sniffing): z-m-gateway.facebook.com -> [57.144.238.3] (served from cache)
11-21 15:03:23.358 D/XrayRuntimeService( 7840): Xray: 2025/11/21 12:03:23.356414 [Info] [2701124239] app/dispatcher: sniffed domain: z-m-gateway.facebook.com
11-21 15:03:23.358 D/XrayRuntimeService( 7840): Xray: 2025/11/21 12:03:23.356430 [Info] [2701124239] app/dispatcher: default route for tcp:z-m-gateway.facebook.com:443
11-21 15:03:23.358 D/XrayRuntimeService( 7840): Xray: 2025/11/21 12:03:23.356434 [Info] [2701124239] transport/internet/tcp: dialing TCP to tcp:stol.halibiram.online:443
11-21 15:03:23.359 D/XrayRuntimeService( 7840): Xray: 2025/11/21 12:03:23.356438 [Debug] [2701124239] transport/internet: dialing to tcp:stol.halibiram.online:443
11-21 15:03:23.359 D/XrayRuntimeService( 7840): Xray: 2025/11/21 12:03:23.356446 from tcp:127.0.0.1:49582 accepted tcp:57.144.238.3:443 [vless_0]
11-21 15:03:23.359 D/XrayRuntimeService( 7840): Xray: 2025/11/21 12:03:23.355016 [Info] [2302746663] transport/internet/tcp: dialing TCP to tcp:stol.halibiram.online:443
11-21 15:03:23.359 D/XrayRuntimeService( 7840): Xray: 2025/11/21 12:03:23.355019 [Debug] [2302746663] transport/internet: dialing to tcp:stol.halibiram.online:443
11-21 15:03:23.360 D/DnsCacheManager( 7840): 🔍 Checking DNS cache for: z-m-gateway.facebook.com
11-21 15:03:23.360 I/DnsCacheManager( 7840): ✅ DNS cache HIT: z-m-gateway.facebook.com -> [57.144.238.3] (age: 3992s) [80μs]
11-21 15:03:23.360 D/VpnService( 7840): ✅ DNS CACHE HIT (Xray sniffing): z-m-gateway.facebook.com -> [57.144.238.3] (served from cache)
11-21 15:03:23.360 D/XrayRuntimeService( 7840): Xray: 2025/11/21 12:03:23.359673 [Info] [3511040641] app/dispatcher: sniffed domain: z-m-gateway.facebook.com
11-21 15:03:23.361 D/XrayRuntimeService( 7840): Xray: 2025/11/21 12:03:23.359684 [Info] [3511040641] app/dispatcher: default route for tcp:z-m-gateway.facebook.com:443
11-21 15:03:23.361 D/XrayRuntimeService( 7840): Xray: 2025/11/21 12:03:23.359688 [Info] [3511040641] transport/internet/tcp: dialing TCP to tcp:stol.halibiram.online:443
11-21 15:03:23.361 D/XrayRuntimeService( 7840): Xray: 2025/11/21 12:03:23.359691 [Debug] [3511040641] transport/internet: dialing to tcp:stol.halibiram.online:443
11-21 15:03:23.361 D/XrayRuntimeService( 7840): Xray: 2025/11/21 12:03:23.359698 from tcp:127.0.0.1:49576 accepted tcp:57.144.238.3:443 [vless_0]
11-21 15:03:23.366 D/XrayRuntimeService( 7840): Xray: REALITY localAddr: 192.168.1.42:57926	DialTLSContext
11-21 15:03:23.871 D/SystemDnsCacheServer( 7840): ⚠️ DNS query attempt 1 failed for lm.facebook.com, retrying with timeout 350ms...
11-21 15:03:23.871 E/SystemDnsCacheServer( 7840): Error resolving domain: lm.facebook.com
11-21 15:03:23.871 E/SystemDnsCacheServer( 7840): kotlinx.coroutines.TimeoutCancellationException: Timed out waiting for 2000 ms
11-21 15:03:23.871 E/SystemDnsCacheServer( 7840): 	at kotlinx.coroutines.TimeoutKt.TimeoutCancellationException(Timeout.kt:188)
11-21 15:03:23.871 E/SystemDnsCacheServer( 7840): 	at kotlinx.coroutines.TimeoutCoroutine.run(Timeout.kt:156)
11-21 15:03:23.871 E/SystemDnsCacheServer( 7840): 	at kotlinx.coroutines.EventLoopImplBase$DelayedRunnableTask.run(EventLoop.common.kt:505)
11-21 15:03:23.871 E/SystemDnsCacheServer( 7840): 	at kotlinx.coroutines.EventLoopImplBase.processNextEvent(EventLoop.common.kt:263)
11-21 15:03:23.871 E/SystemDnsCacheServer( 7840): 	at kotlinx.coroutines.DefaultExecutor.run(DefaultExecutor.kt:105)
11-21 15:03:23.871 E/SystemDnsCacheServer( 7840): 	at java.lang.Thread.run(Thread.java:1119)
11-21 15:03:23.872 W/VpnService( 7840): ⚠️ DNS resolution timeout for lm.facebook.com after 2002ms (max: 2000ms)
11-21 15:03:23.872 W/VpnService( 7840): ⚠️ DNS resolution failed for lm.facebook.com (SystemDnsCacheServer with DoH fallback)
11-21 15:03:24.061 D/SystemDnsCacheServer( 7840): ⚠️ DNS query attempt 1 failed for payments-graph.facebook.com, retrying with timeout 350ms...
11-21 15:03:24.061 E/SystemDnsCacheServer( 7840): Error resolving domain: payments-graph.facebook.com
11-21 15:03:24.061 E/SystemDnsCacheServer( 7840): kotlinx.coroutines.TimeoutCancellationException: Timed out waiting for 2000 ms
11-21 15:03:24.061 E/SystemDnsCacheServer( 7840): 	at kotlinx.coroutines.TimeoutKt.TimeoutCancellationException(Timeout.kt:188)
11-21 15:03:24.061 E/SystemDnsCacheServer( 7840): 	at kotlinx.coroutines.TimeoutCoroutine.run(Timeout.kt:156)
11-21 15:03:24.061 E/SystemDnsCacheServer( 7840): 	at kotlinx.coroutines.EventLoopImplBase$DelayedRunnableTask.run(EventLoop.common.kt:505)
11-21 15:03:24.061 E/SystemDnsCacheServer( 7840): 	at kotlinx.coroutines.EventLoopImplBase.processNextEvent(EventLoop.common.kt:263)
11-21 15:03:24.061 E/SystemDnsCacheServer( 7840): 	at kotlinx.coroutines.DefaultExecutor.run(DefaultExecutor.kt:105)
11-21 15:03:24.061 E/SystemDnsCacheServer( 7840): 	at java.lang.Thread.run(Thread.java:1119)
11-21 15:03:24.061 W/VpnService( 7840): ⚠️ DNS resolution timeout for payments-graph.facebook.com after 2001ms (max: 2000ms)
11-21 15:03:24.061 W/VpnService( 7840): ⚠️ DNS resolution failed for payments-graph.facebook.com (SystemDnsCacheServer with DoH fallback)
11-21 15:03:24.167 D/XrayRuntimeService( 7840): Xray: 2025/11/21 12:03:24.166370 [Info] [2981332528] app/proxyman/outbound: app/proxyman/outbound: failed to process outbound traffic > proxy/vless/outbound: failed to find an available destination > common/retry: [transport/internet/reality: REALITY: processed invalid connection] > common/retry: all retry attempts failed
11-21 15:03:24.302 D/XrayRuntimeService( 7840): Xray: 2025/11/21 12:03:24.301422 [Info] [373321216] proxy/socks: client UDP connection from udp:127.0.0.1:45449
11-21 15:03:24.302 D/XrayRuntimeService( 7840): Xray: 2025/11/21 12:03:24.301469 [Debug] [373321216] proxy/socks: send packet to udp:8.8.8.8:53 with 44 bytes
11-21 15:03:24.302 D/XrayRuntimeService( 7840): Xray: 2025/11/21 12:03:24.301475 [Debug] [373321216] transport/internet/udp: dispatch request to: udp:8.8.8.8:53
11-21 15:03:24.302 D/XrayRuntimeService( 7840): Xray: 2025/11/21 12:03:24.301478 [Info] [373321216] transport/internet/udp: establishing new connection for udp:8.8.8.8:53
11-21 15:03:24.303 D/XrayRuntimeService( 7840): Xray: 2025/11/21 12:03:24.301578 [Info] [373321216] app/dispatcher: default route for udp:8.8.8.8:53
11-21 15:03:24.303 D/XrayRuntimeService( 7840): Xray: 2025/11/21 12:03:24.301656 [Info] [185206498] proxy/socks: client UDP connection from udp:127.0.0.1:49502
11-21 15:03:24.303 D/XrayRuntimeService( 7840): Xray: 2025/11/21 12:03:24.301660 [Debug] [185206498] proxy/socks: send packet to udp:8.8.8.8:53 with 44 bytes
11-21 15:03:24.303 D/XrayRuntimeService( 7840): Xray: 2025/11/21 12:03:24.301663 [Debug] [185206498] transport/internet/udp: dispatch request to: udp:8.8.8.8:53
11-21 15:03:24.304 D/XrayRuntimeService( 7840): Xray: 2025/11/21 12:03:24.301666 [Info] [185206498] transport/internet/udp: establishing new connection for udp:8.8.8.8:53
11-21 15:03:24.304 D/XrayRuntimeService( 7840): Xray: 2025/11/21 12:03:24.301668 [Info] [185206498] app/dispatcher: default route for udp:8.8.8.8:53
11-21 15:03:24.304 D/XrayRuntimeService( 7840): Xray: 2025/11/21 12:03:24.301752 from udp:127.0.0.1:49502 accepted udp:8.8.8.8:53 [vless_0]
11-21 15:03:24.304 D/XrayRuntimeService( 7840): Xray: 2025/11/21 12:03:24.301755 from udp:127.0.0.1:45449 accepted udp:8.8.8.8:53 [vless_0]
11-21 15:03:24.304 D/XrayRuntimeService( 7840): Xray: 2025/11/21 12:03:24.301759 [Info] [185206498] transport/internet/tcp: dialing TCP to tcp:stol.halibiram.online:443
11-21 15:03:24.304 D/XrayRuntimeService( 7840): Xray: 2025/11/21 12:03:24.301762 [Debug] [185206498] transport/internet: dialing to tcp:stol.halibiram.online:443
11-21 15:03:24.305 D/XrayRuntimeService( 7840): Xray: 2025/11/21 12:03:24.301764 [Info] [373321216] transport/internet/tcp: dialing TCP to tcp:stol.halibiram.online:443
11-21 15:03:24.305 D/XrayRuntimeService( 7840): Xray: 2025/11/21 12:03:24.301767 [Debug] [373321216] transport/internet: dialing to tcp:stol.halibiram.online:443
11-21 15:03:24.346 E/fb4a.msys(27864): E[N mns]_OnDiskCacheGetData(632)=>Start post callback cache refresh DNS resolution
11-21 15:03:24.348 D/XrayRuntimeService( 7840): Xray: 2025/11/21 12:03:24.348283 [Info] [2973447952] proxy/socks: TCP Connect request to tcp:57.144.238.3:443
11-21 15:03:24.350 D/DnsCacheManager( 7840): 🔍 Checking DNS cache for: z-m-gateway.facebook.com
11-21 15:03:24.350 I/DnsCacheManager( 7840): ✅ DNS cache HIT: z-m-gateway.facebook.com -> [57.144.238.3] (age: 3993s) [67μs]
11-21 15:03:24.350 D/VpnService( 7840): ✅ DNS CACHE HIT (Xray sniffing): z-m-gateway.facebook.com -> [57.144.238.3] (served from cache)
11-21 15:03:24.350 D/XrayRuntimeService( 7840): Xray: 2025/11/21 12:03:24.349552 [Info] [2973447952] app/dispatcher: sniffed domain: z-m-gateway.facebook.com
11-21 15:03:24.350 D/XrayRuntimeService( 7840): Xray: 2025/11/21 12:03:24.349574 [Info] [2973447952] app/dispatcher: default route for tcp:z-m-gateway.facebook.com:443
11-21 15:03:24.350 D/XrayRuntimeService( 7840): Xray: 2025/11/21 12:03:24.349579 [Info] [2973447952] transport/internet/tcp: dialing TCP to tcp:stol.halibiram.online:443
11-21 15:03:24.350 D/XrayRuntimeService( 7840): Xray: 2025/11/21 12:03:24.349582 [Debug] [2973447952] transport/internet: dialing to tcp:stol.halibiram.online:443
11-21 15:03:24.351 D/XrayRuntimeService( 7840): Xray: 2025/11/21 12:03:24.349589 from tcp:127.0.0.1:49606 accepted tcp:57.144.238.3:443 [vless_0]
11-21 15:03:24.352 E/fb4a.msys(27864): E[N mns]_OnDiskCacheGetData(632)=>Start post callback cache refresh DNS resolution
11-21 15:03:24.354 D/XrayRuntimeService( 7840): Xray: 2025/11/21 12:03:24.354593 [Info] [2711021737] proxy/socks: TCP Connect request to tcp:57.144.238.3:443
11-21 15:03:24.356 D/DnsCacheManager( 7840): 🔍 Checking DNS cache for: z-m-gateway.facebook.com
11-21 15:03:24.356 I/DnsCacheManager( 7840): ✅ DNS cache HIT: z-m-gateway.facebook.com -> [57.144.238.3] (age: 3993s) [43μs]
11-21 15:03:24.356 D/VpnService( 7840): ✅ DNS CACHE HIT (Xray sniffing): z-m-gateway.facebook.com -> [57.144.238.3] (served from cache)
11-21 15:03:24.356 D/XrayRuntimeService( 7840): Xray: 2025/11/21 12:03:24.355836 [Info] [2711021737] app/dispatcher: sniffed domain: z-m-gateway.facebook.com
11-21 15:03:24.356 D/XrayRuntimeService( 7840): Xray: 2025/11/21 12:03:24.355859 [Info] [2711021737] app/dispatcher: default route for tcp:z-m-gateway.facebook.com:443
11-21 15:03:24.357 D/XrayRuntimeService( 7840): Xray: 2025/11/21 12:03:24.355863 [Info] [2711021737] transport/internet/tcp: dialing TCP to tcp:stol.halibiram.online:443
11-21 15:03:24.357 D/XrayRuntimeService( 7840): Xray: 2025/11/21 12:03:24.355866 [Debug] [2711021737] transport/internet: dialing to tcp:stol.halibiram.online:443
11-21 15:03:24.357 D/XrayRuntimeService( 7840): Xray: 2025/11/21 12:03:24.355875 from tcp:127.0.0.1:49612 accepted tcp:57.144.238.3:443 [vless_0]
11-21 15:03:24.491 D/XrayRuntimeService( 7840): Xray: 2025/11/21 12:03:24.490856 [Info] [3064361528] proxy/socks: client UDP connection from udp:127.0.0.1:49078
11-21 15:03:24.491 D/XrayRuntimeService( 7840): Xray: 2025/11/21 12:03:24.490886 [Debug] [3064361528] proxy/socks: send packet to udp:57.144.238.196:443 with 1252 bytes
11-21 15:03:24.492 D/XrayRuntimeService( 7840): Xray: 2025/11/21 12:03:24.491093 [Info] [2182233186] proxy/socks: client UDP connection from udp:127.0.0.1:44616
11-21 15:03:24.492 D/XrayRuntimeService( 7840): Xray: 2025/11/21 12:03:24.490891 [Debug] [3064361528] transport/internet/udp: dispatch request to: udp:57.144.238.196:443
11-21 15:03:24.492 D/XrayRuntimeService( 7840): Xray: 2025/11/21 12:03:24.490894 [Info] [3064361528] transport/internet/udp: establishing new connection for udp:57.144.238.196:443
11-21 15:03:24.492 D/XrayRuntimeService( 7840): Xray: 2025/11/21 12:03:24.491117 [Debug] [2182233186] proxy/socks: send packet to udp:8.8.8.8:53 with 44 bytes
11-21 15:03:24.493 D/XrayRuntimeService( 7840): Xray: 2025/11/21 12:03:24.491124 [Debug] [2182233186] transport/internet/udp: dispatch request to: udp:8.8.8.8:53
11-21 15:03:24.493 D/DnsCacheManager( 7840): 🔍 Checking DNS cache for: test-gateway.instagram.com
11-21 15:03:24.493 I/DnsCacheManager( 7840): ✅ DNS cache HIT: test-gateway.instagram.com -> [57.144.238.48] (age: 4361s) [48μs]
11-21 15:03:24.493 D/VpnService( 7840): ✅ DNS CACHE HIT (Xray sniffing): test-gateway.instagram.com -> [57.144.238.48] (served from cache)
11-21 15:03:24.493 D/XrayRuntimeService( 7840): Xray: 2025/11/21 12:03:24.491294 [Info] [3064361528] app/dispatcher: sniffed domain: test-gateway.instagram.com
11-21 15:03:24.493 D/XrayRuntimeService( 7840): Xray: 2025/11/21 12:03:24.491127 [Info] [2182233186] transport/internet/udp: establishing new connection for udp:8.8.8.8:53
11-21 15:03:24.493 D/XrayRuntimeService( 7840): Xray: 2025/11/21 12:03:24.491301 [Info] [3064361528] app/dispatcher: default route for udp:test-gateway.instagram.com:443
11-21 15:03:24.493 D/XrayRuntimeService( 7840): Xray: 2025/11/21 12:03:24.491304 [Info] [3064361528] transport/internet/tcp: dialing TCP to tcp:stol.halibiram.online:443
11-21 15:03:24.493 D/XrayRuntimeService( 7840): Xray: 2025/11/21 12:03:24.491319 [Debug] [3064361528] transport/internet: dialing to tcp:stol.halibiram.online:443
11-21 15:03:24.493 D/XrayRuntimeService( 7840): Xray: 2025/11/21 12:03:24.491221 [Info] [2182233186] app/dispatcher: default route for udp:8.8.8.8:53
11-21 15:03:24.494 D/XrayRuntimeService( 7840): Xray: 2025/11/21 12:03:24.491326 from udp:127.0.0.1:49078 accepted udp:57.144.238.196:443 [vless_0]
11-21 15:03:24.494 D/XrayRuntimeService( 7840): Xray: 2025/11/21 12:03:24.491232 [Info] [2182233186] transport/internet/tcp: dialing TCP to tcp:stol.halibiram.online:443
11-21 15:03:24.494 D/XrayRuntimeService( 7840): Xray: 2025/11/21 12:03:24.491237 [Debug] [2182233186] transport/internet: dialing to tcp:stol.halibiram.online:443
11-21 15:03:24.494 D/XrayRuntimeService( 7840): Xray: 2025/11/21 12:03:24.491246 from udp:127.0.0.1:44616 accepted udp:8.8.8.8:53 [vless_0]
11-21 15:03:24.588 D/XrayRuntimeService( 7840): Xray: 2025/11/21 12:03:24.588061 [Debug] [3064361528] proxy/socks: send packet to udp:57.144.238.196:443 with 1252 bytes
11-21 15:03:24.589 D/XrayRuntimeService( 7840): Xray: 2025/11/21 12:03:24.588127 [Debug] [3064361528] transport/internet/udp: dispatch request to: udp:57.144.238.196:443
11-21 15:03:24.603 E/fb4a.msys(27864): E[N mns]_OnDiskCacheGetData(632)=>Start post callback cache refresh DNS resolution
11-21 15:03:24.606 D/XrayRuntimeService( 7840): Xray: 2025/11/21 12:03:24.606315 [Info] [3329495354] proxy/socks: TCP Connect request to tcp:57.144.238.3:443
11-21 15:03:24.607 D/DnsCacheManager( 7840): 🔍 Checking DNS cache for: z-m-gateway.facebook.com
11-21 15:03:24.607 I/DnsCacheManager( 7840): ✅ DNS cache HIT: z-m-gateway.facebook.com -> [57.144.238.3] (age: 3993s) [80μs]
11-21 15:03:24.607 D/VpnService( 7840): ✅ DNS CACHE HIT (Xray sniffing): z-m-gateway.facebook.com -> [57.144.238.3] (served from cache)
11-21 15:03:24.607 D/XrayRuntimeService( 7840): Xray: 2025/11/21 12:03:24.607153 [Info] [3329495354] app/dispatcher: sniffed domain: z-m-gateway.facebook.com
11-21 15:03:24.608 D/XrayRuntimeService( 7840): Xray: 2025/11/21 12:03:24.607178 [Info] [3329495354] app/dispatcher: default route for tcp:z-m-gateway.facebook.com:443
11-21 15:03:24.608 D/XrayRuntimeService( 7840): Xray: 2025/11/21 12:03:24.607182 [Info] [3329495354] transport/internet/tcp: dialing TCP to tcp:stol.halibiram.online:443
11-21 15:03:24.608 D/XrayRuntimeService( 7840): Xray: 2025/11/21 12:03:24.607186 [Debug] [3329495354] transport/internet: dialing to tcp:stol.halibiram.online:443
11-21 15:03:24.608 D/XrayRuntimeService( 7840): Xray: 2025/11/21 12:03:24.607194 from tcp:127.0.0.1:49630 accepted tcp:57.144.238.3:443 [vless_0]
11-21 15:03:24.690 D/XrayRuntimeService( 7840): Xray: 2025/11/21 12:03:24.690231 [Info] [4139521161] proxy/socks: TCP Connect request to tcp:57.144.238.196:443
11-21 15:03:24.691 D/XrayRuntimeService( 7840): Xray: 2025/11/21 12:03:24.691186 [Info] [1743504178] proxy/socks: TCP Connect request to tcp:57.144.238.196:443
11-21 15:03:24.692 D/XrayRuntimeService( 7840): Xray: 2025/11/21 12:03:24.691778 [Info] [1615111576] proxy/socks: client UDP connection from udp:127.0.0.1:51263
11-21 15:03:24.692 D/XrayRuntimeService( 7840): Xray: 2025/11/21 12:03:24.691808 [Debug] [1615111576] proxy/socks: send packet to udp:8.8.8.8:53 with 44 bytes
11-21 15:03:24.693 D/XrayRuntimeService( 7840): Xray: 2025/11/21 12:03:24.691814 [Debug] [1615111576] transport/internet/udp: dispatch request to: udp:8.8.8.8:53
11-21 15:03:24.693 D/XrayRuntimeService( 7840): Xray: 2025/11/21 12:03:24.691540 [Info] [1852230977] proxy/socks: TCP Connect request to tcp:57.144.238.196:443
11-21 15:03:24.694 D/XrayRuntimeService( 7840): Xray: 2025/11/21 12:03:24.691821 [Info] [1615111576] transport/internet/udp: establishing new connection for udp:8.8.8.8:53
11-21 15:03:24.694 D/XrayRuntimeService( 7840): Xray: 2025/11/21 12:03:24.691824 [Info] [1615111576] app/dispatcher: default route for udp:8.8.8.8:53
11-21 15:03:24.694 D/XrayRuntimeService( 7840): Xray: 2025/11/21 12:03:24.691902 from udp:127.0.0.1:51263 accepted udp:8.8.8.8:53 [vless_0]
11-21 15:03:24.694 D/XrayRuntimeService( 7840): Xray: 2025/11/21 12:03:24.691909 [Info] [1615111576] transport/internet/tcp: dialing TCP to tcp:stol.halibiram.online:443
11-21 15:03:24.694 D/XrayRuntimeService( 7840): Xray: 2025/11/21 12:03:24.691915 [Debug] [1615111576] transport/internet: dialing to tcp:stol.halibiram.online:443
11-21 15:03:24.694 D/DnsCacheManager( 7840): 🔍 Checking DNS cache for: test-gateway.instagram.com
11-21 15:03:24.694 I/DnsCacheManager( 7840): ✅ DNS cache HIT: test-gateway.instagram.com -> [57.144.238.48] (age: 4361s) [89μs]
11-21 15:03:24.695 D/VpnService( 7840): ✅ DNS CACHE HIT (Xray sniffing): test-gateway.instagram.com -> [57.144.238.48] (served from cache)
11-21 15:03:24.695 D/XrayRuntimeService( 7840): Xray: 2025/11/21 12:03:24.693500 [Info] [4139521161] app/dispatcher: sniffed domain: test-gateway.instagram.com
11-21 15:03:24.695 D/DnsCacheManager( 7840): 🔍 Checking DNS cache for: test-gateway.instagram.com
11-21 15:03:24.695 I/DnsCacheManager( 7840): ✅ DNS cache HIT: test-gateway.instagram.com -> [57.144.238.48] (age: 4361s) [38μs]
11-21 15:03:24.695 D/VpnService( 7840): ✅ DNS CACHE HIT (Xray sniffing): test-gateway.instagram.com -> [57.144.238.48] (served from cache)
11-21 15:03:24.695 D/XrayRuntimeService( 7840): Xray: 2025/11/21 12:03:24.691611 [Info] [1743504178] app/dispatcher: sniffed domain: test-gateway.instagram.com
11-21 15:03:24.695 D/XrayRuntimeService( 7840): Xray: 2025/11/21 12:03:24.693530 [Info] [4139521161] app/dispatcher: default route for tcp:test-gateway.instagram.com:443
11-21 15:03:24.695 D/XrayRuntimeService( 7840): Xray: 2025/11/21 12:03:24.691619 [Info] [1743504178] app/dispatcher: default route for tcp:test-gateway.instagram.com:443
11-21 15:03:24.695 D/XrayRuntimeService( 7840): Xray: 2025/11/21 12:03:24.691623 [Info] [1743504178] transport/internet/tcp: dialing TCP to tcp:stol.halibiram.online:443
11-21 15:03:24.695 D/XrayRuntimeService( 7840): Xray: 2025/11/21 12:03:24.693534 [Info] [4139521161] transport/internet/tcp: dialing TCP to tcp:stol.halibiram.online:443
11-21 15:03:24.695 D/XrayRuntimeService( 7840): Xray: 2025/11/21 12:03:24.693538 [Debug] [4139521161] transport/internet: dialing to tcp:stol.halibiram.online:443
11-21 15:03:24.696 D/XrayRuntimeService( 7840): Xray: 2025/11/21 12:03:24.691628 [Debug] [1743504178] transport/internet: dialing to tcp:stol.halibiram.online:443
11-21 15:03:24.696 D/XrayRuntimeService( 7840): Xray: 2025/11/21 12:03:24.691673 from tcp:127.0.0.1:49668 accepted tcp:57.144.238.196:443 [vless_0]
11-21 15:03:24.696 D/DnsCacheManager( 7840): 🔍 Checking DNS cache for: test-gateway.instagram.com
11-21 15:03:24.696 I/DnsCacheManager( 7840): ✅ DNS cache HIT: test-gateway.instagram.com -> [57.144.238.48] (age: 4361s) [21μs]
11-21 15:03:24.696 D/VpnService( 7840): ✅ DNS CACHE HIT (Xray sniffing): test-gateway.instagram.com -> [57.144.238.48] (served from cache)
11-21 15:03:24.696 D/XrayRuntimeService( 7840): Xray: 2025/11/21 12:03:24.696017 [Info] [1852230977] app/dispatcher: sniffed domain: test-gateway.instagram.com
11-21 15:03:24.696 D/XrayRuntimeService( 7840): Xray: 2025/11/21 12:03:24.693546 from tcp:127.0.0.1:49644 accepted tcp:57.144.238.196:443 [vless_0]
11-21 15:03:24.697 D/XrayRuntimeService( 7840): Xray: 2025/11/21 12:03:24.696075 [Info] [1852230977] app/dispatcher: default route for tcp:test-gateway.instagram.com:443
11-21 15:03:24.697 D/XrayRuntimeService( 7840): Xray: 2025/11/21 12:03:24.696080 [Info] [1852230977] transport/internet/tcp: dialing TCP to tcp:stol.halibiram.online:443
11-21 15:03:24.697 D/XrayRuntimeService( 7840): Xray: 2025/11/21 12:03:24.696083 [Debug] [1852230977] transport/internet: dialing to tcp:stol.halibiram.online:443
11-21 15:03:24.697 D/XrayRuntimeService( 7840): Xray: 2025/11/21 12:03:24.696091 from tcp:127.0.0.1:49682 accepted tcp:57.144.238.196:443 [vless_0]
11-21 15:03:24.789 D/XrayRuntimeService( 7840): Xray: 2025/11/21 12:03:24.788378 [Debug] [3064361528] proxy/socks: send packet to udp:57.144.238.196:443 with 1252 bytes
11-21 15:03:24.789 D/XrayRuntimeService( 7840): Xray: 2025/11/21 12:03:24.788409 [Debug] [3064361528] transport/internet/udp: dispatch request to: udp:57.144.238.196:443
11-21 15:03:24.806 D/BroadcastQueue( 3869): Logging broadcast for com.hyperxray.an, stopped=false, firstLaunch=false
11-21 15:03:25.189 D/XrayRuntimeService( 7840): Xray: 2025/11/21 12:03:25.189423 [Debug] [3064361528] proxy/socks: send packet to udp:57.144.238.196:443 with 1252 bytes
11-21 15:03:25.190 D/XrayRuntimeService( 7840): Xray: 2025/11/21 12:03:25.189454 [Debug] [3064361528] transport/internet/udp: dispatch request to: udp:57.144.238.196:443
11-21 15:03:25.856 D/XrayRuntimeService( 7840): Xray: 2025/11/21 12:03:25.855781 [Info] [3064361528] transport/internet/tcp: dialing TCP to tcp:stol.halibiram.online:443
11-21 15:03:25.856 D/XrayRuntimeService( 7840): Xray: 2025/11/21 12:03:25.855856 [Debug] [3064361528] transport/internet: dialing to tcp:stol.halibiram.online:443
11-21 15:03:25.856 D/XrayRuntimeService( 7840): Xray: REALITY localAddr: 192.168.1.42:58066	DialTLSContext
11-21 15:03:25.990 D/XrayRuntimeService( 7840): Xray: 2025/11/21 12:03:25.989492 [Debug] [3064361528] proxy/socks: send packet to udp:57.144.238.196:443 with 1252 bytes
11-21 15:03:25.990 D/XrayRuntimeService( 7840): Xray: 2025/11/21 12:03:25.989529 [Debug] [3064361528] transport/internet/udp: dispatch request to: udp:57.144.238.196:443
11-21 15:03:26.053 D/XrayRuntimeService( 7840): Xray: REALITY localAddr: 192.168.1.42:58066	DialTLSContext
11-21 15:03:26.059 D/XrayRuntimeService( 7840): Xray: REALITY localAddr: 192.168.1.42:58136	DialTLSContext
11-21 15:03:26.059 D/XrayRuntimeService( 7840): Xray: 2025/11/21 12:03:26.059261 [Info] [4139521161] transport/internet/tcp: dialing TCP to tcp:stol.halibiram.online:443
11-21 15:03:26.059 D/XrayRuntimeService( 7840): Xray: 2025/11/21 12:03:26.059273 [Debug] [4139521161] transport/internet: dialing to tcp:stol.halibiram.online:443
11-21 15:03:26.572 D/XrayRuntimeService( 7840): Xray: REALITY localAddr: 192.168.1.42:58010	DialTLSContext
11-21 15:03:26.635 D/XrayRuntimeService( 7840): Xray: 2025/11/21 12:03:26.635069 [Debug] [738665890] proxy/socks: send packet to udp:8.8.8.8:53 with 42 bytes
11-21 15:03:26.636 D/XrayRuntimeService( 7840): Xray: 2025/11/21 12:03:26.635126 [Debug] [738665890] transport/internet/udp: dispatch request to: udp:8.8.8.8:53
11-21 15:03:26.637 D/XrayRuntimeService( 7840): Xray: 2025/11/21 12:03:26.637461 [Debug] [3687227427] proxy/socks: send packet to udp:8.8.8.8:53 with 42 bytes
11-21 15:03:26.638 D/XrayRuntimeService( 7840): Xray: 2025/11/21 12:03:26.637517 [Debug] [3687227427] transport/internet/udp: dispatch request to: udp:8.8.8.8:53
11-21 15:03:26.638 D/XrayRuntimeService( 7840): Xray: 2025/11/21 12:03:26.637523 [Debug] [1072946020] proxy/socks: send packet to udp:8.8.8.8:53 with 42 bytes
11-21 15:03:26.638 D/XrayRuntimeService( 7840): Xray: 2025/11/21 12:03:26.637526 [Debug] [1072946020] transport/internet/udp: dispatch request to: udp:8.8.8.8:53
11-21 15:03:26.755 D/XrayRuntimeService( 7840): Xray: 2025/11/21 12:03:26.754580 [Debug] [1765102937] proxy/socks: send packet to udp:8.8.8.8:53 with 35 bytes
11-21 15:03:26.755 D/XrayRuntimeService( 7840): Xray: 2025/11/21 12:03:26.754510 [Debug] [1599584178] proxy/socks: send packet to udp:8.8.8.8:53 with 33 bytes
11-21 15:03:26.755 D/XrayRuntimeService( 7840): Xray: 2025/11/21 12:03:26.755147 [Debug] [1599584178] transport/internet/udp: dispatch request to: udp:8.8.8.8:53
11-21 15:03:26.755 D/XrayRuntimeService( 7840): Xray: 2025/11/21 12:03:26.755184 [Debug] [1765102937] transport/internet/udp: dispatch request to: udp:8.8.8.8:53
11-21 15:03:26.772 D/XrayRuntimeService( 7840): Xray: 2025/11/21 12:03:26.772323 [Info] [405604655] transport/internet/tcp: dialing TCP to tcp:stol.halibiram.online:443
11-21 15:03:26.773 D/XrayRuntimeService( 7840): Xray: 2025/11/21 12:03:26.772477 [Debug] [405604655] transport/internet: dialing to tcp:stol.halibiram.online:443
11-21 15:03:27.194 D/XrayRuntimeService( 7840): Xray: REALITY localAddr: 192.168.1.42:59486	DialTLSContext
11-21 15:03:27.274 D/BroadcastQueue( 3869): Logging broadcast for com.hyperxray.an, stopped=false, firstLaunch=false
11-21 15:03:27.395 D/XrayRuntimeService( 7840): Xray: 2025/11/21 12:03:27.394278 [Info] [3064361528] transport/internet/tcp: dialing TCP to tcp:stol.halibiram.online:443
11-21 15:03:27.395 D/XrayRuntimeService( 7840): Xray: 2025/11/21 12:03:27.394328 [Debug] [3064361528] transport/internet: dialing to tcp:stol.halibiram.online:443
11-21 15:03:27.591 D/XrayRuntimeService( 7840): Xray: 2025/11/21 12:03:27.591217 [Debug] [3064361528] proxy/socks: send packet to udp:57.144.238.196:443 with 1252 bytes
11-21 15:03:27.592 D/XrayRuntimeService( 7840): Xray: 2025/11/21 12:03:27.591274 [Debug] [3064361528] transport/internet/udp: dispatch request to: udp:57.144.238.196:443
11-21 15:03:27.698 D/XrayRuntimeService( 7840): Xray: REALITY localAddr: 192.168.1.42:58038	DialTLSContext
11-21 15:03:27.698 D/XrayRuntimeService( 7840): Xray: 2025/11/21 12:03:27.697637 [Info] [185206498] transport/internet/tcp: dialing TCP to tcp:stol.halibiram.online:443
11-21 15:03:27.698 D/XrayRuntimeService( 7840): Xray: 2025/11/21 12:03:27.697648 [Debug] [185206498] transport/internet: dialing to tcp:stol.halibiram.online:443
11-21 15:03:27.895 D/XrayRuntimeService( 7840): Xray: REALITY localAddr: 192.168.1.42:58038	DialTLSContext
11-21 15:03:27.904 D/XrayRuntimeService( 7840): Xray: REALITY localAddr: 192.168.1.42:58074	DialTLSContext
11-21 15:03:27.905 D/XrayRuntimeService( 7840): Xray: 2025/11/21 12:03:27.904299 [Info] [2182233186] transport/internet/tcp: dialing TCP to tcp:stol.halibiram.online:443
11-21 15:03:27.906 D/XrayRuntimeService( 7840): Xray: 2025/11/21 12:03:27.904440 [Debug] [2182233186] transport/internet: dialing to tcp:stol.halibiram.online:443
11-21 15:03:28.109 D/XrayRuntimeService( 7840): Xray: 2025/11/21 12:03:28.109285 [Info] [3697845208] transport/internet/tcp: dialing TCP to tcp:stol.halibiram.online:443
11-21 15:03:28.110 D/XrayRuntimeService( 7840): Xray: 2025/11/21 12:03:28.109422 [Debug] [3697845208] transport/internet: dialing to tcp:stol.halibiram.online:443
11-21 15:03:28.110 D/XrayRuntimeService( 7840): Xray: REALITY localAddr: 192.168.1.42:57930	DialTLSContext
11-21 15:03:28.178 D/XrayRuntimeService( 7840): Xray: REALITY localAddr: 192.168.1.42:59550	DialTLSContext
11-21 15:03:28.227 D/XrayRuntimeService( 7840): Xray: REALITY localAddr: 192.168.1.42:57930	DialTLSContext
11-21 15:03:28.352 D/XrayRuntimeService( 7840): Xray: 2025/11/21 12:03:28.351477 [Debug] [3588566328] proxy/socks: send packet to udp:8.8.8.8:53 with 42 bytes
11-21 15:03:28.352 D/XrayRuntimeService( 7840): Xray: 2025/11/21 12:03:28.351523 [Debug] [3588566328] transport/internet/udp: dispatch request to: udp:8.8.8.8:53
11-21 15:03:28.380 D/XrayRuntimeService( 7840): Xray: 2025/11/21 12:03:28.379156 [Info] [2182233186] transport/internet/tcp: dialing TCP to tcp:stol.halibiram.online:443
11-21 15:03:28.380 D/XrayRuntimeService( 7840): Xray: 2025/11/21 12:03:28.379206 [Debug] [2182233186] transport/internet: dialing to tcp:stol.halibiram.online:443
11-21 15:03:28.684 D/XrayRuntimeService( 7840): Xray: REALITY localAddr: 192.168.1.42:59578	DialTLSContext
11-21 15:03:28.714 D/XrayRuntimeService( 7840): Xray: REALITY localAddr: 192.168.1.42:59522	DialTLSContext
11-21 15:03:28.866 D/XrayRuntimeService( 7840): Xray: REALITY localAddr: 192.168.1.42:59522	DialTLSContext
11-21 15:03:29.084 D/XrayRuntimeService( 7840): Xray: 2025/11/21 12:03:29.083873 [Info] [2182233186] transport/internet/tcp: dialing TCP to tcp:stol.halibiram.online:443
11-21 15:03:29.085 D/XrayRuntimeService( 7840): Xray: 2025/11/21 12:03:29.083901 [Debug] [2182233186] transport/internet: dialing to tcp:stol.halibiram.online:443
11-21 15:03:29.115 D/XrayRuntimeService( 7840): Xray: 2025/11/21 12:03:29.114565 [Info] [3064361528] transport/internet/tcp: dialing TCP to tcp:stol.halibiram.online:443
11-21 15:03:29.115 D/XrayRuntimeService( 7840): Xray: 2025/11/21 12:03:29.114652 [Debug] [3064361528] transport/internet: dialing to tcp:stol.halibiram.online:443
11-21 15:03:29.233 D/XrayRuntimeService( 7840): Xray: 2025/11/21 12:03:29.232854 [Info] [2890084636] transport/internet/tcp: dialing TCP to tcp:stol.halibiram.online:443
11-21 15:03:29.234 D/XrayRuntimeService( 7840): Xray: 2025/11/21 12:03:29.232978 [Debug] [2890084636] transport/internet: dialing to tcp:stol.halibiram.online:443
11-21 15:03:29.234 D/XrayRuntimeService( 7840): Xray: REALITY localAddr: 192.168.1.42:57964	DialTLSContext
11-21 15:03:29.304 D/XrayRuntimeService( 7840): Xray: 2025/11/21 12:03:29.304033 [Debug] [373321216] proxy/socks: send packet to udp:8.8.8.8:53 with 44 bytes
11-21 15:03:29.304 D/XrayRuntimeService( 7840): Xray: 2025/11/21 12:03:29.304062 [Debug] [373321216] transport/internet/udp: dispatch request to: udp:8.8.8.8:53
11-21 15:03:29.305 D/XrayRuntimeService( 7840): Xray: 2025/11/21 12:03:29.305268 [Debug] [185206498] proxy/socks: send packet to udp:8.8.8.8:53 with 44 bytes
11-21 15:03:29.305 D/XrayRuntimeService( 7840): Xray: 2025/11/21 12:03:29.305293 [Debug] [185206498] transport/internet/udp: dispatch request to: udp:8.8.8.8:53
11-21 15:03:29.407 D/XrayRuntimeService( 7840): Xray: 2025/11/21 12:03:29.406850 [Info] [3697845208] proxy/vless/outbound: tunneling request to tcp:scontent-cdg4-2.xx.fbcdn.net:443 via stol.halibiram.online:443
11-21 15:03:29.407 D/XrayRuntimeService( 7840): Xray: 2025/11/21 12:03:29.406980 [Info] [3697845208] proxy: XtlsFilterTls found tls client hello! 243
11-21 15:03:29.408 D/XrayRuntimeService( 7840): Xray: 2025/11/21 12:03:29.406990 [Info] [3697845208] proxy: XtlsPadding 243 969 0
11-21 15:03:29.495 D/XrayRuntimeService( 7840): Xray: 2025/11/21 12:03:29.494413 [Debug] [2182233186] proxy/socks: send packet to udp:8.8.8.8:53 with 44 bytes
11-21 15:03:29.495 D/XrayRuntimeService( 7840): Xray: 2025/11/21 12:03:29.494467 [Debug] [2182233186] transport/internet/udp: dispatch request to: udp:8.8.8.8:53
11-21 15:03:29.533 D/XrayRuntimeService( 7840): Xray: 2025/11/21 12:03:29.532659 [Info] [3697845208] proxy: Xtls Unpadding new block, content 2411 padding 120 command 0
11-21 15:03:29.533 D/XrayRuntimeService( 7840): Xray: 2025/11/21 12:03:29.532685 [Info] [3697845208] proxy: XtlsFilterTls found tls 1.2! 1163
11-21 15:03:29.535 D/XrayRuntimeService( 7840): Xray: 2025/11/21 12:03:29.534843 [Info] [3697845208] proxy: XtlsPadding 76 1200 0
11-21 15:03:29.536 D/XrayRuntimeService( 7840): Xray: 2025/11/21 12:03:29.535914 [Info] [3697845208] proxy: XtlsPadding 5900 57 1
11-21 15:03:29.676 D/XrayRuntimeService( 7840): Xray: 2025/11/21 12:03:29.675535 [Info] [3697845208] proxy: Xtls Unpadding new block, content 179 padding 990 command 1
11-21 15:03:29.690 D/XrayRuntimeService( 7840): Xray: 2025/11/21 12:03:29.689916 [Debug] [1615111576] proxy/socks: send packet to udp:8.8.8.8:53 with 44 bytes
11-21 15:03:29.690 D/XrayRuntimeService( 7840): Xray: 2025/11/21 12:03:29.690037 [Debug] [1615111576] transport/internet/udp: dispatch request to: udp:8.8.8.8:53
11-21 15:03:30.443 D/XrayRuntimeService( 7840): Xray: REALITY localAddr: 192.168.1.42:59594	DialTLSContext
11-21 15:03:30.443 D/XrayRuntimeService( 7840): Xray: REALITY localAddr: 192.168.1.42:59588	DialTLSContext
11-21 15:03:30.691 D/XrayRuntimeService( 7840): Xray: 2025/11/21 12:03:30.691175 [Info] [1247470188] proxy/socks: TCP Connect request to tcp:157.240.202.23:443
11-21 15:03:30.692 D/DnsCacheManager( 7840): 🔍 Checking DNS cache for: edge-mqtt.facebook.com
11-21 15:03:30.692 I/DnsCacheManager( 7840): ✅ DNS cache HIT: edge-mqtt.facebook.com -> [163.70.128.63] (age: 4367s) [50μs]
11-21 15:03:30.692 D/VpnService( 7840): ✅ DNS CACHE HIT (Xray sniffing): edge-mqtt.facebook.com -> [163.70.128.63] (served from cache)
11-21 15:03:30.692 D/XrayRuntimeService( 7840): Xray: 2025/11/21 12:03:30.691339 [Info] [1247470188] app/dispatcher: sniffed domain: edge-mqtt.facebook.com
11-21 15:03:30.692 D/XrayRuntimeService( 7840): Xray: 2025/11/21 12:03:30.691348 [Info] [1247470188] app/dispatcher: default route for tcp:edge-mqtt.facebook.com:443
11-21 15:03:30.692 D/XrayRuntimeService( 7840): Xray: 2025/11/21 12:03:30.691352 [Info] [1247470188] transport/internet/tcp: dialing TCP to tcp:stol.halibiram.online:443
11-21 15:03:30.693 D/XrayRuntimeService( 7840): Xray: 2025/11/21 12:03:30.691356 [Debug] [1247470188] transport/internet: dialing to tcp:stol.halibiram.online:443
11-21 15:03:30.693 D/XrayRuntimeService( 7840): Xray: 2025/11/21 12:03:30.691356 from tcp:127.0.0.1:58694 accepted tcp:157.240.202.23:443 [vless_0]
11-21 15:03:31.044 D/XrayRuntimeService( 7840): Xray: 2025/11/21 12:03:31.043997 [Info] [2182233186] transport/internet/tcp: dialing TCP to tcp:stol.halibiram.online:443
11-21 15:03:31.044 D/XrayRuntimeService( 7840): Xray: 2025/11/21 12:03:31.043901 [Info] [3064361528] transport/internet/tcp: dialing TCP to tcp:stol.halibiram.online:443
11-21 15:03:31.045 D/XrayRuntimeService( 7840): Xray: 2025/11/21 12:03:31.044098 [Debug] [2182233186] transport/internet: dialing to tcp:stol.halibiram.online:443
11-21 15:03:31.045 D/XrayRuntimeService( 7840): Xray: 2025/11/21 12:03:31.044132 [Debug] [3064361528] transport/internet: dialing to tcp:stol.halibiram.online:443
11-21 15:03:31.637 E/fb4a.msys(27864): E[N mns]_LogError(228)=>Failed to resolve using system DNS resolver, getaddrinfo(): No address associated with hostname
11-21 15:03:31.641 E/fb4a.msys(27864): E[N mns]_LogError(228)=>Failed to resolve using system DNS resolver, getaddrinfo(): No address associated with hostname
11-21 15:03:31.641 E/fb4a.msys(27864): E[N mns]_LogError(228)=>Failed to resolve using system DNS resolver, getaddrinfo(): No address associated with hostname
11-21 15:03:31.642 D/XrayRuntimeService( 7840): Xray: 2025/11/21 12:03:31.641079 [Info] [3246477782] proxy/socks: client UDP connection from udp:127.0.0.1:43862
11-21 15:03:31.642 D/XrayRuntimeService( 7840): Xray: 2025/11/21 12:03:31.641124 [Debug] [3246477782] proxy/socks: send packet to udp:8.8.8.8:53 with 42 bytes
11-21 15:03:31.642 D/XrayRuntimeService( 7840): Xray: 2025/11/21 12:03:31.641129 [Debug] [3246477782] transport/internet/udp: dispatch request to: udp:8.8.8.8:53
11-21 15:03:31.643 D/XrayRuntimeService( 7840): Xray: 2025/11/21 12:03:31.641133 [Info] [3246477782] transport/internet/udp: establishing new connection for udp:8.8.8.8:53
11-21 15:03:31.643 D/XrayRuntimeService( 7840): Xray: 2025/11/21 12:03:31.641765 [Info] [3246477782] app/dispatcher: default route for udp:8.8.8.8:53
11-21 15:03:31.644 D/XrayRuntimeService( 7840): Xray: 2025/11/21 12:03:31.641871 from udp:127.0.0.1:43862 accepted udp:8.8.8.8:53 [vless_0]
11-21 15:03:31.644 D/XrayRuntimeService( 7840): Xray: 2025/11/21 12:03:31.641948 [Info] [3246477782] transport/internet/tcp: dialing TCP to tcp:stol.halibiram.online:443
11-21 15:03:31.644 D/XrayRuntimeService( 7840): Xray: 2025/11/21 12:03:31.641952 [Debug] [3246477782] transport/internet: dialing to tcp:stol.halibiram.online:443
11-21 15:03:31.645 D/XrayRuntimeService( 7840): Xray: 2025/11/21 12:03:31.644987 [Info] [1333656124] proxy/socks: client UDP connection from udp:127.0.0.1:48313
11-21 15:03:31.645 D/XrayRuntimeService( 7840): Xray: 2025/11/21 12:03:31.645021 [Debug] [1333656124] proxy/socks: send packet to udp:8.8.8.8:53 with 42 bytes
11-21 15:03:31.645 D/XrayRuntimeService( 7840): Xray: 2025/11/21 12:03:31.645026 [Debug] [1333656124] transport/internet/udp: dispatch request to: udp:8.8.8.8:53
11-21 15:03:31.646 D/XrayRuntimeService( 7840): Xray: 2025/11/21 12:03:31.645030 [Info] [1333656124] transport/internet/udp: establishing new connection for udp:8.8.8.8:53
11-21 15:03:31.646 D/XrayRuntimeService( 7840): Xray: 2025/11/21 12:03:31.645034 [Info] [1333656124] app/dispatcher: default route for udp:8.8.8.8:53
11-21 15:03:31.646 D/XrayRuntimeService( 7840): Xray: 2025/11/21 12:03:31.645038 [Info] [1333656124] transport/internet/tcp: dialing TCP to tcp:stol.halibiram.online:443
11-21 15:03:31.646 D/XrayRuntimeService( 7840): Xray: 2025/11/21 12:03:31.645045 [Debug] [1333656124] transport/internet: dialing to tcp:stol.halibiram.online:443
11-21 15:03:31.647 D/XrayRuntimeService( 7840): Xray: 2025/11/21 12:03:31.645121 from udp:127.0.0.1:48313 accepted udp:8.8.8.8:53 [vless_0]
11-21 15:03:31.758 E/fb4a.DNSPrefetch(27864): Failed to prefetch domain
11-21 15:03:31.758 E/fb4a.DNSPrefetch(27864): java.net.UnknownHostException: Unable to resolve host "denizlimanset.com": No address associated with hostname
11-21 15:03:31.758 E/fb4a.DNSPrefetch(27864): 	at java.net.Inet6AddressImpl.lookupHostByName(Inet6AddressImpl.java:156)
11-21 15:03:31.758 E/fb4a.DNSPrefetch(27864): 	at java.net.Inet6AddressImpl.lookupAllHostAddr(Inet6AddressImpl.java:103)
11-21 15:03:31.758 E/fb4a.DNSPrefetch(27864): 	at java.net.InetAddress.getByName(InetAddress.java:1106)
11-21 15:03:31.758 E/fb4a.DNSPrefetch(27864): 	at X.XVP.run(Unknown Source:8)
11-21 15:03:31.758 E/fb4a.DNSPrefetch(27864): 	at X.1Dv.run(Unknown Source:2)
11-21 15:03:31.758 E/fb4a.DNSPrefetch(27864): 	at java.util.concurrent.ThreadPoolExecutor.runWorker(ThreadPoolExecutor.java:1156)
11-21 15:03:31.758 E/fb4a.DNSPrefetch(27864): 	at java.util.concurrent.ThreadPoolExecutor$Worker.run(ThreadPoolExecutor.java:651)
11-21 15:03:31.758 E/fb4a.DNSPrefetch(27864): 	at X.1E3.run(Unknown Source:3)
11-21 15:03:31.758 E/fb4a.DNSPrefetch(27864): 	at X.1E4.run(Unknown Source:17)
11-21 15:03:31.758 E/fb4a.DNSPrefetch(27864): 	at java.lang.Thread.run(Thread.java:1119)
11-21 15:03:31.758 E/fb4a.DNSPrefetch(27864): Caused by: android.system.GaiException: android_getaddrinfo failed: EAI_NODATA (No address associated with hostname)
11-21 15:03:31.758 E/fb4a.DNSPrefetch(27864): 	at libcore.io.Linux.android_getaddrinfo(Native Method)
11-21 15:03:31.758 E/fb4a.DNSPrefetch(27864): 	at libcore.io.ForwardingOs.android_getaddrinfo(ForwardingOs.java:133)
11-21 15:03:31.758 E/fb4a.DNSPrefetch(27864): 	at libcore.io.BlockGuardOs.android_getaddrinfo(BlockGuardOs.java:222)
11-21 15:03:31.758 E/fb4a.DNSPrefetch(27864): 	at libcore.io.ForwardingOs.android_getaddrinfo(ForwardingOs.java:133)
11-21 15:03:31.758 E/fb4a.DNSPrefetch(27864): 	at java.net.Inet6AddressImpl.lookupHostByName(Inet6AddressImpl.java:135)
11-21 15:03:31.758 E/fb4a.DNSPrefetch(27864): 	... 9 more
11-21 15:03:31.758 E/fb4a.DNSPrefetch(27864): Failed to prefetch domain
11-21 15:03:31.758 E/fb4a.DNSPrefetch(27864): java.net.UnknownHostException: Unable to resolve host "lm.facebook.com": No address associated with hostname
11-21 15:03:31.758 E/fb4a.DNSPrefetch(27864): 	at java.net.Inet6AddressImpl.lookupHostByName(Inet6AddressImpl.java:156)
11-21 15:03:31.758 E/fb4a.DNSPrefetch(27864): 	at java.net.Inet6AddressImpl.lookupAllHostAddr(Inet6AddressImpl.java:103)
11-21 15:03:31.758 E/fb4a.DNSPrefetch(27864): 	at java.net.InetAddress.getByName(InetAddress.java:1106)
11-21 15:03:31.758 E/fb4a.DNSPrefetch(27864): 	at X.XVP.run(Unknown Source:8)
11-21 15:03:31.758 E/fb4a.DNSPrefetch(27864): 	at X.1Dv.run(Unknown Source:2)
11-21 15:03:31.758 E/fb4a.DNSPrefetch(27864): 	at java.util.concurrent.ThreadPoolExecutor.runWorker(ThreadPoolExecutor.java:1156)
11-21 15:03:31.758 E/fb4a.DNSPrefetch(27864): 	at java.util.concurrent.ThreadPoolExecutor$Worker.run(ThreadPoolExecutor.java:651)
11-21 15:03:31.758 E/fb4a.DNSPrefetch(27864): 	at X.1E3.run(Unknown Source:3)
11-21 15:03:31.758 E/fb4a.DNSPrefetch(27864): 	at X.1E4.run(Unknown Source:17)
11-21 15:03:31.758 E/fb4a.DNSPrefetch(27864): 	at java.lang.Thread.run(Thread.java:1119)
11-21 15:03:31.758 E/fb4a.DNSPrefetch(27864): Caused by: android.system.GaiException: android_getaddrinfo failed: EAI_NODATA (No address associated with hostname)
11-21 15:03:31.758 E/fb4a.DNSPrefetch(27864): 	at libcore.io.Linux.android_getaddrinfo(Native Method)
11-21 15:03:31.758 E/fb4a.DNSPrefetch(27864): 	at libcore.io.ForwardingOs.android_getaddrinfo(ForwardingOs.java:133)
11-21 15:03:31.758 E/fb4a.DNSPrefetch(27864): 	at libcore.io.BlockGuardOs.android_getaddrinfo(BlockGuardOs.java:222)
11-21 15:03:31.758 E/fb4a.DNSPrefetch(27864): 	at libcore.io.ForwardingOs.android_getaddrinfo(ForwardingOs.java:133)
11-21 15:03:31.758 E/fb4a.DNSPrefetch(27864): 	at java.net.Inet6AddressImpl.lookupHostByName(Inet6AddressImpl.java:135)
11-21 15:03:31.758 E/fb4a.DNSPrefetch(27864): 	... 9 more
11-21 15:03:31.833 D/XrayRuntimeService( 7840): Xray: 2025/11/21 12:03:31.832368 [Info] [2711021737] transport/internet/tcp: dialing TCP to tcp:stol.halibiram.online:443
11-21 15:03:31.833 D/XrayRuntimeService( 7840): Xray: 2025/11/21 12:03:31.832396 [Debug] [2711021737] transport/internet: dialing to tcp:stol.halibiram.online:443
11-21 15:03:31.833 D/XrayRuntimeService( 7840): Xray: REALITY localAddr: 192.168.1.42:58056	DialTLSContext
11-21 15:03:31.835 D/XrayRuntimeService( 7840): Xray: 2025/11/21 12:03:31.834687 [Info] [373321216] transport/internet/tcp: dialing TCP to tcp:stol.halibiram.online:443
11-21 15:03:31.835 D/XrayRuntimeService( 7840): Xray: 2025/11/21 12:03:31.834704 [Debug] [373321216] transport/internet: dialing to tcp:stol.halibiram.online:443
11-21 15:03:31.835 D/XrayRuntimeService( 7840): Xray: REALITY localAddr: 192.168.1.42:58040	DialTLSContext
11-21 15:03:32.004 D/XrayRuntimeService( 7840): Xray: REALITY localAddr: 192.168.1.42:58056	DialTLSContext
11-21 15:03:32.005 D/XrayRuntimeService( 7840): Xray: REALITY localAddr: 192.168.1.42:58040	DialTLSContext
11-21 15:03:32.089 D/XrayRuntimeService( 7840): Xray: 2025/11/21 12:03:32.088863 [Info] [1615111576] transport/internet/tcp: dialing TCP to tcp:stol.halibiram.online:443
11-21 15:03:32.089 D/XrayRuntimeService( 7840): Xray: 2025/11/21 12:03:32.088886 [Debug] [1615111576] transport/internet: dialing to tcp:stol.halibiram.online:443
11-21 15:03:32.089 D/XrayRuntimeService( 7840): Xray: REALITY localAddr: 192.168.1.42:58104	DialTLSContext
11-21 15:03:32.101 D/XrayRuntimeService( 7840): Xray: 2025/11/21 12:03:32.099828 [Info] [3329495354] transport/internet/tcp: dialing TCP to tcp:stol.halibiram.online:443
11-21 15:03:32.101 D/XrayRuntimeService( 7840): Xray: 2025/11/21 12:03:32.099940 [Debug] [3329495354] transport/internet: dialing to tcp:stol.halibiram.online:443
11-21 15:03:32.101 D/XrayRuntimeService( 7840): Xray: REALITY localAddr: 192.168.1.42:58090	DialTLSContext
11-21 15:03:32.351 D/XrayRuntimeService( 7840): Xray: REALITY localAddr: 192.168.1.42:59628	DialTLSContext
11-21 15:03:32.355 E/fb4a.msys(27864): E[N mns]_OnDiskCacheGetData(632)=>Start post callback cache refresh DNS resolution
11-21 15:03:32.356 E/fb4a.msys(27864): E[N mns]_OnDiskCacheGetData(632)=>Start post callback cache refresh DNS resolution
11-21 15:03:32.357 D/XrayRuntimeService( 7840): Xray: 2025/11/21 12:03:32.357368 [Info] [1303838054] proxy/socks: TCP Connect request to tcp:57.144.238.3:443
11-21 15:03:32.358 D/XrayRuntimeService( 7840): Xray: 2025/11/21 12:03:32.358085 [Info] [864239640] proxy/socks: TCP Connect request to tcp:57.144.238.3:443
11-21 15:03:32.360 D/DnsCacheManager( 7840): 🔍 Checking DNS cache for: z-m-gateway.facebook.com
11-21 15:03:32.360 I/DnsCacheManager( 7840): ✅ DNS cache HIT: z-m-gateway.facebook.com -> [57.144.238.3] (age: 4001s) [120μs]
11-21 15:03:32.360 D/VpnService( 7840): ✅ DNS CACHE HIT (Xray sniffing): z-m-gateway.facebook.com -> [57.144.238.3] (served from cache)
11-21 15:03:32.360 D/XrayRuntimeService( 7840): Xray: 2025/11/21 12:03:32.358945 [Info] [1303838054] app/dispatcher: sniffed domain: z-m-gateway.facebook.com
11-21 15:03:32.361 D/XrayRuntimeService( 7840): Xray: 2025/11/21 12:03:32.358960 [Info] [1303838054] app/dispatcher: default route for tcp:z-m-gateway.facebook.com:443
11-21 15:03:32.362 D/XrayRuntimeService( 7840): Xray: 2025/11/21 12:03:32.358964 [Info] [1303838054] transport/internet/tcp: dialing TCP to tcp:stol.halibiram.online:443
11-21 15:03:32.362 D/XrayRuntimeService( 7840): Xray: 2025/11/21 12:03:32.358968 [Debug] [1303838054] transport/internet: dialing to tcp:stol.halibiram.online:443
11-21 15:03:32.362 D/XrayRuntimeService( 7840): Xray: 2025/11/21 12:03:32.359312 from tcp:127.0.0.1:58728 accepted tcp:57.144.238.3:443 [vless_0]
11-21 15:03:32.363 D/DnsCacheManager( 7840): 🔍 Checking DNS cache for: z-m-gateway.facebook.com
