11-27 19:33:10.401 D/DnsCacheManager(14596):  Synced latency from SharedPreferences: avgHitLatency=0,000ms, avgMissLatency=4,766ms
11-27 19:33:10.402 V/DnsCacheManager(14596):  StateFlow updated: entries=3, hits=51, misses=148, hitRate=25%, avgHitLatency=0,000ms
11-27 19:33:10.903 D/DnsCacheManager(14596):  Synced latency from SharedPreferences: avgHitLatency=0,000ms, avgMissLatency=4,766ms
11-27 19:33:11.214 D/TelegramNotificationManager(14596): Telegram config is null, skipping polling
11-27 19:33:11.230 D/PolicyMaker( 3688): HasForegroundService pkgName=com.hyperxray.an uid:10570
11-27 19:33:11.230 D/PolicyMaker( 3688): uid =10570 pkg=com.hyperxray.an reason=fgservice
11-27 19:33:11.405 D/DnsCacheManager(14596):  Synced latency from SharedPreferences: avgHitLatency=0,000ms, avgMissLatency=4,766ms
11-27 19:33:11.906 D/DnsCacheManager(14596):  Synced latency from SharedPreferences: avgHitLatency=0,000ms, avgMissLatency=4,766ms
11-27 19:33:11.907 D/DnsCacheManager(14596):  Metrics update #6600: entries=3, hits=51, misses=148, hitRate=25%
11-27 19:33:12.408 D/DnsCacheManager(14596):  Synced latency from SharedPreferences: avgHitLatency=0,000ms, avgMissLatency=4,766ms
11-27 19:33:12.910 D/DnsCacheManager(14596):  Synced latency from SharedPreferences: avgHitLatency=0,000ms, avgMissLatency=4,766ms
11-27 19:33:13.412 D/DnsCacheManager(14596):  Synced latency from SharedPreferences: avgHitLatency=0,000ms, avgMissLatency=4,766ms
11-27 19:33:13.915 D/DnsCacheManager(14596):  Synced latency from SharedPreferences: avgHitLatency=0,000ms, avgMissLatency=4,766ms
11-27 19:33:14.371 W/X.8TS   ( 6654): Exception thrown during refresh
11-27 19:33:14.371 W/X.8TS   ( 6654): java.util.concurrent.ExecutionException: java.net.UnknownHostException: Unable to resolve host "chat-e2ee-mini.facebook.com": No address associated with hostname
11-27 19:33:14.371 W/X.8TS   ( 6654): 	at X.3SK.setException(Unknown Source:19)
11-27 19:33:14.371 W/X.8TS   ( 6654): 	at java.util.concurrent.FutureTask.setException(FutureTask.java:303)
11-27 19:33:14.371 W/X.8TS   ( 6654): Caused by: java.net.UnknownHostException: Unable to resolve host "chat-e2ee-mini.facebook.com": No address associated with hostname
11-27 19:33:14.418 D/DnsCacheManager(14596):  Synced latency from SharedPreferences: avgHitLatency=0,000ms, avgMissLatency=4,766ms
11-27 19:33:14.602 E/RMonitor_upload(10718): java.net.SocketTimeoutException: failed to connect to pro.bugly.qq.com/183.47.126.125 (port 443) from /192.168.1.42 (port 47968) after 30000ms
11-27 19:33:14.610 E/RMonitor_upload(10718): java.net.UnknownHostException: Unable to resolve host "pro.bugly.qq.com": No address associated with hostname
11-27 19:33:14.610 E/RMonitor_upload(10718): Caused by: android.system.GaiException: android_getaddrinfo failed: EAI_NODATA (No address associated with hostname)
11-27 19:33:14.920 D/DnsCacheManager(14596):  Synced latency from SharedPreferences: avgHitLatency=0,000ms, avgMissLatency=4,766ms
11-27 19:33:15.108 E/RMonitor_upload(10718): java.net.UnknownHostException: Unable to resolve host "pro.bugly.qq.com": No address associated with hostname
11-27 19:33:15.422 D/DnsCacheManager(14596):  Synced latency from SharedPreferences: avgHitLatency=0,000ms, avgMissLatency=4,766ms
11-27 19:33:15.423 V/DnsCacheManager(14596):  StateFlow updated: entries=3, hits=51, misses=148, hitRate=25%, avgHitLatency=0,000ms
11-27 19:33:15.608 E/RMonitor_upload(10718): java.net.UnknownHostException: Unable to resolve host "pro.bugly.qq.com": No address associated with hostname
11-27 19:33:15.926 D/DnsCacheManager(14596):  Synced latency from SharedPreferences: avgHitLatency=0,000ms, avgMissLatency=4,766ms
11-27 19:33:16.108 E/RMonitor_upload(10718): java.net.UnknownHostException: Unable to resolve host "pro.bugly.qq.com": No address associated with hostname
11-27 19:33:16.218 D/TelegramNotificationManager(14596): Telegram config is null, skipping polling
11-27 19:33:16.237 D/PolicyMaker( 3688): HasForegroundService pkgName=com.hyperxray.an uid:10570
11-27 19:33:16.237 D/PolicyMaker( 3688): uid =10570 pkg=com.hyperxray.an reason=fgservice
11-27 19:33:16.428 D/DnsCacheManager(14596):  Synced latency from SharedPreferences: avgHitLatency=0,000ms, avgMissLatency=4,766ms
11-27 19:33:16.612 E/RMonitor_upload(10718): java.net.UnknownHostException: Unable to resolve host "pro.bugly.qq.com": No address associated with hostname
11-27 19:33:16.612 E/RMonitor_upload(10718): Caused by: android.system.GaiException: android_getaddrinfo failed: EAI_NODATA (No address associated with hostname)
11-27 19:33:16.931 D/DnsCacheManager(14596):  Synced latency from SharedPreferences: avgHitLatency=0,000ms, avgMissLatency=4,766ms
11-27 19:33:16.932 D/DnsCacheManager(14596):  Metrics update #6610: entries=3, hits=51, misses=148, hitRate=25%
11-27 19:33:17.111 E/RMonitor_upload(10718): java.net.UnknownHostException: Unable to resolve host "pro.bugly.qq.com": No address associated with hostname
11-27 19:33:17.433 D/DnsCacheManager(14596):  Synced latency from SharedPreferences: avgHitLatency=0,000ms, avgMissLatency=4,766ms
11-27 19:33:17.612 E/RMonitor_upload(10718): java.net.UnknownHostException: Unable to resolve host "pro.bugly.qq.com": No address associated with hostname
11-27 19:33:17.935 D/DnsCacheManager(14596):  Synced latency from SharedPreferences: avgHitLatency=0,000ms, avgMissLatency=4,766ms
11-27 19:33:18.113 E/RMonitor_upload(10718): java.net.UnknownHostException: Unable to resolve host "pro.bugly.qq.com": No address associated with hostname
11-27 19:33:18.442 D/DnsCacheManager(14596):  Synced latency from SharedPreferences: avgHitLatency=0,000ms, avgMissLatency=4,766ms
11-27 19:33:18.617 E/RMonitor_upload(10718): java.net.UnknownHostException: Unable to resolve host "pro.bugly.qq.com": No address associated with hostname
11-27 19:33:18.617 E/RMonitor_upload(10718): Caused by: android.system.GaiException: android_getaddrinfo failed: EAI_NODATA (No address associated with hostname)
11-27 19:33:18.944 D/DnsCacheManager(14596):  Synced latency from SharedPreferences: avgHitLatency=0,000ms, avgMissLatency=4,766ms
11-27 19:33:19.114 E/RMonitor_upload(10718): java.net.UnknownHostException: Unable to resolve host "pro.bugly.qq.com": No address associated with hostname
11-27 19:33:19.446 D/DnsCacheManager(14596):  Synced latency from SharedPreferences: avgHitLatency=0,000ms, avgMissLatency=4,766ms
11-27 19:33:19.617 E/RMonitor_upload(10718): java.net.UnknownHostException: Unable to resolve host "pro.bugly.qq.com": No address associated with hostname
11-27 19:33:19.948 D/DnsCacheManager(14596):  Synced latency from SharedPreferences: avgHitLatency=0,000ms, avgMissLatency=4,766ms
11-27 19:33:20.119 E/RMonitor_upload(10718): java.net.UnknownHostException: Unable to resolve host "pro.bugly.qq.com": No address associated with hostname
11-27 19:33:20.450 D/DnsCacheManager(14596):  Synced latency from SharedPreferences: avgHitLatency=0,000ms, avgMissLatency=4,766ms
11-27 19:33:20.452 V/DnsCacheManager(14596):  StateFlow updated: entries=3, hits=51, misses=148, hitRate=25%, avgHitLatency=0,000ms
11-27 19:33:20.953 D/DnsCacheManager(14596):  Synced latency from SharedPreferences: avgHitLatency=0,000ms, avgMissLatency=4,766ms
11-27 19:33:21.221 D/TelegramNotificationManager(14596): Telegram config is null, skipping polling
11-27 19:33:21.239 D/PolicyMaker( 3688): HasForegroundService pkgName=com.hyperxray.an uid:10570
11-27 19:33:21.239 D/PolicyMaker( 3688): uid =10570 pkg=com.hyperxray.an reason=fgservice
11-27 19:33:21.455 D/DnsCacheManager(14596):  Synced latency from SharedPreferences: avgHitLatency=0,000ms, avgMissLatency=4,766ms
11-27 19:33:21.957 D/DnsCacheManager(14596):  Synced latency from SharedPreferences: avgHitLatency=0,000ms, avgMissLatency=4,766ms
11-27 19:33:21.958 D/DnsCacheManager(14596):  Metrics update #6620: entries=3, hits=51, misses=148, hitRate=25%
11-27 19:33:22.459 D/DnsCacheManager(14596):  Synced latency from SharedPreferences: avgHitLatency=0,000ms, avgMissLatency=4,766ms
11-27 19:33:22.962 D/DnsCacheManager(14596):  Synced latency from SharedPreferences: avgHitLatency=0,000ms, avgMissLatency=4,766ms
11-27 19:33:23.463 D/DnsCacheManager(14596):  Synced latency from SharedPreferences: avgHitLatency=0,000ms, avgMissLatency=4,766ms
11-27 19:33:23.966 D/DnsCacheManager(14596):  Synced latency from SharedPreferences: avgHitLatency=0,000ms, avgMissLatency=4,766ms
11-27 19:33:24.468 D/DnsCacheManager(14596):  Synced latency from SharedPreferences: avgHitLatency=0,000ms, avgMissLatency=4,766ms
11-27 19:33:24.970 D/DnsCacheManager(14596):  Synced latency from SharedPreferences: avgHitLatency=0,000ms, avgMissLatency=4,766ms
11-27 19:33:25.472 D/DnsCacheManager(14596):  Synced latency from SharedPreferences: avgHitLatency=0,000ms, avgMissLatency=4,766ms
11-27 19:33:25.473 V/DnsCacheManager(14596):  StateFlow updated: entries=3, hits=51, misses=148, hitRate=25%, avgHitLatency=0,000ms
11-27 19:33:25.974 D/DnsCacheManager(14596):  Synced latency from SharedPreferences: avgHitLatency=0,000ms, avgMissLatency=4,766ms
11-27 19:33:26.226 D/TelegramNotificationManager(14596): Telegram config is null, skipping polling
11-27 19:33:26.241 D/PolicyMaker( 3688): HasForegroundService pkgName=com.hyperxray.an uid:10570
11-27 19:33:26.241 D/PolicyMaker( 3688): uid =10570 pkg=com.hyperxray.an reason=fgservice
11-27 19:33:26.477 D/DnsCacheManager(14596):  Synced latency from SharedPreferences: avgHitLatency=0,000ms, avgMissLatency=4,766ms
11-27 19:33:26.978 D/DnsCacheManager(14596):  Synced latency from SharedPreferences: avgHitLatency=0,000ms, avgMissLatency=4,766ms
11-27 19:33:26.980 D/DnsCacheManager(14596):  Metrics update #6630: entries=3, hits=51, misses=148, hitRate=25%
11-27 19:33:27.482 D/DnsCacheManager(14596):  Synced latency from SharedPreferences: avgHitLatency=0,000ms, avgMissLatency=4,766ms
11-27 19:33:27.984 D/DnsCacheManager(14596):  Synced latency from SharedPreferences: avgHitLatency=0,000ms, avgMissLatency=4,766ms
11-27 19:33:28.485 D/DnsCacheManager(14596):  Synced latency from SharedPreferences: avgHitLatency=0,000ms, avgMissLatency=4,766ms
11-27 19:33:28.988 D/DnsCacheManager(14596):  Synced latency from SharedPreferences: avgHitLatency=0,000ms, avgMissLatency=4,766ms
11-27 19:33:29.489 D/DnsCacheManager(14596):  Synced latency from SharedPreferences: avgHitLatency=0,000ms, avgMissLatency=4,766ms
11-27 19:33:29.991 D/DnsCacheManager(14596):  Synced latency from SharedPreferences: avgHitLatency=0,000ms, avgMissLatency=4,766ms
11-27 19:33:30.493 D/DnsCacheManager(14596):  Synced latency from SharedPreferences: avgHitLatency=0,000ms, avgMissLatency=4,766ms
11-27 19:33:30.494 V/DnsCacheManager(14596):  StateFlow updated: entries=3, hits=51, misses=148, hitRate=25%, avgHitLatency=0,000ms
11-27 19:33:30.996 D/DnsCacheManager(14596):  Synced latency from SharedPreferences: avgHitLatency=0,000ms, avgMissLatency=4,766ms
11-27 19:33:31.229 D/TelegramNotificationManager(14596): Telegram config is null, skipping polling
11-27 19:33:31.243 D/PolicyMaker( 3688): HasForegroundService pkgName=com.hyperxray.an uid:10570
11-27 19:33:31.243 D/PolicyMaker( 3688): uid =10570 pkg=com.hyperxray.an reason=fgservice
11-27 19:33:31.498 D/DnsCacheManager(14596):  Synced latency from SharedPreferences: avgHitLatency=0,000ms, avgMissLatency=4,766ms
11-27 19:33:32.001 D/DnsCacheManager(14596):  Synced latency from SharedPreferences: avgHitLatency=0,000ms, avgMissLatency=4,766ms
11-27 19:33:32.001 D/DnsCacheManager(14596):  Metrics update #6640: entries=3, hits=51, misses=148, hitRate=25%
11-27 19:33:32.502 D/DnsCacheManager(14596):  Synced latency from SharedPreferences: avgHitLatency=0,000ms, avgMissLatency=4,766ms
11-27 19:33:33.005 D/DnsCacheManager(14596):  Synced latency from SharedPreferences: avgHitLatency=0,000ms, avgMissLatency=4,766ms
11-27 19:33:33.507 D/DnsCacheManager(14596):  Synced latency from SharedPreferences: avgHitLatency=0,000ms, avgMissLatency=4,766ms
11-27 19:33:34.010 D/DnsCacheManager(14596):  Synced latency from SharedPreferences: avgHitLatency=0,000ms, avgMissLatency=4,766ms
11-27 19:33:34.512 D/DnsCacheManager(14596):  Synced latency from SharedPreferences: avgHitLatency=0,000ms, avgMissLatency=4,766ms
11-27 19:33:35.014 D/DnsCacheManager(14596):  Synced latency from SharedPreferences: avgHitLatency=0,000ms, avgMissLatency=4,766ms
11-27 19:33:35.015 V/DnsCacheManager(14596):  StateFlow updated: entries=3, hits=51, misses=148, hitRate=25%, avgHitLatency=0,000ms
11-27 19:33:35.095 E/fb4a.msys( 6654): E[N MQTT]onConnectError(562)=>Connect Error: folly::AsyncSocketException: AsyncSocketException: connect failed, type = Socket not open, errno = 110 (Connection timed out)
11-27 19:33:35.516 D/DnsCacheManager(14596):  Synced latency from SharedPreferences: avgHitLatency=0,000ms, avgMissLatency=4,766ms
11-27 19:33:36.018 D/DnsCacheManager(14596):  Synced latency from SharedPreferences: avgHitLatency=0,000ms, avgMissLatency=4,766ms
11-27 19:33:36.234 D/TelegramNotificationManager(14596): Telegram config is null, skipping polling
11-27 19:33:36.245 D/PolicyMaker( 3688): HasForegroundService pkgName=com.hyperxray.an uid:10570
11-27 19:33:36.245 D/PolicyMaker( 3688): uid =10570 pkg=com.hyperxray.an reason=fgservice
11-27 19:33:36.521 D/DnsCacheManager(14596):  Synced latency from SharedPreferences: avgHitLatency=0,000ms, avgMissLatency=4,766ms
11-27 19:33:37.023 D/DnsCacheManager(14596):  Synced latency from SharedPreferences: avgHitLatency=0,000ms, avgMissLatency=4,766ms
11-27 19:33:37.024 D/DnsCacheManager(14596):  Metrics update #6650: entries=3, hits=51, misses=148, hitRate=25%
11-27 19:33:37.525 D/DnsCacheManager(14596):  Synced latency from SharedPreferences: avgHitLatency=0,000ms, avgMissLatency=4,766ms
11-27 19:33:38.026 D/DnsCacheManager(14596):  Synced latency from SharedPreferences: avgHitLatency=0,000ms, avgMissLatency=4,766ms
11-27 19:33:38.279 W/ActivityManager( 3688): java.io.FileNotFoundException: /sys/fs/cgroup/apps/uid_10165/pid_27529/cgroup.procs: open failed: ENOENT (No such file or directory)
11-27 19:33:38.279 W/ActivityManager( 3688): Caused by: android.system.ErrnoException: open failed: ENOENT (No such file or directory)
11-27 19:33:38.283 W/ActivityManager( 3688): java.io.FileNotFoundException: /sys/fs/cgroup/apps/uid_10185/pid_19103/cgroup.procs: open failed: ENOENT (No such file or directory)
11-27 19:33:38.283 W/ActivityManager( 3688): Caused by: android.system.ErrnoException: open failed: ENOENT (No such file or directory)
11-27 19:33:38.284 W/ActivityManager( 3688): java.io.FileNotFoundException: /sys/fs/cgroup/apps/uid_10182/pid_13131/cgroup.procs: open failed: ENOENT (No such file or directory)
11-27 19:33:38.284 W/ActivityManager( 3688): Caused by: android.system.ErrnoException: open failed: ENOENT (No such file or directory)
11-27 19:33:38.301 I/lyra-disc(13770): DiscoveryManager::OnRestartDiscovery:792 medium_type=mdns, frequency=none
11-27 19:33:38.303 I/lyra-disc(13770): DiscoveryManager::OnRestartDiscovery:838 ignore, medium_type=mdns, params={mediums=0, data_type=none, frequency=none, wait_for_env_satisfied=false, is_static=false, extend_flags=0}, code=0, msg=success
11-27 19:33:38.305 I/lyra-adv(13770): AdvertisingManager::OnRestartAdvertising:983 medium_type=mdns, data_type=normal, frequency=none
11-27 19:33:38.306 I/lyra-adv(13770): AdvertisingManager::OnRestartAdvertising:1037 ignore, medium_type=mdns, data_type=normal, params={medium_type=mdns, data_type=normal, frequency=none, tx_power=none, wait_for_env_satisfied=false, is_static=false, extent_flags=0}, code=0, msg=success
11-27 19:33:38.307 I/lyra-adv(13770): AdvertisingManager::OnRestartAdvertising:983 medium_type=mdns, data_type=command, frequency=none
11-27 19:33:38.307 I/lyra-adv(13770): AdvertisingManager::OnRestartAdvertising:1037 ignore, medium_type=mdns, data_type=command, params={medium_type=mdns, data_type=command, frequency=none, tx_power=none, wait_for_env_satisfied=false, is_static=false, extent_flags=0}, code=0, msg=success
11-27 19:33:38.325 E/libprotobuf-native( 1788): [libprotobuf ERROR external/protobuf/src/google/protobuf/message_lite.cc:133] Can't parse message of type "sns_oem2_data" because it is missing required fields: (cannot determine missing fields for lite message)
11-27 19:33:38.325 E/libprotobuf-native( 1788): [libprotobuf ERROR external/protobuf/src/google/protobuf/message_lite.cc:133] Can't parse message of type "sns_oem2_data" because it is missing required fields: (cannot determine missing fields for lite message)
11-27 19:33:38.362 E/PhoneAdapter( 5949): get ntnphones failed, exception: java.lang.IllegalStateException: not support satellite!
11-27 19:33:38.383 E/WifiStaIfaceAidlImpl( 3688): getCachedScanData failed with service-specific exception: android.os.ServiceSpecificException:  (code 4)
11-27 19:33:38.386 W/ActivityManager( 3688): java.io.FileNotFoundException: /sys/fs/cgroup/apps/uid_10432/pid_11436/cgroup.procs: open failed: ENOENT (No such file or directory)
11-27 19:33:38.386 W/ActivityManager( 3688): Caused by: android.system.ErrnoException: open failed: ENOENT (No such file or directory)
11-27 19:33:38.394 E/WifiStaIfaceAidlImpl( 3688): getCachedScanData failed with service-specific exception: android.os.ServiceSpecificException:  (code 4)
11-27 19:33:38.397 I/WifiService( 3688): acquireMulticastLock uid=10165 lockTag=MdnsServiceBrowserImpl
11-27 19:33:38.397 I/MdnsServiceBrowser( 6328): (REDACTED) registering %s
11-27 19:33:38.398 I/serviceDiscovery( 3688): [MdnsSocketProvider] Start monitoring sockets.
11-27 19:33:38.398 I/serviceDiscovery( 3688): [MdnsDiscoveryManager] Registering listener for serviceType: _googlecast._tcp.local
11-27 19:33:38.404 I/serviceDiscovery( 3688): [MdnsDiscoveryManager] Registering listener for serviceType: _googlecast._tcp.local
11-27 19:33:38.406 I/serviceDiscovery( 3688): [MdnsDiscoveryManager] Registering listener for serviceType: _googlecast._tcp.local
11-27 19:33:38.527 D/DnsCacheManager(14596):  Synced latency from SharedPreferences: avgHitLatency=0,000ms, avgMissLatency=4,766ms
11-27 19:33:38.980 D/BarFollowAnimation( 3688): startNavBarAnimation  mIsFromApp = true mLastTransitionFinished = true mIsFromRecents = false isAppCrash = false isLandscapeActivity = false mHasHideAppSurface = false mNavBarState = -1
11-27 19:33:39.013 E/DynamicIslandEventCoordinator ERROR( 6013): checkError null null TODO() null
11-27 19:33:39.013 E/DynamicIslandEventCoordinator ERROR( 6013): checkError null null TODO() null
11-27 19:33:39.013 E/DynamicIslandEventCoordinator ERROR( 6013): checkError null null TODO() null
11-27 19:33:39.030 D/DnsCacheManager(14596):  Synced latency from SharedPreferences: avgHitLatency=0,000ms, avgMissLatency=4,766ms
11-27 19:33:39.031 E/com.miui.appmanager.AppManageUtils(13712): java.lang.NoSuchMethodException: android.net.wifi.IWifiManager$Stub$Proxy.startScan [class java.lang.String]
11-27 19:33:39.034 W/System.err( 7573): java.lang.NullPointerException: Attempt to invoke virtual method 'void android.service.notification.NotificationListenerService.requestUnbind()' on a null object reference
11-27 19:33:39.040 W/SapiClientFactory(10886): java.lang.IllegalArgumentException: Sapi does not support: tr-TR
11-27 19:33:39.040 W/SapiClientFactory(10886): java.lang.IllegalArgumentException: Sapi does not support: tr-TR
11-27 19:33:39.415 W/SettingsProvider( 3688): java.lang.SecurityException: Failed to find provider settings for user 999; expected to find a valid ContentProvider for this authority
11-27 19:33:39.523 I/serviceDiscovery( 3688): [MdnsDiscoveryManager._googlecast._tcp.local-174/24] Handling response from service: Smart-TV-Pro-9b810fb38dfa3eea85959b10543ee451, newInCache: true, serviceBecomesComplete: false, responseIsComplete: true
11-27 19:33:39.524 I/serviceDiscovery( 3688): [MdnsDiscoveryManager._googlecast._tcp.local-174/24] Handling response from service: Smart-TV-Pro-9b810fb38dfa3eea85959b10543ee451, newInCache: false, serviceBecomesComplete: false, responseIsComplete: true
11-27 19:33:39.524 I/serviceDiscovery( 3688): [MdnsDiscoveryManager] Registering listener for serviceType: _googlecast._tcp.local
11-27 19:33:39.532 D/DnsCacheManager(14596):  Synced latency from SharedPreferences: avgHitLatency=0,000ms, avgMissLatency=4,766ms
11-27 19:33:39.730 I/serviceDiscovery( 3688): [MdnsDiscoveryManager._googlecast._tcp.local-174/24] Handling response from service: Smart-TV-Pro-9b810fb38dfa3eea85959b10543ee451, newInCache: false, serviceBecomesComplete: false, responseIsComplete: true
11-27 19:33:40.033 D/DnsCacheManager(14596):  Synced latency from SharedPreferences: avgHitLatency=0,000ms, avgMissLatency=4,766ms
11-27 19:33:40.034 V/DnsCacheManager(14596):  StateFlow updated: entries=3, hits=51, misses=148, hitRate=25%, avgHitLatency=0,000ms
11-27 19:33:40.442 I/DeviceScanner( 6328): [MDNS] Received response from "S10o" (9b810fb38dfa3eea85959b10543ee451) [cast connect] with result "1 New device"
11-27 19:33:40.535 D/DnsCacheManager(14596):  Synced latency from SharedPreferences: avgHitLatency=0,000ms, avgMissLatency=4,766ms
11-27 19:33:41.038 D/DnsCacheManager(14596):  Synced latency from SharedPreferences: avgHitLatency=0,000ms, avgMissLatency=4,766ms
11-27 19:33:41.240 D/TelegramNotificationManager(14596): Telegram config is null, skipping polling
11-27 19:33:41.248 D/PolicyMaker( 3688): HasForegroundService pkgName=com.hyperxray.an uid:10570
11-27 19:33:41.248 D/PolicyMaker( 3688): uid =10570 pkg=com.hyperxray.an reason=fgservice
11-27 19:33:41.367 E/PhoneAdapter( 5949): get ntnphones failed, exception: java.lang.IllegalStateException: not support satellite!
11-27 19:33:41.409 E/WifiStaIfaceAidlImpl( 3688): getCachedScanData failed with service-specific exception: android.os.ServiceSpecificException:  (code 4)
11-27 19:33:41.422 D/ReflectUtils( 5385): java.lang.NoSuchMethodException: miui.turbosched.TurboSchedManager.setAsyncBinderVIPTaskIfNeeded [int]
11-27 19:33:41.433 W/ActivityManager( 3688): java.io.FileNotFoundException: /sys/fs/cgroup/apps/uid_10182/pid_13131/cgroup.procs: open failed: ENOENT (No such file or directory)
11-27 19:33:41.433 W/ActivityManager( 3688): Caused by: android.system.ErrnoException: open failed: ENOENT (No such file or directory)
11-27 19:33:41.445 D/BarFollowAnimation( 3688): startNavBarAnimation  mIsFromApp = false mLastTransitionFinished = true mIsFromRecents = true isAppCrash = false isLandscapeActivity = false mHasHideAppSurface = false mNavBarState = -1
11-27 19:33:41.454 W/FastPrintWriter( 3688): java.io.IOException: write failed: EPIPE (Broken pipe)
11-27 19:33:41.454 W/FastPrintWriter( 3688): Caused by: android.system.ErrnoException: write failed: EPIPE (Broken pipe)
11-27 19:33:41.482 D/HomeLayerElement( 5385): java.lang.Exception
11-27 19:33:41.483 D/HomeLayerElement( 5385): java.lang.Exception
11-27 19:33:41.491 E/MultiSpringDynamicAnimation6a662c5( 5385): ERROR Not Found Bundle Radius
11-27 19:33:41.491 E/MultiSpringDynamicAnimation6a662c5( 5385): ERROR Not Found Bundle SurfaceExtAlpha
11-27 19:33:41.491 E/MultiSpringDynamicAnimation6a662c5( 5385): ERROR Not Found Bundle appLeashBlurRadius
11-27 19:33:41.491 E/MultiSpringDynamicAnimation6a662c5( 5385): ERROR Not Found Bundle SurfaceExtAlpha
11-27 19:33:41.491 E/MultiSpringDynamicAnimation6a662c5( 5385): ERROR Not Found Bundle SurfaceExtAlpha
11-27 19:33:41.491 E/MultiSpringDynamicAnimation6a662c5( 5385): ERROR Not Found Bundle appLeashBlurRadius
11-27 19:33:41.492 E/MultiSpringDynamicAnimation6a662c5( 5385): ERROR Not Found Bundle Radius
11-27 19:33:41.492 E/MultiSpringDynamicAnimation6a662c5( 5385): ERROR Not Found Bundle SurfaceExtAlpha
11-27 19:33:41.492 E/MultiSpringDynamicAnimation6a662c5( 5385): ERROR Not Found Bundle appLeashBlurRadius
11-27 19:33:41.492 E/MultiSpringDynamicAnimation6a662c5( 5385): ERROR Not Found Bundle SurfaceExtAlpha
11-27 19:33:41.494 E/MultiSpringDynamicAnimation6a662c5( 5385): ERROR Not Found Bundle Radius
11-27 19:33:41.496 E/MultiSpringDynamicAnimation6a662c5( 5385): ERROR Not Found Bundle Radius
11-27 19:33:41.496 E/MultiSpringDynamicAnimation6a662c5( 5385): ERROR Not Found Bundle SurfaceExtAlpha
11-27 19:33:41.496 E/MultiSpringDynamicAnimation6a662c5( 5385): ERROR Not Found Bundle appLeashBlurRadius
11-27 19:33:41.496 E/MultiSpringDynamicAnimation6a662c5( 5385): ERROR Not Found Bundle SurfaceExtAlpha
11-27 19:33:41.502 E/MultiSpringDynamicAnimation6a662c5( 5385): ERROR Not Found Bundle Radius
11-27 19:33:41.504 E/MultiSpringDynamicAnimation6a662c5( 5385): ERROR Not Found Bundle Radius
11-27 19:33:41.504 E/MultiSpringDynamicAnimation6a662c5( 5385): ERROR Not Found Bundle SurfaceExtAlpha
11-27 19:33:41.504 E/MultiSpringDynamicAnimation6a662c5( 5385): ERROR Not Found Bundle appLeashBlurRadius
11-27 19:33:41.504 E/MultiSpringDynamicAnimation6a662c5( 5385): ERROR Not Found Bundle SurfaceExtAlpha
11-27 19:33:41.511 E/MultiSpringDynamicAnimation6a662c5( 5385): ERROR Not Found Bundle Radius
11-27 19:33:41.513 E/MultiSpringDynamicAnimation6a662c5( 5385): ERROR Not Found Bundle Radius
11-27 19:33:41.513 E/MultiSpringDynamicAnimation6a662c5( 5385): ERROR Not Found Bundle SurfaceExtAlpha
11-27 19:33:41.513 E/MultiSpringDynamicAnimation6a662c5( 5385): ERROR Not Found Bundle appLeashBlurRadius
11-27 19:33:41.513 E/MultiSpringDynamicAnimation6a662c5( 5385): ERROR Not Found Bundle SurfaceExtAlpha
11-27 19:33:41.519 E/MultiSpringDynamicAnimation6a662c5( 5385): ERROR Not Found Bundle Radius
11-27 19:33:41.520 E/MultiSpringDynamicAnimation6a662c5( 5385): ERROR Not Found Bundle Radius
11-27 19:33:41.520 E/MultiSpringDynamicAnimation6a662c5( 5385): ERROR Not Found Bundle SurfaceExtAlpha
11-27 19:33:41.520 E/MultiSpringDynamicAnimation6a662c5( 5385): ERROR Not Found Bundle appLeashBlurRadius
11-27 19:33:41.520 E/MultiSpringDynamicAnimation6a662c5( 5385): ERROR Not Found Bundle SurfaceExtAlpha
11-27 19:33:41.527 E/MultiSpringDynamicAnimation6a662c5( 5385): ERROR Not Found Bundle Radius
11-27 19:33:41.528 E/MultiSpringDynamicAnimation6a662c5( 5385): ERROR Not Found Bundle Radius
11-27 19:33:41.528 E/MultiSpringDynamicAnimation6a662c5( 5385): ERROR Not Found Bundle SurfaceExtAlpha
11-27 19:33:41.528 E/MultiSpringDynamicAnimation6a662c5( 5385): ERROR Not Found Bundle appLeashBlurRadius
11-27 19:33:41.528 E/MultiSpringDynamicAnimation6a662c5( 5385): ERROR Not Found Bundle SurfaceExtAlpha
11-27 19:33:41.535 E/MultiSpringDynamicAnimation6a662c5( 5385): ERROR Not Found Bundle Radius
11-27 19:33:41.537 E/MultiSpringDynamicAnimation6a662c5( 5385): ERROR Not Found Bundle Radius
11-27 19:33:41.537 E/MultiSpringDynamicAnimation6a662c5( 5385): ERROR Not Found Bundle SurfaceExtAlpha
11-27 19:33:41.537 E/MultiSpringDynamicAnimation6a662c5( 5385): ERROR Not Found Bundle appLeashBlurRadius
11-27 19:33:41.537 E/MultiSpringDynamicAnimation6a662c5( 5385): ERROR Not Found Bundle SurfaceExtAlpha
11-27 19:33:41.539 D/DnsCacheManager(14596):  Synced latency from SharedPreferences: avgHitLatency=0,000ms, avgMissLatency=4,766ms
11-27 19:33:41.543 E/MultiSpringDynamicAnimation6a662c5( 5385): ERROR Not Found Bundle Radius
11-27 19:33:41.544 E/MultiSpringDynamicAnimation6a662c5( 5385): ERROR Not Found Bundle Radius
11-27 19:33:41.544 E/MultiSpringDynamicAnimation6a662c5( 5385): ERROR Not Found Bundle SurfaceExtAlpha
11-27 19:33:41.544 E/MultiSpringDynamicAnimation6a662c5( 5385): ERROR Not Found Bundle appLeashBlurRadius
11-27 19:33:41.545 E/MultiSpringDynamicAnimation6a662c5( 5385): ERROR Not Found Bundle SurfaceExtAlpha
11-27 19:33:41.551 E/MultiSpringDynamicAnimation6a662c5( 5385): ERROR Not Found Bundle Radius
11-27 19:33:41.553 E/MultiSpringDynamicAnimation6a662c5( 5385): ERROR Not Found Bundle Radius
11-27 19:33:41.553 E/MultiSpringDynamicAnimation6a662c5( 5385): ERROR Not Found Bundle SurfaceExtAlpha
11-27 19:33:41.553 E/MultiSpringDynamicAnimation6a662c5( 5385): ERROR Not Found Bundle appLeashBlurRadius
11-27 19:33:41.553 E/MultiSpringDynamicAnimation6a662c5( 5385): ERROR Not Found Bundle SurfaceExtAlpha
11-27 19:33:41.560 E/MultiSpringDynamicAnimation6a662c5( 5385): ERROR Not Found Bundle Radius
11-27 19:33:41.561 E/MultiSpringDynamicAnimation6a662c5( 5385): ERROR Not Found Bundle Radius
11-27 19:33:41.561 E/MultiSpringDynamicAnimation6a662c5( 5385): ERROR Not Found Bundle SurfaceExtAlpha
11-27 19:33:41.561 E/MultiSpringDynamicAnimation6a662c5( 5385): ERROR Not Found Bundle appLeashBlurRadius
11-27 19:33:41.561 E/MultiSpringDynamicAnimation6a662c5( 5385): ERROR Not Found Bundle SurfaceExtAlpha
11-27 19:33:41.568 E/MultiSpringDynamicAnimation6a662c5( 5385): ERROR Not Found Bundle Radius
11-27 19:33:41.569 E/MultiSpringDynamicAnimation6a662c5( 5385): ERROR Not Found Bundle Radius
11-27 19:33:41.569 E/MultiSpringDynamicAnimation6a662c5( 5385): ERROR Not Found Bundle SurfaceExtAlpha
11-27 19:33:41.569 E/MultiSpringDynamicAnimation6a662c5( 5385): ERROR Not Found Bundle appLeashBlurRadius
11-27 19:33:41.569 E/MultiSpringDynamicAnimation6a662c5( 5385): ERROR Not Found Bundle SurfaceExtAlpha
11-27 19:33:41.576 E/MultiSpringDynamicAnimation6a662c5( 5385): ERROR Not Found Bundle Radius
11-27 19:33:41.577 E/MultiSpringDynamicAnimation6a662c5( 5385): ERROR Not Found Bundle Radius
11-27 19:33:41.577 E/MultiSpringDynamicAnimation6a662c5( 5385): ERROR Not Found Bundle SurfaceExtAlpha
11-27 19:33:41.577 E/MultiSpringDynamicAnimation6a662c5( 5385): ERROR Not Found Bundle appLeashBlurRadius
11-27 19:33:41.577 E/MultiSpringDynamicAnimation6a662c5( 5385): ERROR Not Found Bundle SurfaceExtAlpha
11-27 19:33:41.585 E/MultiSpringDynamicAnimation6a662c5( 5385): ERROR Not Found Bundle Radius
11-27 19:33:41.586 E/MultiSpringDynamicAnimation6a662c5( 5385): ERROR Not Found Bundle Radius
11-27 19:33:41.586 E/MultiSpringDynamicAnimation6a662c5( 5385): ERROR Not Found Bundle SurfaceExtAlpha
11-27 19:33:41.586 E/MultiSpringDynamicAnimation6a662c5( 5385): ERROR Not Found Bundle appLeashBlurRadius
11-27 19:33:41.586 E/MultiSpringDynamicAnimation6a662c5( 5385): ERROR Not Found Bundle SurfaceExtAlpha
11-27 19:33:41.593 E/MultiSpringDynamicAnimation6a662c5( 5385): ERROR Not Found Bundle Radius
11-27 19:33:41.594 E/MultiSpringDynamicAnimation6a662c5( 5385): ERROR Not Found Bundle Radius
11-27 19:33:41.594 E/MultiSpringDynamicAnimation6a662c5( 5385): ERROR Not Found Bundle SurfaceExtAlpha
11-27 19:33:41.594 E/MultiSpringDynamicAnimation6a662c5( 5385): ERROR Not Found Bundle appLeashBlurRadius
11-27 19:33:41.594 E/MultiSpringDynamicAnimation6a662c5( 5385): ERROR Not Found Bundle SurfaceExtAlpha
11-27 19:33:41.601 E/MultiSpringDynamicAnimation6a662c5( 5385): ERROR Not Found Bundle Radius
11-27 19:33:41.602 E/MultiSpringDynamicAnimation6a662c5( 5385): ERROR Not Found Bundle Radius
11-27 19:33:41.602 E/MultiSpringDynamicAnimation6a662c5( 5385): ERROR Not Found Bundle SurfaceExtAlpha
11-27 19:33:41.602 E/MultiSpringDynamicAnimation6a662c5( 5385): ERROR Not Found Bundle appLeashBlurRadius
11-27 19:33:41.602 E/MultiSpringDynamicAnimation6a662c5( 5385): ERROR Not Found Bundle SurfaceExtAlpha
11-27 19:33:41.609 E/MultiSpringDynamicAnimation6a662c5( 5385): ERROR Not Found Bundle Radius
11-27 19:33:41.610 E/MultiSpringDynamicAnimation6a662c5( 5385): ERROR Not Found Bundle Radius
11-27 19:33:41.610 E/MultiSpringDynamicAnimation6a662c5( 5385): ERROR Not Found Bundle SurfaceExtAlpha
11-27 19:33:41.610 E/MultiSpringDynamicAnimation6a662c5( 5385): ERROR Not Found Bundle appLeashBlurRadius
11-27 19:33:41.610 E/MultiSpringDynamicAnimation6a662c5( 5385): ERROR Not Found Bundle SurfaceExtAlpha
11-27 19:33:41.617 E/MultiSpringDynamicAnimation6a662c5( 5385): ERROR Not Found Bundle Radius
11-27 19:33:41.619 E/MultiSpringDynamicAnimation6a662c5( 5385): ERROR Not Found Bundle Radius
11-27 19:33:41.619 E/MultiSpringDynamicAnimation6a662c5( 5385): ERROR Not Found Bundle SurfaceExtAlpha
11-27 19:33:41.619 E/MultiSpringDynamicAnimation6a662c5( 5385): ERROR Not Found Bundle appLeashBlurRadius
11-27 19:33:41.619 E/MultiSpringDynamicAnimation6a662c5( 5385): ERROR Not Found Bundle SurfaceExtAlpha
11-27 19:33:41.619 E/MultiSpringDynamicAnimation6a662c5( 5385): ERROR Not Found Bundle Radius
11-27 19:33:41.619 E/MultiSpringDynamicAnimation6a662c5( 5385): ERROR Not Found Bundle SurfaceExtAlpha
11-27 19:33:41.619 E/MultiSpringDynamicAnimation6a662c5( 5385): ERROR Not Found Bundle appLeashBlurRadius
11-27 19:33:41.619 E/MultiSpringDynamicAnimation6a662c5( 5385): ERROR Not Found Bundle SurfaceExtAlpha
11-27 19:33:41.626 D/OnGlobalListenerError( 5385): java.lang.Exception
11-27 19:33:41.627 E/MultiSpringDynamicAnimation6a662c5( 5385): ERROR Not Found Bundle Radius
11-27 19:33:41.628 D/ZeroMaskAdapter( 5385): onBindHolder:com.hyperxray.an, showDot:false
11-27 19:33:41.638 E/MultiSpringDynamicAnimation10947a5( 5385): ERROR Not Found Bundle Radius
11-27 19:33:41.638 E/MultiSpringDynamicAnimation10947a5( 5385): ERROR Not Found Bundle SurfaceExtAlpha
11-27 19:33:41.638 E/MultiSpringDynamicAnimation10947a5( 5385): ERROR Not Found Bundle appLeashBlurRadius
11-27 19:33:41.638 E/MultiSpringDynamicAnimation10947a5( 5385): ERROR Not Found Bundle SurfaceExtAlpha
11-27 19:33:41.638 E/MultiSpringDynamicAnimation10947a5( 5385): ERROR Not Found Bundle SurfaceExtAlpha
11-27 19:33:41.638 E/MultiSpringDynamicAnimation10947a5( 5385): ERROR Not Found Bundle appLeashBlurRadius
11-27 19:33:41.638 E/MultiSpringDynamicAnimation6a662c5( 5385): ERROR Not Found Bundle Radius
11-27 19:33:41.643 E/MultiSpringDynamicAnimation6a662c5( 5385): ERROR Not Found Bundle Radius
11-27 19:33:41.643 E/MultiSpringDynamicAnimation6a662c5( 5385): ERROR Not Found Bundle SurfaceExtAlpha
11-27 19:33:41.643 E/MultiSpringDynamicAnimation6a662c5( 5385): ERROR Not Found Bundle appLeashBlurRadius
11-27 19:33:41.643 E/MultiSpringDynamicAnimation6a662c5( 5385): ERROR Not Found Bundle SurfaceExtAlpha
11-27 19:33:41.643 E/MultiSpringDynamicAnimation10947a5( 5385): ERROR Not Found Bundle Radius
11-27 19:33:41.643 E/MultiSpringDynamicAnimation10947a5( 5385): ERROR Not Found Bundle SurfaceExtAlpha
11-27 19:33:41.643 E/MultiSpringDynamicAnimation10947a5( 5385): ERROR Not Found Bundle appLeashBlurRadius
11-27 19:33:41.643 E/MultiSpringDynamicAnimation10947a5( 5385): ERROR Not Found Bundle SurfaceExtAlpha
11-27 19:33:41.643 E/MultiSpringDynamicAnimation6a662c5( 5385): ERROR Not Found Bundle Radius
11-27 19:33:41.648 E/MultiSpringDynamicAnimation6a662c5( 5385): ERROR Not Found Bundle Radius
11-27 19:33:41.648 E/MultiSpringDynamicAnimation6a662c5( 5385): ERROR Not Found Bundle SurfaceExtAlpha
11-27 19:33:41.648 E/MultiSpringDynamicAnimation6a662c5( 5385): ERROR Not Found Bundle appLeashBlurRadius
11-27 19:33:41.648 E/MultiSpringDynamicAnimation6a662c5( 5385): ERROR Not Found Bundle SurfaceExtAlpha
11-27 19:33:41.648 E/MultiSpringDynamicAnimation10947a5( 5385): ERROR Not Found Bundle Radius
11-27 19:33:41.648 E/MultiSpringDynamicAnimation10947a5( 5385): ERROR Not Found Bundle SurfaceExtAlpha
11-27 19:33:41.648 E/MultiSpringDynamicAnimation10947a5( 5385): ERROR Not Found Bundle appLeashBlurRadius
11-27 19:33:41.648 E/MultiSpringDynamicAnimation10947a5( 5385): ERROR Not Found Bundle SurfaceExtAlpha
11-27 19:33:41.648 E/MultiSpringDynamicAnimation10947a5( 5385): ERROR Not Found Bundle SurfaceExtAlpha
11-27 19:33:41.648 E/MultiSpringDynamicAnimation10947a5( 5385): ERROR Not Found Bundle appLeashBlurRadius
11-27 19:33:41.649 E/MultiSpringDynamicAnimation6a662c5( 5385): ERROR Not Found Bundle Radius
11-27 19:33:41.649 E/MultiSpringDynamicAnimation6a662c5( 5385): ERROR Not Found Bundle SurfaceExtAlpha
11-27 19:33:41.649 E/MultiSpringDynamicAnimation6a662c5( 5385): ERROR Not Found Bundle appLeashBlurRadius
11-27 19:33:41.649 E/MultiSpringDynamicAnimation6a662c5( 5385): ERROR Not Found Bundle SurfaceExtAlpha
11-27 19:33:41.650 E/MultiSpringDynamicAnimation6a662c5( 5385): ERROR Not Found Bundle Radius
11-27 19:33:41.653 E/MultiSpringDynamicAnimation10947a5( 5385): ERROR Not Found Bundle Radius
11-27 19:33:41.653 E/MultiSpringDynamicAnimation10947a5( 5385): ERROR Not Found Bundle SurfaceExtAlpha
11-27 19:33:41.653 E/MultiSpringDynamicAnimation10947a5( 5385): ERROR Not Found Bundle appLeashBlurRadius
11-27 19:33:41.653 E/MultiSpringDynamicAnimation10947a5( 5385): ERROR Not Found Bundle SurfaceExtAlpha
11-27 19:33:41.653 E/MultiSpringDynamicAnimation6a662c5( 5385): ERROR Not Found Bundle Radius
11-27 19:33:41.653 E/MultiSpringDynamicAnimation6a662c5( 5385): ERROR Not Found Bundle SurfaceExtAlpha
11-27 19:33:41.653 E/MultiSpringDynamicAnimation6a662c5( 5385): ERROR Not Found Bundle appLeashBlurRadius
11-27 19:33:41.653 E/MultiSpringDynamicAnimation6a662c5( 5385): ERROR Not Found Bundle SurfaceExtAlpha
11-27 19:33:41.658 E/MultiSpringDynamicAnimation6a662c5( 5385): ERROR Not Found Bundle Radius
11-27 19:33:41.661 E/MultiSpringDynamicAnimation10947a5( 5385): ERROR Not Found Bundle Radius
11-27 19:33:41.661 E/MultiSpringDynamicAnimation10947a5( 5385): ERROR Not Found Bundle SurfaceExtAlpha
11-27 19:33:41.661 E/MultiSpringDynamicAnimation10947a5( 5385): ERROR Not Found Bundle appLeashBlurRadius
11-27 19:33:41.661 E/MultiSpringDynamicAnimation10947a5( 5385): ERROR Not Found Bundle SurfaceExtAlpha
11-27 19:33:41.661 E/MultiSpringDynamicAnimation10947a5( 5385): ERROR Not Found Bundle SurfaceExtAlpha
11-27 19:33:41.661 E/MultiSpringDynamicAnimation10947a5( 5385): ERROR Not Found Bundle appLeashBlurRadius
11-27 19:33:41.661 E/MultiSpringDynamicAnimation6a662c5( 5385): ERROR Not Found Bundle Radius
11-27 19:33:41.661 E/MultiSpringDynamicAnimation6a662c5( 5385): ERROR Not Found Bundle SurfaceExtAlpha
11-27 19:33:41.661 E/MultiSpringDynamicAnimation6a662c5( 5385): ERROR Not Found Bundle appLeashBlurRadius
11-27 19:33:41.661 E/MultiSpringDynamicAnimation6a662c5( 5385): ERROR Not Found Bundle SurfaceExtAlpha
11-27 19:33:41.667 E/MultiSpringDynamicAnimation6a662c5( 5385): ERROR Not Found Bundle Radius
11-27 19:33:41.669 E/MultiSpringDynamicAnimation10947a5( 5385): ERROR Not Found Bundle Radius
11-27 19:33:41.669 E/MultiSpringDynamicAnimation10947a5( 5385): ERROR Not Found Bundle SurfaceExtAlpha
11-27 19:33:41.669 E/MultiSpringDynamicAnimation10947a5( 5385): ERROR Not Found Bundle appLeashBlurRadius
11-27 19:33:41.669 E/MultiSpringDynamicAnimation10947a5( 5385): ERROR Not Found Bundle SurfaceExtAlpha
11-27 19:33:41.669 E/MultiSpringDynamicAnimation6a662c5( 5385): ERROR Not Found Bundle Radius
11-27 19:33:41.669 E/MultiSpringDynamicAnimation6a662c5( 5385): ERROR Not Found Bundle SurfaceExtAlpha
11-27 19:33:41.669 E/MultiSpringDynamicAnimation6a662c5( 5385): ERROR Not Found Bundle appLeashBlurRadius
11-27 19:33:41.669 E/MultiSpringDynamicAnimation6a662c5( 5385): ERROR Not Found Bundle SurfaceExtAlpha
11-27 19:33:41.675 E/MultiSpringDynamicAnimation6a662c5( 5385): ERROR Not Found Bundle Radius
11-27 19:33:41.678 E/MultiSpringDynamicAnimation10947a5( 5385): ERROR Not Found Bundle Radius
11-27 19:33:41.678 E/MultiSpringDynamicAnimation10947a5( 5385): ERROR Not Found Bundle SurfaceExtAlpha
11-27 19:33:41.678 E/MultiSpringDynamicAnimation10947a5( 5385): ERROR Not Found Bundle appLeashBlurRadius
11-27 19:33:41.678 E/MultiSpringDynamicAnimation10947a5( 5385): ERROR Not Found Bundle SurfaceExtAlpha
11-27 19:33:41.678 E/MultiSpringDynamicAnimation10947a5( 5385): ERROR Not Found Bundle SurfaceExtAlpha
11-27 19:33:41.678 E/MultiSpringDynamicAnimation10947a5( 5385): ERROR Not Found Bundle appLeashBlurRadius
11-27 19:33:41.679 E/MultiSpringDynamicAnimation6a662c5( 5385): ERROR Not Found Bundle Radius
11-27 19:33:41.679 E/MultiSpringDynamicAnimation6a662c5( 5385): ERROR Not Found Bundle SurfaceExtAlpha
11-27 19:33:41.679 E/MultiSpringDynamicAnimation6a662c5( 5385): ERROR Not Found Bundle appLeashBlurRadius
11-27 19:33:41.679 E/MultiSpringDynamicAnimation6a662c5( 5385): ERROR Not Found Bundle SurfaceExtAlpha
11-27 19:33:41.683 E/MultiSpringDynamicAnimation6a662c5( 5385): ERROR Not Found Bundle Radius
11-27 19:33:41.688 E/MultiSpringDynamicAnimation10947a5( 5385): ERROR Not Found Bundle Radius
11-27 19:33:41.688 E/MultiSpringDynamicAnimation10947a5( 5385): ERROR Not Found Bundle SurfaceExtAlpha
11-27 19:33:41.688 E/MultiSpringDynamicAnimation10947a5( 5385): ERROR Not Found Bundle appLeashBlurRadius
11-27 19:33:41.688 E/MultiSpringDynamicAnimation10947a5( 5385): ERROR Not Found Bundle SurfaceExtAlpha
11-27 19:33:41.692 E/MultiSpringDynamicAnimation6a662c5( 5385): ERROR Not Found Bundle Radius
11-27 19:33:41.696 E/MultiSpringDynamicAnimation6a662c5( 5385): ERROR Not Found Bundle Radius
11-27 19:33:41.696 E/MultiSpringDynamicAnimation6a662c5( 5385): ERROR Not Found Bundle SurfaceExtAlpha
11-27 19:33:41.696 E/MultiSpringDynamicAnimation6a662c5( 5385): ERROR Not Found Bundle appLeashBlurRadius
11-27 19:33:41.696 E/MultiSpringDynamicAnimation6a662c5( 5385): ERROR Not Found Bundle SurfaceExtAlpha
11-27 19:33:41.697 E/MultiSpringDynamicAnimation10947a5( 5385): ERROR Not Found Bundle Radius
11-27 19:33:41.697 E/MultiSpringDynamicAnimation10947a5( 5385): ERROR Not Found Bundle SurfaceExtAlpha
11-27 19:33:41.697 E/MultiSpringDynamicAnimation10947a5( 5385): ERROR Not Found Bundle appLeashBlurRadius
11-27 19:33:41.697 E/MultiSpringDynamicAnimation10947a5( 5385): ERROR Not Found Bundle SurfaceExtAlpha
11-27 19:33:41.697 E/MultiSpringDynamicAnimation10947a5( 5385): ERROR Not Found Bundle SurfaceExtAlpha
11-27 19:33:41.697 E/MultiSpringDynamicAnimation10947a5( 5385): ERROR Not Found Bundle appLeashBlurRadius
11-27 19:33:41.697 E/MultiSpringDynamicAnimation6a662c5( 5385): ERROR Not Found Bundle Radius
11-27 19:33:41.697 E/MultiSpringDynamicAnimation6a662c5( 5385): ERROR Not Found Bundle SurfaceExtAlpha
11-27 19:33:41.697 E/MultiSpringDynamicAnimation6a662c5( 5385): ERROR Not Found Bundle appLeashBlurRadius
11-27 19:33:41.697 E/MultiSpringDynamicAnimation6a662c5( 5385): ERROR Not Found Bundle SurfaceExtAlpha
11-27 19:33:41.700 E/MultiSpringDynamicAnimation6a662c5( 5385): ERROR Not Found Bundle Radius
11-27 19:33:41.702 E/MultiSpringDynamicAnimation10947a5( 5385): ERROR Not Found Bundle Radius
11-27 19:33:41.702 E/MultiSpringDynamicAnimation10947a5( 5385): ERROR Not Found Bundle SurfaceExtAlpha
11-27 19:33:41.702 E/MultiSpringDynamicAnimation10947a5( 5385): ERROR Not Found Bundle appLeashBlurRadius
11-27 19:33:41.702 E/MultiSpringDynamicAnimation10947a5( 5385): ERROR Not Found Bundle SurfaceExtAlpha
11-27 19:33:41.703 E/MultiSpringDynamicAnimation6a662c5( 5385): ERROR Not Found Bundle Radius
11-27 19:33:41.703 E/MultiSpringDynamicAnimation6a662c5( 5385): ERROR Not Found Bundle SurfaceExtAlpha
11-27 19:33:41.703 E/MultiSpringDynamicAnimation6a662c5( 5385): ERROR Not Found Bundle appLeashBlurRadius
11-27 19:33:41.703 E/MultiSpringDynamicAnimation6a662c5( 5385): ERROR Not Found Bundle SurfaceExtAlpha
11-27 19:33:41.708 E/MultiSpringDynamicAnimation6a662c5( 5385): ERROR Not Found Bundle Radius
11-27 19:33:41.710 E/MultiSpringDynamicAnimation10947a5( 5385): ERROR Not Found Bundle Radius
11-27 19:33:41.710 E/MultiSpringDynamicAnimation10947a5( 5385): ERROR Not Found Bundle SurfaceExtAlpha
11-27 19:33:41.710 E/MultiSpringDynamicAnimation10947a5( 5385): ERROR Not Found Bundle appLeashBlurRadius
11-27 19:33:41.710 E/MultiSpringDynamicAnimation10947a5( 5385): ERROR Not Found Bundle SurfaceExtAlpha
11-27 19:33:41.710 E/MultiSpringDynamicAnimation10947a5( 5385): ERROR Not Found Bundle SurfaceExtAlpha
11-27 19:33:41.710 E/MultiSpringDynamicAnimation10947a5( 5385): ERROR Not Found Bundle appLeashBlurRadius
11-27 19:33:41.710 E/MultiSpringDynamicAnimation6a662c5( 5385): ERROR Not Found Bundle Radius
11-27 19:33:41.710 E/MultiSpringDynamicAnimation6a662c5( 5385): ERROR Not Found Bundle SurfaceExtAlpha
11-27 19:33:41.710 E/MultiSpringDynamicAnimation6a662c5( 5385): ERROR Not Found Bundle appLeashBlurRadius
11-27 19:33:41.710 E/MultiSpringDynamicAnimation6a662c5( 5385): ERROR Not Found Bundle SurfaceExtAlpha
11-27 19:33:41.716 E/MultiSpringDynamicAnimation6a662c5( 5385): ERROR Not Found Bundle Radius
11-27 19:33:41.718 E/MultiSpringDynamicAnimation10947a5( 5385): ERROR Not Found Bundle Radius
11-27 19:33:41.718 E/MultiSpringDynamicAnimation10947a5( 5385): ERROR Not Found Bundle SurfaceExtAlpha
11-27 19:33:41.718 E/MultiSpringDynamicAnimation10947a5( 5385): ERROR Not Found Bundle appLeashBlurRadius
11-27 19:33:41.718 E/MultiSpringDynamicAnimation10947a5( 5385): ERROR Not Found Bundle SurfaceExtAlpha
11-27 19:33:41.718 E/MultiSpringDynamicAnimation6a662c5( 5385): ERROR Not Found Bundle Radius
11-27 19:33:41.718 E/MultiSpringDynamicAnimation6a662c5( 5385): ERROR Not Found Bundle SurfaceExtAlpha
11-27 19:33:41.718 E/MultiSpringDynamicAnimation6a662c5( 5385): ERROR Not Found Bundle appLeashBlurRadius
11-27 19:33:41.718 E/MultiSpringDynamicAnimation6a662c5( 5385): ERROR Not Found Bundle SurfaceExtAlpha
11-27 19:33:41.724 E/MultiSpringDynamicAnimation6a662c5( 5385): ERROR Not Found Bundle Radius
11-27 19:33:41.727 E/MultiSpringDynamicAnimation10947a5( 5385): ERROR Not Found Bundle Radius
11-27 19:33:41.727 E/MultiSpringDynamicAnimation10947a5( 5385): ERROR Not Found Bundle SurfaceExtAlpha
11-27 19:33:41.727 E/MultiSpringDynamicAnimation10947a5( 5385): ERROR Not Found Bundle appLeashBlurRadius
11-27 19:33:41.727 E/MultiSpringDynamicAnimation10947a5( 5385): ERROR Not Found Bundle SurfaceExtAlpha
11-27 19:33:41.727 E/MultiSpringDynamicAnimation10947a5( 5385): ERROR Not Found Bundle SurfaceExtAlpha
11-27 19:33:41.727 E/MultiSpringDynamicAnimation10947a5( 5385): ERROR Not Found Bundle appLeashBlurRadius
11-27 19:33:41.727 E/MultiSpringDynamicAnimation6a662c5( 5385): ERROR Not Found Bundle Radius
11-27 19:33:41.727 E/MultiSpringDynamicAnimation6a662c5( 5385): ERROR Not Found Bundle SurfaceExtAlpha
11-27 19:33:41.727 E/MultiSpringDynamicAnimation6a662c5( 5385): ERROR Not Found Bundle appLeashBlurRadius
11-27 19:33:41.727 E/MultiSpringDynamicAnimation6a662c5( 5385): ERROR Not Found Bundle SurfaceExtAlpha
11-27 19:33:41.733 E/MultiSpringDynamicAnimation6a662c5( 5385): ERROR Not Found Bundle Radius
11-27 19:33:41.735 E/MultiSpringDynamicAnimation10947a5( 5385): ERROR Not Found Bundle Radius
11-27 19:33:41.735 E/MultiSpringDynamicAnimation10947a5( 5385): ERROR Not Found Bundle SurfaceExtAlpha
11-27 19:33:41.735 E/MultiSpringDynamicAnimation10947a5( 5385): ERROR Not Found Bundle appLeashBlurRadius
11-27 19:33:41.735 E/MultiSpringDynamicAnimation10947a5( 5385): ERROR Not Found Bundle SurfaceExtAlpha
11-27 19:33:41.735 E/MultiSpringDynamicAnimation6a662c5( 5385): ERROR Not Found Bundle Radius
11-27 19:33:41.735 E/MultiSpringDynamicAnimation6a662c5( 5385): ERROR Not Found Bundle SurfaceExtAlpha
11-27 19:33:41.735 E/MultiSpringDynamicAnimation6a662c5( 5385): ERROR Not Found Bundle appLeashBlurRadius
11-27 19:33:41.735 E/MultiSpringDynamicAnimation6a662c5( 5385): ERROR Not Found Bundle SurfaceExtAlpha
11-27 19:33:41.741 E/MultiSpringDynamicAnimation6a662c5( 5385): ERROR Not Found Bundle Radius
11-27 19:33:41.743 E/MultiSpringDynamicAnimation10947a5( 5385): ERROR Not Found Bundle Radius
11-27 19:33:41.743 E/MultiSpringDynamicAnimation10947a5( 5385): ERROR Not Found Bundle SurfaceExtAlpha
11-27 19:33:41.743 E/MultiSpringDynamicAnimation10947a5( 5385): ERROR Not Found Bundle appLeashBlurRadius
11-27 19:33:41.743 E/MultiSpringDynamicAnimation10947a5( 5385): ERROR Not Found Bundle SurfaceExtAlpha
11-27 19:33:41.743 E/MultiSpringDynamicAnimation10947a5( 5385): ERROR Not Found Bundle SurfaceExtAlpha
11-27 19:33:41.743 E/MultiSpringDynamicAnimation10947a5( 5385): ERROR Not Found Bundle appLeashBlurRadius
11-27 19:33:41.744 E/MultiSpringDynamicAnimation6a662c5( 5385): ERROR Not Found Bundle Radius
11-27 19:33:41.744 E/MultiSpringDynamicAnimation6a662c5( 5385): ERROR Not Found Bundle SurfaceExtAlpha
11-27 19:33:41.744 E/MultiSpringDynamicAnimation6a662c5( 5385): ERROR Not Found Bundle appLeashBlurRadius
11-27 19:33:41.744 E/MultiSpringDynamicAnimation6a662c5( 5385): ERROR Not Found Bundle SurfaceExtAlpha
11-27 19:33:41.749 E/MultiSpringDynamicAnimation6a662c5( 5385): ERROR Not Found Bundle Radius
11-27 19:33:41.751 E/MultiSpringDynamicAnimation10947a5( 5385): ERROR Not Found Bundle Radius
11-27 19:33:41.751 E/MultiSpringDynamicAnimation10947a5( 5385): ERROR Not Found Bundle SurfaceExtAlpha
11-27 19:33:41.751 E/MultiSpringDynamicAnimation10947a5( 5385): ERROR Not Found Bundle appLeashBlurRadius
11-27 19:33:41.751 E/MultiSpringDynamicAnimation10947a5( 5385): ERROR Not Found Bundle SurfaceExtAlpha
11-27 19:33:41.752 E/MultiSpringDynamicAnimation6a662c5( 5385): ERROR Not Found Bundle Radius
11-27 19:33:41.752 E/MultiSpringDynamicAnimation6a662c5( 5385): ERROR Not Found Bundle SurfaceExtAlpha
11-27 19:33:41.752 E/MultiSpringDynamicAnimation6a662c5( 5385): ERROR Not Found Bundle appLeashBlurRadius
11-27 19:33:41.752 E/MultiSpringDynamicAnimation6a662c5( 5385): ERROR Not Found Bundle SurfaceExtAlpha
11-27 19:33:41.757 E/MultiSpringDynamicAnimation6a662c5( 5385): ERROR Not Found Bundle Radius
11-27 19:33:41.761 E/MultiSpringDynamicAnimation10947a5( 5385): ERROR Not Found Bundle Radius
11-27 19:33:41.761 E/MultiSpringDynamicAnimation10947a5( 5385): ERROR Not Found Bundle SurfaceExtAlpha
11-27 19:33:41.761 E/MultiSpringDynamicAnimation10947a5( 5385): ERROR Not Found Bundle appLeashBlurRadius
11-27 19:33:41.761 E/MultiSpringDynamicAnimation10947a5( 5385): ERROR Not Found Bundle SurfaceExtAlpha
11-27 19:33:41.761 E/MultiSpringDynamicAnimation10947a5( 5385): ERROR Not Found Bundle SurfaceExtAlpha
11-27 19:33:41.761 E/MultiSpringDynamicAnimation10947a5( 5385): ERROR Not Found Bundle appLeashBlurRadius
11-27 19:33:41.761 E/MultiSpringDynamicAnimation6a662c5( 5385): ERROR Not Found Bundle Radius
11-27 19:33:41.761 E/MultiSpringDynamicAnimation6a662c5( 5385): ERROR Not Found Bundle SurfaceExtAlpha
11-27 19:33:41.761 E/MultiSpringDynamicAnimation6a662c5( 5385): ERROR Not Found Bundle appLeashBlurRadius
11-27 19:33:41.761 E/MultiSpringDynamicAnimation6a662c5( 5385): ERROR Not Found Bundle SurfaceExtAlpha
11-27 19:33:41.766 E/MultiSpringDynamicAnimation6a662c5( 5385): ERROR Not Found Bundle Radius
