11-21 15:03:44.749 E/fb4a.DNSPrefetch(27864): 	at java.util.concurrent.ThreadPoolExecutor.runWorker(ThreadPoolExecutor.java:1156)
11-21 15:03:44.749 E/fb4a.DNSPrefetch(27864): 	at java.util.concurrent.ThreadPoolExecutor$Worker.run(ThreadPoolExecutor.java:651)
11-21 15:03:44.749 E/fb4a.DNSPrefetch(27864): 	at X.1E3.run(Unknown Source:3)
11-21 15:03:44.749 E/fb4a.DNSPrefetch(27864): 	at X.1E4.run(Unknown Source:17)
11-21 15:03:44.749 E/fb4a.DNSPrefetch(27864): 	at java.lang.Thread.run(Thread.java:1119)
11-21 15:03:44.749 E/fb4a.DNSPrefetch(27864): Caused by: android.system.GaiException: android_getaddrinfo failed: EAI_NODATA (No address associated with hostname)
11-21 15:03:44.749 E/fb4a.DNSPrefetch(27864): 	at libcore.io.Linux.android_getaddrinfo(Native Method)
11-21 15:03:44.749 E/fb4a.DNSPrefetch(27864): 	at libcore.io.ForwardingOs.android_getaddrinfo(ForwardingOs.java:133)
11-21 15:03:44.749 E/fb4a.DNSPrefetch(27864): 	at libcore.io.BlockGuardOs.android_getaddrinfo(BlockGuardOs.java:222)
11-21 15:03:44.749 E/fb4a.DNSPrefetch(27864): 	at libcore.io.ForwardingOs.android_getaddrinfo(ForwardingOs.java:133)
11-21 15:03:44.749 E/fb4a.DNSPrefetch(27864): 	at java.net.Inet6AddressImpl.lookupHostByName(Inet6AddressImpl.java:135)
11-21 15:03:44.749 E/fb4a.DNSPrefetch(27864): 	... 9 more
11-21 15:03:44.898 D/XrayRuntimeService( 7840): Xray: REALITY localAddr: 192.168.1.42:38358	DialTLSContext
11-21 15:03:44.968 D/XrayRuntimeService( 7840): Xray: 2025/11/21 12:03:44.967653 [Info] [3122844875] transport/internet/tcp: dialing TCP to tcp:stol.halibiram.online:443
11-21 15:03:44.968 D/XrayRuntimeService( 7840): Xray: 2025/11/21 12:03:44.967684 [Debug] [3122844875] transport/internet: dialing to tcp:stol.halibiram.online:443
11-21 15:03:45.063 D/XrayRuntimeService( 7840): Xray: REALITY localAddr: 192.168.1.42:38358	DialTLSContext
11-21 15:03:45.247 D/XrayRuntimeService( 7840): Xray: REALITY localAddr: 192.168.1.42:38100	DialTLSContext
11-21 15:03:45.299 D/XrayRuntimeService( 7840): Xray: 2025/11/21 12:03:45.299252 [Info] [185206498] transport/internet/tcp: dialing TCP to tcp:stol.halibiram.online:443
11-21 15:03:45.300 D/XrayRuntimeService( 7840): Xray: 2025/11/21 12:03:45.299288 [Debug] [185206498] transport/internet: dialing to tcp:stol.halibiram.online:443
11-21 15:03:45.374 D/XrayRuntimeService( 7840): Xray: REALITY localAddr: 192.168.1.42:34600	DialTLSContext
11-21 15:03:45.379 D/XrayRuntimeService( 7840): Xray: REALITY localAddr: 192.168.1.42:38100	DialTLSContext
11-21 15:03:45.441 D/XrayRuntimeService( 7840): Xray: REALITY localAddr: 192.168.1.42:38310	DialTLSContext
11-21 15:03:45.448 D/XrayRuntimeService( 7840): Xray: 2025/11/21 12:03:45.447339 [Info] [3282085847] transport/internet/tcp: dialing TCP to tcp:stol.halibiram.online:443
11-21 15:03:45.448 D/XrayRuntimeService( 7840): Xray: 2025/11/21 12:03:45.447362 [Debug] [3282085847] transport/internet: dialing to tcp:stol.halibiram.online:443
11-21 15:03:45.623 D/XrayRuntimeService( 7840): Xray: 2025/11/21 12:03:45.621337 [Info] [3143966131] proxy/vless/outbound: tunneling request to tcp:z-m-gateway.facebook.com:443 via stol.halibiram.online:443
11-21 15:03:45.623 D/XrayRuntimeService( 7840): Xray: 2025/11/21 12:03:45.621373 [Info] [3143966131] proxy: XtlsFilterTls found tls client hello! 394
11-21 15:03:45.623 D/XrayRuntimeService( 7840): Xray: 2025/11/21 12:03:45.621379 [Info] [3143966131] proxy: XtlsPadding 394 951 0
11-21 15:03:45.638 D/XrayRuntimeService( 7840): Xray: 2025/11/21 12:03:45.638023 [Info] [2319308852] proxy/vless/outbound: tunneling request to tcp:scontent-cdg4-1.xx.fbcdn.net:443 via stol.halibiram.online:443
11-21 15:03:45.639 D/XrayRuntimeService( 7840): Xray: 2025/11/21 12:03:45.638061 [Info] [2319308852] proxy: XtlsFilterTls found tls client hello! 422
11-21 15:03:45.639 D/XrayRuntimeService( 7840): Xray: 2025/11/21 12:03:45.638066 [Info] [2319308852] proxy: XtlsPadding 422 731 0
11-21 15:03:45.707 D/XrayRuntimeService( 7840): Xray: 2025/11/21 12:03:45.701431 [Info] [3331578066] proxy/socks: TCP Connect request to tcp:157.240.202.23:443
11-21 15:03:45.710 D/DnsCacheManager( 7840): 🔍 Checking DNS cache for: edge-mqtt.facebook.com
11-21 15:03:45.710 I/DnsCacheManager( 7840): ✅ DNS cache HIT: edge-mqtt.facebook.com -> [163.70.128.63] (age: 4382s) [352μs]
11-21 15:03:45.710 D/VpnService( 7840): ✅ DNS CACHE HIT (Xray sniffing): edge-mqtt.facebook.com -> [163.70.128.63] (served from cache)
11-21 15:03:45.710 D/XrayRuntimeService( 7840): Xray: 2025/11/21 12:03:45.701945 [Info] [3331578066] app/dispatcher: sniffed domain: edge-mqtt.facebook.com
11-21 15:03:45.711 D/XrayRuntimeService( 7840): Xray: 2025/11/21 12:03:45.701969 [Info] [3331578066] app/dispatcher: default route for tcp:edge-mqtt.facebook.com:443
11-21 15:03:45.711 D/XrayRuntimeService( 7840): Xray: 2025/11/21 12:03:45.701974 [Info] [3331578066] transport/internet/tcp: dialing TCP to tcp:stol.halibiram.online:443
11-21 15:03:45.711 D/XrayRuntimeService( 7840): Xray: 2025/11/21 12:03:45.701983 [Debug] [3331578066] transport/internet: dialing to tcp:stol.halibiram.online:443
11-21 15:03:45.711 D/XrayRuntimeService( 7840): Xray: 2025/11/21 12:03:45.702034 from tcp:127.0.0.1:58550 accepted tcp:157.240.202.23:443 [vless_0]
11-21 15:03:45.762 D/XrayRuntimeService( 7840): Xray: 2025/11/21 12:03:45.761878 [Info] [3143966131] proxy: Xtls Unpadding new block, content 212 padding 884 command 0
11-21 15:03:45.762 D/XrayRuntimeService( 7840): Xray: 2025/11/21 12:03:45.761910 [Info] [3143966131] proxy: XtlsFilterTls found tls 1.3! 212 TLS_AES_128_GCM_SHA256
11-21 15:03:45.764 D/XrayRuntimeService( 7840): Xray: 2025/11/21 12:03:45.763978 [Info] [3143966131] proxy: XtlsPadding 6 1012 0
11-21 15:03:45.768 D/XrayRuntimeService( 7840): Xray: 2025/11/21 12:03:45.768464 [Info] [2319308852] proxy: Xtls Unpadding new block, content 212 padding 777 command 0
11-21 15:03:45.769 D/XrayRuntimeService( 7840): Xray: 2025/11/21 12:03:45.768486 [Info] [2319308852] proxy: XtlsFilterTls found tls 1.2! 212
11-21 15:03:45.801 D/XrayRuntimeService( 7840): Xray: 2025/11/21 12:03:45.801234 [Info] [3143966131] proxy: XtlsPadding 3998 55 2
11-21 15:03:45.841 D/XrayRuntimeService( 7840): Xray: 2025/11/21 12:03:45.840707 [Info] [4139521161] transport/internet/tcp: dialing TCP to tcp:stol.halibiram.online:443
11-21 15:03:45.841 D/XrayRuntimeService( 7840): Xray: 2025/11/21 12:03:45.840773 [Debug] [4139521161] transport/internet: dialing to tcp:stol.halibiram.online:443
11-21 15:03:45.944 D/XrayRuntimeService( 7840): Xray: 2025/11/21 12:03:45.944039 [Info] [3143966131] proxy: Xtls Unpadding new block, content 179 padding 913 command 2
11-21 15:03:45.945 D/XrayRuntimeService( 7840): Xray: 2025/11/21 12:03:45.944243 [Info] [3143966131] proxy: CopyRawConn splice
11-21 15:03:45.974 D/XrayRuntimeService( 7840): Xray: 2025/11/21 12:03:45.974372 [Info] [3122844875] transport/internet/tcp: dialing TCP to tcp:stol.halibiram.online:443
11-21 15:03:45.975 D/XrayRuntimeService( 7840): Xray: 2025/11/21 12:03:45.974406 [Debug] [3122844875] transport/internet: dialing to tcp:stol.halibiram.online:443
11-21 15:03:46.010 D/XrayRuntimeService( 7840): Xray: 2025/11/21 12:03:46.009796 [Info] [3331578066] proxy/vless/outbound: tunneling request to tcp:edge-mqtt.facebook.com:443 via stol.halibiram.online:443
11-21 15:03:46.010 D/XrayRuntimeService( 7840): Xray: 2025/11/21 12:03:46.010133 [Info] [3331578066] proxy: XtlsFilterTls found tls client hello! 2005
11-21 15:03:46.011 D/XrayRuntimeService( 7840): Xray: 2025/11/21 12:03:46.010141 [Info] [3331578066] proxy: XtlsPadding 2005 133 0
11-21 15:03:46.127 D/XrayRuntimeService( 7840): Xray: REALITY localAddr: 192.168.1.42:60866	DialTLSContext
11-21 15:03:46.128 D/XrayRuntimeService( 7840): Xray: REALITY localAddr: 192.168.1.42:60994	DialTLSContext
11-21 15:03:46.128 D/XrayRuntimeService( 7840): Xray: 2025/11/21 12:03:46.128382 [Info] [3606095533] transport/internet/tcp: dialing TCP to tcp:stol.halibiram.online:443
11-21 15:03:46.131 D/XrayRuntimeService( 7840): Xray: 2025/11/21 12:03:46.128393 [Debug] [3606095533] transport/internet: dialing to tcp:stol.halibiram.online:443
11-21 15:03:46.132 D/XrayRuntimeService( 7840): Xray: 2025/11/21 12:03:46.131865 [Info] [3331578066] proxy: Xtls Unpadding new block, content 207 padding 1155 command 0
11-21 15:03:46.132 D/XrayRuntimeService( 7840): Xray: 2025/11/21 12:03:46.131889 [Info] [3331578066] proxy: XtlsFilterTls found tls 1.3! 207 TLS_AES_128_GCM_SHA256
11-21 15:03:46.133 D/XrayRuntimeService( 7840): Xray: 2025/11/21 12:03:46.132177 [Info] [1221689760] transport/internet/tcp: dialing TCP to tcp:stol.halibiram.online:443
11-21 15:03:46.133 D/XrayRuntimeService( 7840): Xray: 2025/11/21 12:03:46.132193 [Debug] [1221689760] transport/internet: dialing to tcp:stol.halibiram.online:443
11-21 15:03:46.134 D/XrayRuntimeService( 7840): Xray: REALITY localAddr: 192.168.1.42:60986	DialTLSContext
11-21 15:03:46.135 D/XrayRuntimeService( 7840): Xray: 2025/11/21 12:03:46.135656 [Info] [3331578066] proxy: XtlsPadding 84 1089 2
11-21 15:03:46.192 D/SystemDnsCacheServer( 7840): ⚠️ DNS query attempt 1 failed for static.cdn.admatic.com.tr, retrying with timeout 350ms...
11-21 15:03:46.193 E/SystemDnsCacheServer( 7840): Error resolving domain: static.cdn.admatic.com.tr
11-21 15:03:46.193 E/SystemDnsCacheServer( 7840): kotlinx.coroutines.TimeoutCancellationException: Timed out waiting for 2000 ms
11-21 15:03:46.193 E/SystemDnsCacheServer( 7840): 	at kotlinx.coroutines.TimeoutKt.TimeoutCancellationException(Timeout.kt:188)
11-21 15:03:46.193 E/SystemDnsCacheServer( 7840): 	at kotlinx.coroutines.TimeoutCoroutine.run(Timeout.kt:156)
11-21 15:03:46.193 E/SystemDnsCacheServer( 7840): 	at kotlinx.coroutines.EventLoopImplBase$DelayedRunnableTask.run(EventLoop.common.kt:505)
11-21 15:03:46.193 E/SystemDnsCacheServer( 7840): 	at kotlinx.coroutines.EventLoopImplBase.processNextEvent(EventLoop.common.kt:263)
11-21 15:03:46.193 E/SystemDnsCacheServer( 7840): 	at kotlinx.coroutines.DefaultExecutor.run(DefaultExecutor.kt:105)
11-21 15:03:46.193 E/SystemDnsCacheServer( 7840): 	at java.lang.Thread.run(Thread.java:1119)
11-21 15:03:46.193 W/VpnService( 7840): ⚠️ DNS resolution timeout for static.cdn.admatic.com.tr after 2001ms (max: 2000ms)
11-21 15:03:46.193 W/VpnService( 7840): ⚠️ DNS resolution failed for static.cdn.admatic.com.tr (SystemDnsCacheServer with DoH fallback)
11-21 15:03:46.199 D/SystemDnsCacheServer( 7840): ⚠️ DNS query attempt 1 failed for cdnjs.cloudflare.com, retrying with timeout 350ms...
11-21 15:03:46.199 E/SystemDnsCacheServer( 7840): Error resolving domain: cdnjs.cloudflare.com
11-21 15:03:46.199 E/SystemDnsCacheServer( 7840): kotlinx.coroutines.TimeoutCancellationException: Timed out waiting for 2000 ms
11-21 15:03:46.199 E/SystemDnsCacheServer( 7840): 	at kotlinx.coroutines.TimeoutKt.TimeoutCancellationException(Timeout.kt:188)
11-21 15:03:46.199 E/SystemDnsCacheServer( 7840): 	at kotlinx.coroutines.TimeoutCoroutine.run(Timeout.kt:156)
11-21 15:03:46.199 E/SystemDnsCacheServer( 7840): 	at kotlinx.coroutines.EventLoopImplBase$DelayedRunnableTask.run(EventLoop.common.kt:505)
11-21 15:03:46.199 E/SystemDnsCacheServer( 7840): 	at kotlinx.coroutines.EventLoopImplBase.processNextEvent(EventLoop.common.kt:263)
11-21 15:03:46.199 E/SystemDnsCacheServer( 7840): 	at kotlinx.coroutines.DefaultExecutor.run(DefaultExecutor.kt:105)
11-21 15:03:46.199 E/SystemDnsCacheServer( 7840): 	at java.lang.Thread.run(Thread.java:1119)
11-21 15:03:46.199 W/VpnService( 7840): ⚠️ DNS resolution timeout for cdnjs.cloudflare.com after 2001ms (max: 2000ms)
11-21 15:03:46.199 W/VpnService( 7840): ⚠️ DNS resolution failed for cdnjs.cloudflare.com (SystemDnsCacheServer with DoH fallback)
11-21 15:03:46.217 D/XrayRuntimeService( 7840): Xray: 2025/11/21 12:03:46.216792 [Info] [3331578066] proxy: Xtls Unpadding new block, content 26 padding 1300 command 2
11-21 15:03:46.217 D/XrayRuntimeService( 7840): Xray: 2025/11/21 12:03:46.216823 [Info] [3331578066] proxy: CopyRawConn splice
11-21 15:03:46.217 D/XrayRuntimeService( 7840): Xray: REALITY localAddr: 192.168.1.42:60994	DialTLSContext
11-21 15:03:46.227 D/XrayRuntimeService( 7840): Xray: REALITY localAddr: 192.168.1.42:60986	DialTLSContext
11-21 15:03:46.420 D/XrayRuntimeService( 7840): Xray: REALITY localAddr: 192.168.1.42:34646	DialTLSContext
11-21 15:03:46.620 D/XrayRuntimeService( 7840): Xray: 2025/11/21 12:03:46.620040 [Info] [3606095533] transport/internet/tcp: dialing TCP to tcp:stol.halibiram.online:443
11-21 15:03:46.620 D/XrayRuntimeService( 7840): Xray: 2025/11/21 12:03:46.620276 [Debug] [3606095533] transport/internet: dialing to tcp:stol.halibiram.online:443
11-21 15:03:46.634 D/BroadcastQueue( 3869): Logging broadcast for com.hyperxray.an, stopped=false, firstLaunch=false
11-21 15:03:46.655 D/XrayRuntimeService( 7840): Xray: 2025/11/21 12:03:46.654732 [Debug] [1960336361] proxy/socks: send packet to udp:8.8.8.8:53 with 42 bytes
11-21 15:03:46.655 D/XrayRuntimeService( 7840): Xray: 2025/11/21 12:03:46.654761 [Debug] [1960336361] transport/internet/udp: dispatch request to: udp:8.8.8.8:53
11-21 15:03:46.728 D/XrayRuntimeService( 7840): Xray: 2025/11/21 12:03:46.727966 [Info] [2377553889] transport/internet/tcp: dialing TCP to tcp:stol.halibiram.online:443
11-21 15:03:46.730 D/XrayRuntimeService( 7840): Xray: 2025/11/21 12:03:46.727993 [Debug] [2377553889] transport/internet: dialing to tcp:stol.halibiram.online:443
11-21 15:03:46.787 D/XrayRuntimeService( 7840): Xray: REALITY localAddr: 192.168.1.42:34626	DialTLSContext
11-21 15:03:47.011 D/XrayRuntimeService( 7840): Xray: REALITY localAddr: 192.168.1.42:34678	DialTLSContext
11-21 15:03:47.140 D/XrayRuntimeService( 7840): Xray: REALITY localAddr: 192.168.1.42:34678	DialTLSContext
11-21 15:03:47.188 D/XrayRuntimeService( 7840): Xray: 2025/11/21 12:03:47.187432 [Info] [3282085847] transport/internet/tcp: dialing TCP to tcp:stol.halibiram.online:443
11-21 15:03:47.188 D/XrayRuntimeService( 7840): Xray: 2025/11/21 12:03:47.187460 [Debug] [3282085847] transport/internet: dialing to tcp:stol.halibiram.online:443
11-21 15:03:47.285 D/XrayRuntimeService( 7840): Xray: 2025/11/21 12:03:47.284746 [Info] [3122844875] proxy/vless/outbound: tunneling request to tcp:z-m-gateway.facebook.com:443 via stol.halibiram.online:443
11-21 15:03:47.285 D/XrayRuntimeService( 7840): Xray: 2025/11/21 12:03:47.285059 [Info] [3122844875] proxy: XtlsFilterTls found tls client hello! 394
11-21 15:03:47.285 D/XrayRuntimeService( 7840): Xray: 2025/11/21 12:03:47.285072 [Info] [3122844875] proxy: XtlsPadding 394 783 0
11-21 15:03:47.405 D/XrayRuntimeService( 7840): Xray: 2025/11/21 12:03:47.404658 [Info] [3122844875] proxy: Xtls Unpadding new block, content 212 padding 935 command 0
11-21 15:03:47.405 D/XrayRuntimeService( 7840): Xray: 2025/11/21 12:03:47.404701 [Info] [3122844875] proxy: XtlsFilterTls found tls 1.3! 212 TLS_AES_128_GCM_SHA256
11-21 15:03:47.407 D/XrayRuntimeService( 7840): Xray: 2025/11/21 12:03:47.407157 [Info] [3122844875] proxy: XtlsPadding 6 1122 0
11-21 15:03:47.419 D/XrayRuntimeService( 7840): Xray: REALITY localAddr: 192.168.1.42:57772	DialTLSContext
11-21 15:03:47.419 D/XrayRuntimeService( 7840): Xray: 2025/11/21 12:03:47.418833 [Info] [3235925357] transport/internet/tcp: dialing TCP to tcp:stol.halibiram.online:443
11-21 15:03:47.419 D/XrayRuntimeService( 7840): Xray: 2025/11/21 12:03:47.418848 [Debug] [3235925357] transport/internet: dialing to tcp:stol.halibiram.online:443
11-21 15:03:47.445 D/XrayRuntimeService( 7840): Xray: 2025/11/21 12:03:47.445374 [Info] [3122844875] proxy: XtlsPadding 2781 31 2
11-21 15:03:47.520 D/XrayRuntimeService( 7840): Xray: 2025/11/21 12:03:47.519786 [Info] [2573161153] proxy/vless/outbound: tunneling request to tcp:fonts.googleapis.com:443 via stol.halibiram.online:443
11-21 15:03:47.520 D/XrayRuntimeService( 7840): Xray: 2025/11/21 12:03:47.519965 [Info] [2573161153] proxy: XtlsFilterTls found tls client hello! 1730
11-21 15:03:47.520 D/XrayRuntimeService( 7840): Xray: REALITY localAddr: 192.168.1.42:38388	DialTLSContext
11-21 15:03:47.520 D/XrayRuntimeService( 7840): Xray: 2025/11/21 12:03:47.519972 [Info] [2573161153] proxy: XtlsPadding 1730 219 0
11-21 15:03:47.521 D/XrayRuntimeService( 7840): Xray: 2025/11/21 12:03:47.519393 [Info] [2345500372] transport/internet/tcp: dialing TCP to tcp:stol.halibiram.online:443
11-21 15:03:47.521 D/XrayRuntimeService( 7840): Xray: 2025/11/21 12:03:47.520083 [Debug] [2345500372] transport/internet: dialing to tcp:stol.halibiram.online:443
11-21 15:03:47.558 D/XrayRuntimeService( 7840): Xray: REALITY localAddr: 192.168.1.42:57772	DialTLSContext
11-21 15:03:47.563 D/XrayRuntimeService( 7840): Xray: 2025/11/21 12:03:47.563418 [Info] [3122844875] proxy: Xtls Unpadding new block, content 253 padding 1099 command 2
11-21 15:03:47.563 D/XrayRuntimeService( 7840): Xray: 2025/11/21 12:03:47.563449 [Info] [3122844875] proxy: CopyRawConn splice
11-21 15:03:47.613 D/XrayRuntimeService( 7840): Xray: 2025/11/21 12:03:47.613396 [Info] [2549469685] proxy/socks: client UDP connection from udp:127.0.0.1:42720
11-21 15:03:47.614 D/XrayRuntimeService( 7840): Xray: 2025/11/21 12:03:47.613420 [Debug] [2549469685] proxy/socks: send packet to udp:57.144.238.196:443 with 1252 bytes
11-21 15:03:47.614 D/XrayRuntimeService( 7840): Xray: 2025/11/21 12:03:47.613424 [Debug] [2549469685] transport/internet/udp: dispatch request to: udp:57.144.238.196:443
11-21 15:03:47.614 D/XrayRuntimeService( 7840): Xray: 2025/11/21 12:03:47.613428 [Info] [2549469685] transport/internet/udp: establishing new connection for udp:57.144.238.196:443
11-21 15:03:47.614 D/DnsCacheManager( 7840): 🔍 Checking DNS cache for: test-gateway.instagram.com
11-21 15:03:47.615 I/DnsCacheManager( 7840): ✅ DNS cache HIT: test-gateway.instagram.com -> [57.144.238.48] (age: 4384s) [85μs]
11-21 15:03:47.615 D/VpnService( 7840): ✅ DNS CACHE HIT (Xray sniffing): test-gateway.instagram.com -> [57.144.238.48] (served from cache)
11-21 15:03:47.615 D/XrayRuntimeService( 7840): Xray: 2025/11/21 12:03:47.613591 [Info] [2549469685] app/dispatcher: sniffed domain: test-gateway.instagram.com
11-21 15:03:47.615 D/XrayRuntimeService( 7840): Xray: 2025/11/21 12:03:47.613601 [Info] [2549469685] app/dispatcher: default route for udp:test-gateway.instagram.com:443
11-21 15:03:47.615 D/XrayRuntimeService( 7840): Xray: 2025/11/21 12:03:47.613607 [Info] [2549469685] transport/internet/tcp: dialing TCP to tcp:stol.halibiram.online:443
11-21 15:03:47.615 D/XrayRuntimeService( 7840): Xray: 2025/11/21 12:03:47.613611 [Debug] [2549469685] transport/internet: dialing to tcp:stol.halibiram.online:443
11-21 15:03:47.616 D/XrayRuntimeService( 7840): Xray: 2025/11/21 12:03:47.613610 from udp:127.0.0.1:42720 accepted udp:57.144.238.196:443 [vless_0]
11-21 15:03:47.648 D/XrayRuntimeService( 7840): Xray: 2025/11/21 12:03:47.647610 [Info] [2573161153] proxy: Xtls Unpadding new block, content 4662 padding 166 command 0
11-21 15:03:47.648 D/XrayRuntimeService( 7840): Xray: 2025/11/21 12:03:47.647635 [Info] [2573161153] proxy: XtlsFilterTls found tls 1.3! 1163 TLS_AES_128_GCM_SHA256
11-21 15:03:47.654 D/XrayRuntimeService( 7840): Xray: 2025/11/21 12:03:47.653998 [Info] [2573161153] proxy: XtlsPadding 74 1093 0
11-21 15:03:47.711 D/XrayRuntimeService( 7840): Xray: 2025/11/21 12:03:47.711001 [Debug] [2549469685] proxy/socks: send packet to udp:57.144.238.196:443 with 1252 bytes
11-21 15:03:47.711 D/XrayRuntimeService( 7840): Xray: 2025/11/21 12:03:47.711029 [Debug] [2549469685] transport/internet/udp: dispatch request to: udp:57.144.238.196:443
11-21 15:03:47.723 D/XrayRuntimeService( 7840): Xray: REALITY localAddr: 192.168.1.42:34684	DialTLSContext
11-21 15:03:47.754 D/XrayRuntimeService( 7840): Xray: 2025/11/21 12:03:47.754102 [Info] [2573161153] proxy: Xtls Unpadding new block, content 62 padding 1153 command 2
11-21 15:03:47.754 D/XrayRuntimeService( 7840): Xray: 2025/11/21 12:03:47.754129 [Info] [2573161153] proxy: CopyRawConn splice
11-21 15:03:47.812 D/XrayRuntimeService( 7840): Xray: 2025/11/21 12:03:47.811548 [Info] [2377553889] app/proxyman/outbound: app/proxyman/outbound: failed to process outbound traffic > proxy/vless/outbound: failed to find an available destination > common/retry: [transport/internet/reality: REALITY: processed invalid connection] > common/retry: all retry attempts failed
11-21 15:03:47.812 D/XrayRuntimeService( 7840): Xray: 2025/11/21 12:03:47.812414 [Info] [2377553889] transport/internet/udp: failed to handle UDP input > io: read/write on closed pipe
11-21 15:03:47.813 D/XrayRuntimeService( 7840): Xray: 2025/11/21 12:03:47.813220 [Info] [2078242845] proxy/socks: TCP Connect request to tcp:57.144.238.196:443
11-21 15:03:47.814 D/DnsCacheManager( 7840): 🔍 Checking DNS cache for: test-gateway.instagram.com
11-21 15:03:47.814 I/DnsCacheManager( 7840): ✅ DNS cache HIT: test-gateway.instagram.com -> [57.144.238.48] (age: 4384s) [53μs]
11-21 15:03:47.814 D/VpnService( 7840): ✅ DNS CACHE HIT (Xray sniffing): test-gateway.instagram.com -> [57.144.238.48] (served from cache)
11-21 15:03:47.814 D/XrayRuntimeService( 7840): Xray: 2025/11/21 12:03:47.813448 [Info] [2078242845] app/dispatcher: sniffed domain: test-gateway.instagram.com
11-21 15:03:47.814 D/XrayRuntimeService( 7840): Xray: 2025/11/21 12:03:47.813455 [Info] [2078242845] app/dispatcher: default route for tcp:test-gateway.instagram.com:443
11-21 15:03:47.814 D/XrayRuntimeService( 7840): Xray: 2025/11/21 12:03:47.813459 [Info] [2078242845] transport/internet/tcp: dialing TCP to tcp:stol.halibiram.online:443
11-21 15:03:47.815 D/XrayRuntimeService( 7840): Xray: 2025/11/21 12:03:47.813462 [Debug] [2078242845] transport/internet: dialing to tcp:stol.halibiram.online:443
11-21 15:03:47.815 D/XrayRuntimeService( 7840): Xray: 2025/11/21 12:03:47.813539 from tcp:127.0.0.1:58588 accepted tcp:57.144.238.196:443 [vless_0]
11-21 15:03:47.815 D/XrayRuntimeService( 7840): Xray: REALITY localAddr: 192.168.1.42:34684	DialTLSContext
11-21 15:03:47.912 D/XrayRuntimeService( 7840): Xray: 2025/11/21 12:03:47.912081 [Debug] [2549469685] proxy/socks: send packet to udp:57.144.238.196:443 with 1252 bytes
11-21 15:03:47.913 D/XrayRuntimeService( 7840): Xray: 2025/11/21 12:03:47.912129 [Debug] [2549469685] transport/internet/udp: dispatch request to: udp:57.144.238.196:443
11-21 15:03:47.924 D/XrayRuntimeService( 7840): Xray: 2025/11/21 12:03:47.924476 [Info] [3235925357] transport/internet/tcp: dialing TCP to tcp:stol.halibiram.online:443
11-21 15:03:47.925 D/XrayRuntimeService( 7840): Xray: 2025/11/21 12:03:47.924522 [Debug] [3235925357] transport/internet: dialing to tcp:stol.halibiram.online:443
11-21 15:03:48.187 D/XrayRuntimeService( 7840): Xray: 2025/11/21 12:03:48.187164 [Info] [3235925357] proxy/vless/outbound: tunneling request to tcp:scontent-cdg4-3.xx.fbcdn.net:443 via stol.halibiram.online:443
11-21 15:03:48.188 D/XrayRuntimeService( 7840): Xray: 2025/11/21 12:03:48.187367 [Info] [3235925357] proxy: XtlsFilterTls found tls client hello! 422
11-21 15:03:48.188 D/XrayRuntimeService( 7840): Xray: 2025/11/21 12:03:48.187377 [Info] [3235925357] proxy: XtlsPadding 422 561 0
11-21 15:03:48.199 D/XrayRuntimeService( 7840): Xray: 2025/11/21 12:03:48.199203 [Info] [4038954045] proxy/socks: TCP Connect request to tcp:57.144.238.196:443
11-21 15:03:48.200 D/DnsCacheManager( 7840): 🔍 Checking DNS cache for: test-gateway.instagram.com
11-21 15:03:48.200 I/DnsCacheManager( 7840): ✅ DNS cache HIT: test-gateway.instagram.com -> [57.144.238.48] (age: 4385s) [271μs]
11-21 15:03:48.200 D/VpnService( 7840): ✅ DNS CACHE HIT (Xray sniffing): test-gateway.instagram.com -> [57.144.238.48] (served from cache)
11-21 15:03:48.200 D/XrayRuntimeService( 7840): Xray: 2025/11/21 12:03:48.199857 [Info] [4038954045] app/dispatcher: sniffed domain: test-gateway.instagram.com
11-21 15:03:48.201 D/XrayRuntimeService( 7840): Xray: 2025/11/21 12:03:48.199873 [Info] [4038954045] app/dispatcher: default route for tcp:test-gateway.instagram.com:443
11-21 15:03:48.201 D/XrayRuntimeService( 7840): Xray: 2025/11/21 12:03:48.199877 [Info] [4038954045] transport/internet/tcp: dialing TCP to tcp:stol.halibiram.online:443
11-21 15:03:48.201 D/XrayRuntimeService( 7840): Xray: 2025/11/21 12:03:48.199880 [Debug] [4038954045] transport/internet: dialing to tcp:stol.halibiram.online:443
11-21 15:03:48.201 D/XrayRuntimeService( 7840): Xray: 2025/11/21 12:03:48.199889 from tcp:127.0.0.1:58604 accepted tcp:57.144.238.196:443 [vless_0]
11-21 15:03:48.292 D/XrayRuntimeService( 7840): Xray: 2025/11/21 12:03:48.292125 [Info] [3235925357] proxy: Xtls Unpadding new block, content 212 padding 821 command 0
11-21 15:03:48.293 D/XrayRuntimeService( 7840): Xray: 2025/11/21 12:03:48.292187 [Info] [3235925357] proxy: XtlsFilterTls found tls 1.2! 212
11-21 15:03:48.314 D/XrayRuntimeService( 7840): Xray: 2025/11/21 12:03:48.313572 [Debug] [2549469685] proxy/socks: send packet to udp:57.144.238.196:443 with 1252 bytes
11-21 15:03:48.314 D/XrayRuntimeService( 7840): Xray: 2025/11/21 12:03:48.313603 [Debug] [2549469685] transport/internet/udp: dispatch request to: udp:57.144.238.196:443
11-21 15:03:48.400 D/XrayRuntimeService( 7840): Xray: 2025/11/21 12:03:48.399624 [Info] [201901669] transport/internet/tcp: dialing TCP to tcp:stol.halibiram.online:443
11-21 15:03:48.400 D/XrayRuntimeService( 7840): Xray: 2025/11/21 12:03:48.399672 [Debug] [201901669] transport/internet: dialing to tcp:stol.halibiram.online:443
11-21 15:03:48.401 D/XrayRuntimeService( 7840): Xray: REALITY localAddr: 192.168.1.42:60912	DialTLSContext
11-21 15:03:48.441 D/XrayRuntimeService( 7840): Xray: 2025/11/21 12:03:48.440584 [Info] [243359662] transport/internet/tcp: dialing TCP to tcp:stol.halibiram.online:443
11-21 15:03:48.441 D/XrayRuntimeService( 7840): Xray: 2025/11/21 12:03:48.440622 [Debug] [243359662] transport/internet: dialing to tcp:stol.halibiram.online:443
11-21 15:03:48.441 D/XrayRuntimeService( 7840): Xray: REALITY localAddr: 192.168.1.42:57760	DialTLSContext
11-21 15:03:48.475 D/XrayRuntimeService( 7840): Xray: 2025/11/21 12:03:48.475054 [Info] [4038954045] transport/internet/tcp: dialing TCP to tcp:stol.halibiram.online:443
11-21 15:03:48.476 D/XrayRuntimeService( 7840): Xray: 2025/11/21 12:03:48.475158 [Debug] [4038954045] transport/internet: dialing to tcp:stol.halibiram.online:443
11-21 15:03:48.476 D/XrayRuntimeService( 7840): Xray: REALITY localAddr: 192.168.1.42:34734	DialTLSContext
11-21 15:03:48.574 D/XrayRuntimeService( 7840): Xray: REALITY localAddr: 192.168.1.42:57760	DialTLSContext
11-21 15:03:48.702 D/XrayRuntimeService( 7840): Xray: REALITY localAddr: 192.168.1.42:34738	DialTLSContext
11-21 15:03:48.714 D/XrayRuntimeService( 7840): Xray: 2025/11/21 12:03:48.713621 [Info] [2563554057] proxy/socks: TCP Connect request to tcp:57.144.238.196:443
11-21 15:03:48.715 D/DnsCacheManager( 7840): 🔍 Checking DNS cache for: test-gateway.instagram.com
11-21 15:03:48.715 I/DnsCacheManager( 7840): ✅ DNS cache HIT: test-gateway.instagram.com -> [57.144.238.48] (age: 4385s) [63μs]
11-21 15:03:48.715 D/VpnService( 7840): ✅ DNS CACHE HIT (Xray sniffing): test-gateway.instagram.com -> [57.144.238.48] (served from cache)
11-21 15:03:48.715 D/XrayRuntimeService( 7840): Xray: 2025/11/21 12:03:48.715191 [Info] [2563554057] app/dispatcher: sniffed domain: test-gateway.instagram.com
11-21 15:03:48.715 D/XrayRuntimeService( 7840): Xray: 2025/11/21 12:03:48.715215 [Info] [2563554057] app/dispatcher: default route for tcp:test-gateway.instagram.com:443
11-21 15:03:48.716 D/XrayRuntimeService( 7840): Xray: 2025/11/21 12:03:48.715219 [Info] [2563554057] transport/internet/tcp: dialing TCP to tcp:stol.halibiram.online:443
11-21 15:03:48.716 D/XrayRuntimeService( 7840): Xray: 2025/11/21 12:03:48.715223 [Debug] [2563554057] transport/internet: dialing to tcp:stol.halibiram.online:443
11-21 15:03:48.716 D/XrayRuntimeService( 7840): Xray: 2025/11/21 12:03:48.715240 from tcp:127.0.0.1:58612 accepted tcp:57.144.238.196:443 [vless_0]
11-21 15:03:48.831 D/XrayRuntimeService( 7840): Xray: REALITY localAddr: 192.168.1.42:34738	DialTLSContext
11-21 15:03:48.903 D/XrayRuntimeService( 7840): Xray: 2025/11/21 12:03:48.902327 [Info] [243359662] transport/internet/tcp: dialing TCP to tcp:stol.halibiram.online:443
11-21 15:03:48.903 D/XrayRuntimeService( 7840): Xray: 2025/11/21 12:03:48.902440 [Debug] [243359662] transport/internet: dialing to tcp:stol.halibiram.online:443
11-21 15:03:49.114 D/XrayRuntimeService( 7840): Xray: 2025/11/21 12:03:49.113350 [Debug] [2549469685] proxy/socks: send packet to udp:57.144.238.196:443 with 1252 bytes
11-21 15:03:49.114 D/XrayRuntimeService( 7840): Xray: 2025/11/21 12:03:49.113552 [Debug] [2549469685] transport/internet/udp: dispatch request to: udp:57.144.238.196:443
11-21 15:03:49.119 D/XrayRuntimeService( 7840): Xray: 2025/11/21 12:03:49.119547 [Info] [2078242845] transport/internet/tcp: dialing TCP to tcp:stol.halibiram.online:443
11-21 15:03:49.120 D/XrayRuntimeService( 7840): Xray: 2025/11/21 12:03:49.119606 [Debug] [2078242845] transport/internet: dialing to tcp:stol.halibiram.online:443
11-21 15:03:49.120 D/XrayRuntimeService( 7840): Xray: REALITY localAddr: 192.168.1.42:34724	DialTLSContext
11-21 15:03:49.203 D/XrayRuntimeService( 7840): Xray: 2025/11/21 12:03:49.202684 [Debug] [1627363341] proxy/socks: send packet to udp:8.8.8.8:53 with 38 bytes
11-21 15:03:49.203 D/XrayRuntimeService( 7840): Xray: 2025/11/21 12:03:49.202718 [Debug] [1627363341] transport/internet/udp: dispatch request to: udp:8.8.8.8:53
11-21 15:03:49.334 D/BroadcastQueue( 3869): Logging broadcast for com.hyperxray.an, stopped=false, firstLaunch=false
11-21 15:03:49.515 D/XrayRuntimeService( 7840): Xray: 2025/11/21 12:03:49.514269 [Info] [1221689760] proxy/vless/outbound: tunneling request to udp:8.8.8.8:53 via stol.halibiram.online:443
11-21 15:03:49.516 D/XrayRuntimeService( 7840): Xray: 2025/11/21 12:03:49.515281 [Info] [1221689760] proxy: XtlsPadding 68 41 0
11-21 15:03:49.516 D/XrayRuntimeService( 7840): Xray: 2025/11/21 12:03:49.515289 [Info] [1221689760] proxy: XtlsPadding 60 50 0
11-21 15:03:49.516 D/XrayRuntimeService( 7840): Xray: REALITY localAddr: 192.168.1.42:34780	DialTLSContext
11-21 15:03:49.621 D/XrayRuntimeService( 7840): Xray: 2025/11/21 12:03:49.621228 [Info] [1221689760] proxy: Xtls Unpadding new block, content 16 padding 80 command 0
11-21 15:03:49.622 D/XrayRuntimeService( 7840): Xray: 2025/11/21 12:03:49.621425 [Info] [1221689760] proxy: Xtls Unpadding new block, content 95 padding 62 command 0
11-21 15:03:49.622 D/XrayRuntimeService( 7840): Xray: 2025/11/21 12:03:49.621432 [Info] [1221689760] proxy: Xtls Unpadding new block, content 16 padding 23 command 0
11-21 15:03:49.622 D/XrayRuntimeService( 7840): Xray: 2025/11/21 12:03:49.621435 [Info] [1221689760] proxy: Xtls Unpadding new block, content 95 padding 177 command 0
11-21 15:03:49.622 D/XrayRuntimeService( 7840): Xray: 2025/11/21 12:03:49.621440 [Debug] [1221689760] proxy/socks: writing back UDP response with 95 bytes
11-21 15:03:49.623 D/XrayRuntimeService( 7840): Xray: 2025/11/21 12:03:49.621442 [Debug] [1221689760] proxy/socks: writing back UDP response with 95 bytes
11-21 15:03:49.687 D/XrayRuntimeService( 7840): Xray: REALITY localAddr: 192.168.1.42:34780	DialTLSContext
11-21 15:03:49.717 D/XrayRuntimeService( 7840): Xray: 2025/11/21 12:03:49.716689 [Info] [2078242845] transport/internet/tcp: dialing TCP to tcp:stol.halibiram.online:443
11-21 15:03:49.717 D/XrayRuntimeService( 7840): Xray: 2025/11/21 12:03:49.716738 [Debug] [2078242845] transport/internet: dialing to tcp:stol.halibiram.online:443
11-21 15:03:49.743 D/XrayRuntimeService( 7840): Xray: REALITY localAddr: 192.168.1.42:34736	DialTLSContext
11-21 15:03:49.751 D/XrayRuntimeService( 7840): Xray: 2025/11/21 12:03:49.751345 [Info] [603412766] proxy/vless/outbound: tunneling request to tcp:z-m-gateway.facebook.com:443 via stol.halibiram.online:443
11-21 15:03:49.752 D/XrayRuntimeService( 7840): Xray: 2025/11/21 12:03:49.751470 [Info] [603412766] proxy: XtlsFilterTls found tls client hello! 394
11-21 15:03:49.752 D/XrayRuntimeService( 7840): Xray: 2025/11/21 12:03:49.751476 [Info] [603412766] proxy: XtlsPadding 394 877 0
11-21 15:03:49.881 D/XrayRuntimeService( 7840): Xray: 2025/11/21 12:03:49.880289 [Info] [603412766] proxy: Xtls Unpadding new block, content 212 padding 1099 command 0
11-21 15:03:49.881 D/XrayRuntimeService( 7840): Xray: REALITY localAddr: 192.168.1.42:34736	DialTLSContext
11-21 15:03:49.881 D/XrayRuntimeService( 7840): Xray: 2025/11/21 12:03:49.881486 [Info] [603412766] proxy: XtlsFilterTls found tls 1.3! 212 TLS_AES_128_GCM_SHA256
11-21 15:03:49.883 D/XrayRuntimeService( 7840): Xray: 2025/11/21 12:03:49.883319 [Info] [603412766] proxy: XtlsPadding 6 1273 0
11-21 15:03:49.921 D/XrayRuntimeService( 7840): Xray: 2025/11/21 12:03:49.921396 [Info] [603412766] proxy: XtlsPadding 1534 0 2
11-21 15:03:49.944 D/XrayRuntimeService( 7840): Xray: 2025/11/21 12:03:49.943647 [Info] [201901669] transport/internet/tcp: dialing TCP to tcp:stol.halibiram.online:443
11-21 15:03:49.944 D/XrayRuntimeService( 7840): Xray: 2025/11/21 12:03:49.943685 [Debug] [201901669] transport/internet: dialing to tcp:stol.halibiram.online:443
11-21 15:03:49.983 D/XrayRuntimeService( 7840): Xray: REALITY localAddr: 192.168.1.42:34662	DialTLSContext
11-21 15:03:50.031 D/XrayRuntimeService( 7840): Xray: 2025/11/21 12:03:50.030378 [Info] [603412766] proxy: Xtls Unpadding new block, content 179 padding 796 command 2
11-21 15:03:50.031 D/XrayRuntimeService( 7840): Xray: 2025/11/21 12:03:50.030466 [Info] [603412766] proxy: CopyRawConn splice
11-21 15:03:50.117 D/XrayRuntimeService( 7840): Xray: REALITY localAddr: 192.168.1.42:34662	DialTLSContext
11-21 15:03:50.195 D/XrayRuntimeService( 7840): Xray: REALITY localAddr: 192.168.1.42:34766	DialTLSContext
11-21 15:03:50.334 D/XrayRuntimeService( 7840): Xray: REALITY localAddr: 192.168.1.42:34766	DialTLSContext
11-21 15:03:50.383 D/XrayRuntimeService( 7840): Xray: 2025/11/21 12:03:50.383359 [Info] [3606095533] transport/internet/tcp: dialing TCP to tcp:stol.halibiram.online:443
11-21 15:03:50.384 D/XrayRuntimeService( 7840): Xray: 2025/11/21 12:03:50.383410 [Debug] [3606095533] transport/internet: dialing to tcp:stol.halibiram.online:443
11-21 15:03:50.483 D/XrayRuntimeService( 7840): Xray: REALITY localAddr: 192.168.1.42:59864	DialTLSContext
11-21 15:03:50.486 D/XrayRuntimeService( 7840): Xray: 2025/11/21 12:03:50.485845 [Info] [1596307672] proxy/vless/outbound: tunneling request to udp:test-gateway.instagram.com:443 via stol.halibiram.online:443
11-21 15:03:50.487 D/XrayRuntimeService( 7840): Xray: 2025/11/21 12:03:50.486107 [Info] [1596307672] app/proxyman/outbound: app/proxyman/outbound: failed to process outbound traffic > proxy/vless/outbound: XTLS rejected UDP/443 traffic
11-21 15:03:50.487 D/XrayRuntimeService( 7840): Xray: 2025/11/21 12:03:50.487551 [Info] [2450296123] transport/internet/tcp: dialing TCP to tcp:stol.halibiram.online:443
11-21 15:03:50.488 D/XrayRuntimeService( 7840): Xray: 2025/11/21 12:03:50.487865 [Debug] [2450296123] transport/internet: dialing to tcp:stol.halibiram.online:443
11-21 15:03:50.488 D/XrayRuntimeService( 7840): Xray: REALITY localAddr: 192.168.1.42:57746	DialTLSContext
11-21 15:03:50.491 D/XrayRuntimeService( 7840): Xray: 2025/11/21 12:03:50.491450 [Info] [1673459918] transport/internet/tcp: dialing TCP to tcp:stol.halibiram.online:443
11-21 15:03:50.491 D/XrayRuntimeService( 7840): Xray: 2025/11/21 12:03:50.491533 [Debug] [1673459918] transport/internet: dialing to tcp:stol.halibiram.online:443
11-21 15:03:50.492 D/XrayRuntimeService( 7840): Xray: REALITY localAddr: 192.168.1.42:59808	DialTLSContext
11-21 15:03:50.596 D/XrayRuntimeService( 7840): Xray: 2025/11/21 12:03:50.596131 [Info] [243359662] transport/internet/tcp: dialing TCP to tcp:stol.halibiram.online:443
11-21 15:03:50.597 D/XrayRuntimeService( 7840): Xray: 2025/11/21 12:03:50.596160 [Debug] [243359662] transport/internet: dialing to tcp:stol.halibiram.online:443
11-21 15:03:50.714 D/XrayRuntimeService( 7840): Xray: 2025/11/21 12:03:50.714048 [Debug] [2549469685] proxy/socks: send packet to udp:57.144.238.196:443 with 1252 bytes
11-21 15:03:50.714 D/XrayRuntimeService( 7840): Xray: 2025/11/21 12:03:50.714074 [Debug] [2549469685] transport/internet/udp: dispatch request to: udp:57.144.238.196:443
11-21 15:03:50.883 D/XrayRuntimeService( 7840): Xray: 2025/11/21 12:03:50.883468 [Info] [436621779] transport/internet/tcp: dialing TCP to tcp:stol.halibiram.online:443
11-21 15:03:50.884 D/XrayRuntimeService( 7840): Xray: 2025/11/21 12:03:50.883492 [Debug] [436621779] transport/internet: dialing to tcp:stol.halibiram.online:443
11-21 15:03:51.656 E/fb4a.msys(27864): E[N mns]_LogError(228)=>Failed to resolve using system DNS resolver, getaddrinfo(): No address associated with hostname
11-21 15:03:51.800 E/fb4a.msys(27864): E[C mem.context]_LogConnectFailure(5005)=>[Happy Eyeball] Connect failed with source=1, winner stream ip=57.144.238.8, port=443, dnsResolutionMethod=1, combined_ip_addresses=57.144.238.8
11-21 15:03:51.801 E/fb4a.msys(27864): E[N mns]_OnDiskCacheGetData(632)=>Start post callback cache refresh DNS resolution
11-21 15:03:51.804 E/fb4a.msys(27864): E[N mns]_OnDiskCacheGetData(632)=>Start post callback cache refresh DNS resolution
11-21 15:03:51.804 E/fb4a.msys(27864): E[N mns]_OnSystemDNSSuccessCallback(340)=>Cache refresh succeeded with system DNS resolver. IP count: 1
11-21 15:03:51.807 D/XrayRuntimeService( 7840): Xray: 2025/11/21 12:03:51.806542 [Info] [4179732454] proxy/socks: TCP Connect request to tcp:57.144.238.3:443
11-21 15:03:51.807 D/XrayRuntimeService( 7840): Xray: 2025/11/21 12:03:51.806574 [Info] [4107853874] proxy/socks: TCP Connect request to tcp:57.144.238.3:443
11-21 15:03:51.807 E/fb4a.msys(27864): E[N mns]_OnSystemDNSSuccessCallback(340)=>Cache refresh succeeded with system DNS resolver. IP count: 1
11-21 15:03:51.808 D/DnsCacheManager( 7840): 🔍 Checking DNS cache for: z-m-gateway.facebook.com
11-21 15:03:51.808 I/DnsCacheManager( 7840): ✅ DNS cache HIT: z-m-gateway.facebook.com -> [57.144.238.3] (age: 4020s) [59μs]
11-21 15:03:51.808 D/VpnService( 7840): ✅ DNS CACHE HIT (Xray sniffing): z-m-gateway.facebook.com -> [57.144.238.3] (served from cache)
11-21 15:03:51.808 D/XrayRuntimeService( 7840): Xray: 2025/11/21 12:03:51.807952 [Info] [4179732454] app/dispatcher: sniffed domain: z-m-gateway.facebook.com
11-21 15:03:51.809 D/XrayRuntimeService( 7840): Xray: 2025/11/21 12:03:51.807968 [Info] [4179732454] app/dispatcher: default route for tcp:z-m-gateway.facebook.com:443
11-21 15:03:51.809 D/XrayRuntimeService( 7840): Xray: 2025/11/21 12:03:51.807973 [Info] [4179732454] transport/internet/tcp: dialing TCP to tcp:stol.halibiram.online:443
11-21 15:03:51.809 D/XrayRuntimeService( 7840): Xray: 2025/11/21 12:03:51.807976 [Debug] [4179732454] transport/internet: dialing to tcp:stol.halibiram.online:443
11-21 15:03:51.810 D/XrayRuntimeService( 7840): Xray: 2025/11/21 12:03:51.807986 from tcp:127.0.0.1:58618 accepted tcp:57.144.238.3:443 [vless_0]
11-21 15:03:51.810 D/DnsCacheManager( 7840): 🔍 Checking DNS cache for: z-m-gateway.facebook.com
11-21 15:03:51.810 I/DnsCacheManager( 7840): ✅ DNS cache HIT: z-m-gateway.facebook.com -> [57.144.238.3] (age: 4020s) [29μs]
11-21 15:03:51.810 D/VpnService( 7840): ✅ DNS CACHE HIT (Xray sniffing): z-m-gateway.facebook.com -> [57.144.238.3] (served from cache)
11-21 15:03:51.810 D/XrayRuntimeService( 7840): Xray: 2025/11/21 12:03:51.809780 [Info] [4107853874] app/dispatcher: sniffed domain: z-m-gateway.facebook.com
11-21 15:03:51.810 D/XrayRuntimeService( 7840): Xray: 2025/11/21 12:03:51.809794 [Info] [4107853874] app/dispatcher: default route for tcp:z-m-gateway.facebook.com:443
11-21 15:03:51.810 D/XrayRuntimeService( 7840): Xray: 2025/11/21 12:03:51.809907 from tcp:127.0.0.1:58622 accepted tcp:57.144.238.3:443 [vless_0]
11-21 15:03:51.811 D/XrayRuntimeService( 7840): Xray: 2025/11/21 12:03:51.810100 [Info] [4107853874] transport/internet/tcp: dialing TCP to tcp:stol.halibiram.online:443
11-21 15:03:51.811 D/XrayRuntimeService( 7840): Xray: 2025/11/21 12:03:51.810105 [Debug] [4107853874] transport/internet: dialing to tcp:stol.halibiram.online:443
11-21 15:03:51.874 D/XrayRuntimeService( 7840): Xray: 2025/11/21 12:03:51.873829 [Info] [3458869147] proxy/socks: client UDP connection from udp:127.0.0.1:36404
11-21 15:03:51.874 D/XrayRuntimeService( 7840): Xray: 2025/11/21 12:03:51.873853 [Debug] [3458869147] proxy/socks: send packet to udp:8.8.8.8:53 with 33 bytes
11-21 15:03:51.874 D/XrayRuntimeService( 7840): Xray: 2025/11/21 12:03:51.873858 [Debug] [3458869147] transport/internet/udp: dispatch request to: udp:8.8.8.8:53
11-21 15:03:51.875 D/XrayRuntimeService( 7840): Xray: 2025/11/21 12:03:51.873862 [Info] [3458869147] transport/internet/udp: establishing new connection for udp:8.8.8.8:53
11-21 15:03:51.875 D/XrayRuntimeService( 7840): Xray: 2025/11/21 12:03:51.873914 [Info] [3458869147] app/dispatcher: default route for udp:8.8.8.8:53
11-21 15:03:51.875 D/XrayRuntimeService( 7840): Xray: 2025/11/21 12:03:51.873987 from udp:127.0.0.1:36404 accepted udp:8.8.8.8:53 [vless_0]
11-21 15:03:51.875 D/XrayRuntimeService( 7840): Xray: 2025/11/21 12:03:51.874007 [Info] [3458869147] transport/internet/tcp: dialing TCP to tcp:stol.halibiram.online:443
11-21 15:03:51.875 D/XrayRuntimeService( 7840): Xray: 2025/11/21 12:03:51.874017 [Debug] [3458869147] transport/internet: dialing to tcp:stol.halibiram.online:443
11-21 15:03:51.976 D/XrayRuntimeService( 7840): Xray: REALITY localAddr: 192.168.1.42:34746	DialTLSContext
11-21 15:03:52.178 D/XrayRuntimeService( 7840): Xray: 2025/11/21 12:03:52.177416 [Info] [4038954045] transport/internet/tcp: dialing TCP to tcp:stol.halibiram.online:443
11-21 15:03:52.178 D/XrayRuntimeService( 7840): Xray: 2025/11/21 12:03:52.177451 [Debug] [4038954045] transport/internet: dialing to tcp:stol.halibiram.online:443
11-21 15:03:52.482 D/XrayRuntimeService( 7840): Xray: REALITY localAddr: 192.168.1.42:34876	DialTLSContext
11-21 15:03:52.625 D/XrayRuntimeService( 7840): Xray: 2025/11/21 12:03:52.624529 [Info] [3121965580] proxy/socks: TCP Connect request to tcp:149.154.165.120:443
11-21 15:03:52.625 D/XrayRuntimeService( 7840): Xray: 2025/11/21 12:03:52.624433 [Info] [1832360893] proxy/socks: TCP Connect request to tcp:5.28.195.1:443
11-21 15:03:52.625 D/XrayRuntimeService( 7840): Xray: 2025/11/21 12:03:52.625147 [Info] [3121965580] app/dispatcher: default route for tcp:149.154.165.120:443
11-21 15:03:52.625 D/XrayRuntimeService( 7840): Xray: 2025/11/21 12:03:52.625159 [Info] [3121965580] transport/internet/tcp: dialing TCP to tcp:stol.halibiram.online:443
11-21 15:03:52.625 D/DnsCacheManager( 7840): 🔍 Checking DNS cache for: www.google.com
11-21 15:03:52.625 I/DnsCacheManager( 7840): ✅ DNS cache HIT: www.google.com -> [185.60.219.174] (age: 137s) [42μs]
11-21 15:03:52.625 D/VpnService( 7840): ✅ DNS CACHE HIT (Xray sniffing): www.google.com -> [185.60.219.174] (served from cache)
11-21 15:03:52.625 D/XrayRuntimeService( 7840): Xray: 2025/11/21 12:03:52.625380 [Info] [1832360893] app/dispatcher: sniffed domain: www.google.com
11-21 15:03:52.625 D/XrayRuntimeService( 7840): Xray: 2025/11/21 12:03:52.625163 [Debug] [3121965580] transport/internet: dialing to tcp:stol.halibiram.online:443
11-21 15:03:52.625 D/XrayRuntimeService( 7840): Xray: 2025/11/21 12:03:52.625398 [Info] [1832360893] app/dispatcher: default route for tcp:www.google.com:443
11-21 15:03:52.625 D/XrayRuntimeService( 7840): Xray: 2025/11/21 12:03:52.625350 from tcp:127.0.0.1:58650 accepted tcp:149.154.165.120:443 [vless_0]
11-21 15:03:52.626 D/XrayRuntimeService( 7840): Xray: 2025/11/21 12:03:52.625406 [Info] [1832360893] transport/internet/tcp: dialing TCP to tcp:stol.halibiram.online:443
11-21 15:03:52.626 D/XrayRuntimeService( 7840): Xray: 2025/11/21 12:03:52.625413 [Debug] [1832360893] transport/internet: dialing to tcp:stol.halibiram.online:443
11-21 15:03:52.626 D/XrayRuntimeService( 7840): Xray: 2025/11/21 12:03:52.625418 from tcp:127.0.0.1:58636 accepted tcp:5.28.195.1:443 [vless_0]
11-21 15:03:52.639 D/XrayRuntimeService( 7840): Xray: REALITY localAddr: 192.168.1.42:34876	DialTLSContext
11-21 15:03:52.781 D/XrayRuntimeService( 7840): Xray: 2025/11/21 12:03:52.780581 [Info] [3181096376] proxy/vless/outbound: tunneling request to tcp:scontent-cdg4-3.xx.fbcdn.net:443 via stol.halibiram.online:443
11-21 15:03:52.781 D/XrayRuntimeService( 7840): Xray: 2025/11/21 12:03:52.780867 [Info] [3181096376] proxy: XtlsFilterTls found tls client hello! 422
11-21 15:03:52.781 D/XrayRuntimeService( 7840): Xray: 2025/11/21 12:03:52.780876 [Info] [3181096376] proxy: XtlsPadding 422 599 0
11-21 15:03:52.800 E/fb4a.msys(27864): E[N mns]_OnDiskCacheGetData(632)=>Start post callback cache refresh DNS resolution
11-21 15:03:52.803 E/fb4a.msys(27864): E[N mns]_OnSystemDNSSuccessCallback(340)=>Cache refresh succeeded with system DNS resolver. IP count: 1
11-21 15:03:52.804 E/fb4a.msys(27864): E[N mns]_OnDiskCacheGetData(632)=>Start post callback cache refresh DNS resolution
11-21 15:03:52.804 D/XrayRuntimeService( 7840): Xray: 2025/11/21 12:03:52.804204 [Info] [2306953462] proxy/socks: TCP Connect request to tcp:57.144.238.3:443
11-21 15:03:52.806 D/DnsCacheManager( 7840): 🔍 Checking DNS cache for: z-m-gateway.facebook.com
11-21 15:03:52.807 I/DnsCacheManager( 7840): ✅ DNS cache HIT: z-m-gateway.facebook.com -> [57.144.238.3] (age: 4021s) [129μs]
11-21 15:03:52.807 D/VpnService( 7840): ✅ DNS CACHE HIT (Xray sniffing): z-m-gateway.facebook.com -> [57.144.238.3] (served from cache)
11-21 15:03:52.807 D/XrayRuntimeService( 7840): Xray: 2025/11/21 12:03:52.805155 [Info] [2306953462] app/dispatcher: sniffed domain: z-m-gateway.facebook.com
11-21 15:03:52.807 E/fb4a.msys(27864): E[N mns]_OnSystemDNSSuccessCallback(340)=>Cache refresh succeeded with system DNS resolver. IP count: 1
11-21 15:03:52.807 D/XrayRuntimeService( 7840): Xray: 2025/11/21 12:03:52.805185 [Info] [2306953462] app/dispatcher: default route for tcp:z-m-gateway.facebook.com:443
11-21 15:03:52.807 D/XrayRuntimeService( 7840): Xray: 2025/11/21 12:03:52.805189 [Info] [2306953462] transport/internet/tcp: dialing TCP to tcp:stol.halibiram.online:443
11-21 15:03:52.807 D/XrayRuntimeService( 7840): Xray: 2025/11/21 12:03:52.805193 [Debug] [2306953462] transport/internet: dialing to tcp:stol.halibiram.online:443
11-21 15:03:52.808 D/XrayRuntimeService( 7840): Xray: 2025/11/21 12:03:52.805028 from tcp:127.0.0.1:58666 accepted tcp:57.144.238.3:443 [vless_0]
11-21 15:03:52.808 D/XrayRuntimeService( 7840): Xray: 2025/11/21 12:03:52.806770 [Info] [2705763348] proxy/socks: TCP Connect request to tcp:57.144.238.3:443
11-21 15:03:52.808 D/DnsCacheManager( 7840): 🔍 Checking DNS cache for: z-m-gateway.facebook.com
11-21 15:03:52.809 I/DnsCacheManager( 7840): ✅ DNS cache HIT: z-m-gateway.facebook.com -> [57.144.238.3] (age: 4021s) [117μs]
11-21 15:03:52.809 D/VpnService( 7840): ✅ DNS CACHE HIT (Xray sniffing): z-m-gateway.facebook.com -> [57.144.238.3] (served from cache)
11-21 15:03:52.809 D/XrayRuntimeService( 7840): Xray: 2025/11/21 12:03:52.807454 [Info] [2705763348] app/dispatcher: sniffed domain: z-m-gateway.facebook.com
11-21 15:03:52.809 D/XrayRuntimeService( 7840): Xray: 2025/11/21 12:03:52.807461 [Info] [2705763348] app/dispatcher: default route for tcp:z-m-gateway.facebook.com:443
11-21 15:03:52.809 D/XrayRuntimeService( 7840): Xray: 2025/11/21 12:03:52.807464 [Info] [2705763348] transport/internet/tcp: dialing TCP to tcp:stol.halibiram.online:443
11-21 15:03:52.809 D/XrayRuntimeService( 7840): Xray: 2025/11/21 12:03:52.807467 [Debug] [2705763348] transport/internet: dialing to tcp:stol.halibiram.online:443
11-21 15:03:52.809 D/XrayRuntimeService( 7840): Xray: 2025/11/21 12:03:52.807475 from tcp:127.0.0.1:58668 accepted tcp:57.144.238.3:443 [vless_0]
11-21 15:03:52.809 D/XrayRuntimeService( 7840): Xray: REALITY localAddr: 192.168.1.42:34612	DialTLSContext
11-21 15:03:52.882 D/XrayRuntimeService( 7840): Xray: 2025/11/21 12:03:52.882051 [Info] [4038954045] transport/internet/tcp: dialing TCP to tcp:stol.halibiram.online:443
11-21 15:03:52.882 D/XrayRuntimeService( 7840): Xray: 2025/11/21 12:03:52.882091 [Debug] [4038954045] transport/internet: dialing to tcp:stol.halibiram.online:443
11-21 15:03:52.899 D/XrayRuntimeService( 7840): Xray: 2025/11/21 12:03:52.898781 [Info] [3181096376] proxy: Xtls Unpadding new block, content 212 padding 793 command 0
11-21 15:03:52.899 D/XrayRuntimeService( 7840): Xray: 2025/11/21 12:03:52.898818 [Info] [3181096376] proxy: XtlsFilterTls found tls 1.2! 212
11-21 15:03:52.948 D/XrayRuntimeService( 7840): Xray: REALITY localAddr: 192.168.1.42:34886	DialTLSContext
11-21 15:03:52.948 D/XrayRuntimeService( 7840): Xray: 2025/11/21 12:03:52.947830 [Info] [1832360893] transport/internet/tcp: dialing TCP to tcp:stol.halibiram.online:443
11-21 15:03:52.948 D/XrayRuntimeService( 7840): Xray: REALITY localAddr: 192.168.1.42:34888	DialTLSContext
11-21 15:03:52.948 D/XrayRuntimeService( 7840): Xray: 2025/11/21 12:03:52.947840 [Debug] [1832360893] transport/internet: dialing to tcp:stol.halibiram.online:443
11-21 15:03:52.949 D/XrayRuntimeService( 7840): Xray: 2025/11/21 12:03:52.948033 [Info] [3121965580] transport/internet/tcp: dialing TCP to tcp:stol.halibiram.online:443
11-21 15:03:52.949 D/XrayRuntimeService( 7840): Xray: 2025/11/21 12:03:52.948040 [Debug] [3121965580] transport/internet: dialing to tcp:stol.halibiram.online:443
11-21 15:03:53.052 D/XrayRuntimeService( 7840): Xray: REALITY localAddr: 192.168.1.42:57850	DialTLSContext
11-21 15:03:53.053 D/XrayRuntimeService( 7840): Xray: 2025/11/21 12:03:53.052036 [Info] [1835953131] transport/internet/tcp: dialing TCP to tcp:stol.halibiram.online:443
