11-25 14:44:57.204 I/SoScStageCoordinator( 5813): Transition requested:TransitionRequestInfo { type = OPEN, triggerTask = TaskInfo{userId=0 taskId=121 effectiveUid=10568 displayId=0 isRunning=true baseIntent=Intent { act=android.intent.action.MAIN cat=[android.intent.category.LAUNCHER] flg=0x10200000 cmp=com.hyperxray.an/.activity.MainActivity } baseActivity=ComponentInfo{com.hyperxray.an/com.hyperxray.an.activity.MainActivity} topActivity=ComponentInfo{com.hyperxray.an/com.hyperxray.an.activity.MainActivity} origActivity=null realActivity=ComponentInfo{com.hyperxray.an/com.hyperxray.an.activity.MainActivity} numActivities=1 lastActiveTime=20300776 supportsSplitScreenMultiWindow=true mSoScDisplayMode=-1 supportsMultiWindow=true resizeMode=1 isResizeable=true minWidth=-1 minHeight=-1 defaultMinSize=200 token=WCT{android.window.IWindowContainerToken$Stub$Proxy@ab89284} topActivityType=1 pictureInPictureParams=null shouldDockBigOverlays=false launchIntoPipHostTaskId=-1 lastParentTaskIdBeforePip=-1 displayCutoutSafeInsets=Rect(0, 140 - 0, 0) topActivityInfo=ActivityInfo{352ca6d com.hyperxray.an.activity.MainActivity} launchCookies=[] positionInParent=Point(0, 0) parentTaskId=-1 isFocused=false isVisible=false isVisibleRequested=true isTopActivityNoDisplay=false isSleeping=false locusId=null displayAreaFeatureId=1 isTopActivityTransparent=false isActivityStackTransparent=false lastNonFullscreenBounds=Rect(310, 779 - 891, 1979) capturedLink=null capturedLinkTimestamp=0 requestedVisibleTypes=-9 topActivityRequestOpenInBrowserEducationTimestamp=0 appCompatTaskInfo=AppCompatTaskInfo { topActivityInSizeCompat=false eligibleForLetterboxEducation= false topActivityInMiuiSizeCompat=false isLetterboxEducationEnabled= false isLetterboxDoubleTapEnabled= false eligibleForUserAspectRatioButton= false topActivityBoundsLetterboxed= false isFromLetterboxDoubleTap= false topActivityLetterboxVerticalPosition= -1 topActivityLetterboxHorizontalPosition= -1 topActivityLetterboxWidth=-1 topActivityLetterboxHeight=-1 topActivityAppBounds=Rect(0, 0 - 1200, 2670) isUserFullscreenOverrideEnabled=false isSystemFullscreenOverrideEnabled=false hasMinAspectRatioOverride=false topActivityLetterboxBounds=null cameraCompatTaskInfo=CameraCompatTaskInfo { freeformCameraCompatMode=inactive}} isImmersive=false mTopActivityRequestOrientation=-1 mStatusBarParent=null mNavBarParent=null mBehindAppLockPkg=null mOriginatingUid=0 isEmbedded=false shouldBeVisible=true isCreatedByOrganizer=false mIsCastMode=false mTopActivityMediaSize=null mTopActivityRecordName=ActivityRecord{88809908 u0 com.hyperxray.an/.activity.MainActivity t121} mTopActivityOrientation=-1 topActivityMainWindowFrame=null}, pipChange = null, remoteTransition = RemoteTransition { remoteTransition = android.window.IRemoteTransition$Stub$Proxy@13b96a2, appThread = null, debugName = 10170:5210-com.android.systemui.shared.recents.system.WindowTransitionCompat$2, hyperRemoteTransition = null }, displayChange = null, flags = 0, debugId = 591 } isSoScActive:false triggerTask:TaskInfo{userId=0 taskId=121 effectiveUid=10568 displayId=0 isRunning=true baseIntent=Intent { act=android.intent.action.MAIN cat=[android.intent.category.LAUNCHER] flg=0x10200000 cmp=com.hyperxray.an/.activity.MainActivity } baseActivity=ComponentInfo{com.hyperxray.an/com.hyperxray.an.activity.MainActivity} topActivity=ComponentInfo{com.hyperxray.an/com.hyperxray.an.activity.MainActivity} origActivity=null realActivity=ComponentInfo{com.hyperxray.an/com.hyperxray.an.activity.MainActivity} numActivities=1 lastActiveTime=20300776 supportsSplitScreenMultiWindow=true mSoScDisplayMode=-1 supportsMultiWindow=true resizeMode=1 isResizeable=true minWidth=-1 minHeight=-1 defaultMinSize=200 token=WCT{android.window.IWindowContainerToken$Stub$Proxy@ab89284} topActivityType=1 pictureInPictureParams=null shouldDockBigOverlays=false launchIntoPipHostTaskId=-1 lastParentTaskIdBeforePip=-1 displayCutoutSafeInsets=Rect(0, 140 - 0, 0) topActivityInfo=ActivityInfo{352ca6d com.hyperxray.an.activity.MainActivity} launchCookies=[] positionInParent=Point(0, 
11-25 14:44:57.204 I/DynamicIslandService( 3443): elementSurfaceTransition is null for:com.hyperxray.an
11-25 14:44:57.205 D/WindowManager( 3443): Calling onTransitionReady info={id=591 t=OPEN f=0x0 trk=0 r=[0@Point(0, 0)] c=[{WCT{RemoteToken{3a7805a Task{ddb3152 #121 type=standard I=com.hyperxray.an/.activity.MainActivity}}} m=OPEN f=NONE leash=Surface(name=Task=121#12972)/@0xa7a61dd sb=Rect(0, 0 - 1200, 2670) eb=Rect(0, 0 - 1200, 2670) epz=Point(1200, 2670) d=0 taskParent=-1 v=trueMiuiChangeImpl {miuiEmbedding:false, scale:1.0}},{WCT{RemoteToken{9e9386d Task{a12fcf8 #1 type=home}}} m=TO_BACK f=SHOW_WALLPAPER leash=Surface(name=Task=1#51)/@0xcb9955 sb=Rect(0, 0 - 1200, 2670) eb=Rect(0, 0 - 1200, 2670) epz=Point(1200, 2670) d=0 taskParent=-1 v=falseMiuiChangeImpl {miuiEmbedding:false, scale:1.0}},{m=TO_BACK f=IS_WALLPAPER leash=Surface(name=WallpaperWindowToken{70a0d53 showWhenLocked=false}#70)/@0x892690 sb=Rect(0, 0 - 1200, 2670) eb=Rect(0, 0 - 1200, 2670) epz=Point(1200, 2670) d=0 v=falseMiuiChangeImpl {miuiEmbedding:false, scale:1.0}}] mk=[false] noAni=[false] df=[false] rsa=[false] oa=[false] nc=[0] ho=[false] hla=[true] iSync=[-1]}, mToken=Token{709428b TransitionRecord{e202e87 id=591 type=OPEN flags=0x0 c=[
11-25 14:44:57.205 D/WindowManager( 3443):    ChangeInfo{a3bf838 container=ActivityRecord{88809908 u0 com.hyperxray.an/.activity.MainActivity t121} flags=0x0}
11-25 14:44:57.205 D/WindowManager( 3443):    ChangeInfo{d369576 container=Task{ddb3152 #121 type=standard I=com.hyperxray.an/.activity.MainActivity} flags=0x10}
11-25 14:44:57.205 D/BarFollowAnimation( 3443): disableBarAnimation change={WCT{RemoteToken{3a7805a Task{ddb3152 #121 type=standard I=com.hyperxray.an/.activity.MainActivity}}} m=OPEN f=NONE leash=Surface(name=Task=121#12972)/@0xa7a61dd sb=Rect(0, 0 - 1200, 2670) eb=Rect(0, 0 - 1200, 2670) epz=Point(1200, 2670) d=0 taskParent=-1 v=trueMiuiChangeImpl {miuiEmbedding:false, scale:1.0}} 1 1
11-25 14:44:57.205 I/ActivityTaskManager( 3443): START u0 {act=android.intent.action.MAIN cat=[android.intent.category.LAUNCHER] flg=0x10200000 xflg=0x4 cmp=com.hyperxray.an/.activity.MainActivity bnds=[52,28][229,205] (has extras)} with LAUNCH_SINGLE_TASK from uid 10170 from pid 5210 callingPackage com.miui.home (sr=208339185) (BAL_ALLOW_VISIBLE_WINDOW) result code=0
11-25 14:44:57.206 D/BarFollowAnimation( 3443): startStatusBarAnimation change= {WCT{RemoteToken{3a7805a Task{ddb3152 #121 type=standard I=com.hyperxray.an/.activity.MainActivity}}} m=OPEN f=NONE leash=Surface(name=Task=121#12972)/@0xa7a61dd sb=Rect(0, 0 - 1200, 2670) eb=Rect(0, 0 - 1200, 2670) epz=Point(1200, 2670) d=0 taskParent=-1 v=trueMiuiChangeImpl {miuiEmbedding:false, scale:1.0}} isRecent=false startWindowMode=1 endWindowMode=1 statusState=-1 isRotationAnimation=false
11-25 14:44:57.206 D/BarFollowAnimation( 3443): startStatusBarAnimation task=Task{ddb3152 #121 type=standard I=com.hyperxray.an/.activity.MainActivity}
11-25 14:44:57.206 D/BarFollowAnimation( 3443): bindAssociatedTask task=Task{ddb3152 #121 type=standard I=com.hyperxray.an/.activity.MainActivity}
11-25 14:44:57.206 D/BarFollowAnimation( 3443): bindAssociatedTask task=Task{ddb3152 #121 type=standard I=com.hyperxray.an/.activity.MainActivity}
11-25 14:44:57.210 D/MiuiDecorationController( 5813): relayout::taskId=121, visible=true, bounds=Rect(0, 0 - 1200, 2670), focused=false, oldImmersive=false, newImmersive=false, windowMode=1, activityType=1, displayId=0, baseActivity=ComponentInfo{com.hyperxray.an/com.hyperxray.an.activity.MainActivity}, topActivity=ComponentInfo{com.hyperxray.an/com.hyperxray.an.activity.MainActivity}, callers=com.android.wm.shell.multitasking.miuimultiwinswitch.miuiwindowdecor.MulWinSwitchDecorViewModel.createWindowDecoration:317 com.android.wm.shell.multitasking.miuimultiwinswitch.miuiwindowdecor.MulWinSwitchDecorViewModel.onTaskOpening:7 com.android.wm.shell.freeform.FreeformTaskTransitionObserver.onTransitionReady:262 com.android.wm.shell.transition.Transitions.dispatchReady:237 com.android.wm.shell.transition.Transitions.onTransitionReady:246 
11-25 14:44:57.214 D/ActivityTaskManager( 3443):  setSkipCaptureLayers tr: Task{ddb3152 #121 type=standard I=com.hyperxray.an/.activity.MainActivity}
11-25 14:44:57.217 D/BarFollowAnimation( 3443): isAppTaskBarOnTop win:Window{7fe12cb u0 com.miui.home/com.miui.home.launcher.Launcher} (mCurrentTopTask:Task{ddb3152 #121 type=standard I=com.hyperxray.an/.activity.MainActivity} : true); (mAssociatedTask:Task{ddb3152 #121 type=standard I=com.hyperxray.an/.activity.MainActivity} : true); (mHomeTask:Task{a12fcf8 #1 type=home} : true); mReparentToOriginParent:false mLastAppBarVisible:true mLastHomeBarVisible:false
11-25 14:44:57.218 D/BarFollowAnimation( 3443): isAppTaskBarOnTop win:Window{7fe12cb u0 com.miui.home/com.miui.home.launcher.Launcher} (mCurrentTopTask:Task{ddb3152 #121 type=standard I=com.hyperxray.an/.activity.MainActivity} : true); (mAssociatedTask:Task{ddb3152 #121 type=standard I=com.hyperxray.an/.activity.MainActivity} : true); (mHomeTask:Task{a12fcf8 #1 type=home} : true); mReparentToOriginParent:false mLastAppBarVisible:true mLastHomeBarVisible:false
11-25 14:44:57.219 I/WindowManager( 3443): Add startingWindow, surfaceControl = Surface(name=d8e06d6 Splash Screen com.hyperxray.an#12989)/@0x2a5a044 layerId = 12989
11-25 14:44:57.219 D/PreStartingManager( 3443): Get background color: ff101018  key: com.hyperxray.an_night  containColor: true
11-25 14:44:57.219 I/WindowManager( 3443): Allow fixed rotation for not collecting:ActivityRecord{88809908 u0 com.hyperxray.an/.activity.MainActivity t121}
11-25 14:44:57.220 D/BarFollowAnimation( 3443): pairAppearanceRegionAndWin win=Window{d8e06d6 u0 Splash Screen com.hyperxray.an} 0
11-25 14:44:57.220 D/BarFollowAnimation( 3443): isAppTaskBarOnTop win:Window{7fe12cb u0 com.miui.home/com.miui.home.launcher.Launcher} (mCurrentTopTask:Task{ddb3152 #121 type=standard I=com.hyperxray.an/.activity.MainActivity} : true); (mAssociatedTask:Task{ddb3152 #121 type=standard I=com.hyperxray.an/.activity.MainActivity} : true); (mHomeTask:Task{a12fcf8 #1 type=home} : true); mReparentToOriginParent:false mLastAppBarVisible:true mLastHomeBarVisible:false
11-25 14:44:57.222 D/BarFollowAnimation( 3443): pairAppearanceRegionAndWin win=Window{d8e06d6 u0 Splash Screen com.hyperxray.an} 0
11-25 14:44:57.222 D/BarFollowAnimation( 3443): isAppTaskBarOnTop win:Window{7fe12cb u0 com.miui.home/com.miui.home.launcher.Launcher} (mCurrentTopTask:Task{ddb3152 #121 type=standard I=com.hyperxray.an/.activity.MainActivity} : true); (mAssociatedTask:Task{ddb3152 #121 type=standard I=com.hyperxray.an/.activity.MainActivity} : true); (mHomeTask:Task{a12fcf8 #1 type=home} : true); mReparentToOriginParent:false mLastAppBarVisible:true mLastHomeBarVisible:false
11-25 14:44:57.222 D/BarFollowAnimation( 3443): isAppTaskBarOnTop win:Window{d8e06d6 u0 Splash Screen com.hyperxray.an} (mCurrentTopTask:Task{ddb3152 #121 type=standard I=com.hyperxray.an/.activity.MainActivity} : true); (mAssociatedTask:Task{ddb3152 #121 type=standard I=com.hyperxray.an/.activity.MainActivity} : true); (mHomeTask:Task{a12fcf8 #1 type=home} : true); mReparentToOriginParent:false mLastAppBarVisible:true mLastHomeBarVisible:false
11-25 14:44:57.222 D/WindowManager( 3443): updateSystemBarAttributes displayId: 16777216 Window{d8e06d6 u0 Splash Screen com.hyperxray.an} winAppearance=
11-25 14:44:57.222 I/WindowManager( 3443): Allow fixed rotation for not collecting:ActivityRecord{88809908 u0 com.hyperxray.an/.activity.MainActivity t121}
11-25 14:44:57.223 D/WmSystemUiDebug( 3443): on system bar attributes changed displayId=16777216 appearance= appearanceRegions=[AppearanceRegion{ bounds=[0,0][1200,2670]}] navbarColorManagedByIme=false behavior=1 requestedVisibleTypes=[statusBars navigationBars captionBar systemGestures mandatorySystemGestures tappableElement displayCutout windowDecor systemOverlays] packageName=com.hyperxray.an letterboxDetails=[]
11-25 14:44:57.227 D/CoreBackPreview( 3443): Window{d8e06d6 u0 Splash Screen com.hyperxray.an}: Setting back callback OnBackInvokedCallbackInfo{mCallback=android.window.IOnBackInvokedCallback$Stub$Proxy@893d186, mPriority=0, mIsAnimationCallback=false, mOverrideBehavior=0}
11-25 14:44:57.251 D/PerfShielderService( 3443): Add animation response: HOME_START_APP_ANIMATION_RESPONSE  package:com.hyperxray.an duration:37 startTime: 20300763 endTime:20300800
11-25 14:44:57.309 D/BarFollowAnimation( 3443): pairAppearanceRegionAndWin win=Window{d8e06d6 u0 Splash Screen com.hyperxray.an} 0
11-25 14:44:57.309 D/BarFollowAnimation( 3443): isAppTaskBarOnTop win:Window{d8e06d6 u0 Splash Screen com.hyperxray.an} (mCurrentTopTask:Task{ddb3152 #121 type=standard I=com.hyperxray.an/.activity.MainActivity} : true); (mAssociatedTask:Task{ddb3152 #121 type=standard I=com.hyperxray.an/.activity.MainActivity} : true); (mHomeTask:Task{a12fcf8 #1 type=home} : true); mReparentToOriginParent:false mLastAppBarVisible:true mLastHomeBarVisible:false
11-25 14:44:57.310 I/WindowManager( 3443): Allow fixed rotation for not collecting:ActivityRecord{88809908 u0 com.hyperxray.an/.activity.MainActivity t121}
11-25 14:44:57.329 D/WindowManager( 3443): Finishing drawing starting window: Window{d8e06d6 u0 Splash Screen com.hyperxray.an} mDrawState: DRAW_PENDING
11-25 14:44:57.331 D/BarFollowAnimation( 3443): pairAppearanceRegionAndWin win=Window{d8e06d6 u0 Splash Screen com.hyperxray.an} 0
11-25 14:44:57.331 D/BarFollowAnimation( 3443): isAppTaskBarOnTop win:Window{d8e06d6 u0 Splash Screen com.hyperxray.an} (mCurrentTopTask:Task{ddb3152 #121 type=standard I=com.hyperxray.an/.activity.MainActivity} : true); (mAssociatedTask:Task{ddb3152 #121 type=standard I=com.hyperxray.an/.activity.MainActivity} : true); (mHomeTask:Task{a12fcf8 #1 type=home} : true); mReparentToOriginParent:false mLastAppBarVisible:true mLastHomeBarVisible:false
11-25 14:44:57.336 I/WindowManager( 3443): wms.showSurfaceRobustly mWin:Window{d8e06d6 u0 Splash Screen com.hyperxray.an} in Surface(name=Splash Screen com.hyperxray.an#12990)/@0xf3bba62
11-25 14:44:57.377 I/UiModeManager( 3443): systemserver package:com.hyperxray.an null
11-25 14:44:57.409 E/TurboSchedMonitor(30853): failed to find setSchedAffinity method com.hyperxray.an
11-25 14:44:57.413 E/TurboSchedMonitor(30853): failed to find setSchedAffinity method com.hyperxray.an
11-25 14:44:57.491 D/ActivityManager( 3443): Logging bindService for com.hyperxray.an, stopped=false, firstLaunch=false
11-25 14:44:57.494 D/ActivityManager( 3443): Logging bindService for com.hyperxray.an, stopped=false, firstLaunch=false
11-25 14:44:57.495 D/ActivityManager( 3443): Logging bindService for com.hyperxray.an, stopped=false, firstLaunch=false
11-25 14:44:57.497 D/ActivityManager( 3443): Logging bindService for com.hyperxray.an, stopped=false, firstLaunch=false
11-25 14:44:57.498 D/ActivityManager( 3443): Logging bindService for com.hyperxray.an, stopped=false, firstLaunch=false
11-25 14:44:57.501 D/ActivityManager( 3443): Logging bindService for com.hyperxray.an, stopped=false, firstLaunch=false
11-25 14:44:57.502 D/BroadcastQueue( 3443): Logging broadcast for com.hyperxray.an, stopped=false, firstLaunch=false
11-25 14:44:57.504 I/WindowManager( 3443): Allow fixed rotation for not collecting:ActivityRecord{88809908 u0 com.hyperxray.an/.activity.MainActivity t121}
11-25 14:44:57.504 I/WindowManager( 3443): Allow fixed rotation for not collecting:ActivityRecord{88809908 u0 com.hyperxray.an/.activity.MainActivity t121}
11-25 14:44:57.504 D/BarFollowAnimation( 3443): onTaskInfoChanedForCaptionBar Task{ddb3152 #121 type=standard I=com.hyperxray.an/.activity.MainActivity} shouldbeVisible:true isVisible:true windowMode:1 mCaptionAssociatedTask:null mIsTouchedInCaption:false
11-25 14:44:57.505 D/BarFollowAnimation( 3443): onTaskInfoChanedForCaptionBar Task{ddb3152 #121 type=standard I=com.hyperxray.an/.activity.MainActivity} shouldbeVisible:true isVisible:true windowMode:1 mCaptionAssociatedTask:null mIsTouchedInCaption:false
11-25 14:44:57.505 D/MiuiDecorationController( 5813): relayout::taskId=121, visible=true, bounds=Rect(0, 0 - 1200, 2670), focused=false, oldImmersive=false, newImmersive=false, windowMode=1, activityType=1, displayId=0, baseActivity=ComponentInfo{com.hyperxray.an/com.hyperxray.an.activity.MainActivity}, topActivity=ComponentInfo{com.hyperxray.an/com.hyperxray.an.activity.MainActivity}, callers=com.android.wm.shell.multitasking.miuimultiwinswitch.miuiwindowdecor.decoration.MiuiDecorationController.relayout:4 com.android.wm.shell.multitasking.miuimultiwinswitch.miuiwindowdecor.MulWinSwitchDecorViewModel.onTaskInfoChanged:18 com.android.wm.shell.multitasking.common.taskmanager.MultiTaskingTaskListener.onTaskInfoChanged:47 com.android.wm.shell.ShellTaskOrganizer.onTaskInfoChanged:129 android.window.TaskOrganizer$1.lambda$onTaskInfoChanged$6:300 
11-25 14:44:57.507 D/ActivityManager( 3443): Logging bindService for com.hyperxray.an, stopped=false, firstLaunch=false
11-25 14:44:57.512 D/ActivityManager( 3443): Logging bindService for com.hyperxray.an, stopped=false, firstLaunch=false
11-25 14:44:57.513 D/ActivityTaskManager( 3443):  setSkipCaptureLayers tr: Task{ddb3152 #121 type=standard I=com.hyperxray.an/.activity.MainActivity}
11-25 14:44:57.514 D/MiuiIntegratedMemorySwap( 3443): uid:10568, packageName: com.hyperxray.an
11-25 14:44:57.515 D/ActivityManager( 3443): Logging bindService for com.hyperxray.an, stopped=false, firstLaunch=false
11-25 14:44:57.517 D/ActivityManager( 3443): Logging bindService for com.hyperxray.an, stopped=false, firstLaunch=false
11-25 14:44:57.523 D/BarFollowAnimation( 3443): onTaskInfoChanedForCaptionBar Task{ddb3152 #121 type=standard I=com.hyperxray.an/.activity.MainActivity} shouldbeVisible:true isVisible:true windowMode:1 mCaptionAssociatedTask:null mIsTouchedInCaption:false
11-25 14:44:57.531 D/WmSystemUiDebug(30853): set navigation bar color,Alpha=0.0, RGB:0,0,0 caller:androidx.activity.EdgeToEdgeApi29.setUp:290 androidx.activity.EdgeToEdge.enable:89 androidx.activity.EdgeToEdge.enable$default:71 com.hyperxray.an.activity.MainActivity.onCreate:56 android.app.Activity.performCreate:9380 android.app.Activity.performCreate:9323 android.app.Instrumentation.callActivityOnCreate:1537 android.app.ActivityThread.performLaunchActivity:4684 android.app.ActivityThread.handleLaunchActivity:4931 android.app.servertransaction.LaunchActivityItem.execute:222 
11-25 14:44:57.550 D/Activity(30853): Activity = ActivityInfo{3a4461 com.hyperxray.an.activity.MainActivity}, Resume onConfigurationChanged = {1.0 286mcc1mnc [tr_TR] ldltr sw369dp w369dp h822dp 520dpi nrml long hdr widecg port night finger -keyb/v/h -nav/h winConfig={ mBounds=Rect(0, 0 - 1200, 2670) mAppBounds=Rect(0, 0 - 1200, 2670) mMaxBounds=Rect(0, 0 - 1200, 2670) mDisplayRotation=ROTATION_0 mWindowingMode=fullscreen mActivityType=standard mAlwaysOnTop=undefined mRotation=ROTATION_0 mInSplitScreen=false letterBoxed=false foScaled=false isSpecificEmbedded=false embeddingScale=1.0} s.2 fontWeightAdjustment=0/d/o themeChanged=0 themeChangedFlags=0 display=0 extraData = Bundle[{}] screenType=0/o}
11-25 14:44:57.560 I/ForceDarkHelperStubImpl(30853): setViewRootImplForceDark: false for com.hyperxray.an.activity.MainActivity@978500d, reason: AppDarkModeEnable
11-25 14:44:57.564 D/CoreBackPreview( 3443): Window{e5d5b48 u0 com.hyperxray.an/com.hyperxray.an.activity.MainActivity}: Setting back callback OnBackInvokedCallbackInfo{mCallback=android.window.IOnBackInvokedCallback$Stub$Proxy@3691c7, mPriority=-1, mIsAnimationCallback=false, mOverrideBehavior=0}
11-25 14:44:57.568 D/MiuiDecorationController( 5813): relayout::taskId=121, visible=true, bounds=Rect(0, 0 - 1200, 2670), focused=true, oldImmersive=false, newImmersive=false, windowMode=1, activityType=1, displayId=0, baseActivity=ComponentInfo{com.hyperxray.an/com.hyperxray.an.activity.MainActivity}, topActivity=ComponentInfo{com.hyperxray.an/com.hyperxray.an.activity.MainActivity}, callers=com.android.wm.shell.multitasking.miuimultiwinswitch.miuiwindowdecor.decoration.MiuiDecorationController.relayout:4 com.android.wm.shell.multitasking.miuimultiwinswitch.miuiwindowdecor.MulWinSwitchDecorViewModel.onTaskInfoChanged:18 com.android.wm.shell.multitasking.common.taskmanager.MultiTaskingTaskListener.onTaskInfoChanged:47 com.android.wm.shell.ShellTaskOrganizer.onTaskInfoChanged:129 android.window.TaskOrganizer$1.lambda$onTaskInfoChanged$6:300 
11-25 14:44:57.575 D/ActivityTaskManager( 3443):  setSkipCaptureLayers tr: Task{ddb3152 #121 type=standard I=com.hyperxray.an/.activity.MainActivity}
11-25 14:44:57.575 D/MiuiFreeformModeController( 5813): onFocusTaskChanged taskInfo: TaskInfo{userId=0 taskId=121 effectiveUid=10568 displayId=0 isRunning=true baseIntent=Intent { act=android.intent.action.MAIN cat=[android.intent.category.LAUNCHER] flg=0x10200000 cmp=com.hyperxray.an/.activity.MainActivity } baseActivity=ComponentInfo{com.hyperxray.an/com.hyperxray.an.activity.MainActivity} topActivity=ComponentInfo{com.hyperxray.an/com.hyperxray.an.activity.MainActivity} origActivity=null realActivity=ComponentInfo{com.hyperxray.an/com.hyperxray.an.activity.MainActivity} numActivities=1 lastActiveTime=20301080 supportsSplitScreenMultiWindow=true mSoScDisplayMode=-1 supportsMultiWindow=true resizeMode=1 isResizeable=true minWidth=-1 minHeight=-1 defaultMinSize=200 token=WCT{android.window.IWindowContainerToken$Stub$Proxy@da86fb0} topActivityType=1 pictureInPictureParams=null shouldDockBigOverlays=false launchIntoPipHostTaskId=-1 lastParentTaskIdBeforePip=-1 displayCutoutSafeInsets=Rect(0, 0 - 0, 0) topActivityInfo=ActivityInfo{4df5e29 com.hyperxray.an.activity.MainActivity} launchCookies=[] positionInParent=Point(0, 0) parentTaskId=-1 isFocused=true isVisible=true isVisibleRequested=true isTopActivityNoDisplay=false isSleeping=false locusId=null displayAreaFeatureId=1 isTopActivityTransparent=false isActivityStackTransparent=false lastNonFullscreenBounds=Rect(310, 779 - 891, 1979) capturedLink=null capturedLinkTimestamp=0 requestedVisibleTypes=-9 topActivityRequestOpenInBrowserEducationTimestamp=0 appCompatTaskInfo=AppCompatTaskInfo { topActivityInSizeCompat=false eligibleForLetterboxEducation= false topActivityInMiuiSizeCompat=false isLetterboxEducationEnabled= false isLetterboxDoubleTapEnabled= false eligibleForUserAspectRatioButton= false topActivityBoundsLetterboxed= false isFromLetterboxDoubleTap= false topActivityLetterboxVerticalPosition= -1 topActivityLetterboxHorizontalPosition= -1 topActivityLetterboxWidth=-1 topActivityLetterboxHeight=-1 topActivityAppBounds=Rect(0, 0 - 1200, 2670) isUserFullscreenOverrideEnabled=false isSystemFullscreenOverrideEnabled=false hasMinAspectRatioOverride=false topActivityLetterboxBounds=null cameraCompatTaskInfo=CameraCompatTaskInfo { freeformCameraCompatMode=inactive}} isImmersive=false mTopActivityRequestOrientation=-1 mStatusBarParent=Surface(name=StatusBar Container of Task = 121#12974)/@0xa1251d6 mNavBarParent=Surface(name=NavigationBar Container of Task = 121#12973)/@0x403c57 mBehindAppLockPkg=null mOriginatingUid=0 isEmbedded=false shouldBeVisible=true isCreatedByOrganizer=false mIsCastMode=false mTopActivityMediaSize=null mTopActivityRecordName=ActivityRecord{88809908 u0 com.hyperxray.an/.activity.MainActivity t121} mTopActivityOrientation=-1 topActivityMainWindowFrame=null}
11-25 14:44:57.636 D/BarFollowAnimation( 3443): pairAppearanceRegionAndWin win=Window{d8e06d6 u0 Splash Screen com.hyperxray.an} 0
11-25 14:44:57.636 D/BarFollowAnimation( 3443): isAppTaskBarOnTop win:Window{d8e06d6 u0 Splash Screen com.hyperxray.an} (mCurrentTopTask:Task{ddb3152 #121 type=standard I=com.hyperxray.an/.activity.MainActivity} : true); (mAssociatedTask:Task{ddb3152 #121 type=standard I=com.hyperxray.an/.activity.MainActivity} : true); (mHomeTask:Task{a12fcf8 #1 type=home} : false); mReparentToOriginParent:false mLastAppBarVisible:true mLastHomeBarVisible:false
11-25 14:44:57.637 I/WindowManager( 3443): Allow fixed rotation for not collecting:ActivityRecord{88809908 u0 com.hyperxray.an/.activity.MainActivity t121}
11-25 14:44:57.669 D/BarFollowAnimation( 3443): pairAppearanceRegionAndWin win=Window{d8e06d6 u0 Splash Screen com.hyperxray.an} 0
11-25 14:44:57.669 D/BarFollowAnimation( 3443): isAppTaskBarOnTop win:Window{d8e06d6 u0 Splash Screen com.hyperxray.an} (mCurrentTopTask:Task{ddb3152 #121 type=standard I=com.hyperxray.an/.activity.MainActivity} : true); (mAssociatedTask:Task{ddb3152 #121 type=standard I=com.hyperxray.an/.activity.MainActivity} : true); (mHomeTask:Task{a12fcf8 #1 type=home} : false); mReparentToOriginParent:false mLastAppBarVisible:true mLastHomeBarVisible:false
11-25 14:44:57.670 I/WindowManager( 3443): Allow fixed rotation for not collecting:ActivityRecord{88809908 u0 com.hyperxray.an/.activity.MainActivity t121}
11-25 14:44:57.670 D/BarFollowAnimation( 3443): pairAppearanceRegionAndWin win=Window{d8e06d6 u0 Splash Screen com.hyperxray.an} 0
11-25 14:44:57.670 D/BarFollowAnimation( 3443): isAppTaskBarOnTop win:Window{d8e06d6 u0 Splash Screen com.hyperxray.an} (mCurrentTopTask:Task{ddb3152 #121 type=standard I=com.hyperxray.an/.activity.MainActivity} : true); (mAssociatedTask:Task{ddb3152 #121 type=standard I=com.hyperxray.an/.activity.MainActivity} : true); (mHomeTask:Task{a12fcf8 #1 type=home} : false); mReparentToOriginParent:false mLastAppBarVisible:true mLastHomeBarVisible:false
11-25 14:44:57.702 D/BarFollowAnimation( 3443): pairAppearanceRegionAndWin win=Window{d8e06d6 u0 Splash Screen com.hyperxray.an} 0
11-25 14:44:57.703 D/BarFollowAnimation( 3443): isAppTaskBarOnTop win:Window{d8e06d6 u0 Splash Screen com.hyperxray.an} (mCurrentTopTask:Task{ddb3152 #121 type=standard I=com.hyperxray.an/.activity.MainActivity} : true); (mAssociatedTask:Task{ddb3152 #121 type=standard I=com.hyperxray.an/.activity.MainActivity} : true); (mHomeTask:Task{a12fcf8 #1 type=home} : false); mReparentToOriginParent:false mLastAppBarVisible:true mLastHomeBarVisible:false
11-25 14:44:57.704 D/BarFollowAnimation( 3443): pairAppearanceRegionAndWin win=Window{d8e06d6 u0 Splash Screen com.hyperxray.an} 0
11-25 14:44:57.704 D/BarFollowAnimation( 3443): isAppTaskBarOnTop win:Window{d8e06d6 u0 Splash Screen com.hyperxray.an} (mCurrentTopTask:Task{ddb3152 #121 type=standard I=com.hyperxray.an/.activity.MainActivity} : true); (mAssociatedTask:Task{ddb3152 #121 type=standard I=com.hyperxray.an/.activity.MainActivity} : true); (mHomeTask:Task{a12fcf8 #1 type=home} : false); mReparentToOriginParent:false mLastAppBarVisible:true mLastHomeBarVisible:false
11-25 14:44:57.705 D/BarFollowAnimation( 3443): isAppTaskBarOnTop win:Window{c65a6a3 u0 NotificationShade} (mCurrentTopTask:Task{ddb3152 #121 type=standard I=com.hyperxray.an/.activity.MainActivity} : true); (mAssociatedTask:Task{ddb3152 #121 type=standard I=com.hyperxray.an/.activity.MainActivity} : true); (mHomeTask:Task{a12fcf8 #1 type=home} : false); mReparentToOriginParent:false mLastAppBarVisible:true mLastHomeBarVisible:false
11-25 14:44:57.705 I/WindowManager( 3443): Allow fixed rotation for not collecting:ActivityRecord{88809908 u0 com.hyperxray.an/.activity.MainActivity t121}
11-25 14:44:57.707 D/BarFollowAnimation( 3443): pairAppearanceRegionAndWin win=Window{d8e06d6 u0 Splash Screen com.hyperxray.an} 0
11-25 14:44:57.708 D/BarFollowAnimation( 3443): isAppTaskBarOnTop win:Window{c65a6a3 u0 NotificationShade} (mCurrentTopTask:Task{ddb3152 #121 type=standard I=com.hyperxray.an/.activity.MainActivity} : true); (mAssociatedTask:Task{ddb3152 #121 type=standard I=com.hyperxray.an/.activity.MainActivity} : true); (mHomeTask:Task{a12fcf8 #1 type=home} : false); mReparentToOriginParent:false mLastAppBarVisible:true mLastHomeBarVisible:false
11-25 14:44:57.716 D/BarFollowAnimation( 3443): isAppTaskBarOnTop win:Window{c65a6a3 u0 NotificationShade} (mCurrentTopTask:Task{ddb3152 #121 type=standard I=com.hyperxray.an/.activity.MainActivity} : true); (mAssociatedTask:Task{ddb3152 #121 type=standard I=com.hyperxray.an/.activity.MainActivity} : true); (mHomeTask:Task{a12fcf8 #1 type=home} : false); mReparentToOriginParent:false mLastAppBarVisible:true mLastHomeBarVisible:false
11-25 14:44:57.717 D/BarFollowAnimation( 3443): pairAppearanceRegionAndWin win=Window{d8e06d6 u0 Splash Screen com.hyperxray.an} 0
11-25 14:44:57.728 D/BarFollowAnimation( 3443): isAppTaskBarOnTop win:Window{c65a6a3 u0 NotificationShade} (mCurrentTopTask:Task{ddb3152 #121 type=standard I=com.hyperxray.an/.activity.MainActivity} : true); (mAssociatedTask:Task{ddb3152 #121 type=standard I=com.hyperxray.an/.activity.MainActivity} : true); (mHomeTask:Task{a12fcf8 #1 type=home} : false); mReparentToOriginParent:false mLastAppBarVisible:true mLastHomeBarVisible:false
11-25 14:44:57.737 D/BarFollowAnimation( 3443): pairAppearanceRegionAndWin win=Window{d8e06d6 u0 Splash Screen com.hyperxray.an} 0
11-25 14:44:57.737 D/BarFollowAnimation( 3443): isAppTaskBarOnTop win:Window{c65a6a3 u0 NotificationShade} (mCurrentTopTask:Task{ddb3152 #121 type=standard I=com.hyperxray.an/.activity.MainActivity} : true); (mAssociatedTask:Task{ddb3152 #121 type=standard I=com.hyperxray.an/.activity.MainActivity} : true); (mHomeTask:Task{a12fcf8 #1 type=home} : false); mReparentToOriginParent:false mLastAppBarVisible:true mLastHomeBarVisible:false
11-25 14:44:57.740 I/WindowManager( 3443): Allow fixed rotation for not collecting:ActivityRecord{88809908 u0 com.hyperxray.an/.activity.MainActivity t121}
11-25 14:44:57.744 D/BarFollowAnimation( 3443): pairAppearanceRegionAndWin win=Window{d8e06d6 u0 Splash Screen com.hyperxray.an} 0
11-25 14:44:57.745 D/BarFollowAnimation( 3443): isAppTaskBarOnTop win:Window{c65a6a3 u0 NotificationShade} (mCurrentTopTask:Task{ddb3152 #121 type=standard I=com.hyperxray.an/.activity.MainActivity} : true); (mAssociatedTask:Task{ddb3152 #121 type=standard I=com.hyperxray.an/.activity.MainActivity} : true); (mHomeTask:Task{a12fcf8 #1 type=home} : false); mReparentToOriginParent:false mLastAppBarVisible:true mLastHomeBarVisible:false
11-25 14:44:57.746 D/BarFollowAnimation( 3443): pairAppearanceRegionAndWin win=Window{d8e06d6 u0 Splash Screen com.hyperxray.an} 0
11-25 14:44:57.746 D/BarFollowAnimation( 3443): isAppTaskBarOnTop win:Window{c65a6a3 u0 NotificationShade} (mCurrentTopTask:Task{ddb3152 #121 type=standard I=com.hyperxray.an/.activity.MainActivity} : true); (mAssociatedTask:Task{ddb3152 #121 type=standard I=com.hyperxray.an/.activity.MainActivity} : true); (mHomeTask:Task{a12fcf8 #1 type=home} : false); mReparentToOriginParent:false mLastAppBarVisible:true mLastHomeBarVisible:false
11-25 14:44:57.747 I/WindowManager( 3443): Allow fixed rotation for not collecting:ActivityRecord{88809908 u0 com.hyperxray.an/.activity.MainActivity t121}
11-25 14:44:57.748 I/TransitionImpl( 3443): finishTransition: updateLastSurfacePosition tf=Task{ddb3152 #121 type=standard I=com.hyperxray.an/.activity.MainActivity}
11-25 14:44:57.749 D/BarFollowAnimation( 3443): checkBarStatus mReparentToOriginParent:false hasTopFullAppTask:true mHomeTask:Task{a12fcf8 #1 type=home} mCurrentTopTask: Task{ddb3152 #121 type=standard I=com.hyperxray.an/.activity.MainActivity} mAssociatedTask: Task{ddb3152 #121 type=standard I=com.hyperxray.an/.activity.MainActivity} homeTaskonTop:false mLastAppBarVisible:true mLastHomeBarVisible:false isInSplitScreen:false
11-25 14:44:57.749 D/BarFollowAnimation( 3443): calculateAppSurface: task=Task{ddb3152 #121 type=standard I=com.hyperxray.an/.activity.MainActivity} appSurface=Surface(name=NavigationBar Container of Task = 121#12973)/@0x6c72c23
11-25 14:44:57.753 D/BarFollowAnimation( 3443): pairAppearanceRegionAndWin win=Window{d8e06d6 u0 Splash Screen com.hyperxray.an} 0
11-25 14:44:57.753 D/BarFollowAnimation( 3443): isAppTaskBarOnTop win:Window{c65a6a3 u0 NotificationShade} (mCurrentTopTask:Task{ddb3152 #121 type=standard I=com.hyperxray.an/.activity.MainActivity} : true); (mAssociatedTask:Task{ddb3152 #121 type=standard I=com.hyperxray.an/.activity.MainActivity} : true); (mHomeTask:Task{a12fcf8 #1 type=home} : false); mReparentToOriginParent:false mLastAppBarVisible:true mLastHomeBarVisible:false
11-25 14:44:57.754 D/BarFollowAnimation( 3443): pairAppearanceRegionAndWin win=Window{d8e06d6 u0 Splash Screen com.hyperxray.an} 0
11-25 14:44:57.754 D/BarFollowAnimation( 3443): isAppTaskBarOnTop win:Window{c65a6a3 u0 NotificationShade} (mCurrentTopTask:Task{ddb3152 #121 type=standard I=com.hyperxray.an/.activity.MainActivity} : true); (mAssociatedTask:Task{ddb3152 #121 type=standard I=com.hyperxray.an/.activity.MainActivity} : true); (mHomeTask:Task{a12fcf8 #1 type=home} : false); mReparentToOriginParent:false mLastAppBarVisible:true mLastHomeBarVisible:false
11-25 14:44:57.754 I/WindowManager( 3443): Allow fixed rotation for not collecting:ActivityRecord{88809908 u0 com.hyperxray.an/.activity.MainActivity t121}
11-25 14:44:57.756 D/BarFollowAnimation( 3443): pairAppearanceRegionAndWin win=Window{d8e06d6 u0 Splash Screen com.hyperxray.an} 0
11-25 14:44:57.756 D/BarFollowAnimation( 3443): isAppTaskBarOnTop win:Window{c65a6a3 u0 NotificationShade} (mCurrentTopTask:Task{ddb3152 #121 type=standard I=com.hyperxray.an/.activity.MainActivity} : true); (mAssociatedTask:Task{ddb3152 #121 type=standard I=com.hyperxray.an/.activity.MainActivity} : true); (mHomeTask:Task{a12fcf8 #1 type=home} : false); mReparentToOriginParent:false mLastAppBarVisible:true mLastHomeBarVisible:false
11-25 14:44:57.757 I/WindowManager( 3443): Allow fixed rotation for not collecting:ActivityRecord{88809908 u0 com.hyperxray.an/.activity.MainActivity t121}
11-25 14:44:57.758 D/BarFollowAnimation( 3443): pairAppearanceRegionAndWin win=Window{d8e06d6 u0 Splash Screen com.hyperxray.an} 0
11-25 14:44:57.758 D/BarFollowAnimation( 3443): isAppTaskBarOnTop win:Window{c65a6a3 u0 NotificationShade} (mCurrentTopTask:Task{ddb3152 #121 type=standard I=com.hyperxray.an/.activity.MainActivity} : true); (mAssociatedTask:Task{ddb3152 #121 type=standard I=com.hyperxray.an/.activity.MainActivity} : true); (mHomeTask:Task{a12fcf8 #1 type=home} : false); mReparentToOriginParent:false mLastAppBarVisible:true mLastHomeBarVisible:false
11-25 14:44:57.761 I/WindowManager( 3443): Allow fixed rotation for not collecting:ActivityRecord{88809908 u0 com.hyperxray.an/.activity.MainActivity t121}
11-25 14:44:57.761 D/BarFollowAnimation( 3443): pairAppearanceRegionAndWin win=Window{d8e06d6 u0 Splash Screen com.hyperxray.an} 0
11-25 14:44:57.762 D/BarFollowAnimation( 3443): isAppTaskBarOnTop win:Window{c65a6a3 u0 NotificationShade} (mCurrentTopTask:Task{ddb3152 #121 type=standard I=com.hyperxray.an/.activity.MainActivity} : true); (mAssociatedTask:Task{ddb3152 #121 type=standard I=com.hyperxray.an/.activity.MainActivity} : true); (mHomeTask:Task{a12fcf8 #1 type=home} : false); mReparentToOriginParent:false mLastAppBarVisible:true mLastHomeBarVisible:false
11-25 14:44:57.762 I/WindowManager( 3443): Allow fixed rotation for not collecting:ActivityRecord{88809908 u0 com.hyperxray.an/.activity.MainActivity t121}
11-25 14:44:57.762 D/BarFollowAnimation( 3443): pairAppearanceRegionAndWin win=Window{d8e06d6 u0 Splash Screen com.hyperxray.an} 0
11-25 14:44:57.762 D/BarFollowAnimation( 3443): isAppTaskBarOnTop win:Window{c65a6a3 u0 NotificationShade} (mCurrentTopTask:Task{ddb3152 #121 type=standard I=com.hyperxray.an/.activity.MainActivity} : true); (mAssociatedTask:Task{ddb3152 #121 type=standard I=com.hyperxray.an/.activity.MainActivity} : true); (mHomeTask:Task{a12fcf8 #1 type=home} : false); mReparentToOriginParent:false mLastAppBarVisible:true mLastHomeBarVisible:false
11-25 14:44:57.780 I/DPSImpl ( 3443): boost for touch up, package:com.hyperxray.an
11-25 14:44:57.785 D/WindowManager( 3443): wms.finishDrawingLocked: mDrawState=COMMIT_DRAW_PENDING Window{e5d5b48 u0 com.hyperxray.an/com.hyperxray.an.activity.MainActivity} in Surface(name=com.hyperxray.an/com.hyperxray.an.activity.MainActivity#13002)/@0x875849a
11-25 14:44:57.785 D/BarFollowAnimation( 3443): pairAppearanceRegionAndWin win=Window{d8e06d6 u0 Splash Screen com.hyperxray.an} 0
11-25 14:44:57.786 D/BarFollowAnimation( 3443): isAppTaskBarOnTop win:Window{c65a6a3 u0 NotificationShade} (mCurrentTopTask:Task{ddb3152 #121 type=standard I=com.hyperxray.an/.activity.MainActivity} : true); (mAssociatedTask:Task{ddb3152 #121 type=standard I=com.hyperxray.an/.activity.MainActivity} : true); (mHomeTask:Task{a12fcf8 #1 type=home} : false); mReparentToOriginParent:false mLastAppBarVisible:true mLastHomeBarVisible:false
11-25 14:44:57.786 D/WindowManager( 3443): wms.commitFinishDrawingLocked: mDrawState=READY_TO_SHOW Window{e5d5b48 u0 com.hyperxray.an/com.hyperxray.an.activity.MainActivity} in Surface(name=com.hyperxray.an/com.hyperxray.an.activity.MainActivity#13002)/@0x875849a
11-25 14:44:57.786 I/WindowManager( 3443): onFirstWindowDrawn, try to remove startingWindow. ar: ActivityRecord{88809908 u0 com.hyperxray.an/.activity.MainActivity t121}  associatedTask: null  isMainWindow: true  startingWindow: Window{d8e06d6 u0 Splash Screen com.hyperxray.an}  startingData: SplashScreenStartingData{28cf34c removeAfterTransaction= 0}
11-25 14:44:57.786 W/TaskSnapshot_CInjector( 3443): doSnapshotQS()...ago! activity=com.hyperxray.an/.activity.MainActivity, state=RESUMED, lastVisibleTime=0
11-25 14:44:57.786 I/SmartPower( 3443): Miui monitor launch : com.hyperxray.an/.activity.MainActivity  transitionTime:15  launchTime:596  launchFrom:com.miui.home  launchType:1
11-25 14:44:57.787 I/Perf[AppStartScene]( 3443): onSceneChangeNotify:Bundle[{renderThreadId=15416, pid=30853, uid=10568, name=com.hyperxray.an.activity.MainActivity, type=1, begin=false, state=1, processName=com.hyperxray.an, packageName=com.hyperxray.an}]
11-25 14:44:57.787 D/BarFollowAnimation( 3443): pairAppearanceRegionAndWin win=Window{d8e06d6 u0 Splash Screen com.hyperxray.an} 0
11-25 14:44:57.787 D/BarFollowAnimation( 3443): isAppTaskBarOnTop win:Window{c65a6a3 u0 NotificationShade} (mCurrentTopTask:Task{ddb3152 #121 type=standard I=com.hyperxray.an/.activity.MainActivity} : true); (mAssociatedTask:Task{ddb3152 #121 type=standard I=com.hyperxray.an/.activity.MainActivity} : true); (mHomeTask:Task{a12fcf8 #1 type=home} : false); mReparentToOriginParent:false mLastAppBarVisible:true mLastHomeBarVisible:false
11-25 14:44:57.788 D/WindowManager( 3443): Starting window removed Window{d8e06d6 u0 Splash Screen com.hyperxray.an}
11-25 14:44:57.788 W/AppCompatLetterboxPolicy( 3443): start not layout letterbox Window{d8e06d6 u0 Splash Screen com.hyperxray.an EXITING}
11-25 14:44:57.788 D/BarFollowAnimation( 3443): pairAppearanceRegionAndWin win=Window{d8e06d6 u0 Splash Screen com.hyperxray.an EXITING} 0
11-25 14:44:57.789 D/BarFollowAnimation( 3443): isAppTaskBarOnTop win:Window{c65a6a3 u0 NotificationShade} (mCurrentTopTask:Task{ddb3152 #121 type=standard I=com.hyperxray.an/.activity.MainActivity} : true); (mAssociatedTask:Task{ddb3152 #121 type=standard I=com.hyperxray.an/.activity.MainActivity} : true); (mHomeTask:Task{a12fcf8 #1 type=home} : false); mReparentToOriginParent:false mLastAppBarVisible:true mLastHomeBarVisible:false
11-25 14:44:57.789 D/CoreBackPreview( 3443): Window{d8e06d6 u0 Splash Screen com.hyperxray.an EXITING}: Setting back callback null
11-25 14:44:57.789 I/WindowManager( 3443): wms.showSurfaceRobustly mWin:Window{e5d5b48 u0 com.hyperxray.an/com.hyperxray.an.activity.MainActivity} in Surface(name=com.hyperxray.an/com.hyperxray.an.activity.MainActivity#13002)/@0x875849a
11-25 14:44:57.798 D/BarFollowAnimation( 3443): isAppTaskBarOnTop win:Window{c65a6a3 u0 NotificationShade} (mCurrentTopTask:Task{ddb3152 #121 type=standard I=com.hyperxray.an/.activity.MainActivity} : true); (mAssociatedTask:Task{ddb3152 #121 type=standard I=com.hyperxray.an/.activity.MainActivity} : true); (mHomeTask:Task{a12fcf8 #1 type=home} : false); mReparentToOriginParent:false mLastAppBarVisible:true mLastHomeBarVisible:false
11-25 14:44:57.798 D/BarFollowAnimation( 3443): pairAppearanceRegionAndWin win=Window{d8e06d6 u0 Splash Screen com.hyperxray.an EXITING} 0
11-25 14:44:57.798 D/BarFollowAnimation( 3443): isAppTaskBarOnTop win:Window{c65a6a3 u0 NotificationShade} (mCurrentTopTask:Task{ddb3152 #121 type=standard I=com.hyperxray.an/.activity.MainActivity} : true); (mAssociatedTask:Task{ddb3152 #121 type=standard I=com.hyperxray.an/.activity.MainActivity} : true); (mHomeTask:Task{a12fcf8 #1 type=home} : false); mReparentToOriginParent:false mLastAppBarVisible:true mLastHomeBarVisible:false
11-25 14:44:57.945 I/WindowManager( 3443): StartingWindow exit animation finished, win = Window{d8e06d6 u0 Splash Screen com.hyperxray.an EXITING} remove = true
11-25 14:44:57.945 I/WindowManager( 3443): wms.hideSurface mWin:Window{d8e06d6 u0 Splash Screen com.hyperxray.an EXITING} reason:(onExitAnimationDone) in Surface(name=Splash Screen com.hyperxray.an#12990)/@0xf3bba62
11-25 14:44:57.945 D/WindowManager( 3443): postWindowRemoveCleanupLocked: Removing startingWindow Window{d8e06d6 u0 Splash Screen com.hyperxray.an} from ActivityRecord{88809908 u0 com.hyperxray.an/.activity.MainActivity t121} activity = ActivityRecord{88809908 u0 com.hyperxray.an/.activity.MainActivity t121}
11-25 14:44:57.946 D/BarFollowAnimation( 3443): pairAppearanceRegionAndWin win=Window{e5d5b48 u0 com.hyperxray.an/com.hyperxray.an.activity.MainActivity} 0
11-25 14:44:57.946 D/BarFollowAnimation( 3443): isAppTaskBarOnTop win:Window{c65a6a3 u0 NotificationShade} (mCurrentTopTask:Task{ddb3152 #121 type=standard I=com.hyperxray.an/.activity.MainActivity} : true); (mAssociatedTask:Task{ddb3152 #121 type=standard I=com.hyperxray.an/.activity.MainActivity} : true); (mHomeTask:Task{a12fcf8 #1 type=home} : false); mReparentToOriginParent:false mLastAppBarVisible:true mLastHomeBarVisible:false
11-25 14:44:57.954 D/BarFollowAnimation( 3443): pairAppearanceRegionAndWin win=Window{e5d5b48 u0 com.hyperxray.an/com.hyperxray.an.activity.MainActivity} 0
11-25 14:44:57.954 D/BarFollowAnimation( 3443): isAppTaskBarOnTop win:Window{c65a6a3 u0 NotificationShade} (mCurrentTopTask:Task{ddb3152 #121 type=standard I=com.hyperxray.an/.activity.MainActivity} : true); (mAssociatedTask:Task{ddb3152 #121 type=standard I=com.hyperxray.an/.activity.MainActivity} : true); (mHomeTask:Task{a12fcf8 #1 type=home} : false); mReparentToOriginParent:false mLastAppBarVisible:true mLastHomeBarVisible:false
11-25 14:44:57.976 D/BarFollowAnimation( 3443): pairAppearanceRegionAndWin win=Window{e5d5b48 u0 com.hyperxray.an/com.hyperxray.an.activity.MainActivity} 0
11-25 14:44:57.976 D/BarFollowAnimation( 3443): isAppTaskBarOnTop win:Window{c65a6a3 u0 NotificationShade} (mCurrentTopTask:Task{ddb3152 #121 type=standard I=com.hyperxray.an/.activity.MainActivity} : true); (mAssociatedTask:Task{ddb3152 #121 type=standard I=com.hyperxray.an/.activity.MainActivity} : true); (mHomeTask:Task{a12fcf8 #1 type=home} : false); mReparentToOriginParent:false mLastAppBarVisible:true mLastHomeBarVisible:false
11-25 14:44:58.036 W/TaskSnapshot_CInjector( 3443): isTop()...current=com.hyperxray.an/.activity.MainActivity, topActivity=com.hyperxray.an/.activity.MainActivity
11-25 14:44:58.180 D/BarFollowAnimation( 3443): pairAppearanceRegionAndWin win=Window{e5d5b48 u0 com.hyperxray.an/com.hyperxray.an.activity.MainActivity} 0
11-25 14:44:58.180 D/BarFollowAnimation( 3443): isAppTaskBarOnTop win:Window{c65a6a3 u0 NotificationShade} (mCurrentTopTask:Task{ddb3152 #121 type=standard I=com.hyperxray.an/.activity.MainActivity} : true); (mAssociatedTask:Task{ddb3152 #121 type=standard I=com.hyperxray.an/.activity.MainActivity} : true); (mHomeTask:Task{a12fcf8 #1 type=home} : false); mReparentToOriginParent:false mLastAppBarVisible:true mLastHomeBarVisible:false
11-25 14:44:58.182 D/BarFollowAnimation( 3443): pairAppearanceRegionAndWin win=Window{e5d5b48 u0 com.hyperxray.an/com.hyperxray.an.activity.MainActivity} 0
11-25 14:44:58.182 D/BarFollowAnimation( 3443): isAppTaskBarOnTop win:Window{c65a6a3 u0 NotificationShade} (mCurrentTopTask:Task{ddb3152 #121 type=standard I=com.hyperxray.an/.activity.MainActivity} : true); (mAssociatedTask:Task{ddb3152 #121 type=standard I=com.hyperxray.an/.activity.MainActivity} : true); (mHomeTask:Task{a12fcf8 #1 type=home} : false); mReparentToOriginParent:false mLastAppBarVisible:true mLastHomeBarVisible:false
11-25 14:44:58.440 I/DPSImpl ( 3443): boost for touch up failed because of timediff < 1, package:com.hyperxray.an
11-25 14:44:58.444 D/BarFollowAnimation( 3443): pairAppearanceRegionAndWin win=Window{e5d5b48 u0 com.hyperxray.an/com.hyperxray.an.activity.MainActivity} 0
11-25 14:44:58.444 D/BarFollowAnimation( 3443): isAppTaskBarOnTop win:Window{c65a6a3 u0 NotificationShade} (mCurrentTopTask:Task{ddb3152 #121 type=standard I=com.hyperxray.an/.activity.MainActivity} : true); (mAssociatedTask:Task{ddb3152 #121 type=standard I=com.hyperxray.an/.activity.MainActivity} : true); (mHomeTask:Task{a12fcf8 #1 type=home} : false); mReparentToOriginParent:false mLastAppBarVisible:true mLastHomeBarVisible:false
11-25 14:44:58.505 D/ActivityManager( 3443): Logging bindService for com.hyperxray.an, stopped=false, firstLaunch=false
11-25 14:44:58.637 D/PreStartingCapture( 3443): Remove bitmap after load, pkg: com.hyperxray.an  mBitmapDrawableCache: {}
11-25 14:44:58.728 D/ActivityManager( 3443): Logging bindService for com.hyperxray.an, stopped=false, firstLaunch=false
11-25 14:44:58.888 D/BarFollowAnimation( 3443): pairAppearanceRegionAndWin win=Window{e5d5b48 u0 com.hyperxray.an/com.hyperxray.an.activity.MainActivity} 0
11-25 14:44:58.889 D/BarFollowAnimation( 3443): isAppTaskBarOnTop win:Window{c65a6a3 u0 NotificationShade} (mCurrentTopTask:Task{ddb3152 #121 type=standard I=com.hyperxray.an/.activity.MainActivity} : true); (mAssociatedTask:Task{ddb3152 #121 type=standard I=com.hyperxray.an/.activity.MainActivity} : true); (mHomeTask:Task{a12fcf8 #1 type=home} : false); mReparentToOriginParent:false mLastAppBarVisible:true mLastHomeBarVisible:false
11-25 14:44:58.892 D/BarFollowAnimation( 3443): pairAppearanceRegionAndWin win=Window{e5d5b48 u0 com.hyperxray.an/com.hyperxray.an.activity.MainActivity} 0
11-25 14:44:58.892 D/BarFollowAnimation( 3443): isAppTaskBarOnTop win:Window{c65a6a3 u0 NotificationShade} (mCurrentTopTask:Task{ddb3152 #121 type=standard I=com.hyperxray.an/.activity.MainActivity} : true); (mAssociatedTask:Task{ddb3152 #121 type=standard I=com.hyperxray.an/.activity.MainActivity} : true); (mHomeTask:Task{a12fcf8 #1 type=home} : false); mReparentToOriginParent:false mLastAppBarVisible:true mLastHomeBarVisible:false
11-25 14:44:58.892 D/BarFollowAnimation( 3443): isAppTaskBarOnTop win:Window{e5d5b48 u0 com.hyperxray.an/com.hyperxray.an.activity.MainActivity} (mCurrentTopTask:Task{ddb3152 #121 type=standard I=com.hyperxray.an/.activity.MainActivity} : true); (mAssociatedTask:Task{ddb3152 #121 type=standard I=com.hyperxray.an/.activity.MainActivity} : true); (mHomeTask:Task{a12fcf8 #1 type=home} : false); mReparentToOriginParent:false mLastAppBarVisible:true mLastHomeBarVisible:false
11-25 14:44:58.903 D/WindowManager( 3443): updateSystemBarAttributes displayId: 16777216 Window{e5d5b48 u0 com.hyperxray.an/com.hyperxray.an.activity.MainActivity} winAppearance=
11-25 14:44:58.903 D/WindowManager( 3443): wms.Input focus has changed to Window{e5d5b48 u0 com.hyperxray.an/com.hyperxray.an.activity.MainActivity} display=0 updateInputWindows = true
11-25 14:44:58.903 D/WmSystemUiDebug( 3443): on system bar attributes changed displayId=16777216 appearance= appearanceRegions=[AppearanceRegion{ bounds=[0,0][1200,2670]}] navbarColorManagedByIme=false behavior=1 requestedVisibleTypes=[statusBars navigationBars captionBar systemGestures mandatorySystemGestures tappableElement displayCutout windowDecor systemOverlays] packageName=com.hyperxray.an letterboxDetails=[]
11-25 14:44:58.904 D/BarFollowAnimation( 3443): pairAppearanceRegionAndWin win=Window{e5d5b48 u0 com.hyperxray.an/com.hyperxray.an.activity.MainActivity} 0
11-25 14:44:58.904 D/BarFollowAnimation( 3443): isAppTaskBarOnTop win:Window{e5d5b48 u0 com.hyperxray.an/com.hyperxray.an.activity.MainActivity} (mCurrentTopTask:Task{ddb3152 #121 type=standard I=com.hyperxray.an/.activity.MainActivity} : true); (mAssociatedTask:Task{ddb3152 #121 type=standard I=com.hyperxray.an/.activity.MainActivity} : true); (mHomeTask:Task{a12fcf8 #1 type=home} : false); mReparentToOriginParent:false mLastAppBarVisible:true mLastHomeBarVisible:false
11-25 14:44:58.905 D/BarFollowAnimation( 3443): pairAppearanceRegionAndWin win=Window{e5d5b48 u0 com.hyperxray.an/com.hyperxray.an.activity.MainActivity} 0
11-25 14:44:58.905 D/ActivityManager( 3443): Logging bindService for com.hyperxray.an, stopped=false, firstLaunch=false
11-25 14:44:58.905 D/BarFollowAnimation( 3443): isAppTaskBarOnTop win:Window{e5d5b48 u0 com.hyperxray.an/com.hyperxray.an.activity.MainActivity} (mCurrentTopTask:Task{ddb3152 #121 type=standard I=com.hyperxray.an/.activity.MainActivity} : true); (mAssociatedTask:Task{ddb3152 #121 type=standard I=com.hyperxray.an/.activity.MainActivity} : true); (mHomeTask:Task{a12fcf8 #1 type=home} : false); mReparentToOriginParent:false mLastAppBarVisible:true mLastHomeBarVisible:false
11-25 14:44:59.001 W/PackageConfigPersister( 3443): App-specific configuration not found for packageName: com.hyperxray.an and userId: 0
11-25 14:44:59.002 D/BarFollowAnimation( 3443): pairAppearanceRegionAndWin win=Window{e5d5b48 u0 com.hyperxray.an/com.hyperxray.an.activity.MainActivity} 0
