11-25 19:21:11.864 D/MultiXrayCoreManager( 8946): getActiveInstances() called - Total instances: 4, Total ports: 4
11-25 19:21:11.864 D/MultiXrayCoreManager( 8946): Instance 0 (port 34587) is active and running
11-25 19:21:11.864 D/MultiXrayCoreManager( 8946): Instance 1 (port 10396) is active and running
11-25 19:21:11.864 D/MultiXrayCoreManager( 8946): Instance 2 (port 63628) is active and running
11-25 19:21:11.864 D/MultiXrayCoreManager( 8946): Instance 3 (port 46562) is active and running
11-25 19:21:11.864 D/MultiXrayCoreManager( 8946):  Found 4 active instances: [Instance-0:Port-34587, Instance-1:Port-10396, Instance-2:Port-63628, Instance-3:Port-46562]
11-25 19:21:11.864 D/TProxyUtils( 8946): Sticky routing: domain=android-safebrowsing.google.com, ip=null -> instance 0, port 34587
11-25 19:21:11.865 I/XrayRuntimeService( 8946): Xray: 2025/11/25 16:21:11.856377 [Debug] [2418407398] transport/internet: dialing to tcp:sus.halibiram.online:443
11-25 19:21:11.866 I/XrayRuntimeService( 8946): Xray: 2025/11/25 16:21:11.856475 from 127.0.0.1:45038 accepted //android-safebrowsing.google.com:443 [vless_0]
11-25 19:21:11.867 D/MultiXrayCoreManager( 8946): getActiveInstances() called - Total instances: 4, Total ports: 4
11-25 19:21:11.867 D/MultiXrayCoreManager( 8946): Instance 0 (port 34587) is active and running
11-25 19:21:11.867 D/MultiXrayCoreManager( 8946): Instance 1 (port 10396) is active and running
11-25 19:21:11.868 D/MultiXrayCoreManager( 8946): Instance 2 (port 63628) is active and running
11-25 19:21:11.868 D/MultiXrayCoreManager( 8946): Instance 3 (port 46562) is active and running
11-25 19:21:11.868 D/MultiXrayCoreManager( 8946):  Found 4 active instances: [Instance-0:Port-34587, Instance-1:Port-10396, Instance-2:Port-63628, Instance-3:Port-46562]
11-25 19:21:11.868 D/TProxyUtils( 8946): Sticky routing: domain=android-safebrowsing.google.com, ip=127.0.0.1 -> instance 0, port 34587
11-25 19:21:11.985 D/DnsCacheManager(25480):  Active entries: 100 (total cache: 321, showing top 100)
11-25 19:21:11.985 D/DnsCacheManager(25480):  Metrics updated: entries=321, activeEntries=100, hits=8756, misses=5671, hitRate=60%
11-25 19:21:12.125 D/DnsCacheManager( 8946):  Active entries: 100 (total cache: 348, showing top 100)
11-25 19:21:12.126 D/DnsCacheManager( 8946):  Metrics updated: entries=348, activeEntries=100, hits=8859, misses=5728, hitRate=60%
11-25 19:21:12.199 I/XrayRuntimeService( 8946): Xray: 2025/11/25 16:21:12.196923 [Info] [2418407398] proxy/vless/outbound: tunneling request to tcp:android-safebrowsing.google.com:443 via sus.halibiram.online:443
11-25 19:21:12.201 D/MultiXrayCoreManager( 8946): getActiveInstances() called - Total instances: 4, Total ports: 4
11-25 19:21:12.201 I/XrayRuntimeService( 8946): Xray: 2025/11/25 16:21:12.197348 [Info] [2418407398] proxy: XtlsFilterTls found tls client hello! 1773
11-25 19:21:12.201 D/MultiXrayCoreManager( 8946): Instance 0 (port 34587) is active and running
11-25 19:21:12.201 D/MultiXrayCoreManager( 8946): Instance 1 (port 10396) is active and running
11-25 19:21:12.201 D/MultiXrayCoreManager( 8946): Instance 2 (port 63628) is active and running
11-25 19:21:12.201 D/MultiXrayCoreManager( 8946): Instance 3 (port 46562) is active and running
11-25 19:21:12.201 D/MultiXrayCoreManager( 8946):  Found 4 active instances: [Instance-0:Port-34587, Instance-1:Port-10396, Instance-2:Port-63628, Instance-3:Port-46562]
11-25 19:21:12.201 D/TProxyUtils( 8946): Sticky routing: domain=android-safebrowsing.google.com, ip=null -> instance 0, port 34587
11-25 19:21:12.202 I/XrayRuntimeService( 8946): Xray: 2025/11/25 16:21:12.197360 [Info] [2418407398] proxy: XtlsPadding 1773 155 0
11-25 19:21:12.204 D/XrayStatsManager(25480): Active instances provider returned 4 instances: {0=34587, 1=10396, 2=63628, 3=46562}
11-25 19:21:12.204 D/XrayStatsManager(25480): Using multi-instance mode with 4 instances
11-25 19:21:12.204 D/XrayStatsManager(25480): Collecting stats from 4 active instances: [34587, 10396, 63628, 46562]
11-25 19:21:12.210 D/XrayStatsManager(25480): Instance 0: uplink=36,82MB, downlink=149,41MB
11-25 19:21:12.210 D/XrayStatsManager(25480): Instance 1: uplink=41,84MB, downlink=148,75MB
11-25 19:21:12.210 D/XrayStatsManager(25480): Instance 2: uplink=71,62MB, downlink=50,14MB
11-25 19:21:12.210 D/XrayStatsManager(25480): Instance 3: uplink=96,10KB, downlink=84,56MB
11-25 19:21:12.210 D/XrayStatsManager(25480): Aggregated stats from 4 instances: totalUplink=150,38MB, totalDownlink=432,85MB
11-25 19:21:12.210 W/XrayStatsManager(25480):  Downlink stat appears stuck at 432,85MB (uplink changed: 150,38MB -> 150,38MB)
11-25 19:21:12.210 D/XrayStatsManager(25480): Downlink stat stuck, preserving previous throughput: 0 B/s
11-25 19:21:12.210 D/XrayStatsManager(25480): Throughput calculated: uplink=1006,00B/s, downlink=0 B/s, timeDelta=2.007s, uplinkDelta=1,97KB, downlinkDelta=0B
11-25 19:21:12.210 D/XrayStatsManager(25480): Core stats updated - Uplink: 150,38MB, Downlink: 432,85MB, Uplink Throughput: 1006,00B/s, Downlink Throughput: 0 B/s
11-25 19:21:12.226 D/RenderEngine( 2005): makePassBlurBetterDownShader layername:com.hyperxray.an/com.hyperxray.an.activity.MainActivity#23164
11-25 19:21:12.371 I/XrayRuntimeService( 8946): Xray: 2025/11/25 16:21:12.368990 [Info] [2418407398] proxy: Xtls Unpadding new block, content 5522 padding 138 command 0
11-25 19:21:12.372 I/XrayRuntimeService( 8946): Xray: 2025/11/25 16:21:12.369057 [Info] [2418407398] proxy: XtlsFilterTls found tls 1.3! 1163 TLS_AES_128_GCM_SHA256
11-25 19:21:12.375 I/XrayRuntimeService( 8946): Xray: 2025/11/25 16:21:12.373919 [Info] [2418407398] proxy: XtlsPadding 166 1167 0
11-25 19:21:12.376 I/XrayRuntimeService( 8946): Xray: 2025/11/25 16:21:12.373939 [Info] [2418407398] proxy: XtlsPadding 260 802 2
11-25 19:21:12.487 D/DnsCacheManager(25480):  Active entries: 100 (total cache: 321, showing top 100)
11-25 19:21:12.488 D/DnsCacheManager(25480):  Metrics updated: entries=321, activeEntries=100, hits=8756, misses=5671, hitRate=60%
11-25 19:21:12.540 I/XrayRuntimeService( 8946): Xray: 2025/11/25 16:21:12.537158 [Info] [2418407398] proxy: Xtls Unpadding new block, content 62 padding 1178 command 2
11-25 19:21:12.542 I/XrayRuntimeService( 8946): Xray: 2025/11/25 16:21:12.537547 [Info] [2418407398] proxy: CopyRawConn splice
11-25 19:21:12.627 D/DnsCacheManager( 8946):  Active entries: 100 (total cache: 348, showing top 100)
11-25 19:21:12.628 D/DnsCacheManager( 8946):  Metrics updated: entries=348, activeEntries=100, hits=8859, misses=5728, hitRate=60%
11-25 19:21:12.632 I/Finsky  (25988): [7550] VerifyApps: Verification package=com.hyperxray.an, id=56, response=0, upload_requested=false, enable_ecm=false
11-25 19:21:12.633 I/Finsky  (25988): [7550] VerifyApps: PAM result saving to datastore delayed for package: com.hyperxray.an
11-25 19:21:12.635 I/Finsky  (25988): [2] VerifyApps: Install-time verification complete: id=56, package_name=com.hyperxray.an
11-25 19:21:12.636 D/InstallDependencyHelper( 3443): No missing dependency for com.hyperxray.an
11-25 19:21:12.652 D/Transition( 3443): setReady 1063 wc=Task{e9ef375 #221 type=standard I=com.hyperxray.an/.activity.MainActivity} ready=false
11-25 19:21:12.652 W/DynamicDDSService( 5505): appName is running in background.com.hyperxray.an
11-25 19:21:12.653 I/ANDR-PWR-OPT( 1783): GAMEPOWEROPT: sendEvents() 231: Start hint for app com.hyperxray.an/com.hyperxray.an.activity.MainActivity/36, hintID : 4100, hintID hex : 1004 value: -1
11-25 19:21:12.654 I/ANDR-PWR-OPT( 1783): PowerAppClassifier: getAppType() 59: checking app [com.hyperxray.an] is type 1
11-25 19:21:12.654 I/ANDR-PWR-OPT( 1783): GAMEPOWEROPT: isGame() 348: com.hyperxray.an is Game = 1
11-25 19:21:12.660 D/BarFollowAnimation( 3443): onTaskInfoChanedForCaptionBar Task{e9ef375 #221 type=standard I=com.hyperxray.an/.activity.MainActivity} shouldbeVisible:true isVisible:true windowMode:1 mCaptionAssociatedTask:null mIsTouchedInCaption:false
11-25 19:21:12.660 D/BarFollowAnimation( 3443): isAppTaskBarOnTop win:Window{c6778da u0 com.hyperxray.an/com.hyperxray.an.activity.MainActivity} (mCurrentTopTask:Task{15e7195 #222 type=standard A=1000:com.miui.securitycenter nonResizable} : true); (mAssociatedTask:Task{e9ef375 #221 type=standard I=com.hyperxray.an/.activity.MainActivity} : true); (mHomeTask:Task{a12fcf8 #1 type=home} : false); mReparentToOriginParent:false mLastAppBarVisible:true mLastHomeBarVisible:false
11-25 19:21:12.662 D/BarFollowAnimation( 3443): pairAppearanceRegionAndWin win=Window{c6778da u0 com.hyperxray.an/com.hyperxray.an.activity.MainActivity} 0
11-25 19:21:12.662 D/BarFollowAnimation( 3443): isAppTaskBarOnTop win:Window{c6778da u0 com.hyperxray.an/com.hyperxray.an.activity.MainActivity} (mCurrentTopTask:Task{15e7195 #222 type=standard A=1000:com.miui.securitycenter nonResizable} : true); (mAssociatedTask:Task{e9ef375 #221 type=standard I=com.hyperxray.an/.activity.MainActivity} : true); (mHomeTask:Task{a12fcf8 #1 type=home} : false); mReparentToOriginParent:false mLastAppBarVisible:true mLastHomeBarVisible:false
11-25 19:21:12.663 W/DnsSocketPool( 8946): InterruptedIOException during receive: Poll timed out
11-25 19:21:12.664 W/DnsSocketPool( 8946): InterruptedIOException during receive: Poll timed out
11-25 19:21:12.664 W/DnsSocketPool( 8946): InterruptedIOException during receive: Poll timed out
11-25 19:21:12.664 D/DnsUpstreamClient( 8946):  Happy Eyeballs Wave 2: Querying next 3 servers for android-safebrowsing.google.com
11-25 19:21:12.665 D/DnsSocketPool( 8946):  DNS socket bound to VPN interface: 198.18.0.1
11-25 19:21:12.665 D/DnsSocketPool( 8946):  DNS socket bound to VPN interface: 198.18.0.1
11-25 19:21:12.665 D/MiuiDecorationController( 5813): relayout::taskId=221, visible=true, bounds=Rect(0, 0 - 1200, 2670), focused=false, oldImmersive=false, newImmersive=false, windowMode=1, activityType=1, displayId=0, baseActivity=ComponentInfo{com.hyperxray.an/com.hyperxray.an.activity.MainActivity}, topActivity=ComponentInfo{com.hyperxray.an/com.hyperxray.an.activity.MainActivity}, callers=com.android.wm.shell.multitasking.miuimultiwinswitch.miuiwindowdecor.decoration.MiuiDecorationController.relayout:4 com.android.wm.shell.multitasking.miuimultiwinswitch.miuiwindowdecor.MulWinSwitchDecorViewModel.onTaskInfoChanged:18 com.android.wm.shell.multitasking.common.taskmanager.MultiTaskingTaskListener.onTaskInfoChanged:47 com.android.wm.shell.ShellTaskOrganizer.onTaskInfoChanged:129 android.window.TaskOrganizer$1.lambda$onTaskInfoChanged$6:300 
11-25 19:21:12.665 D/DnsSocketPool( 8946):  DNS socket bound to VPN interface: 198.18.0.1
11-25 19:21:12.666 E/ActivityManagerWrapper( 5210):  mainTaskId=221   userId=0   windowMode=1   isExcludedFromRecents=false   baseIntent=Intent { act=android.intent.action.MAIN flag=270532608 cmp=ComponentInfo{com.hyperxray.an/com.hyperxray.an.activity.MainActivity} }
11-25 19:21:12.666 D/PerfEngineController(16435): ForegroundInfo{mForegroundPackageName='com.miui.securitycenter', mForegroundUid=1000, mForegroundPid=13687, mForegroundDisplayId=0, mLastForegroundPackageName='com.hyperxray.an', mLastForegroundUid=10568, mLastForegroundPid=25480, mLastForegroundDisplayId=0, mMultiWindowForegroundPackageName='com.miui.securitycenter', mMultiWindowForegroundUid=1000, mFlags=0}
11-25 19:21:12.666 D/RecentsTaskLoader( 5210): reloadTasksData [TaskKey{id=221, stackId=0, baseIntent=Intent { act=android.intent.action.MAIN cat=[android.intent.category.LAUNCHER] flg=0x10200000 cmp=com.hyperxray.an/.activity.MainActivity }, userId=0, lastActiveTime=36876226, windowingMode=1, isThumbnailBlur=false, isAccessLocked=false, isScreening=false, topActivity=ComponentInfo{com.hyperxray.an/com.hyperxray.an.activity.MainActivity}, mHashCode=7507363}, title=HyperXray, titleDescription=HyperXray, bounds=null, isLaunchTarget=false, isStackTask=true, isSystemApp=false, isDockable=true, baseActivity=ComponentInfo{com.hyperxray.an/com.hyperxray.an.activity.MainActivity}, isLocked=false, mNeedHide=false, hasMultipleTasks=false, cti1Key=, cti2Key=] 
11-25 19:21:12.667 I/ActivityTaskManager( 3443): moveTaskToFront: Task{e9ef375 #221 type=standard I=com.hyperxray.an/.activity.MainActivity} caller trace:com.android.server.wm.TaskDisplayArea.onTaskMoved:461 com.android.server.wm.Task.updateTaskMovement:1756 com.android.server.wm.TaskDisplayArea.positionChildTaskAt:425 com.android.server.wm.TaskDisplayArea.positionChildAt:386 com.android.server.wm.Task.moveToFront:6218 com.android.server.wm.Task.moveToFront:6188 com.android.server.wm.Task.moveToFront:6178 com.android.server.wm.Task.adjustFocusToNextFocusableTask:3475 com.android.server.wm.ActivityRecord.finishIfPossible:4183 com.android.server.wm.ActivityClientController.finishActivity:639 
11-25 19:21:12.668 D/As.ActivityMmReduceLoadHelper( 3443): onTaskMovedToFront: mTopActivityPackageName: com.hyperxray.an mTopActivityClassName: com.hyperxray.an.activity.MainActivity
11-25 19:21:12.668 I/GST     (16995): forePkg: com.miui.securitycenter, preForePkg: com.hyperxray.an
11-25 19:21:12.668 D/BarFollowAnimation( 3443): pairAppearanceRegionAndWin win=Window{c6778da u0 com.hyperxray.an/com.hyperxray.an.activity.MainActivity} 0
11-25 19:21:12.668 D/BarFollowAnimation( 3443): isAppTaskBarOnTop win:Window{c6778da u0 com.hyperxray.an/com.hyperxray.an.activity.MainActivity} (mCurrentTopTask:Task{15e7195 #222 type=standard A=1000:com.miui.securitycenter nonResizable} : true); (mAssociatedTask:Task{e9ef375 #221 type=standard I=com.hyperxray.an/.activity.MainActivity} : true); (mHomeTask:Task{a12fcf8 #1 type=home} : false); mReparentToOriginParent:false mLastAppBarVisible:true mLastHomeBarVisible:false
11-25 19:21:12.669 I/ProcessMonitor(15069): onForegroundInfoChanged: ForegroundInfo{mForegroundPackageName='com.miui.securitycenter', mForegroundUid=1000, mForegroundPid=13687, mForegroundDisplayId=0, mLastForegroundPackageName='com.hyperxray.an', mLastForegroundUid=10568, mLastForegroundPid=25480, mLastForegroundDisplayId=0, mMultiWindowForegroundPackageName='com.miui.securitycenter', mMultiWindowForegroundUid=1000, mFlags=0}
11-25 19:21:12.669 D/powerkeeper.dfsmutstart(16435): get last app com.hyperxray.an duration is over 1 min
11-25 19:21:12.671 I/GameBoosterService(15069): onForegroundInfoChanged: Cur=com.miui.securitycenter	 last=com.hyperxray.an
11-25 19:21:12.671 D/ActivityTaskManager( 3443):  setSkipCaptureLayers tr: Task{e9ef375 #221 type=standard I=com.hyperxray.an/.activity.MainActivity}
11-25 19:21:12.671 D/KeyguardEditorHelper( 5813): onTopActivityMayChanged, topActivity=ComponentInfo{com.hyperxray.an/com.hyperxray.an.activity.MainActivity}; mState=IDEL
11-25 19:21:12.673 D/GameBoosterService(15069): onGameStatusChange foreground:ForegroundInfo{mForegroundPackageName='com.miui.securitycenter', mForegroundUid=1000, mForegroundPid=13687, mForegroundDisplayId=0, mLastForegroundPackageName='com.hyperxray.an', mLastForegroundUid=10568, mLastForegroundPid=25480, mLastForegroundDisplayId=0, mMultiWindowForegroundPackageName='com.miui.securitycenter', mMultiWindowForegroundUid=1000, mFlags=0}
11-25 19:21:12.673 I/BeautyService(15069): onForegroundInfoChanged: Cur=com.miui.securitycenter	 last=com.hyperxray.an
11-25 19:21:12.674 E/ActivityManagerWrapper( 5210):  mainTaskId=221   userId=0   windowMode=1   isExcludedFromRecents=false   baseIntent=Intent { act=android.intent.action.MAIN flag=270532608 cmp=ComponentInfo{com.hyperxray.an/com.hyperxray.an.activity.MainActivity} }
11-25 19:21:12.674 D/RecentsTaskLoader( 5210): reloadTasksData [TaskKey{id=221, stackId=0, baseIntent=Intent { act=android.intent.action.MAIN cat=[android.intent.category.LAUNCHER] flg=0x10200000 cmp=com.hyperxray.an/.activity.MainActivity }, userId=0, lastActiveTime=36876226, windowingMode=1, isThumbnailBlur=false, isAccessLocked=false, isScreening=false, topActivity=ComponentInfo{com.hyperxray.an/com.hyperxray.an.activity.MainActivity}, mHashCode=7507363}, title=HyperXray, titleDescription=HyperXray, bounds=null, isLaunchTarget=false, isStackTask=true, isSystemApp=false, isDockable=true, baseActivity=ComponentInfo{com.hyperxray.an/com.hyperxray.an.activity.MainActivity}, isLocked=false, mNeedHide=false, hasMultipleTasks=false, cti1Key=, cti2Key=] 
11-25 19:21:12.678 D/PerfStubImpl( 3443): perfWarmLaunchBoost: com.hyperxray.an, -1, 1
11-25 19:21:12.678 D/BarFollowAnimation( 3443): onTaskInfoChanedForCaptionBar Task{e9ef375 #221 type=standard I=com.hyperxray.an/.activity.MainActivity} shouldbeVisible:true isVisible:true windowMode:1 mCaptionAssociatedTask:null mIsTouchedInCaption:false
11-25 19:21:12.678 D/BarFollowAnimation( 3443): isAppTaskBarOnTop win:Window{c6778da u0 com.hyperxray.an/com.hyperxray.an.activity.MainActivity} (mCurrentTopTask:Task{e9ef375 #221 type=standard I=com.hyperxray.an/.activity.MainActivity} : true); (mAssociatedTask:Task{e9ef375 #221 type=standard I=com.hyperxray.an/.activity.MainActivity} : true); (mHomeTask:Task{a12fcf8 #1 type=home} : false); mReparentToOriginParent:false mLastAppBarVisible:true mLastHomeBarVisible:false
11-25 19:21:12.678 D/WindowManager( 3443): wms.Input focus has changed to Window{c6778da u0 com.hyperxray.an/com.hyperxray.an.activity.MainActivity} display=0 updateInputWindows = true
11-25 19:21:12.679 I/DynamicDDSService( 5505): handleMessage(ACTIVITY_INVOKE{appInfo=com.hyperxray.an isFullScreen=}true)
11-25 19:21:12.679 I/ANDR-PWR-OPT( 1783): GAMEPOWEROPT: sendEvents() 231: Start hint for app com.hyperxray.an/com.hyperxray.an.activity.MainActivity/36, hintID : 4099, hintID hex : 1003 value: -1
11-25 19:21:12.679 I/ANDR-PWR-OPT( 1783): PowerAppClassifier: getAppType() 59: checking app [com.hyperxray.an] is type 1
11-25 19:21:12.679 I/ANDR-PWR-OPT( 1783): GAMEPOWEROPT: isGame() 348: com.hyperxray.an is Game = 1
11-25 19:21:12.679 D/BarFollowAnimation( 3443): onTaskInfoChanedForCaptionBar Task{e9ef375 #221 type=standard I=com.hyperxray.an/.activity.MainActivity} shouldbeVisible:true isVisible:true windowMode:1 mCaptionAssociatedTask:null mIsTouchedInCaption:false
11-25 19:21:12.680 D/AurogonImmobulusMode( 3443): launch app processName = com.hyperxray.an uid = 10568
11-25 19:21:12.680 D/BarFollowAnimation( 3443): pairAppearanceRegionAndWin win=Window{c6778da u0 com.hyperxray.an/com.hyperxray.an.activity.MainActivity} 0
11-25 19:21:12.680 D/BarFollowAnimation( 3443): isAppTaskBarOnTop win:Window{c6778da u0 com.hyperxray.an/com.hyperxray.an.activity.MainActivity} (mCurrentTopTask:Task{e9ef375 #221 type=standard I=com.hyperxray.an/.activity.MainActivity} : true); (mAssociatedTask:Task{e9ef375 #221 type=standard I=com.hyperxray.an/.activity.MainActivity} : true); (mHomeTask:Task{a12fcf8 #1 type=home} : false); mReparentToOriginParent:false mLastAppBarVisible:true mLastHomeBarVisible:false
11-25 19:21:12.681 D/Activity(25480): Activity = ActivityInfo{670924f com.hyperxray.an.activity.MainActivity}, Resume onConfigurationChanged = {1.0 286mcc1mnc [tr_TR] ldltr sw369dp w369dp h822dp 520dpi nrml long hdr widecg port night finger -keyb/v/h -nav/h winConfig={ mBounds=Rect(0, 0 - 1200, 2670) mAppBounds=Rect(0, 0 - 1200, 2670) mMaxBounds=Rect(0, 0 - 1200, 2670) mDisplayRotation=ROTATION_0 mWindowingMode=fullscreen mActivityType=standard mAlwaysOnTop=undefined mRotation=ROTATION_0 mInSplitScreen=false letterBoxed=false foScaled=false isSpecificEmbedded=false embeddingScale=1.0} s.2 fontWeightAdjustment=0/d/o themeChanged=0 themeChangedFlags=0 display=0 extraData = Bundle[{}] screenType=0/o}
11-25 19:21:12.681 D/MiuiDecorationController( 5813): relayout::taskId=221, visible=true, bounds=Rect(0, 0 - 1200, 2670), focused=true, oldImmersive=false, newImmersive=false, windowMode=1, activityType=1, displayId=0, baseActivity=ComponentInfo{com.hyperxray.an/com.hyperxray.an.activity.MainActivity}, topActivity=ComponentInfo{com.hyperxray.an/com.hyperxray.an.activity.MainActivity}, callers=com.android.wm.shell.multitasking.miuimultiwinswitch.miuiwindowdecor.decoration.MiuiDecorationController.relayout:4 com.android.wm.shell.multitasking.miuimultiwinswitch.miuiwindowdecor.MulWinSwitchDecorViewModel.onTaskInfoChanged:18 com.android.wm.shell.multitasking.common.taskmanager.MultiTaskingTaskListener.onTaskInfoChanged:47 com.android.wm.shell.ShellTaskOrganizer.onTaskInfoChanged:129 android.window.TaskOrganizer$1.lambda$onTaskInfoChanged$6:300 
11-25 19:21:12.682 D/WindowManagerService( 3443): may change transition changeInfo, task=Task{e9ef375 #221 type=standard I=com.hyperxray.an/.activity.MainActivity}mVisibleRequested=true
11-25 19:21:12.682 D/WindowManager( 3443): Final targets: [ChangeInfo{d54ea19 container=Task{e9ef375 #221 type=standard I=com.hyperxray.an/.activity.MainActivity} flags=0x20}]
11-25 19:21:12.682 D/DnsCacheManager(25480): DnsCacheManager already initialized, ensuring metrics job is running...
11-25 19:21:12.682 I/DynamicIslandService( 3443): elementSurfaceTransition is null for:com.hyperxray.an
11-25 19:21:12.682 D/DnsCacheManager(25480):  Metrics job is already running (isActive=true)
11-25 19:21:12.682 I/MainViewModelDashboardAdapter(25480):  DNS cache stats StateFlow connected: entries=321, hits=8756, misses=5671, hitRate=60%
11-25 19:21:12.682 D/DnsCacheManager(25480):  Metrics job is already running (isActive=true)
11-25 19:21:12.682 D/WindowManager( 3443): Calling onTransitionReady info={id=1063 t=OPEN f=0x0 trk=0 r=[0@Point(0, 0)] c=[{WCT{RemoteToken{a0d574 Task{e9ef375 #221 type=standard I=com.hyperxray.an/.activity.MainActivity}}} m=CHANGE f=MOVE_TO_TOP leash=Surface(name=Task=221#23053)/@0x371aac sb=Rect(0, 0 - 1200, 2670) eb=Rect(0, 0 - 1200, 2670) epz=Point(1200, 2670) d=0 taskParent=-1 v=trueMiuiChangeImpl {miuiEmbedding:false, scale:1.0}}] mk=[false] noAni=[false] df=[false] rsa=[false] oa=[false] nc=[0] ho=[false] hla=[false] iSync=[-1]}, mToken=Token{97666ea TransitionRecord{f15ca9e id=1063 type=OPEN flags=0x0 c=[
11-25 19:21:12.682 D/WindowManager( 3443):    ChangeInfo{d54ea19 container=Task{e9ef375 #221 type=standard I=com.hyperxray.an/.activity.MainActivity} flags=0x20}
11-25 19:21:12.682 D/BarFollowAnimation( 3443): disableBarAnimation change={WCT{RemoteToken{a0d574 Task{e9ef375 #221 type=standard I=com.hyperxray.an/.activity.MainActivity}}} m=CHANGE f=MOVE_TO_TOP leash=Surface(name=Task=221#23053)/@0x371aac sb=Rect(0, 0 - 1200, 2670) eb=Rect(0, 0 - 1200, 2670) epz=Point(1200, 2670) d=0 taskParent=-1 v=trueMiuiChangeImpl {miuiEmbedding:false, scale:1.0}} 1 1
11-25 19:21:12.683 D/BarFollowAnimation( 3443): startStatusBarAnimation change= {WCT{RemoteToken{a0d574 Task{e9ef375 #221 type=standard I=com.hyperxray.an/.activity.MainActivity}}} m=CHANGE f=MOVE_TO_TOP leash=Surface(name=Task=221#23053)/@0x371aac sb=Rect(0, 0 - 1200, 2670) eb=Rect(0, 0 - 1200, 2670) epz=Point(1200, 2670) d=0 taskParent=-1 v=trueMiuiChangeImpl {miuiEmbedding:false, scale:1.0}} isRecent=false startWindowMode=1 endWindowMode=1 statusState=-1 isRotationAnimation=false
11-25 19:21:12.684 D/RecentsImpl( 5210): mActivityStateObserver com.hyperxray.an.activity.MainActivity
11-25 19:21:12.684 W/RecentsImpl( 5210): updateGestureWindowVisibleImpl, className=com.hyperxray.an.activity.MainActivity
11-25 19:21:12.684 D/MiuiDecorationController( 5813): relayout::taskId=221, visible=true, bounds=Rect(0, 0 - 1200, 2670), focused=true, oldImmersive=false, newImmersive=false, windowMode=1, activityType=1, displayId=0, baseActivity=ComponentInfo{com.hyperxray.an/com.hyperxray.an.activity.MainActivity}, topActivity=ComponentInfo{com.hyperxray.an/com.hyperxray.an.activity.MainActivity}, callers=com.android.wm.shell.multitasking.miuimultiwinswitch.miuiwindowdecor.MulWinSwitchDecorViewModel.onTaskChanging:110 com.android.wm.shell.freeform.FreeformTaskTransitionObserver.onTransitionReady:164 com.android.wm.shell.transition.Transitions.dispatchReady:237 com.android.wm.shell.transition.Transitions.onTransitionReady:246 com.android.wm.shell.transition.Transitions$TransitionPlayerImpl$$ExternalSyntheticLambda1.run:42 
11-25 19:21:12.685 D/ActivityTaskManager( 3443):  setSkipCaptureLayers tr: Task{e9ef375 #221 type=standard I=com.hyperxray.an/.activity.MainActivity}
11-25 19:21:12.685 D/EventReceiver( 3443): foregroundChange uid  uid=10568 pkg=com.hyperxray.an
11-25 19:21:12.686 D/DFS-AppUsageTracker(16435): Fg changed, new=com.hyperxray.an, but charging.
11-25 19:21:12.686 I/TransitionImpl( 3443): finishTransition: updateLastSurfacePosition tf=Task{e9ef375 #221 type=standard I=com.hyperxray.an/.activity.MainActivity}
11-25 19:21:12.686 D/RecentsImpl( 5210): onForegroundChanged, foregroundPackageName=com.hyperxray.an
11-25 19:21:12.686 D/PerfEngineController(16435): ForegroundInfo{mForegroundPackageName='com.hyperxray.an', mForegroundUid=10568, mForegroundPid=25480, mForegroundDisplayId=0, mLastForegroundPackageName='com.miui.securitycenter', mLastForegroundUid=1000, mLastForegroundPid=13687, mLastForegroundDisplayId=0, mMultiWindowForegroundPackageName='com.hyperxray.an', mMultiWindowForegroundUid=10568, mFlags=0}
11-25 19:21:12.686 D/BarFollowAnimation( 3443): startStatusBarAnimation task=Task{e9ef375 #221 type=standard I=com.hyperxray.an/.activity.MainActivity}
11-25 19:21:12.687 D/ActivityTaskManager( 3443):  setSkipCaptureLayers tr: Task{e9ef375 #221 type=standard I=com.hyperxray.an/.activity.MainActivity}
11-25 19:21:12.687 D/BarFollowAnimation( 3443): bindAssociatedTask task=Task{e9ef375 #221 type=standard I=com.hyperxray.an/.activity.MainActivity}
11-25 19:21:12.687 D/BarFollowAnimation( 3443): bindAssociatedTask task=Task{e9ef375 #221 type=standard I=com.hyperxray.an/.activity.MainActivity}
11-25 19:21:12.688 D/BarFollowAnimation( 3443): checkBarStatus mReparentToOriginParent:false hasTopFullAppTask:true mHomeTask:Task{a12fcf8 #1 type=home} mCurrentTopTask: Task{e9ef375 #221 type=standard I=com.hyperxray.an/.activity.MainActivity} mAssociatedTask: Task{e9ef375 #221 type=standard I=com.hyperxray.an/.activity.MainActivity} homeTaskonTop:false mLastAppBarVisible:true mLastHomeBarVisible:false isInSplitScreen:false
11-25 19:21:12.688 D/BarFollowAnimation( 3443):  showAppNavBar  packageName = com.hyperxray.an mHasHideAppSurface = false mIsKeyguardGoingAway = false mNavBarState = -1
11-25 19:21:12.688 D/BarFollowAnimation( 3443): calculateAppSurface: task=Task{e9ef375 #221 type=standard I=com.hyperxray.an/.activity.MainActivity} appSurface=Surface(name=NavigationBar Container of Task = 221#23058)/@0x8f2e562
11-25 19:21:12.689 I/GST     (16995): forePkg: com.hyperxray.an, preForePkg: com.miui.securitycenter
11-25 19:21:12.689 I/ProcessMonitor(15069): onForegroundInfoChanged: ForegroundInfo{mForegroundPackageName='com.hyperxray.an', mForegroundUid=10568, mForegroundPid=25480, mForegroundDisplayId=0, mLastForegroundPackageName='com.miui.securitycenter', mLastForegroundUid=1000, mLastForegroundPid=13687, mLastForegroundDisplayId=0, mMultiWindowForegroundPackageName='com.hyperxray.an', mMultiWindowForegroundUid=10568, mFlags=0}
11-25 19:21:12.690 I/GameBoosterService(15069): onForegroundInfoChanged: Cur=com.hyperxray.an	 last=com.miui.securitycenter
11-25 19:21:12.690 D/BarFollowAnimation( 3443): pairAppearanceRegionAndWin win=Window{c6778da u0 com.hyperxray.an/com.hyperxray.an.activity.MainActivity} 0
11-25 19:21:12.690 D/BarFollowAnimation( 3443): isAppTaskBarOnTop win:Window{c6778da u0 com.hyperxray.an/com.hyperxray.an.activity.MainActivity} (mCurrentTopTask:Task{e9ef375 #221 type=standard I=com.hyperxray.an/.activity.MainActivity} : true); (mAssociatedTask:Task{e9ef375 #221 type=standard I=com.hyperxray.an/.activity.MainActivity} : true); (mHomeTask:Task{a12fcf8 #1 type=home} : false); mReparentToOriginParent:false mLastAppBarVisible:true mLastHomeBarVisible:false
11-25 19:21:12.690 D/GameBoosterService(15069): onGameStatusChange foreground:ForegroundInfo{mForegroundPackageName='com.hyperxray.an', mForegroundUid=10568, mForegroundPid=25480, mForegroundDisplayId=0, mLastForegroundPackageName='com.miui.securitycenter', mLastForegroundUid=1000, mLastForegroundPid=13687, mLastForegroundDisplayId=0, mMultiWindowForegroundPackageName='com.hyperxray.an', mMultiWindowForegroundUid=10568, mFlags=0}
11-25 19:21:12.690 I/BeautyService(15069): onForegroundInfoChanged: Cur=com.hyperxray.an	 last=com.miui.securitycenter
11-25 19:21:12.691 D/MiuiIntegratedMemorySwap( 3443): uid:10568, packageName: com.hyperxray.an
11-25 19:21:12.694 D/BarFollowAnimation( 3443): pairAppearanceRegionAndWin win=Window{c6778da u0 com.hyperxray.an/com.hyperxray.an.activity.MainActivity} 0
11-25 19:21:12.694 D/BarFollowAnimation( 3443): isAppTaskBarOnTop win:Window{c6778da u0 com.hyperxray.an/com.hyperxray.an.activity.MainActivity} (mCurrentTopTask:Task{e9ef375 #221 type=standard I=com.hyperxray.an/.activity.MainActivity} : true); (mAssociatedTask:Task{e9ef375 #221 type=standard I=com.hyperxray.an/.activity.MainActivity} : true); (mHomeTask:Task{a12fcf8 #1 type=home} : false); mReparentToOriginParent:false mLastAppBarVisible:true mLastHomeBarVisible:false
11-25 19:21:12.703 D/BarFollowAnimation( 3443): pairAppearanceRegionAndWin win=Window{c6778da u0 com.hyperxray.an/com.hyperxray.an.activity.MainActivity} 0
11-25 19:21:12.703 D/BarFollowAnimation( 3443): isAppTaskBarOnTop win:Window{c6778da u0 com.hyperxray.an/com.hyperxray.an.activity.MainActivity} (mCurrentTopTask:Task{e9ef375 #221 type=standard I=com.hyperxray.an/.activity.MainActivity} : true); (mAssociatedTask:Task{e9ef375 #221 type=standard I=com.hyperxray.an/.activity.MainActivity} : true); (mHomeTask:Task{a12fcf8 #1 type=home} : false); mReparentToOriginParent:false mLastAppBarVisible:true mLastHomeBarVisible:false
11-25 19:21:12.707 E/ActivityManagerWrapper( 5210):  mainTaskId=221   userId=0   windowMode=1   isExcludedFromRecents=false   baseIntent=Intent { act=android.intent.action.MAIN flag=270532608 cmp=ComponentInfo{com.hyperxray.an/com.hyperxray.an.activity.MainActivity} }
11-25 19:21:12.707 D/RecentsTaskLoader( 5210): reloadTasksData [TaskKey{id=221, stackId=0, baseIntent=Intent { act=android.intent.action.MAIN cat=[android.intent.category.LAUNCHER] flg=0x10200000 cmp=com.hyperxray.an/.activity.MainActivity }, userId=0, lastActiveTime=36876253, windowingMode=1, isThumbnailBlur=false, isAccessLocked=false, isScreening=false, topActivity=ComponentInfo{com.hyperxray.an/com.hyperxray.an.activity.MainActivity}, mHashCode=7507363}, title=HyperXray, titleDescription=HyperXray, bounds=null, isLaunchTarget=false, isStackTask=true, isSystemApp=false, isDockable=true, baseActivity=ComponentInfo{com.hyperxray.an/com.hyperxray.an.activity.MainActivity}, isLocked=false, mNeedHide=false, hasMultipleTasks=false, cti1Key=, cti2Key=] 
11-25 19:21:12.710 I/ImeTracker( 3443): com.hyperxray.an:26dd6e8: onRequestHide at ORIGIN_SERVER reason HIDE_SAME_WINDOW_FOCUSED_WITHOUT_EDITOR fromUser false
11-25 19:21:12.712 I/GoogleInputMethodService(11794): GoogleInputMethodService.onStartInput():1347 onStartInput(EditorInfo{EditorInfo{packageName=com.hyperxray.an, inputType=0, inputTypeString=NULL, enableLearning=false, autoCorrection=false, autoComplete=false, imeOptions=0, privateImeOptions=null, actionName=UNSPECIFIED, actionLabel=null, initialSelStart=-1, initialSelEnd=-1, initialCapsMode=0, label=null, fieldId=0, fieldName=null, extras=Bundle[mParcelledData.dataSize=72], hintText=null, hintLocales=[]}}, false)
11-25 19:21:12.712 I/ImeTracker(25480): com.hyperxray.an:26dd6e8: onCancelled at PHASE_CLIENT_ALREADY_HIDDEN
11-25 19:21:12.714 W/PackageConfigPersister( 3443): App-specific configuration not found for packageName: com.hyperxray.an and userId: 0
11-25 19:21:12.725 D/BarFollowAnimation( 3443): pairAppearanceRegionAndWin win=Window{c6778da u0 com.hyperxray.an/com.hyperxray.an.activity.MainActivity} 0
11-25 19:21:12.726 D/BarFollowAnimation( 3443): isAppTaskBarOnTop win:Window{c6778da u0 com.hyperxray.an/com.hyperxray.an.activity.MainActivity} (mCurrentTopTask:Task{15e7195 #222 type=standard A=1000:com.miui.securitycenter nonResizable} : false); (mAssociatedTask:Task{e9ef375 #221 type=standard I=com.hyperxray.an/.activity.MainActivity} : true); (mHomeTask:Task{a12fcf8 #1 type=home} : false); mReparentToOriginParent:false mLastAppBarVisible:true mLastHomeBarVisible:false
11-25 19:21:12.735 D/DynamicIslandTopActivityController( 5813): fullscreen: com.hyperxray.an
11-25 19:21:12.735 D/DynamicIslandController( 5813): onTopActivityChanged: ComponentInfo{com.hyperxray.an/com.hyperxray.an.activity.MainActivity}
11-25 19:21:12.735 D/DynamicIslandWindowViewController( 5813): onTopActivityChange: topActivity ComponentInfo{com.hyperxray.an/com.hyperxray.an.activity.MainActivity}, inSmallWindow false, isSupportPip false, isFocus true fullScreenPkg com.hyperxray.an
11-25 19:21:12.736 I/PackageManager( 3443): Update package com.hyperxray.an code path from /data/app/~~OJzqkiPDnLlHXzU2Jvlaqg==/com.hyperxray.an-mCNqtERagPps9TjPjqgK7w== to /data/app/vmdl845797857.tmp; Retain data and using new
11-25 19:21:12.742 E/ActivityManagerWrapper( 5210):  mainTaskId=221   userId=0   windowMode=1   isExcludedFromRecents=false   baseIntent=Intent { act=android.intent.action.MAIN flag=270532608 cmp=ComponentInfo{com.hyperxray.an/com.hyperxray.an.activity.MainActivity} }
11-25 19:21:12.743 D/RecentsTaskLoader( 5210): reloadTasksData [TaskKey{id=221, stackId=0, baseIntent=Intent { act=android.intent.action.MAIN cat=[android.intent.category.LAUNCHER] flg=0x10200000 cmp=com.hyperxray.an/.activity.MainActivity }, userId=0, lastActiveTime=36876253, windowingMode=1, isThumbnailBlur=false, isAccessLocked=false, isScreening=false, topActivity=ComponentInfo{com.hyperxray.an/com.hyperxray.an.activity.MainActivity}, mHashCode=7507363}, title=HyperXray, titleDescription=HyperXray, bounds=null, isLaunchTarget=false, isStackTask=true, isSystemApp=false, isDockable=true, baseActivity=ComponentInfo{com.hyperxray.an/com.hyperxray.an.activity.MainActivity}, isLocked=false, mNeedHide=false, hasMultipleTasks=false, cti1Key=, cti2Key=] 
11-25 19:21:12.765 I/AppsFilter( 3443): interaction: PackageSetting{f6d609f com.android.microdroid.empty_payload/10308} -> PackageSetting{3dcc3dc com.hyperxray.an/10568} BLOCKED
11-25 19:21:12.765 I/AppsFilter( 3443): interaction: PackageSetting{f6d609f com.android.microdroid.empty_payload/10308} -> PackageSetting{3dcc3dc com.hyperxray.an/10568} BLOCKED
11-25 19:21:12.765 I/AppsFilter( 3443): interaction: PackageSetting{f6d609f com.android.microdroid.empty_payload/10308} -> PackageSetting{8caf444 com.hyperxray.an/10568} BLOCKED
11-25 19:21:12.765 I/AppsFilter( 3443): interaction: PackageSetting{f6d609f com.android.microdroid.empty_payload/10308} -> PackageSetting{8caf444 com.hyperxray.an/10568} BLOCKED
11-25 19:21:12.795 I/BaselineProfile( 3443): com.hyperxray.an dexmetadataFile does not exist.
11-25 19:21:12.795 I/ActivityManager( 3443): Force stopping com.hyperxray.an appid=10568 user=-1: installPackageLI
11-25 19:21:12.796 D/ProfileTranscode( 3443): com.hyperxray.an read profile exception: java.io.FileNotFoundException: dexopt/baseline.prof
11-25 19:21:12.796 D/MiuiDamonService( 3443): report App died, packageName = com.hyperxray.an, pid = 25480
11-25 19:21:12.796 W/PackageFreezer( 3443): Freeze package com.hyperxray.an about 0.031 seconds for reason: installPackageLI
11-25 19:21:12.797 I/InstallationTiming( 3443): com.hyperxray.an|null|2745|80|112|415|0|1972|2
11-25 19:21:12.797 E/ActivityManagerWrapper( 5210):  mainTaskId=221   userId=0   windowMode=1   isExcludedFromRecents=false   baseIntent=Intent { act=android.intent.action.MAIN flag=270532608 cmp=ComponentInfo{com.hyperxray.an/com.hyperxray.an.activity.MainActivity} }
11-25 19:21:12.797 I/PackageManager( 3443): installation completed for package:com.hyperxray.an. Final code path: /data/app/~~hSj-UwDpfOsYJxgX9qWgEg==/com.hyperxray.an-2wMSRcZV1eZu7F0yfElvxg==
11-25 19:21:12.797 I/AppsFilter( 3443): interaction: PackageSetting{63b0b8a com.android.microdroid.empty_payload/10308} -> PackageSetting{72c7b79 com.hyperxray.an/10568} BLOCKED
11-25 19:21:12.797 D/RecentsTaskLoader( 5210): reloadTasksData [TaskKey{id=221, stackId=0, baseIntent=Intent { act=android.intent.action.MAIN cat=[android.intent.category.LAUNCHER] flg=0x10200000 cmp=com.hyperxray.an/.activity.MainActivity }, userId=0, lastActiveTime=36876253, windowingMode=1, isThumbnailBlur=false, isAccessLocked=false, isScreening=false, topActivity=ComponentInfo{com.hyperxray.an/com.hyperxray.an.activity.MainActivity}, mHashCode=7507363}, title=HyperXray, titleDescription=HyperXray, bounds=null, isLaunchTarget=false, isStackTask=true, isSystemApp=false, isDockable=true, baseActivity=ComponentInfo{com.hyperxray.an/com.hyperxray.an.activity.MainActivity}, isLocked=false, mNeedHide=false, hasMultipleTasks=false, cti1Key=, cti2Key=] 
11-25 19:21:12.800 D/ActivityManager( 3443): Force removing proc 8946:com.hyperxray.an:native/u0a568 (com.hyperxray.an:native/10568)
11-25 19:21:12.800 I/ActivityManager( 3443): Killing 8946:com.hyperxray.an:native/u0a568 (adj 200): stop com.hyperxray.an due to installPackageLI
11-25 19:21:12.801 I/ActivityManager( 3443): note: ProcessRecord{7030b5 8946:com.hyperxray.an:native/u0a568} is being killed, reason: PACKAGE UPDATED, sub-reason: UNKNOWN, message: stop com.hyperxray.an due to installPackageLI
11-25 19:21:12.803 I/ActivityManager( 3443): Cancel FGS notification userId: 0 definingUid: 10568 packageName: com.hyperxray.an processName:com.hyperxray.an:native ChannelId:socks5 foregroundNotiWhen:1764087652816 Notiflags:106
11-25 19:21:12.803 I/vendor.qti.hardware.servicetrackeraidl-service( 1798): destroyService is called for service : com.hyperxray.an/.service.TProxyService
11-25 19:21:12.803 I/ActivityManager( 3443): note: ProcessRecord{7030b5 8946:com.hyperxray.an:native/u0a568} died, saving the exit info
11-25 19:21:12.803 D/ActivityManager( 3443): Force removing proc 25480:com.hyperxray.an/u0a568 (com.hyperxray.an/10568)
11-25 19:21:12.803 I/ActivityManager( 3443): Update process exit info for com.hyperxray.an(8946/u10568)
11-25 19:21:12.804 I/ActivityManager( 3443): Killing 25480:com.hyperxray.an/u0a568 (adj 0): stop com.hyperxray.an due to installPackageLI
11-25 19:21:12.804 I/ActivityManager( 3443): note: ProcessRecord{46b9a08 25480:com.hyperxray.an/u0a568} is being killed, reason: PACKAGE UPDATED, sub-reason: UNKNOWN, message: stop com.hyperxray.an due to installPackageLI
11-25 19:21:12.804 D/MiSightJni(11971): MiSight: Java_com_miui_misight_MiSight_nativeSendEvent enter called. '{"ProcessName":"com.hyperxray.an","OomAdj":0,"PssOrRss":206349,"MemAvail":3824556,"Reason":"stop com.hyperxray.an due to installPackageLI","MemTotal":12}'
11-25 19:21:12.806 I/ActivityManager( 3443): note: ProcessRecord{46b9a08 25480:com.hyperxray.an/u0a568} died, saving the exit info
11-25 19:21:12.807 W/ActivityTaskManager( 3443): Force removing ActivityRecord{100470879 u0 com.hyperxray.an/.activity.MainActivity t221 f}}: app died, no saved state
11-25 19:21:12.807 I/ActivityManager( 3443): Update process exit info for com.hyperxray.an(25480/u10568)
11-25 19:21:12.807 I/ANDR-PWR-OPT( 1783): GAMEPOWEROPT: sendEvents() 231: Start hint for app com.hyperxray.an, hintID : 4243, hintID hex : 1093 value: 0
11-25 19:21:12.808 I/ANDR-PWR-OPT( 1783): PowerAppClassifier: getAppType() 59: checking app [com.hyperxray.an] is type 1
11-25 19:21:12.808 I/ANDR-PWR-OPT( 1783): GAMEPOWEROPT: isGame() 348: com.hyperxray.an is Game = 1
11-25 19:21:12.808 D/MiEvent (11971): flatten EventId 902003001 -t 1764087672 -paraList {"MemAvail":3824556,"MemTotal":12,"OomAdj":0,"ProcessName":"com.hyperxray.an","PssOrRss":206349,"Reason":"stop com.hyperxray.an due to installPackageLI"}
11-25 19:21:12.808 D/MiEvent (11971): report:EventId 902003001 -t 1764087672 -paraList {"MemAvail":3824556,"MemTotal":12,"OomAdj":0,"ProcessName":"com.hyperxray.an","PssOrRss":206349,"Reason":"stop com.hyperxray.an due to installPackageLI"} success
11-25 19:21:12.808 I/SoScStageCoordinator( 5813): Transition requested:TransitionRequestInfo { type = CLOSE, triggerTask = TaskInfo{userId=0 taskId=221 effectiveUid=10568 displayId=0 isRunning=false baseIntent=Intent { act=android.intent.action.MAIN cat=[android.intent.category.LAUNCHER] flg=0x10200000 cmp=com.hyperxray.an/.activity.MainActivity } baseActivity=null topActivity=null origActivity=null realActivity=ComponentInfo{com.hyperxray.an/com.hyperxray.an.activity.MainActivity} numActivities=0 lastActiveTime=36876253 supportsSplitScreenMultiWindow=true mSoScDisplayMode=-1 supportsMultiWindow=true resizeMode=1 isResizeable=true minWidth=-1 minHeight=-1 defaultMinSize=200 token=WCT{android.window.IWindowContainerToken$Stub$Proxy@dc84e8e} topActivityType=1 pictureInPictureParams=null shouldDockBigOverlays=false launchIntoPipHostTaskId=-1 lastParentTaskIdBeforePip=-1 displayCutoutSafeInsets=Rect(0, 0 - 0, 0) topActivityInfo=null launchCookies=[] positionInParent=Point(0, 0) parentTaskId=-1 isFocused=true isVisible=true isVisibleRequested=true isTopActivityNoDisplay=false isSleeping=false locusId=null displayAreaFeatureId=1 isTopActivityTransparent=false isActivityStackTransparent=true lastNonFullscreenBounds=Rect(310, 779 - 891, 1979) capturedLink=null capturedLinkTimestamp=0 requestedVisibleTypes=-9 topActivityRequestOpenInBrowserEducationTimestamp=0 appCompatTaskInfo=AppCompatTaskInfo { topActivityInSizeCompat=false eligibleForLetterboxEducation= false topActivityInMiuiSizeCompat=false isLetterboxEducationEnabled= false isLetterboxDoubleTapEnabled= false eligibleForUserAspectRatioButton= false topActivityBoundsLetterboxed= false isFromLetterboxDoubleTap= false topActivityLetterboxVerticalPosition= -1 topActivityLetterboxHorizontalPosition= -1 topActivityLetterboxWidth=-1 topActivityLetterboxHeight=-1 topActivityAppBounds=Rect(0, 0 - 0, 0) isUserFullscreenOverrideEnabled=false isSystemFullscreenOverrideEnabled=false hasMinAspectRatioOverride=false topActivityLetterboxBounds=null cameraCompatTaskInfo=CameraCompatTaskInfo { freeformCameraCompatMode=undefined}} isImmersive=false mTopActivityRequestOrientation=-2 mStatusBarParent=null mNavBarParent=null mBehindAppLockPkg=null mOriginatingUid=0 isEmbedded=false shouldBeVisible=false isCreatedByOrganizer=false mIsCastMode=false mTopActivityMediaSize=null mTopActivityRecordName=null mTopActivityOrientation=-2 topActivityMainWindowFrame=null}, pipChange = null, remoteTransition = null, displayChange = null, flags = 0, debugId = 1064 } isSoScActive:false triggerTask:TaskInfo{userId=0 taskId=221 effectiveUid=10568 displayId=0 isRunning=false baseIntent=Intent { act=android.intent.action.MAIN cat=[android.intent.category.LAUNCHER] flg=0x10200000 cmp=com.hyperxray.an/.activity.MainActivity } baseActivity=null topActivity=null origActivity=null realActivity=ComponentInfo{com.hyperxray.an/com.hyperxray.an.activity.MainActivity} numActivities=0 lastActiveTime=36876253 supportsSplitScreenMultiWindow=true mSoScDisplayMode=-1 supportsMultiWindow=true resizeMode=1 isResizeable=true minWidth=-1 minHeight=-1 defaultMinSize=200 token=WCT{android.window.IWindowContainerToken$Stub$Proxy@dc84e8e} topActivityType=1 pictureInPictureParams=null shouldDockBigOverlays=false launchIntoPipHostTaskId=-1 lastParentTaskIdBeforePip=-1 displayCutoutSafeInsets=Rect(0, 0 - 0, 0) topActivityInfo=null launchCookies=[] positionInParent=Point(0, 0) parentTaskId=-1 isFocused=true isVisible=true isVisibleRequested=true isTopActivityNoDisplay=false isSleeping=false locusId=null displayAreaFeatureId=1 isTopActivityTransparent=false isActivityStackTransparent=true lastNonFullscreenBounds=Rect(310, 779 - 891, 1979) capturedLink=null capturedLinkTimestamp=0 requestedVisibleTypes=-9 topActivityRequestOpenInBrowserEducationTimestamp=0 appCompatTaskInfo=AppCompatTaskInfo { topActivityInSizeCompat=false eligibleForLetterboxEducation= false topActivityInMiuiSizeCompat=false isLetterboxEducationEnabled= false isLetterboxDoubleTapEnabled= false eligibleForUserAspectRatioButton= false topActivityBoundsLetterboxed= false isFro
11-25 19:21:12.809 D/WindowManager( 3443): Collecting in transition 1064: Task{e9ef375 #221 type=standard I=com.hyperxray.an/.activity.MainActivity} init visibleRequested:true
11-25 19:21:12.809 D/WindowManager( 3443): Collecting in transition 1064: ActivityRecord{100470879 u0 com.hyperxray.an/.activity.MainActivity t221 f}} init visibleRequested:false
11-25 19:21:12.809 D/BarFollowAnimation( 3443): onTaskInfoChanedForCaptionBar Task{e9ef375 #221 type=standard I=com.hyperxray.an/.activity.MainActivity} shouldbeVisible:false isVisible:true windowMode:1 mCaptionAssociatedTask:null mIsTouchedInCaption:false
11-25 19:21:12.809 D/BarFollowAnimation( 3443): isAppTaskBarOnTop win:Window{c6778da u0 com.hyperxray.an/com.hyperxray.an.activity.MainActivity} (mCurrentTopTask:Task{15e7195 #222 type=standard A=1000:com.miui.securitycenter nonResizable} : false); (mAssociatedTask:Task{e9ef375 #221 type=standard I=com.hyperxray.an/.activity.MainActivity} : false); (mHomeTask:Task{a12fcf8 #1 type=home} : false); mReparentToOriginParent:false mLastAppBarVisible:true mLastHomeBarVisible:false
11-25 19:21:12.812 D/BarFollowAnimation( 3443): pairAppearanceRegionAndWin win=Window{c6778da u0 com.hyperxray.an/com.hyperxray.an.activity.MainActivity} 0
11-25 19:21:12.812 D/BarFollowAnimation( 3443): isAppTaskBarOnTop win:Window{c6778da u0 com.hyperxray.an/com.hyperxray.an.activity.MainActivity} (mCurrentTopTask:Task{15e7195 #222 type=standard A=1000:com.miui.securitycenter nonResizable} : false); (mAssociatedTask:Task{e9ef375 #221 type=standard I=com.hyperxray.an/.activity.MainActivity} : false); (mHomeTask:Task{a12fcf8 #1 type=home} : true); mReparentToOriginParent:false mLastAppBarVisible:true mLastHomeBarVisible:false
11-25 19:21:12.812 D/WindowManager( 3443):    ChangeInfo{17216ed container=ActivityRecord{100470879 u0 com.hyperxray.an/.activity.MainActivity t221 f} isExiting} flags=0x0}
11-25 19:21:12.812 D/WindowManager( 3443):    ChangeInfo{659b56e container=Task{e9ef375 #221 type=standard I=com.hyperxray.an/.activity.MainActivity} flags=0x0}
11-25 19:21:12.813 D/BarFollowAnimation( 3443): pairAppearanceRegionAndWin win=Window{c6778da u0 com.hyperxray.an/com.hyperxray.an.activity.MainActivity} 0
11-25 19:21:12.813 D/BarFollowAnimation( 3443): isAppTaskBarOnTop win:Window{c6778da u0 com.hyperxray.an/com.hyperxray.an.activity.MainActivity} (mCurrentTopTask:Task{15e7195 #222 type=standard A=1000:com.miui.securitycenter nonResizable} : false); (mAssociatedTask:Task{e9ef375 #221 type=standard I=com.hyperxray.an/.activity.MainActivity} : false); (mHomeTask:Task{a12fcf8 #1 type=home} : true); mReparentToOriginParent:false mLastAppBarVisible:true mLastHomeBarVisible:false
11-25 19:21:12.816 E/TransitionChain( 3443):    ChangeInfo{17216ed container=ActivityRecord{100470879 u0 com.hyperxray.an/.activity.MainActivity t221 f} isExiting} flags=0x0}
11-25 19:21:12.816 E/TransitionChain( 3443):    ChangeInfo{659b56e container=Task{e9ef375 #221 type=standard I=com.hyperxray.an/.activity.MainActivity} flags=0x0}
11-25 19:21:12.816 E/TransitionChain( 3443):    ChangeInfo{17216ed container=ActivityRecord{100470879 u0 com.hyperxray.an/.activity.MainActivity t221 f} isExiting} flags=0x0}
11-25 19:21:12.816 E/TransitionChain( 3443):    ChangeInfo{659b56e container=Task{e9ef375 #221 type=standard I=com.hyperxray.an/.activity.MainActivity} flags=0x0}
11-25 19:21:12.816 D/ActivityTaskManager( 3443):  setSkipCaptureLayers tr: Task{e9ef375 #221 type=standard I=com.hyperxray.an/.activity.MainActivity}
11-25 19:21:12.817 D/PerfEngineController(16435): ForegroundInfo{mForegroundPackageName='com.miui.home', mForegroundUid=10170, mForegroundPid=5210, mForegroundDisplayId=0, mLastForegroundPackageName='com.hyperxray.an', mLastForegroundUid=10568, mLastForegroundPid=25480, mLastForegroundDisplayId=0, mMultiWindowForegroundPackageName='com.miui.home', mMultiWindowForegroundUid=10170, mFlags=0}
11-25 19:21:12.817 I/GST     (16995): forePkg: com.miui.home, preForePkg: com.hyperxray.an
11-25 19:21:12.817 I/ProcessMonitor(15069): onForegroundInfoChanged: ForegroundInfo{mForegroundPackageName='com.miui.home', mForegroundUid=10170, mForegroundPid=5210, mForegroundDisplayId=0, mLastForegroundPackageName='com.hyperxray.an', mLastForegroundUid=10568, mLastForegroundPid=25480, mLastForegroundDisplayId=0, mMultiWindowForegroundPackageName='com.miui.home', mMultiWindowForegroundUid=10170, mFlags=0}
11-25 19:21:12.818 E/ActivityManagerWrapper( 5210):  mainTaskId=221   userId=0   windowMode=1   isExcludedFromRecents=false   baseIntent=Intent { act=android.intent.action.MAIN flag=270532608 cmp=ComponentInfo{com.hyperxray.an/com.hyperxray.an.activity.MainActivity} }
11-25 19:21:12.819 D/WindowManager( 3443):    ChangeInfo{17216ed container=ActivityRecord{100470879 u0 com.hyperxray.an/.activity.MainActivity t221 f} isExiting} flags=0x0}
11-25 19:21:12.819 D/WindowManager( 3443):    ChangeInfo{659b56e container=Task{e9ef375 #221 type=standard I=com.hyperxray.an/.activity.MainActivity} flags=0x0}
11-25 19:21:12.819 D/WindowManager( 3443):    ChangeInfo{17216ed container=ActivityRecord{100470879 u0 com.hyperxray.an/.activity.MainActivity t221 f} isExiting} flags=0x0}
11-25 19:21:12.819 D/WindowManager( 3443):    ChangeInfo{659b56e container=Task{e9ef375 #221 type=standard I=com.hyperxray.an/.activity.MainActivity} flags=0x0}
11-25 19:21:12.820 D/WallpaperWindowTokenImpl( 3443):    ChangeInfo{17216ed container=ActivityRecord{100470879 u0 com.hyperxray.an/.activity.MainActivity t221 f} isExiting} flags=0x0}
11-25 19:21:12.820 D/WallpaperWindowTokenImpl( 3443):    ChangeInfo{659b56e container=Task{e9ef375 #221 type=standard I=com.hyperxray.an/.activity.MainActivity} flags=0x0}
11-25 19:21:12.821 I/ActivityManager( 3443): Force stopping com.hyperxray.an appid=10568 user=0: pkg removed
11-25 19:21:12.821 D/RenderEngine( 2005): makePassBlurBetterDownShader layername:com.hyperxray.an/com.hyperxray.an.activity.MainActivity#23164
