11-25 14:45:46.225 D/ScrollScenario( 3443): ScrollState: scroll start on com.hyperxray.an
11-25 14:45:46.300 D/ScrollScenario( 3443): ScrollState: scroll end on com.hyperxray.an
11-25 14:45:46.300 D/ScrollScenario( 3443): ScrollState: fling start on com.hyperxray.an
11-25 14:45:46.301 I/DPSImpl ( 3443): boost for touch up failed because of timediff < 1, package:com.hyperxray.an
11-25 14:45:46.760 D/ScrollScenario( 3443): ScrollState: fling end on com.hyperxray.an
11-25 14:45:46.760 D/ScrollScenario( 3443): ScrollState: scroll start on com.hyperxray.an
11-25 14:45:46.827 D/ScrollScenario( 3443): ScrollState: scroll end on com.hyperxray.an
11-25 14:45:46.827 D/ScrollScenario( 3443): ScrollState: fling start on com.hyperxray.an
11-25 14:45:46.827 I/DPSImpl ( 3443): boost for touch up, package:com.hyperxray.an
11-25 14:45:47.109 D/ScrollScenario( 3443): ScrollState: fling end on com.hyperxray.an
11-25 14:45:47.109 D/ScrollScenario( 3443): ScrollState: scroll start on com.hyperxray.an
11-25 14:45:47.198 D/ScrollScenario( 3443): ScrollState: scroll end on com.hyperxray.an
11-25 14:45:47.198 D/ScrollScenario( 3443): ScrollState: fling start on com.hyperxray.an
11-25 14:45:47.198 I/DPSImpl ( 3443): boost for touch up failed because of timediff < 1, package:com.hyperxray.an
11-25 14:45:47.399 D/ScrollScenario( 3443): ScrollState: fling end on com.hyperxray.an
11-25 14:45:47.399 D/ScrollScenario( 3443): ScrollState: scroll start on com.hyperxray.an
11-25 14:45:47.466 D/ScrollScenario( 3443): ScrollState: scroll end on com.hyperxray.an
11-25 14:45:47.466 D/ScrollScenario( 3443): ScrollState: fling start on com.hyperxray.an
11-25 14:45:47.466 I/DPSImpl ( 3443): boost for touch up failed because of timediff < 1, package:com.hyperxray.an
11-25 14:45:47.926 D/ScrollScenario( 3443): ScrollState: fling end on com.hyperxray.an
11-25 14:45:47.926 D/ScrollScenario( 3443): ScrollState: scroll start on com.hyperxray.an
11-25 14:45:47.979 D/ScrollScenario( 3443): ScrollState: scroll end on com.hyperxray.an
11-25 14:45:47.979 D/ScrollScenario( 3443): ScrollState: fling start on com.hyperxray.an
11-25 14:45:47.979 I/DPSImpl ( 3443): boost for touch up, package:com.hyperxray.an
11-25 14:45:48.469 D/ScrollScenario( 3443): ScrollState: fling end on com.hyperxray.an
11-25 14:45:48.469 D/ScrollScenario( 3443): ScrollState: scroll start on com.hyperxray.an
11-25 14:45:48.536 D/ScrollScenario( 3443): ScrollState: scroll end on com.hyperxray.an
11-25 14:45:48.536 D/ScrollScenario( 3443): ScrollState: fling start on com.hyperxray.an
11-25 14:45:48.536 I/DPSImpl ( 3443): boost for touch up failed because of timediff < 1, package:com.hyperxray.an
11-25 14:45:49.048 D/ScrollScenario( 3443): ScrollState: fling end on com.hyperxray.an
11-25 14:45:49.048 D/ScrollScenario( 3443): ScrollState: scroll start on com.hyperxray.an
11-25 14:45:49.122 D/ScrollScenario( 3443): ScrollState: scroll end on com.hyperxray.an
11-25 14:45:49.122 D/ScrollScenario( 3443): ScrollState: fling start on com.hyperxray.an
11-25 14:45:49.122 I/DPSImpl ( 3443): boost for touch up, package:com.hyperxray.an
11-25 14:45:49.723 I/DPSImpl ( 3443): boost for touch up failed because of timediff < 1, package:com.hyperxray.an
11-25 14:45:50.184 D/ScrollScenario( 3443): ScrollState: fling end on com.hyperxray.an
11-25 14:45:50.184 D/ScrollScenario( 3443): ScrollState: scroll start on com.hyperxray.an
11-25 14:45:50.289 D/ScrollScenario( 3443): ScrollState: scroll end on com.hyperxray.an
11-25 14:45:50.289 D/ScrollScenario( 3443): ScrollState: fling start on com.hyperxray.an
11-25 14:45:50.289 I/DPSImpl ( 3443): boost for touch up, package:com.hyperxray.an
11-25 14:45:50.697 D/ScrollScenario( 3443): ScrollState: fling end on com.hyperxray.an
11-25 14:45:50.697 D/ScrollScenario( 3443): ScrollState: scroll start on com.hyperxray.an
11-25 14:45:50.764 D/ScrollScenario( 3443): ScrollState: scroll end on com.hyperxray.an
11-25 14:45:50.764 D/ScrollScenario( 3443): ScrollState: fling start on com.hyperxray.an
11-25 14:45:50.764 I/DPSImpl ( 3443): boost for touch up failed because of timediff < 1, package:com.hyperxray.an
11-25 14:45:51.189 D/ScrollScenario( 3443): ScrollState: fling end on com.hyperxray.an
11-25 14:45:51.189 D/ScrollScenario( 3443): ScrollState: scroll start on com.hyperxray.an
11-25 14:45:52.167 D/ScrollScenario( 3443): ScrollState: scroll end on com.hyperxray.an
11-25 14:45:52.167 D/ScrollScenario( 3443): ScrollState: fling start on com.hyperxray.an
11-25 14:45:52.168 I/DPSImpl ( 3443): boost for touch up, package:com.hyperxray.an
11-25 14:45:52.791 D/ScrollScenario( 3443): ScrollState: fling end on com.hyperxray.an
11-25 14:45:52.791 D/ScrollScenario( 3443): ScrollState: scroll start on com.hyperxray.an
11-25 14:45:55.473 D/ScrollScenario( 3443): ScrollState: scroll end on com.hyperxray.an
11-25 14:45:55.474 I/DPSImpl ( 3443): boost for touch up, package:com.hyperxray.an
11-25 14:45:55.688 D/ScrollScenario( 3443): ScrollState: scroll start on com.hyperxray.an
11-25 14:45:56.210 I/DPSImpl ( 3443): boost for touch up failed because of timediff < 1, package:com.hyperxray.an
11-25 14:45:56.210 D/ScrollScenario( 3443): ScrollState: scroll end on com.hyperxray.an
11-25 14:45:57.585 D/BarFollowAnimation( 3443): pairAppearanceRegionAndWin win=Window{e5d5b48 u0 com.hyperxray.an/com.hyperxray.an.activity.MainActivity} 0
11-25 14:45:57.585 D/BarFollowAnimation( 3443): isAppTaskBarOnTop win:Window{e5d5b48 u0 com.hyperxray.an/com.hyperxray.an.activity.MainActivity} (mCurrentTopTask:Task{ddb3152 #121 type=standard I=com.hyperxray.an/.activity.MainActivity} : true); (mAssociatedTask:Task{ddb3152 #121 type=standard I=com.hyperxray.an/.activity.MainActivity} : true); (mHomeTask:Task{a12fcf8 #1 type=home} : false); mReparentToOriginParent:false mLastAppBarVisible:true mLastHomeBarVisible:false
11-25 14:46:41.704 D/ScrollScenario( 3443): ScrollState: scroll start on com.hyperxray.an
11-25 14:46:41.713 D/BarFollowAnimation( 3443): pairAppearanceRegionAndWin win=Window{e5d5b48 u0 com.hyperxray.an/com.hyperxray.an.activity.MainActivity} 0
11-25 14:46:41.714 D/BarFollowAnimation( 3443): isAppTaskBarOnTop win:Window{e5d5b48 u0 com.hyperxray.an/com.hyperxray.an.activity.MainActivity} (mCurrentTopTask:Task{ddb3152 #121 type=standard I=com.hyperxray.an/.activity.MainActivity} : true); (mAssociatedTask:Task{ddb3152 #121 type=standard I=com.hyperxray.an/.activity.MainActivity} : true); (mHomeTask:Task{a12fcf8 #1 type=home} : false); mReparentToOriginParent:false mLastAppBarVisible:true mLastHomeBarVisible:false
11-25 14:46:41.789 D/ScrollScenario( 3443): ScrollState: scroll end on com.hyperxray.an
11-25 14:46:41.789 D/ScrollScenario( 3443): ScrollState: fling start on com.hyperxray.an
11-25 14:46:41.789 I/DPSImpl ( 3443): boost for touch up, package:com.hyperxray.an
11-25 14:46:42.298 I/DPSImpl ( 3443): boost for touch up failed because of timediff < 1, package:com.hyperxray.an
11-25 14:46:42.301 D/WindowManager( 3443): Collecting in transition 592: Task{ddb3152 #121 type=standard I=com.hyperxray.an/.activity.MainActivity} init visibleRequested:true
11-25 14:46:42.303 D/WindowManager( 3443):    ChangeInfo{296fef6 container=Task{ddb3152 #121 type=standard I=com.hyperxray.an/.activity.MainActivity} flags=0x4}
11-25 14:46:42.304 D/WindowManager( 3443):    ChangeInfo{296fef6 container=Task{ddb3152 #121 type=standard I=com.hyperxray.an/.activity.MainActivity} flags=0x4}
11-25 14:46:42.304 D/BarFollowAnimation( 3443): pairAppearanceRegionAndWin win=Window{e5d5b48 u0 com.hyperxray.an/com.hyperxray.an.activity.MainActivity} 0
11-25 14:46:42.304 D/BarFollowAnimation( 3443): isAppTaskBarOnTop win:Window{e5d5b48 u0 com.hyperxray.an/com.hyperxray.an.activity.MainActivity} (mCurrentTopTask:Task{ddb3152 #121 type=standard I=com.hyperxray.an/.activity.MainActivity} : true); (mAssociatedTask:Task{ddb3152 #121 type=standard I=com.hyperxray.an/.activity.MainActivity} : true); (mHomeTask:Task{a12fcf8 #1 type=home} : false); mReparentToOriginParent:false mLastAppBarVisible:true mLastHomeBarVisible:false
11-25 14:46:42.304 D/WindowManager( 3443):    ChangeInfo{296fef6 container=Task{ddb3152 #121 type=standard I=com.hyperxray.an/.activity.MainActivity} flags=0x4}
11-25 14:46:42.307 D/BarFollowAnimation( 3443): pairAppearanceRegionAndWin win=Window{e5d5b48 u0 com.hyperxray.an/com.hyperxray.an.activity.MainActivity} 0
11-25 14:46:42.307 D/BarFollowAnimation( 3443): isAppTaskBarOnTop win:Window{e5d5b48 u0 com.hyperxray.an/com.hyperxray.an.activity.MainActivity} (mCurrentTopTask:Task{ddb3152 #121 type=standard I=com.hyperxray.an/.activity.MainActivity} : true); (mAssociatedTask:Task{ddb3152 #121 type=standard I=com.hyperxray.an/.activity.MainActivity} : true); (mHomeTask:Task{a12fcf8 #1 type=home} : false); mReparentToOriginParent:false mLastAppBarVisible:true mLastHomeBarVisible:false
11-25 14:46:42.309 D/BarFollowAnimation( 3443): pairAppearanceRegionAndWin win=Window{e5d5b48 u0 com.hyperxray.an/com.hyperxray.an.activity.MainActivity} 0
11-25 14:46:42.309 D/BarFollowAnimation( 3443): isAppTaskBarOnTop win:Window{e5d5b48 u0 com.hyperxray.an/com.hyperxray.an.activity.MainActivity} (mCurrentTopTask:Task{ddb3152 #121 type=standard I=com.hyperxray.an/.activity.MainActivity} : true); (mAssociatedTask:Task{ddb3152 #121 type=standard I=com.hyperxray.an/.activity.MainActivity} : true); (mHomeTask:Task{a12fcf8 #1 type=home} : false); mReparentToOriginParent:false mLastAppBarVisible:true mLastHomeBarVisible:false
11-25 14:46:42.315 D/BarFollowAnimation( 3443): pairAppearanceRegionAndWin win=Window{e5d5b48 u0 com.hyperxray.an/com.hyperxray.an.activity.MainActivity} 0
11-25 14:46:42.315 D/BarFollowAnimation( 3443): isAppTaskBarOnTop win:Window{e5d5b48 u0 com.hyperxray.an/com.hyperxray.an.activity.MainActivity} (mCurrentTopTask:Task{ddb3152 #121 type=standard I=com.hyperxray.an/.activity.MainActivity} : true); (mAssociatedTask:Task{ddb3152 #121 type=standard I=com.hyperxray.an/.activity.MainActivity} : true); (mHomeTask:Task{a12fcf8 #1 type=home} : false); mReparentToOriginParent:false mLastAppBarVisible:true mLastHomeBarVisible:false
11-25 14:46:42.317 D/BarFollowAnimation( 3443): pairAppearanceRegionAndWin win=Window{e5d5b48 u0 com.hyperxray.an/com.hyperxray.an.activity.MainActivity} 0
11-25 14:46:42.317 D/BarFollowAnimation( 3443): isAppTaskBarOnTop win:Window{e5d5b48 u0 com.hyperxray.an/com.hyperxray.an.activity.MainActivity} (mCurrentTopTask:Task{ddb3152 #121 type=standard I=com.hyperxray.an/.activity.MainActivity} : true); (mAssociatedTask:Task{ddb3152 #121 type=standard I=com.hyperxray.an/.activity.MainActivity} : true); (mHomeTask:Task{a12fcf8 #1 type=home} : false); mReparentToOriginParent:false mLastAppBarVisible:true mLastHomeBarVisible:false
11-25 14:46:42.318 D/WindowManager( 3443): Final targets: [ChangeInfo{1f6301b container=Task{a12fcf8 #1 type=home} flags=0x30}, ChangeInfo{296fef6 container=Task{ddb3152 #121 type=standard I=com.hyperxray.an/.activity.MainActivity} flags=0x4}, ChangeInfo{e446a2a container=WallpaperWindowToken{70a0d53 showWhenLocked=true} flags=0x0}]
11-25 14:46:42.318 I/DynamicIslandService( 3443): elementSurfaceTransition is null for:com.hyperxray.an
11-25 14:46:42.318 D/WindowManager( 3443): Calling onTransitionReady info={id=592 t=TO_FRONT f=0x80 trk=0 r=[0@Point(0, 0)] c=[{WCT{RemoteToken{9e9386d Task{a12fcf8 #1 type=home}}} m=TO_FRONT f=SHOW_WALLPAPER|MOVE_TO_TOP leash=Surface(name=Task=1#51)/@0xcb9955 sb=Rect(0, 0 - 1200, 2670) eb=Rect(0, 0 - 1200, 2670) epz=Point(1200, 2670) d=0 taskParent=-1 v=trueMiuiChangeImpl {miuiEmbedding:false, scale:1.0}},{WCT{RemoteToken{3a7805a Task{ddb3152 #121 type=standard I=com.hyperxray.an/.activity.MainActivity}}} m=TO_BACK f=NONE leash=Surface(name=Task=121#12972)/@0xa7a61dd sb=Rect(0, 0 - 1200, 2670) eb=Rect(0, 0 - 1200, 2670) epz=Point(1200, 2670) d=0 taskParent=-1 v=trueMiuiChangeImpl {miuiEmbedding:false, scale:1.0}},{m=TO_FRONT f=IS_WALLPAPER leash=Surface(name=WallpaperWindowToken{70a0d53 showWhenLocked=false}#70)/@0x892690 sb=Rect(0, 0 - 1200, 2670) eb=Rect(0, 0 - 1200, 2670) epz=Point(1200, 2670) d=0 v=trueMiuiChangeImpl {miuiEmbedding:false, scale:1.0}}] mk=[false] noAni=[false] df=[false] rsa=[false] oa=[false] nc=[0] ho=[true] hla=[false] iSync=[-1]}, mToken=Token{7ba7b83 TransitionRecord{73462ff id=592 type=TO_FRONT flags=0x80 c=[
11-25 14:46:42.318 D/WindowManager( 3443):    ChangeInfo{296fef6 container=Task{ddb3152 #121 type=standard I=com.hyperxray.an/.activity.MainActivity} flags=0x4}
11-25 14:46:42.319 D/BarFollowAnimation( 3443): disableBarAnimation change={WCT{RemoteToken{3a7805a Task{ddb3152 #121 type=standard I=com.hyperxray.an/.activity.MainActivity}}} m=TO_BACK f=NONE leash=Surface(name=Task=121#12972)/@0xa7a61dd sb=Rect(0, 0 - 1200, 2670) eb=Rect(0, 0 - 1200, 2670) epz=Point(1200, 2670) d=0 taskParent=-1 v=trueMiuiChangeImpl {miuiEmbedding:false, scale:1.0}} 1 1
11-25 14:46:42.320 D/BarFollowAnimation( 3443): startStatusBarAnimation change= {WCT{RemoteToken{3a7805a Task{ddb3152 #121 type=standard I=com.hyperxray.an/.activity.MainActivity}}} m=TO_BACK f=NONE leash=Surface(name=Task=121#12972)/@0xa7a61dd sb=Rect(0, 0 - 1200, 2670) eb=Rect(0, 0 - 1200, 2670) epz=Point(1200, 2670) d=0 taskParent=-1 v=trueMiuiChangeImpl {miuiEmbedding:false, scale:1.0}} isRecent=true startWindowMode=1 endWindowMode=1 statusState=-1 isRotationAnimation=false
11-25 14:46:42.321 D/BarFollowAnimation( 3443): pairAppearanceRegionAndWin win=Window{e5d5b48 u0 com.hyperxray.an/com.hyperxray.an.activity.MainActivity} 0
11-25 14:46:42.321 D/BarFollowAnimation( 3443): isAppTaskBarOnTop win:Window{e5d5b48 u0 com.hyperxray.an/com.hyperxray.an.activity.MainActivity} (mCurrentTopTask:Task{ddb3152 #121 type=standard I=com.hyperxray.an/.activity.MainActivity} : true); (mAssociatedTask:Task{ddb3152 #121 type=standard I=com.hyperxray.an/.activity.MainActivity} : true); (mHomeTask:Task{a12fcf8 #1 type=home} : true); mReparentToOriginParent:false mLastAppBarVisible:false mLastHomeBarVisible:true
11-25 14:46:42.323 D/MiuiDecorationController( 5813): relayout::taskId=121, visible=true, bounds=Rect(0, 0 - 1200, 2670), focused=true, oldImmersive=false, newImmersive=false, windowMode=1, activityType=1, displayId=0, baseActivity=ComponentInfo{com.hyperxray.an/com.hyperxray.an.activity.MainActivity}, topActivity=ComponentInfo{com.hyperxray.an/com.hyperxray.an.activity.MainActivity}, callers=com.android.wm.shell.multitasking.miuimultiwinswitch.miuiwindowdecor.MulWinSwitchDecorViewModel.onTaskChanging:110 com.android.wm.shell.freeform.FreeformTaskTransitionObserver.onTransitionReady:187 com.android.wm.shell.transition.Transitions.dispatchReady:237 com.android.wm.shell.transition.Transitions.onTransitionReady:246 com.android.wm.shell.transition.Transitions$TransitionPlayerImpl$$ExternalSyntheticLambda1.run:42 
11-25 14:46:42.327 D/BarFollowAnimation( 3443): pairAppearanceRegionAndWin win=Window{e5d5b48 u0 com.hyperxray.an/com.hyperxray.an.activity.MainActivity} 0
11-25 14:46:42.327 D/BarFollowAnimation( 3443): isAppTaskBarOnTop win:Window{e5d5b48 u0 com.hyperxray.an/com.hyperxray.an.activity.MainActivity} (mCurrentTopTask:Task{ddb3152 #121 type=standard I=com.hyperxray.an/.activity.MainActivity} : true); (mAssociatedTask:Task{ddb3152 #121 type=standard I=com.hyperxray.an/.activity.MainActivity} : true); (mHomeTask:Task{a12fcf8 #1 type=home} : true); mReparentToOriginParent:false mLastAppBarVisible:false mLastHomeBarVisible:true
11-25 14:46:42.330 D/BarFollowAnimation( 3443): pairAppearanceRegionAndWin win=Window{e5d5b48 u0 com.hyperxray.an/com.hyperxray.an.activity.MainActivity} 0
11-25 14:46:42.330 D/BarFollowAnimation( 3443): isAppTaskBarOnTop win:Window{e5d5b48 u0 com.hyperxray.an/com.hyperxray.an.activity.MainActivity} (mCurrentTopTask:Task{ddb3152 #121 type=standard I=com.hyperxray.an/.activity.MainActivity} : true); (mAssociatedTask:Task{ddb3152 #121 type=standard I=com.hyperxray.an/.activity.MainActivity} : true); (mHomeTask:Task{a12fcf8 #1 type=home} : true); mReparentToOriginParent:false mLastAppBarVisible:false mLastHomeBarVisible:true
11-25 14:46:42.331 D/BarFollowAnimation( 3443): pairAppearanceRegionAndWin win=Window{e5d5b48 u0 com.hyperxray.an/com.hyperxray.an.activity.MainActivity} 0
11-25 14:46:42.331 D/BarFollowAnimation( 3443): isAppTaskBarOnTop win:Window{e5d5b48 u0 com.hyperxray.an/com.hyperxray.an.activity.MainActivity} (mCurrentTopTask:Task{ddb3152 #121 type=standard I=com.hyperxray.an/.activity.MainActivity} : true); (mAssociatedTask:Task{ddb3152 #121 type=standard I=com.hyperxray.an/.activity.MainActivity} : true); (mHomeTask:Task{a12fcf8 #1 type=home} : true); mReparentToOriginParent:false mLastAppBarVisible:false mLastHomeBarVisible:true
11-25 14:46:42.332 I/ActivityTaskManager( 3443): moveTaskToFront: Task{ddb3152 #121 type=standard I=com.hyperxray.an/.activity.MainActivity} caller trace:com.android.server.wm.TaskDisplayArea.onTaskMoved:461 com.android.server.wm.Task.updateTaskMovement:1756 com.android.server.wm.TaskDisplayArea.positionChildTaskAt:425 com.android.server.wm.TaskDisplayArea.positionChildAt:386 com.android.server.wm.WindowOrganizerController.sanitizeAndApplyHierarchyOpForTask:2359 com.android.server.wm.WindowOrganizerController.applyHierarchyOp:1456 com.android.server.wm.WindowOrganizerController.applyTransaction:889 com.android.server.wm.WindowOrganizerController.finishTransition:603 android.window.IWindowOrganizerController$Stub.onTransact:296 com.android.server.wm.WindowOrganizerController.onTransact:265 
11-25 14:46:42.333 D/AurogonImmobulusMode( 3443): launch app processName = com.hyperxray.an uid = 10568
11-25 14:46:42.333 D/BarFollowAnimation( 3443): pairAppearanceRegionAndWin win=Window{e5d5b48 u0 com.hyperxray.an/com.hyperxray.an.activity.MainActivity} 0
11-25 14:46:42.333 D/BarFollowAnimation( 3443): isAppTaskBarOnTop win:Window{e5d5b48 u0 com.hyperxray.an/com.hyperxray.an.activity.MainActivity} (mCurrentTopTask:Task{ddb3152 #121 type=standard I=com.hyperxray.an/.activity.MainActivity} : true); (mAssociatedTask:Task{ddb3152 #121 type=standard I=com.hyperxray.an/.activity.MainActivity} : true); (mHomeTask:Task{a12fcf8 #1 type=home} : true); mReparentToOriginParent:false mLastAppBarVisible:false mLastHomeBarVisible:true
11-25 14:46:42.335 I/TransitionImpl( 3443): finishTransition: updateLastSurfacePosition tf=Task{ddb3152 #121 type=standard I=com.hyperxray.an/.activity.MainActivity}
11-25 14:46:42.336 D/BarFollowAnimation( 3443): pairAppearanceRegionAndWin win=Window{e5d5b48 u0 com.hyperxray.an/com.hyperxray.an.activity.MainActivity} 0
11-25 14:46:42.336 D/BarFollowAnimation( 3443): isAppTaskBarOnTop win:Window{e5d5b48 u0 com.hyperxray.an/com.hyperxray.an.activity.MainActivity} (mCurrentTopTask:Task{ddb3152 #121 type=standard I=com.hyperxray.an/.activity.MainActivity} : true); (mAssociatedTask:Task{ddb3152 #121 type=standard I=com.hyperxray.an/.activity.MainActivity} : true); (mHomeTask:Task{a12fcf8 #1 type=home} : false); mReparentToOriginParent:false mLastAppBarVisible:false mLastHomeBarVisible:true
11-25 14:46:42.340 D/ActivityTaskManager( 3443):  setSkipCaptureLayers tr: Task{ddb3152 #121 type=standard I=com.hyperxray.an/.activity.MainActivity}
11-25 14:46:42.340 D/BarFollowAnimation( 3443): pairAppearanceRegionAndWin win=Window{e5d5b48 u0 com.hyperxray.an/com.hyperxray.an.activity.MainActivity} 0
11-25 14:46:42.340 D/BarFollowAnimation( 3443): isAppTaskBarOnTop win:Window{e5d5b48 u0 com.hyperxray.an/com.hyperxray.an.activity.MainActivity} (mCurrentTopTask:Task{ddb3152 #121 type=standard I=com.hyperxray.an/.activity.MainActivity} : true); (mAssociatedTask:Task{ddb3152 #121 type=standard I=com.hyperxray.an/.activity.MainActivity} : true); (mHomeTask:Task{a12fcf8 #1 type=home} : false); mReparentToOriginParent:false mLastAppBarVisible:false mLastHomeBarVisible:true
11-25 14:46:42.341 D/BarFollowAnimation( 3443): checkBarStatus mReparentToOriginParent:false hasTopFullAppTask:true mHomeTask:Task{a12fcf8 #1 type=home} mCurrentTopTask: Task{ddb3152 #121 type=standard I=com.hyperxray.an/.activity.MainActivity} mAssociatedTask: Task{ddb3152 #121 type=standard I=com.hyperxray.an/.activity.MainActivity} homeTaskonTop:false mLastAppBarVisible:false mLastHomeBarVisible:true isInSplitScreen:false
11-25 14:46:42.341 D/BarFollowAnimation( 3443):  showAppNavBar  packageName = com.hyperxray.an mHasHideAppSurface = false mIsKeyguardGoingAway = false mNavBarState = -1
11-25 14:46:42.341 D/BarFollowAnimation( 3443): calculateAppSurface: task=Task{ddb3152 #121 type=standard I=com.hyperxray.an/.activity.MainActivity} appSurface=Surface(name=NavigationBar Container of Task = 121#12973)/@0x6c72c23
11-25 14:46:42.341 D/BarFollowAnimation( 3443): pairAppearanceRegionAndWin win=Window{e5d5b48 u0 com.hyperxray.an/com.hyperxray.an.activity.MainActivity} 0
11-25 14:46:42.342 D/BarFollowAnimation( 3443): isAppTaskBarOnTop win:Window{e5d5b48 u0 com.hyperxray.an/com.hyperxray.an.activity.MainActivity} (mCurrentTopTask:Task{ddb3152 #121 type=standard I=com.hyperxray.an/.activity.MainActivity} : true); (mAssociatedTask:Task{ddb3152 #121 type=standard I=com.hyperxray.an/.activity.MainActivity} : true); (mHomeTask:Task{a12fcf8 #1 type=home} : false); mReparentToOriginParent:false mLastAppBarVisible:true mLastHomeBarVisible:false
11-25 14:46:42.345 D/BarFollowAnimation( 3443): pairAppearanceRegionAndWin win=Window{e5d5b48 u0 com.hyperxray.an/com.hyperxray.an.activity.MainActivity} 0
11-25 14:46:42.345 D/BarFollowAnimation( 3443): isAppTaskBarOnTop win:Window{e5d5b48 u0 com.hyperxray.an/com.hyperxray.an.activity.MainActivity} (mCurrentTopTask:Task{ddb3152 #121 type=standard I=com.hyperxray.an/.activity.MainActivity} : true); (mAssociatedTask:Task{ddb3152 #121 type=standard I=com.hyperxray.an/.activity.MainActivity} : true); (mHomeTask:Task{a12fcf8 #1 type=home} : false); mReparentToOriginParent:false mLastAppBarVisible:true mLastHomeBarVisible:false
11-25 14:46:42.346 D/BarFollowAnimation( 3443): pairAppearanceRegionAndWin win=Window{e5d5b48 u0 com.hyperxray.an/com.hyperxray.an.activity.MainActivity} 0
11-25 14:46:42.346 D/BarFollowAnimation( 3443): isAppTaskBarOnTop win:Window{e5d5b48 u0 com.hyperxray.an/com.hyperxray.an.activity.MainActivity} (mCurrentTopTask:Task{ddb3152 #121 type=standard I=com.hyperxray.an/.activity.MainActivity} : true); (mAssociatedTask:Task{ddb3152 #121 type=standard I=com.hyperxray.an/.activity.MainActivity} : true); (mHomeTask:Task{a12fcf8 #1 type=home} : false); mReparentToOriginParent:false mLastAppBarVisible:true mLastHomeBarVisible:false
11-25 14:46:42.347 I/SmartPower( 3443): Miui monitor launch : com.miui.home/.launcher.Launcher  transitionTime:18  launchTime:46  launchFrom:com.hyperxray.an  launchType:6
11-25 14:46:42.351 D/BarFollowAnimation( 3443): pairAppearanceRegionAndWin win=Window{e5d5b48 u0 com.hyperxray.an/com.hyperxray.an.activity.MainActivity} 0
11-25 14:46:42.351 D/BarFollowAnimation( 3443): isAppTaskBarOnTop win:Window{e5d5b48 u0 com.hyperxray.an/com.hyperxray.an.activity.MainActivity} (mCurrentTopTask:Task{ddb3152 #121 type=standard I=com.hyperxray.an/.activity.MainActivity} : true); (mAssociatedTask:Task{ddb3152 #121 type=standard I=com.hyperxray.an/.activity.MainActivity} : true); (mHomeTask:Task{a12fcf8 #1 type=home} : false); mReparentToOriginParent:false mLastAppBarVisible:true mLastHomeBarVisible:false
11-25 14:46:42.355 D/BarFollowAnimation( 3443): pairAppearanceRegionAndWin win=Window{e5d5b48 u0 com.hyperxray.an/com.hyperxray.an.activity.MainActivity} 0
11-25 14:46:42.355 D/BarFollowAnimation( 3443): isAppTaskBarOnTop win:Window{e5d5b48 u0 com.hyperxray.an/com.hyperxray.an.activity.MainActivity} (mCurrentTopTask:Task{ddb3152 #121 type=standard I=com.hyperxray.an/.activity.MainActivity} : true); (mAssociatedTask:Task{ddb3152 #121 type=standard I=com.hyperxray.an/.activity.MainActivity} : true); (mHomeTask:Task{a12fcf8 #1 type=home} : false); mReparentToOriginParent:false mLastAppBarVisible:true mLastHomeBarVisible:false
11-25 14:46:42.361 D/MiuiIntegratedMemorySwap( 3443): uid:10568, packageName: com.hyperxray.an
11-25 14:46:42.381 D/BarFollowAnimation( 3443): pairAppearanceRegionAndWin win=Window{e5d5b48 u0 com.hyperxray.an/com.hyperxray.an.activity.MainActivity} 0
11-25 14:46:42.381 D/BarFollowAnimation( 3443): isAppTaskBarOnTop win:Window{e5d5b48 u0 com.hyperxray.an/com.hyperxray.an.activity.MainActivity} (mCurrentTopTask:Task{ddb3152 #121 type=standard I=com.hyperxray.an/.activity.MainActivity} : true); (mAssociatedTask:Task{ddb3152 #121 type=standard I=com.hyperxray.an/.activity.MainActivity} : true); (mHomeTask:Task{a12fcf8 #1 type=home} : false); mReparentToOriginParent:false mLastAppBarVisible:true mLastHomeBarVisible:false
11-25 14:46:42.400 I/DPSImpl ( 3443): boost for touch up failed because of timediff < 1, package:com.hyperxray.an
11-25 14:46:42.403 D/VibratorManagerService( 3443): Check AppOp mode VIBRATE for uid 10568 and package com.hyperxray.an returned audio=allow, op=allow
11-25 14:46:42.404 D/VibratorManagerService( 3443): Start AppOp mode VIBRATE for uid 10568 and package com.hyperxray.an returned allow
11-25 14:46:42.416 D/CoreBackPreview( 3443): Window{e5d5b48 u0 com.hyperxray.an/com.hyperxray.an.activity.MainActivity}: Setting back callback OnBackInvokedCallbackInfo{mCallback=android.window.IOnBackInvokedCallback$Stub$Proxy@fbf85cb, mPriority=-1, mIsAnimationCallback=false, mOverrideBehavior=0}
11-25 14:46:42.463 D/VibratorManagerService( 3443): Finish AppOp mode VIBRATE for uid 10568 and package com.hyperxray.an
11-25 14:46:42.701 D/BarFollowAnimation( 3443): pairAppearanceRegionAndWin win=Window{e5d5b48 u0 com.hyperxray.an/com.hyperxray.an.activity.MainActivity} 0
11-25 14:46:42.701 D/BarFollowAnimation( 3443): isAppTaskBarOnTop win:Window{e5d5b48 u0 com.hyperxray.an/com.hyperxray.an.activity.MainActivity} (mCurrentTopTask:Task{ddb3152 #121 type=standard I=com.hyperxray.an/.activity.MainActivity} : true); (mAssociatedTask:Task{ddb3152 #121 type=standard I=com.hyperxray.an/.activity.MainActivity} : true); (mHomeTask:Task{a12fcf8 #1 type=home} : false); mReparentToOriginParent:false mLastAppBarVisible:true mLastHomeBarVisible:false
11-25 14:46:42.957 I/DPSImpl ( 3443): boost for touch up, package:com.hyperxray.an
11-25 14:46:42.965 D/ActivityManager( 3443): Logging startService for com.hyperxray.an, stopped=false, firstLaunch=false, intent=Intent { act=com.hyperxray.an.CONNECT xflg=0x4 cmp=com.hyperxray.an/.service.TProxyService }, r.app=ProcessRecord{17ad6dc 16085:com.hyperxray.an:native/u0a568}
11-25 14:46:42.968 I/ActivityManager( 3443): Background started FGS: Allowed [callingPackage: com.hyperxray.an; callingUid: 10568; uidState: TOP ; uidBFSL: [BFSL]; intent: Intent { act=com.hyperxray.an.CONNECT xflg=0x4 cmp=com.hyperxray.an/.service.TProxyService }; code:PROC_STATE_TOP; tempAllowListReason:<null>; allowWiu:12; targetSdkVersion:35; callerTargetSdkVersion:35; startForegroundCount:0; bindFromPackage:null: isBindService:false]
11-25 14:46:43.020 D/ActivityManager( 3443): Logging bindService for com.hyperxray.an, stopped=false, firstLaunch=false
11-25 14:46:43.050 D/BroadcastQueue( 3443): Logging broadcast for com.hyperxray.an, stopped=false, firstLaunch=false
11-25 14:46:43.081 D/BroadcastQueue( 3443): Logging broadcast for com.hyperxray.an, stopped=false, firstLaunch=false
11-25 14:46:43.081 D/BroadcastQueue( 3443): Logging broadcast for com.hyperxray.an, stopped=false, firstLaunch=false
11-25 14:46:43.110 D/BroadcastQueue( 3443): Logging broadcast for com.hyperxray.an, stopped=false, firstLaunch=false
11-25 14:46:43.161 D/ActivityManager( 3443): Logging startService for com.hyperxray.an, stopped=false, firstLaunch=false, intent=Intent { act=com.hyperxray.an.CONNECT xflg=0x4 cmp=com.hyperxray.an/.service.TProxyService }, r.app=ProcessRecord{17ad6dc 16085:com.hyperxray.an:native/u0a568}
11-25 14:46:43.170 I/ActivityManager( 3443): Background started FGS: Allowed [callingPackage: android; callingUid: 10568; uidState: TOP ; uidBFSL: [BFSL]; intent: Intent { act=android.net.VpnService xflg=0x4 cmp=com.hyperxray.an/.service.TProxyService }; code:PROC_STATE_TOP; tempAllowListReason:<null>; allowWiu:12; targetSdkVersion:35; callerTargetSdkVersion:36; startForegroundCount:1; bindFromPackage:null: isBindService:true]
11-25 14:46:43.830 D/BroadcastQueue( 3443): Logging broadcast for com.hyperxray.an, stopped=false, firstLaunch=false
11-25 14:46:43.832 D/BroadcastQueue( 3443): Logging broadcast for com.hyperxray.an, stopped=false, firstLaunch=false
11-25 14:46:43.844 D/BroadcastQueue( 3443): Logging broadcast for com.hyperxray.an, stopped=false, firstLaunch=false
11-25 14:46:43.849 D/BroadcastQueue( 3443): Logging broadcast for com.hyperxray.an, stopped=false, firstLaunch=false
11-25 14:46:44.560 D/ActivityManager( 3443): Logging startService for com.hyperxray.an, stopped=false, firstLaunch=false, intent=Intent { act=com.hyperxray.an.CONNECT xflg=0x4 cmp=com.hyperxray.an/.service.TProxyService }, r.app=ProcessRecord{17ad6dc 16085:com.hyperxray.an:native/u0a568}
11-25 14:46:44.790 D/ScrollScenario( 3443): ScrollState: fling end on com.hyperxray.an
11-25 14:46:45.352 D/BarFollowAnimation( 3443): pairAppearanceRegionAndWin win=Window{e5d5b48 u0 com.hyperxray.an/com.hyperxray.an.activity.MainActivity} 0
11-25 14:46:45.352 D/BarFollowAnimation( 3443): isAppTaskBarOnTop win:Window{e5d5b48 u0 com.hyperxray.an/com.hyperxray.an.activity.MainActivity} (mCurrentTopTask:Task{ddb3152 #121 type=standard I=com.hyperxray.an/.activity.MainActivity} : true); (mAssociatedTask:Task{ddb3152 #121 type=standard I=com.hyperxray.an/.activity.MainActivity} : true); (mHomeTask:Task{a12fcf8 #1 type=home} : false); mReparentToOriginParent:false mLastAppBarVisible:true mLastHomeBarVisible:false
11-25 14:46:45.498 D/BroadcastQueue( 3443): Logging broadcast for com.hyperxray.an, stopped=false, firstLaunch=false
11-25 14:46:45.499 D/BroadcastQueue( 3443): Logging broadcast for com.hyperxray.an, stopped=false, firstLaunch=false
11-25 14:46:45.569 D/BroadcastQueue( 3443): Logging broadcast for com.hyperxray.an, stopped=false, firstLaunch=false
11-25 14:46:45.702 D/ActivityManager( 3443): Logging startService for com.hyperxray.an, stopped=false, firstLaunch=false, intent=Intent { act=com.hyperxray.an.DISCONNECT xflg=0x4 cmp=com.hyperxray.an/.service.TProxyService }, r.app=ProcessRecord{17ad6dc 16085:com.hyperxray.an:native/u0a568}
11-25 14:46:46.277 D/BroadcastQueue( 3443): Logging broadcast for com.hyperxray.an, stopped=false, firstLaunch=false
11-25 14:46:47.179 D/BroadcastQueue( 3443): Logging broadcast for com.hyperxray.an, stopped=false, firstLaunch=false
11-25 14:46:47.180 D/BroadcastQueue( 3443): Logging broadcast for com.hyperxray.an, stopped=false, firstLaunch=false
11-25 14:46:47.618 I/ActivityManager( 3443): Cancel FGS notification userId: 0 definingUid: 10568 packageName: com.hyperxray.an processName:com.hyperxray.an:native ChannelId:socks5 foregroundNotiWhen:1764071204563 Notiflags:74
11-25 14:46:47.642 D/BroadcastQueue( 3443): Logging broadcast for com.hyperxray.an, stopped=false, firstLaunch=false
11-25 14:46:47.645 D/BroadcastQueue( 3443): Logging broadcast for com.hyperxray.an, stopped=false, firstLaunch=false
11-25 14:46:47.648 D/BroadcastQueue( 3443): Logging broadcast for com.hyperxray.an, stopped=false, firstLaunch=false
11-25 14:46:47.650 D/BroadcastQueue( 3443): Logging broadcast for com.hyperxray.an, stopped=false, firstLaunch=false
11-25 14:46:55.415 D/PolicyMaker( 3443): uid =10568 pkg=com.hyperxray.an reason=VISIBLE_APP
11-25 14:47:32.933 D/DnsCacheManager(30853):  Metrics updated: entries=554, activeEntries=100, hits=898, misses=478, hitRate=65%
11-25 14:47:33.182 D/DnsCacheManager(16085):  Active entries: 100 (total cache: 557, showing top 100)
11-25 14:47:33.182 D/DnsCacheManager(16085):  Metrics updated: entries=557, activeEntries=100, hits=1112, misses=585, hitRate=65%
11-25 14:47:33.434 D/DnsCacheManager(30853):  Active entries: 100 (total cache: 554, showing top 100)
11-25 14:47:33.434 D/DnsCacheManager(30853):  Metrics updated: entries=554, activeEntries=100, hits=898, misses=478, hitRate=65%
11-25 14:47:33.683 D/DnsCacheManager(16085):  Active entries: 100 (total cache: 557, showing top 100)
11-25 14:47:33.684 D/DnsCacheManager(16085):  Metrics updated: entries=557, activeEntries=100, hits=1112, misses=585, hitRate=65%
11-25 14:47:33.935 D/DnsCacheManager(30853):  Active entries: 100 (total cache: 554, showing top 100)
11-25 14:47:33.936 D/DnsCacheManager(30853):  Metrics updated: entries=554, activeEntries=100, hits=898, misses=478, hitRate=65%
11-25 14:47:34.185 D/DnsCacheManager(16085):  Active entries: 100 (total cache: 557, showing top 100)
11-25 14:47:34.185 D/DnsCacheManager(16085):  Metrics updated: entries=557, activeEntries=100, hits=1112, misses=585, hitRate=65%
11-25 14:47:34.436 D/DnsCacheManager(30853):  Active entries: 100 (total cache: 554, showing top 100)
11-25 14:47:34.437 D/DnsCacheManager(30853):  Metrics updated: entries=554, activeEntries=100, hits=898, misses=478, hitRate=65%
11-25 14:47:34.657 D/DnsCacheManager(30853): DnsCacheManager already initialized, ensuring metrics job is running...
11-25 14:47:34.658 D/DnsCacheManager(30853):  Metrics job is already running (isActive=true)
11-25 14:47:34.658 I/MainViewModelDashboardAdapter(30853):  DNS cache stats StateFlow connected: entries=554, hits=898, misses=478, hitRate=65%
11-25 14:47:34.658 D/DnsCacheManager(30853):  Metrics job is already running (isActive=true)
11-25 14:47:34.686 D/DnsCacheManager(16085):  Active entries: 100 (total cache: 557, showing top 100)
11-25 14:47:34.687 D/DnsCacheManager(16085):  Metrics updated: entries=557, activeEntries=100, hits=1112, misses=585, hitRate=65%
11-25 14:47:34.687 D/DnsCacheManager(16085):  Metrics update #310: entries=557, hits=1112, misses=585, hitRate=65%
11-25 14:47:34.938 D/DnsCacheManager(30853):  Active entries: 100 (total cache: 554, showing top 100)
11-25 14:47:34.938 D/DnsCacheManager(30853):  Metrics updated: entries=554, activeEntries=100, hits=898, misses=478, hitRate=65%
11-25 14:47:35.188 D/DnsCacheManager(16085):  Active entries: 100 (total cache: 557, showing top 100)
11-25 14:47:35.188 D/DnsCacheManager(16085):  Metrics updated: entries=557, activeEntries=100, hits=1112, misses=585, hitRate=65%
11-25 14:47:35.439 D/DnsCacheManager(30853):  Active entries: 100 (total cache: 554, showing top 100)
11-25 14:47:35.439 D/DnsCacheManager(30853):  Metrics updated: entries=554, activeEntries=100, hits=898, misses=478, hitRate=65%
11-25 14:47:35.689 D/DnsCacheManager(16085):  Active entries: 100 (total cache: 557, showing top 100)
11-25 14:47:35.690 D/DnsCacheManager(16085):  Metrics updated: entries=557, activeEntries=100, hits=1112, misses=585, hitRate=65%
11-25 14:47:35.940 D/DnsCacheManager(30853):  Active entries: 100 (total cache: 554, showing top 100)
11-25 14:47:35.940 D/DnsCacheManager(30853):  Metrics updated: entries=554, activeEntries=100, hits=898, misses=478, hitRate=65%
11-25 14:47:36.191 D/DnsCacheManager(16085):  Active entries: 100 (total cache: 557, showing top 100)
11-25 14:47:36.191 D/DnsCacheManager(16085):  Metrics updated: entries=557, activeEntries=100, hits=1112, misses=585, hitRate=65%
11-25 14:47:36.441 D/DnsCacheManager(30853):  Active entries: 100 (total cache: 554, showing top 100)
11-25 14:47:36.441 D/DnsCacheManager(30853):  Metrics updated: entries=554, activeEntries=100, hits=898, misses=478, hitRate=65%
11-25 14:47:36.658 D/DnsCacheManager(30853): DnsCacheManager already initialized, ensuring metrics job is running...
11-25 14:47:36.658 D/DnsCacheManager(30853):  Metrics job is already running (isActive=true)
11-25 14:47:36.658 I/MainViewModelDashboardAdapter(30853):  DNS cache stats StateFlow connected: entries=554, hits=898, misses=478, hitRate=65%
11-25 14:47:36.658 D/DnsCacheManager(30853):  Metrics job is already running (isActive=true)
11-25 14:47:36.692 D/DnsCacheManager(16085):  Active entries: 100 (total cache: 557, showing top 100)
11-25 14:47:36.692 D/DnsCacheManager(16085):  Metrics updated: entries=557, activeEntries=100, hits=1112, misses=585, hitRate=65%
11-25 14:47:36.942 D/DnsCacheManager(30853):  Active entries: 100 (total cache: 554, showing top 100)
11-25 14:47:36.942 D/DnsCacheManager(30853):  Metrics updated: entries=554, activeEntries=100, hits=898, misses=478, hitRate=65%
11-25 14:47:37.193 D/DnsCacheManager(16085):  Active entries: 100 (total cache: 557, showing top 100)
11-25 14:47:37.193 D/DnsCacheManager(16085):  Metrics updated: entries=557, activeEntries=100, hits=1112, misses=585, hitRate=65%
11-25 14:47:37.443 D/DnsCacheManager(30853):  Active entries: 100 (total cache: 554, showing top 100)
11-25 14:47:37.444 D/DnsCacheManager(30853):  Metrics updated: entries=554, activeEntries=100, hits=898, misses=478, hitRate=65%
11-25 14:47:37.444 D/DnsCacheManager(30853):  Metrics update #320: entries=554, hits=898, misses=478, hitRate=65%
11-25 14:47:37.695 D/DnsCacheManager(16085):  Active entries: 100 (total cache: 557, showing top 100)
11-25 14:47:37.696 D/DnsCacheManager(16085):  Metrics updated: entries=557, activeEntries=100, hits=1112, misses=585, hitRate=65%
11-25 14:47:37.945 D/DnsCacheManager(30853):  Active entries: 100 (total cache: 554, showing top 100)
11-25 14:47:37.945 D/DnsCacheManager(30853):  Metrics updated: entries=554, activeEntries=100, hits=898, misses=478, hitRate=65%
11-25 14:47:38.197 D/DnsCacheManager(16085):  Active entries: 100 (total cache: 557, showing top 100)
11-25 14:47:38.197 D/DnsCacheManager(16085):  Metrics updated: entries=557, activeEntries=100, hits=1112, misses=585, hitRate=65%
11-25 14:47:38.446 D/DnsCacheManager(30853):  Active entries: 100 (total cache: 554, showing top 100)
11-25 14:47:38.446 D/DnsCacheManager(30853):  Metrics updated: entries=554, activeEntries=100, hits=898, misses=478, hitRate=65%
11-25 14:47:38.659 D/DnsCacheManager(30853): DnsCacheManager already initialized, ensuring metrics job is running...
11-25 14:47:38.659 D/DnsCacheManager(30853):  Metrics job is already running (isActive=true)
11-25 14:47:38.659 I/MainViewModelDashboardAdapter(30853):  DNS cache stats StateFlow connected: entries=554, hits=898, misses=478, hitRate=65%
11-25 14:47:38.659 D/DnsCacheManager(30853):  Metrics job is already running (isActive=true)
11-25 14:47:38.699 D/DnsCacheManager(16085):  Active entries: 100 (total cache: 557, showing top 100)
11-25 14:47:38.699 D/DnsCacheManager(16085):  Metrics updated: entries=557, activeEntries=100, hits=1112, misses=585, hitRate=65%
11-25 14:47:38.947 D/DnsCacheManager(30853):  Active entries: 100 (total cache: 554, showing top 100)
11-25 14:47:38.947 D/DnsCacheManager(30853):  Metrics updated: entries=554, activeEntries=100, hits=898, misses=478, hitRate=65%
11-25 14:47:39.200 D/DnsCacheManager(16085):  Active entries: 100 (total cache: 557, showing top 100)
11-25 14:47:39.201 D/DnsCacheManager(16085):  Metrics updated: entries=557, activeEntries=100, hits=1112, misses=585, hitRate=65%
11-25 14:47:39.448 D/DnsCacheManager(30853):  Active entries: 100 (total cache: 554, showing top 100)
11-25 14:47:39.449 D/DnsCacheManager(30853):  Metrics updated: entries=554, activeEntries=100, hits=898, misses=478, hitRate=65%
11-25 14:47:39.702 D/DnsCacheManager(16085):  Active entries: 100 (total cache: 557, showing top 100)
11-25 14:47:39.702 D/DnsCacheManager(16085):  Metrics updated: entries=557, activeEntries=100, hits=1112, misses=585, hitRate=65%
11-25 14:47:39.702 D/DnsCacheManager(16085):  Metrics update #320: entries=557, hits=1112, misses=585, hitRate=65%
11-25 14:47:39.950 D/DnsCacheManager(30853):  Active entries: 100 (total cache: 554, showing top 100)
11-25 14:47:39.950 D/DnsCacheManager(30853):  Metrics updated: entries=554, activeEntries=100, hits=898, misses=478, hitRate=65%
11-25 14:47:40.203 D/DnsCacheManager(16085):  Active entries: 100 (total cache: 557, showing top 100)
11-25 14:47:40.204 D/DnsCacheManager(16085):  Metrics updated: entries=557, activeEntries=100, hits=1112, misses=585, hitRate=65%
11-25 14:47:40.451 D/DnsCacheManager(30853):  Active entries: 100 (total cache: 554, showing top 100)
11-25 14:47:40.451 D/DnsCacheManager(30853):  Metrics updated: entries=554, activeEntries=100, hits=898, misses=478, hitRate=65%
11-25 14:47:40.659 D/DnsCacheManager(30853): DnsCacheManager already initialized, ensuring metrics job is running...
11-25 14:47:40.659 D/DnsCacheManager(30853):  Metrics job is already running (isActive=true)
11-25 14:47:40.659 I/MainViewModelDashboardAdapter(30853):  DNS cache stats StateFlow connected: entries=554, hits=898, misses=478, hitRate=65%
11-25 14:47:40.659 D/DnsCacheManager(30853):  Metrics job is already running (isActive=true)
11-25 14:47:40.705 D/DnsCacheManager(16085):  Active entries: 100 (total cache: 557, showing top 100)
11-25 14:47:40.707 D/DnsCacheManager(16085):  Metrics updated: entries=557, activeEntries=100, hits=1112, misses=585, hitRate=65%
11-25 14:47:40.953 D/DnsCacheManager(30853):  Active entries: 100 (total cache: 554, showing top 100)
11-25 14:47:40.953 D/DnsCacheManager(30853):  Metrics updated: entries=554, activeEntries=100, hits=898, misses=478, hitRate=65%
11-25 14:47:41.208 D/DnsCacheManager(16085):  Active entries: 100 (total cache: 557, showing top 100)
11-25 14:47:41.208 D/DnsCacheManager(16085):  Metrics updated: entries=557, activeEntries=100, hits=1112, misses=585, hitRate=65%
11-25 14:47:41.454 D/DnsCacheManager(30853):  Active entries: 100 (total cache: 554, showing top 100)
11-25 14:47:41.454 D/DnsCacheManager(30853):  Metrics updated: entries=554, activeEntries=100, hits=898, misses=478, hitRate=65%
11-25 14:47:41.710 D/DnsCacheManager(16085):  Active entries: 100 (total cache: 557, showing top 100)
11-25 14:47:41.710 D/DnsCacheManager(16085):  Metrics updated: entries=557, activeEntries=100, hits=1112, misses=585, hitRate=65%
11-25 14:47:41.956 D/DnsCacheManager(30853):  Active entries: 100 (total cache: 554, showing top 100)
11-25 14:47:41.956 D/DnsCacheManager(30853):  Metrics updated: entries=554, activeEntries=100, hits=898, misses=478, hitRate=65%
11-25 14:47:42.211 D/DnsCacheManager(16085):  Active entries: 100 (total cache: 557, showing top 100)
11-25 14:47:42.212 D/DnsCacheManager(16085):  Metrics updated: entries=557, activeEntries=100, hits=1112, misses=585, hitRate=65%
11-25 14:47:42.457 D/DnsCacheManager(30853):  Active entries: 100 (total cache: 554, showing top 100)
11-25 14:47:42.457 D/DnsCacheManager(30853):  Metrics updated: entries=554, activeEntries=100, hits=898, misses=478, hitRate=65%
11-25 14:47:42.457 D/DnsCacheManager(30853):  Metrics update #330: entries=554, hits=898, misses=478, hitRate=65%
11-25 14:47:42.660 D/DnsCacheManager(30853): DnsCacheManager already initialized, ensuring metrics job is running...
11-25 14:47:42.660 D/DnsCacheManager(30853):  Metrics job is already running (isActive=true)
11-25 14:47:42.660 I/MainViewModelDashboardAdapter(30853):  DNS cache stats StateFlow connected: entries=554, hits=898, misses=478, hitRate=65%
11-25 14:47:42.660 D/DnsCacheManager(30853):  Metrics job is already running (isActive=true)
11-25 14:47:42.713 D/DnsCacheManager(16085):  Active entries: 100 (total cache: 557, showing top 100)
11-25 14:47:42.714 D/DnsCacheManager(16085):  Metrics updated: entries=557, activeEntries=100, hits=1112, misses=585, hitRate=65%
11-25 14:47:42.958 D/DnsCacheManager(30853):  Active entries: 100 (total cache: 554, showing top 100)
11-25 14:47:42.958 D/DnsCacheManager(30853):  Metrics updated: entries=554, activeEntries=100, hits=898, misses=478, hitRate=65%
11-25 14:47:43.215 D/DnsCacheManager(16085):  Active entries: 100 (total cache: 557, showing top 100)
11-25 14:47:43.216 D/DnsCacheManager(16085):  Metrics updated: entries=557, activeEntries=100, hits=1112, misses=585, hitRate=65%
11-25 14:47:43.459 D/DnsCacheManager(30853):  Active entries: 100 (total cache: 554, showing top 100)
11-25 14:47:43.460 D/DnsCacheManager(30853):  Metrics updated: entries=554, activeEntries=100, hits=898, misses=478, hitRate=65%
11-25 14:47:43.717 D/DnsCacheManager(16085):  Active entries: 100 (total cache: 557, showing top 100)
11-25 14:47:43.718 D/DnsCacheManager(16085):  Metrics updated: entries=557, activeEntries=100, hits=1112, misses=585, hitRate=65%
11-25 14:47:43.960 D/DnsCacheManager(30853):  Active entries: 100 (total cache: 554, showing top 100)
11-25 14:47:43.961 D/DnsCacheManager(30853):  Metrics updated: entries=554, activeEntries=100, hits=898, misses=478, hitRate=65%
11-25 14:47:44.219 D/DnsCacheManager(16085):  Active entries: 100 (total cache: 557, showing top 100)
11-25 14:47:44.220 D/DnsCacheManager(16085):  Metrics updated: entries=557, activeEntries=100, hits=1112, misses=585, hitRate=65%
11-25 14:47:44.462 D/DnsCacheManager(30853):  Active entries: 100 (total cache: 554, showing top 100)
11-25 14:47:44.462 D/DnsCacheManager(30853):  Metrics updated: entries=554, activeEntries=100, hits=898, misses=478, hitRate=65%
11-25 14:47:44.660 D/DnsCacheManager(30853): DnsCacheManager already initialized, ensuring metrics job is running...
11-25 14:47:44.661 D/DnsCacheManager(30853):  Metrics job is already running (isActive=true)
11-25 14:47:44.661 D/DnsCacheManager(30853):  Metrics job is already running (isActive=true)
11-25 14:47:44.661 I/MainViewModelDashboardAdapter(30853):  DNS cache stats StateFlow connected: entries=554, hits=898, misses=478, hitRate=65%
11-25 14:47:44.721 D/DnsCacheManager(16085):  Active entries: 100 (total cache: 557, showing top 100)
11-25 14:47:44.721 D/DnsCacheManager(16085):  Metrics updated: entries=557, activeEntries=100, hits=1112, misses=585, hitRate=65%
11-25 14:47:44.721 D/DnsCacheManager(16085):  Metrics update #330: entries=557, hits=1112, misses=585, hitRate=65%
11-25 14:47:44.963 D/DnsCacheManager(30853):  Active entries: 100 (total cache: 554, showing top 100)
11-25 14:47:44.963 D/DnsCacheManager(30853):  Metrics updated: entries=554, activeEntries=100, hits=898, misses=478, hitRate=65%
11-25 14:47:45.222 D/DnsCacheManager(16085):  Active entries: 100 (total cache: 557, showing top 100)
11-25 14:47:45.223 D/DnsCacheManager(16085):  Metrics updated: entries=557, activeEntries=100, hits=1112, misses=585, hitRate=65%
11-25 14:47:45.464 D/DnsCacheManager(30853):  Active entries: 100 (total cache: 554, showing top 100)
11-25 14:47:45.464 D/DnsCacheManager(30853):  Metrics updated: entries=554, activeEntries=100, hits=898, misses=478, hitRate=65%
11-25 14:47:45.725 D/DnsCacheManager(16085):  Active entries: 100 (total cache: 557, showing top 100)
11-25 14:47:45.725 D/DnsCacheManager(16085):  Metrics updated: entries=557, activeEntries=100, hits=1112, misses=585, hitRate=65%
11-25 14:47:45.965 D/DnsCacheManager(30853):  Active entries: 100 (total cache: 554, showing top 100)
11-25 14:47:45.965 D/DnsCacheManager(30853):  Metrics updated: entries=554, activeEntries=100, hits=898, misses=478, hitRate=65%
11-25 14:47:46.226 D/DnsCacheManager(16085):  Active entries: 100 (total cache: 557, showing top 100)
11-25 14:47:46.226 D/DnsCacheManager(16085):  Metrics updated: entries=557, activeEntries=100, hits=1112, misses=585, hitRate=65%
11-25 14:47:46.466 D/DnsCacheManager(30853):  Active entries: 100 (total cache: 554, showing top 100)
11-25 14:47:46.466 D/DnsCacheManager(30853):  Metrics updated: entries=554, activeEntries=100, hits=898, misses=478, hitRate=65%
11-25 14:47:46.661 D/DnsCacheManager(30853): DnsCacheManager already initialized, ensuring metrics job is running...
11-25 14:47:46.661 D/DnsCacheManager(30853):  Metrics job is already running (isActive=true)
11-25 14:47:46.661 I/MainViewModelDashboardAdapter(30853):  DNS cache stats StateFlow connected: entries=554, hits=898, misses=478, hitRate=65%
11-25 14:47:46.661 D/DnsCacheManager(30853):  Metrics job is already running (isActive=true)
11-25 14:47:46.728 D/DnsCacheManager(16085):  Active entries: 100 (total cache: 557, showing top 100)
11-25 14:47:46.728 D/DnsCacheManager(16085):  Metrics updated: entries=557, activeEntries=100, hits=1112, misses=585, hitRate=65%
11-25 14:47:46.967 D/DnsCacheManager(30853):  Active entries: 100 (total cache: 554, showing top 100)
11-25 14:47:46.968 D/DnsCacheManager(30853):  Metrics updated: entries=554, activeEntries=100, hits=898, misses=478, hitRate=65%
11-25 14:47:47.230 D/DnsCacheManager(16085):  Active entries: 100 (total cache: 557, showing top 100)
11-25 14:47:47.230 D/DnsCacheManager(16085):  Metrics updated: entries=557, activeEntries=100, hits=1112, misses=585, hitRate=65%
11-25 14:47:47.468 D/DnsCacheManager(30853):  Active entries: 100 (total cache: 554, showing top 100)
11-25 14:47:47.469 D/DnsCacheManager(30853):  Metrics updated: entries=554, activeEntries=100, hits=898, misses=478, hitRate=65%
11-25 14:47:47.469 D/DnsCacheManager(30853):  Metrics update #340: entries=554, hits=898, misses=478, hitRate=65%
11-25 14:47:47.732 D/DnsCacheManager(16085):  Active entries: 100 (total cache: 557, showing top 100)
11-25 14:47:47.732 D/DnsCacheManager(16085):  Metrics updated: entries=557, activeEntries=100, hits=1112, misses=585, hitRate=65%
11-25 14:47:47.969 D/DnsCacheManager(30853):  Active entries: 100 (total cache: 554, showing top 100)
11-25 14:47:47.970 D/DnsCacheManager(30853):  Metrics updated: entries=554, activeEntries=100, hits=898, misses=478, hitRate=65%
11-25 14:47:48.233 D/DnsCacheManager(16085):  Active entries: 100 (total cache: 557, showing top 100)
11-25 14:47:48.233 D/DnsCacheManager(16085):  Metrics updated: entries=557, activeEntries=100, hits=1112, misses=585, hitRate=65%
11-25 14:47:48.471 D/DnsCacheManager(30853):  Active entries: 100 (total cache: 554, showing top 100)
11-25 14:47:48.472 D/DnsCacheManager(30853):  Metrics updated: entries=554, activeEntries=100, hits=898, misses=478, hitRate=65%
11-25 14:47:48.662 D/DnsCacheManager(30853): DnsCacheManager already initialized, ensuring metrics job is running...
