11-25 19:21:16.071 D/MiuiFreeformModeController( 5813): onFocusTaskChanged taskInfo: TaskInfo{userId=0 taskId=223 effectiveUid=10568 displayId=0 isRunning=true baseIntent=Intent { act=android.intent.action.MAIN cat=[android.intent.category.LAUNCHER] flg=0x10200000 cmp=com.hyperxray.an/.activity.MainActivity } baseActivity=ComponentInfo{com.hyperxray.an/com.hyperxray.an.activity.MainActivity} topActivity=ComponentInfo{com.hyperxray.an/com.hyperxray.an.activity.MainActivity} origActivity=null realActivity=ComponentInfo{com.hyperxray.an/com.hyperxray.an.activity.MainActivity} numActivities=1 lastActiveTime=36879617 supportsSplitScreenMultiWindow=true mSoScDisplayMode=-1 supportsMultiWindow=true resizeMode=1 isResizeable=true minWidth=-1 minHeight=-1 defaultMinSize=200 token=WCT{android.window.IWindowContainerToken$Stub$Proxy@27d231d} topActivityType=1 pictureInPictureParams=null shouldDockBigOverlays=false launchIntoPipHostTaskId=-1 lastParentTaskIdBeforePip=-1 displayCutoutSafeInsets=Rect(0, 0 - 0, 0) topActivityInfo=ActivityInfo{568f992 com.hyperxray.an.activity.MainActivity} launchCookies=[] positionInParent=Point(0, 0) parentTaskId=-1 isFocused=true isVisible=true isVisibleRequested=true isTopActivityNoDisplay=false isSleeping=false locusId=null displayAreaFeatureId=1 isTopActivityTransparent=false isActivityStackTransparent=false lastNonFullscreenBounds=Rect(310, 779 - 891, 1979) capturedLink=null capturedLinkTimestamp=0 requestedVisibleTypes=-9 topActivityRequestOpenInBrowserEducationTimestamp=0 appCompatTaskInfo=AppCompatTaskInfo { topActivityInSizeCompat=false eligibleForLetterboxEducation= false topActivityInMiuiSizeCompat=false isLetterboxEducationEnabled= false isLetterboxDoubleTapEnabled= false eligibleForUserAspectRatioButton= false topActivityBoundsLetterboxed= false isFromLetterboxDoubleTap= false topActivityLetterboxVerticalPosition= -1 topActivityLetterboxHorizontalPosition= -1 topActivityLetterboxWidth=-1 topActivityLetterboxHeight=-1 topActivityAppBounds=Rect(0, 0 - 1200, 2670) isUserFullscreenOverrideEnabled=false isSystemFullscreenOverrideEnabled=false hasMinAspectRatioOverride=false topActivityLetterboxBounds=null cameraCompatTaskInfo=CameraCompatTaskInfo { freeformCameraCompatMode=inactive}} isImmersive=false mTopActivityRequestOrientation=-1 mStatusBarParent=Surface(name=StatusBar Container of Task = 223#23209)/@0xca7d748 mNavBarParent=Surface(name=NavigationBar Container of Task = 223#23207)/@0x7c4b306 mBehindAppLockPkg=null mOriginatingUid=0 isEmbedded=false shouldBeVisible=true isCreatedByOrganizer=false mIsCastMode=false mTopActivityMediaSize=null mTopActivityRecordName=ActivityRecord{97865886 u0 com.hyperxray.an/.activity.MainActivity t223} mTopActivityOrientation=-1 topActivityMainWindowFrame=null}
11-25 19:21:16.076 D/WindowManager( 3443): Finishing drawing starting window: Window{ad2f40a u0 Splash Screen com.hyperxray.an} mDrawState: DRAW_PENDING
11-25 19:21:16.076 D/BarFollowAnimation( 3443): pairAppearanceRegionAndWin win=Window{ad2f40a u0 Splash Screen com.hyperxray.an} 0
11-25 19:21:16.076 D/BarFollowAnimation( 3443): isAppTaskBarOnTop win:Window{ad2f40a u0 Splash Screen com.hyperxray.an} (mCurrentTopTask:Task{ad5334c #223 type=standard I=com.hyperxray.an/.activity.MainActivity} : true); (mAssociatedTask:Task{ad5334c #223 type=standard I=com.hyperxray.an/.activity.MainActivity} : true); (mHomeTask:Task{a12fcf8 #1 type=home} : false); mReparentToOriginParent:false mLastAppBarVisible:true mLastHomeBarVisible:false
11-25 19:21:16.077 E/ActivityManagerWrapper( 5210):  mainTaskId=223   userId=0   windowMode=1   isExcludedFromRecents=false   baseIntent=Intent { act=android.intent.action.MAIN flag=270532608 cmp=ComponentInfo{com.hyperxray.an/com.hyperxray.an.activity.MainActivity} }
11-25 19:21:16.077 D/RecentsTaskLoader( 5210): reloadTasksData [TaskKey{id=223, stackId=0, baseIntent=Intent { act=android.intent.action.MAIN cat=[android.intent.category.LAUNCHER] flg=0x10200000 cmp=com.hyperxray.an/.activity.MainActivity }, userId=0, lastActiveTime=36879617, windowingMode=1, isThumbnailBlur=false, isAccessLocked=false, isScreening=false, topActivity=ComponentInfo{com.hyperxray.an/com.hyperxray.an.activity.MainActivity}, mHashCode=7566945}, title=HyperXray, titleDescription=HyperXray, bounds=null, isLaunchTarget=false, isStackTask=true, isSystemApp=false, isDockable=true, baseActivity=ComponentInfo{com.hyperxray.an/com.hyperxray.an.activity.MainActivity}, isLocked=false, mNeedHide=false, hasMultipleTasks=false, cti1Key=, cti2Key=] 
11-25 19:21:16.079 D/ServiceEventObserver(32610): TProxyService receivers registered.
11-25 19:21:16.080 D/RecentsTaskLoader( 5210): reloadTasksData [TaskKey{id=223, stackId=0, baseIntent=Intent { act=android.intent.action.MAIN cat=[android.intent.category.LAUNCHER] flg=0x10200000 cmp=com.hyperxray.an/.activity.MainActivity }, userId=0, lastActiveTime=36879617, windowingMode=1, isThumbnailBlur=false, isAccessLocked=false, isScreening=false, topActivity=ComponentInfo{com.hyperxray.an/com.hyperxray.an.activity.MainActivity}, mHashCode=7566945}, title=HyperXray, titleDescription=HyperXray, bounds=null, isLaunchTarget=false, isStackTask=true, isSystemApp=false, isDockable=true, baseActivity=ComponentInfo{com.hyperxray.an/com.hyperxray.an.activity.MainActivity}, isLocked=false, mNeedHide=false, hasMultipleTasks=false, cti1Key=, cti2Key=] 
11-25 19:21:16.080 I/WindowManager( 3443): wms.showSurfaceRobustly mWin:Window{ad2f40a u0 Splash Screen com.hyperxray.an} in Surface(name=Splash Screen com.hyperxray.an#23210)/@0xd047a47
11-25 19:21:16.082 I/AdrenoVK-0(32610): Process Name        : com.hyperxray.an
11-25 19:21:16.084 D/Activity(32610): Activity = ActivityInfo{19473c5 com.hyperxray.an.activity.MainActivity}, Resume onConfigurationChanged = {1.0 286mcc1mnc [tr_TR] ldltr sw369dp w369dp h822dp 520dpi nrml long hdr widecg port night finger -keyb/v/h -nav/h winConfig={ mBounds=Rect(0, 0 - 1200, 2670) mAppBounds=Rect(0, 0 - 1200, 2670) mMaxBounds=Rect(0, 0 - 1200, 2670) mDisplayRotation=ROTATION_0 mWindowingMode=fullscreen mActivityType=standard mAlwaysOnTop=undefined mRotation=ROTATION_0 mInSplitScreen=false letterBoxed=false foScaled=false isSpecificEmbedded=false embeddingScale=1.0} s.2 fontWeightAdjustment=0/d/o themeChanged=0 themeChangedFlags=0 display=0 extraData = Bundle[{}] screenType=0/o}
11-25 19:21:16.084 D/ActivityTaskManager( 3443):  setSkipCaptureLayers tr: Task{ad5334c #223 type=standard I=com.hyperxray.an/.activity.MainActivity}
11-25 19:21:16.092 I/ForceDarkHelperStubImpl(32610): setViewRootImplForceDark: false for com.hyperxray.an.activity.MainActivity@71db71f, reason: AppDarkModeEnable
11-25 19:21:16.092 I/ViewRootImpl(32610): com.hyperxray.an/com.hyperxray.an.activity.MainActivity use first frame acceleration
11-25 19:21:16.093 I/WM-WorkerWrapper(32610): Worker result SUCCESS for Work [ id=c4b55b29-0c82-4f57-9d88-6a78e9466381, tags={ com.hyperxray.an.optimizer.RealityWorker } ]
11-25 19:21:16.095 D/ActivityTaskManager( 3443):  setSkipCaptureLayers tr: Task{ad5334c #223 type=standard I=com.hyperxray.an/.activity.MainActivity}
11-25 19:21:16.095 D/CoreBackPreview( 3443): Window{f09e917 u0 com.hyperxray.an/com.hyperxray.an.activity.MainActivity}: Setting back callback OnBackInvokedCallbackInfo{mCallback=android.window.IOnBackInvokedCallback$Stub$Proxy@6dd922, mPriority=-1, mIsAnimationCallback=false, mOverrideBehavior=0}
11-25 19:21:16.096 D/RecentsImpl( 5210): mActivityStateObserver com.hyperxray.an.activity.MainActivity
11-25 19:21:16.096 W/RecentsImpl( 5210): updateGestureWindowVisibleImpl, className=com.hyperxray.an.activity.MainActivity
11-25 19:21:16.097 D/nativeloader(32610): Load /data/app/~~hSj-UwDpfOsYJxgX9qWgEg==/com.hyperxray.an-2wMSRcZV1eZu7F0yfElvxg==/lib/arm64/libhev-socks5-tunnel.so using class loader ns clns-10 (caller=/data/app/~~hSj-UwDpfOsYJxgX9qWgEg==/com.hyperxray.an-2wMSRcZV1eZu7F0yfElvxg==/base.apk!classes30.dex): ok
11-25 19:21:16.097 D/VpnService(32610): Native Library Directory: /data/app/~~hSj-UwDpfOsYJxgX9qWgEg==/com.hyperxray.an-2wMSRcZV1eZu7F0yfElvxg==/lib/arm64
11-25 19:21:16.124 D/MiuiIntegratedMemorySwap( 3443): uid:10568, packageName: com.hyperxray.an
11-25 19:21:16.136 D/DynamicIslandTopActivityController( 5813): fullscreen: com.hyperxray.an
11-25 19:21:16.136 D/DynamicIslandController( 5813): onTopActivityChanged: ComponentInfo{com.hyperxray.an/com.hyperxray.an.activity.MainActivity}
11-25 19:21:16.136 D/DynamicIslandWindowViewController( 5813): onTopActivityChange: topActivity ComponentInfo{com.hyperxray.an/com.hyperxray.an.activity.MainActivity}, inSmallWindow false, isSupportPip false, isFocus true fullScreenPkg com.hyperxray.an
11-25 19:21:16.136 D/DynamicIslandSafeguardsController( 5813): cancelDelayEnterApp com.hyperxray.an android
11-25 19:21:16.136 D/DynamicIslandSafeguardsController( 5813): cancelDelayEnterMiniWindow com.hyperxray.an com.hyperxray.an null
11-25 19:21:16.136 D/DynamicIslandSafeguardsController( 5813): cancelDelayExitApp com.hyperxray.an com.miui.home
11-25 19:21:16.136 D/DynamicIslandSafeguardsController( 5813): delayExitApp com.hyperxray.an
11-25 19:21:16.136 D/DynamicIslandSafeguardsController( 5813): cancelDelayExitApp com.hyperxray.an com.hyperxray.an
11-25 19:21:16.144 E/ActivityManagerWrapper( 5210):  mainTaskId=223   userId=0   windowMode=1   isExcludedFromRecents=false   baseIntent=Intent { act=android.intent.action.MAIN flag=270532608 cmp=ComponentInfo{com.hyperxray.an/com.hyperxray.an.activity.MainActivity} }
11-25 19:21:16.145 D/RecentsTaskLoader( 5210): reloadTasksData [TaskKey{id=223, stackId=0, baseIntent=Intent { act=android.intent.action.MAIN cat=[android.intent.category.LAUNCHER] flg=0x10200000 cmp=com.hyperxray.an/.activity.MainActivity }, userId=0, lastActiveTime=36879617, windowingMode=1, isThumbnailBlur=false, isAccessLocked=false, isScreening=false, topActivity=ComponentInfo{com.hyperxray.an/com.hyperxray.an.activity.MainActivity}, mHashCode=7566945}, title=HyperXray, titleDescription=HyperXray, bounds=null, isLaunchTarget=false, isStackTask=true, isSystemApp=false, isDockable=true, baseActivity=ComponentInfo{com.hyperxray.an/com.hyperxray.an.activity.MainActivity}, isLocked=false, mNeedHide=false, hasMultipleTasks=false, cti1Key=, cti2Key=] 
11-25 19:21:16.179 D/LogFileManager(32610): Log file path: /data/user/0/com.hyperxray.an/files/app_log.txt
11-25 19:21:16.255 I/HeavyPackageIdentify(16995): splitMode: false, splitPackages: null, foregroundPkg: com.hyperxray.an
11-25 19:21:16.269 D/BarFollowAnimation( 3443): pairAppearanceRegionAndWin win=Window{ad2f40a u0 Splash Screen com.hyperxray.an} 0
11-25 19:21:16.269 D/BarFollowAnimation( 3443): isAppTaskBarOnTop win:Window{ad2f40a u0 Splash Screen com.hyperxray.an} (mCurrentTopTask:Task{ad5334c #223 type=standard I=com.hyperxray.an/.activity.MainActivity} : true); (mAssociatedTask:Task{ad5334c #223 type=standard I=com.hyperxray.an/.activity.MainActivity} : true); (mHomeTask:Task{a12fcf8 #1 type=home} : false); mReparentToOriginParent:false mLastAppBarVisible:true mLastHomeBarVisible:false
11-25 19:21:16.269 D/BarFollowAnimation( 3443): isAppTaskBarOnTop win:Window{f09e917 u0 com.hyperxray.an/com.hyperxray.an.activity.MainActivity} (mCurrentTopTask:Task{ad5334c #223 type=standard I=com.hyperxray.an/.activity.MainActivity} : true); (mAssociatedTask:Task{ad5334c #223 type=standard I=com.hyperxray.an/.activity.MainActivity} : true); (mHomeTask:Task{a12fcf8 #1 type=home} : false); mReparentToOriginParent:false mLastAppBarVisible:true mLastHomeBarVisible:false
11-25 19:21:16.270 D/WindowManager( 3443): wms.Input focus has changed to Window{f09e917 u0 com.hyperxray.an/com.hyperxray.an.activity.MainActivity} display=0 updateInputWindows = true
11-25 19:21:16.270 I/WindowManager( 3443): Allow fixed rotation for not collecting:ActivityRecord{97865886 u0 com.hyperxray.an/.activity.MainActivity t223}
11-25 19:21:16.285 D/DnsCacheManager(32610):  Active entries: 100 (total cache: 303, showing top 100)
11-25 19:21:16.286 D/DynamicIslandSafeguardsController( 5813): delayExitApp: com.hyperxray.an com.hyperxray.an count = 0
11-25 19:21:16.286 D/DnsCacheManager(32610):  Metrics updated: entries=303, activeEntries=100, hits=8859, misses=5728, hitRate=60%
11-25 19:21:16.313 D/WindowManager( 3443): wms.finishDrawingLocked: mDrawState=COMMIT_DRAW_PENDING Window{f09e917 u0 com.hyperxray.an/com.hyperxray.an.activity.MainActivity} in Surface(name=com.hyperxray.an/com.hyperxray.an.activity.MainActivity#23218)/@0x4bec56
11-25 19:21:16.313 D/BarFollowAnimation( 3443): pairAppearanceRegionAndWin win=Window{ad2f40a u0 Splash Screen com.hyperxray.an} 0
11-25 19:21:16.313 D/BarFollowAnimation( 3443): isAppTaskBarOnTop win:Window{f09e917 u0 com.hyperxray.an/com.hyperxray.an.activity.MainActivity} (mCurrentTopTask:Task{ad5334c #223 type=standard I=com.hyperxray.an/.activity.MainActivity} : true); (mAssociatedTask:Task{ad5334c #223 type=standard I=com.hyperxray.an/.activity.MainActivity} : true); (mHomeTask:Task{a12fcf8 #1 type=home} : false); mReparentToOriginParent:false mLastAppBarVisible:true mLastHomeBarVisible:false
11-25 19:21:16.314 D/WindowManager( 3443): wms.commitFinishDrawingLocked: mDrawState=READY_TO_SHOW Window{f09e917 u0 com.hyperxray.an/com.hyperxray.an.activity.MainActivity} in Surface(name=com.hyperxray.an/com.hyperxray.an.activity.MainActivity#23218)/@0x4bec56
11-25 19:21:16.314 I/WindowManager( 3443): onFirstWindowDrawn, try to remove startingWindow. ar: ActivityRecord{97865886 u0 com.hyperxray.an/.activity.MainActivity t223}  associatedTask: null  isMainWindow: true  startingWindow: Window{ad2f40a u0 Splash Screen com.hyperxray.an}  startingData: SplashScreenStartingData{ec83838 removeAfterTransaction= 0}
11-25 19:21:16.318 W/TaskSnapshot_CInjector( 3443): doSnapshotQS()...ago! activity=com.hyperxray.an/.activity.MainActivity, state=RESUMED, lastVisibleTime=0
11-25 19:21:16.318 I/SmartPower( 3443): Miui monitor launch : com.hyperxray.an/.activity.MainActivity  transitionTime:11  launchTime:285  launchFrom:com.miui.home  launchType:1
11-25 19:21:16.318 I/Perf[AppStartScene]( 3443): onSceneChangeNotify:Bundle[{renderThreadId=21018, pid=32610, uid=10568, name=com.hyperxray.an.activity.MainActivity, type=1, begin=false, state=1, processName=com.hyperxray.an, packageName=com.hyperxray.an}]
11-25 19:21:16.320 D/BarFollowAnimation( 3443): pairAppearanceRegionAndWin win=Window{ad2f40a u0 Splash Screen com.hyperxray.an} 0
11-25 19:21:16.320 D/BarFollowAnimation( 3443): isAppTaskBarOnTop win:Window{f09e917 u0 com.hyperxray.an/com.hyperxray.an.activity.MainActivity} (mCurrentTopTask:Task{ad5334c #223 type=standard I=com.hyperxray.an/.activity.MainActivity} : true); (mAssociatedTask:Task{ad5334c #223 type=standard I=com.hyperxray.an/.activity.MainActivity} : true); (mHomeTask:Task{a12fcf8 #1 type=home} : false); mReparentToOriginParent:false mLastAppBarVisible:true mLastHomeBarVisible:false
11-25 19:21:16.320 D/CoreBackPreview( 3443): Window{ad2f40a u0 Splash Screen com.hyperxray.an}: Setting back callback null
11-25 19:21:16.321 I/WindowManager( 3443): wms.showSurfaceRobustly mWin:Window{f09e917 u0 com.hyperxray.an/com.hyperxray.an.activity.MainActivity} in Surface(name=com.hyperxray.an/com.hyperxray.an.activity.MainActivity#23218)/@0x4bec56
11-25 19:21:16.321 D/WindowManager( 3443): Starting window removed Window{ad2f40a u0 Splash Screen com.hyperxray.an}
11-25 19:21:16.321 D/DnsCacheManager(32610): DnsCacheManager already initialized, ensuring metrics job is running...
11-25 19:21:16.322 D/DnsCacheManager(32610):  Metrics job is already running (isActive=true)
11-25 19:21:16.322 I/MainViewModelDashboardAdapter(32610):  DNS cache stats StateFlow connected: entries=303, hits=8859, misses=5728, hitRate=60%
11-25 19:21:16.323 D/DnsCacheManager(32610):  Metrics job is already running (isActive=true)
11-25 19:21:16.323 W/AppCompatLetterboxPolicy( 3443): start not layout letterbox Window{ad2f40a u0 Splash Screen com.hyperxray.an EXITING}
11-25 19:21:16.324 D/BarFollowAnimation( 3443): pairAppearanceRegionAndWin win=Window{ad2f40a u0 Splash Screen com.hyperxray.an EXITING} 0
11-25 19:21:16.324 D/BarFollowAnimation( 3443): isAppTaskBarOnTop win:Window{f09e917 u0 com.hyperxray.an/com.hyperxray.an.activity.MainActivity} (mCurrentTopTask:Task{ad5334c #223 type=standard I=com.hyperxray.an/.activity.MainActivity} : true); (mAssociatedTask:Task{ad5334c #223 type=standard I=com.hyperxray.an/.activity.MainActivity} : true); (mHomeTask:Task{a12fcf8 #1 type=home} : false); mReparentToOriginParent:false mLastAppBarVisible:true mLastHomeBarVisible:false
11-25 19:21:16.324 D/BarFollowAnimation( 3443): pairAppearanceRegionAndWin win=Window{ad2f40a u0 Splash Screen com.hyperxray.an EXITING} 0
11-25 19:21:16.324 D/BarFollowAnimation( 3443): isAppTaskBarOnTop win:Window{f09e917 u0 com.hyperxray.an/com.hyperxray.an.activity.MainActivity} (mCurrentTopTask:Task{ad5334c #223 type=standard I=com.hyperxray.an/.activity.MainActivity} : true); (mAssociatedTask:Task{ad5334c #223 type=standard I=com.hyperxray.an/.activity.MainActivity} : true); (mHomeTask:Task{a12fcf8 #1 type=home} : false); mReparentToOriginParent:false mLastAppBarVisible:true mLastHomeBarVisible:false
11-25 19:21:16.325 I/ActivityTaskManager( 3443): Displayed com.hyperxray.an/.activity.MainActivity for user 0: +285ms
11-25 19:21:16.325 D/BarFollowAnimation( 3443): pairAppearanceRegionAndWin win=Window{ad2f40a u0 Splash Screen com.hyperxray.an EXITING} 0
11-25 19:21:16.325 D/BarFollowAnimation( 3443): isAppTaskBarOnTop win:Window{f09e917 u0 com.hyperxray.an/com.hyperxray.an.activity.MainActivity} (mCurrentTopTask:Task{ad5334c #223 type=standard I=com.hyperxray.an/.activity.MainActivity} : true); (mAssociatedTask:Task{ad5334c #223 type=standard I=com.hyperxray.an/.activity.MainActivity} : true); (mHomeTask:Task{a12fcf8 #1 type=home} : false); mReparentToOriginParent:false mLastAppBarVisible:true mLastHomeBarVisible:false
11-25 19:21:16.465 D/DnsCacheManager(32610): DnsCacheManager already initialized, ensuring metrics job is running...
11-25 19:21:16.466 D/DnsCacheManager(32610):  Metrics job is already running (isActive=true)
11-25 19:21:16.466 I/MainViewModelDashboardAdapter(32610):  DNS cache stats StateFlow connected: entries=303, hits=8859, misses=5728, hitRate=60%
11-25 19:21:16.466 D/DnsCacheManager(32610):  Metrics job is already running (isActive=true)
11-25 19:21:16.484 I/WindowManager( 3443): StartingWindow exit animation finished, win = Window{ad2f40a u0 Splash Screen com.hyperxray.an EXITING} remove = true
11-25 19:21:16.484 I/WindowManager( 3443): wms.hideSurface mWin:Window{ad2f40a u0 Splash Screen com.hyperxray.an EXITING} reason:(onExitAnimationDone) in Surface(name=Splash Screen com.hyperxray.an#23210)/@0xd047a47
11-25 19:21:16.485 D/WindowManager( 3443): postWindowRemoveCleanupLocked: Removing startingWindow Window{ad2f40a u0 Splash Screen com.hyperxray.an} from ActivityRecord{97865886 u0 com.hyperxray.an/.activity.MainActivity t223} activity = ActivityRecord{97865886 u0 com.hyperxray.an/.activity.MainActivity t223}
11-25 19:21:16.485 D/BarFollowAnimation( 3443): pairAppearanceRegionAndWin win=Window{f09e917 u0 com.hyperxray.an/com.hyperxray.an.activity.MainActivity} 0
11-25 19:21:16.485 D/BarFollowAnimation( 3443): isAppTaskBarOnTop win:Window{f09e917 u0 com.hyperxray.an/com.hyperxray.an.activity.MainActivity} (mCurrentTopTask:Task{ad5334c #223 type=standard I=com.hyperxray.an/.activity.MainActivity} : true); (mAssociatedTask:Task{ad5334c #223 type=standard I=com.hyperxray.an/.activity.MainActivity} : true); (mHomeTask:Task{a12fcf8 #1 type=home} : false); mReparentToOriginParent:false mLastAppBarVisible:true mLastHomeBarVisible:false
11-25 19:21:16.492 D/BarFollowAnimation( 3443): pairAppearanceRegionAndWin win=Window{f09e917 u0 com.hyperxray.an/com.hyperxray.an.activity.MainActivity} 0
11-25 19:21:16.493 D/BarFollowAnimation( 3443): isAppTaskBarOnTop win:Window{f09e917 u0 com.hyperxray.an/com.hyperxray.an.activity.MainActivity} (mCurrentTopTask:Task{ad5334c #223 type=standard I=com.hyperxray.an/.activity.MainActivity} : true); (mAssociatedTask:Task{ad5334c #223 type=standard I=com.hyperxray.an/.activity.MainActivity} : true); (mHomeTask:Task{a12fcf8 #1 type=home} : false); mReparentToOriginParent:false mLastAppBarVisible:true mLastHomeBarVisible:false
11-25 19:21:16.501 I/ImeTracker( 3443): com.hyperxray.an:5e6f59da: onRequestHide at ORIGIN_SERVER reason HIDE_UNSPECIFIED_WINDOW fromUser false
11-25 19:21:16.504 I/GoogleInputMethodService(11794): GoogleInputMethodService.onStartInput():1347 onStartInput(EditorInfo{EditorInfo{packageName=com.hyperxray.an, inputType=0, inputTypeString=NULL, enableLearning=false, autoCorrection=false, autoComplete=false, imeOptions=0, privateImeOptions=null, actionName=UNSPECIFIED, actionLabel=null, initialSelStart=-1, initialSelEnd=-1, initialCapsMode=0, label=null, fieldId=0, fieldName=null, extras=Bundle[mParcelledData.dataSize=72], hintText=null, hintLocales=[]}}, false)
11-25 19:21:16.504 D/BarFollowAnimation( 3443): pairAppearanceRegionAndWin win=Window{f09e917 u0 com.hyperxray.an/com.hyperxray.an.activity.MainActivity} 0
11-25 19:21:16.505 D/BarFollowAnimation( 3443): isAppTaskBarOnTop win:Window{f09e917 u0 com.hyperxray.an/com.hyperxray.an.activity.MainActivity} (mCurrentTopTask:Task{ad5334c #223 type=standard I=com.hyperxray.an/.activity.MainActivity} : true); (mAssociatedTask:Task{ad5334c #223 type=standard I=com.hyperxray.an/.activity.MainActivity} : true); (mHomeTask:Task{a12fcf8 #1 type=home} : false); mReparentToOriginParent:false mLastAppBarVisible:true mLastHomeBarVisible:false
11-25 19:21:16.505 W/PackageConfigPersister( 3443): App-specific configuration not found for packageName: com.hyperxray.an and userId: 0
11-25 19:21:16.512 I/ImeTracker(32610): com.hyperxray.an:5e6f59da: onCancelled at PHASE_CLIENT_ALREADY_HIDDEN
11-25 19:21:16.527 E/ActivityManagerWrapper( 5210):  mainTaskId=223   userId=0   windowMode=1   isExcludedFromRecents=false   baseIntent=Intent { act=android.intent.action.MAIN flag=270532608 cmp=ComponentInfo{com.hyperxray.an/com.hyperxray.an.activity.MainActivity} }
11-25 19:21:16.529 D/RecentsTaskLoader( 5210): reloadTasksData [TaskKey{id=223, stackId=0, baseIntent=Intent { act=android.intent.action.MAIN cat=[android.intent.category.LAUNCHER] flg=0x10200000 cmp=com.hyperxray.an/.activity.MainActivity }, userId=0, lastActiveTime=36879617, windowingMode=1, isThumbnailBlur=false, isAccessLocked=false, isScreening=false, topActivity=ComponentInfo{com.hyperxray.an/com.hyperxray.an.activity.MainActivity}, mHashCode=7566945}, title=HyperXray, titleDescription=HyperXray, bounds=null, isLaunchTarget=false, isStackTask=true, isSystemApp=false, isDockable=true, baseActivity=ComponentInfo{com.hyperxray.an/com.hyperxray.an.activity.MainActivity}, isLocked=false, mNeedHide=false, hasMultipleTasks=false, cti1Key=, cti2Key=] 
11-25 19:21:16.545 I/LaunchAppAndBackHomeAnimTarget( 5210): resetShortcutIcon, icon=com.miui.home.launcher.ShortcutIcon{173677b VFED..CL. ........ 36,855-318,1140}(HyperXray)
11-25 19:21:16.546 I/LaunchAppAndBackHomeAnimTarget( 5210): resetShortcutIcon, icon=com.miui.home.launcher.ShortcutIcon{173677b VFED..CL. ......ID 36,855-318,1140}(HyperXray)
11-25 19:21:16.548 I/TransitionImpl( 3443): finishTransition: updateLastSurfacePosition tf=Task{ad5334c #223 type=standard I=com.hyperxray.an/.activity.MainActivity}
11-25 19:21:16.549 D/BarFollowAnimation( 3443): checkBarStatus mReparentToOriginParent:false hasTopFullAppTask:true mHomeTask:Task{a12fcf8 #1 type=home} mCurrentTopTask: Task{ad5334c #223 type=standard I=com.hyperxray.an/.activity.MainActivity} mAssociatedTask: Task{ad5334c #223 type=standard I=com.hyperxray.an/.activity.MainActivity} homeTaskonTop:false mLastAppBarVisible:true mLastHomeBarVisible:false isInSplitScreen:false
11-25 19:21:16.549 D/BarFollowAnimation( 3443):  showAppNavBar  packageName = com.hyperxray.an mHasHideAppSurface = false mIsKeyguardGoingAway = false mNavBarState = -1
11-25 19:21:16.549 D/BarFollowAnimation( 3443): calculateAppSurface: task=Task{ad5334c #223 type=standard I=com.hyperxray.an/.activity.MainActivity} appSurface=Surface(name=NavigationBar Container of Task = 223#23207)/@0x21a7f3
11-25 19:21:16.551 D/RenderEngine( 2005): makePassBlurBetterDownShader layername:com.hyperxray.an/com.hyperxray.an.activity.MainActivity#23218
11-25 19:21:16.551 D/BarFollowAnimation( 3443): pairAppearanceRegionAndWin win=Window{f09e917 u0 com.hyperxray.an/com.hyperxray.an.activity.MainActivity} 0
11-25 19:21:16.552 D/BarFollowAnimation( 3443): isAppTaskBarOnTop win:Window{f09e917 u0 com.hyperxray.an/com.hyperxray.an.activity.MainActivity} (mCurrentTopTask:Task{ad5334c #223 type=standard I=com.hyperxray.an/.activity.MainActivity} : true); (mAssociatedTask:Task{ad5334c #223 type=standard I=com.hyperxray.an/.activity.MainActivity} : true); (mHomeTask:Task{a12fcf8 #1 type=home} : false); mReparentToOriginParent:false mLastAppBarVisible:true mLastHomeBarVisible:false
11-25 19:21:16.559 D/BarFollowAnimation( 3443): pairAppearanceRegionAndWin win=Window{f09e917 u0 com.hyperxray.an/com.hyperxray.an.activity.MainActivity} 0
11-25 19:21:16.559 D/BarFollowAnimation( 3443): isAppTaskBarOnTop win:Window{f09e917 u0 com.hyperxray.an/com.hyperxray.an.activity.MainActivity} (mCurrentTopTask:Task{ad5334c #223 type=standard I=com.hyperxray.an/.activity.MainActivity} : true); (mAssociatedTask:Task{ad5334c #223 type=standard I=com.hyperxray.an/.activity.MainActivity} : true); (mHomeTask:Task{a12fcf8 #1 type=home} : false); mReparentToOriginParent:false mLastAppBarVisible:true mLastHomeBarVisible:false
11-25 19:21:16.562 D/BarFollowAnimation( 3443): pairAppearanceRegionAndWin win=Window{f09e917 u0 com.hyperxray.an/com.hyperxray.an.activity.MainActivity} 0
11-25 19:21:16.562 D/BarFollowAnimation( 3443): isAppTaskBarOnTop win:Window{f09e917 u0 com.hyperxray.an/com.hyperxray.an.activity.MainActivity} (mCurrentTopTask:Task{ad5334c #223 type=standard I=com.hyperxray.an/.activity.MainActivity} : true); (mAssociatedTask:Task{ad5334c #223 type=standard I=com.hyperxray.an/.activity.MainActivity} : true); (mHomeTask:Task{a12fcf8 #1 type=home} : false); mReparentToOriginParent:false mLastAppBarVisible:true mLastHomeBarVisible:false
11-25 19:21:16.563 D/BarFollowAnimation( 3443): pairAppearanceRegionAndWin win=Window{f09e917 u0 com.hyperxray.an/com.hyperxray.an.activity.MainActivity} 0
11-25 19:21:16.563 D/BarFollowAnimation( 3443): isAppTaskBarOnTop win:Window{f09e917 u0 com.hyperxray.an/com.hyperxray.an.activity.MainActivity} (mCurrentTopTask:Task{ad5334c #223 type=standard I=com.hyperxray.an/.activity.MainActivity} : true); (mAssociatedTask:Task{ad5334c #223 type=standard I=com.hyperxray.an/.activity.MainActivity} : true); (mHomeTask:Task{a12fcf8 #1 type=home} : false); mReparentToOriginParent:false mLastAppBarVisible:true mLastHomeBarVisible:false
11-25 19:21:16.567 D/BarFollowAnimation( 3443): pairAppearanceRegionAndWin win=Window{f09e917 u0 com.hyperxray.an/com.hyperxray.an.activity.MainActivity} 0
11-25 19:21:16.567 D/BarFollowAnimation( 3443): isAppTaskBarOnTop win:Window{f09e917 u0 com.hyperxray.an/com.hyperxray.an.activity.MainActivity} (mCurrentTopTask:Task{ad5334c #223 type=standard I=com.hyperxray.an/.activity.MainActivity} : true); (mAssociatedTask:Task{ad5334c #223 type=standard I=com.hyperxray.an/.activity.MainActivity} : true); (mHomeTask:Task{a12fcf8 #1 type=home} : false); mReparentToOriginParent:false mLastAppBarVisible:true mLastHomeBarVisible:false
11-25 19:21:16.568 D/BarFollowAnimation( 3443): pairAppearanceRegionAndWin win=Window{f09e917 u0 com.hyperxray.an/com.hyperxray.an.activity.MainActivity} 0
11-25 19:21:16.568 D/BarFollowAnimation( 3443): isAppTaskBarOnTop win:Window{f09e917 u0 com.hyperxray.an/com.hyperxray.an.activity.MainActivity} (mCurrentTopTask:Task{ad5334c #223 type=standard I=com.hyperxray.an/.activity.MainActivity} : true); (mAssociatedTask:Task{ad5334c #223 type=standard I=com.hyperxray.an/.activity.MainActivity} : true); (mHomeTask:Task{a12fcf8 #1 type=home} : false); mReparentToOriginParent:false mLastAppBarVisible:true mLastHomeBarVisible:false
11-25 19:21:16.568 W/TaskSnapshot_CInjector( 3443): isTop()...current=com.hyperxray.an/.activity.MainActivity, topActivity=com.hyperxray.an/.activity.MainActivity
11-25 19:21:16.584 D/RenderEngine( 2005): makePassBlurBetterDownShader layername:com.hyperxray.an/com.hyperxray.an.activity.MainActivity#23218
11-25 19:21:16.616 D/RenderEngine( 2005): makePassBlurBetterDownShader layername:com.hyperxray.an/com.hyperxray.an.activity.MainActivity#23218
11-25 19:21:16.649 D/RenderEngine( 2005): makePassBlurBetterDownShader layername:com.hyperxray.an/com.hyperxray.an.activity.MainActivity#23218
11-25 19:21:16.657 E/HyperSentinel( 3443): ->pid:32610,processName:"com.hyperxray.an",Rss Memory Size Change 303012kb -> 383736kb
11-25 19:21:16.682 D/RenderEngine( 2005): makePassBlurBetterDownShader layername:com.hyperxray.an/com.hyperxray.an.activity.MainActivity#23218
11-25 19:21:16.715 D/RenderEngine( 2005): makePassBlurBetterDownShader layername:com.hyperxray.an/com.hyperxray.an.activity.MainActivity#23218
11-25 19:21:16.748 D/RenderEngine( 2005): makePassBlurBetterDownShader layername:com.hyperxray.an/com.hyperxray.an.activity.MainActivity#23218
11-25 19:21:16.781 D/RenderEngine( 2005): makePassBlurBetterDownShader layername:com.hyperxray.an/com.hyperxray.an.activity.MainActivity#23218
11-25 19:21:16.788 D/DnsCacheManager(32610):  Active entries: 100 (total cache: 303, showing top 100)
11-25 19:21:16.788 D/DnsCacheManager(32610):  Metrics updated: entries=303, activeEntries=100, hits=8859, misses=5728, hitRate=60%
11-25 19:21:16.813 D/RenderEngine( 2005): makePassBlurBetterDownShader layername:com.hyperxray.an/com.hyperxray.an.activity.MainActivity#23218
11-25 19:21:16.846 D/RenderEngine( 2005): makePassBlurBetterDownShader layername:com.hyperxray.an/com.hyperxray.an.activity.MainActivity#23218
11-25 19:21:16.879 D/RenderEngine( 2005): makePassBlurBetterDownShader layername:com.hyperxray.an/com.hyperxray.an.activity.MainActivity#23218
11-25 19:21:16.905 I/MIUIInput( 3443): [MotionEvent] publisher action=0x0, deviceId=8, 36014142, channel 'f09e917 com.hyperxray.an/com.hyperxray.an.activity.MainActivity'
11-25 19:21:16.910 I/MIUIInput(32610): [MotionEvent] ViewRootImpl windowName 'com.hyperxray.an/com.hyperxray.an.activity.MainActivity', { action=ACTION_DOWN, id[0]=0, pointerCount=1, eventTime=36014142, downTime=36014142, phoneEventTime=19:21:16.905 } moveCount:0
11-25 19:21:16.912 D/RenderEngine( 2005): makePassBlurBetterDownShader layername:com.hyperxray.an/com.hyperxray.an.activity.MainActivity#23218
11-25 19:21:16.920 D/ScrollScenario( 3443): ScrollState: scroll start on com.hyperxray.an
11-25 19:21:16.945 D/RenderEngine( 2005): makePassBlurBetterDownShader layername:com.hyperxray.an/com.hyperxray.an.activity.MainActivity#23218
11-25 19:21:16.978 D/RenderEngine( 2005): makePassBlurBetterDownShader layername:com.hyperxray.an/com.hyperxray.an.activity.MainActivity#23218
11-25 19:21:17.011 D/RenderEngine( 2005): makePassBlurBetterDownShader layername:com.hyperxray.an/com.hyperxray.an.activity.MainActivity#23218
11-25 19:21:17.015 D/PreStartingCapture( 3443): Remove bitmap after load, pkg: com.hyperxray.an  mBitmapDrawableCache: {}
11-25 19:21:17.045 D/RenderEngine( 2005): makePassBlurBetterDownShader layername:com.hyperxray.an/com.hyperxray.an.activity.MainActivity#23218
11-25 19:21:17.061 I/MIUIInput( 3443): [MotionEvent] publisher action=0x1, deviceId=8, 36014298, channel 'f09e917 com.hyperxray.an/com.hyperxray.an.activity.MainActivity'
11-25 19:21:17.062 D/ScrollScenario( 3443): ScrollState: scroll end on com.hyperxray.an
11-25 19:21:17.062 D/ScrollScenario( 3443): ScrollState: fling start on com.hyperxray.an
11-25 19:21:17.062 I/MIUIInput(32610): [MotionEvent] ViewRootImpl windowName 'com.hyperxray.an/com.hyperxray.an.activity.MainActivity', { action=ACTION_UP, id[0]=0, pointerCount=1, eventTime=36014298, downTime=36014142, phoneEventTime=19:21:17.061 } moveCount:17
11-25 19:21:17.062 I/DPSImpl ( 3443): boost for touch up, package:com.hyperxray.an
11-25 19:21:17.077 D/RenderEngine( 2005): makePassBlurBetterDownShader layername:com.hyperxray.an/com.hyperxray.an.activity.MainActivity#23218
11-25 19:21:17.080 D/AppPredictionTag( 5210): dataChanged[com.hyperxray.an,UserHandle{0},0];[com.android.chrome,UserHandle{0},245];[com.instagram.android,UserHandle{0},581];[org.zwanoo.android.speedtest,UserHandle{0},594];[com.zhiliaoapp.musically,UserHandle{0},870];[com.radolyn.ayugram,UserHandle{0},895];[com.facebook.katana,UserHandle{0},900];[com.mobile.legends,UserHandle{0},919];[com.openai.chatgpt,UserHandle{0},958];
11-25 19:21:17.081 D/AppPredictionTag( 5210): rankData[HyperXray,UserHandle{0}];[Brave - Beta,UserHandle{0}];[Instagram,UserHandle{0}];[Speedtest,UserHandle{0}];[TikTok,UserHandle{0}];[AyuGram,UserHandle{0}];[Facebook,UserHandle{0}];[Mobile Legends: Bang Bang,UserHandle{0}];
11-25 19:21:17.111 D/RenderEngine( 2005): makePassBlurBetterDownShader layername:com.hyperxray.an/com.hyperxray.an.activity.MainActivity#23218
11-25 19:21:17.144 D/RenderEngine( 2005): makePassBlurBetterDownShader layername:com.hyperxray.an/com.hyperxray.an.activity.MainActivity#23218
11-25 19:21:17.176 D/RenderEngine( 2005): makePassBlurBetterDownShader layername:com.hyperxray.an/com.hyperxray.an.activity.MainActivity#23218
11-25 19:21:17.209 D/RenderEngine( 2005): makePassBlurBetterDownShader layername:com.hyperxray.an/com.hyperxray.an.activity.MainActivity#23218
11-25 19:21:17.243 D/RenderEngine( 2005): makePassBlurBetterDownShader layername:com.hyperxray.an/com.hyperxray.an.activity.MainActivity#23218
11-25 19:21:17.275 D/RenderEngine( 2005): makePassBlurBetterDownShader layername:com.hyperxray.an/com.hyperxray.an.activity.MainActivity#23218
11-25 19:21:17.291 D/DnsCacheManager(32610):  Active entries: 100 (total cache: 303, showing top 100)
11-25 19:21:17.291 D/DnsCacheManager(32610):  Metrics updated: entries=303, activeEntries=100, hits=8859, misses=5728, hitRate=60%
11-25 19:21:17.308 D/RenderEngine( 2005): makePassBlurBetterDownShader layername:com.hyperxray.an/com.hyperxray.an.activity.MainActivity#23218
11-25 19:21:17.341 D/RenderEngine( 2005): makePassBlurBetterDownShader layername:com.hyperxray.an/com.hyperxray.an.activity.MainActivity#23218
11-25 19:21:17.346 I/TransitionCallback( 5210): clear leash = Surface(name=TL_Surface(name=Task=223#23194)/@0x105d921_transition-leash#23211)/@0x5e8f7f6, key = ComponentInfo{com.hyperxray.an/com.hyperxray.an.activity.MainActivity}#223
11-25 19:21:17.374 D/RenderEngine( 2005): makePassBlurBetterDownShader layername:com.hyperxray.an/com.hyperxray.an.activity.MainActivity#23218
11-25 19:21:17.407 D/RenderEngine( 2005): makePassBlurBetterDownShader layername:com.hyperxray.an/com.hyperxray.an.activity.MainActivity#23218
11-25 19:21:17.439 D/RenderEngine( 2005): makePassBlurBetterDownShader layername:com.hyperxray.an/com.hyperxray.an.activity.MainActivity#23218
11-25 19:21:17.473 D/RenderEngine( 2005): makePassBlurBetterDownShader layername:com.hyperxray.an/com.hyperxray.an.activity.MainActivity#23218
11-25 19:21:17.505 D/RenderEngine( 2005): makePassBlurBetterDownShader layername:com.hyperxray.an/com.hyperxray.an.activity.MainActivity#23218
11-25 19:21:17.538 D/RenderEngine( 2005): makePassBlurBetterDownShader layername:com.hyperxray.an/com.hyperxray.an.activity.MainActivity#23218
11-25 19:21:17.571 D/RenderEngine( 2005): makePassBlurBetterDownShader layername:com.hyperxray.an/com.hyperxray.an.activity.MainActivity#23218
11-25 19:21:17.604 D/RenderEngine( 2005): makePassBlurBetterDownShader layername:com.hyperxray.an/com.hyperxray.an.activity.MainActivity#23218
11-25 19:21:17.637 D/RenderEngine( 2005): makePassBlurBetterDownShader layername:com.hyperxray.an/com.hyperxray.an.activity.MainActivity#23218
11-25 19:21:17.655 I/MIUIInput( 3443): [MotionEvent] publisher action=0x0, deviceId=8, 36014891, channel 'f09e917 com.hyperxray.an/com.hyperxray.an.activity.MainActivity'
11-25 19:21:17.656 I/MIUIInput(32610): [MotionEvent] ViewRootImpl windowName 'com.hyperxray.an/com.hyperxray.an.activity.MainActivity', { action=ACTION_DOWN, id[0]=0, pointerCount=1, eventTime=36014891, downTime=36014891, phoneEventTime=19:21:17.654 } moveCount:0
11-25 19:21:17.671 D/RenderEngine( 2005): makePassBlurBetterDownShader layername:com.hyperxray.an/com.hyperxray.an.activity.MainActivity#23218
11-25 19:21:17.702 D/RenderEngine( 2005): makePassBlurBetterDownShader layername:com.hyperxray.an/com.hyperxray.an.activity.MainActivity#23218
11-25 19:21:17.706 I/MIUIInput( 3443): [MotionEvent] publisher action=0x1, deviceId=8, 36014942, channel 'f09e917 com.hyperxray.an/com.hyperxray.an.activity.MainActivity'
11-25 19:21:17.707 I/DPSImpl ( 3443): boost for touch up failed because of timediff < 1, package:com.hyperxray.an
11-25 19:21:17.711 I/MIUIInput(32610): [MotionEvent] ViewRootImpl windowName 'com.hyperxray.an/com.hyperxray.an.activity.MainActivity', { action=ACTION_UP, id[0]=0, pointerCount=1, eventTime=36014942, downTime=36014891, phoneEventTime=19:21:17.705 } moveCount:0
11-25 19:21:17.716 D/VibratorManagerService( 3443): Check AppOp mode VIBRATE for uid 10568 and package com.hyperxray.an returned audio=allow, op=allow
11-25 19:21:17.719 D/VibratorManagerService( 3443): Start AppOp mode VIBRATE for uid 10568 and package com.hyperxray.an returned allow
11-25 19:21:17.719 I/KeyboardFeature::Vibrator( 3443): performHapticFeedback: packageName: com.hyperxray.an effectId: 0 always: false
11-25 19:21:17.727 D/MiuiEmbeddingWindow( 3443): blacklistedAppRunningOnPhone: package=com.hyperxray.anisNotProjeciton=true isHavingJeppackDisabledConfig=false isRunningOnPhone=true isAppleConnection=false
11-25 19:21:17.727 D/MiuiEmbeddingWindow( 3443): MiuiEmbeddingWindowService: updateApplicationInfo for com.hyperxray.an, blacklistedAppRunningOnPhone updated: clear
11-25 19:21:17.728 I/ActivityManager( 3443): Posting procStart msg for 0:com.hyperxray.an:native/u0a568
11-25 19:21:17.728 D/ActivityManager( 3443): Logging startService for com.hyperxray.an, stopped=false, firstLaunch=false, intent=Intent { act=com.hyperxray.an.CONNECT xflg=0x4 cmp=com.hyperxray.an/.service.TProxyService }, r.app=null
11-25 19:21:17.735 D/RenderEngine( 2005): makePassBlurBetterDownShader layername:com.hyperxray.an/com.hyperxray.an.activity.MainActivity#23218
11-25 19:21:17.746 I/ActivityManager( 3443): Start proc 21060:com.hyperxray.an:native/u0a568 for service {com.hyperxray.an/com.hyperxray.an.service.TProxyService} caller=com.hyperxray.an
11-25 19:21:17.749 E/Zygote  (21060): process_name_ptr:21060 com.hyperxray.an:native
11-25 19:21:17.749 E/Zygote  (21060): SetMemoryProtected process_name_ptr:21060 com.hyperxray.an:native
11-25 19:21:17.768 D/RenderEngine( 2005): makePassBlurBetterDownShader layername:com.hyperxray.an/com.hyperxray.an.activity.MainActivity#23218
11-25 19:21:17.791 D/MiuiForceVkService( 3443): shouldUseVk, pkg=com.hyperxray.an useVk 0
11-25 19:21:17.795 D/DnsCacheManager(32610):  Active entries: 100 (total cache: 303, showing top 100)
11-25 19:21:17.795 D/DnsCacheManager(32610):  Metrics updated: entries=303, activeEntries=100, hits=8859, misses=5728, hitRate=60%
11-25 19:21:17.797 I/SmartPower: com.hyperxray.an:native/10568(21060)( 3443): died->invisible(4997ms) R(process start ) adj=-10000.
11-25 19:21:17.797 D/VibratorManagerService( 3443): Finish AppOp mode VIBRATE for uid 10568 and package com.hyperxray.an
11-25 19:21:17.801 D/RenderEngine( 2005): makePassBlurBetterDownShader layername:com.hyperxray.an/com.hyperxray.an.activity.MainActivity#23218
11-25 19:21:17.827 D/PolicyMaker( 3443): uid =10568 pkg=com.hyperxray.an reason=VISIBLE_APP
11-25 19:21:17.834 D/RenderEngine( 2005): makePassBlurBetterDownShader layername:com.hyperxray.an/com.hyperxray.an.activity.MainActivity#23218
11-25 19:21:17.871 D/RenderEngine( 2005): makePassBlurBetterDownShader layername:com.hyperxray.an/com.hyperxray.an.activity.MainActivity#23218
11-25 19:21:17.895 I/om.hyperxray.an(32610): Compiler allocated 5431KB to compile void com.hyperxray.an.feature.dashboard.components.ConnectionStatusCardKt.ConnectionStatusCard(com.hyperxray.an.feature.dashboard.ConnectionState, boolean, kotlin.jvm.functions.Function0, int, int, int, double, double, androidx.compose.ui.Modifier, androidx.compose.runtime.Composer, int, int)
11-25 19:21:17.900 D/RenderEngine( 2005): makePassBlurBetterDownShader layername:com.hyperxray.an/com.hyperxray.an.activity.MainActivity#23218
11-25 19:21:17.928 D/VpnConnectionUseCase(32610):  STAGE 2 [STARTING_VPN]: Sending ACTION_CONNECT intent to TProxyService
11-25 19:21:17.929 D/ActivityManager( 3443): Logging startService for com.hyperxray.an, stopped=false, firstLaunch=false, intent=Intent { act=com.hyperxray.an.CONNECT xflg=0x4 cmp=com.hyperxray.an/.service.TProxyService }, r.app=null
11-25 19:21:17.933 D/RenderEngine( 2005): makePassBlurBetterDownShader layername:com.hyperxray.an/com.hyperxray.an.activity.MainActivity#23218
11-25 19:21:17.966 D/RenderEngine( 2005): makePassBlurBetterDownShader layername:com.hyperxray.an/com.hyperxray.an.activity.MainActivity#23218
11-25 19:21:17.999 D/RenderEngine( 2005): makePassBlurBetterDownShader layername:com.hyperxray.an/com.hyperxray.an.activity.MainActivity#23218
11-25 19:21:18.001 I/RENDER_TURBO(21060): onActivityThreadCreate not in white list, pkg=com.hyperxray.an:native, type=dada
11-25 19:21:18.024 D/ActivityThread(21060): setEmbeddedParam packageName=com.hyperxray.an processName=com.hyperxray.an:native isEmbedded=false isIsolated=false
11-25 19:21:18.032 D/RenderEngine( 2005): makePassBlurBetterDownShader layername:com.hyperxray.an/com.hyperxray.an.activity.MainActivity#23218
11-25 19:21:18.065 D/RenderEngine( 2005): makePassBlurBetterDownShader layername:com.hyperxray.an/com.hyperxray.an.activity.MainActivity#23218
11-25 19:21:18.098 D/RenderEngine( 2005): makePassBlurBetterDownShader layername:com.hyperxray.an/com.hyperxray.an.activity.MainActivity#23218
11-25 19:21:18.130 D/RenderEngine( 2005): makePassBlurBetterDownShader layername:com.hyperxray.an/com.hyperxray.an.activity.MainActivity#23218
11-25 19:21:18.163 D/RenderEngine( 2005): makePassBlurBetterDownShader layername:com.hyperxray.an/com.hyperxray.an.activity.MainActivity#23218
11-25 19:21:18.196 D/RenderEngine( 2005): makePassBlurBetterDownShader layername:com.hyperxray.an/com.hyperxray.an.activity.MainActivity#23218
11-25 19:21:18.229 D/RenderEngine( 2005): makePassBlurBetterDownShader layername:com.hyperxray.an/com.hyperxray.an.activity.MainActivity#23218
11-25 19:21:18.262 D/RenderEngine( 2005): makePassBlurBetterDownShader layername:com.hyperxray.an/com.hyperxray.an.activity.MainActivity#23218
11-25 19:21:18.295 D/RenderEngine( 2005): makePassBlurBetterDownShader layername:com.hyperxray.an/com.hyperxray.an.activity.MainActivity#23218
11-25 19:21:18.298 D/DnsCacheManager(32610):  Active entries: 100 (total cache: 303, showing top 100)
11-25 19:21:18.298 D/DnsCacheManager(32610):  Metrics updated: entries=303, activeEntries=100, hits=8859, misses=5728, hitRate=60%
11-25 19:21:18.328 D/RenderEngine( 2005): makePassBlurBetterDownShader layername:com.hyperxray.an/com.hyperxray.an.activity.MainActivity#23218
11-25 19:21:18.334 D/nativeloader(21060): Configuring clns-10 for other apk /data/app/~~hSj-UwDpfOsYJxgX9qWgEg==/com.hyperxray.an-2wMSRcZV1eZu7F0yfElvxg==/base.apk. target_sdk_version=35, uses_libraries=, library_path=/data/app/~~hSj-UwDpfOsYJxgX9qWgEg==/com.hyperxray.an-2wMSRcZV1eZu7F0yfElvxg==/lib/arm64:/data/app/~~hSj-UwDpfOsYJxgX9qWgEg==/com.hyperxray.an-2wMSRcZV1eZu7F0yfElvxg==/base.apk!/lib/arm64-v8a, permitted_path=/data:/mnt/expand:/data/user/0/com.hyperxray.an
11-25 19:21:18.341 V/GraphicsEnvironment(21060): com.hyperxray.an is not listed in per-application setting
11-25 19:21:18.341 V/GraphicsEnvironment(21060): com.hyperxray.an is not listed in ANGLE allowlist or settings, returning default
11-25 19:21:18.343 I/UiModeManager( 3443): systemserver package:com.hyperxray.an null
11-25 19:21:18.343 I/ForceDarkHelperStubImpl(21060): initialize for com.hyperxray.an , ForceDarkAppConfig: null
11-25 19:21:18.344 D/ResMonitorStub(21060): The current process type is: third_party_app, process name is: com.hyperxray.an:native
11-25 19:21:18.361 D/RenderEngine( 2005): makePassBlurBetterDownShader layername:com.hyperxray.an/com.hyperxray.an.activity.MainActivity#23218
11-25 19:21:18.365 D/LogFileManager(21060): Log file path: /data/user/0/com.hyperxray.an/files/app_log.txt
11-25 19:21:18.370 D/HyperXrayApplication(21060): HyperXrayApplication onCreate - initializing components
11-25 19:21:18.371 D/HyperXrayApplication(21060): HyperXrayApplication onCreate - initializing components
11-25 19:21:18.390 D/HyperXrayApplication(21060): WorkManager initialized
11-25 19:21:18.390 I/NetworkModule(21060):  Initializing NetworkModule (HttpClientFactory + DNS Cache + HTTP Cache + Retry)
11-25 19:21:18.394 D/RenderEngine( 2005): makePassBlurBetterDownShader layername:com.hyperxray.an/com.hyperxray.an.activity.MainActivity#23218
11-25 19:21:18.426 D/RenderEngine( 2005): makePassBlurBetterDownShader layername:com.hyperxray.an/com.hyperxray.an.activity.MainActivity#23218
11-25 19:21:18.430 D/DnsCacheManager(21060): DNS cache loaded: 303 entries valid, 45 expired
11-25 19:21:18.430 I/DnsCacheManager(21060):  Metrics update job started (updates every 500ms)
11-25 19:21:18.436 D/DnsCacheManager(21060):  Active entries: 100 (total cache: 303, showing top 100)
11-25 19:21:18.436 D/DnsCacheManager(21060):  Active entries: 100 (total cache: 303, showing top 100)
11-25 19:21:18.437 D/DnsCacheManager(21060):  Metrics updated: entries=303, activeEntries=100, hits=8859, misses=5728, hitRate=60%
11-25 19:21:18.438 D/DnsCacheManager(21060):  Metrics updated: entries=303, activeEntries=100, hits=8859, misses=5728, hitRate=60%
11-25 19:21:18.438 I/DnsCacheManager(21060):  DnsCacheManager initialized: 303 entries loaded, hits=8859, misses=5728, metrics job started
11-25 19:21:18.438 I/HttpClientFactory(21060):  DNS Cache Manager initialized: DNS Cache: 303 entries, hits=8859, misses=5728, hitRate=60%
11-25 19:21:18.459 D/RenderEngine( 2005): makePassBlurBetterDownShader layername:com.hyperxray.an/com.hyperxray.an.activity.MainActivity#23218
11-25 19:21:18.461 D/nativeloader(21060): Load /data/app/~~hSj-UwDpfOsYJxgX9qWgEg==/com.hyperxray.an-2wMSRcZV1eZu7F0yfElvxg==/lib/arm64/libconscrypt_jni.so using class loader ns clns-10 (caller=/data/app/~~hSj-UwDpfOsYJxgX9qWgEg==/com.hyperxray.an-2wMSRcZV1eZu7F0yfElvxg==/base.apk!classes34.dex): ok
11-25 19:21:18.466 D/DnsCacheManager(32610): DnsCacheManager already initialized, ensuring metrics job is running...
11-25 19:21:18.467 D/DnsCacheManager(32610):  Metrics job is already running (isActive=true)
11-25 19:21:18.467 I/MainViewModelDashboardAdapter(32610):  DNS cache stats StateFlow connected: entries=303, hits=8859, misses=5728, hitRate=60%
11-25 19:21:18.467 D/DnsCacheManager(32610):  Metrics job is already running (isActive=true)
11-25 19:21:18.488 D/nativeloader(21060): Load /data/app/~~hSj-UwDpfOsYJxgX9qWgEg==/com.hyperxray.an-2wMSRcZV1eZu7F0yfElvxg==/lib/arm64/libcronet.119.0.6045.31.so using class loader ns clns-10 (caller=/data/app/~~hSj-UwDpfOsYJxgX9qWgEg==/com.hyperxray.an-2wMSRcZV1eZu7F0yfElvxg==/base.apk!classes34.dex): ok
11-25 19:21:18.492 D/RenderEngine( 2005): makePassBlurBetterDownShader layername:com.hyperxray.an/com.hyperxray.an.activity.MainActivity#23218
11-25 19:21:18.502 D/ConnectivityService( 3443): requestNetwork for uid/pid:10568/21060 activeRequest: null callbackRequest: 5989 [NetworkRequest [ REQUEST id=5990, [ Capabilities: INTERNET&NOT_RESTRICTED&TRUSTED&NOT_VCN_MANAGED&NOT_BANDWIDTH_CONSTRAINED Uid: 10568 RequestorUid: 10568 RequestorPkg: com.hyperxray.an UnderlyingNetworks: Null] ]] callback flags: 0 order: 2147483647 isUidTracked: false declaredMethods: AVAIL|LOST|NC|LP
11-25 19:21:18.506 D/WifiNetworkFactory( 3443): got request NetworkRequest [ REQUEST id=5990, [ Capabilities: INTERNET&NOT_RESTRICTED&TRUSTED&NOT_VCN_MANAGED&NOT_BANDWIDTH_CONSTRAINED Uid: 10568 RequestorUid: 10568 RequestorPkg: com.hyperxray.an UnderlyingNetworks: Null] ]
11-25 19:21:18.506 D/UntrustedWifiNetworkFactory( 3443): got request NetworkRequest [ REQUEST id=5990, [ Capabilities: INTERNET&NOT_RESTRICTED&TRUSTED&NOT_VCN_MANAGED&NOT_BANDWIDTH_CONSTRAINED Uid: 10568 RequestorUid: 10568 RequestorPkg: com.hyperxray.an UnderlyingNetworks: Null] ]
11-25 19:21:18.506 D/OemPaidWifiNetworkFactory( 3443): got request NetworkRequest [ REQUEST id=5990, [ Capabilities: INTERNET&NOT_RESTRICTED&TRUSTED&NOT_VCN_MANAGED&NOT_BANDWIDTH_CONSTRAINED Uid: 10568 RequestorUid: 10568 RequestorPkg: com.hyperxray.an UnderlyingNetworks: Null] ]
11-25 19:21:18.506 D/MultiInternetWifiNetworkFactory( 3443): got request NetworkRequest [ REQUEST id=5990, [ Capabilities: INTERNET&NOT_RESTRICTED&TRUSTED&NOT_VCN_MANAGED&NOT_BANDWIDTH_CONSTRAINED Uid: 10568 RequestorUid: 10568 RequestorPkg: com.hyperxray.an UnderlyingNetworks: Null] ]
11-25 19:21:18.513 D/BroadcastQueue( 3443): Logging broadcast for com.hyperxray.an, stopped=false, firstLaunch=false
11-25 19:21:18.522 I/HttpClientFactory(21060):  Fast DNS resolver initialized (DoH + 5 parallel DNS servers: System, Cloudflare, Google, Quad9, OpenDNS + persistent cache)
11-25 19:21:18.525 D/RenderEngine( 2005): makePassBlurBetterDownShader layername:com.hyperxray.an/com.hyperxray.an.activity.MainActivity#23218
11-25 19:21:18.525 D/HyperXrayApplication(21060): NetworkModule initialized (Conscrypt TLS acceleration enabled)
11-25 19:21:18.526 D/HyperXrayApplication(21060): NetworkModule initialized (Conscrypt TLS acceleration enabled)
11-25 19:21:18.527 D/AppInitializer(21060): === HyperXray AI Optimizer Initialization ===
