11-25 18:20:36.828 D/TProxyUtils(17392): âœ… DNS CACHE HIT (Xray sniffing): cloudconsole-pa.googleapis.com -> [142.251.38.234, 172.217.169.138, 172.217.169.202, 216.58.214.138, 142.250.184.138, 142.250.187.106, 142.250.187.138, 142.250.187.170, 172.217.17.106, 172.217.17.138, 172.217.20.74, 216.58.212.10, 216.58.212.42, 216.58.213.106, 142.251.140.10, 142.251.140.42] (served from cache)
11-25 18:20:36.828 I/XrayRuntimeService(17392): Xray: 2025/11/25 15:20:36.825094 from tcp:127.0.0.1:32914 accepted tcp:142.251.111.95:443 [vless_0]
11-25 18:20:36.829 I/XrayRuntimeService(17392): Xray: 2025/11/25 15:20:36.824820 [Info] [2256092443] app/dispatcher: sniffed domain: cloudconsole-pa.googleapis.com
11-25 18:20:36.829 D/MultiXrayCoreManager(17392): Selected instance 3 (port 41528) for IP 142.251.167.95
11-25 18:20:36.830 D/TProxyUtils(17392): Sticky routing: domain=null, ip=142.251.167.95 -> instance 3, port 41528
11-25 18:20:36.830 I/XrayRuntimeService(17392): Xray: 2025/11/25 15:20:36.827008 [Info] [1535926648] app/dispatcher: default route for tcp:142.251.111.95:443
11-25 18:20:36.830 D/MultiXrayCoreManager(17392): Selected instance 0 (port 51504) for IP 142.251.111.95
11-25 18:20:36.830 D/TProxyUtils(17392): Sticky routing: domain=null, ip=142.251.111.95 -> instance 0, port 51504
11-25 18:20:36.830 D/TProxyUtils(17392): Sticky routing: domain=null, ip=127.0.0.1 -> instance 0, port 51504
11-25 18:20:36.830 D/TProxyUtils(17392): Sticky routing: domain=null, ip=142.251.111.95 -> instance 0, port 51504
11-25 18:20:36.830 I/XrayRuntimeService(17392): Xray: 2025/11/25 15:20:36.825103 from tcp:127.0.0.1:32920 accepted tcp:142.251.167.95:443 [vless_0]
11-25 18:20:36.831 D/TProxyUtils(17392): Sticky routing: domain=null, ip=142.251.111.95 -> instance 0, port 51504
11-25 18:20:36.831 I/XrayRuntimeService(17392): Xray: 2025/11/25 15:20:36.827024 [Info] [1535926648] transport/internet/tcp: dialing TCP to tcp:sus.halibiram.online:443
11-25 18:20:36.832 I/XrayRuntimeService(17392): Xray: 2025/11/25 15:20:36.824832 [Info] [2256092443] app/dispatcher: default route for tcp:cloudconsole-pa.googleapis.com:443
11-25 18:20:36.832 D/TProxyUtils(17392): Sticky routing: domain=cloudconsole-pa.googleapis.com, ip=null -> instance 1, port 16352
11-25 18:20:36.833 I/XrayRuntimeService(17392): Xray: 2025/11/25 15:20:36.825097 [Info] [1989499740] app/dispatcher: default route for tcp:142.251.111.95:443
11-25 18:20:36.833 I/XrayRuntimeService(17392): Xray: 2025/11/25 15:20:36.827032 [Debug] [1535926648] transport/internet: dialing to tcp:sus.halibiram.online:443
11-25 18:20:36.833 I/XrayRuntimeService(17392): Xray: 2025/11/25 15:20:36.824836 [Info] [2256092443] transport/internet/tcp: dialing TCP to tcp:sus.halibiram.online:443
11-25 18:20:36.833 D/TProxyUtils(17392): Sticky routing: domain=null, ip=127.0.0.1 -> instance 0, port 51504
11-25 18:20:36.834 D/TProxyUtils(17392): Sticky routing: domain=cloudconsole-pa.googleapis.com, ip=null -> instance 1, port 16352
11-25 18:20:36.834 D/TProxyUtils(17392): Sticky routing: domain=null, ip=142.251.111.95 -> instance 0, port 51504
11-25 18:20:36.834 I/XrayRuntimeService(17392): Xray: 2025/11/25 15:20:36.824840 [Debug] [2256092443] transport/internet: dialing to tcp:sus.halibiram.online:443
11-25 18:20:36.834 I/XrayRuntimeService(17392): Xray: 2025/11/25 15:20:36.825126 [Info] [1989499740] transport/internet/tcp: dialing TCP to tcp:sus.halibiram.online:443
11-25 18:20:36.835 I/XrayRuntimeService(17392): Xray: 2025/11/25 15:20:36.827048 from tcp:127.0.0.1:32934 accepted tcp:142.251.111.95:443 [vless_0]
11-25 18:20:36.836 I/XrayRuntimeService(17392): Xray: 2025/11/25 15:20:36.824853 from tcp:127.0.0.1:32910 accepted tcp:142.251.167.95:443 [vless_0]
11-25 18:20:36.836 I/XrayRuntimeService(17392): Xray: 2025/11/25 15:20:36.825131 [Info] [1272750946] proxy/socks: TCP Connect request to tcp:142.251.167.95:443
11-25 18:20:36.836 D/TProxyUtils(17392): Sticky routing: domain=null, ip=127.0.0.1 -> instance 0, port 51504
11-25 18:20:36.837 D/TProxyUtils(17392): Sticky routing: domain=null, ip=127.0.0.1 -> instance 0, port 51504
11-25 18:20:36.837 I/XrayRuntimeService(17392): Xray: 2025/11/25 15:20:36.825136 [Debug] [1989499740] transport/internet: dialing to tcp:sus.halibiram.online:443
11-25 18:20:36.838 D/TProxyUtils(17392): Sticky routing: domain=null, ip=142.251.167.95 -> instance 3, port 41528
11-25 18:20:36.838 D/DnsCacheManager(17392): ðŸ” Checking DNS cache for: cloudconsole-pa.googleapis.com
11-25 18:20:36.838 I/DnsCacheManager(17392): âœ… DNS cache HIT: cloudconsole-pa.googleapis.com -> [142.251.38.234, 172.217.169.138, 172.217.169.202, 216.58.214.138, 142.250.184.138, 142.250.187.106, 142.250.187.138, 142.250.187.170, 172.217.17.106, 172.217.17.138, 172.217.20.74, 216.58.212.10, 216.58.212.42, 216.58.213.106, 142.251.140.10, 142.251.140.42] (age: 105s, latency: 0.191094ms)
11-25 18:20:36.838 D/TProxyUtils(17392): âœ… DNS CACHE HIT (Xray sniffing): cloudconsole-pa.googleapis.com -> [142.251.38.234, 172.217.169.138, 172.217.169.202, 216.58.214.138, 142.250.184.138, 142.250.187.106, 142.250.187.138, 142.250.187.170, 172.217.17.106, 172.217.17.138, 172.217.20.74, 216.58.212.10, 216.58.212.42, 216.58.213.106, 142.251.140.10, 142.251.140.42] (served from cache)
11-25 18:20:36.839 I/XrayRuntimeService(17392): Xray: 2025/11/25 15:20:36.825139 [Info] [1272750946] app/dispatcher: sniffed domain: cloudconsole-pa.googleapis.com
11-25 18:20:36.840 D/TProxyUtils(17392): Sticky routing: domain=cloudconsole-pa.googleapis.com, ip=null -> instance 1, port 16352
11-25 18:20:36.840 I/XrayRuntimeService(17392): Xray: 2025/11/25 15:20:36.825142 [Info] [1272750946] app/dispatcher: default route for tcp:cloudconsole-pa.googleapis.com:443
11-25 18:20:36.841 D/TProxyUtils(17392): Sticky routing: domain=cloudconsole-pa.googleapis.com, ip=null -> instance 1, port 16352
11-25 18:20:36.841 I/XrayRuntimeService(17392): Xray: 2025/11/25 15:20:36.825145 [Info] [1272750946] transport/internet/tcp: dialing TCP to tcp:sus.halibiram.online:443
11-25 18:20:36.842 I/XrayRuntimeService(17392): Xray: 2025/11/25 15:20:36.825148 [Debug] [1272750946] transport/internet: dialing to tcp:sus.halibiram.online:443
11-25 18:20:36.912 W/DnsSocketPool(17392): InterruptedIOException during receive: Poll timed out
11-25 18:20:37.091 D/DnsCacheManager( 2707): ðŸ“Š Active entries: 100 (total cache: 201, showing top 100)
11-25 18:20:37.091 D/DnsCacheManager( 2707): ðŸ“Š Metrics updated: entries=201, activeEntries=100, hits=7524, misses=4678, hitRate=61%
11-25 18:20:37.092 D/DnsCacheManager( 2707): ðŸ“Š Metrics update #600: entries=201, hits=7524, misses=4678, hitRate=61%
11-25 18:20:37.100 D/DnsCacheManager(17392): ðŸ“Š Active entries: 100 (total cache: 260, showing top 100)
11-25 18:20:37.100 D/DnsCacheManager(17392): ðŸ“Š Metrics updated: entries=260, activeEntries=100, hits=7645, misses=4842, hitRate=61%
11-25 18:20:37.112 W/DnsSocketPool(17392): InterruptedIOException during receive: Poll timed out
11-25 18:20:37.113 W/DnsSocketPool(17392): InterruptedIOException during receive: Poll timed out
11-25 18:20:37.114 D/DnsUpstreamClient(17392): ðŸ” Happy Eyeballs Wave 2: Querying next 3 servers for feedback-pa.googleapis.com
11-25 18:20:37.115 D/DnsSocketPool(17392): âœ… DNS socket bound to VPN interface: 198.18.0.1
11-25 18:20:37.115 D/DnsSocketPool(17392): âœ… DNS socket bound to VPN interface: 198.18.0.1
11-25 18:20:37.115 D/DnsSocketPool(17392): âœ… DNS socket bound to VPN interface: 198.18.0.1
11-25 18:20:37.156 I/XrayRuntimeService(17392): Xray: 2025/11/25 15:20:37.152577 [Info] [1535926648] proxy/vless/outbound: tunneling request to tcp:142.251.111.95:443 via sus.halibiram.online:443
11-25 18:20:37.158 D/TProxyUtils(17392): Sticky routing: domain=null, ip=142.251.111.95 -> instance 0, port 51504
11-25 18:20:37.158 I/XrayRuntimeService(17392): Xray: 2025/11/25 15:20:37.156323 [Info] [2256092443] proxy/vless/outbound: tunneling request to tcp:cloudconsole-pa.googleapis.com:443 via sus.halibiram.online:443
11-25 18:20:37.159 I/XrayRuntimeService(17392): Xray: 2025/11/25 15:20:37.158224 [Info] [1989499740] proxy/vless/outbound: tunneling request to tcp:142.251.111.95:443 via sus.halibiram.online:443
11-25 18:20:37.160 I/XrayRuntimeService(17392): Xray: 2025/11/25 15:20:37.156545 [Info] [2256092443] proxy: XtlsFilterTls found tls client hello! 517
11-25 18:20:37.160 D/TProxyUtils(17392): Sticky routing: domain=cloudconsole-pa.googleapis.com, ip=null -> instance 1, port 16352
11-25 18:20:37.161 D/TProxyUtils(17392): Sticky routing: domain=null, ip=142.251.111.95 -> instance 0, port 51504
11-25 18:20:37.161 I/XrayRuntimeService(17392): Xray: 2025/11/25 15:20:37.159891 [Info] [1272750946] proxy/vless/outbound: tunneling request to tcp:cloudconsole-pa.googleapis.com:443 via sus.halibiram.online:443
11-25 18:20:37.161 I/XrayRuntimeService(17392): Xray: 2025/11/25 15:20:37.156550 [Info] [2256092443] proxy: XtlsPadding 517 703 0
11-25 18:20:37.162 D/TProxyUtils(17392): Sticky routing: domain=cloudconsole-pa.googleapis.com, ip=null -> instance 1, port 16352
11-25 18:20:37.162 I/XrayRuntimeService(17392): Xray: 2025/11/25 15:20:37.159963 [Info] [1272750946] proxy: XtlsFilterTls found tls client hello! 517
11-25 18:20:37.164 I/XrayRuntimeService(17392): Xray: 2025/11/25 15:20:37.159968 [Info] [1272750946] proxy: XtlsPadding 517 469 0
11-25 18:20:37.341 I/XrayRuntimeService(17392): Xray: 2025/11/25 15:20:37.338495 [Info] [1272750946] proxy: Xtls Unpadding new block, content 3197 padding 107 command 0
11-25 18:20:37.341 I/XrayRuntimeService(17392): Xray: 2025/11/25 15:20:37.339777 [Info] [2256092443] proxy: Xtls Unpadding new block, content 3197 padding 166 command 0
11-25 18:20:37.342 I/XrayRuntimeService(17392): Xray: 2025/11/25 15:20:37.338552 [Info] [1272750946] proxy: XtlsFilterTls found tls 1.3! 1163 TLS_CHACHA20_POLY1305_SHA256
11-25 18:20:37.343 I/XrayRuntimeService(17392): Xray: 2025/11/25 15:20:37.339806 [Info] [2256092443] proxy: XtlsFilterTls found tls 1.3! 1163 TLS_CHACHA20_POLY1305_SHA256
11-25 18:20:37.347 I/XrayRuntimeService(17392): Xray: 2025/11/25 15:20:37.345802 [Info] [1272750946] proxy: XtlsPadding 64 1067 0
11-25 18:20:37.350 I/XrayRuntimeService(17392): Xray: 2025/11/25 15:20:37.348667 [Info] [2256092443] proxy: XtlsPadding 64 893 0
11-25 18:20:37.386 I/XrayRuntimeService(17392): Xray: 2025/11/25 15:20:37.383375 [Info] [1272750946] proxy: XtlsPadding 1187 219 2
11-25 18:20:37.394 I/XrayRuntimeService(17392): Xray: 2025/11/25 15:20:37.391377 [Info] [2256092443] proxy: XtlsPadding 3589 68 2
11-25 18:20:37.531 I/XrayRuntimeService(17392): Xray: 2025/11/25 15:20:37.525410 [Info] [2256092443] proxy: Xtls Unpadding new block, content 62 padding 993 command 2
11-25 18:20:37.531 I/XrayRuntimeService(17392): Xray: 2025/11/25 15:20:37.527700 [Info] [1272750946] proxy: Xtls Unpadding new block, content 62 padding 1314 command 2
11-25 18:20:37.535 I/XrayRuntimeService(17392): Xray: 2025/11/25 15:20:37.525481 [Info] [2256092443] proxy: CopyRawConn splice
11-25 18:20:37.535 I/XrayRuntimeService(17392): Xray: 2025/11/25 15:20:37.527804 [Info] [1272750946] proxy: CopyRawConn splice
11-25 18:20:37.593 D/DnsCacheManager( 2707): ðŸ“Š Active entries: 100 (total cache: 201, showing top 100)
11-25 18:20:37.594 D/DnsCacheManager( 2707): ðŸ“Š Metrics updated: entries=201, activeEntries=100, hits=7524, misses=4678, hitRate=61%
11-25 18:20:37.601 D/DnsCacheManager(17392): ðŸ“Š Active entries: 100 (total cache: 260, showing top 100)
11-25 18:20:37.601 D/DnsCacheManager(17392): ðŸ“Š Metrics updated: entries=260, activeEntries=100, hits=7645, misses=4842, hitRate=61%
11-25 18:20:37.693 I/XrayRuntimeService(17392): Xray: 2025/11/25 15:20:37.690882 [Info] [1219479884] proxy/socks: TCP Connect request to tcp:142.251.167.95:443
11-25 18:20:37.693 D/DnsCacheManager(17392): ðŸ” Checking DNS cache for: cloudconsole-pa.googleapis.com
11-25 18:20:37.694 I/DnsCacheManager(17392): âœ… DNS cache HIT: cloudconsole-pa.googleapis.com -> [142.251.38.234, 172.217.169.138, 172.217.169.202, 216.58.214.138, 142.250.184.138, 142.250.187.106, 142.250.187.138, 142.250.187.170, 172.217.17.106, 172.217.17.138, 172.217.20.74, 216.58.212.10, 216.58.212.42, 216.58.213.106, 142.251.140.10, 142.251.140.42] (age: 106s, latency: 0.201094ms)
11-25 18:20:37.694 D/TProxyUtils(17392): âœ… DNS CACHE HIT (Xray sniffing): cloudconsole-pa.googleapis.com -> [142.251.38.234, 172.217.169.138, 172.217.169.202, 216.58.214.138, 142.250.184.138, 142.250.187.106, 142.250.187.138, 142.250.187.170, 172.217.17.106, 172.217.17.138, 172.217.20.74, 216.58.212.10, 216.58.212.42, 216.58.213.106, 142.251.140.10, 142.251.140.42] (served from cache)
11-25 18:20:37.695 I/XrayRuntimeService(17392): Xray: 2025/11/25 15:20:37.691709 [Info] [1219479884] app/dispatcher: sniffed domain: cloudconsole-pa.googleapis.com
11-25 18:20:37.695 D/TProxyUtils(17392): Sticky routing: domain=null, ip=142.251.167.95 -> instance 3, port 41528
11-25 18:20:37.696 I/XrayRuntimeService(17392): Xray: 2025/11/25 15:20:37.691719 [Info] [851449068] proxy/socks: TCP Connect request to tcp:142.251.167.95:443
11-25 18:20:37.697 D/TProxyUtils(17392): Sticky routing: domain=cloudconsole-pa.googleapis.com, ip=null -> instance 1, port 16352
11-25 18:20:37.698 D/TProxyUtils(17392): Sticky routing: domain=null, ip=142.251.167.95 -> instance 3, port 41528
11-25 18:20:37.698 I/XrayRuntimeService(17392): Xray: 2025/11/25 15:20:37.691723 [Info] [1219479884] app/dispatcher: default route for tcp:cloudconsole-pa.googleapis.com:443
11-25 18:20:37.700 D/TProxyUtils(17392): Sticky routing: domain=cloudconsole-pa.googleapis.com, ip=null -> instance 1, port 16352
11-25 18:20:37.700 I/XrayRuntimeService(17392): Xray: 2025/11/25 15:20:37.691726 [Info] [1219479884] transport/internet/tcp: dialing TCP to tcp:sus.halibiram.online:443
11-25 18:20:37.701 I/XrayRuntimeService(17392): Xray: 2025/11/25 15:20:37.691729 [Debug] [1219479884] transport/internet: dialing to tcp:sus.halibiram.online:443
11-25 18:20:37.702 I/XrayRuntimeService(17392): Xray: 2025/11/25 15:20:37.691732 [Info] [715659027] proxy/socks: TCP Connect request to tcp:142.251.167.95:443
11-25 18:20:37.703 D/DnsCacheManager(17392): ðŸ” Checking DNS cache for: cloudconsole-pa.googleapis.com
11-25 18:20:37.703 I/DnsCacheManager(17392): âœ… DNS cache HIT: cloudconsole-pa.googleapis.com -> [142.251.38.234, 172.217.169.138, 172.217.169.202, 216.58.214.138, 142.250.184.138, 142.250.187.106, 142.250.187.138, 142.250.187.170, 172.217.17.106, 172.217.17.138, 172.217.20.74, 216.58.212.10, 216.58.212.42, 216.58.213.106, 142.251.140.10, 142.251.140.42] (age: 106s, latency: 0.207708ms)
11-25 18:20:37.703 D/TProxyUtils(17392): âœ… DNS CACHE HIT (Xray sniffing): cloudconsole-pa.googleapis.com -> [142.251.38.234, 172.217.169.138, 172.217.169.202, 216.58.214.138, 142.250.184.138, 142.250.187.106, 142.250.187.138, 142.250.187.170, 172.217.17.106, 172.217.17.138, 172.217.20.74, 216.58.212.10, 216.58.212.42, 216.58.213.106, 142.251.140.10, 142.251.140.42] (served from cache)
11-25 18:20:37.704 D/TProxyUtils(17392): Sticky routing: domain=null, ip=142.251.167.95 -> instance 3, port 41528
11-25 18:20:37.704 I/XrayRuntimeService(17392): Xray: 2025/11/25 15:20:37.691735 [Info] [851449068] app/dispatcher: sniffed domain: cloudconsole-pa.googleapis.com
11-25 18:20:37.705 D/TProxyUtils(17392): Sticky routing: domain=cloudconsole-pa.googleapis.com, ip=null -> instance 1, port 16352
11-25 18:20:37.705 I/XrayRuntimeService(17392): Xray: 2025/11/25 15:20:37.691738 [Info] [851449068] app/dispatcher: default route for tcp:cloudconsole-pa.googleapis.com:443
11-25 18:20:37.706 D/TProxyUtils(17392): Sticky routing: domain=cloudconsole-pa.googleapis.com, ip=null -> instance 1, port 16352
11-25 18:20:37.706 I/XrayRuntimeService(17392): Xray: 2025/11/25 15:20:37.691741 [Info] [851449068] transport/internet/tcp: dialing TCP to tcp:sus.halibiram.online:443
11-25 18:20:37.708 I/XrayRuntimeService(17392): Xray: 2025/11/25 15:20:37.691743 [Debug] [851449068] transport/internet: dialing to tcp:sus.halibiram.online:443
11-25 18:20:37.709 I/XrayRuntimeService(17392): Xray: 2025/11/25 15:20:37.691751 from tcp:127.0.0.1:32950 accepted tcp:142.251.167.95:443 [vless_0]
11-25 18:20:37.710 D/TProxyUtils(17392): Sticky routing: domain=null, ip=127.0.0.1 -> instance 0, port 51504
11-25 18:20:37.710 I/XrayRuntimeService(17392): Xray: 2025/11/25 15:20:37.691754 from tcp:127.0.0.1:32974 accepted tcp:142.251.167.95:443 [vless_0]
11-25 18:20:37.710 D/DnsCacheManager(17392): ðŸ” Checking DNS cache for: cloudconsole-pa.googleapis.com
11-25 18:20:37.710 I/DnsCacheManager(17392): âœ… DNS cache HIT: cloudconsole-pa.googleapis.com -> [142.251.38.234, 172.217.169.138, 172.217.169.202, 216.58.214.138, 142.250.184.138, 142.250.187.106, 142.250.187.138, 142.250.187.170, 172.217.17.106, 172.217.17.138, 172.217.20.74, 216.58.212.10, 216.58.212.42, 216.58.213.106, 142.251.140.10, 142.251.140.42] (age: 106s, latency: 0.17099ms)
11-25 18:20:37.711 D/TProxyUtils(17392): âœ… DNS CACHE HIT (Xray sniffing): cloudconsole-pa.googleapis.com -> [142.251.38.234, 172.217.169.138, 172.217.169.202, 216.58.214.138, 142.250.184.138, 142.250.187.106, 142.250.187.138, 142.250.187.170, 172.217.17.106, 172.217.17.138, 172.217.20.74, 216.58.212.10, 216.58.212.42, 216.58.213.106, 142.251.140.10, 142.251.140.42] (served from cache)
11-25 18:20:37.711 D/TProxyUtils(17392): Sticky routing: domain=null, ip=127.0.0.1 -> instance 0, port 51504
11-25 18:20:37.711 I/XrayRuntimeService(17392): Xray: 2025/11/25 15:20:37.691799 [Info] [715659027] app/dispatcher: sniffed domain: cloudconsole-pa.googleapis.com
11-25 18:20:37.713 D/TProxyUtils(17392): Sticky routing: domain=cloudconsole-pa.googleapis.com, ip=null -> instance 1, port 16352
11-25 18:20:37.713 I/XrayRuntimeService(17392): Xray: 2025/11/25 15:20:37.691804 from tcp:127.0.0.1:32966 accepted tcp:142.251.167.95:443 [vless_0]
11-25 18:20:37.714 D/TProxyUtils(17392): Sticky routing: domain=null, ip=127.0.0.1 -> instance 0, port 51504
11-25 18:20:37.714 I/XrayRuntimeService(17392): Xray: 2025/11/25 15:20:37.691810 [Info] [715659027] app/dispatcher: default route for tcp:cloudconsole-pa.googleapis.com:443
11-25 18:20:37.715 D/TProxyUtils(17392): Sticky routing: domain=cloudconsole-pa.googleapis.com, ip=null -> instance 1, port 16352
11-25 18:20:37.715 I/XrayRuntimeService(17392): Xray: 2025/11/25 15:20:37.691814 [Info] [715659027] transport/internet/tcp: dialing TCP to tcp:sus.halibiram.online:443
11-25 18:20:37.717 I/XrayRuntimeService(17392): Xray: 2025/11/25 15:20:37.691818 [Debug] [715659027] transport/internet: dialing to tcp:sus.halibiram.online:443
11-25 18:20:38.072 I/XrayRuntimeService(17392): Xray: 2025/11/25 15:20:38.068804 [Info] [1219479884] proxy/vless/outbound: tunneling request to tcp:cloudconsole-pa.googleapis.com:443 via sus.halibiram.online:443
11-25 18:20:38.074 D/TProxyUtils(17392): Sticky routing: domain=cloudconsole-pa.googleapis.com, ip=null -> instance 1, port 16352
11-25 18:20:38.075 I/XrayRuntimeService(17392): Xray: 2025/11/25 15:20:38.069436 [Info] [1219479884] proxy: XtlsFilterTls found tls client hello! 517
11-25 18:20:38.077 I/XrayRuntimeService(17392): Xray: 2025/11/25 15:20:38.069444 [Info] [1219479884] proxy: XtlsPadding 517 727 0
11-25 18:20:38.079 I/XrayRuntimeService(17392): Xray: 2025/11/25 15:20:38.069448 [Info] [851449068] proxy/vless/outbound: tunneling request to tcp:cloudconsole-pa.googleapis.com:443 via sus.halibiram.online:443
11-25 18:20:38.081 I/XrayRuntimeService(17392): Xray: 2025/11/25 15:20:38.069469 [Info] [851449068] proxy: XtlsFilterTls found tls client hello! 517
11-25 18:20:38.081 D/TProxyUtils(17392): Sticky routing: domain=cloudconsole-pa.googleapis.com, ip=null -> instance 1, port 16352
11-25 18:20:38.083 I/XrayRuntimeService(17392): Xray: 2025/11/25 15:20:38.069473 [Info] [851449068] proxy: XtlsPadding 517 672 0
11-25 18:20:38.084 D/XrayLogHandler(17392): Broadcasted a batch of logs.
11-25 18:20:38.085 I/XrayRuntimeService(17392): Xray: 2025/11/25 15:20:38.069698 [Info] [715659027] proxy/vless/outbound: tunneling request to tcp:cloudconsole-pa.googleapis.com:443 via sus.halibiram.online:443
11-25 18:20:38.086 I/XrayRuntimeService(17392): Xray: 2025/11/25 15:20:38.069746 [Info] [715659027] proxy: XtlsFilterTls found tls client hello! 517
11-25 18:20:38.086 D/TProxyUtils(17392): Sticky routing: domain=cloudconsole-pa.googleapis.com, ip=null -> instance 1, port 16352
11-25 18:20:38.087 I/XrayRuntimeService(17392): Xray: 2025/11/25 15:20:38.069750 [Info] [715659027] proxy: XtlsPadding 517 866 0
11-25 18:20:38.095 D/DnsCacheManager( 2707): ðŸ“Š Active entries: 100 (total cache: 201, showing top 100)
11-25 18:20:38.095 D/DnsCacheManager( 2707): ðŸ“Š Metrics updated: entries=201, activeEntries=100, hits=7524, misses=4678, hitRate=61%
11-25 18:20:38.102 D/DnsCacheManager(17392): ðŸ“Š Active entries: 100 (total cache: 260, showing top 100)
11-25 18:20:38.103 D/DnsCacheManager(17392): ðŸ“Š Metrics updated: entries=260, activeEntries=100, hits=7648, misses=4842, hitRate=61%
11-25 18:20:38.116 W/DnsSocketPool(17392): InterruptedIOException during receive: Poll timed out
11-25 18:20:38.117 W/DnsSocketPool(17392): InterruptedIOException during receive: Poll timed out
11-25 18:20:38.117 W/DnsSocketPool(17392): InterruptedIOException during receive: Poll timed out
11-25 18:20:38.118 W/DnsUpstreamClient(17392): âŒ No DNS response from any upstream server for feedback-pa.googleapis.com (total: 2008ms)
11-25 18:20:38.118 D/DnsUpstreamClient(17392): âš ï¸ DNS UPSTREAM QUERY UDP FAILED: feedback-pa.googleapis.com (UDP: 2008ms), trying DoT fallback...
11-25 18:20:38.118 D/DnsUpstreamClient(17392): ðŸ”„ Trying DoT fallback for feedback-pa.googleapis.com (DNS over TLS)...
11-25 18:20:38.248 I/XrayRuntimeService(17392): Xray: 2025/11/25 15:20:38.245835 [Info] [715659027] proxy: Xtls Unpadding new block, content 3198 padding 170 command 0
11-25 18:20:38.249 I/XrayRuntimeService(17392): Xray: 2025/11/25 15:20:38.245873 [Info] [715659027] proxy: XtlsFilterTls found tls 1.3! 1163 TLS_CHACHA20_POLY1305_SHA256
11-25 18:20:38.251 I/XrayRuntimeService(17392): Xray: 2025/11/25 15:20:38.247723 [Info] [851449068] proxy: Xtls Unpadding new block, content 3196 padding 131 command 0
11-25 18:20:38.252 I/XrayRuntimeService(17392): Xray: 2025/11/25 15:20:38.247736 [Info] [851449068] proxy: XtlsFilterTls found tls 1.3! 1163 TLS_CHACHA20_POLY1305_SHA256
11-25 18:20:38.254 I/XrayRuntimeService(17392): Xray: 2025/11/25 15:20:38.251346 [Info] [715659027] proxy: XtlsPadding 64 861 0
11-25 18:20:38.255 I/XrayRuntimeService(17392): Xray: 2025/11/25 15:20:38.251801 [Info] [1219479884] proxy: Xtls Unpadding new block, content 3197 padding 144 command 0
11-25 18:20:38.257 I/XrayRuntimeService(17392): Xray: 2025/11/25 15:20:38.251808 [Info] [1219479884] proxy: XtlsFilterTls found tls 1.3! 1163 TLS_CHACHA20_POLY1305_SHA256
11-25 18:20:38.258 I/XrayRuntimeService(17392): Xray: 2025/11/25 15:20:38.253257 [Info] [851449068] proxy: XtlsPadding 64 1282 0
11-25 18:20:38.259 I/XrayRuntimeService(17392): Xray: 2025/11/25 15:20:38.255517 [Info] [1219479884] proxy: XtlsPadding 125 1194 0
11-25 18:20:38.293 I/XrayRuntimeService(17392): Xray: 2025/11/25 15:20:38.291302 [Info] [715659027] proxy: XtlsPadding 1152 133 2
11-25 18:20:38.294 I/XrayRuntimeService(17392): Xray: 2025/11/25 15:20:38.291329 [Info] [851449068] proxy: XtlsPadding 1180 104 2
11-25 18:20:38.296 I/XrayRuntimeService(17392): Xray: 2025/11/25 15:20:38.295314 [Info] [1219479884] proxy: XtlsPadding 1132 89 2
11-25 18:20:38.369 I/DnsUpstreamClient(17392): âœ… DNS resolved via DoT (Cloudflare): feedback-pa.googleapis.com (251ms)
11-25 18:20:38.369 D/DnsPacketUtils(17392): ðŸ” [PARSER] Starting DNS response parse for feedback-pa.googleapis.com (300 bytes)
11-25 18:20:38.369 D/DnsPacketUtils(17392): ðŸ“Š [PARSER] DNS header: TXID=0x320e, flags=0x8180, Q=1, A=16, NS=0, AR=0
11-25 18:20:38.372 I/DnsCacheManager(17392): ðŸ’¾ DNS cache SAVED: feedback-pa.googleapis.com -> [216.58.212.10, 216.58.212.42, 216.58.213.106, 142.251.140.10, 142.251.140.42, 142.251.140.74, 142.251.38.234, 172.217.169.202, 216.58.214.138, 142.250.184.138, 142.250.187.106, 142.250.187.138, 142.250.187.170, 172.217.17.106, 172.217.17.138, 172.217.20.74] (TTL: 172800s, total entries: 261)
11-25 18:20:38.407 I/DnsUpstreamClient(17392): âœ… DNS resolved via DoT (Google): feedback-pa.googleapis.com (289ms)
11-25 18:20:38.407 D/DnsPacketUtils(17392): ðŸ” [PARSER] Starting DNS response parse for feedback-pa.googleapis.com (300 bytes)
11-25 18:20:38.407 D/DnsPacketUtils(17392): ðŸ“Š [PARSER] DNS header: TXID=0x320e, flags=0x8180, Q=1, A=16, NS=0, AR=0
11-25 18:20:38.410 I/DnsCacheManager(17392): ðŸ’¾ DNS cache SAVED: feedback-pa.googleapis.com -> [172.217.17.138, 142.250.187.138, 142.251.140.10, 216.58.212.42, 216.58.213.106, 172.217.169.170, 142.250.187.170, 142.250.184.138, 216.58.214.138, 142.251.38.234, 172.217.20.74, 172.217.17.106, 142.251.140.74, 142.250.187.106, 142.251.140.42, 216.58.212.10] (TTL: 172800s, total entries: 261)
11-25 18:20:38.437 I/XrayRuntimeService(17392): Xray: 2025/11/25 15:20:38.433082 [Info] [715659027] proxy: Xtls Unpadding new block, content 62 padding 972 command 2
11-25 18:20:38.441 I/XrayRuntimeService(17392): Xray: 2025/11/25 15:20:38.433177 [Info] [715659027] proxy: CopyRawConn splice
11-25 18:20:38.443 I/XrayRuntimeService(17392): Xray: 2025/11/25 15:20:38.434077 [Info] [851449068] proxy: Xtls Unpadding new block, content 62 padding 1153 command 2
11-25 18:20:38.445 I/XrayRuntimeService(17392): Xray: 2025/11/25 15:20:38.434088 [Info] [851449068] proxy: CopyRawConn splice
11-25 18:20:38.447 I/XrayRuntimeService(17392): Xray: 2025/11/25 15:20:38.438820 [Info] [1219479884] proxy: Xtls Unpadding new block, content 93 padding 1256 command 2
11-25 18:20:38.449 I/XrayRuntimeService(17392): Xray: 2025/11/25 15:20:38.439032 [Info] [1219479884] proxy: CopyRawConn splice
11-25 18:20:38.459 I/DnsUpstreamClient(17392): âœ… DNS resolved via DoT (Quad9): feedback-pa.googleapis.com (341ms)
11-25 18:20:38.459 D/DnsPacketUtils(17392): ðŸ” [PARSER] Starting DNS response parse for feedback-pa.googleapis.com (252 bytes)
11-25 18:20:38.459 D/DnsPacketUtils(17392): ðŸ“Š [PARSER] DNS header: TXID=0x320e, flags=0x8180, Q=1, A=13, NS=0, AR=0
11-25 18:20:38.461 I/DnsCacheManager(17392): ðŸ’¾ DNS cache SAVED: feedback-pa.googleapis.com -> [74.125.128.95, 74.125.143.95, 173.194.69.95, 108.177.96.95, 108.177.119.95, 108.177.127.95, 172.217.218.95, 142.251.31.95, 142.251.18.95, 192.178.156.95, 192.178.213.95, 142.250.153.95, 142.250.145.95] (TTL: 172800s, total entries: 261)
11-25 18:20:38.462 D/DnsUpstreamClient(17392): âœ… DNS UPSTREAM QUERY SUCCESS (DoT): feedback-pa.googleapis.com -> 300 bytes (DoT: 344ms, total: 2352ms)
11-25 18:20:38.462 D/SystemDnsCacheServer(17392): âœ… DNS RESOLVE: Upstream query completed (response size: 300 bytes, duration: 2352ms)
11-25 18:20:38.462 D/DnsPacketUtils(17392): ðŸ” [PARSER] Starting DNS response parse for feedback-pa.googleapis.com (300 bytes)
11-25 18:20:38.462 D/DnsPacketUtils(17392): ðŸ“Š [PARSER] DNS header: TXID=0x320e, flags=0x8180, Q=1, A=16, NS=0, AR=0
11-25 18:20:38.465 I/DnsCacheManager(17392): ðŸ’¾ DNS cache SAVED: feedback-pa.googleapis.com -> [216.58.212.10, 216.58.212.42, 216.58.213.106, 142.251.140.10, 142.251.140.42, 142.251.140.74, 142.251.38.234, 172.217.169.202, 216.58.214.138, 142.250.184.138, 142.250.187.106, 142.250.187.138, 142.250.187.170, 172.217.17.106, 172.217.17.138, 172.217.20.74] (TTL: 300s, total entries: 261)
11-25 18:20:38.465 I/SystemDnsCacheServer(17392): âœ… DNS RESOLVE SUCCESS: feedback-pa.googleapis.com -> [216.58.212.10, 216.58.212.42, 216.58.213.106, 142.251.140.10, 142.251.140.42, 142.251.140.74, 142.251.38.234, 172.217.169.202, 216.58.214.138, 142.250.184.138, 142.250.187.106, 142.250.187.138, 142.250.187.170, 172.217.17.106, 172.217.17.138, 172.217.20.74] (TTL: 300s, parse: 3ms, cache save: 0ms, total: 2355ms)
11-25 18:20:38.465 D/TProxyUtils(17392): âœ… DNS resolved for feedback-pa.googleapis.com in 2355ms -> [216.58.212.10, 216.58.212.42, 216.58.213.106, 142.251.140.10, 142.251.140.42, 142.251.140.74, 142.251.38.234, 172.217.169.202, 216.58.214.138, 142.250.184.138, 142.250.187.106, 142.250.187.138, 142.250.187.170, 172.217.17.106, 172.217.17.138, 172.217.20.74]
11-25 18:20:38.465 I/DnsCacheManager(17392): ðŸ’¾ DNS cache SAVED: feedback-pa.googleapis.com -> [216.58.212.10, 216.58.212.42, 216.58.213.106, 142.251.140.10, 142.251.140.42, 142.251.140.74, 142.251.38.234, 172.217.169.202, 216.58.214.138, 142.250.184.138, 142.250.187.106, 142.250.187.138, 142.250.187.170, 172.217.17.106, 172.217.17.138, 172.217.20.74] (TTL: 172800s, total entries: 261)
11-25 18:20:38.466 D/TProxyUtils(17392): ðŸ’¾ DNS cached from Xray sniffing (via SystemDnsCacheServer): feedback-pa.googleapis.com -> [216.58.212.10, 216.58.212.42, 216.58.213.106, 142.251.140.10, 142.251.140.42, 142.251.140.74, 142.251.38.234, 172.217.169.202, 216.58.214.138, 142.250.184.138, 142.250.187.106, 142.250.187.138, 142.250.187.170, 172.217.17.106, 172.217.17.138, 172.217.20.74]
11-25 18:20:38.519 D/XrayStatsManager( 2707): Throughput calculated: uplink=0 B/s, downlink=0 B/s, timeDelta=2.015s
11-25 18:20:38.519 D/XrayStatsManager( 2707): Core stats updated - Uplink: 113,25KB, Downlink: 1,06MB, Uplink Throughput: 0 B/s, Downlink Throughput: 0 B/s
11-25 18:20:38.596 D/DnsCacheManager( 2707): ðŸ“Š Active entries: 100 (total cache: 201, showing top 100)
11-25 18:20:38.597 D/DnsCacheManager( 2707): ðŸ“Š Metrics updated: entries=201, activeEntries=100, hits=7524, misses=4678, hitRate=61%
11-25 18:20:38.605 D/DnsCacheManager(17392): ðŸ“Š Active entries: 100 (total cache: 261, showing top 100)
11-25 18:20:38.605 D/DnsCacheManager(17392): ðŸ“Š Metrics updated: entries=261, activeEntries=100, hits=7648, misses=4842, hitRate=61%
11-25 18:20:38.605 D/DnsCacheManager(17392): ðŸ“Š Metrics update #600: entries=261, hits=7648, misses=4842, hitRate=61%
11-25 18:20:38.679 D/DnsCacheManager(17392): ðŸ’¾ DNS cache saved to file (debounced): 261 entries
11-25 18:20:39.098 D/DnsCacheManager( 2707): ðŸ“Š Active entries: 100 (total cache: 201, showing top 100)
11-25 18:20:39.099 D/DnsCacheManager( 2707): ðŸ“Š Metrics updated: entries=201, activeEntries=100, hits=7524, misses=4678, hitRate=61%
11-25 18:20:39.107 D/DnsCacheManager(17392): ðŸ“Š Active entries: 100 (total cache: 261, showing top 100)
11-25 18:20:39.108 D/DnsCacheManager(17392): ðŸ“Š Metrics updated: entries=261, activeEntries=100, hits=7648, misses=4842, hitRate=61%
11-25 18:20:39.601 D/DnsCacheManager( 2707): ðŸ“Š Active entries: 100 (total cache: 201, showing top 100)
11-25 18:20:39.601 D/DnsCacheManager( 2707): ðŸ“Š Metrics updated: entries=201, activeEntries=100, hits=7524, misses=4678, hitRate=61%
11-25 18:20:39.610 D/DnsCacheManager(17392): ðŸ“Š Active entries: 100 (total cache: 261, showing top 100)
11-25 18:20:39.610 D/DnsCacheManager(17392): ðŸ“Š Metrics updated: entries=261, activeEntries=100, hits=7648, misses=4842, hitRate=61%
11-25 18:20:40.102 D/DnsCacheManager( 2707): ðŸ“Š Active entries: 100 (total cache: 201, showing top 100)
11-25 18:20:40.103 D/DnsCacheManager( 2707): ðŸ“Š Metrics updated: entries=201, activeEntries=100, hits=7524, misses=4678, hitRate=61%
11-25 18:20:40.112 D/DnsCacheManager(17392): ðŸ“Š Active entries: 100 (total cache: 261, showing top 100)
11-25 18:20:40.112 D/DnsCacheManager(17392): ðŸ“Š Metrics updated: entries=261, activeEntries=100, hits=7648, misses=4842, hitRate=61%
11-25 18:20:40.531 D/XrayStatsManager( 2707): Throughput calculated: uplink=0 B/s, downlink=0 B/s, timeDelta=2.011s
11-25 18:20:40.532 D/XrayStatsManager( 2707): Core stats updated - Uplink: 113,25KB, Downlink: 1,06MB, Uplink Throughput: 0 B/s, Downlink Throughput: 0 B/s
11-25 18:20:40.584 D/TProxyMetricsCollector(17392): Native stats raw: txPackets=417, txBytes=112929, rxPackets=307, rxBytes=73459
11-25 18:20:40.600 D/TProxyMetricsCollector(17392): Packet loss calculation: nativeStats(txPackets=417, rxPackets=307, txBytes=112929, rxBytes=73459), lastNativeStats(txPackets=314, rxPackets=226, txBytes=93188, rxBytes=49209)
11-25 18:20:40.600 D/TProxyMetricsCollector(17392): Packet loss deltas: txPacketDelta=103, rxPacketDelta=81, txByteDelta=19741, rxByteDelta=24250, totalPackets=184, timeDelta=30036ms
11-25 18:20:40.600 D/TProxyMetricsCollector(17392): No packet loss detected, returning default: 0.001 (0.1%)
11-25 18:20:40.600 D/TProxyMetricsCollector(17392): Native delta: txBytes=112929 (delta=19741), rxBytes=73459 (delta=24250), total=43991, timeDelta=30036ms
11-25 18:20:40.600 D/TProxyMetricsCollector(17392): Native throughput: 0.0013967601162946913MB/s, nativeStats=true
11-25 18:20:40.600 D/TProxyMetricsCollector(17392): Collected metrics: throughput=0.0013967601162946913MB/s, rtt=29.799999999999997ms, loss=0.1%, handshake=150.0ms, nativeStats=true
11-25 18:20:40.601 D/TProxyAiOptimizer(17392): Optimizing TProxy configuration based on metrics: throughput=1464.6091357038222, rtt=29.799999999999997, loss=0.001, handshake=150.0
11-25 18:20:40.603 D/DnsCacheManager( 2707): ðŸ“Š Active entries: 100 (total cache: 201, showing top 100)
11-25 18:20:40.604 D/DnsCacheManager( 2707): ðŸ“Š Metrics updated: entries=201, activeEntries=100, hits=7524, misses=4678, hitRate=61%
11-25 18:20:40.609 D/TProxyAiOptimizer(17392): AI recommendations: MTU=-1, Buffer=-1, Timeout=0, Pipeline=0, MultiQueue=0
11-25 18:20:40.613 D/DnsCacheManager(17392): ðŸ“Š Active entries: 100 (total cache: 261, showing top 100)
11-25 18:20:40.613 D/DnsCacheManager(17392): ðŸ“Š Metrics updated: entries=261, activeEntries=100, hits=7648, misses=4842, hitRate=61%
11-25 18:20:40.621 D/TProxyAiOptimizer(17392): Expected improvement (0.0%) is too small, keeping current config
11-25 18:20:40.621 D/TProxyAiOptimizer(17392): Optimization skipped: Improvement too small
11-25 18:20:41.105 D/DnsCacheManager( 2707): ðŸ“Š Active entries: 100 (total cache: 201, showing top 100)
11-25 18:20:41.106 D/DnsCacheManager( 2707): ðŸ“Š Metrics updated: entries=201, activeEntries=100, hits=7524, misses=4678, hitRate=61%
11-25 18:20:41.114 D/DnsCacheManager(17392): ðŸ“Š Active entries: 100 (total cache: 261, showing top 100)
11-25 18:20:41.115 D/DnsCacheManager(17392): ðŸ“Š Metrics updated: entries=261, activeEntries=100, hits=7648, misses=4842, hitRate=61%
11-25 18:20:41.607 D/DnsCacheManager( 2707): ðŸ“Š Active entries: 100 (total cache: 201, showing top 100)
11-25 18:20:41.608 D/DnsCacheManager( 2707): ðŸ“Š Metrics updated: entries=201, activeEntries=100, hits=7524, misses=4678, hitRate=61%
11-25 18:20:41.616 D/DnsCacheManager(17392): ðŸ“Š Active entries: 100 (total cache: 261, showing top 100)
11-25 18:20:41.617 D/DnsCacheManager(17392): ðŸ“Š Metrics updated: entries=261, activeEntries=100, hits=7648, misses=4842, hitRate=61%
11-25 18:20:42.110 D/DnsCacheManager( 2707): ðŸ“Š Active entries: 100 (total cache: 201, showing top 100)
11-25 18:20:42.110 D/DnsCacheManager( 2707): ðŸ“Š Metrics updated: entries=201, activeEntries=100, hits=7524, misses=4678, hitRate=61%
11-25 18:20:42.110 D/DnsCacheManager( 2707): ðŸ“Š Metrics update #610: entries=201, hits=7524, misses=4678, hitRate=61%
11-25 18:20:42.120 D/DnsCacheManager(17392): ðŸ“Š Active entries: 100 (total cache: 261, showing top 100)
11-25 18:20:42.120 D/DnsCacheManager(17392): ðŸ“Š Metrics updated: entries=261, activeEntries=100, hits=7648, misses=4842, hitRate=61%
11-25 18:20:42.548 D/XrayStatsManager( 2707): Throughput calculated: uplink=0 B/s, downlink=0 B/s, timeDelta=2.018s
11-25 18:20:42.548 D/XrayStatsManager( 2707): Core stats updated - Uplink: 113,25KB, Downlink: 1,06MB, Uplink Throughput: 0 B/s, Downlink Throughput: 0 B/s
11-25 18:20:42.612 D/DnsCacheManager( 2707): ðŸ“Š Active entries: 100 (total cache: 201, showing top 100)
11-25 18:20:42.613 D/DnsCacheManager( 2707): ðŸ“Š Metrics updated: entries=201, activeEntries=100, hits=7524, misses=4678, hitRate=61%
11-25 18:20:42.622 D/DnsCacheManager(17392): ðŸ“Š Active entries: 100 (total cache: 261, showing top 100)
11-25 18:20:42.623 D/DnsCacheManager(17392): ðŸ“Š Metrics updated: entries=261, activeEntries=100, hits=7648, misses=4842, hitRate=61%
11-25 18:20:43.115 D/DnsCacheManager( 2707): ðŸ“Š Active entries: 100 (total cache: 201, showing top 100)
11-25 18:20:43.115 D/DnsCacheManager( 2707): ðŸ“Š Metrics updated: entries=201, activeEntries=100, hits=7524, misses=4678, hitRate=61%
11-25 18:20:43.124 D/DnsCacheManager(17392): ðŸ“Š Active entries: 100 (total cache: 261, showing top 100)
11-25 18:20:43.124 D/DnsCacheManager(17392): ðŸ“Š Metrics updated: entries=261, activeEntries=100, hits=7648, misses=4842, hitRate=61%
11-25 18:20:43.617 D/DnsCacheManager( 2707): ðŸ“Š Active entries: 100 (total cache: 201, showing top 100)
11-25 18:20:43.617 D/DnsCacheManager( 2707): ðŸ“Š Metrics updated: entries=201, activeEntries=100, hits=7524, misses=4678, hitRate=61%
11-25 18:20:43.626 D/DnsCacheManager(17392): ðŸ“Š Active entries: 100 (total cache: 261, showing top 100)
11-25 18:20:43.626 D/DnsCacheManager(17392): ðŸ“Š Metrics updated: entries=261, activeEntries=100, hits=7648, misses=4842, hitRate=61%
11-25 18:20:43.626 D/DnsCacheManager(17392): ðŸ“Š Metrics update #610: entries=261, hits=7648, misses=4842, hitRate=61%
11-25 18:20:44.120 D/DnsCacheManager( 2707): ðŸ“Š Active entries: 100 (total cache: 201, showing top 100)
11-25 18:20:44.120 D/DnsCacheManager( 2707): ðŸ“Š Metrics updated: entries=201, activeEntries=100, hits=7524, misses=4678, hitRate=61%
11-25 18:20:44.127 D/DnsCacheManager(17392): ðŸ“Š Active entries: 100 (total cache: 261, showing top 100)
11-25 18:20:44.128 D/DnsCacheManager(17392): ðŸ“Š Metrics updated: entries=261, activeEntries=100, hits=7648, misses=4842, hitRate=61%
11-25 18:20:44.563 D/XrayStatsManager( 2707): Throughput calculated: uplink=0 B/s, downlink=0 B/s, timeDelta=2.015s
11-25 18:20:44.563 D/XrayStatsManager( 2707): Core stats updated - Uplink: 113,25KB, Downlink: 1,06MB, Uplink Throughput: 0 B/s, Downlink Throughput: 0 B/s
11-25 18:20:44.622 D/DnsCacheManager( 2707): ðŸ“Š Active entries: 100 (total cache: 201, showing top 100)
11-25 18:20:44.622 D/DnsCacheManager( 2707): ðŸ“Š Metrics updated: entries=201, activeEntries=100, hits=7524, misses=4678, hitRate=61%
11-25 18:20:44.629 D/DnsCacheManager(17392): ðŸ“Š Active entries: 100 (total cache: 261, showing top 100)
11-25 18:20:44.630 D/DnsCacheManager(17392): ðŸ“Š Metrics updated: entries=261, activeEntries=100, hits=7648, misses=4842, hitRate=61%
11-25 18:20:45.124 D/DnsCacheManager( 2707): ðŸ“Š Active entries: 100 (total cache: 201, showing top 100)
11-25 18:20:45.125 D/DnsCacheManager( 2707): ðŸ“Š Metrics updated: entries=201, activeEntries=100, hits=7524, misses=4678, hitRate=61%
11-25 18:20:45.132 D/DnsCacheManager(17392): ðŸ“Š Active entries: 100 (total cache: 261, showing top 100)
11-25 18:20:45.133 D/DnsCacheManager(17392): ðŸ“Š Metrics updated: entries=261, activeEntries=100, hits=7648, misses=4842, hitRate=61%
11-25 18:20:45.626 D/DnsCacheManager( 2707): ðŸ“Š Active entries: 100 (total cache: 201, showing top 100)
11-25 18:20:45.627 D/DnsCacheManager( 2707): ðŸ“Š Metrics updated: entries=201, activeEntries=100, hits=7524, misses=4678, hitRate=61%
11-25 18:20:45.634 D/DnsCacheManager(17392): ðŸ“Š Active entries: 100 (total cache: 261, showing top 100)
11-25 18:20:45.635 D/DnsCacheManager(17392): ðŸ“Š Metrics updated: entries=261, activeEntries=100, hits=7648, misses=4842, hitRate=61%
11-25 18:20:46.129 D/DnsCacheManager( 2707): ðŸ“Š Active entries: 100 (total cache: 201, showing top 100)
11-25 18:20:46.129 D/DnsCacheManager( 2707): ðŸ“Š Metrics updated: entries=201, activeEntries=100, hits=7524, misses=4678, hitRate=61%
11-25 18:20:46.136 D/DnsCacheManager(17392): ðŸ“Š Active entries: 100 (total cache: 261, showing top 100)
11-25 18:20:46.137 D/DnsCacheManager(17392): ðŸ“Š Metrics updated: entries=261, activeEntries=100, hits=7648, misses=4842, hitRate=61%
11-25 18:20:46.578 D/XrayStatsManager( 2707): Throughput calculated: uplink=28,00B/s, downlink=0 B/s, timeDelta=2.015s
11-25 18:20:46.579 D/XrayStatsManager( 2707): Core stats updated - Uplink: 113,31KB, Downlink: 1,06MB, Uplink Throughput: 28,00B/s, Downlink Throughput: 0 B/s
11-25 18:20:46.630 D/DnsCacheManager( 2707): ðŸ“Š Active entries: 100 (total cache: 201, showing top 100)
11-25 18:20:46.630 D/DnsCacheManager( 2707): ðŸ“Š Metrics updated: entries=201, activeEntries=100, hits=7524, misses=4678, hitRate=61%
11-25 18:20:46.638 D/DnsCacheManager(17392): ðŸ“Š Active entries: 100 (total cache: 261, showing top 100)
11-25 18:20:46.639 D/DnsCacheManager(17392): ðŸ“Š Metrics updated: entries=261, activeEntries=100, hits=7648, misses=4842, hitRate=61%
11-25 18:20:47.132 D/DnsCacheManager( 2707): ðŸ“Š Active entries: 100 (total cache: 201, showing top 100)
11-25 18:20:47.132 D/DnsCacheManager( 2707): ðŸ“Š Metrics updated: entries=201, activeEntries=100, hits=7524, misses=4678, hitRate=61%
11-25 18:20:47.132 D/DnsCacheManager( 2707): ðŸ“Š Metrics update #620: entries=201, hits=7524, misses=4678, hitRate=61%
11-25 18:20:47.140 D/DnsCacheManager(17392): ðŸ“Š Active entries: 100 (total cache: 261, showing top 100)
11-25 18:20:47.141 D/DnsCacheManager(17392): ðŸ“Š Metrics updated: entries=261, activeEntries=100, hits=7648, misses=4842, hitRate=61%
11-25 18:20:47.460 E/ActivityManagerWrapper( 5210):  mainTaskId=204   userId=0   windowMode=1   isExcludedFromRecents=false   baseIntent=Intent { act=android.intent.action.MAIN flag=270532608 cmp=ComponentInfo{com.hyperxray.an/com.hyperxray.an.activity.MainActivity} }
11-25 18:20:47.461 D/RecentsTaskLoader( 5210): reloadTasksData [TaskKey{id=204, stackId=0, baseIntent=Intent { act=android.intent.action.MAIN cat=[android.intent.category.LAUNCHER] flg=0x10200000 cmp=com.hyperxray.an/.activity.MainActivity }, userId=0, lastActiveTime=33014773, windowingMode=1, isThumbnailBlur=false, isAccessLocked=false, isScreening=false, topActivity=ComponentInfo{com.hyperxray.an/com.hyperxray.an.activity.MainActivity}, mHashCode=7000916}, title=HyperXray, titleDescription=HyperXray, bounds=null, isLaunchTarget=false, isStackTask=true, isSystemApp=false, isDockable=true, baseActivity=ComponentInfo{com.hyperxray.an/com.hyperxray.an.activity.MainActivity}, isLocked=false, mNeedHide=false, hasMultipleTasks=false, cti1Key=, cti2Key=] 
11-25 18:20:47.633 D/DnsCacheManager( 2707): ðŸ“Š Active entries: 100 (total cache: 201, showing top 100)
11-25 18:20:47.633 D/DnsCacheManager( 2707): ðŸ“Š Metrics updated: entries=201, activeEntries=100, hits=7524, misses=4678, hitRate=61%
11-25 18:20:47.641 D/DnsCacheManager(17392): ðŸ“Š Active entries: 100 (total cache: 261, showing top 100)
11-25 18:20:47.642 D/DnsCacheManager(17392): ðŸ“Š Metrics updated: entries=261, activeEntries=100, hits=7648, misses=4842, hitRate=61%
11-25 18:20:48.135 D/DnsCacheManager( 2707): ðŸ“Š Active entries: 100 (total cache: 201, showing top 100)
11-25 18:20:48.136 D/DnsCacheManager( 2707): ðŸ“Š Metrics updated: entries=201, activeEntries=100, hits=7524, misses=4678, hitRate=61%
11-25 18:20:48.145 D/DnsCacheManager(17392): ðŸ“Š Active entries: 100 (total cache: 261, showing top 100)
11-25 18:20:48.146 D/DnsCacheManager(17392): ðŸ“Š Metrics updated: entries=261, activeEntries=100, hits=7648, misses=4842, hitRate=61%
11-25 18:20:48.591 D/XrayStatsManager( 2707): Throughput calculated: uplink=0 B/s, downlink=0 B/s, timeDelta=2.013s
11-25 18:20:48.592 D/XrayStatsManager( 2707): Core stats updated - Uplink: 113,31KB, Downlink: 1,06MB, Uplink Throughput: 0 B/s, Downlink Throughput: 0 B/s
11-25 18:20:48.637 D/DnsCacheManager( 2707): ðŸ“Š Active entries: 100 (total cache: 201, showing top 100)
11-25 18:20:48.637 D/DnsCacheManager( 2707): ðŸ“Š Metrics updated: entries=201, activeEntries=100, hits=7524, misses=4678, hitRate=61%
11-25 18:20:48.647 D/DnsCacheManager(17392): ðŸ“Š Active entries: 100 (total cache: 261, showing top 100)
11-25 18:20:48.648 D/DnsCacheManager(17392): ðŸ“Š Metrics updated: entries=261, activeEntries=100, hits=7648, misses=4842, hitRate=61%
11-25 18:20:48.648 D/DnsCacheManager(17392): ðŸ“Š Metrics update #620: entries=261, hits=7648, misses=4842, hitRate=61%
11-25 18:20:49.139 D/DnsCacheManager( 2707): ðŸ“Š Active entries: 100 (total cache: 201, showing top 100)
11-25 18:20:49.139 D/DnsCacheManager( 2707): ðŸ“Š Metrics updated: entries=201, activeEntries=100, hits=7524, misses=4678, hitRate=61%
11-25 18:20:49.149 D/DnsCacheManager(17392): ðŸ“Š Active entries: 100 (total cache: 261, showing top 100)
11-25 18:20:49.150 D/DnsCacheManager(17392): ðŸ“Š Metrics updated: entries=261, activeEntries=100, hits=7648, misses=4842, hitRate=61%
11-25 18:20:49.641 D/DnsCacheManager( 2707): ðŸ“Š Active entries: 100 (total cache: 201, showing top 100)
11-25 18:20:49.641 D/DnsCacheManager( 2707): ðŸ“Š Metrics updated: entries=201, activeEntries=100, hits=7524, misses=4678, hitRate=61%
11-25 18:20:49.652 D/DnsCacheManager(17392): ðŸ“Š Active entries: 100 (total cache: 261, showing top 100)
11-25 18:20:49.653 D/DnsCacheManager(17392): ðŸ“Š Metrics updated: entries=261, activeEntries=100, hits=7648, misses=4842, hitRate=61%
11-25 18:20:50.143 D/DnsCacheManager( 2707): ðŸ“Š Active entries: 100 (total cache: 201, showing top 100)
11-25 18:20:50.144 D/DnsCacheManager( 2707): ðŸ“Š Metrics updated: entries=201, activeEntries=100, hits=7524, misses=4678, hitRate=61%
11-25 18:20:50.155 D/DnsCacheManager(17392): ðŸ“Š Active entries: 100 (total cache: 261, showing top 100)
11-25 18:20:50.156 D/DnsCacheManager(17392): ðŸ“Š Metrics updated: entries=261, activeEntries=100, hits=7648, misses=4842, hitRate=61%
11-25 18:20:50.604 D/XrayStatsManager( 2707): Throughput calculated: uplink=0 B/s, downlink=0 B/s, timeDelta=2.013s
11-25 18:20:50.604 D/XrayStatsManager( 2707): Core stats updated - Uplink: 113,31KB, Downlink: 1,06MB, Uplink Throughput: 0 B/s, Downlink Throughput: 0 B/s
11-25 18:20:50.645 D/DnsCacheManager( 2707): ðŸ“Š Active entries: 100 (total cache: 201, showing top 100)
11-25 18:20:50.645 D/DnsCacheManager( 2707): ðŸ“Š Metrics updated: entries=201, activeEntries=100, hits=7524, misses=4678, hitRate=61%
11-25 18:20:50.657 D/DnsCacheManager(17392): ðŸ“Š Active entries: 100 (total cache: 261, showing top 100)
11-25 18:20:50.658 D/DnsCacheManager(17392): ðŸ“Š Metrics updated: entries=261, activeEntries=100, hits=7648, misses=4842, hitRate=61%
11-25 18:20:50.877 D/PolicyMaker( 3443): uid =10568 pkg=com.hyperxray.an reason=VPN_APP
11-25 18:20:51.130 E/ActivityManagerWrapper( 5210):  mainTaskId=204   userId=0   windowMode=1   isExcludedFromRecents=false   baseIntent=Intent { act=android.intent.action.MAIN flag=270532608 cmp=ComponentInfo{com.hyperxray.an/com.hyperxray.an.activity.MainActivity} }
11-25 18:20:51.131 D/RecentsTaskLoader( 5210): reloadTasksData [TaskKey{id=204, stackId=0, baseIntent=Intent { act=android.intent.action.MAIN cat=[android.intent.category.LAUNCHER] flg=0x10200000 cmp=com.hyperxray.an/.activity.MainActivity }, userId=0, lastActiveTime=33014773, windowingMode=1, isThumbnailBlur=false, isAccessLocked=false, isScreening=false, topActivity=ComponentInfo{com.hyperxray.an/com.hyperxray.an.activity.MainActivity}, mHashCode=7000916}, title=HyperXray, titleDescription=HyperXray, bounds=null, isLaunchTarget=false, isStackTask=true, isSystemApp=false, isDockable=true, baseActivity=ComponentInfo{com.hyperxray.an/com.hyperxray.an.activity.MainActivity}, isLocked=false, mNeedHide=false, hasMultipleTasks=false, cti1Key=, cti2Key=] 
11-25 18:20:51.146 D/DnsCacheManager( 2707): ðŸ“Š Active entries: 100 (total cache: 201, showing top 100)
11-25 18:20:51.146 D/DnsCacheManager( 2707): ðŸ“Š Metrics updated: entries=201, activeEntries=100, hits=7524, misses=4678, hitRate=61%
11-25 18:20:51.158 D/DnsCacheManager(17392): ðŸ“Š Active entries: 100 (total cache: 261, showing top 100)
11-25 18:20:51.159 D/DnsCacheManager(17392): ðŸ“Š Metrics updated: entries=261, activeEntries=100, hits=7648, misses=4842, hitRate=61%
11-25 18:20:51.646 D/DnsCacheManager( 2707): ðŸ“Š Active entries: 100 (total cache: 201, showing top 100)
11-25 18:20:51.647 D/DnsCacheManager( 2707): ðŸ“Š Metrics updated: entries=201, activeEntries=100, hits=7524, misses=4678, hitRate=61%
11-25 18:20:51.659 D/DnsCacheManager(17392): ðŸ“Š Active entries: 100 (total cache: 261, showing top 100)
11-25 18:20:51.660 D/DnsCacheManager(17392): ðŸ“Š Metrics updated: entries=261, activeEntries=100, hits=7648, misses=4842, hitRate=61%
11-25 18:20:51.799 I/XrayRuntimeService(17392): Xray: 2025/11/25 15:20:51.793295 [Debug] [1978628466] proxy/socks: Not Socks request, try to parse as HTTP request
11-25 18:20:51.805 I/XrayRuntimeService(17392): Xray: 2025/11/25 15:20:51.793409 [Info] [1978628466] proxy/http: request to Method [CONNECT] Host [ind-howl.api.intl.miui.com:443] with URL [//ind-howl.api.intl.miui.com:443]
11-25 18:20:51.805 D/DnsCacheManager(17392): ðŸ” Checking DNS cache for: ind-howl.api.intl.miui.com
11-25 18:20:51.805 I/DnsCacheManager(17392): âœ… DNS cache HIT: ind-howl.api.intl.miui.com -> [20.33.56.13, 20.33.56.12, 20.33.56.7] (age: 1555s, latency: 0.249115ms)
11-25 18:20:51.805 D/TProxyUtils(17392): âœ… DNS CACHE HIT (Xray sniffing): ind-howl.api.intl.miui.com -> [20.33.56.13, 20.33.56.12, 20.33.56.7] (served from cache)
11-25 18:20:51.808 I/XrayRuntimeService(17392): Xray: 2025/11/25 15:20:51.799894 [Info] [1978628466] app/dispatcher: sniffed domain: ind-howl.api.intl.miui.com
11-25 18:20:51.810 I/XrayRuntimeService(17392): Xray: 2025/11/25 15:20:51.799913 [Info] [1978628466] app/dispatcher: default route for tcp:ind-howl.api.intl.miui.com:443
11-25 18:20:51.812 I/XrayRuntimeService(17392): Xray: 2025/11/25 15:20:51.799917 [Info] [1978628466] transport/internet/tcp: dialing TCP to tcp:sus.halibiram.online:443
11-25 18:20:51.813 I/XrayRuntimeService(17392): Xray: 2025/11/25 15:20:51.799921 [Debug] [1978628466] transport/internet: dialing to tcp:sus.halibiram.online:443
