11-25 14:51:14.730 D/DnsCacheManager(30853):  Metrics job is already running (isActive=true)
11-25 14:51:14.730 I/MainViewModelDashboardAdapter(30853):  DNS cache stats StateFlow connected: entries=554, hits=898, misses=478, hitRate=65%
11-25 14:51:14.730 D/DnsCacheManager(30853):  Metrics job is already running (isActive=true)
11-25 14:51:14.924 D/DnsCacheManager(16085):  Active entries: 100 (total cache: 557, showing top 100)
11-25 14:51:14.924 D/DnsCacheManager(16085):  Metrics updated: entries=557, activeEntries=100, hits=1112, misses=585, hitRate=65%
11-25 14:51:14.959 D/DnsCacheManager(30853):  Active entries: 100 (total cache: 554, showing top 100)
11-25 14:51:14.959 D/DnsCacheManager(30853):  Metrics updated: entries=554, activeEntries=100, hits=898, misses=478, hitRate=65%
11-25 14:51:15.426 D/DnsCacheManager(16085):  Active entries: 100 (total cache: 557, showing top 100)
11-25 14:51:15.426 D/DnsCacheManager(16085):  Metrics updated: entries=557, activeEntries=100, hits=1112, misses=585, hitRate=65%
11-25 14:51:15.426 D/DnsCacheManager(16085):  Metrics update #750: entries=557, hits=1112, misses=585, hitRate=65%
11-25 14:51:15.460 D/DnsCacheManager(30853):  Active entries: 100 (total cache: 554, showing top 100)
11-25 14:51:15.461 D/DnsCacheManager(30853):  Metrics updated: entries=554, activeEntries=100, hits=898, misses=478, hitRate=65%
11-25 14:51:15.928 D/DnsCacheManager(16085):  Active entries: 100 (total cache: 557, showing top 100)
11-25 14:51:15.928 D/DnsCacheManager(16085):  Metrics updated: entries=557, activeEntries=100, hits=1112, misses=585, hitRate=65%
11-25 14:51:15.962 D/DnsCacheManager(30853):  Active entries: 100 (total cache: 554, showing top 100)
11-25 14:51:15.962 D/DnsCacheManager(30853):  Metrics updated: entries=554, activeEntries=100, hits=898, misses=478, hitRate=65%
11-25 14:51:16.430 D/DnsCacheManager(16085):  Active entries: 100 (total cache: 557, showing top 100)
11-25 14:51:16.430 D/DnsCacheManager(16085):  Metrics updated: entries=557, activeEntries=100, hits=1112, misses=585, hitRate=65%
11-25 14:51:16.463 D/DnsCacheManager(30853):  Active entries: 100 (total cache: 554, showing top 100)
11-25 14:51:16.463 D/DnsCacheManager(30853):  Metrics updated: entries=554, activeEntries=100, hits=898, misses=478, hitRate=65%
11-25 14:51:16.730 D/DnsCacheManager(30853): DnsCacheManager already initialized, ensuring metrics job is running...
11-25 14:51:16.730 D/DnsCacheManager(30853):  Metrics job is already running (isActive=true)
11-25 14:51:16.730 I/MainViewModelDashboardAdapter(30853):  DNS cache stats StateFlow connected: entries=554, hits=898, misses=478, hitRate=65%
11-25 14:51:16.730 D/DnsCacheManager(30853):  Metrics job is already running (isActive=true)
11-25 14:51:16.931 D/DnsCacheManager(16085):  Active entries: 100 (total cache: 557, showing top 100)
11-25 14:51:16.931 D/DnsCacheManager(16085):  Metrics updated: entries=557, activeEntries=100, hits=1112, misses=585, hitRate=65%
11-25 14:51:16.964 D/DnsCacheManager(30853):  Active entries: 100 (total cache: 554, showing top 100)
11-25 14:51:16.964 D/DnsCacheManager(30853):  Metrics updated: entries=554, activeEntries=100, hits=898, misses=478, hitRate=65%
11-25 14:51:17.433 D/DnsCacheManager(16085):  Active entries: 100 (total cache: 557, showing top 100)
11-25 14:51:17.433 D/DnsCacheManager(16085):  Metrics updated: entries=557, activeEntries=100, hits=1112, misses=585, hitRate=65%
11-25 14:51:17.465 D/DnsCacheManager(30853):  Active entries: 100 (total cache: 554, showing top 100)
11-25 14:51:17.465 D/DnsCacheManager(30853):  Metrics updated: entries=554, activeEntries=100, hits=898, misses=478, hitRate=65%
11-25 14:51:17.934 D/DnsCacheManager(16085):  Active entries: 100 (total cache: 557, showing top 100)
11-25 14:51:17.934 D/DnsCacheManager(16085):  Metrics updated: entries=557, activeEntries=100, hits=1112, misses=585, hitRate=65%
11-25 14:51:17.966 D/DnsCacheManager(30853):  Active entries: 100 (total cache: 554, showing top 100)
11-25 14:51:17.966 D/DnsCacheManager(30853):  Metrics updated: entries=554, activeEntries=100, hits=898, misses=478, hitRate=65%
11-25 14:51:17.966 D/DnsCacheManager(30853):  Metrics update #760: entries=554, hits=898, misses=478, hitRate=65%
11-25 14:51:18.435 D/DnsCacheManager(16085):  Active entries: 100 (total cache: 557, showing top 100)
11-25 14:51:18.436 D/DnsCacheManager(16085):  Metrics updated: entries=557, activeEntries=100, hits=1112, misses=585, hitRate=65%
11-25 14:51:18.467 D/DnsCacheManager(30853):  Active entries: 100 (total cache: 554, showing top 100)
11-25 14:51:18.468 D/DnsCacheManager(30853):  Metrics updated: entries=554, activeEntries=100, hits=898, misses=478, hitRate=65%
11-25 14:51:18.731 D/DnsCacheManager(30853): DnsCacheManager already initialized, ensuring metrics job is running...
11-25 14:51:18.731 D/DnsCacheManager(30853):  Metrics job is already running (isActive=true)
11-25 14:51:18.731 I/MainViewModelDashboardAdapter(30853):  DNS cache stats StateFlow connected: entries=554, hits=898, misses=478, hitRate=65%
11-25 14:51:18.731 D/DnsCacheManager(30853):  Metrics job is already running (isActive=true)
11-25 14:51:18.937 D/DnsCacheManager(16085):  Active entries: 100 (total cache: 557, showing top 100)
11-25 14:51:18.937 D/DnsCacheManager(16085):  Metrics updated: entries=557, activeEntries=100, hits=1112, misses=585, hitRate=65%
11-25 14:51:18.969 D/DnsCacheManager(30853):  Active entries: 100 (total cache: 554, showing top 100)
11-25 14:51:18.969 D/DnsCacheManager(30853):  Metrics updated: entries=554, activeEntries=100, hits=898, misses=478, hitRate=65%
11-25 14:51:19.438 D/DnsCacheManager(16085):  Active entries: 100 (total cache: 557, showing top 100)
11-25 14:51:19.438 D/DnsCacheManager(16085):  Metrics updated: entries=557, activeEntries=100, hits=1112, misses=585, hitRate=65%
11-25 14:51:19.470 D/DnsCacheManager(30853):  Active entries: 100 (total cache: 554, showing top 100)
11-25 14:51:19.470 D/DnsCacheManager(30853):  Metrics updated: entries=554, activeEntries=100, hits=898, misses=478, hitRate=65%
11-25 14:51:19.940 D/DnsCacheManager(16085):  Active entries: 100 (total cache: 557, showing top 100)
11-25 14:51:19.940 D/DnsCacheManager(16085):  Metrics updated: entries=557, activeEntries=100, hits=1112, misses=585, hitRate=65%
11-25 14:51:19.971 D/DnsCacheManager(30853):  Active entries: 100 (total cache: 554, showing top 100)
11-25 14:51:19.971 D/DnsCacheManager(30853):  Metrics updated: entries=554, activeEntries=100, hits=898, misses=478, hitRate=65%
11-25 14:51:20.441 D/DnsCacheManager(16085):  Active entries: 100 (total cache: 557, showing top 100)
11-25 14:51:20.442 D/DnsCacheManager(16085):  Metrics updated: entries=557, activeEntries=100, hits=1112, misses=585, hitRate=65%
11-25 14:51:20.442 D/DnsCacheManager(16085):  Metrics update #760: entries=557, hits=1112, misses=585, hitRate=65%
11-25 14:51:20.472 D/DnsCacheManager(30853):  Active entries: 100 (total cache: 554, showing top 100)
11-25 14:51:20.472 D/DnsCacheManager(30853):  Metrics updated: entries=554, activeEntries=100, hits=898, misses=478, hitRate=65%
11-25 14:51:20.731 D/DnsCacheManager(30853): DnsCacheManager already initialized, ensuring metrics job is running...
11-25 14:51:20.731 D/DnsCacheManager(30853):  Metrics job is already running (isActive=true)
11-25 14:51:20.732 I/MainViewModelDashboardAdapter(30853):  DNS cache stats StateFlow connected: entries=554, hits=898, misses=478, hitRate=65%
11-25 14:51:20.732 D/DnsCacheManager(30853):  Metrics job is already running (isActive=true)
11-25 14:51:20.943 D/DnsCacheManager(16085):  Active entries: 100 (total cache: 557, showing top 100)
11-25 14:51:20.944 D/DnsCacheManager(16085):  Metrics updated: entries=557, activeEntries=100, hits=1112, misses=585, hitRate=65%
11-25 14:51:20.973 D/DnsCacheManager(30853):  Active entries: 100 (total cache: 554, showing top 100)
11-25 14:51:20.973 D/DnsCacheManager(30853):  Metrics updated: entries=554, activeEntries=100, hits=898, misses=478, hitRate=65%
11-25 14:51:21.445 D/DnsCacheManager(16085):  Active entries: 100 (total cache: 557, showing top 100)
11-25 14:51:21.445 D/DnsCacheManager(16085):  Metrics updated: entries=557, activeEntries=100, hits=1112, misses=585, hitRate=65%
11-25 14:51:21.474 D/DnsCacheManager(30853):  Active entries: 100 (total cache: 554, showing top 100)
11-25 14:51:21.474 D/DnsCacheManager(30853):  Metrics updated: entries=554, activeEntries=100, hits=898, misses=478, hitRate=65%
11-25 14:51:21.947 D/DnsCacheManager(16085):  Active entries: 100 (total cache: 557, showing top 100)
11-25 14:51:21.948 D/DnsCacheManager(16085):  Metrics updated: entries=557, activeEntries=100, hits=1112, misses=585, hitRate=65%
11-25 14:51:21.975 D/DnsCacheManager(30853):  Active entries: 100 (total cache: 554, showing top 100)
11-25 14:51:21.975 D/DnsCacheManager(30853):  Metrics updated: entries=554, activeEntries=100, hits=898, misses=478, hitRate=65%
11-25 14:51:22.449 D/DnsCacheManager(16085):  Active entries: 100 (total cache: 557, showing top 100)
11-25 14:51:22.449 D/DnsCacheManager(16085):  Metrics updated: entries=557, activeEntries=100, hits=1112, misses=585, hitRate=65%
11-25 14:51:22.477 D/DnsCacheManager(30853):  Active entries: 100 (total cache: 554, showing top 100)
11-25 14:51:22.477 D/DnsCacheManager(30853):  Metrics updated: entries=554, activeEntries=100, hits=898, misses=478, hitRate=65%
11-25 14:51:22.732 D/DnsCacheManager(30853): DnsCacheManager already initialized, ensuring metrics job is running...
11-25 14:51:22.732 D/DnsCacheManager(30853):  Metrics job is already running (isActive=true)
11-25 14:51:22.732 D/DnsCacheManager(30853):  Metrics job is already running (isActive=true)
11-25 14:51:22.732 I/MainViewModelDashboardAdapter(30853):  DNS cache stats StateFlow connected: entries=554, hits=898, misses=478, hitRate=65%
11-25 14:51:22.950 D/DnsCacheManager(16085):  Active entries: 100 (total cache: 557, showing top 100)
11-25 14:51:22.951 D/DnsCacheManager(16085):  Metrics updated: entries=557, activeEntries=100, hits=1112, misses=585, hitRate=65%
11-25 14:51:22.978 D/DnsCacheManager(30853):  Active entries: 100 (total cache: 554, showing top 100)
11-25 14:51:22.978 D/DnsCacheManager(30853):  Metrics updated: entries=554, activeEntries=100, hits=898, misses=478, hitRate=65%
11-25 14:51:22.978 D/DnsCacheManager(30853):  Metrics update #770: entries=554, hits=898, misses=478, hitRate=65%
11-25 14:51:23.452 D/DnsCacheManager(16085):  Active entries: 100 (total cache: 557, showing top 100)
11-25 14:51:23.452 D/DnsCacheManager(16085):  Metrics updated: entries=557, activeEntries=100, hits=1112, misses=585, hitRate=65%
11-25 14:51:23.479 D/DnsCacheManager(30853):  Active entries: 100 (total cache: 554, showing top 100)
11-25 14:51:23.479 D/DnsCacheManager(30853):  Metrics updated: entries=554, activeEntries=100, hits=898, misses=478, hitRate=65%
11-25 14:51:23.954 D/DnsCacheManager(16085):  Active entries: 100 (total cache: 557, showing top 100)
11-25 14:51:23.955 D/DnsCacheManager(16085):  Metrics updated: entries=557, activeEntries=100, hits=1112, misses=585, hitRate=65%
11-25 14:51:23.980 D/DnsCacheManager(30853):  Active entries: 100 (total cache: 554, showing top 100)
11-25 14:51:23.980 D/DnsCacheManager(30853):  Metrics updated: entries=554, activeEntries=100, hits=898, misses=478, hitRate=65%
11-25 14:51:24.456 D/DnsCacheManager(16085):  Active entries: 100 (total cache: 557, showing top 100)
11-25 14:51:24.456 D/DnsCacheManager(16085):  Metrics updated: entries=557, activeEntries=100, hits=1112, misses=585, hitRate=65%
11-25 14:51:24.481 D/DnsCacheManager(30853):  Active entries: 100 (total cache: 554, showing top 100)
11-25 14:51:24.482 D/DnsCacheManager(30853):  Metrics updated: entries=554, activeEntries=100, hits=898, misses=478, hitRate=65%
11-25 14:51:24.733 D/DnsCacheManager(30853): DnsCacheManager already initialized, ensuring metrics job is running...
11-25 14:51:24.733 D/DnsCacheManager(30853):  Metrics job is already running (isActive=true)
11-25 14:51:24.733 D/DnsCacheManager(30853):  Metrics job is already running (isActive=true)
11-25 14:51:24.733 I/MainViewModelDashboardAdapter(30853):  DNS cache stats StateFlow connected: entries=554, hits=898, misses=478, hitRate=65%
11-25 14:51:24.958 D/DnsCacheManager(16085):  Active entries: 100 (total cache: 557, showing top 100)
11-25 14:51:24.958 D/DnsCacheManager(16085):  Metrics updated: entries=557, activeEntries=100, hits=1112, misses=585, hitRate=65%
11-25 14:51:24.983 D/DnsCacheManager(30853):  Active entries: 100 (total cache: 554, showing top 100)
11-25 14:51:24.983 D/DnsCacheManager(30853):  Metrics updated: entries=554, activeEntries=100, hits=898, misses=478, hitRate=65%
11-25 14:51:25.460 D/DnsCacheManager(16085):  Active entries: 100 (total cache: 557, showing top 100)
11-25 14:51:25.460 D/DnsCacheManager(16085):  Metrics updated: entries=557, activeEntries=100, hits=1112, misses=585, hitRate=65%
11-25 14:51:25.460 D/DnsCacheManager(16085):  Metrics update #770: entries=557, hits=1112, misses=585, hitRate=65%
11-25 14:51:25.484 D/DnsCacheManager(30853):  Active entries: 100 (total cache: 554, showing top 100)
11-25 14:51:25.484 D/DnsCacheManager(30853):  Metrics updated: entries=554, activeEntries=100, hits=898, misses=478, hitRate=65%
11-25 14:51:25.961 D/DnsCacheManager(16085):  Active entries: 100 (total cache: 557, showing top 100)
11-25 14:51:25.962 D/DnsCacheManager(16085):  Metrics updated: entries=557, activeEntries=100, hits=1112, misses=585, hitRate=65%
11-25 14:51:25.988 D/DnsCacheManager(30853):  Active entries: 100 (total cache: 554, showing top 100)
11-25 14:51:25.988 D/DnsCacheManager(30853):  Metrics updated: entries=554, activeEntries=100, hits=898, misses=478, hitRate=65%
11-25 14:51:26.463 D/DnsCacheManager(16085):  Active entries: 100 (total cache: 557, showing top 100)
11-25 14:51:26.463 D/DnsCacheManager(16085):  Metrics updated: entries=557, activeEntries=100, hits=1112, misses=585, hitRate=65%
11-25 14:51:26.489 D/DnsCacheManager(30853):  Active entries: 100 (total cache: 554, showing top 100)
11-25 14:51:26.490 D/DnsCacheManager(30853):  Metrics updated: entries=554, activeEntries=100, hits=898, misses=478, hitRate=65%
11-25 14:51:26.734 D/DnsCacheManager(30853): DnsCacheManager already initialized, ensuring metrics job is running...
11-25 14:51:26.734 D/DnsCacheManager(30853):  Metrics job is already running (isActive=true)
11-25 14:51:26.734 D/DnsCacheManager(30853):  Metrics job is already running (isActive=true)
11-25 14:51:26.734 I/MainViewModelDashboardAdapter(30853):  DNS cache stats StateFlow connected: entries=554, hits=898, misses=478, hitRate=65%
11-25 14:51:26.964 D/DnsCacheManager(16085):  Active entries: 100 (total cache: 557, showing top 100)
11-25 14:51:26.965 D/DnsCacheManager(16085):  Metrics updated: entries=557, activeEntries=100, hits=1112, misses=585, hitRate=65%
11-25 14:51:26.991 D/DnsCacheManager(30853):  Active entries: 100 (total cache: 554, showing top 100)
11-25 14:51:26.991 D/DnsCacheManager(30853):  Metrics updated: entries=554, activeEntries=100, hits=898, misses=478, hitRate=65%
11-25 14:51:27.466 D/DnsCacheManager(16085):  Active entries: 100 (total cache: 557, showing top 100)
11-25 14:51:27.467 D/DnsCacheManager(16085):  Metrics updated: entries=557, activeEntries=100, hits=1112, misses=585, hitRate=65%
11-25 14:51:27.492 D/DnsCacheManager(30853):  Active entries: 100 (total cache: 554, showing top 100)
11-25 14:51:27.492 D/DnsCacheManager(30853):  Metrics updated: entries=554, activeEntries=100, hits=898, misses=478, hitRate=65%
11-25 14:51:27.968 D/DnsCacheManager(16085):  Active entries: 100 (total cache: 557, showing top 100)
11-25 14:51:27.969 D/DnsCacheManager(16085):  Metrics updated: entries=557, activeEntries=100, hits=1112, misses=585, hitRate=65%
11-25 14:51:27.993 D/DnsCacheManager(30853):  Active entries: 100 (total cache: 554, showing top 100)
11-25 14:51:27.993 D/DnsCacheManager(30853):  Metrics updated: entries=554, activeEntries=100, hits=898, misses=478, hitRate=65%
11-25 14:51:27.993 D/DnsCacheManager(30853):  Metrics update #780: entries=554, hits=898, misses=478, hitRate=65%
11-25 14:51:28.470 D/DnsCacheManager(16085):  Active entries: 100 (total cache: 557, showing top 100)
11-25 14:51:28.470 D/DnsCacheManager(16085):  Metrics updated: entries=557, activeEntries=100, hits=1112, misses=585, hitRate=65%
11-25 14:51:28.494 D/DnsCacheManager(30853):  Active entries: 100 (total cache: 554, showing top 100)
11-25 14:51:28.495 D/DnsCacheManager(30853):  Metrics updated: entries=554, activeEntries=100, hits=898, misses=478, hitRate=65%
11-25 14:51:28.734 D/DnsCacheManager(30853): DnsCacheManager already initialized, ensuring metrics job is running...
11-25 14:51:28.735 D/DnsCacheManager(30853):  Metrics job is already running (isActive=true)
11-25 14:51:28.735 I/MainViewModelDashboardAdapter(30853):  DNS cache stats StateFlow connected: entries=554, hits=898, misses=478, hitRate=65%
11-25 14:51:28.735 D/DnsCacheManager(30853):  Metrics job is already running (isActive=true)
11-25 14:51:28.972 D/DnsCacheManager(16085):  Active entries: 100 (total cache: 557, showing top 100)
11-25 14:51:28.972 D/DnsCacheManager(16085):  Metrics updated: entries=557, activeEntries=100, hits=1112, misses=585, hitRate=65%
11-25 14:51:28.996 D/DnsCacheManager(30853):  Active entries: 100 (total cache: 554, showing top 100)
11-25 14:51:28.996 D/DnsCacheManager(30853):  Metrics updated: entries=554, activeEntries=100, hits=898, misses=478, hitRate=65%
11-25 14:51:29.473 D/DnsCacheManager(16085):  Active entries: 100 (total cache: 557, showing top 100)
11-25 14:51:29.473 D/DnsCacheManager(16085):  Metrics updated: entries=557, activeEntries=100, hits=1112, misses=585, hitRate=65%
11-25 14:51:29.497 D/DnsCacheManager(30853):  Active entries: 100 (total cache: 554, showing top 100)
11-25 14:51:29.497 D/DnsCacheManager(30853):  Metrics updated: entries=554, activeEntries=100, hits=898, misses=478, hitRate=65%
11-25 14:51:29.974 D/DnsCacheManager(16085):  Active entries: 100 (total cache: 557, showing top 100)
11-25 14:51:29.975 D/DnsCacheManager(16085):  Metrics updated: entries=557, activeEntries=100, hits=1112, misses=585, hitRate=65%
11-25 14:51:29.998 D/DnsCacheManager(30853):  Active entries: 100 (total cache: 554, showing top 100)
11-25 14:51:29.998 D/DnsCacheManager(30853):  Metrics updated: entries=554, activeEntries=100, hits=898, misses=478, hitRate=65%
11-25 14:51:30.476 D/DnsCacheManager(16085):  Active entries: 100 (total cache: 557, showing top 100)
11-25 14:51:30.477 D/DnsCacheManager(16085):  Metrics updated: entries=557, activeEntries=100, hits=1112, misses=585, hitRate=65%
11-25 14:51:30.477 D/DnsCacheManager(16085):  Metrics update #780: entries=557, hits=1112, misses=585, hitRate=65%
11-25 14:51:30.499 D/DnsCacheManager(30853):  Active entries: 100 (total cache: 554, showing top 100)
11-25 14:51:30.500 D/DnsCacheManager(30853):  Metrics updated: entries=554, activeEntries=100, hits=898, misses=478, hitRate=65%
11-25 14:51:30.736 D/DnsCacheManager(30853): DnsCacheManager already initialized, ensuring metrics job is running...
11-25 14:51:30.736 D/DnsCacheManager(30853):  Metrics job is already running (isActive=true)
11-25 14:51:30.736 I/MainViewModelDashboardAdapter(30853):  DNS cache stats StateFlow connected: entries=554, hits=898, misses=478, hitRate=65%
11-25 14:51:30.736 D/DnsCacheManager(30853):  Metrics job is already running (isActive=true)
11-25 14:51:30.978 D/DnsCacheManager(16085):  Active entries: 100 (total cache: 557, showing top 100)
11-25 14:51:30.978 D/DnsCacheManager(16085):  Metrics updated: entries=557, activeEntries=100, hits=1112, misses=585, hitRate=65%
11-25 14:51:31.001 D/DnsCacheManager(30853):  Active entries: 100 (total cache: 554, showing top 100)
11-25 14:51:31.001 D/DnsCacheManager(30853):  Metrics updated: entries=554, activeEntries=100, hits=898, misses=478, hitRate=65%
11-25 14:51:31.479 D/DnsCacheManager(16085):  Active entries: 100 (total cache: 557, showing top 100)
11-25 14:51:31.479 D/DnsCacheManager(16085):  Metrics updated: entries=557, activeEntries=100, hits=1112, misses=585, hitRate=65%
11-25 14:51:31.502 D/DnsCacheManager(30853):  Active entries: 100 (total cache: 554, showing top 100)
11-25 14:51:31.502 D/DnsCacheManager(30853):  Metrics updated: entries=554, activeEntries=100, hits=898, misses=478, hitRate=65%
11-25 14:51:31.980 D/DnsCacheManager(16085):  Active entries: 100 (total cache: 557, showing top 100)
11-25 14:51:31.981 D/DnsCacheManager(16085):  Metrics updated: entries=557, activeEntries=100, hits=1112, misses=585, hitRate=65%
11-25 14:51:32.003 D/DnsCacheManager(30853):  Active entries: 100 (total cache: 554, showing top 100)
11-25 14:51:32.003 D/DnsCacheManager(30853):  Metrics updated: entries=554, activeEntries=100, hits=898, misses=478, hitRate=65%
11-25 14:51:32.482 D/DnsCacheManager(16085):  Active entries: 100 (total cache: 557, showing top 100)
11-25 14:51:32.482 D/DnsCacheManager(16085):  Metrics updated: entries=557, activeEntries=100, hits=1112, misses=585, hitRate=65%
11-25 14:51:32.504 D/DnsCacheManager(30853):  Active entries: 100 (total cache: 554, showing top 100)
11-25 14:51:32.505 D/DnsCacheManager(30853):  Metrics updated: entries=554, activeEntries=100, hits=898, misses=478, hitRate=65%
11-25 14:51:32.736 D/DnsCacheManager(30853): DnsCacheManager already initialized, ensuring metrics job is running...
11-25 14:51:32.736 D/DnsCacheManager(30853):  Metrics job is already running (isActive=true)
11-25 14:51:32.736 D/DnsCacheManager(30853):  Metrics job is already running (isActive=true)
11-25 14:51:32.736 I/MainViewModelDashboardAdapter(30853):  DNS cache stats StateFlow connected: entries=554, hits=898, misses=478, hitRate=65%
11-25 14:51:32.983 D/DnsCacheManager(16085):  Active entries: 100 (total cache: 557, showing top 100)
11-25 14:51:32.984 D/DnsCacheManager(16085):  Metrics updated: entries=557, activeEntries=100, hits=1112, misses=585, hitRate=65%
11-25 14:51:33.006 D/DnsCacheManager(30853):  Active entries: 100 (total cache: 554, showing top 100)
11-25 14:51:33.006 D/DnsCacheManager(30853):  Metrics updated: entries=554, activeEntries=100, hits=898, misses=478, hitRate=65%
11-25 14:51:33.006 D/DnsCacheManager(30853):  Metrics update #790: entries=554, hits=898, misses=478, hitRate=65%
11-25 14:51:33.485 D/DnsCacheManager(16085):  Active entries: 100 (total cache: 557, showing top 100)
11-25 14:51:33.486 D/DnsCacheManager(16085):  Metrics updated: entries=557, activeEntries=100, hits=1112, misses=585, hitRate=65%
11-25 14:51:33.507 D/DnsCacheManager(30853):  Active entries: 100 (total cache: 554, showing top 100)
11-25 14:51:33.507 D/DnsCacheManager(30853):  Metrics updated: entries=554, activeEntries=100, hits=898, misses=478, hitRate=65%
11-25 14:51:33.987 D/DnsCacheManager(16085):  Active entries: 100 (total cache: 557, showing top 100)
11-25 14:51:33.987 D/DnsCacheManager(16085):  Metrics updated: entries=557, activeEntries=100, hits=1112, misses=585, hitRate=65%
11-25 14:51:34.008 D/DnsCacheManager(30853):  Active entries: 100 (total cache: 554, showing top 100)
11-25 14:51:34.008 D/DnsCacheManager(30853):  Metrics updated: entries=554, activeEntries=100, hits=898, misses=478, hitRate=65%
11-25 14:51:34.488 D/DnsCacheManager(16085):  Active entries: 100 (total cache: 557, showing top 100)
11-25 14:51:34.489 D/DnsCacheManager(16085):  Metrics updated: entries=557, activeEntries=100, hits=1112, misses=585, hitRate=65%
11-25 14:51:34.510 D/DnsCacheManager(30853):  Active entries: 100 (total cache: 554, showing top 100)
11-25 14:51:34.510 D/DnsCacheManager(30853):  Metrics updated: entries=554, activeEntries=100, hits=898, misses=478, hitRate=65%
11-25 14:51:34.737 D/DnsCacheManager(30853): DnsCacheManager already initialized, ensuring metrics job is running...
11-25 14:51:34.737 D/DnsCacheManager(30853):  Metrics job is already running (isActive=true)
11-25 14:51:34.737 D/DnsCacheManager(30853):  Metrics job is already running (isActive=true)
11-25 14:51:34.737 I/MainViewModelDashboardAdapter(30853):  DNS cache stats StateFlow connected: entries=554, hits=898, misses=478, hitRate=65%
11-25 14:51:34.990 D/DnsCacheManager(16085):  Active entries: 100 (total cache: 557, showing top 100)
11-25 14:51:34.990 D/DnsCacheManager(16085):  Metrics updated: entries=557, activeEntries=100, hits=1112, misses=585, hitRate=65%
11-25 14:51:35.011 D/DnsCacheManager(30853):  Active entries: 100 (total cache: 554, showing top 100)
11-25 14:51:35.011 D/DnsCacheManager(30853):  Metrics updated: entries=554, activeEntries=100, hits=898, misses=478, hitRate=65%
11-25 14:51:35.492 D/DnsCacheManager(16085):  Active entries: 100 (total cache: 557, showing top 100)
11-25 14:51:35.492 D/DnsCacheManager(16085):  Metrics updated: entries=557, activeEntries=100, hits=1112, misses=585, hitRate=65%
11-25 14:51:35.492 D/DnsCacheManager(16085):  Metrics update #790: entries=557, hits=1112, misses=585, hitRate=65%
11-25 14:51:35.512 D/DnsCacheManager(30853):  Active entries: 100 (total cache: 554, showing top 100)
11-25 14:51:35.512 D/DnsCacheManager(30853):  Metrics updated: entries=554, activeEntries=100, hits=898, misses=478, hitRate=65%
11-25 14:51:35.993 D/DnsCacheManager(16085):  Active entries: 100 (total cache: 557, showing top 100)
11-25 14:51:35.994 D/DnsCacheManager(16085):  Metrics updated: entries=557, activeEntries=100, hits=1112, misses=585, hitRate=65%
11-25 14:51:36.013 D/DnsCacheManager(30853):  Active entries: 100 (total cache: 554, showing top 100)
11-25 14:51:36.013 D/DnsCacheManager(30853):  Metrics updated: entries=554, activeEntries=100, hits=898, misses=478, hitRate=65%
11-25 14:51:36.495 D/DnsCacheManager(16085):  Active entries: 100 (total cache: 557, showing top 100)
11-25 14:51:36.495 D/DnsCacheManager(16085):  Metrics updated: entries=557, activeEntries=100, hits=1112, misses=585, hitRate=65%
11-25 14:51:36.514 D/DnsCacheManager(30853):  Active entries: 100 (total cache: 554, showing top 100)
11-25 14:51:36.514 D/DnsCacheManager(30853):  Metrics updated: entries=554, activeEntries=100, hits=898, misses=478, hitRate=65%
11-25 14:51:36.737 D/DnsCacheManager(30853): DnsCacheManager already initialized, ensuring metrics job is running...
11-25 14:51:36.738 D/DnsCacheManager(30853):  Metrics job is already running (isActive=true)
11-25 14:51:36.738 I/MainViewModelDashboardAdapter(30853):  DNS cache stats StateFlow connected: entries=554, hits=898, misses=478, hitRate=65%
11-25 14:51:36.738 D/DnsCacheManager(30853):  Metrics job is already running (isActive=true)
11-25 14:51:36.996 D/DnsCacheManager(16085):  Active entries: 100 (total cache: 557, showing top 100)
11-25 14:51:36.996 D/DnsCacheManager(16085):  Metrics updated: entries=557, activeEntries=100, hits=1112, misses=585, hitRate=65%
11-25 14:51:37.015 D/DnsCacheManager(30853):  Active entries: 100 (total cache: 554, showing top 100)
11-25 14:51:37.016 D/DnsCacheManager(30853):  Metrics updated: entries=554, activeEntries=100, hits=898, misses=478, hitRate=65%
11-25 14:51:37.497 D/DnsCacheManager(16085):  Active entries: 100 (total cache: 557, showing top 100)
11-25 14:51:37.498 D/DnsCacheManager(16085):  Metrics updated: entries=557, activeEntries=100, hits=1112, misses=585, hitRate=65%
11-25 14:51:37.516 D/DnsCacheManager(30853):  Active entries: 100 (total cache: 554, showing top 100)
11-25 14:51:37.517 D/DnsCacheManager(30853):  Metrics updated: entries=554, activeEntries=100, hits=898, misses=478, hitRate=65%
11-25 14:51:37.999 D/DnsCacheManager(16085):  Active entries: 100 (total cache: 557, showing top 100)
11-25 14:51:38.000 D/DnsCacheManager(16085):  Metrics updated: entries=557, activeEntries=100, hits=1112, misses=585, hitRate=65%
11-25 14:51:38.018 D/DnsCacheManager(30853):  Active entries: 100 (total cache: 554, showing top 100)
11-25 14:51:38.018 D/DnsCacheManager(30853):  Metrics updated: entries=554, activeEntries=100, hits=898, misses=478, hitRate=65%
11-25 14:51:38.018 D/DnsCacheManager(30853):  Metrics update #800: entries=554, hits=898, misses=478, hitRate=65%
11-25 14:51:38.501 D/DnsCacheManager(16085):  Active entries: 100 (total cache: 557, showing top 100)
11-25 14:51:38.501 D/DnsCacheManager(16085):  Metrics updated: entries=557, activeEntries=100, hits=1112, misses=585, hitRate=65%
11-25 14:51:38.519 D/DnsCacheManager(30853):  Active entries: 100 (total cache: 554, showing top 100)
11-25 14:51:38.519 D/DnsCacheManager(30853):  Metrics updated: entries=554, activeEntries=100, hits=898, misses=478, hitRate=65%
11-25 14:51:38.738 D/DnsCacheManager(30853): DnsCacheManager already initialized, ensuring metrics job is running...
11-25 14:51:38.738 D/DnsCacheManager(30853):  Metrics job is already running (isActive=true)
11-25 14:51:38.738 I/MainViewModelDashboardAdapter(30853):  DNS cache stats StateFlow connected: entries=554, hits=898, misses=478, hitRate=65%
11-25 14:51:38.738 D/DnsCacheManager(30853):  Metrics job is already running (isActive=true)
11-25 14:51:39.003 D/DnsCacheManager(16085):  Active entries: 100 (total cache: 557, showing top 100)
11-25 14:51:39.003 D/DnsCacheManager(16085):  Metrics updated: entries=557, activeEntries=100, hits=1112, misses=585, hitRate=65%
11-25 14:51:39.020 D/DnsCacheManager(30853):  Active entries: 100 (total cache: 554, showing top 100)
11-25 14:51:39.020 D/DnsCacheManager(30853):  Metrics updated: entries=554, activeEntries=100, hits=898, misses=478, hitRate=65%
11-25 14:51:39.505 D/DnsCacheManager(16085):  Active entries: 100 (total cache: 557, showing top 100)
11-25 14:51:39.506 D/DnsCacheManager(16085):  Metrics updated: entries=557, activeEntries=100, hits=1112, misses=585, hitRate=65%
11-25 14:51:39.522 D/DnsCacheManager(30853):  Active entries: 100 (total cache: 554, showing top 100)
11-25 14:51:39.522 D/DnsCacheManager(30853):  Metrics updated: entries=554, activeEntries=100, hits=898, misses=478, hitRate=65%
11-25 14:51:40.008 D/DnsCacheManager(16085):  Active entries: 100 (total cache: 557, showing top 100)
11-25 14:51:40.008 D/DnsCacheManager(16085):  Metrics updated: entries=557, activeEntries=100, hits=1112, misses=585, hitRate=65%
11-25 14:51:40.023 D/DnsCacheManager(30853):  Active entries: 100 (total cache: 554, showing top 100)
11-25 14:51:40.024 D/DnsCacheManager(30853):  Metrics updated: entries=554, activeEntries=100, hits=898, misses=478, hitRate=65%
11-25 14:51:40.510 D/DnsCacheManager(16085):  Active entries: 100 (total cache: 557, showing top 100)
11-25 14:51:40.510 D/DnsCacheManager(16085):  Metrics updated: entries=557, activeEntries=100, hits=1112, misses=585, hitRate=65%
11-25 14:51:40.510 D/DnsCacheManager(16085):  Metrics update #800: entries=557, hits=1112, misses=585, hitRate=65%
11-25 14:51:40.524 D/DnsCacheManager(30853):  Active entries: 100 (total cache: 554, showing top 100)
11-25 14:51:40.525 D/DnsCacheManager(30853):  Metrics updated: entries=554, activeEntries=100, hits=898, misses=478, hitRate=65%
11-25 14:51:40.739 D/DnsCacheManager(30853): DnsCacheManager already initialized, ensuring metrics job is running...
11-25 14:51:40.739 D/DnsCacheManager(30853):  Metrics job is already running (isActive=true)
11-25 14:51:40.739 D/DnsCacheManager(30853):  Metrics job is already running (isActive=true)
11-25 14:51:40.739 I/MainViewModelDashboardAdapter(30853):  DNS cache stats StateFlow connected: entries=554, hits=898, misses=478, hitRate=65%
11-25 14:51:41.011 D/DnsCacheManager(16085):  Active entries: 100 (total cache: 557, showing top 100)
11-25 14:51:41.012 D/DnsCacheManager(16085):  Metrics updated: entries=557, activeEntries=100, hits=1112, misses=585, hitRate=65%
11-25 14:51:41.026 D/DnsCacheManager(30853):  Active entries: 100 (total cache: 554, showing top 100)
11-25 14:51:41.026 D/DnsCacheManager(30853):  Metrics updated: entries=554, activeEntries=100, hits=898, misses=478, hitRate=65%
11-25 14:51:41.513 D/DnsCacheManager(16085):  Active entries: 100 (total cache: 557, showing top 100)
11-25 14:51:41.514 D/DnsCacheManager(16085):  Metrics updated: entries=557, activeEntries=100, hits=1112, misses=585, hitRate=65%
11-25 14:51:41.527 D/DnsCacheManager(30853):  Active entries: 100 (total cache: 554, showing top 100)
11-25 14:51:41.527 D/DnsCacheManager(30853):  Metrics updated: entries=554, activeEntries=100, hits=898, misses=478, hitRate=65%
11-25 14:51:42.015 D/DnsCacheManager(16085):  Active entries: 100 (total cache: 557, showing top 100)
11-25 14:51:42.016 D/DnsCacheManager(16085):  Metrics updated: entries=557, activeEntries=100, hits=1112, misses=585, hitRate=65%
11-25 14:51:42.028 D/DnsCacheManager(30853):  Active entries: 100 (total cache: 554, showing top 100)
11-25 14:51:42.028 D/DnsCacheManager(30853):  Metrics updated: entries=554, activeEntries=100, hits=898, misses=478, hitRate=65%
11-25 14:51:42.518 D/DnsCacheManager(16085):  Active entries: 100 (total cache: 557, showing top 100)
11-25 14:51:42.518 D/DnsCacheManager(16085):  Metrics updated: entries=557, activeEntries=100, hits=1112, misses=585, hitRate=65%
11-25 14:51:42.529 D/DnsCacheManager(30853):  Active entries: 100 (total cache: 554, showing top 100)
11-25 14:51:42.529 D/DnsCacheManager(30853):  Metrics updated: entries=554, activeEntries=100, hits=898, misses=478, hitRate=65%
11-25 14:51:42.739 D/DnsCacheManager(30853): DnsCacheManager already initialized, ensuring metrics job is running...
11-25 14:51:42.740 D/DnsCacheManager(30853):  Metrics job is already running (isActive=true)
11-25 14:51:42.740 I/MainViewModelDashboardAdapter(30853):  DNS cache stats StateFlow connected: entries=554, hits=898, misses=478, hitRate=65%
11-25 14:51:42.740 D/DnsCacheManager(30853):  Metrics job is already running (isActive=true)
11-25 14:51:42.906 E/WindowManager( 3443):  source = Task{ddb3152 #121 type=standard I=com.hyperxray.an/.activity.MainActivity} excludeMiuiNavBar = true excludeMiuiStatusBar = true excludeIme = false excludeNavBar = true miuiNavSurfaceControl = Surface(name=NavigationBar Container of Task = 121#12973)/@0x6c72c23 miuiStatusSurfaceControl = Surface(name=StatusBar Container of Task = 121#12974)/@0x852a520
11-25 14:51:42.907 I/SurfaceFlinger( 2005): SF-MICapture: mode:0, layerName:com.hyperxray.an/com.hyperxray.an.activity.MainActivity#13002
11-25 14:51:42.919 D/WindowManager( 3443): snapshot isNothing = false source = Task{ddb3152 #121 type=standard I=com.hyperxray.an/.activity.MainActivity}
11-25 14:51:42.926 D/WindowManager( 3443): Collecting in transition 593: ActivityRecord{88809908 u0 com.hyperxray.an/.activity.MainActivity t121} init visibleRequested:true
11-25 14:51:42.927 I/ANDR-PWR-OPT( 1783): GAMEPOWEROPT: sendEvents() 231: Start hint for app com.hyperxray.an/com.hyperxray.an.activity.MainActivity/35, hintID : 4100, hintID hex : 1004 value: -1
11-25 14:51:42.928 D/BarFollowAnimation( 3443): isAppTaskBarOnTop win:Window{e5d5b48 u0 com.hyperxray.an/com.hyperxray.an.activity.MainActivity} (mCurrentTopTask:Task{ddb3152 #121 type=standard I=com.hyperxray.an/.activity.MainActivity} : true); (mAssociatedTask:Task{ddb3152 #121 type=standard I=com.hyperxray.an/.activity.MainActivity} : true); (mHomeTask:Task{a12fcf8 #1 type=home} : false); mReparentToOriginParent:false mLastAppBarVisible:true mLastHomeBarVisible:false
11-25 14:51:42.929 I/ANDR-PWR-OPT( 1783): PowerAppClassifier: getAppType() 59: checking app [com.hyperxray.an] is type 1
11-25 14:51:42.929 I/ANDR-PWR-OPT( 1783): GAMEPOWEROPT: isGame() 348: com.hyperxray.an is Game = 1
11-25 14:51:42.932 D/RecentsImpl( 5210): onSysUIFlagsChangedchangedFlags=40, mLastResumedClassName=com.hyperxray.an.activity.MainActivity, mForegroundPackageName=com.hyperxray.an
11-25 14:51:42.932 W/RecentsImpl( 5210): updateGestureWindowVisibleImpl, className=com.hyperxray.an.activity.MainActivity
11-25 14:51:42.934 D/WindowManager( 3443):    ChangeInfo{d61a4a5 container=ActivityRecord{88809908 u0 com.hyperxray.an/.activity.MainActivity t121} flags=0x0}
11-25 14:51:42.934 D/WindowManager( 3443):    ChangeInfo{85de02b container=Task{ddb3152 #121 type=standard I=com.hyperxray.an/.activity.MainActivity} flags=0x0}
11-25 14:51:42.934 D/BarFollowAnimation( 3443): pairAppearanceRegionAndWin win=Window{e5d5b48 u0 com.hyperxray.an/com.hyperxray.an.activity.MainActivity} 0
11-25 14:51:42.934 D/BarFollowAnimation( 3443): isAppTaskBarOnTop win:Window{e5d5b48 u0 com.hyperxray.an/com.hyperxray.an.activity.MainActivity} (mCurrentTopTask:Task{ddb3152 #121 type=standard I=com.hyperxray.an/.activity.MainActivity} : true); (mAssociatedTask:Task{ddb3152 #121 type=standard I=com.hyperxray.an/.activity.MainActivity} : true); (mHomeTask:Task{a12fcf8 #1 type=home} : false); mReparentToOriginParent:false mLastAppBarVisible:true mLastHomeBarVisible:false
11-25 14:51:42.935 D/WindowManager( 3443): Final targets: [ChangeInfo{85de02b container=Task{ddb3152 #121 type=standard I=com.hyperxray.an/.activity.MainActivity} flags=0x10}, ChangeInfo{687bc88 container=DefaultTaskDisplayArea@266368428 flags=0x10}]
11-25 14:51:42.937 D/WindowManager( 3443): Calling onTransitionReady info={id=593 t=TO_FRONT f=0x840 trk=0 r=[0@Point(0, 0)] c=[{WCT{RemoteToken{3a7805a Task{ddb3152 #121 type=standard I=com.hyperxray.an/.activity.MainActivity}}} m=TO_BACK f=NONE p=WCT{RemoteToken{8cc6ca2 DefaultTaskDisplayArea@266368428}} leash=Surface(name=Task=121#12972)/@0xa7a61dd sb=Rect(0, 0 - 1200, 2670) eb=Rect(0, 0 - 1200, 2670) epz=Point(1200, 2670) d=0 taskParent=-1 v=falseMiuiChangeImpl {miuiEmbedding:false, scale:1.0}},{WCT{RemoteToken{8cc6ca2 DefaultTaskDisplayArea@266368428}} m=TO_BACK f=FLAG_IS_TASK_DISPLAY_AREA leash=Surface(name=DefaultTaskDisplayArea#10)/@0x5dd5c67 sb=Rect(0, 0 - 1200, 2670) eb=Rect(0, 0 - 1200, 2670) epz=Point(1200, 2670) d=0 v=falseMiuiChangeImpl {miuiEmbedding:false, scale:1.0}}] mk=[false] noAni=[false] df=[false] rsa=[false] oa=[false] nc=[0] ho=[false] hla=[false] iSync=[-1]}, mToken=Token{7023a46 TransitionRecord{75e129c id=593 type=TO_FRONT flags=0x840 c=[
11-25 14:51:42.937 D/WindowManager( 3443):    ChangeInfo{d61a4a5 container=ActivityRecord{88809908 u0 com.hyperxray.an/.activity.MainActivity t121} flags=0x0}
11-25 14:51:42.937 D/WindowManager( 3443):    ChangeInfo{85de02b container=Task{ddb3152 #121 type=standard I=com.hyperxray.an/.activity.MainActivity} flags=0x10}
11-25 14:51:42.937 E/WindowManager( 3443):  source = Task{ddb3152 #121 type=standard I=com.hyperxray.an/.activity.MainActivity} excludeMiuiNavBar = true excludeMiuiStatusBar = true excludeIme = false excludeNavBar = true miuiNavSurfaceControl = Surface(name=NavigationBar Container of Task = 121#12973)/@0x6c72c23 miuiStatusSurfaceControl = Surface(name=StatusBar Container of Task = 121#12974)/@0x852a520
11-25 14:51:42.939 I/SurfaceFlinger( 2005): SF-MICapture: mode:0, layerName:com.hyperxray.an/com.hyperxray.an.activity.MainActivity#13002
11-25 14:51:42.940 D/BarFollowAnimation( 3443): disableBarAnimation change={WCT{RemoteToken{3a7805a Task{ddb3152 #121 type=standard I=com.hyperxray.an/.activity.MainActivity}}} m=TO_BACK f=NONE p=WCT{RemoteToken{8cc6ca2 DefaultTaskDisplayArea@266368428}} leash=Surface(name=Task=121#12972)/@0xa7a61dd sb=Rect(0, 0 - 1200, 2670) eb=Rect(0, 0 - 1200, 2670) epz=Point(1200, 2670) d=0 taskParent=-1 v=falseMiuiChangeImpl {miuiEmbedding:false, scale:1.0}} 1 1
11-25 14:51:42.940 D/BarFollowAnimation( 3443): startStatusBarAnimation change= {WCT{RemoteToken{3a7805a Task{ddb3152 #121 type=standard I=com.hyperxray.an/.activity.MainActivity}}} m=TO_BACK f=NONE p=WCT{RemoteToken{8cc6ca2 DefaultTaskDisplayArea@266368428}} leash=Surface(name=Task=121#12972)/@0xa7a61dd sb=Rect(0, 0 - 1200, 2670) eb=Rect(0, 0 - 1200, 2670) epz=Point(1200, 2670) d=0 taskParent=-1 v=falseMiuiChangeImpl {miuiEmbedding:false, scale:1.0}} isRecent=false startWindowMode=1 endWindowMode=1 statusState=-1 isRotationAnimation=false
11-25 14:51:42.941 D/BarFollowAnimation( 3443): hasHideFlags getTopFullscreenMainWindow = Window{e5d5b48 u0 com.hyperxray.an/com.hyperxray.an.activity.MainActivity}
11-25 14:51:42.946 D/WindowManager( 3443): snapshot isNothing = false source = Task{ddb3152 #121 type=standard I=com.hyperxray.an/.activity.MainActivity}
11-25 14:51:42.949 D/BarFollowAnimation( 3443): pairAppearanceRegionAndWin win=Window{e5d5b48 u0 com.hyperxray.an/com.hyperxray.an.activity.MainActivity} 0
11-25 14:51:42.949 D/BarFollowAnimation( 3443): isAppTaskBarOnTop win:Window{e5d5b48 u0 com.hyperxray.an/com.hyperxray.an.activity.MainActivity} (mCurrentTopTask:Task{ddb3152 #121 type=standard I=com.hyperxray.an/.activity.MainActivity} : true); (mAssociatedTask:Task{ddb3152 #121 type=standard I=com.hyperxray.an/.activity.MainActivity} : true); (mHomeTask:Task{a12fcf8 #1 type=home} : false); mReparentToOriginParent:false mLastAppBarVisible:true mLastHomeBarVisible:false
11-25 14:51:42.949 D/MiuiDecorationController( 5813): relayout::taskId=121, visible=true, bounds=Rect(0, 0 - 1200, 2670), focused=true, oldImmersive=false, newImmersive=false, windowMode=1, activityType=1, displayId=0, baseActivity=ComponentInfo{com.hyperxray.an/com.hyperxray.an.activity.MainActivity}, topActivity=ComponentInfo{com.hyperxray.an/com.hyperxray.an.activity.MainActivity}, callers=com.android.wm.shell.multitasking.miuimultiwinswitch.miuiwindowdecor.MulWinSwitchDecorViewModel.onTaskChanging:110 com.android.wm.shell.freeform.FreeformTaskTransitionObserver.onTransitionReady:187 com.android.wm.shell.transition.Transitions.dispatchReady:237 com.android.wm.shell.transition.Transitions.onTransitionReady:246 com.android.wm.shell.transition.Transitions$TransitionPlayerImpl$$ExternalSyntheticLambda1.run:42 
11-25 14:51:42.950 D/ActivityTaskManager( 3443):  setSkipCaptureLayers tr: Task{ddb3152 #121 type=standard I=com.hyperxray.an/.activity.MainActivity}
11-25 14:51:42.951 D/BarFollowAnimation( 3443): onTaskInfoChanedForCaptionBar Task{ddb3152 #121 type=standard I=com.hyperxray.an/.activity.MainActivity} shouldbeVisible:true isVisible:false windowMode:1 mCaptionAssociatedTask:null mIsTouchedInCaption:false
11-25 14:51:42.953 I/WindowManager( 3443): wms.hideSurface mWin:Window{e5d5b48 u0 com.hyperxray.an/com.hyperxray.an.activity.MainActivity} reason:(prepareSurfaceLocked) in Surface(name=com.hyperxray.an/com.hyperxray.an.activity.MainActivity#13002)/@0x875849a
11-25 14:51:42.953 E/ActivityManagerWrapper( 5210):  mainTaskId=121   userId=0   windowMode=1   isExcludedFromRecents=false   baseIntent=Intent { act=android.intent.action.MAIN flag=270532608 cmp=ComponentInfo{com.hyperxray.an/com.hyperxray.an.activity.MainActivity} }
11-25 14:51:42.953 D/RecentsTaskLoader( 5210): reloadTasksData [TaskKey{id=121, stackId=0, baseIntent=Intent { act=android.intent.action.MAIN cat=[android.intent.category.LAUNCHER] flg=0x10200000 cmp=com.hyperxray.an/.activity.MainActivity }, userId=0, lastActiveTime=20706501, windowingMode=1, isThumbnailBlur=false, isAccessLocked=false, isScreening=false, topActivity=ComponentInfo{com.hyperxray.an/com.hyperxray.an.activity.MainActivity}, mHashCode=4528263}, title=HyperXray, titleDescription=HyperXray, bounds=null, isLaunchTarget=false, isStackTask=true, isSystemApp=false, isDockable=true, baseActivity=ComponentInfo{com.hyperxray.an/com.hyperxray.an.activity.MainActivity}, isLocked=false, mNeedHide=false, hasMultipleTasks=false, cti1Key=, cti2Key=] 
11-25 14:51:42.955 D/BarFollowAnimation( 3443): checkBarStatus mReparentToOriginParent:false hasTopFullAppTask:true mHomeTask:Task{a12fcf8 #1 type=home} mCurrentTopTask: Task{ddb3152 #121 type=standard I=com.hyperxray.an/.activity.MainActivity} mAssociatedTask: Task{ddb3152 #121 type=standard I=com.hyperxray.an/.activity.MainActivity} homeTaskonTop:false mLastAppBarVisible:true mLastHomeBarVisible:false isInSplitScreen:false
11-25 14:51:42.957 D/MiuiDecorationController( 5813): relayout::taskId=121, visible=false, bounds=Rect(0, 0 - 1200, 2670), focused=true, oldImmersive=false, newImmersive=false, windowMode=1, activityType=1, displayId=0, baseActivity=ComponentInfo{com.hyperxray.an/com.hyperxray.an.activity.MainActivity}, topActivity=ComponentInfo{com.hyperxray.an/com.hyperxray.an.activity.MainActivity}, callers=com.android.wm.shell.multitasking.miuimultiwinswitch.miuiwindowdecor.decoration.MiuiDecorationController.relayout:4 com.android.wm.shell.multitasking.miuimultiwinswitch.miuiwindowdecor.MulWinSwitchDecorViewModel.onTaskInfoChanged:18 com.android.wm.shell.multitasking.common.taskmanager.MultiTaskingTaskListener.onTaskInfoChanged:47 com.android.wm.shell.ShellTaskOrganizer.onTaskInfoChanged:129 android.window.TaskOrganizer$1.lambda$onTaskInfoChanged$6:300 
11-25 14:51:42.958 D/MiuiFreeformModeController( 5813): onFocusTaskChanged taskInfo: TaskInfo{userId=0 taskId=121 effectiveUid=10568 displayId=0 isRunning=true baseIntent=Intent { act=android.intent.action.MAIN cat=[android.intent.category.LAUNCHER] flg=0x10200000 cmp=com.hyperxray.an/.activity.MainActivity } baseActivity=ComponentInfo{com.hyperxray.an/com.hyperxray.an.activity.MainActivity} topActivity=ComponentInfo{com.hyperxray.an/com.hyperxray.an.activity.MainActivity} origActivity=null realActivity=ComponentInfo{com.hyperxray.an/com.hyperxray.an.activity.MainActivity} numActivities=1 lastActiveTime=20706501 supportsSplitScreenMultiWindow=true mSoScDisplayMode=-1 supportsMultiWindow=true resizeMode=1 isResizeable=true minWidth=-1 minHeight=-1 defaultMinSize=200 token=WCT{android.window.IWindowContainerToken$Stub$Proxy@652e00f} topActivityType=1 pictureInPictureParams=null shouldDockBigOverlays=false launchIntoPipHostTaskId=-1 lastParentTaskIdBeforePip=-1 displayCutoutSafeInsets=Rect(0, 140 - 0, 0) topActivityInfo=ActivityInfo{c28289c com.hyperxray.an.activity.MainActivity} launchCookies=[] positionInParent=Point(0, 0) parentTaskId=-1 isFocused=true isVisible=false isVisibleRequested=false isTopActivityNoDisplay=false isSleeping=true locusId=null displayAreaFeatureId=1 isTopActivityTransparent=false isActivityStackTransparent=false lastNonFullscreenBounds=Rect(310, 779 - 891, 1979) capturedLink=null capturedLinkTimestamp=0 requestedVisibleTypes=-9 topActivityRequestOpenInBrowserEducationTimestamp=0 appCompatTaskInfo=AppCompatTaskInfo { topActivityInSizeCompat=false eligibleForLetterboxEducation= false topActivityInMiuiSizeCompat=false isLetterboxEducationEnabled= false isLetterboxDoubleTapEnabled= false eligibleForUserAspectRatioButton= false topActivityBoundsLetterboxed= false isFromLetterboxDoubleTap= false topActivityLetterboxVerticalPosition= -1 topActivityLetterboxHorizontalPosition= -1 topActivityLetterboxWidth=-1 topActivityLetterboxHeight=-1 topActivityAppBounds=Rect(0, 0 - 1200, 2670) isUserFullscreenOverrideEnabled=false isSystemFullscreenOverrideEnabled=false hasMinAspectRatioOverride=false topActivityLetterboxBounds=null cameraCompatTaskInfo=CameraCompatTaskInfo { freeformCameraCompatMode=inactive}} isImmersive=false mTopActivityRequestOrientation=-2 mStatusBarParent=null mNavBarParent=null mBehindAppLockPkg=null mOriginatingUid=0 isEmbedded=false shouldBeVisible=true isCreatedByOrganizer=false mIsCastMode=false mTopActivityMediaSize=null mTopActivityRecordName=ActivityRecord{88809908 u0 com.hyperxray.an/.activity.MainActivity t121} mTopActivityOrientation=-2 topActivityMainWindowFrame=null}
11-25 14:51:42.959 I/ActivityTaskManager( 3443):  ar:ActivityRecord{88809908 u0 com.hyperxray.an/.activity.MainActivity t121} prev:ActivityRecord{88809908 u0 com.hyperxray.an/.activity.MainActivity t121}, ar.launchFromActivity=ActivityRecord{208339185 u0 com.miui.home/.launcher.Launcher t2}, canShowWhenLocked:false, state:PAUSED, prev.packageName=com.hyperxray.an, ar.launchedFromPackage=com.miui.home, isCanstartOnKeyguard=false, isCanResumeActivity=false
11-25 14:51:42.959 I/SmartPower: com.hyperxray.an/10568(30853)( 3443): visible->invisible(405756ms) R(become invisible) adj=0.
11-25 14:51:42.959 I/SmartPower: com.hyperxray.an:native/10568(16085)( 3443): invisible->background(403676ms) R(become background) adj=925.
11-25 14:51:42.960 I/SmartPower: com.hyperxray.an/10568(30853)( 3443): invisible->background(0ms) R(become background) adj=0.
11-25 14:51:42.963 I/ImeTracker(30853): com.hyperxray.an:97cf57ca: onRequestHide at ORIGIN_CLIENT reason HIDE_SOFT_INPUT_BY_INSETS_API fromUser false
11-25 14:51:42.964 I/ImeTracker(30853): com.hyperxray.an:97cf57ca: onCancelled at PHASE_CLIENT_ALREADY_HIDDEN
11-25 14:51:42.990 D/BarFollowAnimation( 3443): isAppTaskBarOnTop win:Window{c65a6a3 u0 NotificationShade} (mCurrentTopTask:Task{ddb3152 #121 type=standard I=com.hyperxray.an/.activity.MainActivity} : true); (mAssociatedTask:Task{ddb3152 #121 type=standard I=com.hyperxray.an/.activity.MainActivity} : true); (mHomeTask:Task{a12fcf8 #1 type=home} : false); mReparentToOriginParent:false mLastAppBarVisible:true mLastHomeBarVisible:false
11-25 14:51:42.995 D/BarFollowAnimation( 3443): isAppTaskBarOnTop win:Window{c65a6a3 u0 NotificationShade} (mCurrentTopTask:Task{ddb3152 #121 type=standard I=com.hyperxray.an/.activity.MainActivity} : true); (mAssociatedTask:Task{ddb3152 #121 type=standard I=com.hyperxray.an/.activity.MainActivity} : true); (mHomeTask:Task{a12fcf8 #1 type=home} : false); mReparentToOriginParent:false mLastAppBarVisible:true mLastHomeBarVisible:false
