11-25 19:14:14.365 D/BarFollowAnimation( 3443): pairAppearanceRegionAndWin win=Window{c6778da u0 com.hyperxray.an/com.hyperxray.an.activity.MainActivity} 0
11-25 19:14:14.365 D/BarFollowAnimation( 3443): isAppTaskBarOnTop win:Window{c6778da u0 com.hyperxray.an/com.hyperxray.an.activity.MainActivity} (mCurrentTopTask:Task{e9ef375 #221 type=standard I=com.hyperxray.an/.activity.MainActivity} : true); (mAssociatedTask:Task{e9ef375 #221 type=standard I=com.hyperxray.an/.activity.MainActivity} : true); (mHomeTask:Task{a12fcf8 #1 type=home} : false); mReparentToOriginParent:false mLastAppBarVisible:true mLastHomeBarVisible:false
11-25 19:14:14.366 I/WindowManager( 3443): wms.showSurfaceRobustly mWin:Window{c6778da u0 com.hyperxray.an/com.hyperxray.an.activity.MainActivity} in Surface(name=com.hyperxray.an/com.hyperxray.an.activity.MainActivity#23164)/@0x22e2846
11-25 19:14:14.370 D/BarFollowAnimation( 3443): pairAppearanceRegionAndWin win=Window{c6778da u0 com.hyperxray.an/com.hyperxray.an.activity.MainActivity} 0
11-25 19:14:14.370 D/BarFollowAnimation( 3443): isAppTaskBarOnTop win:Window{c6778da u0 com.hyperxray.an/com.hyperxray.an.activity.MainActivity} (mCurrentTopTask:Task{e9ef375 #221 type=standard I=com.hyperxray.an/.activity.MainActivity} : true); (mAssociatedTask:Task{e9ef375 #221 type=standard I=com.hyperxray.an/.activity.MainActivity} : true); (mHomeTask:Task{a12fcf8 #1 type=home} : false); mReparentToOriginParent:false mLastAppBarVisible:true mLastHomeBarVisible:false
11-25 19:14:14.372 I/WindowManager( 3443): Allow fixed rotation for not collecting:ActivityRecord{100470879 u0 com.hyperxray.an/.activity.MainActivity t221}
11-25 19:14:14.391 D/BarFollowAnimation( 3443): pairAppearanceRegionAndWin win=Window{c6778da u0 com.hyperxray.an/com.hyperxray.an.activity.MainActivity} 0
11-25 19:14:14.391 D/BarFollowAnimation( 3443): isAppTaskBarOnTop win:Window{c6778da u0 com.hyperxray.an/com.hyperxray.an.activity.MainActivity} (mCurrentTopTask:Task{e9ef375 #221 type=standard I=com.hyperxray.an/.activity.MainActivity} : true); (mAssociatedTask:Task{e9ef375 #221 type=standard I=com.hyperxray.an/.activity.MainActivity} : true); (mHomeTask:Task{a12fcf8 #1 type=home} : false); mReparentToOriginParent:false mLastAppBarVisible:true mLastHomeBarVisible:false
11-25 19:14:14.393 W/PackageConfigPersister( 3443): App-specific configuration not found for packageName: com.hyperxray.an and userId: 0
11-25 19:14:14.462 D/BarFollowAnimation( 3443): pairAppearanceRegionAndWin win=Window{c6778da u0 com.hyperxray.an/com.hyperxray.an.activity.MainActivity} 0
11-25 19:14:14.462 D/BarFollowAnimation( 3443): isAppTaskBarOnTop win:Window{c6778da u0 com.hyperxray.an/com.hyperxray.an.activity.MainActivity} (mCurrentTopTask:Task{e9ef375 #221 type=standard I=com.hyperxray.an/.activity.MainActivity} : true); (mAssociatedTask:Task{e9ef375 #221 type=standard I=com.hyperxray.an/.activity.MainActivity} : true); (mHomeTask:Task{a12fcf8 #1 type=home} : false); mReparentToOriginParent:false mLastAppBarVisible:true mLastHomeBarVisible:false
11-25 19:14:14.463 D/BarFollowAnimation( 3443): pairAppearanceRegionAndWin win=Window{c6778da u0 com.hyperxray.an/com.hyperxray.an.activity.MainActivity} 0
11-25 19:14:14.463 D/BarFollowAnimation( 3443): isAppTaskBarOnTop win:Window{c6778da u0 com.hyperxray.an/com.hyperxray.an.activity.MainActivity} (mCurrentTopTask:Task{e9ef375 #221 type=standard I=com.hyperxray.an/.activity.MainActivity} : true); (mAssociatedTask:Task{e9ef375 #221 type=standard I=com.hyperxray.an/.activity.MainActivity} : true); (mHomeTask:Task{a12fcf8 #1 type=home} : false); mReparentToOriginParent:false mLastAppBarVisible:true mLastHomeBarVisible:false
11-25 19:14:14.610 W/TaskSnapshot_CInjector( 3443): isTop()...current=com.hyperxray.an/.activity.MainActivity, topActivity=com.hyperxray.an/.activity.MainActivity
11-25 19:14:14.621 D/WindowManager( 3443): postWindowRemoveCleanupLocked: Removing startingWindow Window{ce0bf5e u0 SnapshotStartingWindow for taskId=221} from ActivityRecord{100470879 u0 com.hyperxray.an/.activity.MainActivity t221} activity = ActivityRecord{100470879 u0 com.hyperxray.an/.activity.MainActivity t221}
11-25 19:14:14.622 D/BarFollowAnimation( 3443): pairAppearanceRegionAndWin win=Window{c6778da u0 com.hyperxray.an/com.hyperxray.an.activity.MainActivity} 0
11-25 19:14:14.622 D/BarFollowAnimation( 3443): isAppTaskBarOnTop win:Window{c6778da u0 com.hyperxray.an/com.hyperxray.an.activity.MainActivity} (mCurrentTopTask:Task{e9ef375 #221 type=standard I=com.hyperxray.an/.activity.MainActivity} : true); (mAssociatedTask:Task{e9ef375 #221 type=standard I=com.hyperxray.an/.activity.MainActivity} : true); (mHomeTask:Task{a12fcf8 #1 type=home} : false); mReparentToOriginParent:false mLastAppBarVisible:true mLastHomeBarVisible:false
11-25 19:14:14.629 D/BarFollowAnimation( 3443): pairAppearanceRegionAndWin win=Window{c6778da u0 com.hyperxray.an/com.hyperxray.an.activity.MainActivity} 0
11-25 19:14:14.629 D/BarFollowAnimation( 3443): isAppTaskBarOnTop win:Window{c6778da u0 com.hyperxray.an/com.hyperxray.an.activity.MainActivity} (mCurrentTopTask:Task{e9ef375 #221 type=standard I=com.hyperxray.an/.activity.MainActivity} : true); (mAssociatedTask:Task{e9ef375 #221 type=standard I=com.hyperxray.an/.activity.MainActivity} : true); (mHomeTask:Task{a12fcf8 #1 type=home} : false); mReparentToOriginParent:false mLastAppBarVisible:true mLastHomeBarVisible:false
11-25 19:14:14.956 I/TransitionImpl( 3443): finishTransition: updateLastSurfacePosition tf=Task{e9ef375 #221 type=standard I=com.hyperxray.an/.activity.MainActivity}
11-25 19:14:14.957 D/BarFollowAnimation( 3443): checkBarStatus mReparentToOriginParent:false hasTopFullAppTask:true mHomeTask:Task{a12fcf8 #1 type=home} mCurrentTopTask: Task{e9ef375 #221 type=standard I=com.hyperxray.an/.activity.MainActivity} mAssociatedTask: Task{e9ef375 #221 type=standard I=com.hyperxray.an/.activity.MainActivity} homeTaskonTop:false mLastAppBarVisible:true mLastHomeBarVisible:false isInSplitScreen:false
11-25 19:14:14.957 D/BarFollowAnimation( 3443):  showAppNavBar  packageName = com.hyperxray.an mHasHideAppSurface = false mIsKeyguardGoingAway = false mNavBarState = -1
11-25 19:14:14.958 D/BarFollowAnimation( 3443): calculateAppSurface: task=Task{e9ef375 #221 type=standard I=com.hyperxray.an/.activity.MainActivity} appSurface=Surface(name=NavigationBar Container of Task = 221#23058)/@0x8f2e562
11-25 19:14:14.960 D/BarFollowAnimation( 3443): pairAppearanceRegionAndWin win=Window{c6778da u0 com.hyperxray.an/com.hyperxray.an.activity.MainActivity} 0
11-25 19:14:14.960 D/BarFollowAnimation( 3443): isAppTaskBarOnTop win:Window{c6778da u0 com.hyperxray.an/com.hyperxray.an.activity.MainActivity} (mCurrentTopTask:Task{e9ef375 #221 type=standard I=com.hyperxray.an/.activity.MainActivity} : true); (mAssociatedTask:Task{e9ef375 #221 type=standard I=com.hyperxray.an/.activity.MainActivity} : true); (mHomeTask:Task{a12fcf8 #1 type=home} : false); mReparentToOriginParent:false mLastAppBarVisible:true mLastHomeBarVisible:false
11-25 19:14:14.965 D/BarFollowAnimation( 3443): pairAppearanceRegionAndWin win=Window{c6778da u0 com.hyperxray.an/com.hyperxray.an.activity.MainActivity} 0
11-25 19:14:14.965 D/BarFollowAnimation( 3443): isAppTaskBarOnTop win:Window{c6778da u0 com.hyperxray.an/com.hyperxray.an.activity.MainActivity} (mCurrentTopTask:Task{e9ef375 #221 type=standard I=com.hyperxray.an/.activity.MainActivity} : true); (mAssociatedTask:Task{e9ef375 #221 type=standard I=com.hyperxray.an/.activity.MainActivity} : true); (mHomeTask:Task{a12fcf8 #1 type=home} : false); mReparentToOriginParent:false mLastAppBarVisible:true mLastHomeBarVisible:false
11-25 19:14:14.970 D/BarFollowAnimation( 3443): pairAppearanceRegionAndWin win=Window{c6778da u0 com.hyperxray.an/com.hyperxray.an.activity.MainActivity} 0
11-25 19:14:14.970 D/BarFollowAnimation( 3443): isAppTaskBarOnTop win:Window{c6778da u0 com.hyperxray.an/com.hyperxray.an.activity.MainActivity} (mCurrentTopTask:Task{e9ef375 #221 type=standard I=com.hyperxray.an/.activity.MainActivity} : true); (mAssociatedTask:Task{e9ef375 #221 type=standard I=com.hyperxray.an/.activity.MainActivity} : true); (mHomeTask:Task{a12fcf8 #1 type=home} : false); mReparentToOriginParent:false mLastAppBarVisible:true mLastHomeBarVisible:false
11-25 19:14:14.973 D/BarFollowAnimation( 3443): pairAppearanceRegionAndWin win=Window{c6778da u0 com.hyperxray.an/com.hyperxray.an.activity.MainActivity} 0
11-25 19:14:14.973 D/BarFollowAnimation( 3443): isAppTaskBarOnTop win:Window{c6778da u0 com.hyperxray.an/com.hyperxray.an.activity.MainActivity} (mCurrentTopTask:Task{e9ef375 #221 type=standard I=com.hyperxray.an/.activity.MainActivity} : true); (mAssociatedTask:Task{e9ef375 #221 type=standard I=com.hyperxray.an/.activity.MainActivity} : true); (mHomeTask:Task{a12fcf8 #1 type=home} : false); mReparentToOriginParent:false mLastAppBarVisible:true mLastHomeBarVisible:false
11-25 19:14:14.979 D/BarFollowAnimation( 3443): pairAppearanceRegionAndWin win=Window{c6778da u0 com.hyperxray.an/com.hyperxray.an.activity.MainActivity} 0
11-25 19:14:14.979 D/BarFollowAnimation( 3443): isAppTaskBarOnTop win:Window{c6778da u0 com.hyperxray.an/com.hyperxray.an.activity.MainActivity} (mCurrentTopTask:Task{e9ef375 #221 type=standard I=com.hyperxray.an/.activity.MainActivity} : true); (mAssociatedTask:Task{e9ef375 #221 type=standard I=com.hyperxray.an/.activity.MainActivity} : true); (mHomeTask:Task{a12fcf8 #1 type=home} : false); mReparentToOriginParent:false mLastAppBarVisible:true mLastHomeBarVisible:false
11-25 19:14:14.980 D/BarFollowAnimation( 3443): pairAppearanceRegionAndWin win=Window{c6778da u0 com.hyperxray.an/com.hyperxray.an.activity.MainActivity} 0
11-25 19:14:14.980 D/BarFollowAnimation( 3443): isAppTaskBarOnTop win:Window{c6778da u0 com.hyperxray.an/com.hyperxray.an.activity.MainActivity} (mCurrentTopTask:Task{e9ef375 #221 type=standard I=com.hyperxray.an/.activity.MainActivity} : true); (mAssociatedTask:Task{e9ef375 #221 type=standard I=com.hyperxray.an/.activity.MainActivity} : true); (mHomeTask:Task{a12fcf8 #1 type=home} : false); mReparentToOriginParent:false mLastAppBarVisible:true mLastHomeBarVisible:false
11-25 19:14:14.988 D/BarFollowAnimation( 3443): pairAppearanceRegionAndWin win=Window{c6778da u0 com.hyperxray.an/com.hyperxray.an.activity.MainActivity} 0
11-25 19:14:14.988 D/BarFollowAnimation( 3443): isAppTaskBarOnTop win:Window{c6778da u0 com.hyperxray.an/com.hyperxray.an.activity.MainActivity} (mCurrentTopTask:Task{e9ef375 #221 type=standard I=com.hyperxray.an/.activity.MainActivity} : true); (mAssociatedTask:Task{e9ef375 #221 type=standard I=com.hyperxray.an/.activity.MainActivity} : true); (mHomeTask:Task{a12fcf8 #1 type=home} : false); mReparentToOriginParent:false mLastAppBarVisible:true mLastHomeBarVisible:false
11-25 19:14:17.741 D/ScrollScenario( 3443): ScrollState: scroll start on com.hyperxray.an
11-25 19:14:18.076 D/ScrollScenario( 3443): ScrollState: scroll end on com.hyperxray.an
11-25 19:14:18.076 I/DPSImpl ( 3443): boost for touch up, package:com.hyperxray.an
11-25 19:14:18.391 D/ScrollScenario( 3443): ScrollState: scroll start on com.hyperxray.an
11-25 19:14:18.655 D/ScrollScenario( 3443): ScrollState: scroll end on com.hyperxray.an
11-25 19:14:18.655 I/DPSImpl ( 3443): boost for touch up failed because of timediff < 1, package:com.hyperxray.an
11-25 19:14:19.146 D/ScrollScenario( 3443): ScrollState: scroll start on com.hyperxray.an
11-25 19:14:19.413 D/ScrollScenario( 3443): ScrollState: scroll end on com.hyperxray.an
11-25 19:14:19.413 I/DPSImpl ( 3443): boost for touch up, package:com.hyperxray.an
11-25 19:15:22.916 D/ScrollScenario( 3443): ScrollState: scroll start on com.hyperxray.an
11-25 19:15:22.975 D/ScrollScenario( 3443): ScrollState: scroll end on com.hyperxray.an
11-25 19:15:22.976 D/ScrollScenario( 3443): ScrollState: fling start on com.hyperxray.an
11-25 19:15:22.976 I/DPSImpl ( 3443): boost for touch up, package:com.hyperxray.an
11-25 19:15:23.240 D/ScrollScenario( 3443): ScrollState: fling end on com.hyperxray.an
11-25 19:15:23.240 D/ScrollScenario( 3443): ScrollState: scroll start on com.hyperxray.an
11-25 19:15:25.889 D/ScrollScenario( 3443): ScrollState: scroll end on com.hyperxray.an
11-25 19:15:25.889 I/DPSImpl ( 3443): boost for touch up, package:com.hyperxray.an
11-25 19:16:29.721 D/BarFollowAnimation( 3443): pairAppearanceRegionAndWin win=Window{c6778da u0 com.hyperxray.an/com.hyperxray.an.activity.MainActivity} 0
11-25 19:16:29.721 D/BarFollowAnimation( 3443): isAppTaskBarOnTop win:Window{c6778da u0 com.hyperxray.an/com.hyperxray.an.activity.MainActivity} (mCurrentTopTask:Task{e9ef375 #221 type=standard I=com.hyperxray.an/.activity.MainActivity} : true); (mAssociatedTask:Task{e9ef375 #221 type=standard I=com.hyperxray.an/.activity.MainActivity} : true); (mHomeTask:Task{a12fcf8 #1 type=home} : false); mReparentToOriginParent:false mLastAppBarVisible:true mLastHomeBarVisible:false
11-25 19:16:29.724 D/BarFollowAnimation( 3443): pairAppearanceRegionAndWin win=Window{c6778da u0 com.hyperxray.an/com.hyperxray.an.activity.MainActivity} 0
11-25 19:16:29.724 D/BarFollowAnimation( 3443): isAppTaskBarOnTop win:Window{c6778da u0 com.hyperxray.an/com.hyperxray.an.activity.MainActivity} (mCurrentTopTask:Task{e9ef375 #221 type=standard I=com.hyperxray.an/.activity.MainActivity} : true); (mAssociatedTask:Task{e9ef375 #221 type=standard I=com.hyperxray.an/.activity.MainActivity} : true); (mHomeTask:Task{a12fcf8 #1 type=home} : false); mReparentToOriginParent:false mLastAppBarVisible:true mLastHomeBarVisible:false
11-25 19:16:29.738 D/BarFollowAnimation( 3443): pairAppearanceRegionAndWin win=Window{c6778da u0 com.hyperxray.an/com.hyperxray.an.activity.MainActivity} 0
11-25 19:16:29.738 D/BarFollowAnimation( 3443): isAppTaskBarOnTop win:Window{c6778da u0 com.hyperxray.an/com.hyperxray.an.activity.MainActivity} (mCurrentTopTask:Task{e9ef375 #221 type=standard I=com.hyperxray.an/.activity.MainActivity} : true); (mAssociatedTask:Task{e9ef375 #221 type=standard I=com.hyperxray.an/.activity.MainActivity} : true); (mHomeTask:Task{a12fcf8 #1 type=home} : false); mReparentToOriginParent:false mLastAppBarVisible:true mLastHomeBarVisible:false
11-25 19:16:36.423 D/BarFollowAnimation( 3443): pairAppearanceRegionAndWin win=Window{c6778da u0 com.hyperxray.an/com.hyperxray.an.activity.MainActivity} 0
11-25 19:16:36.423 D/BarFollowAnimation( 3443): isAppTaskBarOnTop win:Window{c6778da u0 com.hyperxray.an/com.hyperxray.an.activity.MainActivity} (mCurrentTopTask:Task{e9ef375 #221 type=standard I=com.hyperxray.an/.activity.MainActivity} : true); (mAssociatedTask:Task{e9ef375 #221 type=standard I=com.hyperxray.an/.activity.MainActivity} : true); (mHomeTask:Task{a12fcf8 #1 type=home} : false); mReparentToOriginParent:false mLastAppBarVisible:true mLastHomeBarVisible:false
11-25 19:16:36.670 I/DPSImpl ( 3443): boost for touch up, package:com.hyperxray.an
11-25 19:16:36.673 D/VibratorManagerService( 3443): Check AppOp mode VIBRATE for uid 10568 and package com.hyperxray.an returned audio=allow, op=allow
11-25 19:16:36.675 D/VibratorManagerService( 3443): Start AppOp mode VIBRATE for uid 10568 and package com.hyperxray.an returned allow
11-25 19:16:36.734 D/VibratorManagerService( 3443): Finish AppOp mode VIBRATE for uid 10568 and package com.hyperxray.an
11-25 19:16:37.983 D/BarFollowAnimation( 3443): pairAppearanceRegionAndWin win=Window{c6778da u0 com.hyperxray.an/com.hyperxray.an.activity.MainActivity} 0
11-25 19:16:37.984 D/BarFollowAnimation( 3443): isAppTaskBarOnTop win:Window{c6778da u0 com.hyperxray.an/com.hyperxray.an.activity.MainActivity} (mCurrentTopTask:Task{e9ef375 #221 type=standard I=com.hyperxray.an/.activity.MainActivity} : true); (mAssociatedTask:Task{e9ef375 #221 type=standard I=com.hyperxray.an/.activity.MainActivity} : true); (mHomeTask:Task{a12fcf8 #1 type=home} : false); mReparentToOriginParent:false mLastAppBarVisible:true mLastHomeBarVisible:false
11-25 19:19:18.570 D/BarFollowAnimation( 3443): pairAppearanceRegionAndWin win=Window{c6778da u0 com.hyperxray.an/com.hyperxray.an.activity.MainActivity} 0
11-25 19:19:18.570 D/BarFollowAnimation( 3443): isAppTaskBarOnTop win:Window{c6778da u0 com.hyperxray.an/com.hyperxray.an.activity.MainActivity} (mCurrentTopTask:Task{e9ef375 #221 type=standard I=com.hyperxray.an/.activity.MainActivity} : true); (mAssociatedTask:Task{e9ef375 #221 type=standard I=com.hyperxray.an/.activity.MainActivity} : true); (mHomeTask:Task{a12fcf8 #1 type=home} : false); mReparentToOriginParent:false mLastAppBarVisible:true mLastHomeBarVisible:false
11-25 19:19:18.583 D/ScrollScenario( 3443): ScrollState: scroll start on com.hyperxray.an
11-25 19:19:18.806 D/ScrollScenario( 3443): ScrollState: scroll end on com.hyperxray.an
11-25 19:19:18.806 D/ScrollScenario( 3443): ScrollState: fling start on com.hyperxray.an
11-25 19:19:18.807 I/DPSImpl ( 3443): boost for touch up, package:com.hyperxray.an
11-25 19:19:19.089 D/ScrollScenario( 3443): ScrollState: fling end on com.hyperxray.an
11-25 19:19:19.089 D/ScrollScenario( 3443): ScrollState: scroll start on com.hyperxray.an
11-25 19:19:19.254 I/DPSImpl ( 3443): boost for touch up failed because of timediff < 1, package:com.hyperxray.an
11-25 19:19:19.257 D/ScrollScenario( 3443): ScrollState: scroll end on com.hyperxray.an
11-25 19:19:19.257 D/ScrollScenario( 3443): ScrollState: fling start on com.hyperxray.an
11-25 19:19:19.490 D/ScrollScenario( 3443): ScrollState: fling end on com.hyperxray.an
11-25 19:19:19.490 D/ScrollScenario( 3443): ScrollState: scroll start on com.hyperxray.an
11-25 19:19:19.632 D/ScrollScenario( 3443): ScrollState: scroll end on com.hyperxray.an
11-25 19:19:19.632 D/ScrollScenario( 3443): ScrollState: fling start on com.hyperxray.an
11-25 19:19:19.633 I/DPSImpl ( 3443): boost for touch up failed because of timediff < 1, package:com.hyperxray.an
11-25 19:19:20.391 D/ScrollScenario( 3443): ScrollState: fling end on com.hyperxray.an
11-25 19:19:20.391 D/ScrollScenario( 3443): ScrollState: scroll start on com.hyperxray.an
11-25 19:19:21.512 D/ScrollScenario( 3443): ScrollState: scroll end on com.hyperxray.an
11-25 19:19:21.512 D/ScrollScenario( 3443): ScrollState: fling start on com.hyperxray.an
11-25 19:19:21.513 I/DPSImpl ( 3443): boost for touch up, package:com.hyperxray.an
11-25 19:19:21.877 D/ScrollScenario( 3443): ScrollState: fling end on com.hyperxray.an
11-25 19:19:21.877 D/ScrollScenario( 3443): ScrollState: scroll start on com.hyperxray.an
11-25 19:19:22.122 D/ScrollScenario( 3443): ScrollState: scroll end on com.hyperxray.an
11-25 19:19:22.122 D/ScrollScenario( 3443): ScrollState: fling start on com.hyperxray.an
11-25 19:19:22.122 I/DPSImpl ( 3443): boost for touch up failed because of timediff < 1, package:com.hyperxray.an
11-25 19:19:23.636 D/BarFollowAnimation( 3443): pairAppearanceRegionAndWin win=Window{c6778da u0 com.hyperxray.an/com.hyperxray.an.activity.MainActivity} 0
11-25 19:19:23.637 D/BarFollowAnimation( 3443): isAppTaskBarOnTop win:Window{c6778da u0 com.hyperxray.an/com.hyperxray.an.activity.MainActivity} (mCurrentTopTask:Task{e9ef375 #221 type=standard I=com.hyperxray.an/.activity.MainActivity} : true); (mAssociatedTask:Task{e9ef375 #221 type=standard I=com.hyperxray.an/.activity.MainActivity} : true); (mHomeTask:Task{a12fcf8 #1 type=home} : false); mReparentToOriginParent:false mLastAppBarVisible:true mLastHomeBarVisible:false
11-25 19:19:25.123 D/ScrollScenario( 3443): ScrollState: fling end on com.hyperxray.an
11-25 19:20:07.588 D/ScrollScenario( 3443): ScrollState: scroll start on com.hyperxray.an
11-25 19:20:07.596 D/BarFollowAnimation( 3443): pairAppearanceRegionAndWin win=Window{c6778da u0 com.hyperxray.an/com.hyperxray.an.activity.MainActivity} 0
11-25 19:20:07.596 D/BarFollowAnimation( 3443): isAppTaskBarOnTop win:Window{c6778da u0 com.hyperxray.an/com.hyperxray.an.activity.MainActivity} (mCurrentTopTask:Task{e9ef375 #221 type=standard I=com.hyperxray.an/.activity.MainActivity} : true); (mAssociatedTask:Task{e9ef375 #221 type=standard I=com.hyperxray.an/.activity.MainActivity} : true); (mHomeTask:Task{a12fcf8 #1 type=home} : false); mReparentToOriginParent:false mLastAppBarVisible:true mLastHomeBarVisible:false
11-25 19:20:07.669 D/ScrollScenario( 3443): ScrollState: scroll end on com.hyperxray.an
11-25 19:20:07.670 D/ScrollScenario( 3443): ScrollState: fling start on com.hyperxray.an
11-25 19:20:07.670 I/DPSImpl ( 3443): boost for touch up, package:com.hyperxray.an
11-25 19:20:08.279 D/ScrollScenario( 3443): ScrollState: fling end on com.hyperxray.an
11-25 19:20:08.279 D/ScrollScenario( 3443): ScrollState: scroll start on com.hyperxray.an
11-25 19:20:08.589 D/ScrollScenario( 3443): ScrollState: scroll end on com.hyperxray.an
11-25 19:20:08.589 D/ScrollScenario( 3443): ScrollState: fling start on com.hyperxray.an
11-25 19:20:08.590 I/DPSImpl ( 3443): boost for touch up failed because of timediff < 1, package:com.hyperxray.an
11-25 19:20:09.751 D/ScrollScenario( 3443): ScrollState: fling end on com.hyperxray.an
11-25 19:20:09.751 D/ScrollScenario( 3443): ScrollState: scroll start on com.hyperxray.an
11-25 19:20:09.914 D/ScrollScenario( 3443): ScrollState: scroll end on com.hyperxray.an
11-25 19:20:09.914 D/ScrollScenario( 3443): ScrollState: fling start on com.hyperxray.an
11-25 19:20:09.916 I/DPSImpl ( 3443): boost for touch up, package:com.hyperxray.an
11-25 19:20:11.886 D/BarFollowAnimation( 3443): pairAppearanceRegionAndWin win=Window{c6778da u0 com.hyperxray.an/com.hyperxray.an.activity.MainActivity} 0
11-25 19:20:11.886 D/BarFollowAnimation( 3443): isAppTaskBarOnTop win:Window{c6778da u0 com.hyperxray.an/com.hyperxray.an.activity.MainActivity} (mCurrentTopTask:Task{e9ef375 #221 type=standard I=com.hyperxray.an/.activity.MainActivity} : true); (mAssociatedTask:Task{e9ef375 #221 type=standard I=com.hyperxray.an/.activity.MainActivity} : true); (mHomeTask:Task{a12fcf8 #1 type=home} : false); mReparentToOriginParent:false mLastAppBarVisible:true mLastHomeBarVisible:false
11-25 19:20:12.915 D/ScrollScenario( 3443): ScrollState: fling end on com.hyperxray.an
11-25 19:20:40.341 D/DnsCacheManager(25480):  Metrics updated: entries=321, activeEntries=100, hits=8756, misses=5671, hitRate=60%
11-25 19:20:40.458 D/DnsCacheManager( 8946):  Active entries: 100 (total cache: 348, showing top 100)
11-25 19:20:40.459 D/DnsCacheManager( 8946):  Metrics updated: entries=348, activeEntries=100, hits=8857, misses=5726, hitRate=60%
11-25 19:20:40.685 D/DnsCacheManager(25480): DnsCacheManager already initialized, ensuring metrics job is running...
11-25 19:20:40.686 D/DnsCacheManager(25480):  Metrics job is already running (isActive=true)
11-25 19:20:40.686 I/MainViewModelDashboardAdapter(25480):  DNS cache stats StateFlow connected: entries=321, hits=8756, misses=5671, hitRate=60%
11-25 19:20:40.686 D/DnsCacheManager(25480):  Metrics job is already running (isActive=true)
11-25 19:20:40.843 D/DnsCacheManager(25480):  Active entries: 100 (total cache: 321, showing top 100)
11-25 19:20:40.844 D/DnsCacheManager(25480):  Metrics updated: entries=321, activeEntries=100, hits=8756, misses=5671, hitRate=60%
11-25 19:20:40.961 D/DnsCacheManager( 8946):  Active entries: 100 (total cache: 348, showing top 100)
11-25 19:20:40.962 D/DnsCacheManager( 8946):  Metrics updated: entries=348, activeEntries=100, hits=8857, misses=5726, hitRate=60%
11-25 19:20:41.346 D/DnsCacheManager(25480):  Active entries: 100 (total cache: 321, showing top 100)
11-25 19:20:41.346 D/DnsCacheManager(25480):  Metrics updated: entries=321, activeEntries=100, hits=8756, misses=5671, hitRate=60%
11-25 19:20:41.464 D/DnsCacheManager( 8946):  Active entries: 100 (total cache: 348, showing top 100)
11-25 19:20:41.465 D/DnsCacheManager( 8946):  Metrics updated: entries=348, activeEntries=100, hits=8857, misses=5726, hitRate=60%
11-25 19:20:41.848 D/DnsCacheManager(25480):  Active entries: 100 (total cache: 321, showing top 100)
11-25 19:20:41.849 D/DnsCacheManager(25480):  Metrics updated: entries=321, activeEntries=100, hits=8756, misses=5671, hitRate=60%
11-25 19:20:41.967 D/DnsCacheManager( 8946):  Active entries: 100 (total cache: 348, showing top 100)
11-25 19:20:41.967 D/DnsCacheManager( 8946):  Metrics updated: entries=348, activeEntries=100, hits=8857, misses=5726, hitRate=60%
11-25 19:20:42.030 D/XrayStatsManager(25480): Active instances provider returned 4 instances: {0=34587, 1=10396, 2=63628, 3=46562}
11-25 19:20:42.030 D/XrayStatsManager(25480): Using multi-instance mode with 4 instances
11-25 19:20:42.030 D/XrayStatsManager(25480): Collecting stats from 4 active instances: [34587, 10396, 63628, 46562]
11-25 19:20:42.041 D/XrayStatsManager(25480): Instance 0: uplink=36,82MB, downlink=149,41MB
11-25 19:20:42.041 D/XrayStatsManager(25480): Instance 1: uplink=41,84MB, downlink=148,75MB
11-25 19:20:42.041 D/XrayStatsManager(25480): Instance 2: uplink=71,62MB, downlink=50,14MB
11-25 19:20:42.042 D/XrayStatsManager(25480): Instance 3: uplink=92,59KB, downlink=84,55MB
11-25 19:20:42.042 D/XrayStatsManager(25480): Aggregated stats from 4 instances: totalUplink=150,37MB, totalDownlink=432,85MB
11-25 19:20:42.042 D/XrayStatsManager(25480): Throughput calculated: uplink=0 B/s, downlink=0 B/s, timeDelta=2.014s, uplinkDelta=0B, downlinkDelta=0B
11-25 19:20:42.042 D/XrayStatsManager(25480): Core stats updated - Uplink: 150,37MB, Downlink: 432,85MB, Uplink Throughput: 0 B/s, Downlink Throughput: 0 B/s
11-25 19:20:42.073 D/RenderEngine( 2005): makePassBlurBetterDownShader layername:com.hyperxray.an/com.hyperxray.an.activity.MainActivity#23164
11-25 19:20:42.351 D/DnsCacheManager(25480):  Active entries: 100 (total cache: 321, showing top 100)
11-25 19:20:42.351 D/DnsCacheManager(25480):  Metrics updated: entries=321, activeEntries=100, hits=8756, misses=5671, hitRate=60%
11-25 19:20:42.470 D/DnsCacheManager( 8946):  Active entries: 100 (total cache: 348, showing top 100)
11-25 19:20:42.471 D/DnsCacheManager( 8946):  Metrics updated: entries=348, activeEntries=100, hits=8857, misses=5726, hitRate=60%
11-25 19:20:42.687 D/DnsCacheManager(25480): DnsCacheManager already initialized, ensuring metrics job is running...
11-25 19:20:42.688 D/DnsCacheManager(25480):  Metrics job is already running (isActive=true)
11-25 19:20:42.688 I/MainViewModelDashboardAdapter(25480):  DNS cache stats StateFlow connected: entries=321, hits=8756, misses=5671, hitRate=60%
11-25 19:20:42.688 D/DnsCacheManager(25480):  Metrics job is already running (isActive=true)
11-25 19:20:42.853 D/DnsCacheManager(25480):  Active entries: 100 (total cache: 321, showing top 100)
11-25 19:20:42.854 D/DnsCacheManager(25480):  Metrics updated: entries=321, activeEntries=100, hits=8756, misses=5671, hitRate=60%
11-25 19:20:42.854 D/DnsCacheManager(25480):  Metrics update #820: entries=321, hits=8756, misses=5671, hitRate=60%
11-25 19:20:42.973 D/DnsCacheManager( 8946):  Active entries: 100 (total cache: 348, showing top 100)
11-25 19:20:42.974 D/DnsCacheManager( 8946):  Metrics updated: entries=348, activeEntries=100, hits=8857, misses=5726, hitRate=60%
11-25 19:20:43.356 D/DnsCacheManager(25480):  Active entries: 100 (total cache: 321, showing top 100)
11-25 19:20:43.356 D/DnsCacheManager(25480):  Metrics updated: entries=321, activeEntries=100, hits=8756, misses=5671, hitRate=60%
11-25 19:20:43.476 D/DnsCacheManager( 8946):  Active entries: 100 (total cache: 348, showing top 100)
11-25 19:20:43.476 D/DnsCacheManager( 8946):  Metrics updated: entries=348, activeEntries=100, hits=8857, misses=5726, hitRate=60%
11-25 19:20:43.859 D/DnsCacheManager(25480):  Active entries: 100 (total cache: 321, showing top 100)
11-25 19:20:43.859 D/DnsCacheManager(25480):  Metrics updated: entries=321, activeEntries=100, hits=8756, misses=5671, hitRate=60%
11-25 19:20:43.978 D/DnsCacheManager( 8946):  Active entries: 100 (total cache: 348, showing top 100)
11-25 19:20:43.979 D/DnsCacheManager( 8946):  Metrics updated: entries=348, activeEntries=100, hits=8857, misses=5726, hitRate=60%
11-25 19:20:44.044 D/XrayStatsManager(25480): Active instances provider returned 4 instances: {0=34587, 1=10396, 2=63628, 3=46562}
11-25 19:20:44.044 D/XrayStatsManager(25480): Using multi-instance mode with 4 instances
11-25 19:20:44.044 D/XrayStatsManager(25480): Collecting stats from 4 active instances: [34587, 10396, 63628, 46562]
11-25 19:20:44.054 D/XrayStatsManager(25480): Instance 0: uplink=36,82MB, downlink=149,41MB
11-25 19:20:44.054 D/XrayStatsManager(25480): Instance 1: uplink=41,84MB, downlink=148,75MB
11-25 19:20:44.054 D/XrayStatsManager(25480): Instance 2: uplink=71,62MB, downlink=50,14MB
11-25 19:20:44.054 D/XrayStatsManager(25480): Instance 3: uplink=92,59KB, downlink=84,55MB
11-25 19:20:44.054 D/XrayStatsManager(25480): Aggregated stats from 4 instances: totalUplink=150,37MB, totalDownlink=432,85MB
11-25 19:20:44.054 D/XrayStatsManager(25480): Throughput calculated: uplink=0 B/s, downlink=0 B/s, timeDelta=2.012s, uplinkDelta=0B, downlinkDelta=0B
11-25 19:20:44.054 D/XrayStatsManager(25480): Core stats updated - Uplink: 150,37MB, Downlink: 432,85MB, Uplink Throughput: 0 B/s, Downlink Throughput: 0 B/s
11-25 19:20:44.072 D/RenderEngine( 2005): makePassBlurBetterDownShader layername:com.hyperxray.an/com.hyperxray.an.activity.MainActivity#23164
11-25 19:20:44.360 D/DnsCacheManager(25480):  Active entries: 100 (total cache: 321, showing top 100)
11-25 19:20:44.361 D/DnsCacheManager(25480):  Metrics updated: entries=321, activeEntries=100, hits=8756, misses=5671, hitRate=60%
11-25 19:20:44.481 D/DnsCacheManager( 8946):  Active entries: 100 (total cache: 348, showing top 100)
11-25 19:20:44.481 D/DnsCacheManager( 8946):  Metrics updated: entries=348, activeEntries=100, hits=8857, misses=5726, hitRate=60%
11-25 19:20:44.481 D/DnsCacheManager( 8946):  Metrics update #820: entries=348, hits=8857, misses=5726, hitRate=60%
11-25 19:20:44.689 D/DnsCacheManager(25480): DnsCacheManager already initialized, ensuring metrics job is running...
11-25 19:20:44.690 D/DnsCacheManager(25480):  Metrics job is already running (isActive=true)
11-25 19:20:44.690 I/MainViewModelDashboardAdapter(25480):  DNS cache stats StateFlow connected: entries=321, hits=8756, misses=5671, hitRate=60%
11-25 19:20:44.690 D/DnsCacheManager(25480):  Metrics job is already running (isActive=true)
11-25 19:20:44.863 D/DnsCacheManager(25480):  Active entries: 100 (total cache: 321, showing top 100)
11-25 19:20:44.863 D/DnsCacheManager(25480):  Metrics updated: entries=321, activeEntries=100, hits=8756, misses=5671, hitRate=60%
11-25 19:20:44.983 D/DnsCacheManager( 8946):  Active entries: 100 (total cache: 348, showing top 100)
11-25 19:20:44.984 D/DnsCacheManager( 8946):  Metrics updated: entries=348, activeEntries=100, hits=8857, misses=5726, hitRate=60%
11-25 19:20:45.022 I/XrayRuntimeService( 8946): Xray: 2025/11/25 16:20:45.017886 [Debug] [1728985612] proxy/socks: Not Socks request, try to parse as HTTP request
11-25 19:20:45.024 I/XrayRuntimeService( 8946): Xray: 2025/11/25 16:20:45.018158 [Info] [1728985612] proxy/http: request to Method [CONNECT] Host [graph.facebook.com:443] with URL [//graph.facebook.com:443]
11-25 19:20:45.025 D/DnsCacheManager( 8946):  Checking DNS cache for: graph.facebook.com
11-25 19:20:45.025 I/DnsCacheManager( 8946):  DNS cache HIT: graph.facebook.com -> [157.240.234.15] (age: 5170s, latency: 0.122864ms)
11-25 19:20:45.025 D/TProxyUtils( 8946):  DNS CACHE HIT (Xray sniffing): graph.facebook.com -> [157.240.234.15] (served from cache)
11-25 19:20:45.026 D/MultiXrayCoreManager( 8946): getActiveInstances() called - Total instances: 4, Total ports: 4
11-25 19:20:45.026 D/MultiXrayCoreManager( 8946): Instance 0 (port 34587) is active and running
11-25 19:20:45.026 D/MultiXrayCoreManager( 8946): Instance 1 (port 10396) is active and running
11-25 19:20:45.026 D/MultiXrayCoreManager( 8946): Instance 2 (port 63628) is active and running
11-25 19:20:45.026 D/MultiXrayCoreManager( 8946): Instance 3 (port 46562) is active and running
11-25 19:20:45.026 D/MultiXrayCoreManager( 8946):  Found 4 active instances: [Instance-0:Port-34587, Instance-1:Port-10396, Instance-2:Port-63628, Instance-3:Port-46562]
11-25 19:20:45.026 I/XrayRuntimeService( 8946): Xray: 2025/11/25 16:20:45.019108 [Info] [1728985612] app/dispatcher: sniffed domain: graph.facebook.com
11-25 19:20:45.026 D/TProxyUtils( 8946): Sticky routing: domain=graph.facebook.com, ip=null -> instance 1, port 10396
11-25 19:20:45.028 D/MultiXrayCoreManager( 8946): getActiveInstances() called - Total instances: 4, Total ports: 4
11-25 19:20:45.028 I/XrayRuntimeService( 8946): Xray: 2025/11/25 16:20:45.019134 [Info] [1728985612] app/dispatcher: default route for tcp:graph.facebook.com:443
11-25 19:20:45.028 D/MultiXrayCoreManager( 8946): Instance 0 (port 34587) is active and running
11-25 19:20:45.028 D/MultiXrayCoreManager( 8946): Instance 1 (port 10396) is active and running
11-25 19:20:45.028 D/MultiXrayCoreManager( 8946): Instance 2 (port 63628) is active and running
11-25 19:20:45.028 D/MultiXrayCoreManager( 8946): Instance 3 (port 46562) is active and running
11-25 19:20:45.028 D/MultiXrayCoreManager( 8946):  Found 4 active instances: [Instance-0:Port-34587, Instance-1:Port-10396, Instance-2:Port-63628, Instance-3:Port-46562]
11-25 19:20:45.029 D/TProxyUtils( 8946): Sticky routing: domain=graph.facebook.com, ip=null -> instance 1, port 10396
11-25 19:20:45.030 D/MultiXrayCoreManager( 8946): getActiveInstances() called - Total instances: 4, Total ports: 4
11-25 19:20:45.030 D/MultiXrayCoreManager( 8946): Instance 0 (port 34587) is active and running
11-25 19:20:45.030 D/MultiXrayCoreManager( 8946): Instance 1 (port 10396) is active and running
11-25 19:20:45.030 D/MultiXrayCoreManager( 8946): Instance 2 (port 63628) is active and running
11-25 19:20:45.030 D/MultiXrayCoreManager( 8946): Instance 3 (port 46562) is active and running
11-25 19:20:45.030 I/XrayRuntimeService( 8946): Xray: 2025/11/25 16:20:45.019139 [Info] [1728985612] transport/internet/tcp: dialing TCP to tcp:sus.halibiram.online:443
11-25 19:20:45.030 D/MultiXrayCoreManager( 8946):  Found 4 active instances: [Instance-0:Port-34587, Instance-1:Port-10396, Instance-2:Port-63628, Instance-3:Port-46562]
11-25 19:20:45.030 D/TProxyUtils( 8946): Sticky routing: domain=graph.facebook.com, ip=null -> instance 1, port 10396
11-25 19:20:45.032 I/XrayRuntimeService( 8946): Xray: 2025/11/25 16:20:45.019143 [Debug] [1728985612] transport/internet: dialing to tcp:sus.halibiram.online:443
11-25 19:20:45.034 I/XrayRuntimeService( 8946): Xray: 2025/11/25 16:20:45.019156 from 127.0.0.1:48254 accepted //graph.facebook.com:443 [vless_0]
11-25 19:20:45.035 D/MultiXrayCoreManager( 8946): getActiveInstances() called - Total instances: 4, Total ports: 4
11-25 19:20:45.035 D/MultiXrayCoreManager( 8946): Instance 0 (port 34587) is active and running
11-25 19:20:45.035 D/MultiXrayCoreManager( 8946): Instance 1 (port 10396) is active and running
11-25 19:20:45.035 D/MultiXrayCoreManager( 8946): Instance 2 (port 63628) is active and running
11-25 19:20:45.035 D/MultiXrayCoreManager( 8946): Instance 3 (port 46562) is active and running
11-25 19:20:45.035 D/MultiXrayCoreManager( 8946):  Found 4 active instances: [Instance-0:Port-34587, Instance-1:Port-10396, Instance-2:Port-63628, Instance-3:Port-46562]
11-25 19:20:45.035 D/TProxyUtils( 8946): Sticky routing: domain=graph.facebook.com, ip=127.0.0.1 -> instance 1, port 10396
11-25 19:20:45.354 I/XrayRuntimeService( 8946): Xray: 2025/11/25 16:20:45.349437 [Info] [1728985612] proxy/vless/outbound: tunneling request to tcp:graph.facebook.com:443 via sus.halibiram.online:443
11-25 19:20:45.357 D/MultiXrayCoreManager( 8946): getActiveInstances() called - Total instances: 4, Total ports: 4
11-25 19:20:45.357 I/XrayRuntimeService( 8946): Xray: 2025/11/25 16:20:45.349728 [Info] [1728985612] proxy: XtlsFilterTls found tls client hello! 517
11-25 19:20:45.357 D/MultiXrayCoreManager( 8946): Instance 0 (port 34587) is active and running
11-25 19:20:45.357 D/MultiXrayCoreManager( 8946): Instance 1 (port 10396) is active and running
11-25 19:20:45.357 D/MultiXrayCoreManager( 8946): Instance 2 (port 63628) is active and running
11-25 19:20:45.357 D/MultiXrayCoreManager( 8946): Instance 3 (port 46562) is active and running
11-25 19:20:45.357 D/MultiXrayCoreManager( 8946):  Found 4 active instances: [Instance-0:Port-34587, Instance-1:Port-10396, Instance-2:Port-63628, Instance-3:Port-46562]
11-25 19:20:45.357 D/TProxyUtils( 8946): Sticky routing: domain=graph.facebook.com, ip=null -> instance 1, port 10396
11-25 19:20:45.359 I/XrayRuntimeService( 8946): Xray: 2025/11/25 16:20:45.349764 [Info] [1728985612] proxy: XtlsPadding 517 872 0
11-25 19:20:45.364 D/DnsCacheManager(25480):  Active entries: 100 (total cache: 321, showing top 100)
11-25 19:20:45.365 D/DnsCacheManager(25480):  Metrics updated: entries=321, activeEntries=100, hits=8756, misses=5671, hitRate=60%
11-25 19:20:45.486 D/DnsCacheManager( 8946):  Active entries: 100 (total cache: 348, showing top 100)
11-25 19:20:45.487 D/DnsCacheManager( 8946):  Metrics updated: entries=348, activeEntries=100, hits=8858, misses=5726, hitRate=60%
11-25 19:20:45.525 I/XrayRuntimeService( 8946): Xray: 2025/11/25 16:20:45.522329 [Info] [1728985612] proxy: Xtls Unpadding new block, content 218 padding 1102 command 0
11-25 19:20:45.527 I/XrayRuntimeService( 8946): Xray: 2025/11/25 16:20:45.522408 [Info] [1728985612] proxy: XtlsFilterTls found tls 1.3! 218 TLS_AES_128_GCM_SHA256
11-25 19:20:45.529 I/XrayRuntimeService( 8946): Xray: 2025/11/25 16:20:45.523628 [Info] [1728985612] proxy: XtlsPadding 64 862 0
11-25 19:20:45.530 I/XrayRuntimeService( 8946): Xray: 2025/11/25 16:20:45.524561 [Info] [1728985612] proxy: XtlsPadding 988 176 2
11-25 19:20:45.723 I/XrayRuntimeService( 8946): Xray: 2025/11/25 16:20:45.718462 [Info] [1728985612] proxy: Xtls Unpadding new block, content 185 padding 909 command 2
11-25 19:20:45.727 I/XrayRuntimeService( 8946): Xray: 2025/11/25 16:20:45.718580 [Info] [1728985612] proxy: CopyRawConn splice
11-25 19:20:45.867 D/DnsCacheManager(25480):  Active entries: 100 (total cache: 321, showing top 100)
11-25 19:20:45.868 D/DnsCacheManager(25480):  Metrics updated: entries=321, activeEntries=100, hits=8756, misses=5671, hitRate=60%
11-25 19:20:45.989 D/DnsCacheManager( 8946):  Active entries: 100 (total cache: 348, showing top 100)
11-25 19:20:45.990 D/DnsCacheManager( 8946):  Metrics updated: entries=348, activeEntries=100, hits=8858, misses=5726, hitRate=60%
11-25 19:20:46.056 D/XrayStatsManager(25480): Active instances provider returned 4 instances: {0=34587, 1=10396, 2=63628, 3=46562}
11-25 19:20:46.056 D/XrayStatsManager(25480): Using multi-instance mode with 4 instances
11-25 19:20:46.056 D/XrayStatsManager(25480): Collecting stats from 4 active instances: [34587, 10396, 63628, 46562]
11-25 19:20:46.064 D/XrayStatsManager(25480): Instance 0: uplink=36,82MB, downlink=149,41MB
11-25 19:20:46.064 D/XrayStatsManager(25480): Instance 1: uplink=41,84MB, downlink=148,75MB
11-25 19:20:46.064 D/XrayStatsManager(25480): Instance 2: uplink=71,62MB, downlink=50,14MB
11-25 19:20:46.064 D/XrayStatsManager(25480): Instance 3: uplink=96,10KB, downlink=84,56MB
11-25 19:20:46.064 D/XrayStatsManager(25480): Aggregated stats from 4 instances: totalUplink=150,37MB, totalDownlink=432,85MB
11-25 19:20:46.064 D/XrayStatsManager(25480): Throughput calculated: uplink=1,75KB/s, downlink=1,19KB/s, timeDelta=2.01s, uplinkDelta=3,51KB, downlinkDelta=2,38KB
11-25 19:20:46.064 D/XrayStatsManager(25480): Core stats updated - Uplink: 150,37MB, Downlink: 432,85MB, Uplink Throughput: 1,75KB/s, Downlink Throughput: 1,19KB/s
11-25 19:20:46.089 D/RenderEngine( 2005): makePassBlurBetterDownShader layername:com.hyperxray.an/com.hyperxray.an.activity.MainActivity#23164
11-25 19:20:46.370 D/DnsCacheManager(25480):  Active entries: 100 (total cache: 321, showing top 100)
11-25 19:20:46.370 D/DnsCacheManager(25480):  Metrics updated: entries=321, activeEntries=100, hits=8756, misses=5671, hitRate=60%
11-25 19:20:46.493 D/DnsCacheManager( 8946):  Active entries: 100 (total cache: 348, showing top 100)
11-25 19:20:46.494 D/DnsCacheManager( 8946):  Metrics updated: entries=348, activeEntries=100, hits=8858, misses=5726, hitRate=60%
11-25 19:20:46.692 D/DnsCacheManager(25480): DnsCacheManager already initialized, ensuring metrics job is running...
11-25 19:20:46.692 D/DnsCacheManager(25480):  Metrics job is already running (isActive=true)
11-25 19:20:46.692 D/DnsCacheManager(25480):  Metrics job is already running (isActive=true)
11-25 19:20:46.692 I/MainViewModelDashboardAdapter(25480):  DNS cache stats StateFlow connected: entries=321, hits=8756, misses=5671, hitRate=60%
11-25 19:20:46.872 D/DnsCacheManager(25480):  Active entries: 100 (total cache: 321, showing top 100)
11-25 19:20:46.873 D/DnsCacheManager(25480):  Metrics updated: entries=321, activeEntries=100, hits=8756, misses=5671, hitRate=60%
11-25 19:20:46.997 D/DnsCacheManager( 8946):  Active entries: 100 (total cache: 348, showing top 100)
11-25 19:20:46.997 D/DnsCacheManager( 8946):  Metrics updated: entries=348, activeEntries=100, hits=8858, misses=5726, hitRate=60%
11-25 19:20:47.375 D/DnsCacheManager(25480):  Active entries: 100 (total cache: 321, showing top 100)
11-25 19:20:47.376 D/DnsCacheManager(25480):  Metrics updated: entries=321, activeEntries=100, hits=8756, misses=5671, hitRate=60%
11-25 19:20:47.500 D/DnsCacheManager( 8946):  Active entries: 100 (total cache: 348, showing top 100)
11-25 19:20:47.500 D/DnsCacheManager( 8946):  Metrics updated: entries=348, activeEntries=100, hits=8858, misses=5726, hitRate=60%
11-25 19:20:47.860 I/XrayRuntimeService( 8946): Xray: 2025/11/25 16:20:47.852647 [Debug] [3612311080] proxy/socks: Not Socks request, try to parse as HTTP request
11-25 19:20:47.867 I/XrayRuntimeService( 8946): Xray: 2025/11/25 16:20:47.852771 [Info] [3612311080] proxy/http: request to Method [CONNECT] Host [graph.facebook.com:443] with URL [//graph.facebook.com:443]
11-25 19:20:47.868 D/DnsCacheManager( 8946):  Checking DNS cache for: graph.facebook.com
11-25 19:20:47.868 I/DnsCacheManager( 8946):  DNS cache HIT: graph.facebook.com -> [157.240.234.15] (age: 5172s, latency: 0.338437ms)
11-25 19:20:47.868 D/TProxyUtils( 8946):  DNS CACHE HIT (Xray sniffing): graph.facebook.com -> [157.240.234.15] (served from cache)
11-25 19:20:47.871 D/MultiXrayCoreManager( 8946): getActiveInstances() called - Total instances: 4, Total ports: 4
11-25 19:20:47.871 D/MultiXrayCoreManager( 8946): Instance 0 (port 34587) is active and running
11-25 19:20:47.872 D/MultiXrayCoreManager( 8946): Instance 1 (port 10396) is active and running
11-25 19:20:47.872 D/MultiXrayCoreManager( 8946): Instance 2 (port 63628) is active and running
11-25 19:20:47.872 D/MultiXrayCoreManager( 8946): Instance 3 (port 46562) is active and running
11-25 19:20:47.872 I/XrayRuntimeService( 8946): Xray: 2025/11/25 16:20:47.854653 [Info] [3612311080] app/dispatcher: sniffed domain: graph.facebook.com
11-25 19:20:47.872 D/MultiXrayCoreManager( 8946):  Found 4 active instances: [Instance-0:Port-34587, Instance-1:Port-10396, Instance-2:Port-63628, Instance-3:Port-46562]
11-25 19:20:47.872 D/TProxyUtils( 8946): Sticky routing: domain=graph.facebook.com, ip=null -> instance 1, port 10396
11-25 19:20:47.874 D/MultiXrayCoreManager( 8946): getActiveInstances() called - Total instances: 4, Total ports: 4
11-25 19:20:47.874 D/MultiXrayCoreManager( 8946): Instance 0 (port 34587) is active and running
11-25 19:20:47.874 I/XrayRuntimeService( 8946): Xray: 2025/11/25 16:20:47.854674 [Info] [3612311080] app/dispatcher: default route for tcp:graph.facebook.com:443
11-25 19:20:47.874 D/MultiXrayCoreManager( 8946): Instance 1 (port 10396) is active and running
11-25 19:20:47.874 D/MultiXrayCoreManager( 8946): Instance 2 (port 63628) is active and running
11-25 19:20:47.874 D/MultiXrayCoreManager( 8946): Instance 3 (port 46562) is active and running
11-25 19:20:47.874 D/MultiXrayCoreManager( 8946):  Found 4 active instances: [Instance-0:Port-34587, Instance-1:Port-10396, Instance-2:Port-63628, Instance-3:Port-46562]
11-25 19:20:47.875 D/TProxyUtils( 8946): Sticky routing: domain=graph.facebook.com, ip=null -> instance 1, port 10396
11-25 19:20:47.876 I/XrayRuntimeService( 8946): Xray: 2025/11/25 16:20:47.854682 [Info] [3612311080] transport/internet/tcp: dialing TCP to tcp:sus.halibiram.online:443
11-25 19:20:47.876 D/MultiXrayCoreManager( 8946): getActiveInstances() called - Total instances: 4, Total ports: 4
11-25 19:20:47.876 D/MultiXrayCoreManager( 8946): Instance 0 (port 34587) is active and running
11-25 19:20:47.876 D/MultiXrayCoreManager( 8946): Instance 1 (port 10396) is active and running
11-25 19:20:47.877 D/MultiXrayCoreManager( 8946): Instance 2 (port 63628) is active and running
11-25 19:20:47.877 D/MultiXrayCoreManager( 8946): Instance 3 (port 46562) is active and running
11-25 19:20:47.877 D/MultiXrayCoreManager( 8946):  Found 4 active instances: [Instance-0:Port-34587, Instance-1:Port-10396, Instance-2:Port-63628, Instance-3:Port-46562]
11-25 19:20:47.877 D/TProxyUtils( 8946): Sticky routing: domain=graph.facebook.com, ip=null -> instance 1, port 10396
11-25 19:20:47.877 D/DnsCacheManager(25480):  Active entries: 100 (total cache: 321, showing top 100)
11-25 19:20:47.877 D/DnsCacheManager(25480):  Metrics updated: entries=321, activeEntries=100, hits=8756, misses=5671, hitRate=60%
11-25 19:20:47.877 D/DnsCacheManager(25480):  Metrics update #830: entries=321, hits=8756, misses=5671, hitRate=60%
11-25 19:20:47.878 I/XrayRuntimeService( 8946): Xray: 2025/11/25 16:20:47.854691 [Debug] [3612311080] transport/internet: dialing to tcp:sus.halibiram.online:443
11-25 19:20:47.880 I/XrayRuntimeService( 8946): Xray: 2025/11/25 16:20:47.854822 from 127.0.0.1:48266 accepted //graph.facebook.com:443 [vless_0]
11-25 19:20:47.882 D/MultiXrayCoreManager( 8946): getActiveInstances() called - Total instances: 4, Total ports: 4
11-25 19:20:47.882 D/MultiXrayCoreManager( 8946): Instance 0 (port 34587) is active and running
11-25 19:20:47.882 D/MultiXrayCoreManager( 8946): Instance 1 (port 10396) is active and running
11-25 19:20:47.882 D/MultiXrayCoreManager( 8946): Instance 2 (port 63628) is active and running
11-25 19:20:47.882 D/MultiXrayCoreManager( 8946): Instance 3 (port 46562) is active and running
11-25 19:20:47.882 D/MultiXrayCoreManager( 8946):  Found 4 active instances: [Instance-0:Port-34587, Instance-1:Port-10396, Instance-2:Port-63628, Instance-3:Port-46562]
11-25 19:20:47.882 D/TProxyUtils( 8946): Sticky routing: domain=graph.facebook.com, ip=127.0.0.1 -> instance 1, port 10396
11-25 19:20:48.003 D/DnsCacheManager( 8946):  Active entries: 100 (total cache: 348, showing top 100)
11-25 19:20:48.003 D/DnsCacheManager( 8946):  Metrics updated: entries=348, activeEntries=100, hits=8859, misses=5726, hitRate=60%
11-25 19:20:48.066 D/XrayStatsManager(25480): Active instances provider returned 4 instances: {0=34587, 1=10396, 2=63628, 3=46562}
11-25 19:20:48.066 D/XrayStatsManager(25480): Using multi-instance mode with 4 instances
11-25 19:20:48.066 D/XrayStatsManager(25480): Collecting stats from 4 active instances: [34587, 10396, 63628, 46562]
11-25 19:20:48.075 D/XrayStatsManager(25480): Instance 0: uplink=36,82MB, downlink=149,41MB
11-25 19:20:48.075 D/XrayStatsManager(25480): Instance 1: uplink=41,84MB, downlink=148,75MB
11-25 19:20:48.076 D/XrayStatsManager(25480): Instance 2: uplink=71,62MB, downlink=50,14MB
11-25 19:20:48.076 D/XrayStatsManager(25480): Instance 3: uplink=96,10KB, downlink=84,56MB
11-25 19:20:48.076 D/XrayStatsManager(25480): Aggregated stats from 4 instances: totalUplink=150,37MB, totalDownlink=432,85MB
11-25 19:20:48.076 D/XrayStatsManager(25480): Throughput calculated: uplink=16,00B/s, downlink=494,00B/s, timeDelta=2.012s, uplinkDelta=33,00B, downlinkDelta=995,00B
11-25 19:20:48.076 D/XrayStatsManager(25480): Core stats updated - Uplink: 150,37MB, Downlink: 432,85MB, Uplink Throughput: 16,00B/s, Downlink Throughput: 494,00B/s
11-25 19:20:48.094 D/RenderEngine( 2005): makePassBlurBetterDownShader layername:com.hyperxray.an/com.hyperxray.an.activity.MainActivity#23164
11-25 19:20:48.182 I/XrayRuntimeService( 8946): Xray: 2025/11/25 16:20:48.176314 [Info] [3612311080] proxy/vless/outbound: tunneling request to tcp:graph.facebook.com:443 via sus.halibiram.online:443
11-25 19:20:48.185 I/XrayRuntimeService( 8946): Xray: 2025/11/25 16:20:48.176917 [Info] [3612311080] proxy: XtlsFilterTls found tls client hello! 517
11-25 19:20:48.186 D/MultiXrayCoreManager( 8946): getActiveInstances() called - Total instances: 4, Total ports: 4
11-25 19:20:48.186 D/MultiXrayCoreManager( 8946): Instance 0 (port 34587) is active and running
11-25 19:20:48.186 D/MultiXrayCoreManager( 8946): Instance 1 (port 10396) is active and running
11-25 19:20:48.186 D/MultiXrayCoreManager( 8946): Instance 2 (port 63628) is active and running
11-25 19:20:48.186 D/MultiXrayCoreManager( 8946): Instance 3 (port 46562) is active and running
11-25 19:20:48.186 D/MultiXrayCoreManager( 8946):  Found 4 active instances: [Instance-0:Port-34587, Instance-1:Port-10396, Instance-2:Port-63628, Instance-3:Port-46562]
11-25 19:20:48.186 D/TProxyUtils( 8946): Sticky routing: domain=graph.facebook.com, ip=null -> instance 1, port 10396
11-25 19:20:48.188 I/XrayRuntimeService( 8946): Xray: 2025/11/25 16:20:48.176939 [Info] [3612311080] proxy: XtlsPadding 517 583 0
11-25 19:20:48.344 I/XrayRuntimeService( 8946): Xray: 2025/11/25 16:20:48.341804 [Info] [3612311080] proxy: Xtls Unpadding new block, content 218 padding 940 command 0
11-25 19:20:48.345 I/XrayRuntimeService( 8946): Xray: 2025/11/25 16:20:48.341837 [Info] [3612311080] proxy: XtlsFilterTls found tls 1.3! 218 TLS_AES_128_GCM_SHA256
