11-25 18:20:51.813 D/MultiXrayCoreManager(17392): Selected instance 0 (port 51504) for domain ind-howl.api.intl.miui.com
11-25 18:20:51.813 D/TProxyUtils(17392): Sticky routing: domain=ind-howl.api.intl.miui.com, ip=null -> instance 0, port 51504
11-25 18:20:51.814 I/XrayRuntimeService(17392): Xray: 2025/11/25 15:20:51.799933 from 127.0.0.1:36610 accepted //ind-howl.api.intl.miui.com:443 [vless_0]
11-25 18:20:51.817 D/TProxyUtils(17392): Sticky routing: domain=null, ip=127.0.0.1 -> instance 0, port 51504
11-25 18:20:52.132 I/XrayRuntimeService(17392): Xray: 2025/11/25 15:20:52.130049 [Info] [1978628466] proxy/vless/outbound: tunneling request to tcp:ind-howl.api.intl.miui.com:443 via sus.halibiram.online:443
11-25 18:20:52.133 I/XrayRuntimeService(17392): Xray: 2025/11/25 15:20:52.130102 [Info] [1978628466] proxy: XtlsFilterTls found tls client hello! 517
11-25 18:20:52.134 I/XrayRuntimeService(17392): Xray: 2025/11/25 15:20:52.130110 [Info] [1978628466] proxy: XtlsPadding 517 591 0
11-25 18:20:52.148 D/DnsCacheManager( 2707): ðŸ“Š Active entries: 100 (total cache: 201, showing top 100)
11-25 18:20:52.148 D/DnsCacheManager( 2707): ðŸ“Š Metrics updated: entries=201, activeEntries=100, hits=7524, misses=4678, hitRate=61%
11-25 18:20:52.148 D/DnsCacheManager( 2707): ðŸ“Š Metrics update #630: entries=201, hits=7524, misses=4678, hitRate=61%
11-25 18:20:52.161 D/DnsCacheManager(17392): ðŸ“Š Active entries: 100 (total cache: 261, showing top 100)
11-25 18:20:52.161 D/DnsCacheManager(17392): ðŸ“Š Metrics updated: entries=261, activeEntries=100, hits=7649, misses=4842, hitRate=61%
11-25 18:20:52.281 D/AppPredictionTag( 5210): rankDataï¼š[Google Cloud,UserHandle{0}];[Facebook,UserHandle{0}];[HyperXray,UserHandle{0}];[Instagram,UserHandle{0}];[Nays,UserHandle{0}];[Brave - Beta,UserHandle{0}];[Speedtest,UserHandle{0}];[TikTok,UserHandle{0}];
11-25 18:20:52.617 D/XrayStatsManager( 2707): Throughput calculated: uplink=0 B/s, downlink=0 B/s, timeDelta=2.013s
11-25 18:20:52.618 D/XrayStatsManager( 2707): Core stats updated - Uplink: 113,31KB, Downlink: 1,06MB, Uplink Throughput: 0 B/s, Downlink Throughput: 0 B/s
11-25 18:20:52.650 D/DnsCacheManager( 2707): ðŸ“Š Active entries: 100 (total cache: 201, showing top 100)
11-25 18:20:52.651 D/DnsCacheManager( 2707): ðŸ“Š Metrics updated: entries=201, activeEntries=100, hits=7524, misses=4678, hitRate=61%
11-25 18:20:52.662 D/DnsCacheManager(17392): ðŸ“Š Active entries: 100 (total cache: 261, showing top 100)
11-25 18:20:52.662 D/DnsCacheManager(17392): ðŸ“Š Metrics updated: entries=261, activeEntries=100, hits=7649, misses=4842, hitRate=61%
11-25 18:20:52.837 I/XrayRuntimeService(17392): Xray: 2025/11/25 15:20:52.834888 [Info] [1978628466] proxy: Xtls Unpadding new block, content 3866 padding 219 command 0
11-25 18:20:52.838 I/XrayRuntimeService(17392): Xray: 2025/11/25 15:20:52.834994 [Info] [1978628466] proxy: XtlsFilterTls found tls 1.2! 1163
11-25 18:20:52.840 I/XrayRuntimeService(17392): Xray: 2025/11/25 15:20:52.839112 [Info] [1978628466] proxy: XtlsPadding 85 1249 0
11-25 18:20:53.152 D/DnsCacheManager( 2707): ðŸ“Š Active entries: 100 (total cache: 201, showing top 100)
11-25 18:20:53.152 D/DnsCacheManager( 2707): ðŸ“Š Metrics updated: entries=201, activeEntries=100, hits=7524, misses=4678, hitRate=61%
11-25 18:20:53.163 D/DnsCacheManager(17392): ðŸ“Š Active entries: 100 (total cache: 261, showing top 100)
11-25 18:20:53.164 D/DnsCacheManager(17392): ðŸ“Š Metrics updated: entries=261, activeEntries=100, hits=7649, misses=4842, hitRate=61%
11-25 18:20:53.258 I/XrayRuntimeService(17392): Xray: 2025/11/25 15:20:53.254683 [Info] [1978628466] proxy: Xtls Unpadding new block, content 343 padding 599 command 0
11-25 18:20:53.261 I/XrayRuntimeService(17392): Xray: 2025/11/25 15:20:53.257825 [Info] [1978628466] proxy: XtlsPadding 45 885 1
11-25 18:20:53.654 D/DnsCacheManager( 2707): ðŸ“Š Active entries: 100 (total cache: 201, showing top 100)
11-25 18:20:53.655 D/DnsCacheManager( 2707): ðŸ“Š Metrics updated: entries=201, activeEntries=100, hits=7524, misses=4678, hitRate=61%
11-25 18:20:53.660 I/XrayRuntimeService(17392): Xray: 2025/11/25 15:20:53.656538 [Info] [1978628466] proxy: Xtls Unpadding new block, content 30 padding 1334 command 1
11-25 18:20:53.665 D/DnsCacheManager(17392): ðŸ“Š Active entries: 100 (total cache: 261, showing top 100)
11-25 18:20:53.665 D/DnsCacheManager(17392): ðŸ“Š Metrics updated: entries=261, activeEntries=100, hits=7649, misses=4842, hitRate=61%
11-25 18:20:53.666 D/DnsCacheManager(17392): ðŸ“Š Metrics update #630: entries=261, hits=7649, misses=4842, hitRate=61%
11-25 18:20:54.156 D/DnsCacheManager( 2707): ðŸ“Š Active entries: 100 (total cache: 201, showing top 100)
11-25 18:20:54.156 D/DnsCacheManager( 2707): ðŸ“Š Metrics updated: entries=201, activeEntries=100, hits=7524, misses=4678, hitRate=61%
11-25 18:20:54.167 D/DnsCacheManager(17392): ðŸ“Š Active entries: 100 (total cache: 261, showing top 100)
11-25 18:20:54.167 D/DnsCacheManager(17392): ðŸ“Š Metrics updated: entries=261, activeEntries=100, hits=7649, misses=4842, hitRate=61%
11-25 18:20:54.629 D/XrayStatsManager( 2707): Throughput calculated: uplink=0 B/s, downlink=0 B/s, timeDelta=2.012s
11-25 18:20:54.629 D/XrayStatsManager( 2707): Core stats updated - Uplink: 113,31KB, Downlink: 1,06MB, Uplink Throughput: 0 B/s, Downlink Throughput: 0 B/s
11-25 18:20:54.657 D/DnsCacheManager( 2707): ðŸ“Š Active entries: 100 (total cache: 201, showing top 100)
11-25 18:20:54.657 D/DnsCacheManager( 2707): ðŸ“Š Metrics updated: entries=201, activeEntries=100, hits=7524, misses=4678, hitRate=61%
11-25 18:20:54.668 D/DnsCacheManager(17392): ðŸ“Š Active entries: 100 (total cache: 261, showing top 100)
11-25 18:20:54.668 D/DnsCacheManager(17392): ðŸ“Š Metrics updated: entries=261, activeEntries=100, hits=7649, misses=4842, hitRate=61%
11-25 18:20:55.079 I/XrayRuntimeService(17392): Xray: 2025/11/25 15:20:55.076778 [Debug] [2890700944] proxy/socks: Not Socks request, try to parse as HTTP request
11-25 18:20:55.080 I/XrayRuntimeService(17392): Xray: 2025/11/25 15:20:55.077895 from 127.0.0.1:50636 accepted //compute.googleapis.com:443 [vless_0]
11-25 18:20:55.080 I/XrayRuntimeService(17392): Xray: 2025/11/25 15:20:55.075728 [Debug] [3166471592] proxy/socks: Not Socks request, try to parse as HTTP request
11-25 18:20:55.081 I/XrayRuntimeService(17392): Xray: 2025/11/25 15:20:55.076813 [Info] [2890700944] proxy/http: request to Method [CONNECT] Host [compute.googleapis.com:443] with URL [//compute.googleapis.com:443]
11-25 18:20:55.081 I/XrayRuntimeService(17392): Xray: 2025/11/25 15:20:55.075772 [Info] [3166471592] proxy/http: request to Method [CONNECT] Host [storage.googleapis.com:443] with URL [//storage.googleapis.com:443]
11-25 18:20:55.081 D/DnsCacheManager(17392): ðŸ” Checking DNS cache for: compute.googleapis.com
11-25 18:20:55.082 I/XrayRuntimeService(17392): Xray: 2025/11/25 15:20:55.077977 [Debug] [208780204] proxy/socks: Not Socks request, try to parse as HTTP request
11-25 18:20:55.082 D/DnsCacheManager(17392): ðŸ” Checking DNS cache for: storage.googleapis.com
11-25 18:20:55.082 D/SystemDnsCacheServer(17392): ðŸ” DNS RESOLVE START: Resolving domain: compute.googleapis.com
11-25 18:20:55.082 D/DnsCacheManager(17392): ðŸ” Checking DNS cache for: compute.googleapis.com
11-25 18:20:55.082 D/SystemDnsCacheServer(17392): âš ï¸ DNS RESOLVE CACHE MISS: compute.googleapis.com (cache check: 0ms), resolving from upstream...
11-25 18:20:55.082 D/SystemDnsCacheServer(17392): âœ… DNS RESOLVE: Query packet built (size: 40 bytes, duration: 0ms)
11-25 18:20:55.082 D/DnsUpstreamClient(17392): ðŸ” DNS UPSTREAM QUERY START: compute.googleapis.com (query size: 40 bytes, timeout: 1000ms)
11-25 18:20:55.082 D/SystemDnsCacheServer(17392): ðŸ” DNS RESOLVE START: Resolving domain: storage.googleapis.com
11-25 18:20:55.082 D/DnsCacheManager(17392): ðŸ” Checking DNS cache for: storage.googleapis.com
11-25 18:20:55.082 D/SystemDnsCacheServer(17392): âš ï¸ DNS RESOLVE CACHE MISS: storage.googleapis.com (cache check: 0ms), resolving from upstream...
11-25 18:20:55.082 D/SystemDnsCacheServer(17392): âœ… DNS RESOLVE: Query packet built (size: 40 bytes, duration: 0ms)
11-25 18:20:55.082 D/DnsUpstreamClient(17392): ðŸ” DNS UPSTREAM QUERY START: storage.googleapis.com (query size: 40 bytes, timeout: 1000ms)
11-25 18:20:55.082 D/DnsUpstreamClient(17392): ðŸ” Happy Eyeballs Wave 1: Querying top 3 fastest servers for compute.googleapis.com
11-25 18:20:55.082 D/DnsUpstreamClient(17392): ðŸ” Happy Eyeballs Wave 1: Querying top 3 fastest servers for storage.googleapis.com
11-25 18:20:55.082 D/MultiXrayCoreManager(17392): Selected instance 0 (port 51504) for domain compute.googleapis.com
11-25 18:20:55.082 D/TProxyUtils(17392): Sticky routing: domain=compute.googleapis.com, ip=127.0.0.1 -> instance 0, port 51504
11-25 18:20:55.083 D/DnsSocketPool(17392): âœ… DNS socket bound to VPN interface: 198.18.0.1
11-25 18:20:55.083 D/DnsSocketPool(17392): âœ… DNS socket bound to VPN interface: 198.18.0.1
11-25 18:20:55.083 D/DnsSocketPool(17392): âœ… DNS socket bound to VPN interface: 198.18.0.1
11-25 18:20:55.084 I/XrayRuntimeService(17392): Xray: 2025/11/25 15:20:55.076386 [Info] [3166471592] app/dispatcher: sniffed domain: storage.googleapis.com
11-25 18:20:55.084 D/DnsSocketPool(17392): âœ… DNS socket bound to VPN interface: 198.18.0.1
11-25 18:20:55.084 I/XrayRuntimeService(17392): Xray: 2025/11/25 15:20:55.078005 [Info] [2890700944] app/dispatcher: sniffed domain: compute.googleapis.com
11-25 18:20:55.084 D/DnsSocketPool(17392): âœ… DNS socket bound to VPN interface: 198.18.0.1
11-25 18:20:55.084 D/DnsSocketPool(17392): âœ… DNS socket bound to VPN interface: 198.18.0.1
11-25 18:20:55.085 D/TProxyUtils(17392): Sticky routing: domain=compute.googleapis.com, ip=null -> instance 0, port 51504
11-25 18:20:55.085 D/TProxyUtils(17392): Sticky routing: domain=compute.googleapis.com, ip=null -> instance 0, port 51504
11-25 18:20:55.085 D/TProxyUtils(17392): Sticky routing: domain=compute.googleapis.com, ip=null -> instance 0, port 51504
11-25 18:20:55.086 I/XrayRuntimeService(17392): Xray: 2025/11/25 15:20:55.078014 [Info] [2890700944] app/dispatcher: default route for tcp:compute.googleapis.com:443
11-25 18:20:55.086 D/MultiXrayCoreManager(17392): Selected instance 0 (port 51504) for domain storage.googleapis.com
11-25 18:20:55.086 D/TProxyUtils(17392): Sticky routing: domain=storage.googleapis.com, ip=null -> instance 0, port 51504
11-25 18:20:55.087 D/TProxyUtils(17392): Sticky routing: domain=storage.googleapis.com, ip=null -> instance 0, port 51504
11-25 18:20:55.087 I/XrayRuntimeService(17392): Xray: 2025/11/25 15:20:55.077984 [Info] [208780204] proxy/http: request to Method [CONNECT] Host [compute.googleapis.com:443] with URL [//compute.googleapis.com:443]
11-25 18:20:55.087 D/DnsCacheManager(17392): ðŸ” Checking DNS cache for: compute.googleapis.com
11-25 18:20:55.088 D/SystemDnsCacheServer(17392): ðŸ” DNS RESOLVE START: Resolving domain: compute.googleapis.com
11-25 18:20:55.088 D/DnsCacheManager(17392): ðŸ” Checking DNS cache for: compute.googleapis.com
11-25 18:20:55.088 D/SystemDnsCacheServer(17392): âš ï¸ DNS RESOLVE CACHE MISS: compute.googleapis.com (cache check: 0ms), resolving from upstream...
11-25 18:20:55.088 D/SystemDnsCacheServer(17392): âœ… DNS RESOLVE: Query packet built (size: 40 bytes, duration: 0ms)
11-25 18:20:55.088 D/DnsUpstreamClient(17392): ðŸ”„ Query deduplication: waiting for existing query for compute.googleapis.com (age: 6ms)
11-25 18:20:55.088 D/TProxyUtils(17392): Sticky routing: domain=compute.googleapis.com, ip=null -> instance 0, port 51504
11-25 18:20:55.088 I/XrayRuntimeService(17392): Xray: 2025/11/25 15:20:55.076395 [Info] [3166471592] app/dispatcher: default route for tcp:storage.googleapis.com:443
11-25 18:20:55.088 I/XrayRuntimeService(17392): Xray: 2025/11/25 15:20:55.077987 [Info] [208780204] app/dispatcher: sniffed domain: compute.googleapis.com
11-25 18:20:55.089 I/XrayRuntimeService(17392): Xray: 2025/11/25 15:20:55.078018 [Info] [2890700944] transport/internet/tcp: dialing TCP to tcp:sus.halibiram.online:443
11-25 18:20:55.090 I/XrayRuntimeService(17392): Xray: 2025/11/25 15:20:55.076399 [Info] [3166471592] transport/internet/tcp: dialing TCP to tcp:sus.halibiram.online:443
11-25 18:20:55.090 D/TProxyUtils(17392): Sticky routing: domain=storage.googleapis.com, ip=null -> instance 0, port 51504
11-25 18:20:55.090 I/XrayRuntimeService(17392): Xray: 2025/11/25 15:20:55.077991 [Info] [208780204] app/dispatcher: default route for tcp:compute.googleapis.com:443
11-25 18:20:55.093 I/XrayRuntimeService(17392): Xray: 2025/11/25 15:20:55.078021 [Debug] [2890700944] transport/internet: dialing to tcp:sus.halibiram.online:443
11-25 18:20:55.093 I/XrayRuntimeService(17392): Xray: 2025/11/25 15:20:55.076403 [Debug] [3166471592] transport/internet: dialing to tcp:sus.halibiram.online:443
11-25 18:20:55.094 D/TProxyUtils(17392): Sticky routing: domain=compute.googleapis.com, ip=null -> instance 0, port 51504
11-25 18:20:55.094 D/TProxyUtils(17392): Sticky routing: domain=compute.googleapis.com, ip=null -> instance 0, port 51504
11-25 18:20:55.094 I/XrayRuntimeService(17392): Xray: 2025/11/25 15:20:55.077994 [Info] [208780204] transport/internet/tcp: dialing TCP to tcp:sus.halibiram.online:443
11-25 18:20:55.095 I/XrayRuntimeService(17392): Xray: 2025/11/25 15:20:55.076415 from 127.0.0.1:50622 accepted //storage.googleapis.com:443 [vless_0]
11-25 18:20:55.095 I/XrayRuntimeService(17392): Xray: 2025/11/25 15:20:55.078045 from 127.0.0.1:50650 accepted //compute.googleapis.com:443 [vless_0]
11-25 18:20:55.096 I/XrayRuntimeService(17392): Xray: 2025/11/25 15:20:55.077377 [Debug] [3032198660] proxy/socks: Not Socks request, try to parse as HTTP request
11-25 18:20:55.096 I/XrayRuntimeService(17392): Xray: 2025/11/25 15:20:55.078276 [Debug] [3864136725] proxy/socks: Not Socks request, try to parse as HTTP request
11-25 18:20:55.096 D/TProxyUtils(17392): Sticky routing: domain=storage.googleapis.com, ip=127.0.0.1 -> instance 0, port 51504
11-25 18:20:55.097 I/XrayRuntimeService(17392): Xray: 2025/11/25 15:20:55.077996 [Debug] [208780204] transport/internet: dialing to tcp:sus.halibiram.online:443
11-25 18:20:55.097 D/TProxyUtils(17392): Sticky routing: domain=compute.googleapis.com, ip=127.0.0.1 -> instance 0, port 51504
11-25 18:20:55.098 I/XrayRuntimeService(17392): Xray: 2025/11/25 15:20:55.078285 [Info] [3864136725] proxy/http: request to Method [CONNECT] Host [compute.googleapis.com:443] with URL [//compute.googleapis.com:443]
11-25 18:20:55.098 I/XrayRuntimeService(17392): Xray: 2025/11/25 15:20:55.077388 [Info] [3032198660] proxy/http: request to Method [CONNECT] Host [appengine.googleapis.com:443] with URL [//appengine.googleapis.com:443]
11-25 18:20:55.100 D/TProxyUtils(17392): Sticky routing: domain=compute.googleapis.com, ip=null -> instance 0, port 51504
11-25 18:20:55.100 I/XrayRuntimeService(17392): Xray: 2025/11/25 15:20:55.078510 from 127.0.0.1:50634 accepted //compute.googleapis.com:443 [vless_0]
11-25 18:20:55.100 D/MultiXrayCoreManager(17392): Selected instance 0 (port 51504) for domain appengine.googleapis.com
11-25 18:20:55.100 D/TProxyUtils(17392): Sticky routing: domain=appengine.googleapis.com, ip=null -> instance 0, port 51504
11-25 18:20:55.100 D/DnsCacheManager(17392): ðŸ” Checking DNS cache for: compute.googleapis.com
11-25 18:20:55.100 I/XrayRuntimeService(17392): Xray: 2025/11/25 15:20:55.078689 from 127.0.0.1:50662 accepted //appengine.googleapis.com:443 [vless_0]
11-25 18:20:55.100 D/SystemDnsCacheServer(17392): ðŸ” DNS RESOLVE START: Resolving domain: compute.googleapis.com
11-25 18:20:55.100 D/DnsCacheManager(17392): ðŸ” Checking DNS cache for: compute.googleapis.com
11-25 18:20:55.100 D/SystemDnsCacheServer(17392): âš ï¸ DNS RESOLVE CACHE MISS: compute.googleapis.com (cache check: 0ms), resolving from upstream...
11-25 18:20:55.100 D/SystemDnsCacheServer(17392): âœ… DNS RESOLVE: Query packet built (size: 40 bytes, duration: 0ms)
11-25 18:20:55.100 D/DnsUpstreamClient(17392): ðŸ”„ Query deduplication: waiting for existing query for compute.googleapis.com (age: 18ms)
11-25 18:20:55.101 D/DnsCacheManager(17392): ðŸ” Checking DNS cache for: appengine.googleapis.com
11-25 18:20:55.101 D/SystemDnsCacheServer(17392): ðŸ” DNS RESOLVE START: Resolving domain: appengine.googleapis.com
11-25 18:20:55.101 D/DnsCacheManager(17392): ðŸ” Checking DNS cache for: appengine.googleapis.com
11-25 18:20:55.101 D/SystemDnsCacheServer(17392): âš ï¸ DNS RESOLVE CACHE MISS: appengine.googleapis.com (cache check: 0ms), resolving from upstream...
11-25 18:20:55.101 D/SystemDnsCacheServer(17392): âœ… DNS RESOLVE: Query packet built (size: 42 bytes, duration: 0ms)
11-25 18:20:55.101 D/DnsUpstreamClient(17392): ðŸ” DNS UPSTREAM QUERY START: appengine.googleapis.com (query size: 42 bytes, timeout: 1000ms)
11-25 18:20:55.101 I/XrayRuntimeService(17392): Xray: 2025/11/25 15:20:55.078529 [Info] [3864136725] app/dispatcher: sniffed domain: compute.googleapis.com
11-25 18:20:55.101 D/DnsUpstreamClient(17392): ðŸ” Happy Eyeballs Wave 1: Querying top 3 fastest servers for appengine.googleapis.com
11-25 18:20:55.102 D/DnsSocketPool(17392): âœ… DNS socket bound to VPN interface: 198.18.0.1
11-25 18:20:55.102 D/DnsSocketPool(17392): âœ… DNS socket bound to VPN interface: 198.18.0.1
11-25 18:20:55.102 D/DnsSocketPool(17392): âœ… DNS socket bound to VPN interface: 198.18.0.1
11-25 18:20:55.102 D/TProxyUtils(17392): Sticky routing: domain=compute.googleapis.com, ip=127.0.0.1 -> instance 0, port 51504
11-25 18:20:55.102 D/TProxyUtils(17392): Sticky routing: domain=appengine.googleapis.com, ip=127.0.0.1 -> instance 0, port 51504
11-25 18:20:55.102 I/XrayRuntimeService(17392): Xray: 2025/11/25 15:20:55.078701 [Info] [3032198660] app/dispatcher: sniffed domain: appengine.googleapis.com
11-25 18:20:55.103 I/XrayRuntimeService(17392): Xray: 2025/11/25 15:20:55.078532 [Info] [3864136725] app/dispatcher: default route for tcp:compute.googleapis.com:443
11-25 18:20:55.104 I/XrayRuntimeService(17392): Xray: 2025/11/25 15:20:55.078704 [Info] [3032198660] app/dispatcher: default route for tcp:appengine.googleapis.com:443
11-25 18:20:55.104 I/XrayRuntimeService(17392): Xray: 2025/11/25 15:20:55.078534 [Info] [3864136725] transport/internet/tcp: dialing TCP to tcp:sus.halibiram.online:443
11-25 18:20:55.104 D/TProxyUtils(17392): Sticky routing: domain=compute.googleapis.com, ip=null -> instance 0, port 51504
11-25 18:20:55.104 D/TProxyUtils(17392): Sticky routing: domain=compute.googleapis.com, ip=null -> instance 0, port 51504
11-25 18:20:55.104 D/TProxyUtils(17392): Sticky routing: domain=appengine.googleapis.com, ip=null -> instance 0, port 51504
11-25 18:20:55.105 I/XrayRuntimeService(17392): Xray: 2025/11/25 15:20:55.078537 [Debug] [3864136725] transport/internet: dialing to tcp:sus.halibiram.online:443
11-25 18:20:55.105 D/TProxyUtils(17392): Sticky routing: domain=appengine.googleapis.com, ip=null -> instance 0, port 51504
11-25 18:20:55.105 I/XrayRuntimeService(17392): Xray: 2025/11/25 15:20:55.078705 [Info] [3032198660] transport/internet/tcp: dialing TCP to tcp:sus.halibiram.online:443
11-25 18:20:55.106 I/XrayRuntimeService(17392): Xray: 2025/11/25 15:20:55.078707 [Debug] [3032198660] transport/internet: dialing to tcp:sus.halibiram.online:443
11-25 18:20:55.159 D/DnsCacheManager( 2707): ðŸ“Š Active entries: 100 (total cache: 201, showing top 100)
11-25 18:20:55.159 D/DnsCacheManager( 2707): ðŸ“Š Metrics updated: entries=201, activeEntries=100, hits=7524, misses=4678, hitRate=61%
11-25 18:20:55.170 D/DnsCacheManager(17392): ðŸ“Š Active entries: 100 (total cache: 261, showing top 100)
11-25 18:20:55.171 D/DnsCacheManager(17392): ðŸ“Š Metrics updated: entries=261, activeEntries=100, hits=7649, misses=4852, hitRate=61%
11-25 18:20:55.423 I/XrayRuntimeService(17392): Xray: 2025/11/25 15:20:55.420943 [Info] [3032198660] proxy/vless/outbound: tunneling request to tcp:appengine.googleapis.com:443 via sus.halibiram.online:443
11-25 18:20:55.425 I/XrayRuntimeService(17392): Xray: 2025/11/25 15:20:55.421158 [Info] [3032198660] proxy: XtlsFilterTls found tls client hello! 517
11-25 18:20:55.426 D/TProxyUtils(17392): Sticky routing: domain=appengine.googleapis.com, ip=null -> instance 0, port 51504
11-25 18:20:55.426 I/XrayRuntimeService(17392): Xray: 2025/11/25 15:20:55.424247 [Info] [2890700944] proxy/vless/outbound: tunneling request to tcp:compute.googleapis.com:443 via sus.halibiram.online:443
11-25 18:20:55.427 I/XrayRuntimeService(17392): Xray: 2025/11/25 15:20:55.421165 [Info] [3032198660] proxy: XtlsPadding 517 627 0
11-25 18:20:55.429 D/TProxyUtils(17392): Sticky routing: domain=compute.googleapis.com, ip=null -> instance 0, port 51504
11-25 18:20:55.429 I/XrayRuntimeService(17392): Xray: 2025/11/25 15:20:55.424464 [Info] [2890700944] proxy: XtlsFilterTls found tls client hello! 517
11-25 18:20:55.430 I/XrayRuntimeService(17392): Xray: 2025/11/25 15:20:55.424475 [Info] [2890700944] proxy: XtlsPadding 517 557 0
11-25 18:20:55.432 I/XrayRuntimeService(17392): Xray: 2025/11/25 15:20:55.426325 [Info] [3864136725] proxy/vless/outbound: tunneling request to tcp:compute.googleapis.com:443 via sus.halibiram.online:443
11-25 18:20:55.434 D/TProxyUtils(17392): Sticky routing: domain=compute.googleapis.com, ip=null -> instance 0, port 51504
11-25 18:20:55.434 I/XrayRuntimeService(17392): Xray: 2025/11/25 15:20:55.426428 [Info] [3864136725] proxy: XtlsFilterTls found tls client hello! 517
11-25 18:20:55.435 I/XrayRuntimeService(17392): Xray: 2025/11/25 15:20:55.426434 [Info] [3864136725] proxy: XtlsPadding 517 688 0
11-25 18:20:55.438 I/XrayRuntimeService(17392): Xray: 2025/11/25 15:20:55.436345 [Info] [3166471592] proxy/vless/outbound: tunneling request to tcp:storage.googleapis.com:443 via sus.halibiram.online:443
11-25 18:20:55.438 I/XrayRuntimeService(17392): Xray: 2025/11/25 15:20:55.436642 [Info] [208780204] proxy/vless/outbound: tunneling request to tcp:compute.googleapis.com:443 via sus.halibiram.online:443
11-25 18:20:55.440 I/XrayRuntimeService(17392): Xray: 2025/11/25 15:20:55.436533 [Info] [3166471592] proxy: XtlsFilterTls found tls client hello! 517
11-25 18:20:55.440 D/TProxyUtils(17392): Sticky routing: domain=storage.googleapis.com, ip=null -> instance 0, port 51504
11-25 18:20:55.440 I/XrayRuntimeService(17392): Xray: 2025/11/25 15:20:55.436756 [Info] [208780204] proxy: XtlsFilterTls found tls client hello! 517
11-25 18:20:55.441 D/TProxyUtils(17392): Sticky routing: domain=compute.googleapis.com, ip=null -> instance 0, port 51504
11-25 18:20:55.441 I/XrayRuntimeService(17392): Xray: 2025/11/25 15:20:55.436541 [Info] [3166471592] proxy: XtlsPadding 517 400 0
11-25 18:20:55.442 I/XrayRuntimeService(17392): Xray: 2025/11/25 15:20:55.436762 [Info] [208780204] proxy: XtlsPadding 517 496 0
11-25 18:20:55.598 I/XrayRuntimeService(17392): Xray: 2025/11/25 15:20:55.595452 [Info] [3032198660] proxy: Xtls Unpadding new block, content 3213 padding 227 command 0
11-25 18:20:55.599 I/XrayRuntimeService(17392): Xray: 2025/11/25 15:20:55.595482 [Info] [3032198660] proxy: XtlsFilterTls found tls 1.3! 1163 TLS_AES_256_GCM_SHA384
11-25 18:20:55.612 I/XrayRuntimeService(17392): Xray: 2025/11/25 15:20:55.610182 [Info] [2890700944] proxy: Xtls Unpadding new block, content 3212 padding 31 command 0
11-25 18:20:55.614 I/XrayRuntimeService(17392): Xray: 2025/11/25 15:20:55.610242 [Info] [2890700944] proxy: XtlsFilterTls found tls 1.3! 1163 TLS_AES_256_GCM_SHA384
11-25 18:20:55.616 I/XrayRuntimeService(17392): Xray: 2025/11/25 15:20:55.614117 [Info] [3864136725] proxy: Xtls Unpadding new block, content 3212 padding 106 command 0
11-25 18:20:55.617 I/XrayRuntimeService(17392): Xray: 2025/11/25 15:20:55.614130 [Info] [3864136725] proxy: XtlsFilterTls found tls 1.3! 1163 TLS_AES_256_GCM_SHA384
11-25 18:20:55.617 I/XrayRuntimeService(17392): Xray: 2025/11/25 15:20:55.614275 [Info] [3166471592] proxy: Xtls Unpadding new block, content 2834 padding 106 command 0
11-25 18:20:55.618 I/XrayRuntimeService(17392): Xray: 2025/11/25 15:20:55.617006 [Info] [2890700944] proxy: XtlsPadding 80 912 0
11-25 18:20:55.619 I/XrayRuntimeService(17392): Xray: 2025/11/25 15:20:55.614295 [Info] [3166471592] proxy: XtlsFilterTls found tls 1.3! 1163 TLS_AES_256_GCM_SHA384
11-25 18:20:55.620 I/XrayRuntimeService(17392): Xray: 2025/11/25 15:20:55.617682 [Info] [2890700944] proxy: XtlsPadding 943 17 2
11-25 18:20:55.620 I/XrayRuntimeService(17392): Xray: 2025/11/25 15:20:55.617675 [Info] [3032198660] proxy: XtlsPadding 996 88 0
11-25 18:20:55.621 I/XrayRuntimeService(17392): Xray: 2025/11/25 15:20:55.618885 [Info] [3864136725] proxy: XtlsPadding 1027 146 0
11-25 18:20:55.623 I/XrayRuntimeService(17392): Xray: 2025/11/25 15:20:55.622012 [Info] [208780204] proxy: Xtls Unpadding new block, content 3213 padding 93 command 0
11-25 18:20:55.624 D/XrayLogHandler(17392): Broadcasted a batch of logs.
11-25 18:20:55.624 I/XrayRuntimeService(17392): Xray: 2025/11/25 15:20:55.622033 [Info] [208780204] proxy: XtlsFilterTls found tls 1.3! 1163 TLS_AES_256_GCM_SHA384
11-25 18:20:55.625 I/XrayRuntimeService(17392): Xray: 2025/11/25 15:20:55.624563 [Info] [3166471592] proxy: XtlsPadding 80 1082 0
11-25 18:20:55.626 I/XrayRuntimeService(17392): Xray: 2025/11/25 15:20:55.624773 [Info] [3166471592] proxy: XtlsPadding 927 107 2
11-25 18:20:55.627 I/XrayRuntimeService(17392): Xray: 2025/11/25 15:20:55.625821 [Info] [208780204] proxy: XtlsPadding 1023 31 0
11-25 18:20:55.661 D/DnsCacheManager( 2707): ðŸ“Š Active entries: 100 (total cache: 201, showing top 100)
11-25 18:20:55.661 D/DnsCacheManager( 2707): ðŸ“Š Metrics updated: entries=201, activeEntries=100, hits=7524, misses=4678, hitRate=61%
11-25 18:20:55.672 D/DnsCacheManager(17392): ðŸ“Š Active entries: 100 (total cache: 261, showing top 100)
11-25 18:20:55.673 D/DnsCacheManager(17392): ðŸ“Š Metrics updated: entries=261, activeEntries=100, hits=7649, misses=4852, hitRate=61%
11-25 18:20:55.847 I/XrayRuntimeService(17392): Xray: 2025/11/25 15:20:55.844893 [Info] [3864136725] proxy: Xtls Unpadding new block, content 1002 padding 52 command 2
11-25 18:20:55.849 I/XrayRuntimeService(17392): Xray: 2025/11/25 15:20:55.844972 [Info] [3864136725] proxy: CopyRawConn splice
11-25 18:20:55.853 I/XrayRuntimeService(17392): Xray: 2025/11/25 15:20:55.851263 [Info] [208780204] proxy: Xtls Unpadding new block, content 1198 padding 131 command 2
11-25 18:20:55.854 I/XrayRuntimeService(17392): Xray: 2025/11/25 15:20:55.851372 [Info] [208780204] proxy: CopyRawConn splice
11-25 18:20:55.883 I/XrayRuntimeService(17392): Xray: 2025/11/25 15:20:55.879973 [Info] [2890700944] proxy: Xtls Unpadding new block, content 1171 padding 198 command 2
11-25 18:20:55.884 W/DnsSocketPool(17392): InterruptedIOException during receive: Poll timed out
11-25 18:20:55.885 W/DnsSocketPool(17392): InterruptedIOException during receive: Poll timed out
11-25 18:20:55.886 I/XrayRuntimeService(17392): Xray: 2025/11/25 15:20:55.880013 [Info] [2890700944] proxy: CopyRawConn splice
11-25 18:20:55.903 I/XrayRuntimeService(17392): Xray: 2025/11/25 15:20:55.900693 [Info] [3166471592] proxy: Xtls Unpadding new block, content 438 padding 603 command 2
11-25 18:20:55.903 W/DnsSocketPool(17392): InterruptedIOException during receive: Poll timed out
11-25 18:20:55.904 I/XrayRuntimeService(17392): Xray: 2025/11/25 15:20:55.901017 [Info] [3166471592] proxy: CopyRawConn splice
11-25 18:20:55.919 I/XrayRuntimeService(17392): Xray: 2025/11/25 15:20:55.916536 [Info] [3032198660] proxy: Xtls Unpadding new block, content 732 padding 289 command 2
11-25 18:20:55.921 I/XrayRuntimeService(17392): Xray: 2025/11/25 15:20:55.916616 [Info] [3032198660] proxy: CopyRawConn splice
11-25 18:20:56.086 W/DnsSocketPool(17392): InterruptedIOException during receive: Poll timed out
11-25 18:20:56.086 W/DnsSocketPool(17392): InterruptedIOException during receive: Poll timed out
11-25 18:20:56.086 W/DnsSocketPool(17392): InterruptedIOException during receive: Poll timed out
11-25 18:20:56.086 W/DnsSocketPool(17392): InterruptedIOException during receive: Poll timed out
11-25 18:20:56.086 D/DnsUpstreamClient(17392): ðŸ” Happy Eyeballs Wave 2: Querying next 3 servers for compute.googleapis.com
11-25 18:20:56.086 D/DnsUpstreamClient(17392): ðŸ” Happy Eyeballs Wave 2: Querying next 3 servers for storage.googleapis.com
11-25 18:20:56.087 D/DnsSocketPool(17392): âœ… DNS socket bound to VPN interface: 198.18.0.1
11-25 18:20:56.087 D/DnsSocketPool(17392): âœ… DNS socket bound to VPN interface: 198.18.0.1
11-25 18:20:56.087 D/DnsSocketPool(17392): âœ… DNS socket bound to VPN interface: 198.18.0.1
11-25 18:20:56.087 D/DnsSocketPool(17392): âœ… DNS socket bound to VPN interface: 198.18.0.1
11-25 18:20:56.087 D/DnsSocketPool(17392): âœ… DNS socket bound to VPN interface: 198.18.0.1
11-25 18:20:56.087 D/DnsSocketPool(17392): âœ… DNS socket bound to VPN interface: 198.18.0.1
11-25 18:20:56.103 W/DnsSocketPool(17392): InterruptedIOException during receive: Poll timed out
11-25 18:20:56.104 W/DnsSocketPool(17392): InterruptedIOException during receive: Poll timed out
11-25 18:20:56.105 D/DnsUpstreamClient(17392): ðŸ” Happy Eyeballs Wave 2: Querying next 3 servers for appengine.googleapis.com
11-25 18:20:56.105 D/DnsSocketPool(17392): âœ… DNS socket bound to VPN interface: 198.18.0.1
11-25 18:20:56.105 D/DnsSocketPool(17392): âœ… DNS socket bound to VPN interface: 198.18.0.1
11-25 18:20:56.105 D/DnsSocketPool(17392): âœ… DNS socket bound to VPN interface: 198.18.0.1
11-25 18:20:56.164 D/DnsCacheManager( 2707): ðŸ“Š Active entries: 100 (total cache: 201, showing top 100)
11-25 18:20:56.164 D/DnsCacheManager( 2707): ðŸ“Š Metrics updated: entries=201, activeEntries=100, hits=7524, misses=4678, hitRate=61%
11-25 18:20:56.174 D/DnsCacheManager(17392): ðŸ“Š Active entries: 100 (total cache: 261, showing top 100)
11-25 18:20:56.174 D/DnsCacheManager(17392): ðŸ“Š Metrics updated: entries=261, activeEntries=100, hits=7649, misses=4852, hitRate=61%
11-25 18:20:56.648 D/XrayStatsManager( 2707): Throughput calculated: uplink=2,67KB/s, downlink=4,11KB/s, timeDelta=2.019s
11-25 18:20:56.648 D/XrayStatsManager( 2707): Core stats updated - Uplink: 118,70KB, Downlink: 1,07MB, Uplink Throughput: 2,67KB/s, Downlink Throughput: 4,11KB/s
11-25 18:20:56.665 D/DnsCacheManager( 2707): ðŸ“Š Active entries: 100 (total cache: 201, showing top 100)
11-25 18:20:56.665 D/DnsCacheManager( 2707): ðŸ“Š Metrics updated: entries=201, activeEntries=100, hits=7524, misses=4678, hitRate=61%
11-25 18:20:56.675 D/DnsCacheManager(17392): ðŸ“Š Active entries: 100 (total cache: 261, showing top 100)
11-25 18:20:56.676 D/DnsCacheManager(17392): ðŸ“Š Metrics updated: entries=261, activeEntries=100, hits=7649, misses=4852, hitRate=61%
11-25 18:20:56.921 D/XrayLogHandler(17392): Broadcasted a batch of logs.
11-25 18:20:57.088 W/DnsSocketPool(17392): InterruptedIOException during receive: Poll timed out
11-25 18:20:57.088 W/DnsSocketPool(17392): InterruptedIOException during receive: Poll timed out
11-25 18:20:57.088 W/DnsSocketPool(17392): InterruptedIOException during receive: Poll timed out
11-25 18:20:57.088 W/DnsSocketPool(17392): InterruptedIOException during receive: Poll timed out
11-25 18:20:57.089 W/DnsSocketPool(17392): InterruptedIOException during receive: Poll timed out
11-25 18:20:57.089 W/DnsUpstreamClient(17392): âŒ No DNS response from any upstream server for storage.googleapis.com (total: 2007ms)
11-25 18:20:57.089 D/DnsUpstreamClient(17392): âš ï¸ DNS UPSTREAM QUERY UDP FAILED: storage.googleapis.com (UDP: 2007ms), trying DoT fallback...
11-25 18:20:57.089 D/DnsUpstreamClient(17392): ðŸ”„ Trying DoT fallback for storage.googleapis.com (DNS over TLS)...
11-25 18:20:57.089 W/DnsSocketPool(17392): InterruptedIOException during receive: Poll timed out
11-25 18:20:57.090 W/DnsUpstreamClient(17392): âŒ No DNS response from any upstream server for compute.googleapis.com (total: 2008ms)
11-25 18:20:57.090 D/DnsUpstreamClient(17392): âš ï¸ DNS UPSTREAM QUERY UDP FAILED: compute.googleapis.com (UDP: 2008ms), trying DoT fallback...
11-25 18:20:57.090 D/DnsUpstreamClient(17392): ðŸ”„ Trying DoT fallback for compute.googleapis.com (DNS over TLS)...
11-25 18:20:57.106 W/DnsSocketPool(17392): InterruptedIOException during receive: Poll timed out
11-25 18:20:57.106 W/DnsSocketPool(17392): InterruptedIOException during receive: Poll timed out
11-25 18:20:57.107 W/DnsSocketPool(17392): InterruptedIOException during receive: Poll timed out
11-25 18:20:57.107 W/DnsUpstreamClient(17392): âŒ No DNS response from any upstream server for appengine.googleapis.com (total: 2006ms)
11-25 18:20:57.107 D/DnsUpstreamClient(17392): âš ï¸ DNS UPSTREAM QUERY UDP FAILED: appengine.googleapis.com (UDP: 2006ms), trying DoT fallback...
11-25 18:20:57.108 D/DnsUpstreamClient(17392): ðŸ”„ Trying DoT fallback for appengine.googleapis.com (DNS over TLS)...
11-25 18:20:57.167 D/DnsCacheManager( 2707): ðŸ“Š Active entries: 100 (total cache: 201, showing top 100)
11-25 18:20:57.167 D/DnsCacheManager( 2707): ðŸ“Š Metrics updated: entries=201, activeEntries=100, hits=7524, misses=4678, hitRate=61%
11-25 18:20:57.167 D/DnsCacheManager( 2707): ðŸ“Š Metrics update #640: entries=201, hits=7524, misses=4678, hitRate=61%
11-25 18:20:57.177 D/DnsCacheManager(17392): ðŸ“Š Active entries: 100 (total cache: 261, showing top 100)
11-25 18:20:57.177 D/DnsCacheManager(17392): ðŸ“Š Metrics updated: entries=261, activeEntries=100, hits=7649, misses=4852, hitRate=61%
11-25 18:20:57.368 I/DnsUpstreamClient(17392): âœ… DNS resolved via DoT (Cloudflare): compute.googleapis.com (277ms)
11-25 18:20:57.368 D/DnsPacketUtils(17392): ðŸ” [PARSER] Starting DNS response parse for compute.googleapis.com (56 bytes)
11-25 18:20:57.368 D/DnsPacketUtils(17392): ðŸ“Š [PARSER] DNS header: TXID=0x7c2a, flags=0x8180, Q=1, A=1, NS=0, AR=0
11-25 18:20:57.368 I/DnsUpstreamClient(17392): âœ… DNS resolved via DoT (Google): storage.googleapis.com (279ms)
11-25 18:20:57.369 D/DnsPacketUtils(17392): ðŸ” [PARSER] Starting DNS response parse for storage.googleapis.com (296 bytes)
11-25 18:20:57.369 I/DnsCacheManager(17392): ðŸ’¾ DNS cache SAVED: compute.googleapis.com -> [142.251.140.10] (TTL: 172800s, total entries: 262)
11-25 18:20:57.369 D/DnsPacketUtils(17392): ðŸ“Š [PARSER] DNS header: TXID=0x7c2a, flags=0x8180, Q=1, A=16, NS=0, AR=0
11-25 18:20:57.374 I/DnsCacheManager(17392): ðŸ’¾ DNS cache SAVED: storage.googleapis.com -> [142.251.140.59, 216.58.212.27, 172.217.169.219, 172.217.17.155, 172.217.17.123, 142.250.187.155, 142.250.187.187, 142.251.140.27, 142.251.38.251, 216.58.214.155, 216.58.213.123, 142.250.187.123, 172.217.17.251, 172.217.20.91, 142.250.184.155, 142.251.140.91] (TTL: 172800s, total entries: 263)
11-25 18:20:57.380 I/DnsUpstreamClient(17392): âœ… DNS resolved via DoT (Cloudflare): appengine.googleapis.com (272ms)
11-25 18:20:57.380 D/DnsPacketUtils(17392): ðŸ” [PARSER] Starting DNS response parse for appengine.googleapis.com (58 bytes)
11-25 18:20:57.380 D/DnsPacketUtils(17392): ðŸ“Š [PARSER] DNS header: TXID=0x7c3d, flags=0x8180, Q=1, A=1, NS=0, AR=0
11-25 18:20:57.380 I/DnsCacheManager(17392): ðŸ’¾ DNS cache SAVED: appengine.googleapis.com -> [172.217.17.138] (TTL: 172800s, total entries: 264)
11-25 18:20:57.402 I/DnsUpstreamClient(17392): âœ… DNS resolved via DoT (Cloudflare): storage.googleapis.com (313ms)
11-25 18:20:57.402 D/DnsPacketUtils(17392): ðŸ” [PARSER] Starting DNS response parse for storage.googleapis.com (296 bytes)
11-25 18:20:57.403 D/DnsPacketUtils(17392): ðŸ“Š [PARSER] DNS header: TXID=0x7c2a, flags=0x8180, Q=1, A=16, NS=0, AR=0
11-25 18:20:57.407 I/DnsCacheManager(17392): ðŸ’¾ DNS cache SAVED: storage.googleapis.com -> [216.58.214.155, 142.250.184.155, 142.250.187.123, 142.250.187.155, 142.250.187.187, 172.217.17.123, 172.217.17.155, 172.217.20.91, 216.58.212.27, 216.58.212.59, 216.58.213.123, 142.251.140.27, 142.251.140.59, 142.251.140.91, 142.251.38.251, 172.217.169.123] (TTL: 172800s, total entries: 264)
11-25 18:20:57.410 I/DnsUpstreamClient(17392): âœ… DNS resolved via DoT (Google): appengine.googleapis.com (302ms)
11-25 18:20:57.410 D/DnsPacketUtils(17392): ðŸ” [PARSER] Starting DNS response parse for appengine.googleapis.com (58 bytes)
11-25 18:20:57.410 D/DnsPacketUtils(17392): ðŸ“Š [PARSER] DNS header: TXID=0x7c3d, flags=0x8180, Q=1, A=1, NS=0, AR=0
11-25 18:20:57.411 I/DnsCacheManager(17392): ðŸ’¾ DNS cache SAVED: appengine.googleapis.com -> [172.217.169.202] (TTL: 172800s, total entries: 264)
11-25 18:20:57.420 I/DnsUpstreamClient(17392): âœ… DNS resolved via DoT (Google): compute.googleapis.com (330ms)
11-25 18:20:57.420 D/DnsPacketUtils(17392): ðŸ” [PARSER] Starting DNS response parse for compute.googleapis.com (56 bytes)
11-25 18:20:57.420 D/DnsPacketUtils(17392): ðŸ“Š [PARSER] DNS header: TXID=0x7c2a, flags=0x8180, Q=1, A=1, NS=0, AR=0
11-25 18:20:57.421 I/DnsCacheManager(17392): ðŸ’¾ DNS cache SAVED: compute.googleapis.com -> [142.251.140.10] (TTL: 172800s, total entries: 264)
11-25 18:20:57.439 I/DnsUpstreamClient(17392): âœ… DNS resolved via DoT (Quad9): storage.googleapis.com (350ms)
11-25 18:20:57.439 D/DnsPacketUtils(17392): ðŸ” [PARSER] Starting DNS response parse for storage.googleapis.com (248 bytes)
11-25 18:20:57.440 D/DnsPacketUtils(17392): ðŸ“Š [PARSER] DNS header: TXID=0x7c2a, flags=0x8180, Q=1, A=13, NS=0, AR=0
11-25 18:20:57.443 I/DnsCacheManager(17392): ðŸ’¾ DNS cache SAVED: storage.googleapis.com -> [108.177.119.207, 108.177.127.207, 172.217.218.207, 142.250.153.207, 142.251.18.207, 173.194.69.207, 108.177.96.207, 192.178.156.207, 142.251.31.207, 74.125.128.207, 173.194.79.207, 142.250.145.207, 74.125.143.207] (TTL: 172800s, total entries: 264)
11-25 18:20:57.443 D/DnsUpstreamClient(17392): âœ… DNS UPSTREAM QUERY SUCCESS (DoT): storage.googleapis.com -> 296 bytes (DoT: 354ms, total: 2361ms)
11-25 18:20:57.443 D/SystemDnsCacheServer(17392): âœ… DNS RESOLVE: Upstream query completed (response size: 296 bytes, duration: 2361ms)
11-25 18:20:57.443 D/DnsPacketUtils(17392): ðŸ” [PARSER] Starting DNS response parse for storage.googleapis.com (296 bytes)
11-25 18:20:57.444 D/DnsPacketUtils(17392): ðŸ“Š [PARSER] DNS header: TXID=0x7c2a, flags=0x8180, Q=1, A=16, NS=0, AR=0
11-25 18:20:57.447 I/DnsCacheManager(17392): ðŸ’¾ DNS cache SAVED: storage.googleapis.com -> [216.58.214.155, 142.250.184.155, 142.250.187.123, 142.250.187.155, 142.250.187.187, 172.217.17.123, 172.217.17.155, 172.217.20.91, 216.58.212.27, 216.58.212.59, 216.58.213.123, 142.251.140.27, 142.251.140.59, 142.251.140.91, 142.251.38.251, 172.217.169.123] (TTL: 300s, total entries: 264)
11-25 18:20:57.447 I/SystemDnsCacheServer(17392): âœ… DNS RESOLVE SUCCESS: storage.googleapis.com -> [216.58.214.155, 142.250.184.155, 142.250.187.123, 142.250.187.155, 142.250.187.187, 172.217.17.123, 172.217.17.155, 172.217.20.91, 216.58.212.27, 216.58.212.59, 216.58.213.123, 142.251.140.27, 142.251.140.59, 142.251.140.91, 142.251.38.251, 172.217.169.123] (TTL: 300s, parse: 4ms, cache save: 0ms, total: 2365ms)
11-25 18:20:57.447 D/TProxyUtils(17392): âœ… DNS resolved for storage.googleapis.com in 2365ms -> [216.58.214.155, 142.250.184.155, 142.250.187.123, 142.250.187.155, 142.250.187.187, 172.217.17.123, 172.217.17.155, 172.217.20.91, 216.58.212.27, 216.58.212.59, 216.58.213.123, 142.251.140.27, 142.251.140.59, 142.251.140.91, 142.251.38.251, 172.217.169.123]
11-25 18:20:57.448 I/DnsCacheManager(17392): ðŸ’¾ DNS cache SAVED: storage.googleapis.com -> [216.58.214.155, 142.250.184.155, 142.250.187.123, 142.250.187.155, 142.250.187.187, 172.217.17.123, 172.217.17.155, 172.217.20.91, 216.58.212.27, 216.58.212.59, 216.58.213.123, 142.251.140.27, 142.251.140.59, 142.251.140.91, 142.251.38.251, 172.217.169.123] (TTL: 172800s, total entries: 264)
11-25 18:20:57.448 D/TProxyUtils(17392): ðŸ’¾ DNS cached from Xray sniffing (via SystemDnsCacheServer): storage.googleapis.com -> [216.58.214.155, 142.250.184.155, 142.250.187.123, 142.250.187.155, 142.250.187.187, 172.217.17.123, 172.217.17.155, 172.217.20.91, 216.58.212.27, 216.58.212.59, 216.58.213.123, 142.251.140.27, 142.251.140.59, 142.251.140.91, 142.251.38.251, 172.217.169.123]
11-25 18:20:57.465 I/DnsUpstreamClient(17392): âœ… DNS resolved via DoT (Quad9): compute.googleapis.com (374ms)
11-25 18:20:57.465 D/DnsPacketUtils(17392): ðŸ” [PARSER] Starting DNS response parse for compute.googleapis.com (56 bytes)
11-25 18:20:57.465 D/DnsPacketUtils(17392): ðŸ“Š [PARSER] DNS header: TXID=0x7c2a, flags=0x8180, Q=1, A=1, NS=0, AR=0
11-25 18:20:57.465 I/DnsCacheManager(17392): ðŸ’¾ DNS cache SAVED: compute.googleapis.com -> [142.251.18.95] (TTL: 172800s, total entries: 264)
11-25 18:20:57.466 D/DnsUpstreamClient(17392): âœ… DNS UPSTREAM QUERY SUCCESS (DoT): compute.googleapis.com -> 56 bytes (DoT: 376ms, total: 2384ms)
11-25 18:20:57.466 D/SystemDnsCacheServer(17392): âœ… DNS RESOLVE: Upstream query completed (response size: 56 bytes, duration: 2384ms)
11-25 18:20:57.466 D/DnsPacketUtils(17392): ðŸ” [PARSER] Starting DNS response parse for compute.googleapis.com (56 bytes)
11-25 18:20:57.466 D/SystemDnsCacheServer(17392): âœ… DNS RESOLVE: Upstream query completed (response size: 56 bytes, duration: 2366ms)
11-25 18:20:57.466 D/DnsPacketUtils(17392): ðŸ” [PARSER] Starting DNS response parse for compute.googleapis.com (56 bytes)
11-25 18:20:57.466 D/SystemDnsCacheServer(17392): âœ… DNS RESOLVE: Upstream query completed (response size: 56 bytes, duration: 2378ms)
11-25 18:20:57.467 D/DnsPacketUtils(17392): ðŸ“Š [PARSER] DNS header: TXID=0x7c2a, flags=0x8180, Q=1, A=1, NS=0, AR=0
11-25 18:20:57.467 D/DnsPacketUtils(17392): ðŸ” [PARSER] Starting DNS response parse for compute.googleapis.com (56 bytes)
11-25 18:20:57.467 D/DnsPacketUtils(17392): ðŸ“Š [PARSER] DNS header: TXID=0x7c2a, flags=0x8180, Q=1, A=1, NS=0, AR=0
11-25 18:20:57.467 D/DnsPacketUtils(17392): ðŸ“Š [PARSER] DNS header: TXID=0x7c2a, flags=0x8180, Q=1, A=1, NS=0, AR=0
11-25 18:20:57.467 I/DnsCacheManager(17392): ðŸ’¾ DNS cache SAVED: compute.googleapis.com -> [142.251.140.10] (TTL: 235s, total entries: 264)
11-25 18:20:57.467 I/SystemDnsCacheServer(17392): âœ… DNS RESOLVE SUCCESS: compute.googleapis.com -> [142.251.140.10] (TTL: 235s, parse: 1ms, cache save: 0ms, total: 2385ms)
11-25 18:20:57.467 I/DnsCacheManager(17392): ðŸ’¾ DNS cache SAVED: compute.googleapis.com -> [142.251.140.10] (TTL: 235s, total entries: 264)
11-25 18:20:57.468 D/TProxyUtils(17392): âœ… DNS resolved for compute.googleapis.com in 2385ms -> [142.251.140.10]
11-25 18:20:57.468 I/SystemDnsCacheServer(17392): âœ… DNS RESOLVE SUCCESS: compute.googleapis.com -> [142.251.140.10] (TTL: 235s, parse: 1ms, cache save: 1ms, total: 2368ms)
11-25 18:20:57.468 I/DnsCacheManager(17392): ðŸ’¾ DNS cache SAVED: compute.googleapis.com -> [142.251.140.10] (TTL: 172800s, total entries: 264)
11-25 18:20:57.468 D/TProxyUtils(17392): ðŸ’¾ DNS cached from Xray sniffing (via SystemDnsCacheServer): compute.googleapis.com -> [142.251.140.10]
11-25 18:20:57.468 D/TProxyUtils(17392): âœ… DNS resolved for compute.googleapis.com in 2368ms -> [142.251.140.10]
11-25 18:20:57.468 I/DnsCacheManager(17392): ðŸ’¾ DNS cache SAVED: compute.googleapis.com -> [142.251.140.10] (TTL: 172800s, total entries: 264)
11-25 18:20:57.468 D/TProxyUtils(17392): ðŸ’¾ DNS cached from Xray sniffing (via SystemDnsCacheServer): compute.googleapis.com -> [142.251.140.10]
11-25 18:20:57.468 I/DnsCacheManager(17392): ðŸ’¾ DNS cache SAVED: compute.googleapis.com -> [142.251.140.10] (TTL: 235s, total entries: 264)
11-25 18:20:57.468 I/SystemDnsCacheServer(17392): âœ… DNS RESOLVE SUCCESS: compute.googleapis.com -> [142.251.140.10] (TTL: 235s, parse: 1ms, cache save: 0ms, total: 2380ms)
11-25 18:20:57.468 D/TProxyUtils(17392): âœ… DNS resolved for compute.googleapis.com in 2380ms -> [142.251.140.10]
11-25 18:20:57.468 I/DnsCacheManager(17392): ðŸ’¾ DNS cache SAVED: compute.googleapis.com -> [142.251.140.10] (TTL: 172800s, total entries: 264)
11-25 18:20:57.469 D/TProxyUtils(17392): ðŸ’¾ DNS cached from Xray sniffing (via SystemDnsCacheServer): compute.googleapis.com -> [142.251.140.10]
11-25 18:20:57.477 I/DnsUpstreamClient(17392): âœ… DNS resolved via DoT (Quad9): appengine.googleapis.com (369ms)
11-25 18:20:57.477 D/DnsPacketUtils(17392): ðŸ” [PARSER] Starting DNS response parse for appengine.googleapis.com (58 bytes)
11-25 18:20:57.478 D/DnsPacketUtils(17392): ðŸ“Š [PARSER] DNS header: TXID=0x7c3d, flags=0x8180, Q=1, A=1, NS=0, AR=0
11-25 18:20:57.478 I/DnsCacheManager(17392): ðŸ’¾ DNS cache SAVED: appengine.googleapis.com -> [173.194.69.95] (TTL: 172800s, total entries: 264)
11-25 18:20:57.479 D/DnsUpstreamClient(17392): âœ… DNS UPSTREAM QUERY SUCCESS (DoT): appengine.googleapis.com -> 58 bytes (DoT: 371ms, total: 2377ms)
11-25 18:20:57.479 D/SystemDnsCacheServer(17392): âœ… DNS RESOLVE: Upstream query completed (response size: 58 bytes, duration: 2378ms)
11-25 18:20:57.479 D/DnsPacketUtils(17392): ðŸ” [PARSER] Starting DNS response parse for appengine.googleapis.com (58 bytes)
11-25 18:20:57.479 D/DnsPacketUtils(17392): ðŸ“Š [PARSER] DNS header: TXID=0x7c3d, flags=0x8180, Q=1, A=1, NS=0, AR=0
11-25 18:20:57.479 I/DnsCacheManager(17392): ðŸ’¾ DNS cache SAVED: appengine.googleapis.com -> [172.217.17.138] (TTL: 300s, total entries: 264)
11-25 18:20:57.479 I/SystemDnsCacheServer(17392): âœ… DNS RESOLVE SUCCESS: appengine.googleapis.com -> [172.217.17.138] (TTL: 300s, parse: 0ms, cache save: 0ms, total: 2378ms)
11-25 18:20:57.479 D/TProxyUtils(17392): âœ… DNS resolved for appengine.googleapis.com in 2378ms -> [172.217.17.138]
11-25 18:20:57.479 I/DnsCacheManager(17392): ðŸ’¾ DNS cache SAVED: appengine.googleapis.com -> [172.217.17.138] (TTL: 172800s, total entries: 264)
11-25 18:20:57.480 D/TProxyUtils(17392): ðŸ’¾ DNS cached from Xray sniffing (via SystemDnsCacheServer): appengine.googleapis.com -> [172.217.17.138]
11-25 18:20:57.668 D/DnsCacheManager( 2707): ðŸ“Š Active entries: 100 (total cache: 201, showing top 100)
11-25 18:20:57.669 D/DnsCacheManager( 2707): ðŸ“Š Metrics updated: entries=201, activeEntries=100, hits=7524, misses=4678, hitRate=61%
11-25 18:20:57.678 D/DnsCacheManager(17392): ðŸ“Š Active entries: 100 (total cache: 264, showing top 100)
11-25 18:20:57.679 D/DnsCacheManager(17392): ðŸ“Š Metrics updated: entries=264, activeEntries=100, hits=7649, misses=4852, hitRate=61%
11-25 18:20:57.689 D/DnsCacheManager(17392): ðŸ’¾ DNS cache saved to file (debounced): 264 entries
11-25 18:20:58.170 D/DnsCacheManager( 2707): ðŸ“Š Active entries: 100 (total cache: 201, showing top 100)
11-25 18:20:58.171 D/DnsCacheManager( 2707): ðŸ“Š Metrics updated: entries=201, activeEntries=100, hits=7524, misses=4678, hitRate=61%
11-25 18:20:58.181 D/DnsCacheManager(17392): ðŸ“Š Active entries: 100 (total cache: 264, showing top 100)
11-25 18:20:58.182 D/DnsCacheManager(17392): ðŸ“Š Metrics updated: entries=264, activeEntries=100, hits=7649, misses=4852, hitRate=61%
11-25 18:20:58.664 D/XrayStatsManager( 2707): Throughput calculated: uplink=0 B/s, downlink=0 B/s, timeDelta=2.016s
11-25 18:20:58.665 D/XrayStatsManager( 2707): Core stats updated - Uplink: 118,70KB, Downlink: 1,07MB, Uplink Throughput: 0 B/s, Downlink Throughput: 0 B/s
11-25 18:20:58.672 D/DnsCacheManager( 2707): ðŸ“Š Active entries: 100 (total cache: 201, showing top 100)
11-25 18:20:58.673 D/DnsCacheManager( 2707): ðŸ“Š Metrics updated: entries=201, activeEntries=100, hits=7524, misses=4678, hitRate=61%
11-25 18:20:58.683 D/DnsCacheManager(17392): ðŸ“Š Active entries: 100 (total cache: 264, showing top 100)
11-25 18:20:58.683 D/DnsCacheManager(17392): ðŸ“Š Metrics updated: entries=264, activeEntries=100, hits=7649, misses=4852, hitRate=61%
11-25 18:20:58.683 D/DnsCacheManager(17392): ðŸ“Š Metrics update #640: entries=264, hits=7649, misses=4852, hitRate=61%
11-25 18:20:58.780 I/XrayRuntimeService(17392): Xray: 2025/11/25 15:20:58.776732 [Info] [3032198660] proxy: XtlsPadding 916 19 2
11-25 18:20:58.781 I/XrayRuntimeService(17392): Xray: 2025/11/25 15:20:58.776984 [Info] [208780204] proxy: XtlsPadding 947 111 2
11-25 18:20:58.781 I/XrayRuntimeService(17392): Xray: 2025/11/25 15:20:58.776275 [Info] [3864136725] proxy: XtlsPadding 943 153 2
11-25 18:20:58.860 I/XrayRuntimeService(17392): Xray: 2025/11/25 15:20:58.857671 [Debug] [237014779] proxy/socks: Not Socks request, try to parse as HTTP request
11-25 18:20:58.862 I/XrayRuntimeService(17392): Xray: 2025/11/25 15:20:58.857719 [Info] [237014779] proxy/http: request to Method [CONNECT] Host [vkpns.rustore.ru:443] with URL [//vkpns.rustore.ru:443]
11-25 18:20:58.862 D/DnsCacheManager(17392): ðŸ” Checking DNS cache for: vkpns.rustore.ru
11-25 18:20:58.863 I/DnsCacheManager(17392): âœ… DNS cache HIT: vkpns.rustore.ru -> [95.163.61.56] (age: 1268s, latency: 0.112864ms)
11-25 18:20:58.863 D/TProxyUtils(17392): âœ… DNS CACHE HIT (Xray sniffing): vkpns.rustore.ru -> [95.163.61.56] (served from cache)
11-25 18:20:58.864 I/XrayRuntimeService(17392): Xray: 2025/11/25 15:20:58.859263 [Info] [237014779] app/dispatcher: sniffed domain: vkpns.rustore.ru
11-25 18:20:58.865 I/XrayRuntimeService(17392): Xray: 2025/11/25 15:20:58.859281 [Info] [237014779] app/dispatcher: default route for tcp:vkpns.rustore.ru:443
11-25 18:20:58.866 D/MultiXrayCoreManager(17392): Selected instance 3 (port 41528) for domain vkpns.rustore.ru
11-25 18:20:58.866 D/TProxyUtils(17392): Sticky routing: domain=vkpns.rustore.ru, ip=null -> instance 3, port 41528
11-25 18:20:58.866 I/XrayRuntimeService(17392): Xray: 2025/11/25 15:20:58.859288 [Info] [237014779] transport/internet/tcp: dialing TCP to tcp:sus.halibiram.online:443
11-25 18:20:58.868 I/XrayRuntimeService(17392): Xray: 2025/11/25 15:20:58.859292 [Debug] [237014779] transport/internet: dialing to tcp:sus.halibiram.online:443
