11-25 18:19:22.242 D/DnsCacheManager( 2707): ðŸ“Š Metrics updated: entries=201, activeEntries=100, hits=7524, misses=4678, hitRate=61%
11-25 18:19:22.705 D/DnsCacheManager(17392): ðŸ“Š Active entries: 100 (total cache: 260, showing top 100)
11-25 18:19:22.706 D/DnsCacheManager(17392): ðŸ“Š Metrics updated: entries=260, activeEntries=100, hits=7643, misses=4840, hitRate=61%
11-25 18:19:22.743 D/DnsCacheManager( 2707): ðŸ“Š Active entries: 100 (total cache: 201, showing top 100)
11-25 18:19:22.744 D/DnsCacheManager( 2707): ðŸ“Š Metrics updated: entries=201, activeEntries=100, hits=7524, misses=4678, hitRate=61%
11-25 18:19:23.208 D/DnsCacheManager(17392): ðŸ“Š Active entries: 100 (total cache: 260, showing top 100)
11-25 18:19:23.209 D/DnsCacheManager(17392): ðŸ“Š Metrics updated: entries=260, activeEntries=100, hits=7643, misses=4840, hitRate=61%
11-25 18:19:23.209 D/DnsCacheManager(17392): ðŸ“Š Metrics update #450: entries=260, hits=7643, misses=4840, hitRate=61%
11-25 18:19:23.246 D/DnsCacheManager( 2707): ðŸ“Š Active entries: 100 (total cache: 201, showing top 100)
11-25 18:19:23.247 D/DnsCacheManager( 2707): ðŸ“Š Metrics updated: entries=201, activeEntries=100, hits=7524, misses=4678, hitRate=61%
11-25 18:19:23.711 D/DnsCacheManager(17392): ðŸ“Š Active entries: 100 (total cache: 260, showing top 100)
11-25 18:19:23.712 D/DnsCacheManager(17392): ðŸ“Š Metrics updated: entries=260, activeEntries=100, hits=7643, misses=4840, hitRate=61%
11-25 18:19:23.749 D/DnsCacheManager( 2707): ðŸ“Š Active entries: 100 (total cache: 201, showing top 100)
11-25 18:19:23.750 D/DnsCacheManager( 2707): ðŸ“Š Metrics updated: entries=201, activeEntries=100, hits=7524, misses=4678, hitRate=61%
11-25 18:19:23.960 D/XrayStatsManager( 2707): Throughput calculated: uplink=0 B/s, downlink=0 B/s, timeDelta=2.015s
11-25 18:19:23.961 D/XrayStatsManager( 2707): Core stats updated - Uplink: 111,06KB, Downlink: 1,06MB, Uplink Throughput: 0 B/s, Downlink Throughput: 0 B/s
11-25 18:19:24.214 D/DnsCacheManager(17392): ðŸ“Š Active entries: 100 (total cache: 260, showing top 100)
11-25 18:19:24.215 D/DnsCacheManager(17392): ðŸ“Š Metrics updated: entries=260, activeEntries=100, hits=7643, misses=4840, hitRate=61%
11-25 18:19:24.252 D/DnsCacheManager( 2707): ðŸ“Š Active entries: 100 (total cache: 201, showing top 100)
11-25 18:19:24.252 D/DnsCacheManager( 2707): ðŸ“Š Metrics updated: entries=201, activeEntries=100, hits=7524, misses=4678, hitRate=61%
11-25 18:19:24.717 D/DnsCacheManager(17392): ðŸ“Š Active entries: 100 (total cache: 260, showing top 100)
11-25 18:19:24.718 D/DnsCacheManager(17392): ðŸ“Š Metrics updated: entries=260, activeEntries=100, hits=7643, misses=4840, hitRate=61%
11-25 18:19:24.755 D/DnsCacheManager( 2707): ðŸ“Š Active entries: 100 (total cache: 201, showing top 100)
11-25 18:19:24.755 D/DnsCacheManager( 2707): ðŸ“Š Metrics updated: entries=201, activeEntries=100, hits=7524, misses=4678, hitRate=61%
11-25 18:19:25.220 D/DnsCacheManager(17392): ðŸ“Š Active entries: 100 (total cache: 260, showing top 100)
11-25 18:19:25.221 D/DnsCacheManager(17392): ðŸ“Š Metrics updated: entries=260, activeEntries=100, hits=7643, misses=4840, hitRate=61%
11-25 18:19:25.257 D/DnsCacheManager( 2707): ðŸ“Š Active entries: 100 (total cache: 201, showing top 100)
11-25 18:19:25.257 D/DnsCacheManager( 2707): ðŸ“Š Metrics updated: entries=201, activeEntries=100, hits=7524, misses=4678, hitRate=61%
11-25 18:19:25.723 D/DnsCacheManager(17392): ðŸ“Š Active entries: 100 (total cache: 260, showing top 100)
11-25 18:19:25.724 D/DnsCacheManager(17392): ðŸ“Š Metrics updated: entries=260, activeEntries=100, hits=7643, misses=4840, hitRate=61%
11-25 18:19:25.759 D/DnsCacheManager( 2707): ðŸ“Š Active entries: 100 (total cache: 201, showing top 100)
11-25 18:19:25.760 D/DnsCacheManager( 2707): ðŸ“Š Metrics updated: entries=201, activeEntries=100, hits=7524, misses=4678, hitRate=61%
11-25 18:19:25.977 D/XrayStatsManager( 2707): Throughput calculated: uplink=28,00B/s, downlink=0 B/s, timeDelta=2.017s
11-25 18:19:25.978 D/XrayStatsManager( 2707): Core stats updated - Uplink: 111,12KB, Downlink: 1,06MB, Uplink Throughput: 28,00B/s, Downlink Throughput: 0 B/s
11-25 18:19:26.227 D/DnsCacheManager(17392): ðŸ“Š Active entries: 100 (total cache: 260, showing top 100)
11-25 18:19:26.228 D/DnsCacheManager(17392): ðŸ“Š Metrics updated: entries=260, activeEntries=100, hits=7643, misses=4840, hitRate=61%
11-25 18:19:26.262 D/DnsCacheManager( 2707): ðŸ“Š Active entries: 100 (total cache: 201, showing top 100)
11-25 18:19:26.262 D/DnsCacheManager( 2707): ðŸ“Š Metrics updated: entries=201, activeEntries=100, hits=7524, misses=4678, hitRate=61%
11-25 18:19:26.730 D/DnsCacheManager(17392): ðŸ“Š Active entries: 100 (total cache: 260, showing top 100)
11-25 18:19:26.731 D/DnsCacheManager(17392): ðŸ“Š Metrics updated: entries=260, activeEntries=100, hits=7643, misses=4840, hitRate=61%
11-25 18:19:26.764 D/DnsCacheManager( 2707): ðŸ“Š Active entries: 100 (total cache: 201, showing top 100)
11-25 18:19:26.764 D/DnsCacheManager( 2707): ðŸ“Š Metrics updated: entries=201, activeEntries=100, hits=7524, misses=4678, hitRate=61%
11-25 18:19:26.764 D/DnsCacheManager( 2707): ðŸ“Š Metrics update #460: entries=201, hits=7524, misses=4678, hitRate=61%
11-25 18:19:27.233 D/DnsCacheManager(17392): ðŸ“Š Active entries: 100 (total cache: 260, showing top 100)
11-25 18:19:27.234 D/DnsCacheManager(17392): ðŸ“Š Metrics updated: entries=260, activeEntries=100, hits=7643, misses=4840, hitRate=61%
11-25 18:19:27.266 D/DnsCacheManager( 2707): ðŸ“Š Active entries: 100 (total cache: 201, showing top 100)
11-25 18:19:27.266 D/DnsCacheManager( 2707): ðŸ“Š Metrics updated: entries=201, activeEntries=100, hits=7524, misses=4678, hitRate=61%
11-25 18:19:27.736 D/DnsCacheManager(17392): ðŸ“Š Active entries: 100 (total cache: 260, showing top 100)
11-25 18:19:27.737 D/DnsCacheManager(17392): ðŸ“Š Metrics updated: entries=260, activeEntries=100, hits=7643, misses=4840, hitRate=61%
11-25 18:19:27.768 D/DnsCacheManager( 2707): ðŸ“Š Active entries: 100 (total cache: 201, showing top 100)
11-25 18:19:27.768 D/DnsCacheManager( 2707): ðŸ“Š Metrics updated: entries=201, activeEntries=100, hits=7524, misses=4678, hitRate=61%
11-25 18:19:27.993 D/XrayStatsManager( 2707): Throughput calculated: uplink=0 B/s, downlink=0 B/s, timeDelta=2.016s
11-25 18:19:27.994 D/XrayStatsManager( 2707): Core stats updated - Uplink: 111,12KB, Downlink: 1,06MB, Uplink Throughput: 0 B/s, Downlink Throughput: 0 B/s
11-25 18:19:28.239 D/DnsCacheManager(17392): ðŸ“Š Active entries: 100 (total cache: 260, showing top 100)
11-25 18:19:28.239 D/DnsCacheManager(17392): ðŸ“Š Metrics updated: entries=260, activeEntries=100, hits=7643, misses=4840, hitRate=61%
11-25 18:19:28.240 D/DnsCacheManager(17392): ðŸ“Š Metrics update #460: entries=260, hits=7643, misses=4840, hitRate=61%
11-25 18:19:28.270 D/DnsCacheManager( 2707): ðŸ“Š Active entries: 100 (total cache: 201, showing top 100)
11-25 18:19:28.271 D/DnsCacheManager( 2707): ðŸ“Š Metrics updated: entries=201, activeEntries=100, hits=7524, misses=4678, hitRate=61%
11-25 18:19:28.745 D/DnsCacheManager(17392): ðŸ“Š Active entries: 100 (total cache: 260, showing top 100)
11-25 18:19:28.745 D/DnsCacheManager(17392): ðŸ“Š Metrics updated: entries=260, activeEntries=100, hits=7643, misses=4840, hitRate=61%
11-25 18:19:28.773 D/DnsCacheManager( 2707): ðŸ“Š Active entries: 100 (total cache: 201, showing top 100)
11-25 18:19:28.773 D/DnsCacheManager( 2707): ðŸ“Š Metrics updated: entries=201, activeEntries=100, hits=7524, misses=4678, hitRate=61%
11-25 18:19:29.248 D/DnsCacheManager(17392): ðŸ“Š Active entries: 100 (total cache: 260, showing top 100)
11-25 18:19:29.249 D/DnsCacheManager(17392): ðŸ“Š Metrics updated: entries=260, activeEntries=100, hits=7643, misses=4840, hitRate=61%
11-25 18:19:29.275 D/DnsCacheManager( 2707): ðŸ“Š Active entries: 100 (total cache: 201, showing top 100)
11-25 18:19:29.275 D/DnsCacheManager( 2707): ðŸ“Š Metrics updated: entries=201, activeEntries=100, hits=7524, misses=4678, hitRate=61%
11-25 18:19:29.751 D/DnsCacheManager(17392): ðŸ“Š Active entries: 100 (total cache: 260, showing top 100)
11-25 18:19:29.751 D/DnsCacheManager(17392): ðŸ“Š Metrics updated: entries=260, activeEntries=100, hits=7643, misses=4840, hitRate=61%
11-25 18:19:29.777 D/DnsCacheManager( 2707): ðŸ“Š Active entries: 100 (total cache: 201, showing top 100)
11-25 18:19:29.778 D/DnsCacheManager( 2707): ðŸ“Š Metrics updated: entries=201, activeEntries=100, hits=7524, misses=4678, hitRate=61%
11-25 18:19:30.009 D/XrayStatsManager( 2707): Throughput calculated: uplink=0 B/s, downlink=0 B/s, timeDelta=2.016s
11-25 18:19:30.010 D/XrayStatsManager( 2707): Core stats updated - Uplink: 111,12KB, Downlink: 1,06MB, Uplink Throughput: 0 B/s, Downlink Throughput: 0 B/s
11-25 18:19:30.254 D/DnsCacheManager(17392): ðŸ“Š Active entries: 100 (total cache: 260, showing top 100)
11-25 18:19:30.255 D/DnsCacheManager(17392): ðŸ“Š Metrics updated: entries=260, activeEntries=100, hits=7643, misses=4840, hitRate=61%
11-25 18:19:30.280 D/DnsCacheManager( 2707): ðŸ“Š Active entries: 100 (total cache: 201, showing top 100)
11-25 18:19:30.280 D/DnsCacheManager( 2707): ðŸ“Š Metrics updated: entries=201, activeEntries=100, hits=7524, misses=4678, hitRate=61%
11-25 18:19:30.757 D/DnsCacheManager(17392): ðŸ“Š Active entries: 100 (total cache: 260, showing top 100)
11-25 18:19:30.758 D/DnsCacheManager(17392): ðŸ“Š Metrics updated: entries=260, activeEntries=100, hits=7643, misses=4840, hitRate=61%
11-25 18:19:30.782 D/DnsCacheManager( 2707): ðŸ“Š Active entries: 100 (total cache: 201, showing top 100)
11-25 18:19:30.783 D/DnsCacheManager( 2707): ðŸ“Š Metrics updated: entries=201, activeEntries=100, hits=7524, misses=4678, hitRate=61%
11-25 18:19:31.261 D/DnsCacheManager(17392): ðŸ“Š Active entries: 100 (total cache: 260, showing top 100)
11-25 18:19:31.262 D/DnsCacheManager(17392): ðŸ“Š Metrics updated: entries=260, activeEntries=100, hits=7643, misses=4840, hitRate=61%
11-25 18:19:31.284 D/DnsCacheManager( 2707): ðŸ“Š Active entries: 100 (total cache: 201, showing top 100)
11-25 18:19:31.285 D/DnsCacheManager( 2707): ðŸ“Š Metrics updated: entries=201, activeEntries=100, hits=7524, misses=4678, hitRate=61%
11-25 18:19:31.764 D/DnsCacheManager(17392): ðŸ“Š Active entries: 100 (total cache: 260, showing top 100)
11-25 18:19:31.765 D/DnsCacheManager(17392): ðŸ“Š Metrics updated: entries=260, activeEntries=100, hits=7643, misses=4840, hitRate=61%
11-25 18:19:31.787 D/DnsCacheManager( 2707): ðŸ“Š Active entries: 100 (total cache: 201, showing top 100)
11-25 18:19:31.787 D/DnsCacheManager( 2707): ðŸ“Š Metrics updated: entries=201, activeEntries=100, hits=7524, misses=4678, hitRate=61%
11-25 18:19:31.788 D/DnsCacheManager( 2707): ðŸ“Š Metrics update #470: entries=201, hits=7524, misses=4678, hitRate=61%
11-25 18:19:32.033 D/XrayStatsManager( 2707): Throughput calculated: uplink=0 B/s, downlink=0 B/s, timeDelta=2.024s
11-25 18:19:32.034 D/XrayStatsManager( 2707): Core stats updated - Uplink: 111,12KB, Downlink: 1,06MB, Uplink Throughput: 0 B/s, Downlink Throughput: 0 B/s
11-25 18:19:32.267 D/DnsCacheManager(17392): ðŸ“Š Active entries: 100 (total cache: 260, showing top 100)
11-25 18:19:32.268 D/DnsCacheManager(17392): ðŸ“Š Metrics updated: entries=260, activeEntries=100, hits=7643, misses=4840, hitRate=61%
11-25 18:19:32.289 D/DnsCacheManager( 2707): ðŸ“Š Active entries: 100 (total cache: 201, showing top 100)
11-25 18:19:32.290 D/DnsCacheManager( 2707): ðŸ“Š Metrics updated: entries=201, activeEntries=100, hits=7524, misses=4678, hitRate=61%
11-25 18:19:32.771 D/DnsCacheManager(17392): ðŸ“Š Active entries: 100 (total cache: 260, showing top 100)
11-25 18:19:32.772 D/DnsCacheManager(17392): ðŸ“Š Metrics updated: entries=260, activeEntries=100, hits=7643, misses=4840, hitRate=61%
11-25 18:19:32.791 D/DnsCacheManager( 2707): ðŸ“Š Active entries: 100 (total cache: 201, showing top 100)
11-25 18:19:32.792 D/DnsCacheManager( 2707): ðŸ“Š Metrics updated: entries=201, activeEntries=100, hits=7524, misses=4678, hitRate=61%
11-25 18:19:33.273 D/DnsCacheManager(17392): ðŸ“Š Active entries: 100 (total cache: 260, showing top 100)
11-25 18:19:33.274 D/DnsCacheManager(17392): ðŸ“Š Metrics updated: entries=260, activeEntries=100, hits=7643, misses=4840, hitRate=61%
11-25 18:19:33.274 D/DnsCacheManager(17392): ðŸ“Š Metrics update #470: entries=260, hits=7643, misses=4840, hitRate=61%
11-25 18:19:33.294 D/DnsCacheManager( 2707): ðŸ“Š Active entries: 100 (total cache: 201, showing top 100)
11-25 18:19:33.294 D/DnsCacheManager( 2707): ðŸ“Š Metrics updated: entries=201, activeEntries=100, hits=7524, misses=4678, hitRate=61%
11-25 18:19:33.776 D/DnsCacheManager(17392): ðŸ“Š Active entries: 100 (total cache: 260, showing top 100)
11-25 18:19:33.777 D/DnsCacheManager(17392): ðŸ“Š Metrics updated: entries=260, activeEntries=100, hits=7643, misses=4840, hitRate=61%
11-25 18:19:33.796 D/DnsCacheManager( 2707): ðŸ“Š Active entries: 100 (total cache: 201, showing top 100)
11-25 18:19:33.797 D/DnsCacheManager( 2707): ðŸ“Š Metrics updated: entries=201, activeEntries=100, hits=7524, misses=4678, hitRate=61%
11-25 18:19:34.049 D/XrayStatsManager( 2707): Throughput calculated: uplink=0 B/s, downlink=0 B/s, timeDelta=2.015s
11-25 18:19:34.049 D/XrayStatsManager( 2707): Core stats updated - Uplink: 111,12KB, Downlink: 1,06MB, Uplink Throughput: 0 B/s, Downlink Throughput: 0 B/s
11-25 18:19:34.279 D/DnsCacheManager(17392): ðŸ“Š Active entries: 100 (total cache: 260, showing top 100)
11-25 18:19:34.280 D/DnsCacheManager(17392): ðŸ“Š Metrics updated: entries=260, activeEntries=100, hits=7643, misses=4840, hitRate=61%
11-25 18:19:34.299 D/DnsCacheManager( 2707): ðŸ“Š Active entries: 100 (total cache: 201, showing top 100)
11-25 18:19:34.300 D/DnsCacheManager( 2707): ðŸ“Š Metrics updated: entries=201, activeEntries=100, hits=7524, misses=4678, hitRate=61%
11-25 18:19:34.782 D/DnsCacheManager(17392): ðŸ“Š Active entries: 100 (total cache: 260, showing top 100)
11-25 18:19:34.783 D/DnsCacheManager(17392): ðŸ“Š Metrics updated: entries=260, activeEntries=100, hits=7643, misses=4840, hitRate=61%
11-25 18:19:34.801 D/DnsCacheManager( 2707): ðŸ“Š Active entries: 100 (total cache: 201, showing top 100)
11-25 18:19:34.802 D/DnsCacheManager( 2707): ðŸ“Š Metrics updated: entries=201, activeEntries=100, hits=7524, misses=4678, hitRate=61%
11-25 18:19:34.901 D/PolicyMaker( 3443): uid =10568 pkg=com.hyperxray.an reason=VPN_APP
11-25 18:19:35.285 D/DnsCacheManager(17392): ðŸ“Š Active entries: 100 (total cache: 260, showing top 100)
11-25 18:19:35.286 D/DnsCacheManager(17392): ðŸ“Š Metrics updated: entries=260, activeEntries=100, hits=7643, misses=4840, hitRate=61%
11-25 18:19:35.303 D/DnsCacheManager( 2707): ðŸ“Š Active entries: 100 (total cache: 201, showing top 100)
11-25 18:19:35.304 D/DnsCacheManager( 2707): ðŸ“Š Metrics updated: entries=201, activeEntries=100, hits=7524, misses=4678, hitRate=61%
11-25 18:19:35.326 I/XrayRuntimeService(17392): Xray: 2025/11/25 15:19:35.320338 [Info] [1648384544] proxy/socks: Connection closed immediately, likely health check connection
11-25 18:19:35.787 D/DnsCacheManager(17392): ðŸ“Š Active entries: 100 (total cache: 260, showing top 100)
11-25 18:19:35.788 D/DnsCacheManager(17392): ðŸ“Š Metrics updated: entries=260, activeEntries=100, hits=7643, misses=4840, hitRate=61%
11-25 18:19:35.806 D/DnsCacheManager( 2707): ðŸ“Š Active entries: 100 (total cache: 201, showing top 100)
11-25 18:19:35.807 D/DnsCacheManager( 2707): ðŸ“Š Metrics updated: entries=201, activeEntries=100, hits=7524, misses=4678, hitRate=61%
11-25 18:19:36.059 D/XrayStatsManager( 2707): Throughput calculated: uplink=0 B/s, downlink=0 B/s, timeDelta=2.011s
11-25 18:19:36.059 D/XrayStatsManager( 2707): Core stats updated - Uplink: 111,12KB, Downlink: 1,06MB, Uplink Throughput: 0 B/s, Downlink Throughput: 0 B/s
11-25 18:19:36.289 D/DnsCacheManager(17392): ðŸ“Š Active entries: 100 (total cache: 260, showing top 100)
11-25 18:19:36.290 D/DnsCacheManager(17392): ðŸ“Š Metrics updated: entries=260, activeEntries=100, hits=7643, misses=4840, hitRate=61%
11-25 18:19:36.308 D/DnsCacheManager( 2707): ðŸ“Š Active entries: 100 (total cache: 201, showing top 100)
11-25 18:19:36.308 D/DnsCacheManager( 2707): ðŸ“Š Metrics updated: entries=201, activeEntries=100, hits=7524, misses=4678, hitRate=61%
11-25 18:19:36.324 D/XrayLogHandler(17392): Broadcasted a batch of logs.
11-25 18:19:36.791 D/DnsCacheManager(17392): ðŸ“Š Active entries: 100 (total cache: 260, showing top 100)
11-25 18:19:36.792 D/DnsCacheManager(17392): ðŸ“Š Metrics updated: entries=260, activeEntries=100, hits=7643, misses=4840, hitRate=61%
11-25 18:19:36.810 D/DnsCacheManager( 2707): ðŸ“Š Active entries: 100 (total cache: 201, showing top 100)
11-25 18:19:36.811 D/DnsCacheManager( 2707): ðŸ“Š Metrics updated: entries=201, activeEntries=100, hits=7524, misses=4678, hitRate=61%
11-25 18:19:36.811 D/DnsCacheManager( 2707): ðŸ“Š Metrics update #480: entries=201, hits=7524, misses=4678, hitRate=61%
11-25 18:19:37.294 D/DnsCacheManager(17392): ðŸ“Š Active entries: 100 (total cache: 260, showing top 100)
11-25 18:19:37.295 D/DnsCacheManager(17392): ðŸ“Š Metrics updated: entries=260, activeEntries=100, hits=7643, misses=4840, hitRate=61%
11-25 18:19:37.312 D/DnsCacheManager( 2707): ðŸ“Š Active entries: 100 (total cache: 201, showing top 100)
11-25 18:19:37.313 D/DnsCacheManager( 2707): ðŸ“Š Metrics updated: entries=201, activeEntries=100, hits=7524, misses=4678, hitRate=61%
11-25 18:19:37.797 D/DnsCacheManager(17392): ðŸ“Š Active entries: 100 (total cache: 260, showing top 100)
11-25 18:19:37.798 D/DnsCacheManager(17392): ðŸ“Š Metrics updated: entries=260, activeEntries=100, hits=7643, misses=4840, hitRate=61%
11-25 18:19:37.815 D/DnsCacheManager( 2707): ðŸ“Š Active entries: 100 (total cache: 201, showing top 100)
11-25 18:19:37.815 D/DnsCacheManager( 2707): ðŸ“Š Metrics updated: entries=201, activeEntries=100, hits=7524, misses=4678, hitRate=61%
11-25 18:19:38.068 D/XrayStatsManager( 2707): Throughput calculated: uplink=0 B/s, downlink=0 B/s, timeDelta=2.009s
11-25 18:19:38.069 D/XrayStatsManager( 2707): Core stats updated - Uplink: 111,12KB, Downlink: 1,06MB, Uplink Throughput: 0 B/s, Downlink Throughput: 0 B/s
11-25 18:19:38.300 D/DnsCacheManager(17392): ðŸ“Š Active entries: 100 (total cache: 260, showing top 100)
11-25 18:19:38.301 D/DnsCacheManager(17392): ðŸ“Š Metrics updated: entries=260, activeEntries=100, hits=7643, misses=4840, hitRate=61%
11-25 18:19:38.301 D/DnsCacheManager(17392): ðŸ“Š Metrics update #480: entries=260, hits=7643, misses=4840, hitRate=61%
11-25 18:19:38.317 D/DnsCacheManager( 2707): ðŸ“Š Active entries: 100 (total cache: 201, showing top 100)
11-25 18:19:38.318 D/DnsCacheManager( 2707): ðŸ“Š Metrics updated: entries=201, activeEntries=100, hits=7524, misses=4678, hitRate=61%
11-25 18:19:38.803 D/DnsCacheManager(17392): ðŸ“Š Active entries: 100 (total cache: 260, showing top 100)
11-25 18:19:38.804 D/DnsCacheManager(17392): ðŸ“Š Metrics updated: entries=260, activeEntries=100, hits=7643, misses=4840, hitRate=61%
11-25 18:19:38.820 D/DnsCacheManager( 2707): ðŸ“Š Active entries: 100 (total cache: 201, showing top 100)
11-25 18:19:38.820 D/DnsCacheManager( 2707): ðŸ“Š Metrics updated: entries=201, activeEntries=100, hits=7524, misses=4678, hitRate=61%
11-25 18:19:39.306 D/DnsCacheManager(17392): ðŸ“Š Active entries: 100 (total cache: 260, showing top 100)
11-25 18:19:39.307 D/DnsCacheManager(17392): ðŸ“Š Metrics updated: entries=260, activeEntries=100, hits=7643, misses=4840, hitRate=61%
11-25 18:19:39.322 D/DnsCacheManager( 2707): ðŸ“Š Active entries: 100 (total cache: 201, showing top 100)
11-25 18:19:39.323 D/DnsCacheManager( 2707): ðŸ“Š Metrics updated: entries=201, activeEntries=100, hits=7524, misses=4678, hitRate=61%
11-25 18:19:39.809 D/DnsCacheManager(17392): ðŸ“Š Active entries: 100 (total cache: 260, showing top 100)
11-25 18:19:39.810 D/DnsCacheManager(17392): ðŸ“Š Metrics updated: entries=260, activeEntries=100, hits=7643, misses=4840, hitRate=61%
11-25 18:19:39.825 D/DnsCacheManager( 2707): ðŸ“Š Active entries: 100 (total cache: 201, showing top 100)
11-25 18:19:39.825 D/DnsCacheManager( 2707): ðŸ“Š Metrics updated: entries=201, activeEntries=100, hits=7524, misses=4678, hitRate=61%
11-25 18:19:40.086 D/XrayStatsManager( 2707): Throughput calculated: uplink=0 B/s, downlink=0 B/s, timeDelta=2.018s
11-25 18:19:40.087 D/XrayStatsManager( 2707): Core stats updated - Uplink: 111,12KB, Downlink: 1,06MB, Uplink Throughput: 0 B/s, Downlink Throughput: 0 B/s
11-25 18:19:40.313 D/DnsCacheManager(17392): ðŸ“Š Active entries: 100 (total cache: 260, showing top 100)
11-25 18:19:40.314 D/DnsCacheManager(17392): ðŸ“Š Metrics updated: entries=260, activeEntries=100, hits=7643, misses=4840, hitRate=61%
11-25 18:19:40.327 D/DnsCacheManager( 2707): ðŸ“Š Active entries: 100 (total cache: 201, showing top 100)
11-25 18:19:40.328 D/DnsCacheManager( 2707): ðŸ“Š Metrics updated: entries=201, activeEntries=100, hits=7524, misses=4678, hitRate=61%
11-25 18:19:40.519 D/TProxyMetricsCollector(17392): Native stats raw: txPackets=314, txBytes=93188, rxPackets=226, rxBytes=49209
11-25 18:19:40.532 D/TProxyMetricsCollector(17392): Packet loss calculation: nativeStats(txPackets=314, rxPackets=226, txBytes=93188, rxBytes=49209), lastNativeStats(txPackets=314, rxPackets=226, txBytes=93188, rxBytes=49209)
11-25 18:19:40.532 D/TProxyMetricsCollector(17392): Packet loss deltas: txPacketDelta=0, rxPacketDelta=0, txByteDelta=0, rxByteDelta=0, totalPackets=0, timeDelta=30039ms
11-25 18:19:40.532 D/TProxyMetricsCollector(17392): Insufficient packet activity for loss calculation: totalPackets=0 < 5, using fallback
11-25 18:19:40.532 D/TProxyMetricsCollector(17392): Packet loss from history: avgLoss=0.1%, historySize=7, recentLosses=[0.1, 0.1, 0.1]%
11-25 18:19:40.532 D/TProxyMetricsCollector(17392): Native delta: txBytes=93188 (delta=0), rxBytes=49209 (delta=0), total=0, timeDelta=30039ms
11-25 18:19:40.532 D/TProxyMetricsCollector(17392): Native throughput: 0.0MB/s, nativeStats=true
11-25 18:19:40.532 D/TProxyMetricsCollector(17392): Traffic delta: uplink=12116, downlink=4879, total=16995, timeDelta=60077ms, throughput=2.697820298504289E-4MB/s
11-25 18:19:40.532 D/TProxyMetricsCollector(17392): Traffic throughput: 2.697820298504289E-4MB/s, trafficStats=true, coreStatsState=false
11-25 18:19:40.532 D/TProxyMetricsCollector(17392): Collected metrics: throughput=2.697820298504289E-4MB/s, rtt=29.799999999999997ms, loss=0.1%, handshake=150.0ms, nativeStats=true
11-25 18:19:40.532 D/TProxyAiOptimizer(17392): Optimizing TProxy configuration based on metrics: throughput=282.88696173244335, rtt=29.799999999999997, loss=0.001, handshake=150.0
11-25 18:19:40.540 D/TProxyAiOptimizer(17392): AI recommendations: MTU=-1, Buffer=-1, Timeout=0, Pipeline=0, MultiQueue=0
11-25 18:19:40.551 D/TProxyAiOptimizer(17392): Expected improvement (0.0%) is too small, keeping current config
11-25 18:19:40.551 D/TProxyAiOptimizer(17392): Optimization skipped: Improvement too small
11-25 18:19:40.815 D/DnsCacheManager(17392): ðŸ“Š Active entries: 100 (total cache: 260, showing top 100)
11-25 18:19:40.815 D/DnsCacheManager(17392): ðŸ“Š Metrics updated: entries=260, activeEntries=100, hits=7643, misses=4840, hitRate=61%
11-25 18:19:40.829 D/DnsCacheManager( 2707): ðŸ“Š Active entries: 100 (total cache: 201, showing top 100)
11-25 18:19:40.830 D/DnsCacheManager( 2707): ðŸ“Š Metrics updated: entries=201, activeEntries=100, hits=7524, misses=4678, hitRate=61%
11-25 18:19:41.317 D/DnsCacheManager(17392): ðŸ“Š Active entries: 100 (total cache: 260, showing top 100)
11-25 18:19:41.318 D/DnsCacheManager(17392): ðŸ“Š Metrics updated: entries=260, activeEntries=100, hits=7643, misses=4840, hitRate=61%
11-25 18:19:41.332 D/DnsCacheManager( 2707): ðŸ“Š Active entries: 100 (total cache: 201, showing top 100)
11-25 18:19:41.333 D/DnsCacheManager( 2707): ðŸ“Š Metrics updated: entries=201, activeEntries=100, hits=7524, misses=4678, hitRate=61%
11-25 18:19:41.820 D/DnsCacheManager(17392): ðŸ“Š Active entries: 100 (total cache: 260, showing top 100)
11-25 18:19:41.821 D/DnsCacheManager(17392): ðŸ“Š Metrics updated: entries=260, activeEntries=100, hits=7643, misses=4840, hitRate=61%
11-25 18:19:41.834 D/DnsCacheManager( 2707): ðŸ“Š Active entries: 100 (total cache: 201, showing top 100)
11-25 18:19:41.835 D/DnsCacheManager( 2707): ðŸ“Š Metrics updated: entries=201, activeEntries=100, hits=7524, misses=4678, hitRate=61%
11-25 18:19:41.835 D/DnsCacheManager( 2707): ðŸ“Š Metrics update #490: entries=201, hits=7524, misses=4678, hitRate=61%
11-25 18:19:42.105 D/XrayStatsManager( 2707): Throughput calculated: uplink=0 B/s, downlink=0 B/s, timeDelta=2.018s
11-25 18:19:42.105 D/XrayStatsManager( 2707): Core stats updated - Uplink: 111,12KB, Downlink: 1,06MB, Uplink Throughput: 0 B/s, Downlink Throughput: 0 B/s
11-25 18:19:42.323 D/DnsCacheManager(17392): ðŸ“Š Active entries: 100 (total cache: 260, showing top 100)
11-25 18:19:42.324 D/DnsCacheManager(17392): ðŸ“Š Metrics updated: entries=260, activeEntries=100, hits=7643, misses=4840, hitRate=61%
11-25 18:19:42.337 D/DnsCacheManager( 2707): ðŸ“Š Active entries: 100 (total cache: 201, showing top 100)
11-25 18:19:42.337 D/DnsCacheManager( 2707): ðŸ“Š Metrics updated: entries=201, activeEntries=100, hits=7524, misses=4678, hitRate=61%
11-25 18:19:42.826 D/DnsCacheManager(17392): ðŸ“Š Active entries: 100 (total cache: 260, showing top 100)
11-25 18:19:42.827 D/DnsCacheManager(17392): ðŸ“Š Metrics updated: entries=260, activeEntries=100, hits=7643, misses=4840, hitRate=61%
11-25 18:19:42.839 D/DnsCacheManager( 2707): ðŸ“Š Active entries: 100 (total cache: 201, showing top 100)
11-25 18:19:42.839 D/DnsCacheManager( 2707): ðŸ“Š Metrics updated: entries=201, activeEntries=100, hits=7524, misses=4678, hitRate=61%
11-25 18:19:43.329 D/DnsCacheManager(17392): ðŸ“Š Active entries: 100 (total cache: 260, showing top 100)
11-25 18:19:43.330 D/DnsCacheManager(17392): ðŸ“Š Metrics updated: entries=260, activeEntries=100, hits=7643, misses=4840, hitRate=61%
11-25 18:19:43.330 D/DnsCacheManager(17392): ðŸ“Š Metrics update #490: entries=260, hits=7643, misses=4840, hitRate=61%
11-25 18:19:43.341 D/DnsCacheManager( 2707): ðŸ“Š Active entries: 100 (total cache: 201, showing top 100)
11-25 18:19:43.342 D/DnsCacheManager( 2707): ðŸ“Š Metrics updated: entries=201, activeEntries=100, hits=7524, misses=4678, hitRate=61%
11-25 18:19:43.832 D/DnsCacheManager(17392): ðŸ“Š Active entries: 100 (total cache: 260, showing top 100)
11-25 18:19:43.833 D/DnsCacheManager(17392): ðŸ“Š Metrics updated: entries=260, activeEntries=100, hits=7643, misses=4840, hitRate=61%
11-25 18:19:43.843 D/DnsCacheManager( 2707): ðŸ“Š Active entries: 100 (total cache: 201, showing top 100)
11-25 18:19:43.844 D/DnsCacheManager( 2707): ðŸ“Š Metrics updated: entries=201, activeEntries=100, hits=7524, misses=4678, hitRate=61%
11-25 18:19:44.118 D/XrayStatsManager( 2707): Throughput calculated: uplink=0 B/s, downlink=0 B/s, timeDelta=2.014s
11-25 18:19:44.118 D/XrayStatsManager( 2707): Core stats updated - Uplink: 111,12KB, Downlink: 1,06MB, Uplink Throughput: 0 B/s, Downlink Throughput: 0 B/s
11-25 18:19:44.334 D/DnsCacheManager(17392): ðŸ“Š Active entries: 100 (total cache: 260, showing top 100)
11-25 18:19:44.335 D/DnsCacheManager(17392): ðŸ“Š Metrics updated: entries=260, activeEntries=100, hits=7643, misses=4840, hitRate=61%
11-25 18:19:44.346 D/DnsCacheManager( 2707): ðŸ“Š Active entries: 100 (total cache: 201, showing top 100)
11-25 18:19:44.346 D/DnsCacheManager( 2707): ðŸ“Š Metrics updated: entries=201, activeEntries=100, hits=7524, misses=4678, hitRate=61%
11-25 18:19:44.838 D/DnsCacheManager(17392): ðŸ“Š Active entries: 100 (total cache: 260, showing top 100)
11-25 18:19:44.839 D/DnsCacheManager(17392): ðŸ“Š Metrics updated: entries=260, activeEntries=100, hits=7643, misses=4840, hitRate=61%
11-25 18:19:44.848 D/DnsCacheManager( 2707): ðŸ“Š Active entries: 100 (total cache: 201, showing top 100)
11-25 18:19:44.849 D/DnsCacheManager( 2707): ðŸ“Š Metrics updated: entries=201, activeEntries=100, hits=7524, misses=4678, hitRate=61%
11-25 18:19:45.342 D/DnsCacheManager(17392): ðŸ“Š Active entries: 100 (total cache: 260, showing top 100)
11-25 18:19:45.343 D/DnsCacheManager(17392): ðŸ“Š Metrics updated: entries=260, activeEntries=100, hits=7643, misses=4840, hitRate=61%
11-25 18:19:45.351 D/DnsCacheManager( 2707): ðŸ“Š Active entries: 100 (total cache: 201, showing top 100)
11-25 18:19:45.351 D/DnsCacheManager( 2707): ðŸ“Š Metrics updated: entries=201, activeEntries=100, hits=7524, misses=4678, hitRate=61%
11-25 18:19:45.845 D/DnsCacheManager(17392): ðŸ“Š Active entries: 100 (total cache: 260, showing top 100)
11-25 18:19:45.846 D/DnsCacheManager(17392): ðŸ“Š Metrics updated: entries=260, activeEntries=100, hits=7643, misses=4840, hitRate=61%
11-25 18:19:45.853 D/DnsCacheManager( 2707): ðŸ“Š Active entries: 100 (total cache: 201, showing top 100)
11-25 18:19:45.854 D/DnsCacheManager( 2707): ðŸ“Š Metrics updated: entries=201, activeEntries=100, hits=7524, misses=4678, hitRate=61%
11-25 18:19:46.132 D/XrayStatsManager( 2707): Throughput calculated: uplink=28,00B/s, downlink=0 B/s, timeDelta=2.013s
11-25 18:19:46.132 D/XrayStatsManager( 2707): Core stats updated - Uplink: 111,17KB, Downlink: 1,06MB, Uplink Throughput: 28,00B/s, Downlink Throughput: 0 B/s
11-25 18:19:46.348 D/DnsCacheManager(17392): ðŸ“Š Active entries: 100 (total cache: 260, showing top 100)
11-25 18:19:46.349 D/DnsCacheManager(17392): ðŸ“Š Metrics updated: entries=260, activeEntries=100, hits=7643, misses=4840, hitRate=61%
11-25 18:19:46.356 D/DnsCacheManager( 2707): ðŸ“Š Active entries: 100 (total cache: 201, showing top 100)
11-25 18:19:46.356 D/DnsCacheManager( 2707): ðŸ“Š Metrics updated: entries=201, activeEntries=100, hits=7524, misses=4678, hitRate=61%
11-25 18:19:46.850 D/DnsCacheManager(17392): ðŸ“Š Active entries: 100 (total cache: 260, showing top 100)
11-25 18:19:46.851 D/DnsCacheManager(17392): ðŸ“Š Metrics updated: entries=260, activeEntries=100, hits=7643, misses=4840, hitRate=61%
11-25 18:19:46.858 D/DnsCacheManager( 2707): ðŸ“Š Active entries: 100 (total cache: 201, showing top 100)
11-25 18:19:46.858 D/DnsCacheManager( 2707): ðŸ“Š Metrics updated: entries=201, activeEntries=100, hits=7524, misses=4678, hitRate=61%
11-25 18:19:46.858 D/DnsCacheManager( 2707): ðŸ“Š Metrics update #500: entries=201, hits=7524, misses=4678, hitRate=61%
11-25 18:19:47.353 D/DnsCacheManager(17392): ðŸ“Š Active entries: 100 (total cache: 260, showing top 100)
11-25 18:19:47.354 D/DnsCacheManager(17392): ðŸ“Š Metrics updated: entries=260, activeEntries=100, hits=7643, misses=4840, hitRate=61%
11-25 18:19:47.360 D/DnsCacheManager( 2707): ðŸ“Š Active entries: 100 (total cache: 201, showing top 100)
11-25 18:19:47.361 D/DnsCacheManager( 2707): ðŸ“Š Metrics updated: entries=201, activeEntries=100, hits=7524, misses=4678, hitRate=61%
11-25 18:19:47.857 D/DnsCacheManager(17392): ðŸ“Š Active entries: 100 (total cache: 260, showing top 100)
11-25 18:19:47.858 D/DnsCacheManager(17392): ðŸ“Š Metrics updated: entries=260, activeEntries=100, hits=7643, misses=4840, hitRate=61%
11-25 18:19:47.862 D/DnsCacheManager( 2707): ðŸ“Š Active entries: 100 (total cache: 201, showing top 100)
11-25 18:19:47.863 D/DnsCacheManager( 2707): ðŸ“Š Metrics updated: entries=201, activeEntries=100, hits=7524, misses=4678, hitRate=61%
11-25 18:19:48.150 D/XrayStatsManager( 2707): Throughput calculated: uplink=0 B/s, downlink=0 B/s, timeDelta=2.019s
11-25 18:19:48.151 D/XrayStatsManager( 2707): Core stats updated - Uplink: 111,17KB, Downlink: 1,06MB, Uplink Throughput: 0 B/s, Downlink Throughput: 0 B/s
11-25 18:19:48.360 D/DnsCacheManager(17392): ðŸ“Š Active entries: 100 (total cache: 260, showing top 100)
11-25 18:19:48.361 D/DnsCacheManager(17392): ðŸ“Š Metrics updated: entries=260, activeEntries=100, hits=7643, misses=4840, hitRate=61%
11-25 18:19:48.361 D/DnsCacheManager(17392): ðŸ“Š Metrics update #500: entries=260, hits=7643, misses=4840, hitRate=61%
11-25 18:19:48.364 D/DnsCacheManager( 2707): ðŸ“Š Active entries: 100 (total cache: 201, showing top 100)
11-25 18:19:48.365 D/DnsCacheManager( 2707): ðŸ“Š Metrics updated: entries=201, activeEntries=100, hits=7524, misses=4678, hitRate=61%
11-25 18:19:48.863 D/DnsCacheManager(17392): ðŸ“Š Active entries: 100 (total cache: 260, showing top 100)
11-25 18:19:48.864 D/DnsCacheManager(17392): ðŸ“Š Metrics updated: entries=260, activeEntries=100, hits=7643, misses=4840, hitRate=61%
11-25 18:19:48.867 D/DnsCacheManager( 2707): ðŸ“Š Active entries: 100 (total cache: 201, showing top 100)
11-25 18:19:48.867 D/DnsCacheManager( 2707): ðŸ“Š Metrics updated: entries=201, activeEntries=100, hits=7524, misses=4678, hitRate=61%
11-25 18:19:49.366 D/DnsCacheManager(17392): ðŸ“Š Active entries: 100 (total cache: 260, showing top 100)
11-25 18:19:49.366 D/DnsCacheManager(17392): ðŸ“Š Metrics updated: entries=260, activeEntries=100, hits=7643, misses=4840, hitRate=61%
11-25 18:19:49.369 D/DnsCacheManager( 2707): ðŸ“Š Active entries: 100 (total cache: 201, showing top 100)
11-25 18:19:49.370 D/DnsCacheManager( 2707): ðŸ“Š Metrics updated: entries=201, activeEntries=100, hits=7524, misses=4678, hitRate=61%
11-25 18:19:49.869 D/DnsCacheManager(17392): ðŸ“Š Active entries: 100 (total cache: 260, showing top 100)
11-25 18:19:49.870 D/DnsCacheManager(17392): ðŸ“Š Metrics updated: entries=260, activeEntries=100, hits=7643, misses=4840, hitRate=61%
11-25 18:19:49.872 D/DnsCacheManager( 2707): ðŸ“Š Active entries: 100 (total cache: 201, showing top 100)
11-25 18:19:49.872 D/DnsCacheManager( 2707): ðŸ“Š Metrics updated: entries=201, activeEntries=100, hits=7524, misses=4678, hitRate=61%
11-25 18:19:50.169 D/XrayStatsManager( 2707): Throughput calculated: uplink=13,00B/s, downlink=0 B/s, timeDelta=2.018s
11-25 18:19:50.169 D/XrayStatsManager( 2707): Core stats updated - Uplink: 111,20KB, Downlink: 1,06MB, Uplink Throughput: 13,00B/s, Downlink Throughput: 0 B/s
11-25 18:19:50.372 D/DnsCacheManager(17392): ðŸ“Š Active entries: 100 (total cache: 260, showing top 100)
11-25 18:19:50.373 D/DnsCacheManager(17392): ðŸ“Š Metrics updated: entries=260, activeEntries=100, hits=7643, misses=4840, hitRate=61%
11-25 18:19:50.375 D/DnsCacheManager( 2707): ðŸ“Š Active entries: 100 (total cache: 201, showing top 100)
11-25 18:19:50.375 D/DnsCacheManager( 2707): ðŸ“Š Metrics updated: entries=201, activeEntries=100, hits=7524, misses=4678, hitRate=61%
11-25 18:19:50.875 D/DnsCacheManager(17392): ðŸ“Š Active entries: 100 (total cache: 260, showing top 100)
11-25 18:19:50.876 D/DnsCacheManager(17392): ðŸ“Š Metrics updated: entries=260, activeEntries=100, hits=7643, misses=4840, hitRate=61%
11-25 18:19:50.877 D/DnsCacheManager( 2707): ðŸ“Š Active entries: 100 (total cache: 201, showing top 100)
11-25 18:19:50.878 D/DnsCacheManager( 2707): ðŸ“Š Metrics updated: entries=201, activeEntries=100, hits=7524, misses=4678, hitRate=61%
11-25 18:19:51.378 D/DnsCacheManager(17392): ðŸ“Š Active entries: 100 (total cache: 260, showing top 100)
11-25 18:19:51.379 D/DnsCacheManager(17392): ðŸ“Š Metrics updated: entries=260, activeEntries=100, hits=7643, misses=4840, hitRate=61%
11-25 18:19:51.379 D/DnsCacheManager( 2707): ðŸ“Š Active entries: 100 (total cache: 201, showing top 100)
11-25 18:19:51.380 D/DnsCacheManager( 2707): ðŸ“Š Metrics updated: entries=201, activeEntries=100, hits=7524, misses=4678, hitRate=61%
11-25 18:19:51.881 D/DnsCacheManager(17392): ðŸ“Š Active entries: 100 (total cache: 260, showing top 100)
11-25 18:19:51.882 D/DnsCacheManager( 2707): ðŸ“Š Active entries: 100 (total cache: 201, showing top 100)
11-25 18:19:51.882 D/DnsCacheManager(17392): ðŸ“Š Metrics updated: entries=260, activeEntries=100, hits=7643, misses=4840, hitRate=61%
11-25 18:19:51.882 D/DnsCacheManager( 2707): ðŸ“Š Metrics updated: entries=201, activeEntries=100, hits=7524, misses=4678, hitRate=61%
11-25 18:19:51.882 D/DnsCacheManager( 2707): ðŸ“Š Metrics update #510: entries=201, hits=7524, misses=4678, hitRate=61%
11-25 18:19:52.185 D/XrayStatsManager( 2707): Throughput calculated: uplink=0 B/s, downlink=0 B/s, timeDelta=2.017s
11-25 18:19:52.185 D/XrayStatsManager( 2707): Core stats updated - Uplink: 111,20KB, Downlink: 1,06MB, Uplink Throughput: 0 B/s, Downlink Throughput: 0 B/s
11-25 18:19:52.384 D/DnsCacheManager(17392): ðŸ“Š Active entries: 100 (total cache: 260, showing top 100)
11-25 18:19:52.384 D/DnsCacheManager( 2707): ðŸ“Š Active entries: 100 (total cache: 201, showing top 100)
11-25 18:19:52.384 D/DnsCacheManager( 2707): ðŸ“Š Metrics updated: entries=201, activeEntries=100, hits=7524, misses=4678, hitRate=61%
11-25 18:19:52.384 D/DnsCacheManager(17392): ðŸ“Š Metrics updated: entries=260, activeEntries=100, hits=7643, misses=4840, hitRate=61%
11-25 18:19:52.887 D/DnsCacheManager( 2707): ðŸ“Š Active entries: 100 (total cache: 201, showing top 100)
11-25 18:19:52.887 D/DnsCacheManager(17392): ðŸ“Š Active entries: 100 (total cache: 260, showing top 100)
11-25 18:19:52.887 D/DnsCacheManager( 2707): ðŸ“Š Metrics updated: entries=201, activeEntries=100, hits=7524, misses=4678, hitRate=61%
11-25 18:19:52.888 D/DnsCacheManager(17392): ðŸ“Š Metrics updated: entries=260, activeEntries=100, hits=7643, misses=4840, hitRate=61%
11-25 18:19:53.388 D/DnsCacheManager( 2707): ðŸ“Š Active entries: 100 (total cache: 201, showing top 100)
11-25 18:19:53.388 D/DnsCacheManager(17392): ðŸ“Š Active entries: 100 (total cache: 260, showing top 100)
11-25 18:19:53.389 D/DnsCacheManager( 2707): ðŸ“Š Metrics updated: entries=201, activeEntries=100, hits=7524, misses=4678, hitRate=61%
11-25 18:19:53.389 D/DnsCacheManager(17392): ðŸ“Š Metrics updated: entries=260, activeEntries=100, hits=7643, misses=4840, hitRate=61%
11-25 18:19:53.389 D/DnsCacheManager(17392): ðŸ“Š Metrics update #510: entries=260, hits=7643, misses=4840, hitRate=61%
11-25 18:19:53.890 D/DnsCacheManager( 2707): ðŸ“Š Active entries: 100 (total cache: 201, showing top 100)
11-25 18:19:53.891 D/DnsCacheManager( 2707): ðŸ“Š Metrics updated: entries=201, activeEntries=100, hits=7524, misses=4678, hitRate=61%
11-25 18:19:53.891 D/DnsCacheManager(17392): ðŸ“Š Active entries: 100 (total cache: 260, showing top 100)
11-25 18:19:53.892 D/DnsCacheManager(17392): ðŸ“Š Metrics updated: entries=260, activeEntries=100, hits=7643, misses=4840, hitRate=61%
11-25 18:19:54.201 D/XrayStatsManager( 2707): Throughput calculated: uplink=0 B/s, downlink=0 B/s, timeDelta=2.016s
11-25 18:19:54.201 D/XrayStatsManager( 2707): Core stats updated - Uplink: 111,20KB, Downlink: 1,06MB, Uplink Throughput: 0 B/s, Downlink Throughput: 0 B/s
11-25 18:19:54.392 D/DnsCacheManager( 2707): ðŸ“Š Active entries: 100 (total cache: 201, showing top 100)
11-25 18:19:54.392 D/DnsCacheManager( 2707): ðŸ“Š Metrics updated: entries=201, activeEntries=100, hits=7524, misses=4678, hitRate=61%
11-25 18:19:54.392 D/DnsCacheManager(17392): ðŸ“Š Active entries: 100 (total cache: 260, showing top 100)
11-25 18:19:54.392 D/DnsCacheManager(17392): ðŸ“Š Metrics updated: entries=260, activeEntries=100, hits=7643, misses=4840, hitRate=61%
11-25 18:19:54.894 D/DnsCacheManager( 2707): ðŸ“Š Active entries: 100 (total cache: 201, showing top 100)
11-25 18:19:54.895 D/DnsCacheManager( 2707): ðŸ“Š Metrics updated: entries=201, activeEntries=100, hits=7524, misses=4678, hitRate=61%
11-25 18:19:54.895 D/DnsCacheManager(17392): ðŸ“Š Active entries: 100 (total cache: 260, showing top 100)
11-25 18:19:54.896 D/DnsCacheManager(17392): ðŸ“Š Metrics updated: entries=260, activeEntries=100, hits=7643, misses=4840, hitRate=61%
11-25 18:19:54.915 D/PolicyMaker( 3443): uid =10568 pkg=com.hyperxray.an reason=VPN_APP
11-25 18:19:55.396 D/DnsCacheManager( 2707): ðŸ“Š Active entries: 100 (total cache: 201, showing top 100)
11-25 18:19:55.397 D/DnsCacheManager( 2707): ðŸ“Š Metrics updated: entries=201, activeEntries=100, hits=7524, misses=4678, hitRate=61%
11-25 18:19:55.397 D/DnsCacheManager(17392): ðŸ“Š Active entries: 100 (total cache: 260, showing top 100)
11-25 18:19:55.398 D/DnsCacheManager(17392): ðŸ“Š Metrics updated: entries=260, activeEntries=100, hits=7643, misses=4840, hitRate=61%
11-25 18:19:55.900 D/DnsCacheManager( 2707): ðŸ“Š Active entries: 100 (total cache: 201, showing top 100)
11-25 18:19:55.900 D/DnsCacheManager( 2707): ðŸ“Š Metrics updated: entries=201, activeEntries=100, hits=7524, misses=4678, hitRate=61%
11-25 18:19:55.900 D/DnsCacheManager(17392): ðŸ“Š Active entries: 100 (total cache: 260, showing top 100)
11-25 18:19:55.901 D/DnsCacheManager(17392): ðŸ“Š Metrics updated: entries=260, activeEntries=100, hits=7643, misses=4840, hitRate=61%
11-25 18:19:56.218 D/XrayStatsManager( 2707): Throughput calculated: uplink=0 B/s, downlink=0 B/s, timeDelta=2.017s
11-25 18:19:56.218 D/XrayStatsManager( 2707): Core stats updated - Uplink: 111,20KB, Downlink: 1,06MB, Uplink Throughput: 0 B/s, Downlink Throughput: 0 B/s
11-25 18:19:56.402 D/DnsCacheManager( 2707): ðŸ“Š Active entries: 100 (total cache: 201, showing top 100)
11-25 18:19:56.403 D/DnsCacheManager( 2707): ðŸ“Š Metrics updated: entries=201, activeEntries=100, hits=7524, misses=4678, hitRate=61%
11-25 18:19:56.403 D/DnsCacheManager(17392): ðŸ“Š Active entries: 100 (total cache: 260, showing top 100)
11-25 18:19:56.404 D/DnsCacheManager(17392): ðŸ“Š Metrics updated: entries=260, activeEntries=100, hits=7643, misses=4840, hitRate=61%
11-25 18:19:56.905 D/DnsCacheManager( 2707): ðŸ“Š Active entries: 100 (total cache: 201, showing top 100)
11-25 18:19:56.905 D/DnsCacheManager( 2707): ðŸ“Š Metrics updated: entries=201, activeEntries=100, hits=7524, misses=4678, hitRate=61%
11-25 18:19:56.905 D/DnsCacheManager( 2707): ðŸ“Š Metrics update #520: entries=201, hits=7524, misses=4678, hitRate=61%
11-25 18:19:56.906 D/DnsCacheManager(17392): ðŸ“Š Active entries: 100 (total cache: 260, showing top 100)
11-25 18:19:56.907 D/DnsCacheManager(17392): ðŸ“Š Metrics updated: entries=260, activeEntries=100, hits=7643, misses=4840, hitRate=61%
11-25 18:19:57.408 D/DnsCacheManager( 2707): ðŸ“Š Active entries: 100 (total cache: 201, showing top 100)
11-25 18:19:57.409 D/DnsCacheManager( 2707): ðŸ“Š Metrics updated: entries=201, activeEntries=100, hits=7524, misses=4678, hitRate=61%
11-25 18:19:57.410 D/DnsCacheManager(17392): ðŸ“Š Active entries: 100 (total cache: 260, showing top 100)
11-25 18:19:57.410 D/DnsCacheManager(17392): ðŸ“Š Metrics updated: entries=260, activeEntries=100, hits=7643, misses=4840, hitRate=61%
11-25 18:19:57.910 D/DnsCacheManager( 2707): ðŸ“Š Active entries: 100 (total cache: 201, showing top 100)
11-25 18:19:57.910 D/DnsCacheManager( 2707): ðŸ“Š Metrics updated: entries=201, activeEntries=100, hits=7524, misses=4678, hitRate=61%
11-25 18:19:57.911 D/DnsCacheManager(17392): ðŸ“Š Active entries: 100 (total cache: 260, showing top 100)
11-25 18:19:57.911 D/DnsCacheManager(17392): ðŸ“Š Metrics updated: entries=260, activeEntries=100, hits=7643, misses=4840, hitRate=61%
11-25 18:19:58.232 D/XrayStatsManager( 2707): Throughput calculated: uplink=0 B/s, downlink=0 B/s, timeDelta=2.014s
11-25 18:19:58.233 D/XrayStatsManager( 2707): Core stats updated - Uplink: 111,20KB, Downlink: 1,06MB, Uplink Throughput: 0 B/s, Downlink Throughput: 0 B/s
11-25 18:19:58.412 D/DnsCacheManager( 2707): ðŸ“Š Active entries: 100 (total cache: 201, showing top 100)
11-25 18:19:58.413 D/DnsCacheManager( 2707): ðŸ“Š Metrics updated: entries=201, activeEntries=100, hits=7524, misses=4678, hitRate=61%
11-25 18:19:58.413 D/DnsCacheManager(17392): ðŸ“Š Active entries: 100 (total cache: 260, showing top 100)
11-25 18:19:58.414 D/DnsCacheManager(17392): ðŸ“Š Metrics updated: entries=260, activeEntries=100, hits=7643, misses=4840, hitRate=61%
11-25 18:19:58.414 D/DnsCacheManager(17392): ðŸ“Š Metrics update #520: entries=260, hits=7643, misses=4840, hitRate=61%
11-25 18:19:58.915 D/DnsCacheManager( 2707): ðŸ“Š Active entries: 100 (total cache: 201, showing top 100)
11-25 18:19:58.916 D/DnsCacheManager( 2707): ðŸ“Š Metrics updated: entries=201, activeEntries=100, hits=7524, misses=4678, hitRate=61%
11-25 18:19:58.916 D/DnsCacheManager(17392): ðŸ“Š Active entries: 100 (total cache: 260, showing top 100)
11-25 18:19:58.917 D/DnsCacheManager(17392): ðŸ“Š Metrics updated: entries=260, activeEntries=100, hits=7643, misses=4840, hitRate=61%
11-25 18:19:59.417 D/DnsCacheManager( 2707): ðŸ“Š Active entries: 100 (total cache: 201, showing top 100)
11-25 18:19:59.418 D/DnsCacheManager( 2707): ðŸ“Š Metrics updated: entries=201, activeEntries=100, hits=7524, misses=4678, hitRate=61%
11-25 18:19:59.419 D/DnsCacheManager(17392): ðŸ“Š Active entries: 100 (total cache: 260, showing top 100)
11-25 18:19:59.419 D/DnsCacheManager(17392): ðŸ“Š Metrics updated: entries=260, activeEntries=100, hits=7643, misses=4840, hitRate=61%
11-25 18:19:59.920 D/DnsCacheManager( 2707): ðŸ“Š Active entries: 100 (total cache: 201, showing top 100)
11-25 18:19:59.920 D/DnsCacheManager( 2707): ðŸ“Š Metrics updated: entries=201, activeEntries=100, hits=7524, misses=4678, hitRate=61%
11-25 18:19:59.921 D/DnsCacheManager(17392): ðŸ“Š Active entries: 100 (total cache: 260, showing top 100)
11-25 18:19:59.922 D/DnsCacheManager(17392): ðŸ“Š Metrics updated: entries=260, activeEntries=100, hits=7643, misses=4840, hitRate=61%
11-25 18:20:00.250 D/XrayStatsManager( 2707): Throughput calculated: uplink=0 B/s, downlink=0 B/s, timeDelta=2.018s
11-25 18:20:00.251 D/XrayStatsManager( 2707): Core stats updated - Uplink: 111,20KB, Downlink: 1,06MB, Uplink Throughput: 0 B/s, Downlink Throughput: 0 B/s
11-25 18:20:00.422 D/DnsCacheManager( 2707): ðŸ“Š Active entries: 100 (total cache: 201, showing top 100)
11-25 18:20:00.423 D/DnsCacheManager( 2707): ðŸ“Š Metrics updated: entries=201, activeEntries=100, hits=7524, misses=4678, hitRate=61%
11-25 18:20:00.424 D/DnsCacheManager(17392): ðŸ“Š Active entries: 100 (total cache: 260, showing top 100)
11-25 18:20:00.424 D/DnsCacheManager(17392): ðŸ“Š Metrics updated: entries=260, activeEntries=100, hits=7643, misses=4840, hitRate=61%
11-25 18:20:00.925 D/DnsCacheManager( 2707): ðŸ“Š Active entries: 100 (total cache: 201, showing top 100)
11-25 18:20:00.926 D/DnsCacheManager( 2707): ðŸ“Š Metrics updated: entries=201, activeEntries=100, hits=7524, misses=4678, hitRate=61%
11-25 18:20:00.926 D/DnsCacheManager(17392): ðŸ“Š Active entries: 100 (total cache: 260, showing top 100)
11-25 18:20:00.927 D/DnsCacheManager(17392): ðŸ“Š Metrics updated: entries=260, activeEntries=100, hits=7643, misses=4840, hitRate=61%
11-25 18:20:01.428 D/DnsCacheManager( 2707): ðŸ“Š Active entries: 100 (total cache: 201, showing top 100)
11-25 18:20:01.428 D/DnsCacheManager( 2707): ðŸ“Š Metrics updated: entries=201, activeEntries=100, hits=7524, misses=4678, hitRate=61%
11-25 18:20:01.430 D/DnsCacheManager(17392): ðŸ“Š Active entries: 100 (total cache: 260, showing top 100)
11-25 18:20:01.430 D/DnsCacheManager(17392): ðŸ“Š Metrics updated: entries=260, activeEntries=100, hits=7643, misses=4840, hitRate=61%
11-25 18:20:01.930 D/DnsCacheManager( 2707): ðŸ“Š Active entries: 100 (total cache: 201, showing top 100)
11-25 18:20:01.931 D/DnsCacheManager( 2707): ðŸ“Š Metrics updated: entries=201, activeEntries=100, hits=7524, misses=4678, hitRate=61%
11-25 18:20:01.931 D/DnsCacheManager( 2707): ðŸ“Š Metrics update #530: entries=201, hits=7524, misses=4678, hitRate=61%
11-25 18:20:01.933 D/DnsCacheManager(17392): ðŸ“Š Active entries: 100 (total cache: 260, showing top 100)
11-25 18:20:01.933 D/DnsCacheManager(17392): ðŸ“Š Metrics updated: entries=260, activeEntries=100, hits=7643, misses=4840, hitRate=61%
11-25 18:20:02.266 D/XrayStatsManager( 2707): Throughput calculated: uplink=0 B/s, downlink=0 B/s, timeDelta=2.016s
11-25 18:20:02.266 D/XrayStatsManager( 2707): Core stats updated - Uplink: 111,20KB, Downlink: 1,06MB, Uplink Throughput: 0 B/s, Downlink Throughput: 0 B/s
11-25 18:20:02.433 D/DnsCacheManager( 2707): ðŸ“Š Active entries: 100 (total cache: 201, showing top 100)
11-25 18:20:02.434 D/DnsCacheManager( 2707): ðŸ“Š Metrics updated: entries=201, activeEntries=100, hits=7524, misses=4678, hitRate=61%
11-25 18:20:02.436 D/DnsCacheManager(17392): ðŸ“Š Active entries: 100 (total cache: 260, showing top 100)
11-25 18:20:02.436 D/DnsCacheManager(17392): ðŸ“Š Metrics updated: entries=260, activeEntries=100, hits=7643, misses=4840, hitRate=61%
11-25 18:20:02.502 D/FocusPlugin( 5813): plugin onNotificationPosted: 0|com.hyperxray.an|1|null|10568 com.hyperxray.an
11-25 18:20:02.502 D/FocusPlugin( 5813): 0|com.hyperxray.an|1|null|10568 is not focus notification, isMedia: false
11-25 18:20:02.503 D/AlarmScheduler-fold( 5813): addAlarm, key=0|com.hyperxray.an|1|null|10568, triggerTime=54806078
11-25 18:20:02.503 D/AlarmScheduler-TIMEOUT( 5813): addAlarm, key=0|com.hyperxray.an|1|null|10568, triggerTime=292406078
11-25 18:20:02.509 D/EmptyNotif( 5813): setContractedChild: 0|com.hyperxray.an|1|null|10568  null
11-25 18:20:02.524 D/AlertCoordinator( 5813): onViewBound, buzzBeep for 0|com.hyperxray.an|1|null|10568
11-25 18:20:02.936 D/DnsCacheManager( 2707): ðŸ“Š Active entries: 100 (total cache: 201, showing top 100)
11-25 18:20:02.936 D/DnsCacheManager( 2707): ðŸ“Š Metrics updated: entries=201, activeEntries=100, hits=7524, misses=4678, hitRate=61%
11-25 18:20:02.938 D/DnsCacheManager(17392): ðŸ“Š Active entries: 100 (total cache: 260, showing top 100)
11-25 18:20:02.939 D/DnsCacheManager(17392): ðŸ“Š Metrics updated: entries=260, activeEntries=100, hits=7643, misses=4840, hitRate=61%
11-25 18:20:03.438 D/DnsCacheManager( 2707): ðŸ“Š Active entries: 100 (total cache: 201, showing top 100)
11-25 18:20:03.439 D/DnsCacheManager( 2707): ðŸ“Š Metrics updated: entries=201, activeEntries=100, hits=7524, misses=4678, hitRate=61%
