11-25 18:18:51.969 D/SystemDnsCacheServer(17392): âœ… DNS RESOLVE: Upstream query completed (response size: 304 bytes, duration: 2377ms)
11-25 18:18:51.969 D/DnsPacketUtils(17392): ðŸ” [PARSER] Starting DNS response parse for cloudconsole-pa.googleapis.com (304 bytes)
11-25 18:18:51.969 D/DnsPacketUtils(17392): ðŸ“Š [PARSER] DNS header: TXID=0x9201, flags=0x8180, Q=1, A=16, NS=0, AR=0
11-25 18:18:51.969 D/DnsPacketUtils(17392): ðŸ” [PARSER] Starting DNS response parse for cloudconsole-pa.googleapis.com (304 bytes)
11-25 18:18:51.969 D/DnsPacketUtils(17392): ðŸ“Š [PARSER] DNS header: TXID=0x91f5, flags=0x8180, Q=1, A=16, NS=0, AR=0
11-25 18:18:51.969 D/SystemDnsCacheServer(17392): âœ… DNS RESOLVE: Upstream query completed (response size: 304 bytes, duration: 2354ms)
11-25 18:18:51.969 D/DnsPacketUtils(17392): ðŸ” [PARSER] Starting DNS response parse for cloudconsole-pa.googleapis.com (304 bytes)
11-25 18:18:51.969 D/DnsPacketUtils(17392): ðŸ“Š [PARSER] DNS header: TXID=0x91f5, flags=0x8180, Q=1, A=16, NS=0, AR=0
11-25 18:18:51.969 D/DnsPacketUtils(17392): ðŸ“Š [PARSER] DNS header: TXID=0x91f5, flags=0x8180, Q=1, A=16, NS=0, AR=0
11-25 18:18:51.974 I/DnsCacheManager(17392): ðŸ’¾ DNS cache SAVED: cloudconsole-pa.googleapis.com -> [142.251.38.234, 172.217.169.138, 172.217.169.202, 216.58.214.138, 142.250.184.138, 142.250.187.106, 142.250.187.138, 142.250.187.170, 172.217.17.106, 172.217.17.138, 172.217.20.74, 216.58.212.10, 216.58.212.42, 216.58.213.106, 142.251.140.10, 142.251.140.42] (TTL: 300s, total entries: 260)
11-25 18:18:51.975 I/SystemDnsCacheServer(17392): âœ… DNS RESOLVE SUCCESS: cloudconsole-pa.googleapis.com -> [142.251.38.234, 172.217.169.138, 172.217.169.202, 216.58.214.138, 142.250.184.138, 142.250.187.106, 142.250.187.138, 142.250.187.170, 172.217.17.106, 172.217.17.138, 172.217.20.74, 216.58.212.10, 216.58.212.42, 216.58.213.106, 142.251.140.10, 142.251.140.42] (TTL: 300s, parse: 5ms, cache save: 1ms, total: 2384ms)
11-25 18:18:51.975 D/TProxyUtils(17392): âœ… DNS resolved for cloudconsole-pa.googleapis.com in 2384ms -> [142.251.38.234, 172.217.169.138, 172.217.169.202, 216.58.214.138, 142.250.184.138, 142.250.187.106, 142.250.187.138, 142.250.187.170, 172.217.17.106, 172.217.17.138, 172.217.20.74, 216.58.212.10, 216.58.212.42, 216.58.213.106, 142.251.140.10, 142.251.140.42]
11-25 18:18:51.975 I/DnsCacheManager(17392): ðŸ’¾ DNS cache SAVED: cloudconsole-pa.googleapis.com -> [142.251.38.234, 172.217.169.138, 172.217.169.202, 216.58.214.138, 142.250.184.138, 142.250.187.106, 142.250.187.138, 142.250.187.170, 172.217.17.106, 172.217.17.138, 172.217.20.74, 216.58.212.10, 216.58.212.42, 216.58.213.106, 142.251.140.10, 142.251.140.42] (TTL: 300s, total entries: 260)
11-25 18:18:51.975 I/DnsCacheManager(17392): ðŸ’¾ DNS cache SAVED: cloudresourcemanager.googleapis.com -> [172.217.169.138, 172.217.169.202, 172.217.17.234, 142.250.184.138, 142.250.187.106, 142.250.187.138, 142.250.187.170, 172.217.17.106, 172.217.17.138, 172.217.20.74, 216.58.212.10, 216.58.212.42, 216.58.213.106, 142.251.140.10, 142.251.140.42, 142.251.140.74] (TTL: 300s, total entries: 260)
11-25 18:18:51.975 I/DnsCacheManager(17392): ðŸ’¾ DNS cache SAVED: cloudconsole-pa.googleapis.com -> [142.251.38.234, 172.217.169.138, 172.217.169.202, 216.58.214.138, 142.250.184.138, 142.250.187.106, 142.250.187.138, 142.250.187.170, 172.217.17.106, 172.217.17.138, 172.217.20.74, 216.58.212.10, 216.58.212.42, 216.58.213.106, 142.251.140.10, 142.251.140.42] (TTL: 300s, total entries: 260)
11-25 18:18:51.975 I/SystemDnsCacheServer(17392): âœ… DNS RESOLVE SUCCESS: cloudconsole-pa.googleapis.com -> [142.251.38.234, 172.217.169.138, 172.217.169.202, 216.58.214.138, 142.250.184.138, 142.250.187.106, 142.250.187.138, 142.250.187.170, 172.217.17.106, 172.217.17.138, 172.217.20.74, 216.58.212.10, 216.58.212.42, 216.58.213.106, 142.251.140.10, 142.251.140.42] (TTL: 300s, parse: 6ms, cache save: 0ms, total: 2386ms)
11-25 18:18:51.975 I/SystemDnsCacheServer(17392): âœ… DNS RESOLVE SUCCESS: cloudresourcemanager.googleapis.com -> [172.217.169.138, 172.217.169.202, 172.217.17.234, 142.250.184.138, 142.250.187.106, 142.250.187.138, 142.250.187.170, 172.217.17.106, 172.217.17.138, 172.217.20.74, 216.58.212.10, 216.58.212.42, 216.58.213.106, 142.251.140.10, 142.251.140.42, 142.251.140.74] (TTL: 300s, parse: 6ms, cache save: 0ms, total: 2374ms)
11-25 18:18:51.975 I/DnsCacheManager(17392): ðŸ’¾ DNS cache SAVED: cloudconsole-pa.googleapis.com -> [142.251.38.234, 172.217.169.138, 172.217.169.202, 216.58.214.138, 142.250.184.138, 142.250.187.106, 142.250.187.138, 142.250.187.170, 172.217.17.106, 172.217.17.138, 172.217.20.74, 216.58.212.10, 216.58.212.42, 216.58.213.106, 142.251.140.10, 142.251.140.42] (TTL: 172800s, total entries: 260)
11-25 18:18:51.975 I/SystemDnsCacheServer(17392): âœ… DNS RESOLVE SUCCESS: cloudconsole-pa.googleapis.com -> [142.251.38.234, 172.217.169.138, 172.217.169.202, 216.58.214.138, 142.250.184.138, 142.250.187.106, 142.250.187.138, 142.250.187.170, 172.217.17.106, 172.217.17.138, 172.217.20.74, 216.58.212.10, 216.58.212.42, 216.58.213.106, 142.251.140.10, 142.251.140.42] (TTL: 300s, parse: 6ms, cache save: 0ms, total: 2360ms)
11-25 18:18:51.975 D/TProxyUtils(17392): ðŸ’¾ DNS cached from Xray sniffing (via SystemDnsCacheServer): cloudconsole-pa.googleapis.com -> [142.251.38.234, 172.217.169.138, 172.217.169.202, 216.58.214.138, 142.250.184.138, 142.250.187.106, 142.250.187.138, 142.250.187.170, 172.217.17.106, 172.217.17.138, 172.217.20.74, 216.58.212.10, 216.58.212.42, 216.58.213.106, 142.251.140.10, 142.251.140.42]
11-25 18:18:51.975 D/TProxyUtils(17392): âœ… DNS resolved for cloudconsole-pa.googleapis.com in 2386ms -> [142.251.38.234, 172.217.169.138, 172.217.169.202, 216.58.214.138, 142.250.184.138, 142.250.187.106, 142.250.187.138, 142.250.187.170, 172.217.17.106, 172.217.17.138, 172.217.20.74, 216.58.212.10, 216.58.212.42, 216.58.213.106, 142.251.140.10, 142.251.140.42]
11-25 18:18:51.975 D/TProxyUtils(17392): âœ… DNS resolved for cloudresourcemanager.googleapis.com in 2374ms -> [172.217.169.138, 172.217.169.202, 172.217.17.234, 142.250.184.138, 142.250.187.106, 142.250.187.138, 142.250.187.170, 172.217.17.106, 172.217.17.138, 172.217.20.74, 216.58.212.10, 216.58.212.42, 216.58.213.106, 142.251.140.10, 142.251.140.42, 142.251.140.74]
11-25 18:18:51.975 D/TProxyUtils(17392): âœ… DNS resolved for cloudconsole-pa.googleapis.com in 2360ms -> [142.251.38.234, 172.217.169.138, 172.217.169.202, 216.58.214.138, 142.250.184.138, 142.250.187.106, 142.250.187.138, 142.250.187.170, 172.217.17.106, 172.217.17.138, 172.217.20.74, 216.58.212.10, 216.58.212.42, 216.58.213.106, 142.251.140.10, 142.251.140.42]
11-25 18:18:51.975 I/DnsCacheManager(17392): ðŸ’¾ DNS cache SAVED: cloudconsole-pa.googleapis.com -> [142.251.38.234, 172.217.169.138, 172.217.169.202, 216.58.214.138, 142.250.184.138, 142.250.187.106, 142.250.187.138, 142.250.187.170, 172.217.17.106, 172.217.17.138, 172.217.20.74, 216.58.212.10, 216.58.212.42, 216.58.213.106, 142.251.140.10, 142.251.140.42] (TTL: 172800s, total entries: 260)
11-25 18:18:51.975 I/DnsCacheManager(17392): ðŸ’¾ DNS cache SAVED: cloudresourcemanager.googleapis.com -> [172.217.169.138, 172.217.169.202, 172.217.17.234, 142.250.184.138, 142.250.187.106, 142.250.187.138, 142.250.187.170, 172.217.17.106, 172.217.17.138, 172.217.20.74, 216.58.212.10, 216.58.212.42, 216.58.213.106, 142.251.140.10, 142.251.140.42, 142.251.140.74] (TTL: 172800s, total entries: 260)
11-25 18:18:51.975 D/TProxyUtils(17392): ðŸ’¾ DNS cached from Xray sniffing (via SystemDnsCacheServer): cloudconsole-pa.googleapis.com -> [142.251.38.234, 172.217.169.138, 172.217.169.202, 216.58.214.138, 142.250.184.138, 142.250.187.106, 142.250.187.138, 142.250.187.170, 172.217.17.106, 172.217.17.138, 172.217.20.74, 216.58.212.10, 216.58.212.42, 216.58.213.106, 142.251.140.10, 142.251.140.42]
11-25 18:18:51.975 D/TProxyUtils(17392): ðŸ’¾ DNS cached from Xray sniffing (via SystemDnsCacheServer): cloudresourcemanager.googleapis.com -> [172.217.169.138, 172.217.169.202, 172.217.17.234, 142.250.184.138, 142.250.187.106, 142.250.187.138, 142.250.187.170, 172.217.17.106, 172.217.17.138, 172.217.20.74, 216.58.212.10, 216.58.212.42, 216.58.213.106, 142.251.140.10, 142.251.140.42, 142.251.140.74]
11-25 18:18:51.975 I/DnsCacheManager(17392): ðŸ’¾ DNS cache SAVED: cloudconsole-pa.googleapis.com -> [142.251.38.234, 172.217.169.138, 172.217.169.202, 216.58.214.138, 142.250.184.138, 142.250.187.106, 142.250.187.138, 142.250.187.170, 172.217.17.106, 172.217.17.138, 172.217.20.74, 216.58.212.10, 216.58.212.42, 216.58.213.106, 142.251.140.10, 142.251.140.42] (TTL: 172800s, total entries: 260)
11-25 18:18:51.975 D/TProxyUtils(17392): ðŸ’¾ DNS cached from Xray sniffing (via SystemDnsCacheServer): cloudconsole-pa.googleapis.com -> [142.251.38.234, 172.217.169.138, 172.217.169.202, 216.58.214.138, 142.250.184.138, 142.250.187.106, 142.250.187.138, 142.250.187.170, 172.217.17.106, 172.217.17.138, 172.217.20.74, 216.58.212.10, 216.58.212.42, 216.58.213.106, 142.251.140.10, 142.251.140.42]
11-25 18:18:52.031 D/DnsCacheManager(17392): ðŸ“Š Active entries: 100 (total cache: 260, showing top 100)
11-25 18:18:52.032 D/DnsCacheManager(17392): ðŸ“Š Metrics updated: entries=260, activeEntries=100, hits=7643, misses=4840, hitRate=61%
11-25 18:18:52.091 D/DnsCacheManager( 2707): ðŸ“Š Active entries: 100 (total cache: 201, showing top 100)
11-25 18:18:52.092 D/DnsCacheManager( 2707): ðŸ“Š Metrics updated: entries=201, activeEntries=100, hits=7524, misses=4678, hitRate=61%
11-25 18:18:52.189 D/DnsCacheManager(17392): ðŸ’¾ DNS cache saved to file (debounced): 260 entries
11-25 18:18:52.533 D/DnsCacheManager(17392): ðŸ“Š Active entries: 100 (total cache: 260, showing top 100)
11-25 18:18:52.533 D/DnsCacheManager(17392): ðŸ“Š Metrics updated: entries=260, activeEntries=100, hits=7643, misses=4840, hitRate=61%
11-25 18:18:52.593 D/DnsCacheManager( 2707): ðŸ“Š Active entries: 100 (total cache: 201, showing top 100)
11-25 18:18:52.594 D/DnsCacheManager( 2707): ðŸ“Š Metrics updated: entries=201, activeEntries=100, hits=7524, misses=4678, hitRate=61%
11-25 18:18:52.938 I/XrayRuntimeService(17392): Xray: 2025/11/25 15:18:52.933651 [Info] [1761253924] transport/internet/udp: failed to handle UDP input > io: read/write on closed pipe
11-25 18:18:53.034 D/DnsCacheManager(17392): ðŸ“Š Active entries: 100 (total cache: 260, showing top 100)
11-25 18:18:53.034 D/DnsCacheManager(17392): ðŸ“Š Metrics updated: entries=260, activeEntries=100, hits=7643, misses=4840, hitRate=61%
11-25 18:18:53.035 D/DnsCacheManager(17392): ðŸ“Š Metrics update #390: entries=260, hits=7643, misses=4840, hitRate=61%
11-25 18:18:53.094 D/DnsCacheManager( 2707): ðŸ“Š Active entries: 100 (total cache: 201, showing top 100)
11-25 18:18:53.095 D/DnsCacheManager( 2707): ðŸ“Š Metrics updated: entries=201, activeEntries=100, hits=7524, misses=4678, hitRate=61%
11-25 18:18:53.535 D/DnsCacheManager(17392): ðŸ“Š Active entries: 100 (total cache: 260, showing top 100)
11-25 18:18:53.535 D/DnsCacheManager(17392): ðŸ“Š Metrics updated: entries=260, activeEntries=100, hits=7643, misses=4840, hitRate=61%
11-25 18:18:53.596 D/DnsCacheManager( 2707): ðŸ“Š Active entries: 100 (total cache: 201, showing top 100)
11-25 18:18:53.596 D/DnsCacheManager( 2707): ðŸ“Š Metrics updated: entries=201, activeEntries=100, hits=7524, misses=4678, hitRate=61%
11-25 18:18:53.651 W/DnsUpstreamClient(17392): âŒ No DNS response from any upstream server for firebaseinstallations.googleapis.com (total: 4998ms)
11-25 18:18:53.651 E/DnsUpstreamClient(17392): âŒ DNS UPSTREAM QUERY ERROR: Exception for firebaseinstallations.googleapis.com (duration: 4998ms)
11-25 18:18:53.651 E/DnsUpstreamClient(17392): kotlinx.coroutines.TimeoutCancellationException: Timed out waiting for 5000 ms
11-25 18:18:53.651 E/DnsUpstreamClient(17392): 	at kotlinx.coroutines.TimeoutKt.TimeoutCancellationException(Timeout.kt:188)
11-25 18:18:53.651 E/DnsUpstreamClient(17392): 	at kotlinx.coroutines.TimeoutCoroutine.run(Timeout.kt:156)
11-25 18:18:53.651 E/DnsUpstreamClient(17392): 	at kotlinx.coroutines.EventLoopImplBase$DelayedRunnableTask.run(EventLoop.common.kt:505)
11-25 18:18:53.651 E/DnsUpstreamClient(17392): 	at kotlinx.coroutines.EventLoopImplBase.processNextEvent(EventLoop.common.kt:263)
11-25 18:18:53.651 E/DnsUpstreamClient(17392): 	at kotlinx.coroutines.DefaultExecutor.run(DefaultExecutor.kt:105)
11-25 18:18:53.651 E/DnsUpstreamClient(17392): 	at java.lang.Thread.run(Thread.java:1119)
11-25 18:18:53.652 E/SystemDnsCacheServer(17392): âŒ DNS RESOLVE ERROR: Error resolving domain: firebaseinstallations.googleapis.com (duration: 5000ms)
11-25 18:18:53.652 E/SystemDnsCacheServer(17392): kotlinx.coroutines.TimeoutCancellationException: Timed out waiting for 5000 ms
11-25 18:18:53.652 E/SystemDnsCacheServer(17392): 	at kotlinx.coroutines.TimeoutKt.TimeoutCancellationException(Timeout.kt:188)
11-25 18:18:53.652 E/SystemDnsCacheServer(17392): 	at kotlinx.coroutines.TimeoutCoroutine.run(Timeout.kt:156)
11-25 18:18:53.652 E/SystemDnsCacheServer(17392): 	at kotlinx.coroutines.EventLoopImplBase$DelayedRunnableTask.run(EventLoop.common.kt:505)
11-25 18:18:53.652 E/SystemDnsCacheServer(17392): 	at kotlinx.coroutines.EventLoopImplBase.processNextEvent(EventLoop.common.kt:263)
11-25 18:18:53.652 E/SystemDnsCacheServer(17392): 	at kotlinx.coroutines.DefaultExecutor.run(DefaultExecutor.kt:105)
11-25 18:18:53.652 E/SystemDnsCacheServer(17392): 	at java.lang.Thread.run(Thread.java:1119)
11-25 18:18:53.652 W/TProxyUtils(17392): âš ï¸ DNS resolution timeout for firebaseinstallations.googleapis.com after 5001ms (max: 5000ms)
11-25 18:18:53.652 W/TProxyUtils(17392): âš ï¸ DNS resolution failed for firebaseinstallations.googleapis.com (SystemDnsCacheServer with DoH fallback)
11-25 18:18:53.730 D/XrayStatsManager( 2707): Throughput calculated: uplink=0 B/s, downlink=0 B/s, timeDelta=2.016s
11-25 18:18:53.731 D/XrayStatsManager( 2707): Core stats updated - Uplink: 110,95KB, Downlink: 1,06MB, Uplink Throughput: 0 B/s, Downlink Throughput: 0 B/s
11-25 18:18:53.937 D/XrayLogHandler(17392): Broadcasted a batch of logs.
11-25 18:18:54.037 D/DnsCacheManager(17392): ðŸ“Š Active entries: 100 (total cache: 260, showing top 100)
11-25 18:18:54.037 D/DnsCacheManager(17392): ðŸ“Š Metrics updated: entries=260, activeEntries=100, hits=7643, misses=4840, hitRate=61%
11-25 18:18:54.043 D/PolicyMaker( 3443): uid =10568 pkg=com.hyperxray.an reason=VPN_APP
11-25 18:18:54.098 D/DnsCacheManager( 2707): ðŸ“Š Active entries: 100 (total cache: 201, showing top 100)
11-25 18:18:54.098 D/DnsCacheManager( 2707): ðŸ“Š Metrics updated: entries=201, activeEntries=100, hits=7524, misses=4678, hitRate=61%
11-25 18:18:54.539 D/DnsCacheManager(17392): ðŸ“Š Active entries: 100 (total cache: 260, showing top 100)
11-25 18:18:54.540 D/DnsCacheManager(17392): ðŸ“Š Metrics updated: entries=260, activeEntries=100, hits=7643, misses=4840, hitRate=61%
11-25 18:18:54.601 D/DnsCacheManager( 2707): ðŸ“Š Active entries: 100 (total cache: 201, showing top 100)
11-25 18:18:54.601 D/DnsCacheManager( 2707): ðŸ“Š Metrics updated: entries=201, activeEntries=100, hits=7524, misses=4678, hitRate=61%
11-25 18:18:55.042 D/DnsCacheManager(17392): ðŸ“Š Active entries: 100 (total cache: 260, showing top 100)
11-25 18:18:55.043 D/DnsCacheManager(17392): ðŸ“Š Metrics updated: entries=260, activeEntries=100, hits=7643, misses=4840, hitRate=61%
11-25 18:18:55.103 D/DnsCacheManager( 2707): ðŸ“Š Active entries: 100 (total cache: 201, showing top 100)
11-25 18:18:55.104 D/DnsCacheManager( 2707): ðŸ“Š Metrics updated: entries=201, activeEntries=100, hits=7524, misses=4678, hitRate=61%
11-25 18:18:55.544 D/DnsCacheManager(17392): ðŸ“Š Active entries: 100 (total cache: 260, showing top 100)
11-25 18:18:55.545 D/DnsCacheManager(17392): ðŸ“Š Metrics updated: entries=260, activeEntries=100, hits=7643, misses=4840, hitRate=61%
11-25 18:18:55.606 D/DnsCacheManager( 2707): ðŸ“Š Active entries: 100 (total cache: 201, showing top 100)
11-25 18:18:55.606 D/DnsCacheManager( 2707): ðŸ“Š Metrics updated: entries=201, activeEntries=100, hits=7524, misses=4678, hitRate=61%
11-25 18:18:55.744 D/XrayStatsManager( 2707): Throughput calculated: uplink=0 B/s, downlink=0 B/s, timeDelta=2.014s
11-25 18:18:55.745 D/XrayStatsManager( 2707): Core stats updated - Uplink: 110,95KB, Downlink: 1,06MB, Uplink Throughput: 0 B/s, Downlink Throughput: 0 B/s
11-25 18:18:56.047 D/DnsCacheManager(17392): ðŸ“Š Active entries: 100 (total cache: 260, showing top 100)
11-25 18:18:56.048 D/DnsCacheManager(17392): ðŸ“Š Metrics updated: entries=260, activeEntries=100, hits=7643, misses=4840, hitRate=61%
11-25 18:18:56.109 D/DnsCacheManager( 2707): ðŸ“Š Active entries: 100 (total cache: 201, showing top 100)
11-25 18:18:56.109 D/DnsCacheManager( 2707): ðŸ“Š Metrics updated: entries=201, activeEntries=100, hits=7524, misses=4678, hitRate=61%
11-25 18:18:56.550 D/DnsCacheManager(17392): ðŸ“Š Active entries: 100 (total cache: 260, showing top 100)
11-25 18:18:56.551 D/DnsCacheManager(17392): ðŸ“Š Metrics updated: entries=260, activeEntries=100, hits=7643, misses=4840, hitRate=61%
11-25 18:18:56.612 D/DnsCacheManager( 2707): ðŸ“Š Active entries: 100 (total cache: 201, showing top 100)
11-25 18:18:56.612 D/DnsCacheManager( 2707): ðŸ“Š Metrics updated: entries=201, activeEntries=100, hits=7524, misses=4678, hitRate=61%
11-25 18:18:56.612 D/DnsCacheManager( 2707): ðŸ“Š Metrics update #400: entries=201, hits=7524, misses=4678, hitRate=61%
11-25 18:18:57.056 D/DnsCacheManager(17392): ðŸ“Š Active entries: 100 (total cache: 260, showing top 100)
11-25 18:18:57.057 D/DnsCacheManager(17392): ðŸ“Š Metrics updated: entries=260, activeEntries=100, hits=7643, misses=4840, hitRate=61%
11-25 18:18:57.114 D/DnsCacheManager( 2707): ðŸ“Š Active entries: 100 (total cache: 201, showing top 100)
11-25 18:18:57.115 D/DnsCacheManager( 2707): ðŸ“Š Metrics updated: entries=201, activeEntries=100, hits=7524, misses=4678, hitRate=61%
11-25 18:18:57.559 D/DnsCacheManager(17392): ðŸ“Š Active entries: 100 (total cache: 260, showing top 100)
11-25 18:18:57.560 D/DnsCacheManager(17392): ðŸ“Š Metrics updated: entries=260, activeEntries=100, hits=7643, misses=4840, hitRate=61%
11-25 18:18:57.616 D/DnsCacheManager( 2707): ðŸ“Š Active entries: 100 (total cache: 201, showing top 100)
11-25 18:18:57.617 D/DnsCacheManager( 2707): ðŸ“Š Metrics updated: entries=201, activeEntries=100, hits=7524, misses=4678, hitRate=61%
11-25 18:18:57.757 D/XrayStatsManager( 2707): Throughput calculated: uplink=0 B/s, downlink=0 B/s, timeDelta=2.013s
11-25 18:18:57.758 D/XrayStatsManager( 2707): Core stats updated - Uplink: 110,95KB, Downlink: 1,06MB, Uplink Throughput: 0 B/s, Downlink Throughput: 0 B/s
11-25 18:18:58.062 D/DnsCacheManager(17392): ðŸ“Š Active entries: 100 (total cache: 260, showing top 100)
11-25 18:18:58.063 D/DnsCacheManager(17392): ðŸ“Š Metrics updated: entries=260, activeEntries=100, hits=7643, misses=4840, hitRate=61%
11-25 18:18:58.063 D/DnsCacheManager(17392): ðŸ“Š Metrics update #400: entries=260, hits=7643, misses=4840, hitRate=61%
11-25 18:18:58.120 D/DnsCacheManager( 2707): ðŸ“Š Active entries: 100 (total cache: 201, showing top 100)
11-25 18:18:58.120 D/DnsCacheManager( 2707): ðŸ“Š Metrics updated: entries=201, activeEntries=100, hits=7524, misses=4678, hitRate=61%
11-25 18:18:58.565 D/DnsCacheManager(17392): ðŸ“Š Active entries: 100 (total cache: 260, showing top 100)
11-25 18:18:58.566 D/DnsCacheManager(17392): ðŸ“Š Metrics updated: entries=260, activeEntries=100, hits=7643, misses=4840, hitRate=61%
11-25 18:18:58.622 D/DnsCacheManager( 2707): ðŸ“Š Active entries: 100 (total cache: 201, showing top 100)
11-25 18:18:58.622 D/DnsCacheManager( 2707): ðŸ“Š Metrics updated: entries=201, activeEntries=100, hits=7524, misses=4678, hitRate=61%
11-25 18:18:59.068 D/DnsCacheManager(17392): ðŸ“Š Active entries: 100 (total cache: 260, showing top 100)
11-25 18:18:59.069 D/DnsCacheManager(17392): ðŸ“Š Metrics updated: entries=260, activeEntries=100, hits=7643, misses=4840, hitRate=61%
11-25 18:18:59.124 D/DnsCacheManager( 2707): ðŸ“Š Active entries: 100 (total cache: 201, showing top 100)
11-25 18:18:59.125 D/DnsCacheManager( 2707): ðŸ“Š Metrics updated: entries=201, activeEntries=100, hits=7524, misses=4678, hitRate=61%
11-25 18:18:59.571 D/DnsCacheManager(17392): ðŸ“Š Active entries: 100 (total cache: 260, showing top 100)
11-25 18:18:59.571 D/DnsCacheManager(17392): ðŸ“Š Metrics updated: entries=260, activeEntries=100, hits=7643, misses=4840, hitRate=61%
11-25 18:18:59.626 D/DnsCacheManager( 2707): ðŸ“Š Active entries: 100 (total cache: 201, showing top 100)
11-25 18:18:59.627 D/DnsCacheManager( 2707): ðŸ“Š Metrics updated: entries=201, activeEntries=100, hits=7524, misses=4678, hitRate=61%
11-25 18:18:59.772 D/XrayStatsManager( 2707): Throughput calculated: uplink=0 B/s, downlink=0 B/s, timeDelta=2.015s
11-25 18:18:59.772 D/XrayStatsManager( 2707): Core stats updated - Uplink: 110,95KB, Downlink: 1,06MB, Uplink Throughput: 0 B/s, Downlink Throughput: 0 B/s
11-25 18:19:00.073 D/DnsCacheManager(17392): ðŸ“Š Active entries: 100 (total cache: 260, showing top 100)
11-25 18:19:00.076 D/DnsCacheManager(17392): ðŸ“Š Metrics updated: entries=260, activeEntries=100, hits=7643, misses=4840, hitRate=61%
11-25 18:19:00.129 D/DnsCacheManager( 2707): ðŸ“Š Active entries: 100 (total cache: 201, showing top 100)
11-25 18:19:00.129 D/DnsCacheManager( 2707): ðŸ“Š Metrics updated: entries=201, activeEntries=100, hits=7524, misses=4678, hitRate=61%
11-25 18:19:00.577 D/DnsCacheManager(17392): ðŸ“Š Active entries: 100 (total cache: 260, showing top 100)
11-25 18:19:00.578 D/DnsCacheManager(17392): ðŸ“Š Metrics updated: entries=260, activeEntries=100, hits=7643, misses=4840, hitRate=61%
11-25 18:19:00.631 D/DnsCacheManager( 2707): ðŸ“Š Active entries: 100 (total cache: 201, showing top 100)
11-25 18:19:00.632 D/DnsCacheManager( 2707): ðŸ“Š Metrics updated: entries=201, activeEntries=100, hits=7524, misses=4678, hitRate=61%
11-25 18:19:01.080 D/DnsCacheManager(17392): ðŸ“Š Active entries: 100 (total cache: 260, showing top 100)
11-25 18:19:01.081 D/DnsCacheManager(17392): ðŸ“Š Metrics updated: entries=260, activeEntries=100, hits=7643, misses=4840, hitRate=61%
11-25 18:19:01.133 D/DnsCacheManager( 2707): ðŸ“Š Active entries: 100 (total cache: 201, showing top 100)
11-25 18:19:01.134 D/DnsCacheManager( 2707): ðŸ“Š Metrics updated: entries=201, activeEntries=100, hits=7524, misses=4678, hitRate=61%
11-25 18:19:01.582 D/DnsCacheManager(17392): ðŸ“Š Active entries: 100 (total cache: 260, showing top 100)
11-25 18:19:01.583 D/DnsCacheManager(17392): ðŸ“Š Metrics updated: entries=260, activeEntries=100, hits=7643, misses=4840, hitRate=61%
11-25 18:19:01.636 D/DnsCacheManager( 2707): ðŸ“Š Active entries: 100 (total cache: 201, showing top 100)
11-25 18:19:01.637 D/DnsCacheManager( 2707): ðŸ“Š Metrics updated: entries=201, activeEntries=100, hits=7524, misses=4678, hitRate=61%
11-25 18:19:01.637 D/DnsCacheManager( 2707): ðŸ“Š Metrics update #410: entries=201, hits=7524, misses=4678, hitRate=61%
11-25 18:19:01.786 D/XrayStatsManager( 2707): Throughput calculated: uplink=0 B/s, downlink=0 B/s, timeDelta=2.014s
11-25 18:19:01.787 D/XrayStatsManager( 2707): Core stats updated - Uplink: 110,95KB, Downlink: 1,06MB, Uplink Throughput: 0 B/s, Downlink Throughput: 0 B/s
11-25 18:19:02.085 D/DnsCacheManager(17392): ðŸ“Š Active entries: 100 (total cache: 260, showing top 100)
11-25 18:19:02.086 D/DnsCacheManager(17392): ðŸ“Š Metrics updated: entries=260, activeEntries=100, hits=7643, misses=4840, hitRate=61%
11-25 18:19:02.139 D/DnsCacheManager( 2707): ðŸ“Š Active entries: 100 (total cache: 201, showing top 100)
11-25 18:19:02.140 D/DnsCacheManager( 2707): ðŸ“Š Metrics updated: entries=201, activeEntries=100, hits=7524, misses=4678, hitRate=61%
11-25 18:19:02.491 D/FocusPlugin( 5813): plugin onNotificationPosted: 0|com.hyperxray.an|1|null|10568 com.hyperxray.an
11-25 18:19:02.491 D/FocusPlugin( 5813): 0|com.hyperxray.an|1|null|10568 is not focus notification, isMedia: false
11-25 18:19:02.492 D/AlarmScheduler-fold( 5813): addAlarm, key=0|com.hyperxray.an|1|null|10568, triggerTime=54746067
11-25 18:19:02.493 D/AlarmScheduler-TIMEOUT( 5813): addAlarm, key=0|com.hyperxray.an|1|null|10568, triggerTime=292346068
11-25 18:19:02.502 D/EmptyNotif( 5813): setContractedChild: 0|com.hyperxray.an|1|null|10568  null
11-25 18:19:02.516 D/AlertCoordinator( 5813): onViewBound, buzzBeep for 0|com.hyperxray.an|1|null|10568
11-25 18:19:02.588 D/DnsCacheManager(17392): ðŸ“Š Active entries: 100 (total cache: 260, showing top 100)
11-25 18:19:02.589 D/DnsCacheManager(17392): ðŸ“Š Metrics updated: entries=260, activeEntries=100, hits=7643, misses=4840, hitRate=61%
11-25 18:19:02.642 D/DnsCacheManager( 2707): ðŸ“Š Active entries: 100 (total cache: 201, showing top 100)
11-25 18:19:02.642 D/DnsCacheManager( 2707): ðŸ“Š Metrics updated: entries=201, activeEntries=100, hits=7524, misses=4678, hitRate=61%
11-25 18:19:03.091 D/DnsCacheManager(17392): ðŸ“Š Active entries: 100 (total cache: 260, showing top 100)
11-25 18:19:03.092 D/DnsCacheManager(17392): ðŸ“Š Metrics updated: entries=260, activeEntries=100, hits=7643, misses=4840, hitRate=61%
11-25 18:19:03.092 D/DnsCacheManager(17392): ðŸ“Š Metrics update #410: entries=260, hits=7643, misses=4840, hitRate=61%
11-25 18:19:03.144 D/DnsCacheManager( 2707): ðŸ“Š Active entries: 100 (total cache: 201, showing top 100)
11-25 18:19:03.145 D/DnsCacheManager( 2707): ðŸ“Š Metrics updated: entries=201, activeEntries=100, hits=7524, misses=4678, hitRate=61%
11-25 18:19:03.595 D/DnsCacheManager(17392): ðŸ“Š Active entries: 100 (total cache: 260, showing top 100)
11-25 18:19:03.596 D/DnsCacheManager(17392): ðŸ“Š Metrics updated: entries=260, activeEntries=100, hits=7643, misses=4840, hitRate=61%
11-25 18:19:03.646 D/DnsCacheManager( 2707): ðŸ“Š Active entries: 100 (total cache: 201, showing top 100)
11-25 18:19:03.647 D/DnsCacheManager( 2707): ðŸ“Š Metrics updated: entries=201, activeEntries=100, hits=7524, misses=4678, hitRate=61%
11-25 18:19:03.801 D/XrayStatsManager( 2707): Throughput calculated: uplink=0 B/s, downlink=0 B/s, timeDelta=2.015s
11-25 18:19:03.801 D/XrayStatsManager( 2707): Core stats updated - Uplink: 110,95KB, Downlink: 1,06MB, Uplink Throughput: 0 B/s, Downlink Throughput: 0 B/s
11-25 18:19:04.098 D/DnsCacheManager(17392): ðŸ“Š Active entries: 100 (total cache: 260, showing top 100)
11-25 18:19:04.099 D/DnsCacheManager(17392): ðŸ“Š Metrics updated: entries=260, activeEntries=100, hits=7643, misses=4840, hitRate=61%
11-25 18:19:04.149 D/DnsCacheManager( 2707): ðŸ“Š Active entries: 100 (total cache: 201, showing top 100)
11-25 18:19:04.149 D/DnsCacheManager( 2707): ðŸ“Š Metrics updated: entries=201, activeEntries=100, hits=7524, misses=4678, hitRate=61%
11-25 18:19:04.275 D/PolicyMaker( 3443): uid =10568 pkg=com.hyperxray.an reason=VPN_APP
11-25 18:19:04.600 D/DnsCacheManager(17392): ðŸ“Š Active entries: 100 (total cache: 260, showing top 100)
11-25 18:19:04.601 D/DnsCacheManager(17392): ðŸ“Š Metrics updated: entries=260, activeEntries=100, hits=7643, misses=4840, hitRate=61%
11-25 18:19:04.651 D/DnsCacheManager( 2707): ðŸ“Š Active entries: 100 (total cache: 201, showing top 100)
11-25 18:19:04.652 D/DnsCacheManager( 2707): ðŸ“Š Metrics updated: entries=201, activeEntries=100, hits=7524, misses=4678, hitRate=61%
11-25 18:19:05.103 D/DnsCacheManager(17392): ðŸ“Š Active entries: 100 (total cache: 260, showing top 100)
11-25 18:19:05.104 D/DnsCacheManager(17392): ðŸ“Š Metrics updated: entries=260, activeEntries=100, hits=7643, misses=4840, hitRate=61%
11-25 18:19:05.154 D/DnsCacheManager( 2707): ðŸ“Š Active entries: 100 (total cache: 201, showing top 100)
11-25 18:19:05.154 D/DnsCacheManager( 2707): ðŸ“Š Metrics updated: entries=201, activeEntries=100, hits=7524, misses=4678, hitRate=61%
11-25 18:19:05.277 I/XrayRuntimeService(17392): Xray: 2025/11/25 15:19:05.272075 [Info] [3035383160] app/proxyman/inbound: connection ends > EOF
11-25 18:19:05.277 I/XrayRuntimeService(17392): Xray: 2025/11/25 15:19:05.271010 [Info] [541476245] app/proxyman/inbound: connection ends > EOF
11-25 18:19:05.313 I/XrayRuntimeService(17392): Xray: 2025/11/25 15:19:05.309469 [Info] [3657749733] proxy/socks: Connection closed immediately, likely health check connection
11-25 18:19:05.605 D/DnsCacheManager(17392): ðŸ“Š Active entries: 100 (total cache: 260, showing top 100)
11-25 18:19:05.605 D/DnsCacheManager(17392): ðŸ“Š Metrics updated: entries=260, activeEntries=100, hits=7643, misses=4840, hitRate=61%
11-25 18:19:05.656 D/DnsCacheManager( 2707): ðŸ“Š Active entries: 100 (total cache: 201, showing top 100)
11-25 18:19:05.657 D/DnsCacheManager( 2707): ðŸ“Š Metrics updated: entries=201, activeEntries=100, hits=7524, misses=4678, hitRate=61%
11-25 18:19:05.813 D/XrayStatsManager( 2707): Throughput calculated: uplink=56,00B/s, downlink=0 B/s, timeDelta=2.012s
11-25 18:19:05.813 D/XrayStatsManager( 2707): Core stats updated - Uplink: 111,06KB, Downlink: 1,06MB, Uplink Throughput: 56,00B/s, Downlink Throughput: 0 B/s
11-25 18:19:06.107 D/DnsCacheManager(17392): ðŸ“Š Active entries: 100 (total cache: 260, showing top 100)
11-25 18:19:06.108 D/DnsCacheManager(17392): ðŸ“Š Metrics updated: entries=260, activeEntries=100, hits=7643, misses=4840, hitRate=61%
11-25 18:19:06.159 D/DnsCacheManager( 2707): ðŸ“Š Active entries: 100 (total cache: 201, showing top 100)
11-25 18:19:06.160 D/DnsCacheManager( 2707): ðŸ“Š Metrics updated: entries=201, activeEntries=100, hits=7524, misses=4678, hitRate=61%
11-25 18:19:06.205 I/XrayRuntimeService(17392): Xray: 2025/11/25 15:19:06.198281 [Info] [1761253924] app/proxyman/inbound: connection ends > EOF
11-25 18:19:06.209 I/XrayRuntimeService(17392): Xray: 2025/11/25 15:19:06.200260 [Info] [479816707] app/proxyman/inbound: connection ends > EOF
11-25 18:19:06.610 D/DnsCacheManager(17392): ðŸ“Š Active entries: 100 (total cache: 260, showing top 100)
11-25 18:19:06.611 D/DnsCacheManager(17392): ðŸ“Š Metrics updated: entries=260, activeEntries=100, hits=7643, misses=4840, hitRate=61%
11-25 18:19:06.662 D/DnsCacheManager( 2707): ðŸ“Š Active entries: 100 (total cache: 201, showing top 100)
11-25 18:19:06.662 D/DnsCacheManager( 2707): ðŸ“Š Metrics updated: entries=201, activeEntries=100, hits=7524, misses=4678, hitRate=61%
11-25 18:19:06.662 D/DnsCacheManager( 2707): ðŸ“Š Metrics update #420: entries=201, hits=7524, misses=4678, hitRate=61%
11-25 18:19:07.113 D/DnsCacheManager(17392): ðŸ“Š Active entries: 100 (total cache: 260, showing top 100)
11-25 18:19:07.114 D/DnsCacheManager(17392): ðŸ“Š Metrics updated: entries=260, activeEntries=100, hits=7643, misses=4840, hitRate=61%
11-25 18:19:07.164 D/DnsCacheManager( 2707): ðŸ“Š Active entries: 100 (total cache: 201, showing top 100)
11-25 18:19:07.165 D/DnsCacheManager( 2707): ðŸ“Š Metrics updated: entries=201, activeEntries=100, hits=7524, misses=4678, hitRate=61%
11-25 18:19:07.210 D/XrayLogHandler(17392): Broadcasted a batch of logs.
11-25 18:19:07.617 D/DnsCacheManager(17392): ðŸ“Š Active entries: 100 (total cache: 260, showing top 100)
11-25 18:19:07.618 D/DnsCacheManager(17392): ðŸ“Š Metrics updated: entries=260, activeEntries=100, hits=7643, misses=4840, hitRate=61%
11-25 18:19:07.666 D/DnsCacheManager( 2707): ðŸ“Š Active entries: 100 (total cache: 201, showing top 100)
11-25 18:19:07.666 D/DnsCacheManager( 2707): ðŸ“Š Metrics updated: entries=201, activeEntries=100, hits=7524, misses=4678, hitRate=61%
11-25 18:19:07.829 D/XrayStatsManager( 2707): Throughput calculated: uplink=0 B/s, downlink=0 B/s, timeDelta=2.016s
11-25 18:19:07.830 D/XrayStatsManager( 2707): Core stats updated - Uplink: 111,06KB, Downlink: 1,06MB, Uplink Throughput: 0 B/s, Downlink Throughput: 0 B/s
11-25 18:19:08.120 D/DnsCacheManager(17392): ðŸ“Š Active entries: 100 (total cache: 260, showing top 100)
11-25 18:19:08.121 D/DnsCacheManager(17392): ðŸ“Š Metrics updated: entries=260, activeEntries=100, hits=7643, misses=4840, hitRate=61%
11-25 18:19:08.121 D/DnsCacheManager(17392): ðŸ“Š Metrics update #420: entries=260, hits=7643, misses=4840, hitRate=61%
11-25 18:19:08.168 D/DnsCacheManager( 2707): ðŸ“Š Active entries: 100 (total cache: 201, showing top 100)
11-25 18:19:08.169 D/DnsCacheManager( 2707): ðŸ“Š Metrics updated: entries=201, activeEntries=100, hits=7524, misses=4678, hitRate=61%
11-25 18:19:08.624 D/DnsCacheManager(17392): ðŸ“Š Active entries: 100 (total cache: 260, showing top 100)
11-25 18:19:08.624 D/DnsCacheManager(17392): ðŸ“Š Metrics updated: entries=260, activeEntries=100, hits=7643, misses=4840, hitRate=61%
11-25 18:19:08.671 D/DnsCacheManager( 2707): ðŸ“Š Active entries: 100 (total cache: 201, showing top 100)
11-25 18:19:08.671 D/DnsCacheManager( 2707): ðŸ“Š Metrics updated: entries=201, activeEntries=100, hits=7524, misses=4678, hitRate=61%
11-25 18:19:09.126 D/DnsCacheManager(17392): ðŸ“Š Active entries: 100 (total cache: 260, showing top 100)
11-25 18:19:09.127 D/DnsCacheManager(17392): ðŸ“Š Metrics updated: entries=260, activeEntries=100, hits=7643, misses=4840, hitRate=61%
11-25 18:19:09.173 D/DnsCacheManager( 2707): ðŸ“Š Active entries: 100 (total cache: 201, showing top 100)
11-25 18:19:09.173 D/DnsCacheManager( 2707): ðŸ“Š Metrics updated: entries=201, activeEntries=100, hits=7524, misses=4678, hitRate=61%
11-25 18:19:09.631 D/DnsCacheManager(17392): ðŸ“Š Active entries: 100 (total cache: 260, showing top 100)
11-25 18:19:09.632 D/DnsCacheManager(17392): ðŸ“Š Metrics updated: entries=260, activeEntries=100, hits=7643, misses=4840, hitRate=61%
11-25 18:19:09.675 D/DnsCacheManager( 2707): ðŸ“Š Active entries: 100 (total cache: 201, showing top 100)
11-25 18:19:09.676 D/DnsCacheManager( 2707): ðŸ“Š Metrics updated: entries=201, activeEntries=100, hits=7524, misses=4678, hitRate=61%
11-25 18:19:09.849 D/XrayStatsManager( 2707): Throughput calculated: uplink=0 B/s, downlink=0 B/s, timeDelta=2.02s
11-25 18:19:09.849 D/XrayStatsManager( 2707): Core stats updated - Uplink: 111,06KB, Downlink: 1,06MB, Uplink Throughput: 0 B/s, Downlink Throughput: 0 B/s
11-25 18:19:10.134 D/DnsCacheManager(17392): ðŸ“Š Active entries: 100 (total cache: 260, showing top 100)
11-25 18:19:10.135 D/DnsCacheManager(17392): ðŸ“Š Metrics updated: entries=260, activeEntries=100, hits=7643, misses=4840, hitRate=61%
11-25 18:19:10.178 D/DnsCacheManager( 2707): ðŸ“Š Active entries: 100 (total cache: 201, showing top 100)
11-25 18:19:10.178 D/DnsCacheManager( 2707): ðŸ“Š Metrics updated: entries=201, activeEntries=100, hits=7524, misses=4678, hitRate=61%
11-25 18:19:10.482 D/TProxyMetricsCollector(17392): Native stats raw: txPackets=314, txBytes=93188, rxPackets=226, rxBytes=49209
11-25 18:19:10.492 D/TProxyMetricsCollector(17392): Packet loss calculation: nativeStats(txPackets=314, rxPackets=226, txBytes=93188, rxBytes=49209), lastNativeStats(txPackets=312, rxPackets=222, txBytes=93108, rxBytes=49049)
11-25 18:19:10.493 D/TProxyMetricsCollector(17392): Packet loss deltas: txPacketDelta=2, rxPacketDelta=4, txByteDelta=80, rxByteDelta=160, totalPackets=6, timeDelta=30038ms
11-25 18:19:10.493 D/TProxyMetricsCollector(17392): No packet loss detected, returning default: 0.001 (0.1%)
11-25 18:19:10.493 D/TProxyMetricsCollector(17392): Native delta: txBytes=93188 (delta=80), rxBytes=49209 (delta=160), total=240, timeDelta=30038ms
11-25 18:19:10.493 D/TProxyMetricsCollector(17392): Native throughput: 7.619742856964512E-6MB/s, nativeStats=true
11-25 18:19:10.493 D/TProxyMetricsCollector(17392): Collected metrics: throughput=7.619742856964512E-6MB/s, rtt=29.799999999999997ms, loss=0.1%, handshake=150.0ms, nativeStats=true
11-25 18:19:10.493 D/TProxyAiOptimizer(17392): Optimizing TProxy configuration based on metrics: throughput=7.98987948598442, rtt=29.799999999999997, loss=0.001, handshake=150.0
11-25 18:19:10.505 D/TProxyAiOptimizer(17392): AI recommendations: MTU=-1, Buffer=-1, Timeout=0, Pipeline=0, MultiQueue=0
11-25 18:19:10.517 D/TProxyAiOptimizer(17392): Expected improvement (0.0%) is too small, keeping current config
11-25 18:19:10.517 D/TProxyAiOptimizer(17392): Optimization skipped: Improvement too small
11-25 18:19:10.636 D/DnsCacheManager(17392): ðŸ“Š Active entries: 100 (total cache: 260, showing top 100)
11-25 18:19:10.637 D/DnsCacheManager(17392): ðŸ“Š Metrics updated: entries=260, activeEntries=100, hits=7643, misses=4840, hitRate=61%
11-25 18:19:10.680 D/DnsCacheManager( 2707): ðŸ“Š Active entries: 100 (total cache: 201, showing top 100)
11-25 18:19:10.681 D/DnsCacheManager( 2707): ðŸ“Š Metrics updated: entries=201, activeEntries=100, hits=7524, misses=4678, hitRate=61%
11-25 18:19:11.138 D/DnsCacheManager(17392): ðŸ“Š Active entries: 100 (total cache: 260, showing top 100)
11-25 18:19:11.139 D/DnsCacheManager(17392): ðŸ“Š Metrics updated: entries=260, activeEntries=100, hits=7643, misses=4840, hitRate=61%
11-25 18:19:11.182 D/DnsCacheManager( 2707): ðŸ“Š Active entries: 100 (total cache: 201, showing top 100)
11-25 18:19:11.182 D/DnsCacheManager( 2707): ðŸ“Š Metrics updated: entries=201, activeEntries=100, hits=7524, misses=4678, hitRate=61%
11-25 18:19:11.641 D/DnsCacheManager(17392): ðŸ“Š Active entries: 100 (total cache: 260, showing top 100)
11-25 18:19:11.642 D/DnsCacheManager(17392): ðŸ“Š Metrics updated: entries=260, activeEntries=100, hits=7643, misses=4840, hitRate=61%
11-25 18:19:11.685 D/DnsCacheManager( 2707): ðŸ“Š Active entries: 100 (total cache: 201, showing top 100)
11-25 18:19:11.685 D/DnsCacheManager( 2707): ðŸ“Š Metrics updated: entries=201, activeEntries=100, hits=7524, misses=4678, hitRate=61%
11-25 18:19:11.685 D/DnsCacheManager( 2707): ðŸ“Š Metrics update #430: entries=201, hits=7524, misses=4678, hitRate=61%
11-25 18:19:11.867 D/XrayStatsManager( 2707): Throughput calculated: uplink=0 B/s, downlink=0 B/s, timeDelta=2.018s
11-25 18:19:11.868 D/XrayStatsManager( 2707): Core stats updated - Uplink: 111,06KB, Downlink: 1,06MB, Uplink Throughput: 0 B/s, Downlink Throughput: 0 B/s
11-25 18:19:12.144 D/DnsCacheManager(17392): ðŸ“Š Active entries: 100 (total cache: 260, showing top 100)
11-25 18:19:12.145 D/DnsCacheManager(17392): ðŸ“Š Metrics updated: entries=260, activeEntries=100, hits=7643, misses=4840, hitRate=61%
11-25 18:19:12.187 D/DnsCacheManager( 2707): ðŸ“Š Active entries: 100 (total cache: 201, showing top 100)
11-25 18:19:12.187 D/DnsCacheManager( 2707): ðŸ“Š Metrics updated: entries=201, activeEntries=100, hits=7524, misses=4678, hitRate=61%
11-25 18:19:12.648 D/DnsCacheManager(17392): ðŸ“Š Active entries: 100 (total cache: 260, showing top 100)
11-25 18:19:12.649 D/DnsCacheManager(17392): ðŸ“Š Metrics updated: entries=260, activeEntries=100, hits=7643, misses=4840, hitRate=61%
11-25 18:19:12.690 D/DnsCacheManager( 2707): ðŸ“Š Active entries: 100 (total cache: 201, showing top 100)
11-25 18:19:12.690 D/DnsCacheManager( 2707): ðŸ“Š Metrics updated: entries=201, activeEntries=100, hits=7524, misses=4678, hitRate=61%
11-25 18:19:13.151 D/DnsCacheManager(17392): ðŸ“Š Active entries: 100 (total cache: 260, showing top 100)
11-25 18:19:13.152 D/DnsCacheManager(17392): ðŸ“Š Metrics updated: entries=260, activeEntries=100, hits=7643, misses=4840, hitRate=61%
11-25 18:19:13.152 D/DnsCacheManager(17392): ðŸ“Š Metrics update #430: entries=260, hits=7643, misses=4840, hitRate=61%
11-25 18:19:13.192 D/DnsCacheManager( 2707): ðŸ“Š Active entries: 100 (total cache: 201, showing top 100)
11-25 18:19:13.193 D/DnsCacheManager( 2707): ðŸ“Š Metrics updated: entries=201, activeEntries=100, hits=7524, misses=4678, hitRate=61%
11-25 18:19:13.654 D/DnsCacheManager(17392): ðŸ“Š Active entries: 100 (total cache: 260, showing top 100)
11-25 18:19:13.655 D/DnsCacheManager(17392): ðŸ“Š Metrics updated: entries=260, activeEntries=100, hits=7643, misses=4840, hitRate=61%
11-25 18:19:13.695 D/DnsCacheManager( 2707): ðŸ“Š Active entries: 100 (total cache: 201, showing top 100)
11-25 18:19:13.695 D/DnsCacheManager( 2707): ðŸ“Š Metrics updated: entries=201, activeEntries=100, hits=7524, misses=4678, hitRate=61%
11-25 18:19:13.881 D/XrayStatsManager( 2707): Throughput calculated: uplink=0 B/s, downlink=0 B/s, timeDelta=2.014s
11-25 18:19:13.882 D/XrayStatsManager( 2707): Core stats updated - Uplink: 111,06KB, Downlink: 1,06MB, Uplink Throughput: 0 B/s, Downlink Throughput: 0 B/s
11-25 18:19:14.157 D/DnsCacheManager(17392): ðŸ“Š Active entries: 100 (total cache: 260, showing top 100)
11-25 18:19:14.157 D/DnsCacheManager(17392): ðŸ“Š Metrics updated: entries=260, activeEntries=100, hits=7643, misses=4840, hitRate=61%
11-25 18:19:14.197 D/DnsCacheManager( 2707): ðŸ“Š Active entries: 100 (total cache: 201, showing top 100)
11-25 18:19:14.197 D/DnsCacheManager( 2707): ðŸ“Š Metrics updated: entries=201, activeEntries=100, hits=7524, misses=4678, hitRate=61%
11-25 18:19:14.602 D/PolicyMaker( 3443): uid =10568 pkg=com.hyperxray.an reason=VPN_APP
11-25 18:19:14.660 D/DnsCacheManager(17392): ðŸ“Š Active entries: 100 (total cache: 260, showing top 100)
11-25 18:19:14.660 D/DnsCacheManager(17392): ðŸ“Š Metrics updated: entries=260, activeEntries=100, hits=7643, misses=4840, hitRate=61%
11-25 18:19:14.699 D/DnsCacheManager( 2707): ðŸ“Š Active entries: 100 (total cache: 201, showing top 100)
11-25 18:19:14.700 D/DnsCacheManager( 2707): ðŸ“Š Metrics updated: entries=201, activeEntries=100, hits=7524, misses=4678, hitRate=61%
11-25 18:19:15.162 D/DnsCacheManager(17392): ðŸ“Š Active entries: 100 (total cache: 260, showing top 100)
11-25 18:19:15.163 D/DnsCacheManager(17392): ðŸ“Š Metrics updated: entries=260, activeEntries=100, hits=7643, misses=4840, hitRate=61%
11-25 18:19:15.202 D/DnsCacheManager( 2707): ðŸ“Š Active entries: 100 (total cache: 201, showing top 100)
11-25 18:19:15.202 D/DnsCacheManager( 2707): ðŸ“Š Metrics updated: entries=201, activeEntries=100, hits=7524, misses=4678, hitRate=61%
11-25 18:19:15.665 D/DnsCacheManager(17392): ðŸ“Š Active entries: 100 (total cache: 260, showing top 100)
11-25 18:19:15.666 D/DnsCacheManager(17392): ðŸ“Š Metrics updated: entries=260, activeEntries=100, hits=7643, misses=4840, hitRate=61%
11-25 18:19:15.704 D/DnsCacheManager( 2707): ðŸ“Š Active entries: 100 (total cache: 201, showing top 100)
11-25 18:19:15.705 D/DnsCacheManager( 2707): ðŸ“Š Metrics updated: entries=201, activeEntries=100, hits=7524, misses=4678, hitRate=61%
11-25 18:19:15.898 D/XrayStatsManager( 2707): Throughput calculated: uplink=0 B/s, downlink=0 B/s, timeDelta=2.017s
11-25 18:19:15.899 D/XrayStatsManager( 2707): Core stats updated - Uplink: 111,06KB, Downlink: 1,06MB, Uplink Throughput: 0 B/s, Downlink Throughput: 0 B/s
11-25 18:19:16.168 D/DnsCacheManager(17392): ðŸ“Š Active entries: 100 (total cache: 260, showing top 100)
11-25 18:19:16.169 D/DnsCacheManager(17392): ðŸ“Š Metrics updated: entries=260, activeEntries=100, hits=7643, misses=4840, hitRate=61%
11-25 18:19:16.206 D/DnsCacheManager( 2707): ðŸ“Š Active entries: 100 (total cache: 201, showing top 100)
11-25 18:19:16.207 D/DnsCacheManager( 2707): ðŸ“Š Metrics updated: entries=201, activeEntries=100, hits=7524, misses=4678, hitRate=61%
11-25 18:19:16.670 D/DnsCacheManager(17392): ðŸ“Š Active entries: 100 (total cache: 260, showing top 100)
11-25 18:19:16.671 D/DnsCacheManager(17392): ðŸ“Š Metrics updated: entries=260, activeEntries=100, hits=7643, misses=4840, hitRate=61%
11-25 18:19:16.709 D/DnsCacheManager( 2707): ðŸ“Š Active entries: 100 (total cache: 201, showing top 100)
11-25 18:19:16.709 D/DnsCacheManager( 2707): ðŸ“Š Metrics updated: entries=201, activeEntries=100, hits=7524, misses=4678, hitRate=61%
11-25 18:19:16.709 D/DnsCacheManager( 2707): ðŸ“Š Metrics update #440: entries=201, hits=7524, misses=4678, hitRate=61%
11-25 18:19:17.173 D/DnsCacheManager(17392): ðŸ“Š Active entries: 100 (total cache: 260, showing top 100)
11-25 18:19:17.174 D/DnsCacheManager(17392): ðŸ“Š Metrics updated: entries=260, activeEntries=100, hits=7643, misses=4840, hitRate=61%
11-25 18:19:17.211 D/DnsCacheManager( 2707): ðŸ“Š Active entries: 100 (total cache: 201, showing top 100)
11-25 18:19:17.212 D/DnsCacheManager( 2707): ðŸ“Š Metrics updated: entries=201, activeEntries=100, hits=7524, misses=4678, hitRate=61%
11-25 18:19:17.676 D/DnsCacheManager(17392): ðŸ“Š Active entries: 100 (total cache: 260, showing top 100)
11-25 18:19:17.676 D/DnsCacheManager(17392): ðŸ“Š Metrics updated: entries=260, activeEntries=100, hits=7643, misses=4840, hitRate=61%
11-25 18:19:17.714 D/DnsCacheManager( 2707): ðŸ“Š Active entries: 100 (total cache: 201, showing top 100)
11-25 18:19:17.714 D/DnsCacheManager( 2707): ðŸ“Š Metrics updated: entries=201, activeEntries=100, hits=7524, misses=4678, hitRate=61%
11-25 18:19:17.917 D/XrayStatsManager( 2707): Throughput calculated: uplink=0 B/s, downlink=0 B/s, timeDelta=2.019s
11-25 18:19:17.917 D/XrayStatsManager( 2707): Core stats updated - Uplink: 111,06KB, Downlink: 1,06MB, Uplink Throughput: 0 B/s, Downlink Throughput: 0 B/s
11-25 18:19:18.178 D/DnsCacheManager(17392): ðŸ“Š Active entries: 100 (total cache: 260, showing top 100)
11-25 18:19:18.179 D/DnsCacheManager(17392): ðŸ“Š Metrics updated: entries=260, activeEntries=100, hits=7643, misses=4840, hitRate=61%
11-25 18:19:18.179 D/DnsCacheManager(17392): ðŸ“Š Metrics update #440: entries=260, hits=7643, misses=4840, hitRate=61%
11-25 18:19:18.216 D/DnsCacheManager( 2707): ðŸ“Š Active entries: 100 (total cache: 201, showing top 100)
11-25 18:19:18.217 D/DnsCacheManager( 2707): ðŸ“Š Metrics updated: entries=201, activeEntries=100, hits=7524, misses=4678, hitRate=61%
11-25 18:19:18.681 D/DnsCacheManager(17392): ðŸ“Š Active entries: 100 (total cache: 260, showing top 100)
11-25 18:19:18.682 D/DnsCacheManager(17392): ðŸ“Š Metrics updated: entries=260, activeEntries=100, hits=7643, misses=4840, hitRate=61%
11-25 18:19:18.719 D/DnsCacheManager( 2707): ðŸ“Š Active entries: 100 (total cache: 201, showing top 100)
11-25 18:19:18.719 D/DnsCacheManager( 2707): ðŸ“Š Metrics updated: entries=201, activeEntries=100, hits=7524, misses=4678, hitRate=61%
11-25 18:19:19.184 D/DnsCacheManager(17392): ðŸ“Š Active entries: 100 (total cache: 260, showing top 100)
11-25 18:19:19.185 D/DnsCacheManager(17392): ðŸ“Š Metrics updated: entries=260, activeEntries=100, hits=7643, misses=4840, hitRate=61%
11-25 18:19:19.225 D/DnsCacheManager( 2707): ðŸ“Š Active entries: 100 (total cache: 201, showing top 100)
11-25 18:19:19.225 D/DnsCacheManager( 2707): ðŸ“Š Metrics updated: entries=201, activeEntries=100, hits=7524, misses=4678, hitRate=61%
11-25 18:19:19.686 D/DnsCacheManager(17392): ðŸ“Š Active entries: 100 (total cache: 260, showing top 100)
11-25 18:19:19.687 D/DnsCacheManager(17392): ðŸ“Š Metrics updated: entries=260, activeEntries=100, hits=7643, misses=4840, hitRate=61%
11-25 18:19:19.727 D/DnsCacheManager( 2707): ðŸ“Š Active entries: 100 (total cache: 201, showing top 100)
11-25 18:19:19.728 D/DnsCacheManager( 2707): ðŸ“Š Metrics updated: entries=201, activeEntries=100, hits=7524, misses=4678, hitRate=61%
11-25 18:19:19.930 D/XrayStatsManager( 2707): Throughput calculated: uplink=0 B/s, downlink=0 B/s, timeDelta=2.013s
11-25 18:19:19.930 D/XrayStatsManager( 2707): Core stats updated - Uplink: 111,06KB, Downlink: 1,06MB, Uplink Throughput: 0 B/s, Downlink Throughput: 0 B/s
11-25 18:19:20.189 D/DnsCacheManager(17392): ðŸ“Š Active entries: 100 (total cache: 260, showing top 100)
11-25 18:19:20.190 D/DnsCacheManager(17392): ðŸ“Š Metrics updated: entries=260, activeEntries=100, hits=7643, misses=4840, hitRate=61%
11-25 18:19:20.229 D/DnsCacheManager( 2707): ðŸ“Š Active entries: 100 (total cache: 201, showing top 100)
11-25 18:19:20.230 D/DnsCacheManager( 2707): ðŸ“Š Metrics updated: entries=201, activeEntries=100, hits=7524, misses=4678, hitRate=61%
11-25 18:19:20.692 D/DnsCacheManager(17392): ðŸ“Š Active entries: 100 (total cache: 260, showing top 100)
11-25 18:19:20.693 D/DnsCacheManager(17392): ðŸ“Š Metrics updated: entries=260, activeEntries=100, hits=7643, misses=4840, hitRate=61%
11-25 18:19:20.732 D/DnsCacheManager( 2707): ðŸ“Š Active entries: 100 (total cache: 201, showing top 100)
11-25 18:19:20.732 D/DnsCacheManager( 2707): ðŸ“Š Metrics updated: entries=201, activeEntries=100, hits=7524, misses=4678, hitRate=61%
11-25 18:19:21.195 D/DnsCacheManager(17392): ðŸ“Š Active entries: 100 (total cache: 260, showing top 100)
11-25 18:19:21.195 D/DnsCacheManager(17392): ðŸ“Š Metrics updated: entries=260, activeEntries=100, hits=7643, misses=4840, hitRate=61%
11-25 18:19:21.234 D/DnsCacheManager( 2707): ðŸ“Š Active entries: 100 (total cache: 201, showing top 100)
11-25 18:19:21.235 D/DnsCacheManager( 2707): ðŸ“Š Metrics updated: entries=201, activeEntries=100, hits=7524, misses=4678, hitRate=61%
11-25 18:19:21.698 D/DnsCacheManager(17392): ðŸ“Š Active entries: 100 (total cache: 260, showing top 100)
11-25 18:19:21.699 D/DnsCacheManager(17392): ðŸ“Š Metrics updated: entries=260, activeEntries=100, hits=7643, misses=4840, hitRate=61%
11-25 18:19:21.738 D/DnsCacheManager( 2707): ðŸ“Š Active entries: 100 (total cache: 201, showing top 100)
11-25 18:19:21.739 D/DnsCacheManager( 2707): ðŸ“Š Metrics updated: entries=201, activeEntries=100, hits=7524, misses=4678, hitRate=61%
11-25 18:19:21.739 D/DnsCacheManager( 2707): ðŸ“Š Metrics update #450: entries=201, hits=7524, misses=4678, hitRate=61%
11-25 18:19:21.945 D/XrayStatsManager( 2707): Throughput calculated: uplink=0 B/s, downlink=0 B/s, timeDelta=2.015s
11-25 18:19:21.945 D/XrayStatsManager( 2707): Core stats updated - Uplink: 111,06KB, Downlink: 1,06MB, Uplink Throughput: 0 B/s, Downlink Throughput: 0 B/s
11-25 18:19:22.203 D/DnsCacheManager(17392): ðŸ“Š Active entries: 100 (total cache: 260, showing top 100)
11-25 18:19:22.204 D/DnsCacheManager(17392): ðŸ“Š Metrics updated: entries=260, activeEntries=100, hits=7643, misses=4840, hitRate=61%
11-25 18:19:22.241 D/DnsCacheManager( 2707): ðŸ“Š Active entries: 100 (total cache: 201, showing top 100)
