11-25 19:21:18.527 I/AppInitializer(21060): === HyperXray AI Optimizer Initialization ===
11-25 19:21:18.532 D/nativeloader(21060): Load /data/app/~~hSj-UwDpfOsYJxgX9qWgEg==/com.hyperxray.an-2wMSRcZV1eZu7F0yfElvxg==/lib/arm64/libonnxruntime4j_jni.so using class loader ns clns-10 (caller=/data/app/~~hSj-UwDpfOsYJxgX9qWgEg==/com.hyperxray.an-2wMSRcZV1eZu7F0yfElvxg==/base.apk): ok
11-25 19:21:18.534 D/nativeloader(21060): Load /data/app/~~hSj-UwDpfOsYJxgX9qWgEg==/com.hyperxray.an-2wMSRcZV1eZu7F0yfElvxg==/lib/arm64/libhev-socks5-tunnel.so using class loader ns clns-10 (caller=/data/app/~~hSj-UwDpfOsYJxgX9qWgEg==/com.hyperxray.an-2wMSRcZV1eZu7F0yfElvxg==/base.apk!classes30.dex): ok
11-25 19:21:18.534 I/VpnService(21060):  SERVICE CREATE: TProxyService onCreate() called
11-25 19:21:18.541 D/LogFileManager(21060): Log file path: /data/user/0/com.hyperxray.an/files/app_log.txt
11-25 19:21:18.546 D/VpnService(21060):  INIT MANAGERS: XrayLogHandler initialized
11-25 19:21:18.552 I/ActivityManager( 3443): Background started FGS: Allowed [callingPackage: com.hyperxray.an; callingUid: 10568; uidState: TOP ; uidBFSL: [BFSL]; intent: Intent { act=com.hyperxray.an.CONNECT xflg=0x4 cmp=com.hyperxray.an/.service.TProxyService }; code:PROC_STATE_TOP; tempAllowListReason:<null>; allowWiu:12; targetSdkVersion:35; callerTargetSdkVersion:35; startForegroundCount:0; bindFromPackage:null: isBindService:false]
11-25 19:21:18.558 D/RenderEngine( 2005): makePassBlurBetterDownShader layername:com.hyperxray.an/com.hyperxray.an.activity.MainActivity#23218
11-25 19:21:18.570 D/ServiceDependencyManager(21060): TProxyAiOptimizer initialized successfully
11-25 19:21:18.580 I/AppInitializer(21060):  HyperXray AI Optimizer ready
11-25 19:21:18.580 I/AppInitializer(21060):  HyperXray AI Optimizer ready
11-25 19:21:18.580 I/ModelDeploymentSummary(21060):       Location: com.hyperxray.an.telemetry            
11-25 19:21:18.580 I/ModelDeploymentSummary(21060):       Location: com.hyperxray.an.telemetry            
11-25 19:21:18.581 I/ModelDeploymentSummary(21060):       Location: com.hyperxray.an.telemetry            
11-25 19:21:18.581 I/ModelDeploymentSummary(21060):       Location: com.hyperxray.an.telemetry            
11-25 19:21:18.581 I/ModelDeploymentSummary(21060):    5. HyperXrayApplication                            
11-25 19:21:18.581 I/ModelDeploymentSummary(21060):       Location: com.hyperxray.an                      
11-25 19:21:18.581 I/ModelDeploymentSummary(21060):   1. App starts  HyperXrayApplication.onCreate()
11-25 19:21:18.581 I/ModelDeploymentSummary(21060):   8. Console log: 'HyperXray AI Optimizer ready'
11-25 19:21:18.581 I/ModelDeploymentSummary(21060):    Console log: 'HyperXray AI Optimizer ready'
11-25 19:21:18.581 I/ModelDeploymentSummary(21060):   The HyperXray AI Optimizer is now ready for production use.
11-25 19:21:18.591 D/RenderEngine( 2005): makePassBlurBetterDownShader layername:com.hyperxray.an/com.hyperxray.an.activity.MainActivity#23218
11-25 19:21:18.624 D/RenderEngine( 2005): makePassBlurBetterDownShader layername:com.hyperxray.an/com.hyperxray.an.activity.MainActivity#23218
11-25 19:21:18.628 E/TurboSchedMonitor(21060): failed to find setSchedAffinity method com.hyperxray.an:native
11-25 19:21:18.628 E/TurboSchedMonitor(21060): failed to find setSchedAffinity method com.hyperxray.an:native
11-25 19:21:18.657 D/RenderEngine( 2005): makePassBlurBetterDownShader layername:com.hyperxray.an/com.hyperxray.an.activity.MainActivity#23218
11-25 19:21:18.690 D/RenderEngine( 2005): makePassBlurBetterDownShader layername:com.hyperxray.an/com.hyperxray.an.activity.MainActivity#23218
11-25 19:21:18.721 I/HttpClientFactory(21060):  DNS pre-resolution interceptor added for proxy scenarios
11-25 19:21:18.722 I/HttpClientFactory(21060):  HTTP response cache configured: 100MB disk cache at /data/user/0/com.hyperxray.an/cache/http_cache
11-25 19:21:18.722 I/HttpClientFactory(21060):  Proxy configured - DNS lookup will be done locally (cache-enabled), proxy only for connection
11-25 19:21:18.722 D/HttpClientFactory(21060): ProxySelector configured to ensure local DNS resolution
11-25 19:21:18.723 I/HttpClientFactory(21060):  DNS resolver configured with proxy - DNS lookup will be done locally (cache-enabled), proxy only for connection
11-25 19:21:18.723 D/HttpClientFactory(21060):  DNS resolver is set and ready for lookups (proxy-aware)
11-25 19:21:18.723 D/RenderEngine( 2005): makePassBlurBetterDownShader layername:com.hyperxray.an/com.hyperxray.an.activity.MainActivity#23218
11-25 19:21:18.740 I/MIUIInput( 3443): [MotionEvent] publisher action=0x0, deviceId=8, 36015976, channel 'f09e917 com.hyperxray.an/com.hyperxray.an.activity.MainActivity'
11-25 19:21:18.741 I/MIUIInput(32610): [MotionEvent] ViewRootImpl windowName 'com.hyperxray.an/com.hyperxray.an.activity.MainActivity', { action=ACTION_DOWN, id[0]=0, pointerCount=1, eventTime=36015976, downTime=36015976, phoneEventTime=19:21:18.739 } moveCount:0
11-25 19:21:18.755 D/RenderEngine( 2005): makePassBlurBetterDownShader layername:com.hyperxray.an/com.hyperxray.an.activity.MainActivity#23218
11-25 19:21:18.788 D/ScrollScenario( 3443): ScrollState: fling end on com.hyperxray.an
11-25 19:21:18.788 D/ScrollScenario( 3443): ScrollState: scroll start on com.hyperxray.an
11-25 19:21:18.789 D/RenderEngine( 2005): makePassBlurBetterDownShader layername:com.hyperxray.an/com.hyperxray.an.activity.MainActivity#23218
11-25 19:21:18.801 D/DnsCacheManager(32610):  Active entries: 100 (total cache: 303, showing top 100)
11-25 19:21:18.802 D/DnsCacheManager(32610):  Metrics updated: entries=303, activeEntries=100, hits=8859, misses=5728, hitRate=60%
11-25 19:21:18.809 I/HttpClientFactory(21060):  DNS pre-resolution interceptor added for proxy scenarios
11-25 19:21:18.809 I/HttpClientFactory(21060):  HTTP response cache configured: 100MB disk cache at /data/user/0/com.hyperxray.an/cache/http_cache
11-25 19:21:18.809 I/HttpClientFactory(21060):  Proxy configured - DNS lookup will be done locally (cache-enabled), proxy only for connection
11-25 19:21:18.809 D/HttpClientFactory(21060): ProxySelector configured to ensure local DNS resolution
11-25 19:21:18.810 I/HttpClientFactory(21060):  DNS resolver configured with proxy - DNS lookup will be done locally (cache-enabled), proxy only for connection
11-25 19:21:18.810 D/HttpClientFactory(21060):  DNS resolver is set and ready for lookups (proxy-aware)
11-25 19:21:18.821 D/RenderEngine( 2005): makePassBlurBetterDownShader layername:com.hyperxray.an/com.hyperxray.an.activity.MainActivity#23218
11-25 19:21:18.854 D/RenderEngine( 2005): makePassBlurBetterDownShader layername:com.hyperxray.an/com.hyperxray.an.activity.MainActivity#23218
11-25 19:21:18.887 D/RenderEngine( 2005): makePassBlurBetterDownShader layername:com.hyperxray.an/com.hyperxray.an.activity.MainActivity#23218
11-25 19:21:18.893 I/HttpClientFactory(21060):  DNS pre-resolution interceptor added for proxy scenarios
11-25 19:21:18.893 I/HttpClientFactory(21060):  HTTP response cache configured: 100MB disk cache at /data/user/0/com.hyperxray.an/cache/http_cache
11-25 19:21:18.893 I/HttpClientFactory(21060):  Proxy configured - DNS lookup will be done locally (cache-enabled), proxy only for connection
11-25 19:21:18.893 D/HttpClientFactory(21060): ProxySelector configured to ensure local DNS resolution
11-25 19:21:18.893 I/HttpClientFactory(21060):  DNS resolver configured with proxy - DNS lookup will be done locally (cache-enabled), proxy only for connection
11-25 19:21:18.893 D/HttpClientFactory(21060):  DNS resolver is set and ready for lookups (proxy-aware)
11-25 19:21:18.894 D/DnsCacheManager(21060): DnsCacheManager already initialized, ensuring metrics job is running...
11-25 19:21:18.894 D/ServiceDependencyManager(21060): DnsCacheManager initialized
11-25 19:21:18.894 D/DnsCacheManager(21060):  Metrics job is already running (isActive=true)
11-25 19:21:18.896 D/VpnService(21060): XrayRunner initialized: MultiInstance (instanceCount=4)
11-25 19:21:18.897 I/VpnService(21060):  SERVICE CREATE: TProxyService initialization completed
11-25 19:21:18.897 I/ServiceIntentHandler(21060):  INTENT HANDLER: Received intent action: com.hyperxray.an.CONNECT
11-25 19:21:18.897 I/ServiceIntentHandler(21060):  INTENT START: Starting Xray service
11-25 19:21:18.899 D/VpnService(21060):  VPN SESSION START: Session state reset, Xray directories ensured
11-25 19:21:18.899 D/BroadcastQueue( 3443): Logging broadcast for com.hyperxray.an, stopped=false, firstLaunch=false
11-25 19:21:18.900 I/ServiceIntentHandler(21060):  INTENT HANDLER: Received intent action: com.hyperxray.an.CONNECT
11-25 19:21:18.900 I/ServiceIntentHandler(21060):  INTENT START: Starting Xray service
11-25 19:21:18.900 D/TunInterfaceManager(21060):  TUN ESTABLISH: DnsCacheManager already initialized
11-25 19:21:18.900 D/TunInterfaceManager(21060):  TUN ESTABLISH: Creating SystemDnsCacheServer instance...
11-25 19:21:18.902 D/BroadcastQueue( 3443): Logging broadcast for com.hyperxray.an, stopped=false, firstLaunch=false
11-25 19:21:18.905 I/VpnConnectionUseCase(32610):  STAGE 3 [STARTING_XRAY]: Starting Xray instances (progress: 40%)
11-25 19:21:18.905 I/XrayAssetManager(32610):  ASSET CHECK: Starting asset verification
11-25 19:21:18.905 D/TunInterfaceManager(21060):  TUN ESTABLISH: Starting DNS cache server...
11-25 19:21:18.905 I/SystemDnsCacheServer(21060):  DNS SERVER START: Starting DNS cache server (requested port: 53)
11-25 19:21:18.905 D/XrayAssetManager(32610):  Asset 'geoip.dat' verified: 71278 bytes at /data/user/0/com.hyperxray.an/files/geoip.dat
11-25 19:21:18.905 D/DnsCacheManager(21060): DnsCacheManager already initialized, ensuring metrics job is running...
11-25 19:21:18.905 D/XrayAssetManager(32610):  ASSET CHECK: 'geoip.dat' verified (71278 bytes)
11-25 19:21:18.905 D/XrayAssetManager(32610):  Asset 'geosite.dat' verified: 2613295 bytes at /data/user/0/com.hyperxray.an/files/geosite.dat
11-25 19:21:18.905 D/XrayAssetManager(32610):  ASSET CHECK: 'geosite.dat' verified (2613295 bytes)
11-25 19:21:18.905 D/SystemDnsCacheServer(21060):  DNS SERVER START: DnsCacheManager initialized (duration: 0ms)
11-25 19:21:18.905 I/SystemDnsCacheServer(21060):  DNS SERVER START: Attempting to start DNS cache server on port 53 (root not required with VpnService)
11-25 19:21:18.905 D/XrayAssetManager(32610):  Asset 'config.json' verified: 982 bytes at /data/user/0/com.hyperxray.an/files/yetergari-absolute-max-simple.json
11-25 19:21:18.905 D/DnsCacheManager(21060):  Metrics job is already running (isActive=true)
11-25 19:21:18.905 I/SystemDnsCacheServer(21060):  Starting system DNS cache server on 0.0.0.0:53 (all interfaces)
11-25 19:21:18.905 D/XrayAssetManager(32610):  ASSET CHECK: 'config.json' verified (982 bytes)
11-25 19:21:18.905 I/XrayAssetManager(32610):  ASSET CHECK COMPLETED: All assets verified successfully (duration: 0ms)
11-25 19:21:18.905 D/VpnConnectionUseCase(32610):  STAGE 3 [STARTING_XRAY]: Monitoring Xray instance status (timeout: 20s)...
11-25 19:21:18.906 W/SystemDnsCacheServer(21060): Failed to start DNS cache server on port 53: bind failed: EACCES (Permission denied)
11-25 19:21:18.906 W/SystemDnsCacheServer(21060):  DNS SERVER START: Port 53 not available (duration: 1ms) - trying alternative port 5353
11-25 19:21:18.906 W/SystemDnsCacheServer(21060):  DNS SERVER START: Modem DNS queries will fail unless modem is configured to use port 5353
11-25 19:21:18.906 I/SystemDnsCacheServer(21060):  Starting system DNS cache server on 0.0.0.0:5353 (all interfaces)
11-25 19:21:18.907 I/SystemDnsCacheServer(21060):  DNS server loop started, waiting for queries on port 5353...
11-25 19:21:18.907 I/SystemDnsCacheServer(21060):  Listening on all interfaces (0.0.0.0) - modem can send queries
11-25 19:21:18.907 I/SystemDnsCacheServer(21060):  System DNS cache server started successfully on 0.0.0.0:5353
11-25 19:21:18.907 W/SystemDnsCacheServer(21060):  DNS SERVER START SUCCESS: DNS cache server started on port 5353 (modem configuration required, altPort: 1ms, total: 2ms)
11-25 19:21:18.907 W/SystemDnsCacheServer(21060):  WARNING: Server running on port 5353 - modem DNS queries will fail!
11-25 19:21:18.907 D/TunInterfaceManager(21060): DNS cache server started successfully
11-25 19:21:18.907 I/TunInterfaceManager(21060):  TUN ESTABLISH: DNS cache server started on port 5353 (duration: 7ms)
11-25 19:21:18.910 D/SystemDnsCacheServer(21060):  DNS RESOLVE START: Resolving domain: google.com
11-25 19:21:18.910 D/DnsCacheManager(21060):  Checking DNS cache for: google.com
11-25 19:21:18.910 D/SystemDnsCacheServer(21060):  DNS RESOLVE CACHE MISS: google.com (cache check: 0ms), resolving from upstream...
11-25 19:21:18.910 D/SystemDnsCacheServer(21060):  DNS RESOLVE: Query packet built (size: 28 bytes, duration: 0ms)
11-25 19:21:18.910 D/SystemDnsCacheServer(21060):  DNS RESOLVE START: Resolving domain: www.google.com
11-25 19:21:18.911 D/DnsCacheManager(21060):  Checking DNS cache for: www.google.com
11-25 19:21:18.911 D/DnsUpstreamClient(21060):  DNS UPSTREAM QUERY START: google.com (query size: 28 bytes, timeout: 1000ms)
11-25 19:21:18.911 D/SystemDnsCacheServer(21060):  DNS RESOLVE START: Resolving domain: www.youtube.com
11-25 19:21:18.911 D/SystemDnsCacheServer(21060):  DNS RESOLVE START: Resolving domain: youtu.be
11-25 19:21:18.911 D/DnsCacheManager(21060):  Checking DNS cache for: youtu.be
11-25 19:21:18.911 I/DnsCacheManager(21060):  DNS cache HIT: www.google.com -> [172.217.169.196] (age: 4974s, latency: 0.276406ms)
11-25 19:21:18.911 D/SystemDnsCacheServer(21060):  DNS RESOLVE START: Resolving domain: youtube.com
11-25 19:21:18.911 D/SystemDnsCacheServer(21060):  DNS RESOLVE CACHE HIT: www.google.com -> [172.217.169.196] (cache check: 0ms, total: 1ms)
11-25 19:21:18.911 D/DnsCacheManager(21060):  Checking DNS cache for: youtube.com
11-25 19:21:18.912 D/SystemDnsCacheServer(21060):  DNS RESOLVE CACHE MISS: youtube.com (cache check: 0ms), resolving from upstream...
11-25 19:21:18.912 D/SystemDnsCacheServer(21060):  DNS RESOLVE: Query packet built (size: 29 bytes, duration: 0ms)
11-25 19:21:18.912 D/SystemDnsCacheServer(21060):  DNS RESOLVE START: Resolving domain: twitter.com
11-25 19:21:18.912 D/DnsCacheManager(21060):  Checking DNS cache for: twitter.com
11-25 19:21:18.912 D/DnsUpstreamClient(21060):  DNS UPSTREAM QUERY START: youtube.com (query size: 29 bytes, timeout: 1000ms)
11-25 19:21:18.912 D/SystemDnsCacheServer(21060):  DNS RESOLVE CACHE MISS: twitter.com (cache check: 0ms), resolving from upstream...
11-25 19:21:18.912 D/SystemDnsCacheServer(21060):  DNS RESOLVE CACHE MISS: youtu.be (cache check: 1ms), resolving from upstream...
11-25 19:21:18.912 D/SystemDnsCacheServer(21060):  DNS RESOLVE: Query packet built (size: 29 bytes, duration: 0ms)
11-25 19:21:18.912 D/SystemDnsCacheServer(21060):  DNS RESOLVE: Query packet built (size: 26 bytes, duration: 0ms)
11-25 19:21:18.912 D/DnsUpstreamClient(21060):  DNS UPSTREAM QUERY START: twitter.com (query size: 29 bytes, timeout: 1000ms)
11-25 19:21:18.912 D/SystemDnsCacheServer(21060):  DNS RESOLVE START: Resolving domain: facebook.com
11-25 19:21:18.912 D/DnsCacheManager(21060):  Checking DNS cache for: facebook.com
11-25 19:21:18.912 D/SystemDnsCacheServer(21060):  DNS RESOLVE CACHE MISS: facebook.com (cache check: 0ms), resolving from upstream...
11-25 19:21:18.912 D/SystemDnsCacheServer(21060):  DNS RESOLVE START: Resolving domain: www.facebook.com
11-25 19:21:18.912 D/DnsCacheManager(21060):  Checking DNS cache for: www.facebook.com
11-25 19:21:18.913 D/SystemDnsCacheServer(21060):  DNS RESOLVE START: Resolving domain: www.instagram.com
11-25 19:21:18.913 D/DnsCacheManager(21060):  Checking DNS cache for: www.instagram.com
11-25 19:21:18.913 D/SystemDnsCacheServer(21060):  DNS RESOLVE START: Resolving domain: www.twitter.com
11-25 19:21:18.913 D/DnsCacheManager(21060):  Checking DNS cache for: www.twitter.com
11-25 19:21:18.913 D/SystemDnsCacheServer(21060):  DNS RESOLVE START: Resolving domain: graph.facebook.com
11-25 19:21:18.913 D/SystemDnsCacheServer(21060):  DNS RESOLVE CACHE MISS: www.twitter.com (cache check: 0ms), resolving from upstream...
11-25 19:21:18.913 D/DnsCacheManager(21060):  Checking DNS cache for: graph.facebook.com
11-25 19:21:18.913 D/SystemDnsCacheServer(21060):  DNS RESOLVE: Query packet built (size: 33 bytes, duration: 0ms)
11-25 19:21:18.913 I/DnsCacheManager(21060):  DNS cache HIT: graph.facebook.com -> [157.240.234.15] (age: 5203s, latency: 0.041198ms)
11-25 19:21:18.913 D/DnsUpstreamClient(21060):  DNS UPSTREAM QUERY START: www.twitter.com (query size: 33 bytes, timeout: 1000ms)
11-25 19:21:18.913 D/SystemDnsCacheServer(21060):  DNS RESOLVE CACHE HIT: graph.facebook.com -> [157.240.234.15] (cache check: 0ms, total: 2ms)
11-25 19:21:18.914 D/SystemDnsCacheServer(21060):  DNS RESOLVE START: Resolving domain: x.com
11-25 19:21:18.914 D/DnsCacheManager(21060):  Checking DNS cache for: x.com
11-25 19:21:18.914 D/SystemDnsCacheServer(21060):  DNS RESOLVE CACHE MISS: x.com (cache check: 0ms), resolving from upstream...
11-25 19:21:18.914 D/SystemDnsCacheServer(21060):  DNS RESOLVE: Query packet built (size: 23 bytes, duration: 0ms)
11-25 19:21:18.915 D/DnsUpstreamClient(21060):  DNS UPSTREAM QUERY START: x.com (query size: 23 bytes, timeout: 1000ms)
11-25 19:21:18.915 D/SystemDnsCacheServer(21060):  DNS RESOLVE START: Resolving domain: amazon.com
11-25 19:21:18.915 D/DnsCacheManager(21060):  Checking DNS cache for: amazon.com
11-25 19:21:18.915 D/SystemDnsCacheServer(21060):  DNS RESOLVE CACHE MISS: amazon.com (cache check: 0ms), resolving from upstream...
11-25 19:21:18.915 D/SystemDnsCacheServer(21060):  DNS RESOLVE: Query packet built (size: 28 bytes, duration: 0ms)
11-25 19:21:18.916 D/DnsUpstreamClient(21060):  DNS UPSTREAM QUERY START: amazon.com (query size: 28 bytes, timeout: 1000ms)
11-25 19:21:18.920 D/SystemDnsCacheServer(21060):  DNS RESOLVE START: Resolving domain: microsoft.com
11-25 19:21:18.920 D/DnsCacheManager(21060):  Checking DNS cache for: microsoft.com
11-25 19:21:18.920 I/DnsCacheManager(21060):  DNS cache HIT: microsoft.com -> [13.107.246.60, 13.107.213.60] (age: 994s, latency: 0.112292ms)
11-25 19:21:18.920 D/SystemDnsCacheServer(21060):  DNS RESOLVE CACHE HIT: microsoft.com -> [13.107.246.60, 13.107.213.60] (cache check: 0ms, total: 0ms)
11-25 19:21:18.921 W/SystemDnsCacheServer(21060):  WARNING: Server running on port 5353 - modem DNS queries will fail!
11-25 19:21:18.921 I/TunInterfaceManager(21060):  SystemDnsCacheServer on port 5353 - VpnService DNS will use custom DNS (SystemDnsCacheServer available via SOCKS5)
11-25 19:21:18.921 D/SystemDnsCacheServer(21060):  DNS RESOLVE START: Resolving domain: www.microsoft.com
11-25 19:21:18.921 D/DnsCacheManager(21060):  Checking DNS cache for: www.microsoft.com
11-25 19:21:18.921 D/SystemDnsCacheServer(21060):  DNS RESOLVE CACHE MISS: www.microsoft.com (cache check: 0ms), resolving from upstream...
11-25 19:21:18.922 D/SystemDnsCacheServer(21060):  DNS RESOLVE START: Resolving domain: microsoftonline.com
11-25 19:21:18.922 D/DnsCacheManager(21060):  Checking DNS cache for: microsoftonline.com
11-25 19:21:18.922 D/SystemDnsCacheServer(21060):  DNS RESOLVE CACHE MISS: microsoftonline.com (cache check: 0ms), resolving from upstream...
11-25 19:21:18.922 D/SystemDnsCacheServer(21060):  DNS RESOLVE: Query packet built (size: 37 bytes, duration: 0ms)
11-25 19:21:18.923 D/DnsUpstreamClient(21060):  DNS UPSTREAM QUERY START: microsoftonline.com (query size: 37 bytes, timeout: 1000ms)
11-25 19:21:18.923 D/DnsUpstreamClient(21060):  Happy Eyeballs Wave 1: Querying top 3 fastest servers for twitter.com
11-25 19:21:18.923 D/DnsUpstreamClient(21060):  DNS UPSTREAM QUERY START: youtu.be (query size: 26 bytes, timeout: 1000ms)
11-25 19:21:18.923 D/SystemDnsCacheServer(21060):  DNS RESOLVE START: Resolving domain: googleapis.com
11-25 19:21:18.923 D/DnsCacheManager(21060):  Checking DNS cache for: googleapis.com
11-25 19:21:18.923 D/SystemDnsCacheServer(21060):  DNS RESOLVE CACHE MISS: googleapis.com (cache check: 0ms), resolving from upstream...
11-25 19:21:18.923 D/SystemDnsCacheServer(21060):  DNS RESOLVE: Query packet built (size: 32 bytes, duration: 0ms)
11-25 19:21:18.924 D/DnsUpstreamClient(21060):  DNS UPSTREAM QUERY START: googleapis.com (query size: 32 bytes, timeout: 1000ms)
11-25 19:21:18.925 D/SystemDnsCacheServer(21060):  DNS RESOLVE START: Resolving domain: gstatic.com
11-25 19:21:18.925 D/DnsCacheManager(21060):  Checking DNS cache for: gstatic.com
11-25 19:21:18.925 D/SystemDnsCacheServer(21060):  DNS RESOLVE CACHE MISS: gstatic.com (cache check: 0ms), resolving from upstream...
11-25 19:21:18.925 D/SystemDnsCacheServer(21060):  DNS RESOLVE: Query packet built (size: 29 bytes, duration: 0ms)
11-25 19:21:18.925 D/SystemDnsCacheServer(21060):  DNS RESOLVE: Query packet built (size: 30 bytes, duration: 0ms)
11-25 19:21:18.925 D/DnsUpstreamClient(21060):  DNS UPSTREAM QUERY START: gstatic.com (query size: 29 bytes, timeout: 1000ms)
11-25 19:21:18.926 D/DnsUpstreamClient(21060):  DNS UPSTREAM QUERY START: facebook.com (query size: 30 bytes, timeout: 1000ms)
11-25 19:21:18.927 D/SystemDnsCacheServer(21060):  DNS RESOLVE START: Resolving domain: instagram.com
11-25 19:21:18.927 D/SystemDnsCacheServer(21060):  DNS RESOLVE: Query packet built (size: 35 bytes, duration: 0ms)
11-25 19:21:18.927 D/DnsCacheManager(21060):  Checking DNS cache for: instagram.com
11-25 19:21:18.927 D/SystemDnsCacheServer(21060):  DNS RESOLVE CACHE MISS: instagram.com (cache check: 0ms), resolving from upstream...
11-25 19:21:18.927 D/DnsUpstreamClient(21060):  DNS UPSTREAM QUERY START: www.microsoft.com (query size: 35 bytes, timeout: 1000ms)
11-25 19:21:18.928 D/SystemDnsCacheServer(21060):  DNS RESOLVE: Query packet built (size: 31 bytes, duration: 0ms)
11-25 19:21:18.928 D/SystemDnsCacheServer(21060):  DNS RESOLVE CACHE MISS: www.instagram.com (cache check: 0ms), resolving from upstream...
11-25 19:21:18.928 D/SystemDnsCacheServer(21060):  DNS RESOLVE: Query packet built (size: 35 bytes, duration: 0ms)
11-25 19:21:18.928 D/DnsUpstreamClient(21060):  DNS UPSTREAM QUERY START: instagram.com (query size: 31 bytes, timeout: 1000ms)
11-25 19:21:18.929 D/DnsUpstreamClient(21060):  DNS UPSTREAM QUERY START: www.instagram.com (query size: 35 bytes, timeout: 1000ms)
11-25 19:21:18.929 D/DnsSocketPool(21060):  DNS socket created with default binding
11-25 19:21:18.938 D/DnsSocketPool(21060):  DNS socket created with default binding
11-25 19:21:18.938 D/SystemDnsCacheServer(21060):  DNS RESOLVE START: Resolving domain: www.amazon.com
11-25 19:21:18.939 D/SystemDnsCacheServer(21060):  DNS RESOLVE START: Resolving domain: www.apple.com
11-25 19:21:18.939 D/DnsCacheManager(21060):  Checking DNS cache for: www.apple.com
11-25 19:21:18.939 D/DnsCacheManager(21060):  Checking DNS cache for: www.amazon.com
11-25 19:21:18.939 D/SystemDnsCacheServer(21060):  DNS RESOLVE CACHE MISS: www.apple.com (cache check: 0ms), resolving from upstream...
11-25 19:21:18.939 D/SystemDnsCacheServer(21060):  DNS RESOLVE CACHE MISS: www.amazon.com (cache check: 0ms), resolving from upstream...
11-25 19:21:18.939 D/SystemDnsCacheServer(21060):  DNS RESOLVE: Query packet built (size: 31 bytes, duration: 0ms)
11-25 19:21:18.939 D/SystemDnsCacheServer(21060):  DNS RESOLVE: Query packet built (size: 32 bytes, duration: 0ms)
11-25 19:21:18.939 D/DnsUpstreamClient(21060):  DNS UPSTREAM QUERY START: www.apple.com (query size: 31 bytes, timeout: 1000ms)
11-25 19:21:18.939 D/DnsUpstreamClient(21060):  DNS UPSTREAM QUERY START: www.amazon.com (query size: 32 bytes, timeout: 1000ms)
11-25 19:21:18.941 I/DnsCacheManager(21060):  DNS cache HIT: www.facebook.com -> [157.240.234.35] (age: 4566s, latency: 0.56375ms)
11-25 19:21:18.941 D/DnsUpstreamClient(21060):  Happy Eyeballs Wave 1: Querying top 3 fastest servers for youtube.com
11-25 19:21:18.941 D/SystemDnsCacheServer(21060):  DNS RESOLVE CACHE HIT: www.facebook.com -> [157.240.234.35] (cache check: 29ms, total: 29ms)
11-25 19:21:18.941 D/SystemDnsCacheServer(21060):  DNS RESOLVE START: Resolving domain: dns.google
11-25 19:21:18.941 D/DnsCacheManager(21060):  Checking DNS cache for: dns.google
11-25 19:21:18.943 D/DnsUpstreamClient(21060):  Happy Eyeballs Wave 1: Querying top 3 fastest servers for www.twitter.com
11-25 19:21:18.944 D/DnsSocketPool(21060):  DNS socket created with default binding
11-25 19:21:18.944 D/SystemDnsCacheServer(21060):  DNS RESOLVE START: Resolving domain: cloudflare.com
11-25 19:21:18.944 D/DnsCacheManager(21060):  Checking DNS cache for: cloudflare.com
11-25 19:21:18.944 D/SystemDnsCacheServer(21060):  DNS RESOLVE CACHE MISS: cloudflare.com (cache check: 0ms), resolving from upstream...
11-25 19:21:18.944 D/SystemDnsCacheServer(21060):  DNS RESOLVE: Query packet built (size: 32 bytes, duration: 0ms)
11-25 19:21:18.944 D/DnsCacheManager(21060):  Checking DNS cache for: www.youtube.com
11-25 19:21:18.944 D/SystemDnsCacheServer(21060):  DNS RESOLVE CACHE MISS: www.youtube.com (cache check: 33ms), resolving from upstream...
11-25 19:21:18.945 D/SystemDnsCacheServer(21060):  DNS RESOLVE: Query packet built (size: 33 bytes, duration: 0ms)
11-25 19:21:18.946 D/DnsUpstreamClient(21060):  DNS UPSTREAM QUERY START: www.youtube.com (query size: 33 bytes, timeout: 1000ms)
11-25 19:21:18.947 I/DnsCacheManager(21060):  DNS cache HIT: dns.google -> [8.8.8.8, 8.8.4.4] (age: 4575s, latency: 5.126823ms)
11-25 19:21:18.947 D/SystemDnsCacheServer(21060):  DNS RESOLVE CACHE HIT: dns.google -> [8.8.8.8, 8.8.4.4] (cache check: 6ms, total: 6ms)
11-25 19:21:18.947 D/DnsWarmupManager(21060):  Warm-up [Tier 3]: dns.google -> [8.8.8.8, 8.8.4.4]
11-25 19:21:18.947 D/SystemDnsCacheServer(21060):  DNS RESOLVE START: Resolving domain: github.com
11-25 19:21:18.947 D/DnsCacheManager(21060):  Checking DNS cache for: github.com
11-25 19:21:18.947 D/SystemDnsCacheServer(21060):  DNS RESOLVE CACHE MISS: github.com (cache check: 0ms), resolving from upstream...
11-25 19:21:18.947 D/SystemDnsCacheServer(21060):  DNS RESOLVE: Query packet built (size: 28 bytes, duration: 0ms)
11-25 19:21:18.947 D/SystemDnsCacheServer(21060):  DNS RESOLVE START: Resolving domain: apple.com
11-25 19:21:18.953 D/RenderEngine( 2005): makePassBlurBetterDownShader layername:com.hyperxray.an/com.hyperxray.an.activity.MainActivity#23218
11-25 19:21:18.947 D/DnsUpstreamClient(21060):  DNS UPSTREAM QUERY START: github.com (query size: 28 bytes, timeout: 1000ms)
11-25 19:21:18.953 D/DnsCacheManager(21060):  Checking DNS cache for: apple.com
11-25 19:21:18.953 D/SystemDnsCacheServer(21060):  DNS RESOLVE CACHE MISS: apple.com (cache check: 6ms), resolving from upstream...
11-25 19:21:18.954 D/SystemDnsCacheServer(21060):  DNS RESOLVE: Query packet built (size: 27 bytes, duration: 1ms)
11-25 19:21:18.954 D/DnsUpstreamClient(21060):  DNS UPSTREAM QUERY START: apple.com (query size: 27 bytes, timeout: 1000ms)
11-25 19:21:18.956 D/DnsSocketPool(21060):  DNS socket created with default binding
11-25 19:21:18.956 D/DnsUpstreamClient(21060):  Happy Eyeballs Wave 1: Querying top 3 fastest servers for instagram.com
11-25 19:21:18.956 D/DnsUpstreamClient(21060):  Happy Eyeballs Wave 1: Querying top 3 fastest servers for googleapis.com
11-25 19:21:18.960 D/DnsSocketPool(21060):  DNS socket created with default binding
11-25 19:21:18.960 D/DnsSocketPool(21060):  DNS socket created with default binding
11-25 19:21:18.961 D/DnsUpstreamClient(21060):  DNS UPSTREAM QUERY START: cloudflare.com (query size: 32 bytes, timeout: 1000ms)
11-25 19:21:18.962 D/DnsSocketPool(21060):  DNS socket created with default binding
11-25 19:21:18.964 D/DnsSocketPool(21060):  DNS socket created with default binding
11-25 19:21:18.968 D/DnsUpstreamClient(21060):  Happy Eyeballs Wave 1: Querying top 3 fastest servers for www.youtube.com
11-25 19:21:18.969 D/DnsSocketPool(21060):  DNS socket created with default binding
11-25 19:21:18.969 D/DnsUpstreamClient(21060):  Happy Eyeballs Wave 1: Querying top 3 fastest servers for microsoftonline.com
11-25 19:21:18.969 D/DnsSocketPool(21060):  DNS socket created with default binding
11-25 19:21:18.971 D/DnsUpstreamClient(21060):  Happy Eyeballs Wave 1: Querying top 3 fastest servers for www.amazon.com
11-25 19:21:18.972 D/DnsSocketPool(21060):  DNS socket created with default binding
11-25 19:21:18.972 D/DnsSocketPool(21060):  DNS socket created with default binding
11-25 19:21:18.973 D/DnsUpstreamClient(21060):  Happy Eyeballs Wave 1: Querying top 3 fastest servers for www.apple.com
11-25 19:21:18.973 D/SystemDnsCacheServer(21060):  DNS RESOLVE START: Resolving domain: icloud.com
11-25 19:21:18.973 D/DnsCacheManager(21060):  Checking DNS cache for: icloud.com
11-25 19:21:18.973 I/DnsCacheManager(21060):  DNS cache HIT: icloud.com -> [17.253.144.10] (age: 445s, latency: 0.161979ms)
11-25 19:21:18.973 D/DnsSocketPool(21060):  DNS socket created with default binding
11-25 19:21:18.973 D/SystemDnsCacheServer(21060):  DNS RESOLVE CACHE HIT: icloud.com -> [17.253.144.10] (cache check: 0ms, total: 25ms)
11-25 19:21:18.973 D/DnsUpstreamClient(21060):  Happy Eyeballs Wave 1: Querying top 3 fastest servers for x.com
11-25 19:21:18.974 D/DnsSocketPool(21060):  DNS socket created with default binding
11-25 19:21:18.974 D/DnsSocketPool(21060):  DNS socket created with default binding
11-25 19:21:18.974 D/DnsSocketPool(21060):  DNS socket created with default binding
11-25 19:21:18.975 D/DnsUpstreamClient(21060):  Happy Eyeballs Wave 1: Querying top 3 fastest servers for www.instagram.com
11-25 19:21:18.976 D/DnsUpstreamClient(21060):  Happy Eyeballs Wave 1: Querying top 3 fastest servers for apple.com
11-25 19:21:18.977 D/DnsSocketPool(21060):  DNS socket created with default binding
11-25 19:21:18.977 D/DnsSocketPool(21060):  DNS socket created with default binding
11-25 19:21:18.977 D/DnsSocketPool(21060):  DNS socket created with default binding
11-25 19:21:18.978 D/DnsSocketPool(21060):  DNS socket created with default binding
11-25 19:21:18.978 D/DnsSocketPool(21060):  DNS socket created with default binding
11-25 19:21:18.979 D/DnsSocketPool(21060):  DNS socket created with default binding
11-25 19:21:18.980 D/DnsSocketPool(21060):  DNS socket created with default binding
11-25 19:21:18.980 D/DnsSocketPool(21060):  DNS socket created with default binding
11-25 19:21:18.981 D/DnsSocketPool(21060):  DNS socket created with default binding
11-25 19:21:18.981 D/DnsSocketPool(21060):  DNS socket created with default binding
11-25 19:21:18.982 D/DnsUpstreamClient(21060):  Happy Eyeballs Wave 1: Querying top 3 fastest servers for github.com
11-25 19:21:18.982 D/DnsSocketPool(21060):  DNS socket created with default binding
11-25 19:21:18.983 D/DnsSocketPool(21060):  DNS socket created with default binding
11-25 19:21:18.983 D/DnsSocketPool(21060):  DNS socket created with default binding
11-25 19:21:18.984 D/DnsSocketPool(21060):  DNS socket created with default binding
11-25 19:21:18.984 D/DnsUpstreamClient(21060):  Happy Eyeballs Wave 1: Querying top 3 fastest servers for google.com
11-25 19:21:18.984 D/DnsUpstreamClient(21060):  Happy Eyeballs Wave 1: Querying top 3 fastest servers for cloudflare.com
11-25 19:21:18.985 D/DnsUpstreamClient(21060):  Happy Eyeballs Wave 1: Querying top 3 fastest servers for facebook.com
11-25 19:21:18.985 D/DnsUpstreamClient(21060):  Happy Eyeballs Wave 1: Querying top 3 fastest servers for www.microsoft.com
11-25 19:21:18.985 D/SystemDnsCacheServer(21060):  DNS RESOLVE START: Resolving domain: githubusercontent.com
11-25 19:21:18.985 D/DnsCacheManager(21060):  Checking DNS cache for: githubusercontent.com
11-25 19:21:18.985 D/SystemDnsCacheServer(21060):  DNS RESOLVE CACHE MISS: githubusercontent.com (cache check: 0ms), resolving from upstream...
11-25 19:21:18.985 D/SystemDnsCacheServer(21060):  DNS RESOLVE: Query packet built (size: 39 bytes, duration: 0ms)
11-25 19:21:18.985 D/DnsSocketPool(21060):  DNS socket created with default binding
11-25 19:21:18.985 D/DnsUpstreamClient(21060):  DNS UPSTREAM QUERY START: githubusercontent.com (query size: 39 bytes, timeout: 1000ms)
11-25 19:21:18.986 D/RenderEngine( 2005): makePassBlurBetterDownShader layername:com.hyperxray.an/com.hyperxray.an.activity.MainActivity#23218
11-25 19:21:18.986 D/DnsUpstreamClient(21060):  Happy Eyeballs Wave 1: Querying top 3 fastest servers for gstatic.com
11-25 19:21:18.986 D/SystemDnsCacheServer(21060):  DNS RESOLVE START: Resolving domain: stackoverflow.com
11-25 19:21:18.986 D/DnsCacheManager(21060):  Checking DNS cache for: stackoverflow.com
11-25 19:21:18.986 D/SystemDnsCacheServer(21060):  DNS RESOLVE CACHE MISS: stackoverflow.com (cache check: 0ms), resolving from upstream...
11-25 19:21:18.986 D/SystemDnsCacheServer(21060):  DNS RESOLVE: Query packet built (size: 35 bytes, duration: 0ms)
11-25 19:21:18.986 D/DnsUpstreamClient(21060):  DNS UPSTREAM QUERY START: stackoverflow.com (query size: 35 bytes, timeout: 1000ms)
11-25 19:21:18.986 D/DnsSocketPool(21060):  DNS socket created with default binding
11-25 19:21:18.987 D/DnsSocketPool(21060):  DNS socket created with default binding
11-25 19:21:18.987 D/DnsSocketPool(21060):  DNS socket created with default binding
11-25 19:21:18.987 D/DnsUpstreamClient(21060):  Happy Eyeballs Wave 1: Querying top 3 fastest servers for youtu.be
11-25 19:21:18.987 D/DnsSocketPool(21060):  DNS socket created with default binding
11-25 19:21:18.988 D/DnsSocketPool(21060):  DNS socket created with default binding
11-25 19:21:18.989 D/DnsUpstreamClient(21060):  Happy Eyeballs Wave 1: Querying top 3 fastest servers for stackoverflow.com
11-25 19:21:18.990 D/DnsSocketPool(21060):  DNS socket created with default binding
11-25 19:21:18.990 D/DnsSocketPool(21060):  DNS socket created with default binding
11-25 19:21:18.994 I/vendor.qti.hardware.servicetrackeraidl-service( 1798): bindService is called for service : com.hyperxray.an/.service.TProxyService and for client system
11-25 19:21:18.994 I/vendor.qti.hardware.servicetrackeraidl-service( 1798): total connections for service : com.hyperxray.an/.service.TProxyServiceare :1
11-25 19:21:18.995 D/ActivityManager( 3443): Logging bindService for com.hyperxray.an, stopped=false, firstLaunch=false
11-25 19:21:18.995 D/DnsSocketPool(21060):  DNS socket created with default binding
11-25 19:21:18.996 D/DnsSocketPool(21060):  DNS socket created with default binding
11-25 19:21:18.996 D/ConnectivityService( 3443): registerNetworkAgent NetworkAgentInfo{network{218}  handle{939708567565}  ni{VPN CONNECTING extra: VPN:com.hyperxray.an} created=2025-11-25T16:21:18.996Z Score(Policies : IS_VPN ; KeepConnected : 0)   lp{{InterfaceName: tun0 LinkAddresses: [ 198.18.0.1/32 ] DnsAddresses: [ /8.8.8.8 ] Domains:  MTU: 1500 Routes: [ 10.0.0.0/8 -> 0.0.0.0 tun0 mtu 0,172.16.0.0/12 -> 0.0.0.0 tun0 mtu 0,192.168.0.0/16 -> 0.0.0.0 tun0 mtu 0,0.0.0.0/0 -> 0.0.0.0 tun0 mtu 0,::/0 unreachable mtu 0 ] HttpProxy: [127.0.0.1] 10808}}  nc{[ Transports: VPN Capabilities: INTERNET&NOT_RESTRICTED&TRUSTED&NOT_VCN_MANAGED&NOT_BANDWIDTH_CONSTRAINED TransportInfo: <VpnTransportInfo{type=1, sessionId=null, bypassable=false longLivedTcpConnectionsExpensive=false}> Uids: <{99900000-99999999, 0-10567, 10569-20567, 20569-99999}> OwnerUid: 10568 AdminUids: [10568] UnderlyingNetworks: Null]}  factorySerialNumber=5}
11-25 19:21:18.996 D/DnsSocketPool(21060):  DNS socket created with default binding
11-25 19:21:18.997 D/DnsSocketPool(21060):  DNS socket created with default binding
11-25 19:21:18.997 I/Vpn     ( 3443): Established by com.hyperxray.an on tun0
11-25 19:21:18.997 D/DnsSocketPool(21060):  DNS socket created with default binding
11-25 19:21:18.997 D/PowerKeeper.Vpn(16435): add vpn: user = com.hyperxray.an, uid = 10568, userId = 0
11-25 19:21:18.997 D/DnsSocketPool(21060):  DNS socket created with default binding
11-25 19:21:18.998 D/DnsUpstreamClient(21060):  Happy Eyeballs Wave 1: Querying top 3 fastest servers for githubusercontent.com
11-25 19:21:18.998 D/DnsSocketPool(21060):  DNS socket created with default binding
11-25 19:21:18.998 D/DnsSocketPool(21060):  DNS socket created with default binding
11-25 19:21:18.999 D/DnsSocketPool(21060):  DNS socket created with default binding
11-25 19:21:18.999 D/DnsSocketPool(21060):  DNS socket created with default binding
11-25 19:21:18.999 D/DnsSocketPool(21060):  DNS socket created with default binding
11-25 19:21:18.999 D/DnsSocketPool(21060):  DNS socket created with default binding
11-25 19:21:18.999 D/DnsSocketPool(21060):  DNS socket created with default binding
11-25 19:21:18.999 D/DnsSocketPool(21060):  DNS socket created with default binding
11-25 19:21:19.000 D/DnsUpstreamClient(21060):  Happy Eyeballs Wave 1: Querying top 3 fastest servers for amazon.com
11-25 19:21:19.000 D/DnsSocketPool(21060):  DNS socket created with default binding
11-25 19:21:19.000 D/DnsSocketPool(21060):  DNS socket created with default binding
11-25 19:21:19.000 D/DnsSocketPool(21060):  DNS socket created with default binding
11-25 19:21:19.000 D/DnsSocketPool(21060):  DNS socket created with default binding
11-25 19:21:19.000 D/DnsCacheManager(21060):  Active entries: 100 (total cache: 303, showing top 100)
11-25 19:21:19.000 D/DnsSocketPool(21060):  DNS socket created with default binding
11-25 19:21:19.001 I/DnsSocketPool(21060): VPN interface IP updated: null  198.18.0.1 (socket pool cleared, 0 sockets closed)
11-25 19:21:19.001 D/DnsSocketPool(21060):  DNS socket created with default binding
11-25 19:21:19.001 D/DnsSocketPool(21060):  DNS socket created with default binding
11-25 19:21:19.001 D/DnsSocketPool(21060):  DNS socket bound to VPN interface: 198.18.0.1
11-25 19:21:19.001 D/DnsCacheManager(21060):  Metrics updated: entries=303, activeEntries=100, hits=8863, misses=5744, hitRate=60%
11-25 19:21:19.001 I/SystemDnsCacheServer(21060):  VPN interface IP set: 198.18.0.1 (DNS queries will be routed through VPN)
11-25 19:21:19.001 I/TunInterfaceManager(21060):  VPN interface IP set for DNS: 198.18.0.1 (direct UDP DNS queries will be routed through VPN)
11-25 19:21:19.001 D/DnsSocketPool(21060):  DNS socket created with default binding
11-25 19:21:19.001 I/TunInterfaceManager(21060):  TUN ESTABLISH: VPN interface IP set for DNS: 198.18.0.1
11-25 19:21:19.002 D/DnsSocketPool(21060):  DNS socket created with default binding
11-25 19:21:19.003 D/DnsUpstreamClient(21060):  [DIRECT] DNS response received via direct UDP from 1.0.0.1: 45 bytes (59ms)
11-25 19:21:19.004 D/DnsSocketPool(21060):  DNS socket bound to VPN interface: 198.18.0.1
11-25 19:21:19.005 D/TunInterfaceManager(21060):  TUN ESTABLISH: Creating TProxy config file...
11-25 19:21:19.011 D/TunInterfaceManager(21060): TProxy config file created successfully
11-25 19:21:19.011 I/TunInterfaceManager(21060):  TUN ESTABLISH: TProxy config file created successfully (342 bytes, duration: 7ms)
11-25 19:21:19.011 D/TunInterfaceManager(21060): VPN interface established successfully. Waiting for Xray to start and SOCKS5 to become ready...
11-25 19:21:19.012 I/VpnService(21060):  VPN SESSION STEP 2: Starting Xray-core process...
11-25 19:21:19.012 I/VpnService(21060):  XRAY PROCESS START: Starting Xray process
11-25 19:21:19.013 D/VpnService(21060):  XRAY PROCESS START: Config path found: /data/user/0/com.hyperxray.an/files/yetergari-absolute-max-simple.json
11-25 19:21:19.013 D/DnsUpstreamClient(21060):  [DIRECT] DNS response received via direct UDP from 8.8.4.4: 45 bytes (74ms)
11-25 19:21:19.013 D/DnsUpstreamClient(21060):  [DIRECT] DNS response received via direct UDP from 1.1.1.1: 47 bytes (52ms)
11-25 19:21:19.014 D/DnsSocketPool(21060):  DNS socket bound to VPN interface: 198.18.0.1
11-25 19:21:19.014 D/DnsSocketPool(21060):  DNS socket bound to VPN interface: 198.18.0.1
11-25 19:21:19.015 D/DnsUpstreamClient(21060):  [DIRECT] DNS response received via direct UDP from 1.1.1.1: 45 bytes (72ms)
11-25 19:21:19.015 D/VpnService(21060):  XRAY PROCESS START: Starting XrayRunner with config...
11-25 19:21:19.015 I/MultiInstanceXrayRunner(21060):  XRAY START: Beginning Xray process start
11-25 19:21:19.015 D/MultiInstanceXrayRunner(21060): Attempting to start xray process(es).
11-25 19:21:19.015 D/MultiInstanceXrayRunner(21060):  XRAY START: Attempting to start xray process(es)
11-25 19:21:19.015 D/DnsSocketPool(21060):  DNS socket bound to VPN interface: 198.18.0.1
11-25 19:21:19.016 I/MultiInstanceXrayRunner(21060):  Xray Core Instance Count: 4 (from Preferences, will start 4 instances)
11-25 19:21:19.016 I/MultiInstanceXrayRunner(21060):  XRAY START: Instance count: 4 (from Preferences, will start 4 instances)
11-25 19:21:19.016 D/MultiInstanceXrayRunner(21060):  XRAY START: Config path found: /data/user/0/com.hyperxray.an/files/yetergari-absolute-max-simple.json
11-25 19:21:19.016 D/MultiInstanceXrayRunner(21060):  XRAY START: Config file validated: yetergari-absolute-max-simple.json (982 bytes)
11-25 19:21:19.017 D/MultiInstanceXrayRunner(21060):  XRAY START: Reading config content...
11-25 19:21:19.017 I/MultiInstanceXrayRunner(21060):  XRAY START: Config content read successfully (982 bytes, duration: 1ms)
11-25 19:21:19.018 D/MultiInstanceXrayRunner(21060): Pre-resolving server address: sus.halibiram.online (using system DNS before VPN start)
11-25 19:21:19.018 I/MultiInstanceXrayRunner(21060):  Server address resolved: sus.halibiram.online -> [34.48.44.81]
11-25 19:21:19.018 I/DnsCacheManager(21060):  DNS cache SAVED: sus.halibiram.online -> [34.48.44.81] (TTL: 86400s, total entries: 303)
11-25 19:21:19.018 D/MultiInstanceXrayRunner(21060):  Cached server address resolution in DNS cache
11-25 19:21:19.018 I/MultiInstanceXrayRunner(21060):  Starting 4 xray-core instance(s) using MultiXrayCoreManager
11-25 19:21:19.019 D/DnsUpstreamClient(21060):  [DIRECT] DNS response received via direct UDP from 8.8.4.4: 63 bytes (63ms)
11-25 19:21:19.019 D/RenderEngine( 2005): makePassBlurBetterDownShader layername:com.hyperxray.an/com.hyperxray.an.activity.MainActivity#23218
11-25 19:21:19.019 I/MultiInstanceXrayRunner(21060):  XRAY START: Starting 4 xray-core instance(s) using MultiXrayCoreManager
11-25 19:21:19.019 D/MultiInstanceXrayRunner(21060): Instance count details: requested=4, will start 4 instances for load balancing
11-25 19:21:19.020 D/MultiInstanceXrayRunner(21060):  XRAY START: Instance details - requested=4, mode=load balancing
11-25 19:21:19.020 D/DnsUpstreamClient(21060):  DNS response from 1.0.0.1 for twitter.com (Wave 1, total: 107ms)
11-25 19:21:19.020 D/DnsUpstreamClient(21060):  DNS UPSTREAM QUERY SUCCESS (UDP): twitter.com -> 45 bytes (UDP: 108ms, total: 108ms)
11-25 19:21:19.020 D/SystemDnsCacheServer(21060):  DNS RESOLVE: Upstream query completed (response size: 45 bytes, duration: 108ms)
11-25 19:21:19.020 D/MultiInstanceXrayRunner(21060):  XRAY START: Initializing MultiXrayCoreManager...
11-25 19:21:19.020 D/DnsPacketUtils(21060):  [PARSER] Starting DNS response parse for twitter.com (45 bytes)
11-25 19:21:19.021 D/DnsPacketUtils(21060):  [PARSER] DNS header: TXID=0xc7c0, flags=0x8180, Q=1, A=1, NS=0, AR=0
11-25 19:21:19.021 I/DnsCacheManager(21060):  DNS cache SAVED: twitter.com -> [162.159.140.229] (TTL: 159s, total entries: 304)
11-25 19:21:19.021 I/SystemDnsCacheServer(21060):  DNS RESOLVE SUCCESS: twitter.com -> [162.159.140.229] (TTL: 159s, parse: 1ms, cache save: 0ms, total: 109ms)
11-25 19:21:19.022 D/ConnectivityService( 3443): Setting DNS servers for network 218 to [/8.8.8.8]
11-25 19:21:19.025 D/DnsUpstreamClient(21060):  [DIRECT] DNS response received via direct UDP from 1.0.0.1: 161 bytes (38ms)
11-25 19:21:19.026 D/DnsUpstreamClient(21060):  [DIRECT] DNS response received via direct UDP from 1.0.0.1: 86 bytes (43ms)
11-25 19:21:19.027 D/DnsUpstreamClient(21060):  DNS response from 8.8.4.4 for www.twitter.com (Wave 1, total: 106ms)
11-25 19:21:19.027 D/DnsUpstreamClient(21060):  [DIRECT] DNS response received via direct UDP from 1.0.0.1: 43 bytes (49ms)
11-25 19:21:19.027 D/DnsUpstreamClient(21060):  [DIRECT] DNS response received via direct UDP from 1.1.1.1: 45 bytes (65ms)
11-25 19:21:19.027 D/DnsUpstreamClient(21060):  DNS response from 1.0.0.1 for www.apple.com (Wave 1, total: 88ms)
11-25 19:21:19.028 D/DnsUpstreamClient(21060):  [DIRECT] DNS response received via direct UDP from 1.0.0.1: 323 bytes (54ms)
11-25 19:21:19.028 D/DnsUpstreamClient(21060):  DNS response from 1.1.1.1 for youtube.com (Wave 1, total: 110ms)
11-25 19:21:19.028 D/DnsUpstreamClient(21060):  [DIRECT] DNS response received via direct UDP from 1.0.0.1: 48 bytes (60ms)
11-25 19:21:19.028 D/DnsUpstreamClient(21060):  DNS response from 1.0.0.1 for www.instagram.com (Wave 1, total: 99ms)
11-25 19:21:19.028 D/DnsUpstreamClient(21060):  [DIRECT] DNS response received via direct UDP from 1.0.0.1: 127 bytes (45ms)
11-25 19:21:19.029 D/DnsUpstreamClient(21060):  [DIRECT] DNS response received via direct UDP from 1.1.1.1: 48 bytes (58ms)
11-25 19:21:19.029 D/DnsUpstreamClient(21060):  [DIRECT] DNS response received via direct UDP from 1.0.0.1: 107 bytes (47ms)
11-25 19:21:19.029 D/DnsUpstreamClient(21060):  [DIRECT] DNS response received via direct UDP from 1.1.1.1: 107 bytes (39ms)
11-25 19:21:19.029 D/DnsUpstreamClient(21060):  DNS response from 1.1.1.1 for instagram.com (Wave 1, total: 100ms)
11-25 19:21:19.031 D/DnsUpstreamClient(21060):  DNS response from 1.0.0.1 for www.amazon.com (Wave 1, total: 91ms)
11-25 19:21:19.032 D/DnsUpstreamClient(21060):  [DIRECT] DNS response received via direct UDP from 1.1.1.1: 39 bytes (54ms)
11-25 19:21:19.032 D/DnsUpstreamClient(21060):  [DIRECT] DNS response received via direct UDP from 1.1.1.1: 44 bytes (47ms)
11-25 19:21:19.034 D/DnsUpstreamClient(21060):  DNS response from 1.1.1.1 for google.com (Wave 1, total: 118ms)
11-25 19:21:19.034 D/DnsUpstreamClient(21060):  DNS response from 1.1.1.1 for x.com (Wave 1, total: 119ms)
11-25 19:21:19.035 D/DnsUpstreamClient(21060):  [DIRECT] DNS response received via direct UDP from 1.1.1.1: 323 bytes (39ms)
11-25 19:21:19.035 D/DnsUpstreamClient(21060):  DNS response from 1.1.1.1 for www.youtube.com (Wave 1, total: 88ms)
11-25 19:21:19.036 D/DnsUpstreamClient(21060):  [DIRECT] DNS response received via direct UDP from 1.0.0.1: 39 bytes (50ms)
11-25 19:21:19.036 D/DnsUpstreamClient(21060):  [DIRECT] DNS response received via direct UDP from 1.0.0.1: 46 bytes (41ms)
11-25 19:21:19.038 D/DnsUpstreamClient(21060):  [DIRECT] DNS response received via direct UDP from 1.0.0.1: 44 bytes (40ms)
11-25 19:21:19.039 D/DnsUpstreamClient(21060):  [DIRECT] DNS response received via direct UDP from 1.0.0.1: 202 bytes (38ms)
11-25 19:21:19.039 D/DnsUpstreamClient(21060):  DNS UPSTREAM QUERY SUCCESS (UDP): x.com -> 39 bytes (UDP: 124ms, total: 125ms)
11-25 19:21:19.039 D/DnsUpstreamClient(21060):  [DIRECT] DNS response received via direct UDP from 1.0.0.1: 64 bytes (37ms)
11-25 19:21:19.040 D/SystemDnsCacheServer(21060):  DNS RESOLVE: Upstream query completed (response size: 39 bytes, duration: 126ms)
11-25 19:21:19.040 D/DnsPacketUtils(21060):  [PARSER] Starting DNS response parse for x.com (39 bytes)
11-25 19:21:19.040 D/DnsPacketUtils(21060):  [PARSER] DNS header: TXID=0xc7c2, flags=0x8180, Q=1, A=1, NS=0, AR=0
11-25 19:21:19.040 D/DnsUpstreamClient(21060):  [DIRECT] DNS response received via direct UDP from 8.8.4.4: 107 bytes (56ms)
11-25 19:21:19.041 D/DnsUpstreamClient(21060):  [DIRECT] DNS response received via direct UDP from 1.0.0.1: 42 bytes (42ms)
11-25 19:21:19.041 I/DnsCacheManager(21060):  DNS cache SAVED: x.com -> [172.66.0.227] (TTL: 173s, total entries: 305)
11-25 19:21:19.041 D/DnsUpstreamClient(21060):  [DIRECT] DNS response received via direct UDP from 1.1.1.1: 64 bytes (54ms)
11-25 19:21:19.042 D/DnsUpstreamClient(21060):  DNS response from 1.1.1.1 for microsoftonline.com (Wave 1, total: 119ms)
11-25 19:21:19.042 D/DnsUpstreamClient(21060):  [DIRECT] DNS response received via direct UDP from 1.1.1.1: 121 bytes (40ms)
11-25 19:21:19.044 D/DnsUpstreamClient(21060):  [DIRECT] DNS response received via direct UDP from 1.1.1.1: 46 bytes (46ms)
11-25 19:21:19.045 D/DnsUpstreamClient(21060):  [DIRECT] DNS response received via direct UDP from 1.1.1.1: 42 bytes (57ms)
11-25 19:21:19.045 D/DnsUpstreamClient(21060):  [DIRECT] DNS response received via direct UDP from 1.1.1.1: 44 bytes (46ms)
11-25 19:21:19.046 D/DnsUpstreamClient(21060):  DNS UPSTREAM QUERY SUCCESS (UDP): www.apple.com -> 161 bytes (UDP: 107ms, total: 107ms)
11-25 19:21:19.046 D/DnsUpstreamClient(21060):  DNS UPSTREAM QUERY SUCCESS (UDP): microsoftonline.com -> 107 bytes (UDP: 123ms, total: 124ms)
11-25 19:21:19.046 D/DnsUpstreamClient(21060):  [DIRECT] DNS response received via direct UDP from 1.1.1.1: 51 bytes (46ms)
11-25 19:21:19.046 D/SystemDnsCacheServer(21060):  DNS RESOLVE: Upstream query completed (response size: 107 bytes, duration: 124ms)
11-25 19:21:19.046 D/SystemDnsCacheServer(21060):  DNS RESOLVE: Upstream query completed (response size: 161 bytes, duration: 107ms)
11-25 19:21:19.046 D/DnsPacketUtils(21060):  [PARSER] Starting DNS response parse for www.apple.com (161 bytes)
11-25 19:21:19.046 D/DnsPacketUtils(21060):  [PARSER] Starting DNS response parse for microsoftonline.com (107 bytes)
11-25 19:21:19.047 D/DnsPacketUtils(21060):  [PARSER] DNS header: TXID=0xc7ca, flags=0x8180, Q=1, A=0, NS=1, AR=0
11-25 19:21:19.047 W/SystemDnsCacheServer(21060):  DNS RESOLVE: Empty addresses in response for microsoftonline.com (parse: 1ms, total: 125ms)
11-25 19:21:19.047 D/SystemDnsCacheServer(21060):  DNS RESOLVE START: Resolving domain: microsoftonline.com
11-25 19:21:19.047 D/DnsCacheManager(21060):  Checking DNS cache for: microsoftonline.com
11-25 19:21:19.047 D/SystemDnsCacheServer(21060):  DNS RESOLVE CACHE MISS: microsoftonline.com (cache check: 0ms), resolving from upstream...
